measurecsv delta=8: 27 cells with 0<N_S<=5000 (seed=11)
  (24, 2, 2, 2, 2)         a=1  m_det=8    N_S=619   mult_det=1  det_units=0 [2s]
  (23, 4, 2, 2, 1)         a=1  m_det=28   N_S=900   mult_det=1  det_units=0 [4s]
  (22, 5, 3, 1, 1)         a=1  m_det=45   N_S=1179  mult_det=1  det_units=0 [8s]
  (21, 7, 2, 1, 1)         a=1  m_det=38   N_S=1192  mult_det=1  det_units=0 [8s]
  (23, 3, 2, 2, 2)         a=1  m_det=15   N_S=1349  mult_det=1  det_units=0 [13s]
  (22, 5, 2, 2, 1)         a=2  m_det=53   N_S=1527  mult_det=2  det_units=0 [15s]
  (20, 8, 2, 1, 1)         a=1  m_det=45   N_S=1623  mult_det=1  det_units=0 [17s]
  (21, 6, 3, 1, 1)         a=1  m_det=75   N_S=1849  mult_det=1  det_units=0 [25s]
  (22, 4, 3, 2, 1)         a=1  m_det=66   N_S=2014  mult_det=1  det_units=0 [32s]
  (19, 9, 2, 1, 1)         a=2  m_det=59   N_S=2087  mult_det=2  det_units=0 [34s]
  (21, 5, 4, 1, 1)         a=2  m_det=69   N_S=2285  mult_det=2  det_units=0 [45s]
  (21, 6, 2, 2, 1)         a=4  m_det=91   N_S=2403  mult_det=4  det_units=0 [49s]
  (18, 10, 2, 1, 1)        a=2  m_det=57   N_S=2558  mult_det=2  det_units=0 [57s]
  (22, 4, 2, 2, 2)         a=3  m_det=47   N_S=2625  mult_det=3  det_units=0 [68s]
  (20, 7, 3, 1, 1)         a=4  m_det=121  N_S=2688  mult_det=4  det_units=0 [64s]
  (17, 11, 2, 1, 1)        a=3  m_det=62   N_S=2980  mult_det=3  det_units=0 [86s]
  (16, 12, 2, 1, 1)        a=2  m_det=45   N_S=3331  mult_det=2  det_units=0 [114s]
  (21, 5, 3, 2, 1)         a=4  m_det=155  N_S=3475  mult_det=4  det_units=0 [137s]
  (20, 7, 2, 2, 1)         a=6  m_det=134  N_S=3505  mult_det=6  det_units=0 [138s]
  (15, 13, 2, 1, 1)        a=2  m_det=37   N_S=3553  mult_det=2  det_units=0 [139s]
  (20, 6, 4, 1, 1)         a=3  m_det=137  N_S=3611  mult_det=3  det_units=0 [151s]
  (19, 8, 3, 1, 1)         a=5  m_det=162  N_S=3673  mult_det=5  det_units=0 [150s]
  (20, 5, 5, 1, 1)         a=3  m_det=79   N_S=3946  mult_det=3  det_units=0 [187s]
  (21, 4, 4, 2, 1)         a=3  m_det=95   N_S=3950  mult_det=3  det_units=0 [187s]
  (21, 5, 2, 2, 2)         a=4  m_det=77   N_S=4538  mult_det=4  det_units=0 [296s]
  (18, 9, 3, 1, 1)         a=7  m_det=200  N_S=4730  mult_det=7  det_units=0 [297s]
  (19, 8, 2, 2, 1)         a=9  m_det=181  N_S=4803  mult_det=9  det_units=0 [311s]
measurecsv done: no bite up to N_S<=5000 at delta=8
