      level 1: 60 prefixes
      level 2: 1270 prefixes
      level 3: 13044 prefixes
      level 4: 106926 prefixes
      level 5: 552574 prefixes
      level 6: 1680073 prefixes
      level 7: 3016741 prefixes
      level 8: 3503556 prefixes
      level 9: 3503556 prefixes
  lam=(13, 9, 9, 3, 1, 1): N_S=3503556 |Stab|=4 n_chi=732815 (orbits dropped: 288595) [lean, 4s, HWM 0.56 GB]
    E_01: |H|=2 targets 2848387 canonical rows 1188238 nnz 6759635 (obstructed fixed targets cancelled: 109145) [6s, HWM 0.73 GB]
    E_12: |H|=2 targets 3321172 canonical rows 1388602 nnz 6760082 (obstructed fixed targets cancelled: 93050) [13s, HWM 0.89 GB]
    E_23: |H|=2 targets 1692178 canonical rows 701015 nnz 3392264 (obstructed fixed targets cancelled: 51600) [16s, HWM 0.89 GB]
    E_34: |H|=2 targets 1247082 canonical rows 621633 nnz 1462654 (obstructed fixed targets cancelled: 1585) [18s, HWM 0.89 GB]
    E_45: |H|=2 targets 2037297 canonical rows 0 nnz 0 (obstructed fixed targets cancelled: 1254) [22s, HWM 0.89 GB]
  built (13, 9, 9, 3, 1, 1) d9: N_S=3503556 |Stab|=4 n_chi=732815 rows=3899488 nnz=18374635 (29s: mono 3s orbits 4s rows 22s; HWM 0.90 GB)
  [phase] {'phase': 'build', 'secs': 28.808, 'peak_rss_bytes': 961359872}
  [phase] {'phase': 'cover', 'secs': 2.003, 'peak_rss_bytes': 924729344, 'cover_size': 731538, 'nU': 1277}
  [phase] {'phase': 'schur', 'secs': 69.388, 'peak_rss_bytes': 2031857664, 'trisolve_secs': 12.922, 'schur_project_secs': 55.595, 'nullspace_secs': 0.497, 'nS': 731538, 'nU': 1277, 'ublock': 85, 'nblocks': 16}
  [phase] {'phase': 'lift_check', 'secs': 7.394, 'peak_rss_bytes': 4026748928, 'nullity': 70}
  [phase] {'phase': 'evaluation', 'secs': 29.906, 'peak_rss_bytes': 3075833856, 'npts': 78}
  RESULT 13_9_9_3_1_1_d9 p=2147483647: FULL RANK mod p: rank E = n_chi - a (cover + projected residual), a verified kernel vectors, nonzero a-minor of VK
