15:27:33 delta=1: 1 strict partitions = 1 census top cells, all a = 1
15:27:33   nu=(1,) mu=(3,): random-cubic nonzero=True HWV-check N_S=1 rows_violated=0 nonzero_coeffs=1 | per3 pencils nonzero 9/9 -> CERTIFIED i = 0: [0.0s]
15:27:33 delta=2: 1 strict partitions = 1 census top cells, all a = 1
15:27:33   nu=(2,) mu=(4, 2): random-cubic nonzero=True HWV-check N_S=2 rows_violated=0 nonzero_coeffs=2 | per3 pencils nonzero 9/9 -> CERTIFIED i = 0: [0.0s]
15:27:33 delta=3: 2 strict partitions = 2 census top cells, all a = 1
15:27:33   nu=(3,) mu=(5, 2, 2): random-cubic nonzero=True HWV-check N_S=7 rows_violated=0 nonzero_coeffs=5 | per3 pencils nonzero 9/9 -> CERTIFIED i = 0: [0.0s]
15:27:33   nu=(2, 1) mu=(4, 4, 1): random-cubic nonzero=True HWV-check N_S=6 rows_violated=0 nonzero_coeffs=6 | per3 pencils nonzero 9/9 -> CERTIFIED i = 0: [0.0s]
15:27:33 delta=4: 2 strict partitions = 2 census top cells, all a = 1
15:27:33   nu=(4,) mu=(6, 2, 2, 2): random-cubic nonzero=True HWV-check N_S=43 rows_violated=0 nonzero_coeffs=17 | per3 pencils nonzero 9/9 -> CERTIFIED i = 0: [0.0s]
15:27:33   nu=(3, 1) mu=(5, 4, 2, 1): random-cubic nonzero=True HWV-check N_S=39 rows_violated=0 nonzero_coeffs=23 | per3 pencils nonzero 9/9 -> CERTIFIED i = 0: [0.0s]
15:27:33 delta=5: 3 strict partitions = 3 census top cells, all a = 1
15:27:33   nu=(5,) mu=(7, 2, 2, 2, 2): random-cubic nonzero=True HWV-check N_S=361 rows_violated=0 nonzero_coeffs=73 | per3 pencils nonzero 9/9 -> CERTIFIED i = 0: [0.04s]
15:27:33   nu=(4, 1) mu=(6, 4, 2, 2, 1): random-cubic nonzero=True HWV-check N_S=368 rows_violated=0 nonzero_coeffs=109 | per3 pencils nonzero 9/9 -> CERTIFIED i = 0: [0.03s]
15:27:34   nu=(3, 2) mu=(5, 5, 3, 1, 1): random-cubic nonzero=True HWV-check N_S=300 rows_violated=0 nonzero_coeffs=116 | per3 pencils nonzero 9/9 -> CERTIFIED i = 0: [0.03s]
15:27:34 delta=6: 4 strict partitions = 4 census top cells, all a = 1
15:27:34   nu=(6,) mu=(8, 2, 2, 2, 2, 2): random-cubic nonzero=True | per3 pencils nonzero 9/9 -> CERTIFIED i = 0: [0.0s]
15:27:34   nu=(5, 1) mu=(7, 4, 2, 2, 2, 1): random-cubic nonzero=True | per3 pencils nonzero 9/9 -> CERTIFIED i = 0: [0.0s]
15:27:34   nu=(4, 2) mu=(6, 5, 3, 2, 1, 1): random-cubic nonzero=True | per3 pencils nonzero 9/9 -> CERTIFIED i = 0: [0.0s]
15:27:34   nu=(3, 2, 1) mu=(5, 5, 5, 1, 1, 1): random-cubic nonzero=True | per3 pencils nonzero 9/9 -> CERTIFIED i = 0: [0.0s]
15:27:36 delta=7: 5 strict partitions = 5 census top cells, all a = 1
15:27:36   nu=(7,) mu=(9, 2, 2, 2, 2, 2, 2): random-cubic nonzero=True | per3 pencils nonzero 9/9 -> CERTIFIED i = 0: [0.01s]
15:27:36   nu=(6, 1) mu=(8, 4, 2, 2, 2, 2, 1): random-cubic nonzero=True | per3 pencils nonzero 9/9 -> CERTIFIED i = 0: [0.01s]
15:27:36   nu=(5, 2) mu=(7, 5, 3, 2, 2, 1, 1): random-cubic nonzero=True | per3 pencils nonzero 9/9 -> CERTIFIED i = 0: [0.01s]
15:27:36   nu=(4, 3) mu=(6, 6, 3, 3, 1, 1, 1): random-cubic nonzero=True | per3 pencils nonzero 9/9 -> CERTIFIED i = 0: [0.01s]
15:27:36   nu=(4, 2, 1) mu=(6, 5, 5, 2, 1, 1, 1): random-cubic nonzero=True | per3 pencils nonzero 9/9 -> CERTIFIED i = 0: [0.01s]
15:27:42 delta=8: 6 strict partitions = 6 census top cells, all a = 1
15:27:42   nu=(8,) mu=(10, 2, 2, 2, 2, 2, 2, 2): random-cubic nonzero=True | per3 pencils nonzero 9/9 -> CERTIFIED i = 0: [0.01s]
15:27:42   nu=(7, 1) mu=(9, 4, 2, 2, 2, 2, 2, 1): random-cubic nonzero=True | per3 pencils nonzero 9/9 -> CERTIFIED i = 0: [0.01s]
15:27:42   nu=(6, 2) mu=(8, 5, 3, 2, 2, 2, 1, 1): random-cubic nonzero=True | per3 pencils nonzero 9/9 -> CERTIFIED i = 0: [0.01s]
15:27:42   nu=(5, 3) mu=(7, 6, 3, 3, 2, 1, 1, 1): random-cubic nonzero=True | per3 pencils nonzero 9/9 -> CERTIFIED i = 0: [0.01s]
15:27:42   nu=(5, 2, 1) mu=(7, 5, 5, 2, 2, 1, 1, 1): random-cubic nonzero=True | per3 pencils nonzero 9/9 -> CERTIFIED i = 0: [0.01s]
15:27:43   nu=(4, 3, 1) mu=(6, 6, 5, 3, 1, 1, 1, 1): random-cubic nonzero=True | per3 pencils nonzero 9/9 -> CERTIFIED i = 0: [0.01s]
15:28:05 delta=9: 8 strict partitions = 8 census top cells, all a = 1
15:28:05   nu=(9,) mu=(11, 2, 2, 2, 2, 2, 2, 2, 2): random-cubic nonzero=True | per3 pencils nonzero 9/9 -> CERTIFIED i = 0: [0.02s]
15:28:05   nu=(8, 1) mu=(10, 4, 2, 2, 2, 2, 2, 2, 1): random-cubic nonzero=True | per3 pencils nonzero 9/9 -> CERTIFIED i = 0: [0.02s]
15:28:05   nu=(7, 2) mu=(9, 5, 3, 2, 2, 2, 2, 1, 1): random-cubic nonzero=True | per3 pencils nonzero 9/9 -> CERTIFIED i = 0: [0.01s]
15:28:05   nu=(6, 3) mu=(8, 6, 3, 3, 2, 2, 1, 1, 1): random-cubic nonzero=True | per3 pencils nonzero 9/9 -> CERTIFIED i = 0: [0.01s]
15:28:05   nu=(6, 2, 1) mu=(8, 5, 5, 2, 2, 2, 1, 1, 1): random-cubic nonzero=True | per3 pencils nonzero 9/9 -> CERTIFIED i = 0: [0.01s]
15:28:05   nu=(5, 4) mu=(7, 7, 3, 3, 3, 1, 1, 1, 1): random-cubic nonzero=True | per3 pencils nonzero 9/9 -> CERTIFIED i = 0: [0.01s]
15:28:05   nu=(5, 3, 1) mu=(7, 6, 5, 3, 2, 1, 1, 1, 1): random-cubic nonzero=True | per3 pencils nonzero 9/9 -> CERTIFIED i = 0: [0.01s]
15:28:05   nu=(4, 3, 2) mu=(6, 6, 6, 4, 1, 1, 1, 1, 1): random-cubic nonzero=True | per3 pencils nonzero 9/9 -> CERTIFIED i = 0: [0.01s]
15:28:05 wrote results/b13_05_topcells.json
