{"board_numbering": "batch13", "session_id": "B13-06", "pid": 50120, "start_utc": "2026-09-09T21:14:37.373986+00:00", "wall_limit_seconds": 1200, "memory_limit_bytes": 805306368, "available_physical_bytes": 8422985728, "total_physical_bytes": 33752997888, "worker_count": 1, "blas_threads": 1, "command": ["analysis/b13_06_ambient.py", "--degree", "26", "--weight", "71,19,2,2,2,2,2,2,2"], "status": "running", "wall_seconds": 0.0, "peak_process_memory_bytes": 11444224}
{"board_numbering": "batch13", "session_id": "B13-06", "partition": [71, 19, 2, 2, 2, 2, 2, 2, 2], "degree": 26, "method": "integer Weyl alternation with checked int64 tail DP; Python-int signed sum", "source_convention": "ordinary coefficient c_alpha=[s^alpha]F", "raw_weyl_terms": 4374, "distinct_sorted_weights": 1340, "nonzero_aggregated_weights": 1262, "complete": false}
terms 1 / 1262 seconds 0.02
terms 26 / 1262 seconds 0.12
terms 51 / 1262 seconds 0.33
terms 76 / 1262 seconds 0.45
terms 101 / 1262 seconds 0.72
terms 126 / 1262 seconds 0.92
terms 151 / 1262 seconds 1.2
terms 176 / 1262 seconds 1.61
terms 201 / 1262 seconds 1.83
terms 226 / 1262 seconds 2.2
terms 251 / 1262 seconds 2.89
terms 276 / 1262 seconds 3.05
terms 301 / 1262 seconds 3.36
terms 326 / 1262 seconds 3.92
terms 351 / 1262 seconds 4.61
terms 376 / 1262 seconds 5.28
terms 401 / 1262 seconds 5.52
terms 426 / 1262 seconds 5.94
terms 451 / 1262 seconds 6.64
terms 476 / 1262 seconds 7.28
terms 501 / 1262 seconds 8.86
terms 526 / 1262 seconds 9.3
terms 551 / 1262 seconds 9.58
terms 576 / 1262 seconds 9.94
terms 601 / 1262 seconds 10.52
terms 626 / 1262 seconds 11.91
terms 651 / 1262 seconds 12.66
terms 676 / 1262 seconds 14.36
terms 701 / 1262 seconds 16.75
terms 726 / 1262 seconds 17.0
terms 751 / 1262 seconds 17.48
terms 776 / 1262 seconds 17.97
terms 801 / 1262 seconds 18.58
terms 826 / 1262 seconds 19.41
terms 851 / 1262 seconds 20.44
terms 876 / 1262 seconds 21.39
terms 901 / 1262 seconds 22.84
terms 926 / 1262 seconds 25.58
terms 951 / 1262 seconds 28.83
terms 976 / 1262 seconds 29.2
terms 1001 / 1262 seconds 29.73
terms 1026 / 1262 seconds 30.59
terms 1051 / 1262 seconds 31.19
terms 1076 / 1262 seconds 32.38
terms 1101 / 1262 seconds 33.3
terms 1126 / 1262 seconds 35.12
terms 1151 / 1262 seconds 36.14
terms 1176 / 1262 seconds 38.83
terms 1201 / 1262 seconds 40.2
terms 1226 / 1262 seconds 41.7
terms 1251 / 1262 seconds 44.67
{"partition": [71, 19, 2, 2, 2, 2, 2, 2, 2], "degree": 26, "a": 392, "seconds": 47.73400000017136, "max_dp_entries": 1180980}
{"board_numbering": "batch13", "session_id": "B13-06", "pid": 50120, "start_utc": "2026-09-09T21:14:37.373986+00:00", "wall_limit_seconds": 1200, "memory_limit_bytes": 805306368, "available_physical_bytes": 8422985728, "total_physical_bytes": 33752997888, "worker_count": 1, "blas_threads": 1, "command": ["analysis/b13_06_ambient.py", "--degree", "26", "--weight", "71,19,2,2,2,2,2,2,2"], "status": "completed", "wall_seconds": 47.79700000002049, "peak_process_memory_bytes": 68476928}
