{"process_memory_cap_mib": 768, "pid": 47600, "memory": {"length": 64, "load": 81, "total_phys": 33752997888, "available_phys": 6346723328, "total_page": 44490416128, "available_page": 7440642048, "total_virtual": 140737488224256, "available_virtual": 140733073817600, "extended": 0}}
column 2 row 0 coefficient 0 stats {'reason': 'transport monomial support exclusion', 'complete': True}
column 2 row 1 coefficient 0 stats {'reason': 'transport monomial support exclusion', 'complete': True}
column 2 row 2 coefficient 0 stats {'visited': 24819, 'seconds': 0.055999755859375, 'width': 3, 'types': 11, 'complete': True}
column 2 row 39 coefficient 545694627621824058359808 stats {'visited': 49078, 'seconds': 0.1429133415222168, 'width': 3, 'types': 12, 'complete': True}
column 2 row 273 coefficient 0 stats {'visited': 119, 'seconds': 0.005000114440917969, 'width': 2, 'types': 12, 'complete': True}
column 2 row 3 coefficient 6742200728117010405261312 stats {'visited': 44167, 'seconds': 0.1300370693206787, 'width': 3, 'types': 11, 'complete': True}
column 2 row 4 coefficient 0 stats {'visited': 40217, 'seconds': 0.0595095157623291, 'width': 3, 'types': 11, 'complete': True}
column 2 row 5 coefficient 2541788133922706798149632 stats {'visited': 44644, 'seconds': 0.081512451171875, 'width': 4, 'types': 11, 'complete': True}
column 2 row 6 coefficient -366189815904118776004608 stats {'visited': 15314, 'seconds': 0.04006695747375488, 'width': 3, 'types': 11, 'complete': True}
column 2 row 7 coefficient 3661898159041187760046080 stats {'visited': 40535, 'seconds': 0.10159635543823242, 'width': 4, 'types': 11, 'complete': True}
column 2 row 8 coefficient 0 stats {'visited': 29141, 'seconds': 0.06566810607910156, 'width': 3, 'types': 11, 'complete': True}
column 2 row 9 coefficient 0 stats {'visited': 82517, 'seconds': 0.19565510749816895, 'width': 4, 'types': 11, 'complete': True}
column 2 row 10 coefficient -344649238497994142121984 stats {'visited': 55782, 'seconds': 0.09599995613098145, 'width': 3, 'types': 11, 'complete': True}
column 2 row 11 coefficient -366189815904118776004608 stats {'visited': 75569, 'seconds': 0.14601778984069824, 'width': 4, 'types': 11, 'complete': True}
column 2 row 12 coefficient 0 stats {'visited': 11213, 'seconds': 0.02503204345703125, 'width': 3, 'types': 11, 'complete': True}
column 2 row 13 coefficient 0 stats {'visited': 11880, 'seconds': 0.026927471160888672, 'width': 3, 'types': 11, 'complete': True}
column 2 row 14 coefficient 0 stats {'visited': 22237, 'seconds': 0.06981849670410156, 'width': 3, 'types': 11, 'complete': True}
column 2 row 15 coefficient -163363739048049223365820416 stats {'visited': 61601, 'seconds': 0.12803316116333008, 'width': 4, 'types': 11, 'complete': True}
column 2 row 16 coefficient 0 stats {'visited': 15083, 'seconds': 0.03322291374206543, 'width': 3, 'types': 11, 'complete': True}
column 2 row 17 coefficient 0 stats {'visited': 25655, 'seconds': 0.06566166877746582, 'width': 3, 'types': 11, 'complete': True}
column 2 row 18 coefficient 1507840418428724371783680 stats {'visited': 52610, 'seconds': 0.09456443786621094, 'width': 3, 'types': 11, 'complete': True}
column 2 row 19 coefficient 7022228234396630645735424 stats {'visited': 26183, 'seconds': 0.060675621032714844, 'width': 3, 'types': 11, 'complete': True}
column 2 row 20 coefficient 0 stats {'visited': 47897, 'seconds': 0.10666799545288086, 'width': 3, 'types': 11, 'complete': True}
column 2 row 21 coefficient -1744786769896095344492544 stats {'visited': 28488, 'seconds': 0.06712603569030762, 'width': 3, 'types': 11, 'complete': True}
column 2 row 22 coefficient 3618817004228938492280832 stats {'visited': 32691, 'seconds': 0.06400179862976074, 'width': 3, 'types': 11, 'complete': True}
column 2 row 23 coefficient -9887125029411206952124416 stats {'visited': 18046, 'seconds': 0.04752850532531738, 'width': 3, 'types': 11, 'complete': True}
column 2 row 24 coefficient -61067536946363337057239040 stats {'visited': 26500, 'seconds': 0.06367945671081543, 'width': 3, 'types': 11, 'complete': True}
column 2 row 25 coefficient 153153505357546146905456640 stats {'visited': 24091, 'seconds': 0.06944131851196289, 'width': 4, 'types': 11, 'complete': True}
column 2 row 26 coefficient -3360330075355442885689344 stats {'visited': 45483, 'seconds': 0.0836801528930664, 'width': 3, 'types': 11, 'complete': True}
column 2 row 27 coefficient -646217322183739016478720 stats {'visited': 21102, 'seconds': 0.05221986770629883, 'width': 4, 'types': 11, 'complete': True}
column 2 row 28 coefficient 689298476995988284243968 stats {'visited': 23443, 'seconds': 0.0505983829498291, 'width': 3, 'types': 11, 'complete': True}
column 2 row 29 coefficient None stats {'complete': False, 'reason': 'absolute_wall_deadline'}
{"cpu_seconds": 2.265625, "utc_finished": "2026-09-09T21:09:46.862157+00:00"}
