{"board_numbering": "batch13", "session_id": "B13-06", "pid": 10100, "start_utc": "2026-09-09T21:13:53.567537+00:00", "wall_limit_seconds": 1200, "memory_limit_bytes": 805306368, "available_physical_bytes": 6638538752, "total_physical_bytes": 33752997888, "worker_count": 1, "blas_threads": 1, "command": ["analysis/b13_06_ambient.py", "--degree", "26", "--weight", "73,17,2,2,2,2,2,2,2"], "status": "running", "wall_seconds": 0.0, "peak_process_memory_bytes": 11345920}
{"board_numbering": "batch13", "session_id": "B13-06", "partition": [73, 17, 2, 2, 2, 2, 2, 2, 2], "degree": 26, "method": "integer Weyl alternation with checked int64 tail DP; Python-int signed sum", "source_convention": "ordinary coefficient c_alpha=[s^alpha]F", "raw_weyl_terms": 4374, "distinct_sorted_weights": 1340, "nonzero_aggregated_weights": 1262, "complete": false}
terms 1 / 1262 seconds 0.02
terms 26 / 1262 seconds 0.11
terms 51 / 1262 seconds 0.33
terms 76 / 1262 seconds 0.45
terms 101 / 1262 seconds 0.72
terms 126 / 1262 seconds 0.92
terms 151 / 1262 seconds 1.2
terms 176 / 1262 seconds 1.59
terms 201 / 1262 seconds 1.81
terms 226 / 1262 seconds 2.17
terms 251 / 1262 seconds 2.84
terms 276 / 1262 seconds 3.0
terms 301 / 1262 seconds 3.31
terms 326 / 1262 seconds 3.84
terms 351 / 1262 seconds 4.48
terms 376 / 1262 seconds 5.12
terms 401 / 1262 seconds 5.34
terms 426 / 1262 seconds 5.75
terms 451 / 1262 seconds 6.42
terms 476 / 1262 seconds 7.02
terms 501 / 1262 seconds 8.45
terms 526 / 1262 seconds 8.86
terms 551 / 1262 seconds 9.12
terms 576 / 1262 seconds 9.48
terms 601 / 1262 seconds 10.02
terms 626 / 1262 seconds 11.14
terms 651 / 1262 seconds 11.78
terms 676 / 1262 seconds 13.14
terms 701 / 1262 seconds 15.14
terms 726 / 1262 seconds 15.38
terms 751 / 1262 seconds 15.86
terms 776 / 1262 seconds 16.34
terms 801 / 1262 seconds 16.92
terms 826 / 1262 seconds 17.69
terms 851 / 1262 seconds 18.64
terms 876 / 1262 seconds 19.55
terms 901 / 1262 seconds 20.89
terms 926 / 1262 seconds 23.34
terms 951 / 1262 seconds 26.23
terms 976 / 1262 seconds 26.61
terms 1001 / 1262 seconds 27.12
terms 1026 / 1262 seconds 27.92
terms 1051 / 1262 seconds 28.44
terms 1076 / 1262 seconds 29.5
terms 1101 / 1262 seconds 30.36
terms 1126 / 1262 seconds 31.92
terms 1151 / 1262 seconds 32.86
terms 1176 / 1262 seconds 35.33
terms 1201 / 1262 seconds 36.62
terms 1226 / 1262 seconds 37.98
terms 1251 / 1262 seconds 40.66
{"partition": [73, 17, 2, 2, 2, 2, 2, 2, 2], "degree": 26, "a": 274, "seconds": 43.438000000081956, "max_dp_entries": 1062882}
{"board_numbering": "batch13", "session_id": "B13-06", "pid": 10100, "start_utc": "2026-09-09T21:13:53.567537+00:00", "wall_limit_seconds": 1200, "memory_limit_bytes": 805306368, "available_physical_bytes": 6638538752, "total_physical_bytes": 33752997888, "worker_count": 1, "blas_threads": 1, "command": ["analysis/b13_06_ambient.py", "--degree", "26", "--weight", "73,17,2,2,2,2,2,2,2"], "status": "completed", "wall_seconds": 43.514999999897555, "peak_process_memory_bytes": 67112960}
