bash: line 1: ulimit: virtual memory: cannot modify limit: Operation not permitted
      level 1: 91 prefixes
      level 2: 1686 prefixes
      level 3: 6301 prefixes
      level 4: 8196 prefixes
      level 5: 8269 prefixes
      level 6: 8269 prefixes
      level 7: 8269 prefixes
      level 8: 8269 prefixes
      level 9: 8269 prefixes
      level 10: 8269 prefixes
      level 11: 8269 prefixes
      level 12: 8269 prefixes
  lam=(38, 2, 2, 2, 2, 2): N_S=8269 |Stab|=120 n_chi=200 (orbits dropped: 0) [lean-b10, 0s, HWM 0.06 GB]
    E_01: |H|=24 targets 2733 canonical rows 218 nnz 922 (triples 1162; obstructed fixed targets cancelled: 0) [tables 0s rows 0s finish 0.0s; 0s, HWM 0.07 GB, RSS 0.06 GB]
    E_12: |H|=6 targets 6328 canonical rows 1402 nnz 2484 (triples 3162; obstructed fixed targets cancelled: 0) [tables 0s rows 0s finish 0.0s; 0s, HWM 0.07 GB, RSS 0.07 GB]
    E_23: |H|=6 targets 6328 canonical rows 1402 nnz 2484 (triples 3162; obstructed fixed targets cancelled: 0) [tables 0s rows 0s finish 0.0s; 0s, HWM 0.07 GB, RSS 0.07 GB]
    E_34: |H|=6 targets 6328 canonical rows 1402 nnz 2484 (triples 3162; obstructed fixed targets cancelled: 0) [tables 0s rows 0s finish 0.0s; 0s, HWM 0.07 GB, RSS 0.07 GB]
    E_45: |H|=6 targets 6328 canonical rows 1402 nnz 2484 (triples 3162; obstructed fixed targets cancelled: 0) [tables 0s rows 0s finish 0.0s; 0s, HWM 0.07 GB, RSS 0.07 GB]
  built-lean (38, 2, 2, 2, 2, 2) d12: N_S=8269 |Stab|=120 n_chi=200 rows=5826 nnz=10858 (1s: mono 0s orbits 0s rows 0s; HWM 0.07 GB; E.data int16)
RUN {"builder": "lean", "lam": [38, 2, 2, 2, 2, 2], "delta": 12, "N_S": 8269, "n_chi": 200, "nrows": 5826, "nnz": 10858, "secs": {"total": 0.83, "mono": 0.11, "orbits": 0.25, "rows": 0.3}, "hwm_gb": 0.0654, "hwm_above_baseline_gb": 0.0296}
