
===== rho = (11, 1, 1, 0, 0), a_inf claimed 2, raw 36
[PASS] (11, 1, 1, 0, 0): the generator ordering is identified from the delivered monomials (asc)  {'ordering': 'asc'}
[PASS] (11, 1, 1, 0, 0): my weight space equals the delivered one as a set  {'mine': 36, 'theirs': 36}
[PASS] (11, 1, 1, 0, 0): my Weyl alternation gives a_inf = 2  {'mine': 2, 'theirs': 2}
[PASS] (11, 1, 1, 0, 0) p=2147483647: kernel dimension is a_inf
[PASS] (11, 1, 1, 0, 0) p=2147483647: E.v = 0 for every kernel vector on my raising rows  {'failures': 0}
[PASS] (11, 1, 1, 0, 0) p=2147483647: my G equals the delivered G entry by entry up to the global char-poly sign  {'sign': -1}
[PASS] (11, 1, 1, 0, 0) p=2147483647: rank of MY OWN G is 2 = a_inf, so i_det^inf = 0 over Q  {'rank': 2}
[PASS] (11, 1, 1, 0, 0) p=2147483629: kernel dimension is a_inf
[PASS] (11, 1, 1, 0, 0) p=2147483629: E.v = 0 for every kernel vector on my raising rows  {'failures': 0}
[PASS] (11, 1, 1, 0, 0) p=2147483629: my G equals the delivered G entry by entry up to the global char-poly sign  {'sign': -1}
[PASS] (11, 1, 1, 0, 0) p=2147483629: rank of MY OWN G is 2 = a_inf, so i_det^inf = 0 over Q  {'rank': 2}
[PASS] (11, 1, 1, 0, 0): every pencil matrix is traceless

RESULT OK (12/12)

===== rho = (4, 3, 2, 2, 2), a_inf claimed 2, raw 12479
[PASS] (4, 3, 2, 2, 2): the generator ordering is identified from the delivered monomials (asc)  {'ordering': 'asc'}
[PASS] (4, 3, 2, 2, 2): my weight space equals the delivered one as a set  {'mine': 12479, 'theirs': 12479}
[PASS] (4, 3, 2, 2, 2): my Weyl alternation gives a_inf = 2  {'mine': 2, 'theirs': 2}
[PASS] (4, 3, 2, 2, 2) p=2147483647: kernel dimension is a_inf
[PASS] (4, 3, 2, 2, 2) p=2147483647: E.v = 0 for every kernel vector on my raising rows  {'failures': 0}
[PASS] (4, 3, 2, 2, 2) p=2147483647: my G equals the delivered G entry by entry up to the global char-poly sign  {'sign': -1}
[PASS] (4, 3, 2, 2, 2) p=2147483647: rank of MY OWN G is 2 = a_inf, so i_det^inf = 0 over Q  {'rank': 2}
[PASS] (4, 3, 2, 2, 2) p=2147483629: kernel dimension is a_inf
[PASS] (4, 3, 2, 2, 2) p=2147483629: E.v = 0 for every kernel vector on my raising rows  {'failures': 0}
[PASS] (4, 3, 2, 2, 2) p=2147483629: my G equals the delivered G entry by entry up to the global char-poly sign  {'sign': -1}
[PASS] (4, 3, 2, 2, 2) p=2147483629: rank of MY OWN G is 2 = a_inf, so i_det^inf = 0 over Q  {'rank': 2}
[PASS] (4, 3, 2, 2, 2): every pencil matrix is traceless

RESULT OK (24/24)

===== rho = (4, 4, 2, 2, 1), a_inf claimed 3, raw 7927
[PASS] (4, 4, 2, 2, 1): the generator ordering is identified from the delivered monomials (asc)  {'ordering': 'asc'}
[PASS] (4, 4, 2, 2, 1): my weight space equals the delivered one as a set  {'mine': 7927, 'theirs': 7927}
[PASS] (4, 4, 2, 2, 1): my Weyl alternation gives a_inf = 3  {'mine': 3, 'theirs': 3}
[PASS] (4, 4, 2, 2, 1) p=2147483647: kernel dimension is a_inf
[PASS] (4, 4, 2, 2, 1) p=2147483647: E.v = 0 for every kernel vector on my raising rows  {'failures': 0}
[PASS] (4, 4, 2, 2, 1) p=2147483647: my G equals the delivered G entry by entry up to the global char-poly sign  {'sign': -1}
[PASS] (4, 4, 2, 2, 1) p=2147483647: rank of MY OWN G is 3 = a_inf, so i_det^inf = 0 over Q  {'rank': 3}
[PASS] (4, 4, 2, 2, 1) p=2147483629: kernel dimension is a_inf
[PASS] (4, 4, 2, 2, 1) p=2147483629: E.v = 0 for every kernel vector on my raising rows  {'failures': 0}
[PASS] (4, 4, 2, 2, 1) p=2147483629: my G equals the delivered G entry by entry up to the global char-poly sign  {'sign': -1}
[PASS] (4, 4, 2, 2, 1) p=2147483629: rank of MY OWN G is 3 = a_inf, so i_det^inf = 0 over Q  {'rank': 3}
[PASS] (4, 4, 2, 2, 1): every pencil matrix is traceless

RESULT OK (36/36)

===== rho = (5, 3, 3, 1, 1), a_inf claimed 1, raw 5240
[PASS] (5, 3, 3, 1, 1): the generator ordering is identified from the delivered monomials (asc)  {'ordering': 'asc'}
[PASS] (5, 3, 3, 1, 1): my weight space equals the delivered one as a set  {'mine': 5240, 'theirs': 5240}
[PASS] (5, 3, 3, 1, 1): my Weyl alternation gives a_inf = 1  {'mine': 1, 'theirs': 1}
[PASS] (5, 3, 3, 1, 1) p=2147483647: kernel dimension is a_inf
[PASS] (5, 3, 3, 1, 1) p=2147483647: E.v = 0 for every kernel vector on my raising rows  {'failures': 0}
[PASS] (5, 3, 3, 1, 1) p=2147483647: my G equals the delivered G entry by entry up to the global char-poly sign  {'sign': -1}
[PASS] (5, 3, 3, 1, 1) p=2147483647: rank of MY OWN G is 1 = a_inf, so i_det^inf = 0 over Q  {'rank': 1}
[PASS] (5, 3, 3, 1, 1) p=2147483629: kernel dimension is a_inf
[PASS] (5, 3, 3, 1, 1) p=2147483629: E.v = 0 for every kernel vector on my raising rows  {'failures': 0}
[PASS] (5, 3, 3, 1, 1) p=2147483629: my G equals the delivered G entry by entry up to the global char-poly sign  {'sign': -1}
[PASS] (5, 3, 3, 1, 1) p=2147483629: rank of MY OWN G is 1 = a_inf, so i_det^inf = 0 over Q  {'rank': 1}
[PASS] (5, 3, 3, 1, 1): every pencil matrix is traceless

RESULT OK (48/48)

===== rho = (5, 3, 3, 2, 0), a_inf claimed 1, raw 3246
[PASS] (5, 3, 3, 2, 0): the generator ordering is identified from the delivered monomials (asc)  {'ordering': 'asc'}
[PASS] (5, 3, 3, 2, 0): my weight space equals the delivered one as a set  {'mine': 3246, 'theirs': 3246}
[PASS] (5, 3, 3, 2, 0): my Weyl alternation gives a_inf = 1  {'mine': 1, 'theirs': 1}
[PASS] (5, 3, 3, 2, 0) p=2147483647: kernel dimension is a_inf
[PASS] (5, 3, 3, 2, 0) p=2147483647: E.v = 0 for every kernel vector on my raising rows  {'failures': 0}
[PASS] (5, 3, 3, 2, 0) p=2147483647: my G equals the delivered G entry by entry up to the global char-poly sign  {'sign': -1}
[PASS] (5, 3, 3, 2, 0) p=2147483647: rank of MY OWN G is 1 = a_inf, so i_det^inf = 0 over Q  {'rank': 1}
[PASS] (5, 3, 3, 2, 0) p=2147483629: kernel dimension is a_inf
[PASS] (5, 3, 3, 2, 0) p=2147483629: E.v = 0 for every kernel vector on my raising rows  {'failures': 0}
[PASS] (5, 3, 3, 2, 0) p=2147483629: my G equals the delivered G entry by entry up to the global char-poly sign  {'sign': -1}
[PASS] (5, 3, 3, 2, 0) p=2147483629: rank of MY OWN G is 1 = a_inf, so i_det^inf = 0 over Q  {'rank': 1}
[PASS] (5, 3, 3, 2, 0): every pencil matrix is traceless

RESULT OK (60/60)

===== rho = (5, 4, 2, 1, 1), a_inf claimed 2, raw 4419
[PASS] (5, 4, 2, 1, 1): the generator ordering is identified from the delivered monomials (asc)  {'ordering': 'asc'}
[PASS] (5, 4, 2, 1, 1): my weight space equals the delivered one as a set  {'mine': 4419, 'theirs': 4419}
[PASS] (5, 4, 2, 1, 1): my Weyl alternation gives a_inf = 2  {'mine': 2, 'theirs': 2}
[PASS] (5, 4, 2, 1, 1) p=2147483647: kernel dimension is a_inf
[PASS] (5, 4, 2, 1, 1) p=2147483647: E.v = 0 for every kernel vector on my raising rows  {'failures': 0}
[PASS] (5, 4, 2, 1, 1) p=2147483647: my G equals the delivered G entry by entry up to the global char-poly sign  {'sign': -1}
[PASS] (5, 4, 2, 1, 1) p=2147483647: rank of MY OWN G is 2 = a_inf, so i_det^inf = 0 over Q  {'rank': 2}
[PASS] (5, 4, 2, 1, 1) p=2147483629: kernel dimension is a_inf
[PASS] (5, 4, 2, 1, 1) p=2147483629: E.v = 0 for every kernel vector on my raising rows  {'failures': 0}
[PASS] (5, 4, 2, 1, 1) p=2147483629: my G equals the delivered G entry by entry up to the global char-poly sign  {'sign': -1}
[PASS] (5, 4, 2, 1, 1) p=2147483629: rank of MY OWN G is 2 = a_inf, so i_det^inf = 0 over Q  {'rank': 2}
[PASS] (5, 4, 2, 1, 1): every pencil matrix is traceless

RESULT OK (72/72)

===== rho = (5, 5, 1, 1, 1), a_inf claimed 1, raw 2480
[PASS] (5, 5, 1, 1, 1): the generator ordering is identified from the delivered monomials (asc)  {'ordering': 'asc'}
[PASS] (5, 5, 1, 1, 1): my weight space equals the delivered one as a set  {'mine': 2480, 'theirs': 2480}
[PASS] (5, 5, 1, 1, 1): my Weyl alternation gives a_inf = 1  {'mine': 1, 'theirs': 1}
[PASS] (5, 5, 1, 1, 1) p=2147483647: kernel dimension is a_inf
[PASS] (5, 5, 1, 1, 1) p=2147483647: E.v = 0 for every kernel vector on my raising rows  {'failures': 0}
[PASS] (5, 5, 1, 1, 1) p=2147483647: my G equals the delivered G entry by entry up to the global char-poly sign  {'sign': -1}
[PASS] (5, 5, 1, 1, 1) p=2147483647: rank of MY OWN G is 1 = a_inf, so i_det^inf = 0 over Q  {'rank': 1}
[PASS] (5, 5, 1, 1, 1) p=2147483629: kernel dimension is a_inf
[PASS] (5, 5, 1, 1, 1) p=2147483629: E.v = 0 for every kernel vector on my raising rows  {'failures': 0}
[PASS] (5, 5, 1, 1, 1) p=2147483629: my G equals the delivered G entry by entry up to the global char-poly sign  {'sign': -1}
[PASS] (5, 5, 1, 1, 1) p=2147483629: rank of MY OWN G is 1 = a_inf, so i_det^inf = 0 over Q  {'rank': 1}
[PASS] (5, 5, 1, 1, 1): every pencil matrix is traceless

RESULT OK (84/84)

===== rho = (5, 5, 3, 0, 0), a_inf claimed 3, raw 758
[PASS] (5, 5, 3, 0, 0): the generator ordering is identified from the delivered monomials (asc)  {'ordering': 'asc'}
[PASS] (5, 5, 3, 0, 0): my weight space equals the delivered one as a set  {'mine': 758, 'theirs': 758}
[PASS] (5, 5, 3, 0, 0): my Weyl alternation gives a_inf = 3  {'mine': 3, 'theirs': 3}
[PASS] (5, 5, 3, 0, 0) p=2147483647: kernel dimension is a_inf
[PASS] (5, 5, 3, 0, 0) p=2147483647: E.v = 0 for every kernel vector on my raising rows  {'failures': 0}
[PASS] (5, 5, 3, 0, 0) p=2147483647: my G equals the delivered G entry by entry up to the global char-poly sign  {'sign': -1}
[PASS] (5, 5, 3, 0, 0) p=2147483647: rank of MY OWN G is 3 = a_inf, so i_det^inf = 0 over Q  {'rank': 3}
[PASS] (5, 5, 3, 0, 0) p=2147483629: kernel dimension is a_inf
[PASS] (5, 5, 3, 0, 0) p=2147483629: E.v = 0 for every kernel vector on my raising rows  {'failures': 0}
[PASS] (5, 5, 3, 0, 0) p=2147483629: my G equals the delivered G entry by entry up to the global char-poly sign  {'sign': -1}
[PASS] (5, 5, 3, 0, 0) p=2147483629: rank of MY OWN G is 3 = a_inf, so i_det^inf = 0 over Q  {'rank': 3}
[PASS] (5, 5, 3, 0, 0): every pencil matrix is traceless

RESULT OK (96/96)

===== rho = (6, 3, 2, 1, 1), a_inf claimed 2, raw 3513
[PASS] (6, 3, 2, 1, 1): the generator ordering is identified from the delivered monomials (asc)  {'ordering': 'asc'}
[PASS] (6, 3, 2, 1, 1): my weight space equals the delivered one as a set  {'mine': 3513, 'theirs': 3513}
[PASS] (6, 3, 2, 1, 1): my Weyl alternation gives a_inf = 2  {'mine': 2, 'theirs': 2}
[PASS] (6, 3, 2, 1, 1) p=2147483647: kernel dimension is a_inf
[PASS] (6, 3, 2, 1, 1) p=2147483647: E.v = 0 for every kernel vector on my raising rows  {'failures': 0}
[PASS] (6, 3, 2, 1, 1) p=2147483647: my G equals the delivered G entry by entry up to the global char-poly sign  {'sign': -1}
[PASS] (6, 3, 2, 1, 1) p=2147483647: rank of MY OWN G is 2 = a_inf, so i_det^inf = 0 over Q  {'rank': 2}
[PASS] (6, 3, 2, 1, 1) p=2147483629: kernel dimension is a_inf
[PASS] (6, 3, 2, 1, 1) p=2147483629: E.v = 0 for every kernel vector on my raising rows  {'failures': 0}
[PASS] (6, 3, 2, 1, 1) p=2147483629: my G equals the delivered G entry by entry up to the global char-poly sign  {'sign': -1}
[PASS] (6, 3, 2, 1, 1) p=2147483629: rank of MY OWN G is 2 = a_inf, so i_det^inf = 0 over Q  {'rank': 2}
[PASS] (6, 3, 2, 1, 1): every pencil matrix is traceless

RESULT OK (108/108)

===== rho = (7, 2, 2, 1, 1), a_inf claimed 1, raw 2182
[PASS] (7, 2, 2, 1, 1): the generator ordering is identified from the delivered monomials (asc)  {'ordering': 'asc'}
[PASS] (7, 2, 2, 1, 1): my weight space equals the delivered one as a set  {'mine': 2182, 'theirs': 2182}
[PASS] (7, 2, 2, 1, 1): my Weyl alternation gives a_inf = 1  {'mine': 1, 'theirs': 1}
[PASS] (7, 2, 2, 1, 1) p=2147483647: kernel dimension is a_inf
[PASS] (7, 2, 2, 1, 1) p=2147483647: E.v = 0 for every kernel vector on my raising rows  {'failures': 0}
[PASS] (7, 2, 2, 1, 1) p=2147483647: my G equals the delivered G entry by entry up to the global char-poly sign  {'sign': -1}
[PASS] (7, 2, 2, 1, 1) p=2147483647: rank of MY OWN G is 1 = a_inf, so i_det^inf = 0 over Q  {'rank': 1}
[PASS] (7, 2, 2, 1, 1) p=2147483629: kernel dimension is a_inf
[PASS] (7, 2, 2, 1, 1) p=2147483629: E.v = 0 for every kernel vector on my raising rows  {'failures': 0}
[PASS] (7, 2, 2, 1, 1) p=2147483629: my G equals the delivered G entry by entry up to the global char-poly sign  {'sign': -1}
[PASS] (7, 2, 2, 1, 1) p=2147483629: rank of MY OWN G is 1 = a_inf, so i_det^inf = 0 over Q  {'rank': 1}
[PASS] (7, 2, 2, 1, 1): every pencil matrix is traceless

RESULT OK (120/120)

===== rho = (9, 2, 1, 1, 0), a_inf claimed 2, raw 276
[PASS] (9, 2, 1, 1, 0): the generator ordering is identified from the delivered monomials (asc)  {'ordering': 'asc'}
[PASS] (9, 2, 1, 1, 0): my weight space equals the delivered one as a set  {'mine': 276, 'theirs': 276}
[PASS] (9, 2, 1, 1, 0): my Weyl alternation gives a_inf = 2  {'mine': 2, 'theirs': 2}
[PASS] (9, 2, 1, 1, 0) p=2147483647: kernel dimension is a_inf
[PASS] (9, 2, 1, 1, 0) p=2147483647: E.v = 0 for every kernel vector on my raising rows  {'failures': 0}
[PASS] (9, 2, 1, 1, 0) p=2147483647: my G equals the delivered G entry by entry up to the global char-poly sign  {'sign': -1}
[PASS] (9, 2, 1, 1, 0) p=2147483647: rank of MY OWN G is 2 = a_inf, so i_det^inf = 0 over Q  {'rank': 2}
[PASS] (9, 2, 1, 1, 0) p=2147483629: kernel dimension is a_inf
[PASS] (9, 2, 1, 1, 0) p=2147483629: E.v = 0 for every kernel vector on my raising rows  {'failures': 0}
[PASS] (9, 2, 1, 1, 0) p=2147483629: my G equals the delivered G entry by entry up to the global char-poly sign  {'sign': -1}
[PASS] (9, 2, 1, 1, 0) p=2147483629: rank of MY OWN G is 2 = a_inf, so i_det^inf = 0 over Q  {'rank': 2}
[PASS] (9, 2, 1, 1, 0): every pencil matrix is traceless

RESULT OK (132/132)

===== rho = (4, 4, 3, 2, 0), a_inf claimed 4, raw 3716
[PASS] (4, 4, 3, 2, 0): the generator ordering is identified from the delivered monomials (asc)  {'ordering': 'asc'}
[PASS] (4, 4, 3, 2, 0): my weight space equals the delivered one as a set  {'mine': 3716, 'theirs': 3716}
[PASS] (4, 4, 3, 2, 0): my Weyl alternation gives a_inf = 4  {'mine': 4, 'theirs': 4}
[PASS] (4, 4, 3, 2, 0) p=2147483647: kernel dimension is a_inf
[PASS] (4, 4, 3, 2, 0) p=2147483647: E.v = 0 for every kernel vector on my raising rows  {'failures': 0}
[PASS] (4, 4, 3, 2, 0) p=2147483647: my G equals the delivered G entry by entry up to the global char-poly sign  {'sign': -1}
[PASS] (4, 4, 3, 2, 0) p=2147483647: rank of MY OWN G is 4 = a_inf, so i_det^inf = 0 over Q  {'rank': 4}
[PASS] (4, 4, 3, 2, 0) p=2147483629: kernel dimension is a_inf
[PASS] (4, 4, 3, 2, 0) p=2147483629: E.v = 0 for every kernel vector on my raising rows  {'failures': 0}
[PASS] (4, 4, 3, 2, 0) p=2147483629: my G equals the delivered G entry by entry up to the global char-poly sign  {'sign': -1}
[PASS] (4, 4, 3, 2, 0) p=2147483629: rank of MY OWN G is 4 = a_inf, so i_det^inf = 0 over Q  {'rank': 4}
[PASS] (4, 4, 3, 2, 0): every pencil matrix is traceless

RESULT OK (144/144)

===== rho = (5, 2, 2, 2, 2), a_inf claimed 4, raw 9166
[PASS] (5, 2, 2, 2, 2): the generator ordering is identified from the delivered monomials (asc)  {'ordering': 'asc'}
[PASS] (5, 2, 2, 2, 2): my weight space equals the delivered one as a set  {'mine': 9166, 'theirs': 9166}
[PASS] (5, 2, 2, 2, 2): my Weyl alternation gives a_inf = 4  {'mine': 4, 'theirs': 4}
[PASS] (5, 2, 2, 2, 2) p=2147483647: kernel dimension is a_inf
[PASS] (5, 2, 2, 2, 2) p=2147483647: E.v = 0 for every kernel vector on my raising rows  {'failures': 0}
[PASS] (5, 2, 2, 2, 2) p=2147483647: my G equals the delivered G entry by entry up to the global char-poly sign  {'sign': -1}
[PASS] (5, 2, 2, 2, 2) p=2147483647: rank of MY OWN G is 4 = a_inf, so i_det^inf = 0 over Q  {'rank': 4}
[PASS] (5, 2, 2, 2, 2) p=2147483629: kernel dimension is a_inf
[PASS] (5, 2, 2, 2, 2) p=2147483629: E.v = 0 for every kernel vector on my raising rows  {'failures': 0}
[PASS] (5, 2, 2, 2, 2) p=2147483629: my G equals the delivered G entry by entry up to the global char-poly sign  {'sign': -1}
[PASS] (5, 2, 2, 2, 2) p=2147483629: rank of MY OWN G is 4 = a_inf, so i_det^inf = 0 over Q  {'rank': 4}
[PASS] (5, 2, 2, 2, 2): every pencil matrix is traceless

RESULT OK (156/156)

===== rho = (5, 3, 2, 2, 1), a_inf claimed 4, raw 6922
[PASS] (5, 3, 2, 2, 1): the generator ordering is identified from the delivered monomials (asc)  {'ordering': 'asc'}
[PASS] (5, 3, 2, 2, 1): my weight space equals the delivered one as a set  {'mine': 6922, 'theirs': 6922}
[PASS] (5, 3, 2, 2, 1): my Weyl alternation gives a_inf = 4  {'mine': 4, 'theirs': 4}
[PASS] (5, 3, 2, 2, 1) p=2147483647: kernel dimension is a_inf
[PASS] (5, 3, 2, 2, 1) p=2147483647: E.v = 0 for every kernel vector on my raising rows  {'failures': 0}
[PASS] (5, 3, 2, 2, 1) p=2147483647: my G equals the delivered G entry by entry up to the global char-poly sign  {'sign': -1}
[PASS] (5, 3, 2, 2, 1) p=2147483647: rank of MY OWN G is 4 = a_inf, so i_det^inf = 0 over Q  {'rank': 4}
[PASS] (5, 3, 2, 2, 1) p=2147483629: kernel dimension is a_inf
[PASS] (5, 3, 2, 2, 1) p=2147483629: E.v = 0 for every kernel vector on my raising rows  {'failures': 0}
[PASS] (5, 3, 2, 2, 1) p=2147483629: my G equals the delivered G entry by entry up to the global char-poly sign  {'sign': -1}
[PASS] (5, 3, 2, 2, 1) p=2147483629: rank of MY OWN G is 4 = a_inf, so i_det^inf = 0 over Q  {'rank': 4}
[PASS] (5, 3, 2, 2, 1): every pencil matrix is traceless

RESULT OK (168/168)

===== rho = (6, 2, 2, 2, 1), a_inf claimed 4, raw 4636
[PASS] (6, 2, 2, 2, 1): the generator ordering is identified from the delivered monomials (asc)  {'ordering': 'asc'}
[PASS] (6, 2, 2, 2, 1): my weight space equals the delivered one as a set  {'mine': 4636, 'theirs': 4636}
[PASS] (6, 2, 2, 2, 1): my Weyl alternation gives a_inf = 4  {'mine': 4, 'theirs': 4}
[PASS] (6, 2, 2, 2, 1) p=2147483647: kernel dimension is a_inf
[PASS] (6, 2, 2, 2, 1) p=2147483647: E.v = 0 for every kernel vector on my raising rows  {'failures': 0}
[PASS] (6, 2, 2, 2, 1) p=2147483647: my G equals the delivered G entry by entry up to the global char-poly sign  {'sign': -1}
[PASS] (6, 2, 2, 2, 1) p=2147483647: rank of MY OWN G is 4 = a_inf, so i_det^inf = 0 over Q  {'rank': 4}
[PASS] (6, 2, 2, 2, 1) p=2147483629: kernel dimension is a_inf
[PASS] (6, 2, 2, 2, 1) p=2147483629: E.v = 0 for every kernel vector on my raising rows  {'failures': 0}
[PASS] (6, 2, 2, 2, 1) p=2147483629: my G equals the delivered G entry by entry up to the global char-poly sign  {'sign': -1}
[PASS] (6, 2, 2, 2, 1) p=2147483629: rank of MY OWN G is 4 = a_inf, so i_det^inf = 0 over Q  {'rank': 4}
[PASS] (6, 2, 2, 2, 1): every pencil matrix is traceless

RESULT OK (180/180)

===== rho = (6, 3, 3, 1, 0), a_inf claimed 4, raw 1668
[PASS] (6, 3, 3, 1, 0): the generator ordering is identified from the delivered monomials (asc)  {'ordering': 'asc'}
[PASS] (6, 3, 3, 1, 0): my weight space equals the delivered one as a set  {'mine': 1668, 'theirs': 1668}
[PASS] (6, 3, 3, 1, 0): my Weyl alternation gives a_inf = 4  {'mine': 4, 'theirs': 4}
[PASS] (6, 3, 3, 1, 0) p=2147483647: kernel dimension is a_inf
[PASS] (6, 3, 3, 1, 0) p=2147483647: E.v = 0 for every kernel vector on my raising rows  {'failures': 0}
[PASS] (6, 3, 3, 1, 0) p=2147483647: my G equals the delivered G entry by entry up to the global char-poly sign  {'sign': -1}
[PASS] (6, 3, 3, 1, 0) p=2147483647: rank of MY OWN G is 4 = a_inf, so i_det^inf = 0 over Q  {'rank': 4}
[PASS] (6, 3, 3, 1, 0) p=2147483629: kernel dimension is a_inf
[PASS] (6, 3, 3, 1, 0) p=2147483629: E.v = 0 for every kernel vector on my raising rows  {'failures': 0}
[PASS] (6, 3, 3, 1, 0) p=2147483629: my G equals the delivered G entry by entry up to the global char-poly sign  {'sign': -1}
[PASS] (6, 3, 3, 1, 0) p=2147483629: rank of MY OWN G is 4 = a_inf, so i_det^inf = 0 over Q  {'rank': 4}
[PASS] (6, 3, 3, 1, 0): every pencil matrix is traceless

RESULT OK (192/192)
