B13-04 reconciliation of results/b13_04/pred13.json (own enumerator, tail-DP N_S, Kostant a)
against results/logs/wk12_int_pred13_audit.log
(21, 6, 2, 2, 2, 2, 2, 2)          parts=8 a: mine=5 log=5  N_S: mine=15,938,771 log=15,938,771  OK
(21, 5, 2, 2, 2, 2, 2, 2, 1)       parts=9 a: mine=1 log=1  N_S: mine=60,408,023 log=60,408,023  OK
(21, 4, 2, 2, 2, 2, 2, 2, 2)       parts=9 a: mine=2 log=2  N_S: mine=117,718,904 log=117,718,904  OK
(20, 7, 2, 2, 2, 2, 2, 2)          parts=8 a: mine=6 log=6  N_S: mine=24,106,596 log=24,106,596  OK
(20, 6, 2, 2, 2, 2, 2, 2, 1)       parts=9 a: mine=2 log=2  N_S: mine=100,317,022 log=100,317,022  OK
(20, 5, 2, 2, 2, 2, 2, 2, 2)       parts=9 a: mine=3 log=3  N_S: mine=219,816,302 log=219,816,302  OK
(19, 8, 2, 2, 2, 2, 2, 2)          parts=8 a: mine=8 log=8  N_S: mine=34,104,118 log=34,104,118  OK
(19, 7, 2, 2, 2, 2, 2, 2, 1)       parts=9 a: mine=3 log=3  N_S: mine=153,401,944 log=153,401,944  OK
(19, 6, 2, 2, 2, 2, 2, 2, 2)       parts=9 a: mine=5 log=5  N_S: mine=369,720,484 log=369,720,484  OK
(18, 9, 2, 2, 2, 2, 2, 2)          parts=8 a: mine=9 log=9  N_S: mine=45,302,282 log=45,302,282  OK
(18, 8, 2, 2, 2, 2, 2, 2, 1)       parts=9 a: mine=4 log=4  N_S: mine=218,042,768 log=218,042,768  OK
(18, 7, 2, 2, 2, 2, 2, 2, 2)       parts=9 a: mine=5 log=5  N_S: mine=569,323,864 log=569,323,864  OK
(17, 10, 2, 2, 2, 2, 2, 2)         parts=8 a: mine=9 log=9  N_S: mine=56,619,400 log=56,619,400  OK
(17, 9, 2, 2, 2, 2, 2, 2, 1)       parts=9 a: mine=4 log=4  N_S: mine=289,180,512 log=289,180,512  OK
(17, 8, 2, 2, 2, 2, 2, 2, 2)       parts=9 a: mine=7 log=7  N_S: mine=809,527,307 log=809,527,307  OK
shapes in log not re-derived: []
shapes re-derived not in log: []
all fifteen agree: True
a^(4)(lambda_13,13) re-derived: 39 (docs/rung13_reducible.md: 39)
sum of a^(3) over the fifteen: 73
fixed-factor weight (8,17,2^7): weight-space dimension 809,527,307 = N_S(17,8,2^7)
