weight 13, at most 5 parts: 57 shapes
  a_inf = 0 : 10
  a_inf > 0 : 47
  a_inf <= 3: 11  (closed)
  a_inf =  4: 5
  [quartic record: 1521 cells from results/s36_aone.md, results/s36_aone.md;results/s54_cells_d6.jsonl, results/s36_aone.md;results/s54_cells_d6.jsonl;results/s60_calibration.jsonl, results/s36_aone.md;results/s54_cells_d6.jsonl;results/s60_calibration.jsonl;results/s60_cells.jsonl, results/s36_aone.md;results/s54_cells_d6.jsonl;results/s60_cells.jsonl, results/s36_aone.md;results/s60_cells.jsonl, results/s36_ledger.md, results/s36_ledger.md;results/s60_cells.jsonl, results/s36_ledger.md;results/s60_cells.jsonl;results/s60_recheck.jsonl, results/s41_ledger.md, results/s43_ledger.md, results/s43_ledger.md;results/s79_calibration6.jsonl, results/s45_ledger.md, results/s46_ledger.md, results/s52_ledger.jsonl, results/s54_cells_d6.jsonl, results/s54_cells_d6.jsonl;results/s60_calibration.jsonl, results/s54_cells_d6.jsonl;results/s60_cells.jsonl, results/s54_cells_d7.jsonl, results/s54_cells_d7.jsonl;results/s60_calibration.jsonl, results/s54_cells_d7.jsonl;results/s60_calibration.jsonl;results/s60_cells.jsonl, results/s54_cells_d7.jsonl;results/s60_cells.jsonl, results/s54_cells_d8.jsonl, results/s54_cells_d8.jsonl;results/s60_calibration.jsonl, results/s54_cells_d9.jsonl, results/s54_cells_d9.jsonl;results/s60_calibration.jsonl, results/s60_cells.jsonl, results/s60_cells.jsonl;results/s60_recheck.jsonl, results/s60_cells.jsonl;results/s60_recheck.jsonl;results/s60_scan_sparse.jsonl, results/s60_cells.jsonl;results/s60_scan_dense.jsonl;results/s60_scan_sparse.jsonl, results/s60_cells.jsonl;results/s60_scan_sparse.jsonl, results/s71_sweep.jsonl, results/s74/ladder_ranks.json, results/s79_calibration6.jsonl;results/s79_cells.jsonl, results/s79_cells.jsonl]
  [B13-11: full-rank record through s79; imported certificates are adopted, not all replayed]
  closed by the quartic record (Prop. S, a = a_inf and mult_det = a): 26
  a_inf =  1: 0 open on BOTH instruments
  a_inf =  2: 0 open on BOTH instruments
  a_inf =  3: 0 open on BOTH instruments
  a_inf =  4: 0 open on BOTH instruments
  a_inf =  5: 1 open on BOTH instruments  [(13, 0, 0, 0, 0)]
  a_inf =  7: 1 open on BOTH instruments  [(12, 1, 0, 0, 0)]
  a_inf =  8: 2 open on BOTH instruments  [(5, 4, 4, 0, 0), (7, 3, 3, 0, 0)]
  a_inf =  9: 0 open on BOTH instruments
  a_inf = 10: 1 open on BOTH instruments  [(6, 6, 1, 0, 0)]
  a_inf = 11: 0 open on BOTH instruments
  a_inf = 12: 2 open on BOTH instruments  [(7, 6, 0, 0, 0), (10, 2, 1, 0, 0)]
  a_inf = 15: 1 open on BOTH instruments  [(11, 2, 0, 0, 0)]
  a_inf = 17: 1 open on BOTH instruments  [(9, 2, 2, 0, 0)]
  a_inf = 18: 1 open on BOTH instruments  [(8, 5, 0, 0, 0)]
  a_inf = 19: 4 open on BOTH instruments  [(6, 4, 3, 0, 0), (7, 5, 1, 0, 0), (9, 3, 1, 0, 0), (10, 3, 0, 0, 0)]
  a_inf = 20: 1 open on BOTH instruments  [(6, 5, 2, 0, 0)]
  a_inf = 22: 1 open on BOTH instruments  [(9, 4, 0, 0, 0)]
  a_inf = 25: 1 open on BOTH instruments  [(8, 3, 2, 0, 0)]
  a_inf = 27: 1 open on BOTH instruments  [(8, 4, 1, 0, 0)]
  a_inf = 33: 1 open on BOTH instruments  [(7, 4, 2, 0, 0)]
  a_inf =  1: [(5, 3, 3, 1, 1), (5, 3, 3, 2, 0), (5, 5, 1, 1, 1), (7, 2, 2, 1, 1)]
