      level 1: 65 prefixes
      level 2: 1606 prefixes
      level 3: 18174 prefixes
      level 4: 96131 prefixes
      level 5: 213647 prefixes
      level 6: 245026 prefixes
      level 7: 245689 prefixes
      level 8: 245689 prefixes
  lam=(10, 4, 2, 2, 2, 2, 2): N_S=245689 |Stab|=120 n_chi=3649 (orbits dropped: 0) [lean, 34s, HWM 0.22 GB]
    E_01: |H|=120 targets 138754 canonical rows 2140 nnz 9382 (obstructed fixed targets cancelled: 0) [18s, HWM 0.22 GB]
    E_12: |H|=24 targets 128905 canonical rows 7604 nnz 23468 (obstructed fixed targets cancelled: 0) [22s, HWM 0.22 GB]
    E_23: |H|=6 targets 181295 canonical rows 35549 nnz 71924 (obstructed fixed targets cancelled: 0) [24s, HWM 0.22 GB]
    E_34: |H|=6 targets 181295 canonical rows 35549 nnz 71924 (obstructed fixed targets cancelled: 0) [26s, HWM 0.22 GB]
    E_45: |H|=6 targets 181295 canonical rows 35549 nnz 71924 (obstructed fixed targets cancelled: 0) [28s, HWM 0.22 GB]
    E_56: |H|=6 targets 181295 canonical rows 35549 nnz 71924 (obstructed fixed targets cancelled: 0) [31s, HWM 0.22 GB]
  built (10, 4, 2, 2, 2, 2, 2) d8: N_S=245689 |Stab|=120 n_chi=3649 rows=151940 nnz=320546 (65s: mono 1s orbits 34s rows 31s; HWM 0.22 GB)
  (10, 4, 2, 2, 2, 2, 2) d8 p=2147483647: a=1 n_chi=3649 NONSINGULAR [37.0s]
  (10, 4, 2, 2, 2, 2, 2) d8 p=2147483629: a=1 n_chi=3649 NONSINGULAR [40.0s]
BANKED (10, 4, 2, 2, 2, 2, 2) d8: CERTIFIED i = 0: [E; Ev] NONSINGULAR at both primes (proves mult = a over Q)
      level 1: 65 prefixes
      level 2: 1573 prefixes
      level 3: 16844 prefixes
      level 4: 89800 prefixes
      level 5: 267756 prefixes
      level 6: 428699 prefixes
      level 7: 454272 prefixes
      level 8: 454272 prefixes
  lam=(8, 6, 2, 2, 2, 2, 2): N_S=454272 |Stab|=120 n_chi=6430 (orbits dropped: 0) [lean, 80s, HWM 0.23 GB]
    E_01: |H|=120 targets 361997 canonical rows 5180 nnz 21914 (obstructed fixed targets cancelled: 0) [59s, HWM 0.25 GB]
    E_12: |H|=24 targets 192491 canonical rows 11160 nnz 42736 (obstructed fixed targets cancelled: 0) [65s, HWM 0.25 GB]
    E_23: |H|=6 targets 333750 canonical rows 64610 nnz 133032 (obstructed fixed targets cancelled: 0) [69s, HWM 0.25 GB]
    E_34: |H|=6 targets 333750 canonical rows 64610 nnz 133032 (obstructed fixed targets cancelled: 0) [74s, HWM 0.26 GB]
    E_45: |H|=6 targets 333750 canonical rows 64610 nnz 133032 (obstructed fixed targets cancelled: 0) [78s, HWM 0.26 GB]
    E_56: |H|=6 targets 333750 canonical rows 64610 nnz 133032 (obstructed fixed targets cancelled: 0) [83s, HWM 0.26 GB]
  built (8, 6, 2, 2, 2, 2, 2) d8: N_S=454272 |Stab|=120 n_chi=6430 rows=274780 nnz=596778 (164s: mono 2s orbits 80s rows 83s; HWM 0.26 GB)
  (8, 6, 2, 2, 2, 2, 2) d8 p=2147483647: a=1 n_chi=6430 NONSINGULAR [130.6s]
  (8, 6, 2, 2, 2, 2, 2) d8 p=2147483629: a=1 n_chi=6430 NONSINGULAR [129.4s]
BANKED (8, 6, 2, 2, 2, 2, 2) d8: CERTIFIED i = 0: [E; Ev] NONSINGULAR at both primes (proves mult = a over Q)
      level 1: 60 prefixes
      level 2: 1269 prefixes
      level 3: 11298 prefixes
      level 4: 50654 prefixes
      level 5: 125164 prefixes
      level 6: 165765 prefixes
      level 7: 168763 prefixes
      level 8: 168763 prefixes
  lam=(9, 6, 2, 2, 2, 2, 1): N_S=168763 |Stab|=24 n_chi=9848 (orbits dropped: 0) [lean, 4s, HWM 0.26 GB]
    E_01: |H|=24 targets 128905 canonical rows 7604 nnz 34208 (obstructed fixed targets cancelled: 0) [4s, HWM 0.26 GB]
    E_12: |H|=6 targets 72809 canonical rows 14535 nnz 55791 (obstructed fixed targets cancelled: 0) [5s, HWM 0.26 GB]
    E_23: |H|=2 targets 124622 canonical rows 65983 nnz 135005 (obstructed fixed targets cancelled: 0) [6s, HWM 0.26 GB]
    E_34: |H|=2 targets 124622 canonical rows 65983 nnz 135005 (obstructed fixed targets cancelled: 0) [7s, HWM 0.26 GB]
    E_45: |H|=2 targets 124622 canonical rows 65983 nnz 135005 (obstructed fixed targets cancelled: 0) [7s, HWM 0.26 GB]
    E_56: |H|=6 targets 73647 canonical rows 14882 nnz 33179 (obstructed fixed targets cancelled: 0) [8s, HWM 0.26 GB]
  built (9, 6, 2, 2, 2, 2, 1) d8: N_S=168763 |Stab|=24 n_chi=9848 rows=234970 nnz=528193 (13s: mono 1s orbits 4s rows 8s; HWM 0.26 GB)
  (9, 6, 2, 2, 2, 2, 1) d8 p=2147483647: a=1 n_chi=9848 NONSINGULAR [163.2s]
  (9, 6, 2, 2, 2, 2, 1) d8 p=2147483629: a=1 n_chi=9848 NONSINGULAR [164.1s]
BANKED (9, 6, 2, 2, 2, 2, 1) d8: CERTIFIED i = 0: [E; Ev] NONSINGULAR at both primes (proves mult = a over Q)
      level 1: 37 prefixes
      level 2: 494 prefixes
      level 3: 5915 prefixes
      level 4: 33622 prefixes
      level 5: 112423 prefixes
      level 6: 243395 prefixes
      level 7: 311618 prefixes
      level 8: 311618 prefixes
  lam=(6, 5, 5, 5, 1, 1, 1): N_S=311618 |Stab|=36 n_chi=4700 (orbits dropped: 9060) [lean, 15s, HWM 0.26 GB]
    E_01: |H|=12 targets 254060 canonical rows 11127 nnz 43363 (obstructed fixed targets cancelled: 21864) [5s, HWM 0.26 GB]
    E_12: |H|=6 targets 278277 canonical rows 24261 nnz 85061 (obstructed fixed targets cancelled: 19971) [8s, HWM 0.26 GB]
    E_23: |H|=6 targets 278277 canonical rows 24261 nnz 85061 (obstructed fixed targets cancelled: 19971) [11s, HWM 0.26 GB]
    E_34: |H|=4 targets 84944 canonical rows 16912 nnz 40794 (obstructed fixed targets cancelled: 324) [12s, HWM 0.26 GB]
    E_45: |H|=6 targets 181478 canonical rows 0 nnz 0 (obstructed fixed targets cancelled: 951) [14s, HWM 0.26 GB]
    E_56: |H|=6 targets 181478 canonical rows 0 nnz 0 (obstructed fixed targets cancelled: 951) [16s, HWM 0.26 GB]
  built (6, 5, 5, 5, 1, 1, 1) d8: N_S=311618 |Stab|=36 n_chi=4700 rows=76561 nnz=254279 (31s: mono 1s orbits 15s rows 16s; HWM 0.26 GB)
  (6, 5, 5, 5, 1, 1, 1) d8 p=2147483647: a=1 n_chi=4700 NONSINGULAR [35.8s]
  (6, 5, 5, 5, 1, 1, 1) d8 p=2147483629: a=1 n_chi=4700 NONSINGULAR [34.0s]
BANKED (6, 5, 5, 5, 1, 1, 1) d8: CERTIFIED i = 0: [E; Ev] NONSINGULAR at both primes (proves mult = a over Q)
      level 1: 49 prefixes
      level 2: 746 prefixes
      level 3: 5712 prefixes
      level 4: 24267 prefixes
      level 5: 63654 prefixes
      level 6: 99338 prefixes
      level 7: 105462 prefixes
      level 8: 105462 prefixes
  lam=(8, 6, 5, 2, 1, 1, 1): N_S=105462 |Stab|=6 n_chi=8504 (orbits dropped: 19208) [lean, 1s, HWM 0.26 GB]
    E_01: |H|=6 targets 84779 canonical rows 6733 nnz 28726 (obstructed fixed targets cancelled: 9873) [1s, HWM 0.26 GB]
    E_12: |H|=6 targets 86443 canonical rows 6839 nnz 25911 (obstructed fixed targets cancelled: 7905) [2s, HWM 0.26 GB]
    E_23: |H|=6 targets 49914 canonical rows 3812 nnz 13542 (obstructed fixed targets cancelled: 4176) [3s, HWM 0.26 GB]
    E_34: |H|=2 targets 46167 canonical rows 17014 nnz 25512 (obstructed fixed targets cancelled: 0) [3s, HWM 0.26 GB]
    E_45: |H|=1 targets 62335 canonical rows 0 nnz 0 (obstructed fixed targets cancelled: 0) [3s, HWM 0.26 GB]
    E_56: |H|=1 targets 62335 canonical rows 0 nnz 0 (obstructed fixed targets cancelled: 0) [3s, HWM 0.26 GB]
  built (8, 6, 5, 2, 1, 1, 1) d8: N_S=105462 |Stab|=6 n_chi=8504 rows=34398 nnz=93691 (5s: mono 0s orbits 1s rows 3s; HWM 0.26 GB)
  (8, 6, 5, 2, 1, 1, 1) d8 p=2147483647: a=1 n_chi=8504 NONSINGULAR [35.9s]
  (8, 6, 5, 2, 1, 1, 1) d8 p=2147483629: a=1 n_chi=8504 NONSINGULAR [37.2s]
BANKED (8, 6, 5, 2, 1, 1, 1) d8: CERTIFIED i = 0: [E; Ev] NONSINGULAR at both primes (proves mult = a over Q)
      level 1: 38 prefixes
      level 2: 776 prefixes
      level 3: 6946 prefixes
      level 4: 36102 prefixes
      level 5: 114417 prefixes
      level 6: 221084 prefixes
      level 7: 254060 prefixes
      level 8: 254060 prefixes
  lam=(7, 5, 5, 4, 1, 1, 1): N_S=254060 |Stab|=12 n_chi=11127 (orbits dropped: 21765) [lean, 4s, HWM 0.26 GB]
    E_01: |H|=6 targets 192851 canonical rows 16337 nnz 68527 (obstructed fixed targets cancelled: 19644) [2s, HWM 0.26 GB]
    E_12: |H|=6 targets 227008 canonical rows 19464 nnz 68206 (obstructed fixed targets cancelled: 16476) [5s, HWM 0.26 GB]
    E_23: |H|=6 targets 195449 canonical rows 16652 nnz 59821 (obstructed fixed targets cancelled: 14361) [7s, HWM 0.26 GB]
    E_34: |H|=4 targets 77713 canonical rows 15332 nnz 32972 (obstructed fixed targets cancelled: 252) [8s, HWM 0.26 GB]
    E_45: |H|=2 targets 148371 canonical rows 0 nnz 0 (obstructed fixed targets cancelled: 277) [9s, HWM 0.26 GB]
    E_56: |H|=2 targets 148371 canonical rows 0 nnz 0 (obstructed fixed targets cancelled: 277) [10s, HWM 0.26 GB]
  built (7, 5, 5, 4, 1, 1, 1) d8: N_S=254060 |Stab|=12 n_chi=11127 rows=67785 nnz=229526 (14s: mono 1s orbits 4s rows 10s; HWM 0.26 GB)
  (7, 5, 5, 4, 1, 1, 1) d8 p=2147483647: a=1 n_chi=11127 NONSINGULAR [93.1s]
  (7, 5, 5, 4, 1, 1, 1) d8 p=2147483629: a=1 n_chi=11127 NONSINGULAR [89.1s]
BANKED (7, 5, 5, 4, 1, 1, 1) d8: CERTIFIED i = 0: [E; Ev] NONSINGULAR at both primes (proves mult = a over Q)
      level 1: 60 prefixes
      level 2: 1303 prefixes
      level 3: 14067 prefixes
      level 4: 79237 prefixes
      level 5: 224695 prefixes
      level 6: 303961 prefixes
      level 7: 309494 prefixes
      level 8: 309494 prefixes
  lam=(9, 4, 4, 2, 2, 2, 1): N_S=309494 |Stab|=12 n_chi=30704 (orbits dropped: 0) [lean, 5s, HWM 0.26 GB]
    E_01: |H|=6 targets 181295 canonical rows 35549 nnz 168609 (obstructed fixed targets cancelled: 0) [3s, HWM 0.26 GB]
    E_12: |H|=6 targets 266409 canonical rows 51769 nnz 164954 (obstructed fixed targets cancelled: 0) [6s, HWM 0.26 GB]
    E_23: |H|=2 targets 161406 canonical rows 85299 nnz 279507 (obstructed fixed targets cancelled: 0) [8s, HWM 0.26 GB]
    E_34: |H|=2 targets 227915 canonical rows 115609 nnz 240923 (obstructed fixed targets cancelled: 0) [10s, HWM 0.26 GB]
    E_45: |H|=2 targets 227915 canonical rows 115609 nnz 240923 (obstructed fixed targets cancelled: 0) [12s, HWM 0.26 GB]
    E_56: |H|=4 targets 133637 canonical rows 36326 nnz 82924 (obstructed fixed targets cancelled: 0) [13s, HWM 0.26 GB]
  built (9, 4, 4, 2, 2, 2, 1) d8: N_S=309494 |Stab|=12 n_chi=30704 rows=440161 nnz=1177840 (20s: mono 2s orbits 5s rows 13s; HWM 0.26 GB)
  (9, 4, 4, 2, 2, 2, 1) d8 p=2147483647: a=1 n_chi=30704 NONSINGULAR [1200.8s]
