bash: line 1: ulimit: virtual memory: cannot modify limit: Operation not permitted
      level 1: 36 prefixes
      level 2: 389 prefixes
      level 3: 2054 prefixes
      level 4: 7340 prefixes
      level 5: 17960 prefixes
      level 6: 29026 prefixes
      level 7: 34332 prefixes
      level 8: 35534 prefixes
      level 9: 35626 prefixes
      level 10: 35626 prefixes
      level 11: 35626 prefixes
      level 12: 35626 prefixes
      level 13: 35626 prefixes
      level 14: 35626 prefixes
  lam=(37, 13, 4, 1, 1): N_S=35626 |Stab|=2 n_chi=13252 (orbits dropped: 9122) [lean-b10, 0s, HWM 0.07 GB]
    E_01: |H|=2 targets 28168 canonical rows 10425 nnz 57424 (triples 102470; obstructed fixed targets cancelled: 2786) [tables 0s rows 0s finish 0.0s; 0s, HWM 0.07 GB, RSS 0.07 GB]
    E_12: |H|=2 targets 20138 canonical rows 7382 nnz 32832 (triples 42124; obstructed fixed targets cancelled: 1344) [tables 0s rows 0s finish 0.0s; 0s, HWM 0.07 GB, RSS 0.07 GB]
    E_23: |H|=1 targets 12793 canonical rows 12617 nnz 26504 (triples 26504; obstructed fixed targets cancelled: 0) [tables 0s rows 0s finish 0.0s; 0s, HWM 0.07 GB, RSS 0.07 GB]
    E_34: |H|=1 targets 22374 canonical rows 0 nnz 0 (triples 26504; obstructed fixed targets cancelled: 0) [tables 0s rows 0s finish 0.0s; 0s, HWM 0.07 GB, RSS 0.07 GB]
  built-lean (37, 13, 4, 1, 1) d14: N_S=35626 |Stab|=2 n_chi=13252 rows=30424 nnz=116760 (1s: mono 0s orbits 0s rows 0s; HWM 0.07 GB; E.data int16)
RUN {"builder": "lean", "lam": [37, 13, 4, 1, 1], "delta": 14, "N_S": 35626, "n_chi": 13252, "nrows": 30424, "nnz": 116760, "secs": {"total": 0.68, "mono": 0.12, "orbits": 0.03, "rows": 0.37}, "hwm_gb": 0.0681, "hwm_above_baseline_gb": 0.0324}
