bash: line 1: ulimit: virtual memory: cannot modify limit: Operation not permitted
      level 1: 59 prefixes
      level 2: 817 prefixes
      level 3: 5029 prefixes
      level 4: 16213 prefixes
      level 5: 26455 prefixes
      level 6: 29298 prefixes
      level 7: 29504 prefixes
      level 8: 29504 prefixes
      level 9: 29504 prefixes
      level 10: 29504 prefixes
      level 11: 29504 prefixes
  lam=(29, 9, 3, 1, 1, 1): N_S=29504 |Stab|=6 n_chi=1816 (orbits dropped: 6910) [lean, 0s, HWM 0.05 GB]
    E_01: |H|=6 targets 20980 canonical rows 1256 nnz 6275 (obstructed fixed targets cancelled: 3438) [0s, HWM 0.07 GB]
    E_12: |H|=6 targets 15834 canonical rows 884 nnz 3482 (obstructed fixed targets cancelled: 1728) [0s, HWM 0.07 GB]
    E_23: |H|=2 targets 11789 canonical rows 3930 nnz 5448 (obstructed fixed targets cancelled: 0) [0s, HWM 0.07 GB]
    E_34: |H|=1 targets 18207 canonical rows 0 nnz 0 (obstructed fixed targets cancelled: 0) [0s, HWM 0.07 GB]
    E_45: |H|=1 targets 18207 canonical rows 0 nnz 0 (obstructed fixed targets cancelled: 0) [1s, HWM 0.07 GB]
  built (29, 9, 3, 1, 1, 1) d11: N_S=29504 |Stab|=6 n_chi=1816 rows=6070 nnz=15205 (1s: mono 0s orbits 0s rows 1s; HWM 0.07 GB)
RUN {"builder": "old", "lam": [29, 9, 3, 1, 1, 1], "delta": 11, "N_S": 29504, "n_chi": 1816, "nrows": 6070, "nnz": 15205, "secs": {"total": 0.92, "mono": 0.13, "orbits": 0.09, "rows": 0.7}, "hwm_gb": 0.0734, "hwm_above_baseline_gb": 0.0376}
