{"process_memory_cap_mib": 768, "pid": 48504, "memory": {"length": 64, "load": 76, "total_phys": 33752997888, "available_phys": 7784730624, "total_page": 44490416128, "available_page": 8380526592, "total_virtual": 140737488224256, "available_virtual": 140733073817600, "extended": 0}}
dimension control 2 4 (4, 4) 1
dimension control 6 4 (8, 8, 8) 2
dimension control 3 3 (7, 2) 1
block 1 (41, 17, 2, 2, 2, 2, 2, 2, 2) 31 seconds 19.48971128463745
block 2 (42, 16, 2, 2, 2, 2, 2, 2, 2) 29 seconds 10.298074722290039
block 3 (42, 17, 2, 2, 2, 2, 2, 2, 1) 14 seconds 0.009999752044677734
block 4 (43, 15, 2, 2, 2, 2, 2, 2, 2) 26 seconds 7.606001138687134
block 5 (43, 16, 2, 2, 2, 2, 2, 2, 1) 14 seconds 0.010002374649047852
block 6 (43, 17, 2, 2, 2, 2, 2, 2) 28 seconds 4.4421093463897705
block 7 (44, 14, 2, 2, 2, 2, 2, 2, 2) 24 seconds 6.856860637664795
block 8 (44, 15, 2, 2, 2, 2, 2, 2, 1) 12 seconds 0.009999275207519531
block 9 (44, 16, 2, 2, 2, 2, 2, 2) 26 seconds 2.461738109588623
block 10 (45, 13, 2, 2, 2, 2, 2, 2, 2) 21 seconds 6.2526984214782715
block 11 (45, 14, 2, 2, 2, 2, 2, 2, 1) 11 seconds 0.010510444641113281
block 12 (45, 15, 2, 2, 2, 2, 2, 2) 24 seconds 1.8153800964355469
block 13 (46, 12, 2, 2, 2, 2, 2, 2, 2) 19 seconds 5.749668121337891
block 14 (46, 13, 2, 2, 2, 2, 2, 2, 1) 10 seconds 0.009999513626098633
block 15 (46, 14, 2, 2, 2, 2, 2, 2) 22 seconds 1.6095969676971436
block 16 (47, 11, 2, 2, 2, 2, 2, 2, 2) 16 seconds 10896.787341117859
block 17 (47, 12, 2, 2, 2, 2, 2, 2, 1) 9 seconds 0.011711835861206055
block 18 (47, 13, 2, 2, 2, 2, 2, 2) 19 seconds 1.579906702041626
block 19 (48, 10, 2, 2, 2, 2, 2, 2, 2) 14 seconds 5.543358564376831
block 20 (48, 11, 2, 2, 2, 2, 2, 2, 1) 7 seconds 0.010679244995117188
block 21 (48, 12, 2, 2, 2, 2, 2, 2) 18 seconds 1.6131365299224854
block 22 (49, 9, 2, 2, 2, 2, 2, 2, 2) 11 seconds 5.671656608581543
block 23 (49, 10, 2, 2, 2, 2, 2, 2, 1) 7 seconds 0.010564804077148438
block 24 (49, 11, 2, 2, 2, 2, 2, 2) 15 seconds 1.4242632389068604
block 25 (50, 8, 2, 2, 2, 2, 2, 2, 2) 9 seconds 4.52818751335144
block 26 (50, 9, 2, 2, 2, 2, 2, 2, 1) 5 seconds 0.010943174362182617
block 27 (50, 10, 2, 2, 2, 2, 2, 2) 13 seconds 1.3242299556732178
block 28 (51, 7, 2, 2, 2, 2, 2, 2, 2) 6 seconds 3.781419038772583
block 29 (51, 8, 2, 2, 2, 2, 2, 2, 1) 4 seconds 0.019008874893188477
block 30 (51, 9, 2, 2, 2, 2, 2, 2) 11 seconds 1.2263286113739014
block 31 (52, 6, 2, 2, 2, 2, 2, 2, 2) 5 seconds 3.0301709175109863
block 32 (52, 7, 2, 2, 2, 2, 2, 2, 1) 3 seconds 0.01518392562866211
block 33 (52, 8, 2, 2, 2, 2, 2, 2) 9 seconds 1.3128323554992676
block 34 (53, 5, 2, 2, 2, 2, 2, 2, 2) 3 seconds 2.342127561569214
block 35 (53, 6, 2, 2, 2, 2, 2, 2, 1) 2 seconds 0.010509252548217773
block 36 (53, 7, 2, 2, 2, 2, 2, 2) 6 seconds 1.063732624053955
block 37 (54, 4, 2, 2, 2, 2, 2, 2, 2) 2 seconds 1.101273536682129
block 38 (54, 5, 2, 2, 2, 2, 2, 2, 1) 1 seconds 0.01599884033203125
block 39 (54, 6, 2, 2, 2, 2, 2, 2) 5 seconds 0.889458417892456
block 40 (55, 3, 2, 2, 2, 2, 2, 2, 2) 1 seconds 0.3592538833618164
block 41 (55, 4, 2, 2, 2, 2, 2, 2, 1) 1 seconds 0.00999903678894043
block 42 (55, 5, 2, 2, 2, 2, 2, 2) 3 seconds 0.6785271167755127
block 43 (56, 2, 2, 2, 2, 2, 2, 2, 2) 1 seconds 0.06951117515563965
block 44 (56, 3, 2, 2, 2, 2, 2, 2, 1) 0 seconds 0.008997201919555664
block 45 (56, 4, 2, 2, 2, 2, 2, 2) 2 seconds 0.41873621940612793
block 46 (57, 2, 2, 2, 2, 2, 2, 2, 1) 0 seconds 0.038994789123535156
block 47 (57, 3, 2, 2, 2, 2, 2, 2) 1 seconds 0.14892935752868652
block 48 (58, 2, 2, 2, 2, 2, 2, 2) 1 seconds 0.033003807067871094
