      level 1: 65 prefixes
      level 2: 1593 prefixes
      level 3: 17731 prefixes
      level 4: 79944 prefixes
      level 5: 133158 prefixes
      level 6: 138754 prefixes
      level 7: 138754 prefixes
      level 8: 138754 prefixes
  lam=(11, 3, 2, 2, 2, 2, 2): N_S=138754 |Stab|=120 n_chi=2140 (orbits dropped: 0) [lean, 17s, HWM 0.19 GB]
    E_01: |H|=120 targets 63711 canonical rows 1067 nnz 4539 (obstructed fixed targets cancelled: 0) [8s, HWM 0.19 GB]
    E_12: |H|=24 targets 84997 canonical rows 5124 nnz 13439 (obstructed fixed targets cancelled: 0) [10s, HWM 0.19 GB]
    E_23: |H|=6 targets 102776 canonical rows 20381 nnz 40625 (obstructed fixed targets cancelled: 0) [11s, HWM 0.19 GB]
    E_34: |H|=6 targets 102776 canonical rows 20381 nnz 40625 (obstructed fixed targets cancelled: 0) [12s, HWM 0.19 GB]
    E_45: |H|=6 targets 102776 canonical rows 20381 nnz 40625 (obstructed fixed targets cancelled: 0) [13s, HWM 0.19 GB]
    E_56: |H|=6 targets 102776 canonical rows 20381 nnz 40625 (obstructed fixed targets cancelled: 0) [15s, HWM 0.19 GB]
  built (11, 3, 2, 2, 2, 2, 2) d8: N_S=138754 |Stab|=120 n_chi=2140 rows=87715 nnz=180478 (32s: mono 1s orbits 17s rows 15s; HWM 0.19 GB)
  (11, 3, 2, 2, 2, 2, 2) d8 p=2147483647: a=1 n_chi=2140 NONSINGULAR [11.8s]
  (11, 3, 2, 2, 2, 2, 2) d8 p=2147483629: a=1 n_chi=2140 NONSINGULAR [12.3s]
BANKED (11, 3, 2, 2, 2, 2, 2) d8: CERTIFIED i = 0: [E; Ev] NONSINGULAR at both primes (proves mult = a over Q)
      level 1: 65 prefixes
      level 2: 1594 prefixes
      level 3: 17622 prefixes
      level 4: 96308 prefixes
      level 5: 264477 prefixes
      level 6: 355637 prefixes
      level 7: 361997 prefixes
      level 8: 361997 prefixes
  lam=(9, 5, 2, 2, 2, 2, 2): N_S=361997 |Stab|=120 n_chi=5180 (orbits dropped: 0) [lean, 57s, HWM 0.23 GB]
    E_01: |H|=120 targets 245689 canonical rows 3649 nnz 15776 (obstructed fixed targets cancelled: 0) [36s, HWM 0.24 GB]
    E_12: |H|=24 targets 168763 canonical rows 9848 nnz 34208 (obstructed fixed targets cancelled: 0) [42s, HWM 0.24 GB]
    E_23: |H|=6 targets 266409 canonical rows 51769 nnz 105930 (obstructed fixed targets cancelled: 0) [46s, HWM 0.24 GB]
    E_34: |H|=6 targets 266409 canonical rows 51769 nnz 105930 (obstructed fixed targets cancelled: 0) [49s, HWM 0.24 GB]
    E_45: |H|=6 targets 266409 canonical rows 51769 nnz 105930 (obstructed fixed targets cancelled: 0) [52s, HWM 0.25 GB]
    E_56: |H|=6 targets 266409 canonical rows 51769 nnz 105930 (obstructed fixed targets cancelled: 0) [56s, HWM 0.25 GB]
  built (9, 5, 2, 2, 2, 2, 2) d8: N_S=361997 |Stab|=120 n_chi=5180 rows=220573 nnz=473704 (114s: mono 1s orbits 57s rows 56s; HWM 0.25 GB)
  (9, 5, 2, 2, 2, 2, 2) d8 p=2147483647: a=1 n_chi=5180 NONSINGULAR [83.5s]
  (9, 5, 2, 2, 2, 2, 2) d8 p=2147483629: a=1 n_chi=5180 NONSINGULAR [83.9s]
BANKED (9, 5, 2, 2, 2, 2, 2) d8: CERTIFIED i = 0: [E; Ev] NONSINGULAR at both primes (proves mult = a over Q)
      level 1: 60 prefixes
      level 2: 1299 prefixes
      level 3: 11959 prefixes
      level 4: 53362 prefixes
      level 5: 112532 prefixes
      level 6: 128557 prefixes
      level 7: 128905 prefixes
      level 8: 128905 prefixes
  lam=(10, 5, 2, 2, 2, 2, 1): N_S=128905 |Stab|=24 n_chi=7604 (orbits dropped: 0) [lean, 3s, HWM 0.25 GB]
    E_01: |H|=24 targets 84997 canonical rows 5124 nnz 23468 (obstructed fixed targets cancelled: 0) [3s, HWM 0.25 GB]
    E_12: |H|=6 targets 61185 canonical rows 12274 nnz 42685 (obstructed fixed targets cancelled: 0) [3s, HWM 0.25 GB]
    E_23: |H|=2 targets 95393 canonical rows 50603 nnz 102779 (obstructed fixed targets cancelled: 0) [4s, HWM 0.25 GB]
    E_34: |H|=2 targets 95393 canonical rows 50603 nnz 102779 (obstructed fixed targets cancelled: 0) [5s, HWM 0.25 GB]
    E_45: |H|=2 targets 95393 canonical rows 50603 nnz 102779 (obstructed fixed targets cancelled: 0) [6s, HWM 0.25 GB]
    E_56: |H|=6 targets 56564 canonical rows 11499 nnz 25480 (obstructed fixed targets cancelled: 0) [6s, HWM 0.25 GB]
  built (10, 5, 2, 2, 2, 2, 1) d8: N_S=128905 |Stab|=24 n_chi=7604 rows=180706 nnz=399970 (10s: mono 1s orbits 3s rows 6s; HWM 0.25 GB)
  (10, 5, 2, 2, 2, 2, 1) d8 p=2147483647: a=1 n_chi=7604 NONSINGULAR [96.4s]
  (10, 5, 2, 2, 2, 2, 1) d8 p=2147483629: a=1 n_chi=7604 NONSINGULAR [96.8s]
BANKED (10, 5, 2, 2, 2, 2, 1) d8: CERTIFIED i = 0: [E; Ev] NONSINGULAR at both primes (proves mult = a over Q)
      level 1: 60 prefixes
      level 2: 1237 prefixes
      level 3: 10464 prefixes
      level 4: 45708 prefixes
      level 5: 118261 prefixes
      level 6: 181880 prefixes
      level 7: 192491 prefixes
      level 8: 192491 prefixes
  lam=(8, 7, 2, 2, 2, 2, 1): N_S=192491 |Stab|=24 n_chi=11160 (orbits dropped: 0) [lean, 5s, HWM 0.25 GB]
    E_01: |H|=24 targets 168763 canonical rows 9848 nnz 42736 (obstructed fixed targets cancelled: 0) [5s, HWM 0.25 GB]
    E_12: |H|=6 targets 77138 canonical rows 15390 nnz 63581 (obstructed fixed targets cancelled: 0) [6s, HWM 0.25 GB]
    E_23: |H|=2 targets 141991 canonical rows 75101 nnz 154255 (obstructed fixed targets cancelled: 0) [7s, HWM 0.25 GB]
    E_34: |H|=2 targets 141991 canonical rows 75101 nnz 154255 (obstructed fixed targets cancelled: 0) [9s, HWM 0.25 GB]
    E_45: |H|=2 targets 141991 canonical rows 75101 nnz 154255 (obstructed fixed targets cancelled: 0) [10s, HWM 0.25 GB]
    E_56: |H|=6 targets 83752 canonical rows 16857 nnz 37727 (obstructed fixed targets cancelled: 0) [11s, HWM 0.25 GB]
  built (8, 7, 2, 2, 2, 2, 1) d8: N_S=192491 |Stab|=24 n_chi=11160 rows=267398 nnz=606809 (16s: mono 1s orbits 5s rows 11s; HWM 0.25 GB)
  (8, 7, 2, 2, 2, 2, 1) d8 p=2147483647: a=1 n_chi=11160 NONSINGULAR [214.9s]
  (8, 7, 2, 2, 2, 2, 1) d8 p=2147483629: a=1 n_chi=11160 NONSINGULAR [224.9s]
BANKED (8, 7, 2, 2, 2, 2, 1) d8: CERTIFIED i = 0: [E; Ev] NONSINGULAR at both primes (proves mult = a over Q)
      level 1: 49 prefixes
      level 2: 809 prefixes
      level 3: 6898 prefixes
      level 4: 33250 prefixes
      level 5: 96999 prefixes
      level 6: 156337 prefixes
      level 7: 166125 prefixes
      level 8: 166125 prefixes
  lam=(8, 5, 5, 3, 1, 1, 1): N_S=166125 |Stab|=12 n_chi=7063 (orbits dropped: 14768) [lean, 2s, HWM 0.25 GB]
    E_01: |H|=6 targets 119203 canonical rows 9759 nnz 42520 (obstructed fixed targets cancelled: 13806) [1s, HWM 0.25 GB]
    E_12: |H|=6 targets 148618 canonical rows 12347 nnz 42542 (obstructed fixed targets cancelled: 10986) [3s, HWM 0.25 GB]
    E_23: |H|=6 targets 105462 canonical rows 8504 nnz 30390 (obstructed fixed targets cancelled: 8274) [4s, HWM 0.25 GB]
    E_34: |H|=4 targets 59497 canonical rows 11641 nnz 20913 (obstructed fixed targets cancelled: 154) [5s, HWM 0.25 GB]
    E_45: |H|=2 targets 97524 canonical rows 0 nnz 0 (obstructed fixed targets cancelled: 197) [5s, HWM 0.25 GB]
    E_56: |H|=2 targets 97524 canonical rows 0 nnz 0 (obstructed fixed targets cancelled: 197) [6s, HWM 0.25 GB]
  built (8, 5, 5, 3, 1, 1, 1) d8: N_S=166125 |Stab|=12 n_chi=7063 rows=42251 nnz=136365 (9s: mono 1s orbits 2s rows 6s; HWM 0.25 GB)
  (8, 5, 5, 3, 1, 1, 1) d8 p=2147483647: a=1 n_chi=7063 NONSINGULAR [34.4s]
  (8, 5, 5, 3, 1, 1, 1) d8 p=2147483629: a=1 n_chi=7063 NONSINGULAR [32.9s]
BANKED (8, 5, 5, 3, 1, 1, 1) d8: CERTIFIED i = 0: [E; Ev] NONSINGULAR at both primes (proves mult = a over Q)
      level 1: 65 prefixes
      level 2: 1644 prefixes
      level 3: 20116 prefixes
      level 4: 131465 prefixes
      level 5: 467442 prefixes
      level 6: 793017 prefixes
      level 7: 843890 prefixes
      level 8: 843890 prefixes
  lam=(8, 4, 4, 2, 2, 2, 2): N_S=843890 |Stab|=48 n_chi=23896 (orbits dropped: 0) [lean, 71s, HWM 0.27 GB]
    E_01: |H|=24 targets 513478 canonical rows 28709 nnz 129950 (obstructed fixed targets cancelled: 0) [21s, HWM 0.28 GB]
    E_12: |H|=24 targets 724458 canonical rows 39914 nnz 127100 (obstructed fixed targets cancelled: 0) [52s, HWM 0.32 GB]
    E_23: |H|=6 targets 434774 canonical rows 83749 nnz 276451 (obstructed fixed targets cancelled: 0) [58s, HWM 0.32 GB]
    E_34: |H|=4 targets 618408 canonical rows 164405 nnz 346730 (obstructed fixed targets cancelled: 0) [64s, HWM 0.32 GB]
    E_45: |H|=4 targets 618408 canonical rows 164405 nnz 346730 (obstructed fixed targets cancelled: 0) [71s, HWM 0.32 GB]
    E_56: |H|=4 targets 618408 canonical rows 164405 nnz 346730 (obstructed fixed targets cancelled: 0) [79s, HWM 0.32 GB]
  built (8, 4, 4, 2, 2, 2, 2) d8: N_S=843890 |Stab|=48 n_chi=23896 rows=645587 nnz=1573691 (152s: mono 3s orbits 71s rows 79s; HWM 0.32 GB)
