PASS six integral n3 fillings have the correct seven-row degree-12 weight
PASS n3 det 2147483647: exact Leibniz minor agrees
PASS n3 determinant candidate vanishes on banked matrix at 2147483647
PASS n3 det 2147483629: exact Leibniz minor agrees
PASS n3 determinant candidate vanishes on banked matrix at 2147483629
PASS n3 unpadded_per3 2147483647: exact Leibniz minor agrees
PASS n3 unpadded_per3 2147483629: exact Leibniz minor agrees
PASS n3 controls cover both house primes and both families
PASS ell*per2 has exactly five essential variables
PASS LMR source has 273 earlier rows and one degree-24 birth
PASS LMR det 2147483647: exact point data reproduce every u value
PASS LMR det 2147483647: no u-zero column
PASS LMR det 2147483647: transported rank 273
PASS LMR pad 2147483647: exact point data reproduce every u value
PASS LMR pad 2147483647: no u-zero column
PASS LMR pad 2147483647: transported rank 269
PASS LMR gen 2147483647: exact point data reproduce every u value
PASS LMR gen 2147483647: no u-zero column
PASS LMR gen 2147483647: transported rank 274
PASS LMR det 2147483629: exact point data reproduce every u value
PASS LMR det 2147483629: no u-zero column
PASS LMR det 2147483629: transported rank 273
PASS LMR pad 2147483629: exact point data reproduce every u value
PASS LMR pad 2147483629: no u-zero column
PASS LMR pad 2147483629: transported rank 269
PASS LMR gen 2147483629: exact point data reproduce every u value
PASS LMR gen 2147483629: no u-zero column
PASS LMR gen 2147483629: transported rank 274
{"checks": 28, "all_pass": true, "seconds": 20.453}
