
=== rank 1/5 ((6, 5, 5, 2, 1, 1, 1), 7) N_S 48122 a 1 NS*delta 336854 2026-09-10T00:42:24.251771
      level 1: 37 prefixes
      level 2: 655 prefixes
      level 3: 4695 prefixes
      level 4: 17591 prefixes
      level 5: 38722 prefixes
      level 6: 48122 prefixes
      level 7: 48122 prefixes
  lam=(6, 5, 5, 2, 1, 1, 1): N_S=48122 |Stab|=12 n_chi=1973 (orbits dropped: 4501) [lean, 0s, HWM 0.08 GB]
    E_01: |H|=6 targets 39510 canonical rows 3110 nnz 11610 (obstructed fixed targets cancelled: 3999) [0s, HWM 0.08 GB]
    E_12: |H|=6 targets 43149 canonical rows 3410 nnz 11445 (obstructed fixed targets cancelled: 3684) [0s, HWM 0.08 GB]
    E_23: |H|=6 targets 22750 canonical rows 1726 nnz 6078 (obstructed fixed targets cancelled: 2079) [0s, HWM 0.08 GB]
    E_34: |H|=4 targets 21053 canonical rows 3869 nnz 5810 (obstructed fixed targets cancelled: 42) [0s, HWM 0.08 GB]
    E_45: |H|=2 targets 28449 canonical rows 0 nnz 0 (obstructed fixed targets cancelled: 88) [1s, HWM 0.08 GB]
    E_56: |H|=2 targets 28449 canonical rows 0 nnz 0 (obstructed fixed targets cancelled: 88) [1s, HWM 0.08 GB]
  built (6, 5, 5, 2, 1, 1, 1) d7: N_S=48122 |Stab|=12 n_chi=1973 rows=12115 nnz=34943 (1s: mono 0s orbits 0s rows 1s; HWM 0.08 GB)
    hybrid[per7 6_5_5_2_1_1_1d7] p=2147483647 attempt 0: |S|=1972 |U|=1 (a=1, excess 0) m=65 blocks 1x1 projected nullity 1, verified=True, rank 1 [split 0.0s trisolve 0.0s schur 0.0s null 0.0s lift 0.0s rank 0.0s]
  per7 (6, 5, 5, 2, 1, 1, 1) d7 p=2147483647: a=1 n_chi=1973 mult=1 units=0 [0.0s]
    hybrid[per7 6_5_5_2_1_1_1d7] p=2147483629 attempt 0: |S|=1972 |U|=1 (a=1, excess 0) m=65 blocks 1x1 projected nullity 1, verified=True, rank 1 [split 0.0s trisolve 0.0s schur 0.0s null 0.0s lift 0.0s rank 0.0s]
  per7 (6, 5, 5, 2, 1, 1, 1) d7 p=2147483629: a=1 n_chi=1973 mult=1 units=0 [0.0s]
  PER7 RESULT (6, 5, 5, 2, 1, 1, 1) d7: a=1 N_S=48122 n_chi=1973 mult=1 units=0 proved: mult = a at both primes (S_mu not in the ideal over Q) (1.1s, HWM 0.08 GB)

=== rank 2/5 ((6, 6, 3, 3, 1, 1, 1), 7) N_S 52386 a 1 NS*delta 366702 2026-09-10T00:42:26.374595
      level 1: 38 prefixes
      level 2: 743 prefixes
      level 3: 5502 prefixes
      level 4: 20105 prefixes
      level 5: 42683 prefixes
      level 6: 52386 prefixes
      level 7: 52386 prefixes
  lam=(6, 6, 3, 3, 1, 1, 1): N_S=52386 |Stab|=24 n_chi=1092 (orbits dropped: 2593) [lean, 0s, HWM 0.08 GB]
    E_01: |H|=12 targets 47951 canonical rows 1970 nnz 7082 (obstructed fixed targets cancelled: 4566) [0s, HWM 0.08 GB]
    E_12: |H|=6 targets 30588 canonical rows 2349 nnz 8770 (obstructed fixed targets cancelled: 3180) [0s, HWM 0.08 GB]
    E_23: |H|=12 targets 43149 canonical rows 1672 nnz 4137 (obstructed fixed targets cancelled: 2496) [1s, HWM 0.08 GB]
    E_34: |H|=4 targets 18941 canonical rows 3641 nnz 6235 (obstructed fixed targets cancelled: 40) [1s, HWM 0.08 GB]
    E_45: |H|=4 targets 30926 canonical rows 0 nnz 0 (obstructed fixed targets cancelled: 193) [1s, HWM 0.08 GB]
    E_56: |H|=4 targets 30926 canonical rows 0 nnz 0 (obstructed fixed targets cancelled: 193) [1s, HWM 0.08 GB]
  built (6, 6, 3, 3, 1, 1, 1) d7: N_S=52386 |Stab|=24 n_chi=1092 rows=9632 nnz=26224 (2s: mono 0s orbits 0s rows 1s; HWM 0.08 GB)
    hybrid[per7 6_6_3_3_1_1_1d7] p=2147483647 attempt 0: |S|=1091 |U|=1 (a=1, excess 0) m=65 blocks 1x1 projected nullity 1, verified=True, rank 1 [split 0.0s trisolve 0.0s schur 0.0s null 0.0s lift 0.0s rank 0.0s]
  per7 (6, 6, 3, 3, 1, 1, 1) d7 p=2147483647: a=1 n_chi=1092 mult=1 units=0 [0.0s]
    hybrid[per7 6_6_3_3_1_1_1d7] p=2147483629 attempt 0: |S|=1091 |U|=1 (a=1, excess 0) m=65 blocks 1x1 projected nullity 1, verified=True, rank 1 [split 0.0s trisolve 0.0s schur 0.0s null 0.0s lift 0.0s rank 0.0s]
  per7 (6, 6, 3, 3, 1, 1, 1) d7 p=2147483629: a=1 n_chi=1092 mult=1 units=0 [0.0s]
  PER7 RESULT (6, 6, 3, 3, 1, 1, 1) d7: a=1 N_S=52386 n_chi=1092 mult=1 units=0 proved: mult = a at both primes (S_mu not in the ideal over Q) (1.7s, HWM 0.08 GB)

=== rank 3/5 ((9, 2, 2, 2, 2, 2, 2), 7) N_S 56316 a 1 NS*delta 394212 2026-09-10T00:42:28.996514
      level 1: 60 prefixes
      level 2: 1317 prefixes
      level 3: 12455 prefixes
      level 4: 42875 prefixes
      level 5: 55928 prefixes
      level 6: 56316 prefixes
      level 7: 56316 prefixes
  lam=(9, 2, 2, 2, 2, 2, 2): N_S=56316 |Stab|=720 n_chi=239 (orbits dropped: 0) [lean, 15s, HWM 0.08 GB]
    E_01: |H|=120 targets 20633 canonical rows 361 nnz 1400 (obstructed fixed targets cancelled: 0) [1s, HWM 0.08 GB]
    E_12: |H|=24 targets 41682 canonical rows 2523 nnz 4856 (obstructed fixed targets cancelled: 0) [1s, HWM 0.08 GB]
    E_23: |H|=24 targets 41682 canonical rows 2523 nnz 4856 (obstructed fixed targets cancelled: 0) [2s, HWM 0.08 GB]
    E_34: |H|=24 targets 41682 canonical rows 2523 nnz 4856 (obstructed fixed targets cancelled: 0) [2s, HWM 0.08 GB]
    E_45: |H|=24 targets 41682 canonical rows 2523 nnz 4856 (obstructed fixed targets cancelled: 0) [2s, HWM 0.08 GB]
    E_56: |H|=24 targets 41682 canonical rows 2523 nnz 4856 (obstructed fixed targets cancelled: 0) [3s, HWM 0.08 GB]
  built (9, 2, 2, 2, 2, 2, 2) d7: N_S=56316 |Stab|=720 n_chi=239 rows=12976 nnz=25680 (18s: mono 0s orbits 15s rows 3s; HWM 0.08 GB)
    hybrid[per7 9_2_2_2_2_2_2d7] p=2147483647 attempt 0: |S|=238 |U|=1 (a=1, excess 0) m=65 blocks 1x1 projected nullity 1, verified=True, rank 1 [split 0.0s trisolve 0.0s schur 0.0s null 0.0s lift 0.0s rank 0.0s]
  per7 (9, 2, 2, 2, 2, 2, 2) d7 p=2147483647: a=1 n_chi=239 mult=1 units=0 [0.1s]
    hybrid[per7 9_2_2_2_2_2_2d7] p=2147483629 attempt 0: |S|=238 |U|=1 (a=1, excess 0) m=65 blocks 1x1 projected nullity 1, verified=True, rank 1 [split 0.0s trisolve 0.0s schur 0.0s null 0.0s lift 0.0s rank 0.0s]
  per7 (9, 2, 2, 2, 2, 2, 2) d7 p=2147483629: a=1 n_chi=239 mult=1 units=0 [0.1s]
  PER7 RESULT (9, 2, 2, 2, 2, 2, 2) d7: a=1 N_S=56316 n_chi=239 mult=1 units=0 proved: mult = a at both primes (S_mu not in the ideal over Q) (18.5s, HWM 0.08 GB)

=== rank 4/5 ((7, 5, 3, 2, 2, 1, 1), 7) N_S 64945 a 1 NS*delta 454615 2026-09-10T00:42:48.157971
      level 1: 54 prefixes
      level 2: 985 prefixes
      level 3: 7734 prefixes
      level 4: 29628 prefixes
      level 5: 58287 prefixes
      level 6: 64945 prefixes
      level 7: 64945 prefixes
  lam=(7, 5, 3, 2, 2, 1, 1): N_S=64945 |Stab|=4 n_chi=13898 (orbits dropped: 6569) [lean, 0s, HWM 0.08 GB]
    E_01: |H|=4 targets 49593 canonical rows 10541 nnz 44373 (obstructed fixed targets cancelled: 2537) [0s, HWM 0.08 GB]
    E_12: |H|=4 targets 41335 canonical rows 8750 nnz 31409 (obstructed fixed targets cancelled: 1608) [0s, HWM 0.08 GB]
    E_23: |H|=2 targets 39510 canonical rows 16071 nnz 44686 (obstructed fixed targets cancelled: 800) [0s, HWM 0.08 GB]
    E_34: |H|=2 targets 47951 canonical rows 19191 nnz 39699 (obstructed fixed targets cancelled: 416) [1s, HWM 0.08 GB]
    E_45: |H|=1 targets 28332 canonical rows 27742 nnz 52804 (obstructed fixed targets cancelled: 0) [1s, HWM 0.08 GB]
    E_56: |H|=2 targets 38323 canonical rows 0 nnz 0 (obstructed fixed targets cancelled: 0) [1s, HWM 0.08 GB]
  built (7, 5, 3, 2, 2, 1, 1) d7: N_S=64945 |Stab|=4 n_chi=13898 rows=82295 nnz=212971 (1s: mono 0s orbits 0s rows 1s; HWM 0.08 GB)
    hybrid[per7 7_5_3_2_2_1_1d7] p=2147483647 attempt 0: |S|=13897 |U|=1 (a=1, excess 0) m=65 blocks 1x1 projected nullity 1, verified=True, rank 1 [split 0.0s trisolve 0.0s schur 0.0s null 0.0s lift 0.0s rank 0.0s]
  per7 (7, 5, 3, 2, 2, 1, 1) d7 p=2147483647: a=1 n_chi=13898 mult=1 units=0 [0.1s]
    hybrid[per7 7_5_3_2_2_1_1d7] p=2147483629 attempt 0: |S|=13897 |U|=1 (a=1, excess 0) m=65 blocks 1x1 projected nullity 1, verified=True, rank 1 [split 0.0s trisolve 0.0s schur 0.0s null 0.0s lift 0.0s rank 0.0s]
  per7 (7, 5, 3, 2, 2, 1, 1) d7 p=2147483629: a=1 n_chi=13898 mult=1 units=0 [0.1s]
  PER7 RESULT (7, 5, 3, 2, 2, 1, 1) d7: a=1 N_S=64945 n_chi=13898 mult=1 units=0 proved: mult = a at both primes (S_mu not in the ideal over Q) (1.3s, HWM 0.08 GB)

=== rank 5/5 ((8, 4, 2, 2, 2, 2, 1), 7) N_S 67131 a 1 NS*delta 469917 2026-09-10T00:42:50.426084
      level 1: 59 prefixes
      level 2: 1194 prefixes
      level 3: 10235 prefixes
      level 4: 39555 prefixes
      level 5: 64613 prefixes
      level 6: 67131 prefixes
      level 7: 67131 prefixes
  lam=(8, 4, 2, 2, 2, 2, 1): N_S=67131 |Stab|=24 n_chi=3980 (orbits dropped: 0) [lean, 1s, HWM 0.08 GB]
    E_01: |H|=24 targets 41682 canonical rows 2523 nnz 10588 (obstructed fixed targets cancelled: 0) [0s, HWM 0.08 GB]
    E_12: |H|=6 targets 35291 canonical rows 7060 nnz 22227 (obstructed fixed targets cancelled: 0) [1s, HWM 0.08 GB]
    E_23: |H|=2 targets 49593 canonical rows 26312 nnz 53558 (obstructed fixed targets cancelled: 0) [1s, HWM 0.08 GB]
    E_34: |H|=2 targets 49593 canonical rows 26312 nnz 53558 (obstructed fixed targets cancelled: 0) [1s, HWM 0.08 GB]
    E_45: |H|=2 targets 49593 canonical rows 26312 nnz 53558 (obstructed fixed targets cancelled: 0) [1s, HWM 0.08 GB]
    E_56: |H|=6 targets 29416 canonical rows 6003 nnz 13287 (obstructed fixed targets cancelled: 0) [1s, HWM 0.08 GB]
  built (8, 4, 2, 2, 2, 2, 1) d7: N_S=67131 |Stab|=24 n_chi=3980 rows=94522 nnz=206776 (2s: mono 0s orbits 1s rows 1s; HWM 0.08 GB)
    hybrid[per7 8_4_2_2_2_2_1d7] p=2147483647 attempt 0: |S|=3979 |U|=1 (a=1, excess 0) m=65 blocks 1x1 projected nullity 1, verified=True, rank 1 [split 0.0s trisolve 0.0s schur 0.0s null 0.0s lift 0.0s rank 0.0s]
  per7 (8, 4, 2, 2, 2, 2, 1) d7 p=2147483647: a=1 n_chi=3980 mult=1 units=0 [0.1s]
    hybrid[per7 8_4_2_2_2_2_1d7] p=2147483629 attempt 0: |S|=3979 |U|=1 (a=1, excess 0) m=65 blocks 1x1 projected nullity 1, verified=True, rank 1 [split 0.0s trisolve 0.0s schur 0.0s null 0.0s lift 0.0s rank 0.0s]
  per7 (8, 4, 2, 2, 2, 2, 1) d7 p=2147483629: a=1 n_chi=3980 mult=1 units=0 [0.1s]
  PER7 RESULT (8, 4, 2, 2, 2, 2, 1) d7: a=1 N_S=67131 n_chi=3980 mult=1 units=0 proved: mult = a at both primes (S_mu not in the ideal over Q) (2.3s, HWM 0.08 GB)
