{"board_numbering": "batch13", "session_id": "B13-06", "pid": 45600, "start_utc": "2026-09-09T21:15:25.419108+00:00", "wall_limit_seconds": 1200, "memory_limit_bytes": 805306368, "available_physical_bytes": 6518804480, "total_physical_bytes": 33752997888, "worker_count": 1, "blas_threads": 1, "command": ["analysis/b13_06_ambient.py", "--degree", "26", "--weight", "69,21,2,2,2,2,2,2,2"], "status": "running", "wall_seconds": 0.0, "peak_process_memory_bytes": 11399168}
{"board_numbering": "batch13", "session_id": "B13-06", "partition": [69, 21, 2, 2, 2, 2, 2, 2, 2], "degree": 26, "method": "integer Weyl alternation with checked int64 tail DP; Python-int signed sum", "source_convention": "ordinary coefficient c_alpha=[s^alpha]F", "raw_weyl_terms": 4374, "distinct_sorted_weights": 1340, "nonzero_aggregated_weights": 1262, "complete": false}
terms 1 / 1262 seconds 0.02
terms 26 / 1262 seconds 0.12
terms 51 / 1262 seconds 0.34
terms 76 / 1262 seconds 0.48
terms 101 / 1262 seconds 0.77
terms 126 / 1262 seconds 0.98
terms 151 / 1262 seconds 1.3
terms 176 / 1262 seconds 1.73
terms 201 / 1262 seconds 1.98
terms 226 / 1262 seconds 2.39
terms 251 / 1262 seconds 3.16
terms 276 / 1262 seconds 3.33
terms 301 / 1262 seconds 3.67
terms 326 / 1262 seconds 4.28
terms 351 / 1262 seconds 5.11
terms 376 / 1262 seconds 5.88
terms 401 / 1262 seconds 6.11
terms 426 / 1262 seconds 6.56
terms 451 / 1262 seconds 7.34
terms 476 / 1262 seconds 8.05
terms 501 / 1262 seconds 9.78
terms 526 / 1262 seconds 10.28
terms 551 / 1262 seconds 10.58
terms 576 / 1262 seconds 10.97
terms 601 / 1262 seconds 11.58
terms 626 / 1262 seconds 12.92
terms 651 / 1262 seconds 13.69
terms 676 / 1262 seconds 15.34
terms 701 / 1262 seconds 17.81
terms 726 / 1262 seconds 18.06
terms 751 / 1262 seconds 18.59
terms 776 / 1262 seconds 19.11
terms 801 / 1262 seconds 19.73
terms 826 / 1262 seconds 20.61
terms 851 / 1262 seconds 21.89
terms 876 / 1262 seconds 23.09
terms 901 / 1262 seconds 24.8
terms 926 / 1262 seconds 27.89
terms 951 / 1262 seconds 31.56
terms 976 / 1262 seconds 31.95
terms 1001 / 1262 seconds 32.52
terms 1026 / 1262 seconds 33.44
terms 1051 / 1262 seconds 34.05
terms 1076 / 1262 seconds 35.34
terms 1101 / 1262 seconds 36.36
terms 1126 / 1262 seconds 38.28
terms 1151 / 1262 seconds 39.39
terms 1176 / 1262 seconds 42.53
terms 1201 / 1262 seconds 44.09
terms 1226 / 1262 seconds 45.77
terms 1251 / 1262 seconds 49.06
{"partition": [69, 21, 2, 2, 2, 2, 2, 2, 2], "degree": 26, "a": 531, "seconds": 52.42200000002049, "max_dp_entries": 1299078}
{"board_numbering": "batch13", "session_id": "B13-06", "pid": 45600, "start_utc": "2026-09-09T21:15:25.419108+00:00", "wall_limit_seconds": 1200, "memory_limit_bytes": 805306368, "available_physical_bytes": 6518804480, "total_physical_bytes": 33752997888, "worker_count": 1, "blas_threads": 1, "command": ["analysis/b13_06_ambient.py", "--degree", "26", "--weight", "69,21,2,2,2,2,2,2,2"], "status": "completed", "wall_seconds": 52.5, "peak_process_memory_bytes": 69611520}
