{"board_numbering": "batch13", "session_id": "B13-06", "pid": 39336, "start_utc": "2026-09-09T18:07:21.312467+00:00", "wall_limit_seconds": 1200, "memory_limit_bytes": 805306368, "available_physical_bytes": 6219030528, "total_physical_bytes": 33752997888, "worker_count": 1, "blas_threads": 1, "command": ["analysis/b13_06_ambient.py", "--degree", "24", "--weight", "65,17,2,2,2,2,2,2,2"], "status": "running", "wall_seconds": 0.0, "peak_process_memory_bytes": 11149312}
{"board_numbering": "batch13", "session_id": "B13-06", "partition": [65, 17, 2, 2, 2, 2, 2, 2, 2], "degree": 24, "method": "integer Weyl alternation with checked int64 tail DP; Python-int signed sum", "source_convention": "ordinary coefficient c_alpha=[s^alpha]F", "raw_weyl_terms": 4374, "distinct_sorted_weights": 1340, "nonzero_aggregated_weights": 1262, "complete": false}
terms 1 / 1262 seconds 0.02
terms 26 / 1262 seconds 0.11
terms 51 / 1262 seconds 0.33
terms 76 / 1262 seconds 0.44
terms 101 / 1262 seconds 0.69
terms 126 / 1262 seconds 0.91
terms 151 / 1262 seconds 1.19
terms 176 / 1262 seconds 1.56
terms 201 / 1262 seconds 1.78
terms 226 / 1262 seconds 2.14
terms 251 / 1262 seconds 2.8
terms 276 / 1262 seconds 2.95
terms 301 / 1262 seconds 3.27
terms 326 / 1262 seconds 3.78
terms 351 / 1262 seconds 4.42
terms 376 / 1262 seconds 5.05
terms 401 / 1262 seconds 5.27
terms 426 / 1262 seconds 5.66
terms 451 / 1262 seconds 6.31
terms 476 / 1262 seconds 6.92
terms 501 / 1262 seconds 8.33
terms 526 / 1262 seconds 8.73
terms 551 / 1262 seconds 9.02
terms 576 / 1262 seconds 9.36
terms 601 / 1262 seconds 9.92
terms 626 / 1262 seconds 11.05
terms 651 / 1262 seconds 11.69
terms 676 / 1262 seconds 13.0
terms 701 / 1262 seconds 14.92
terms 726 / 1262 seconds 15.16
terms 751 / 1262 seconds 15.64
terms 776 / 1262 seconds 16.11
terms 801 / 1262 seconds 16.67
terms 826 / 1262 seconds 17.44
terms 851 / 1262 seconds 18.38
terms 876 / 1262 seconds 19.22
terms 901 / 1262 seconds 20.5
terms 926 / 1262 seconds 22.81
terms 951 / 1262 seconds 25.56
terms 976 / 1262 seconds 25.91
terms 1001 / 1262 seconds 26.41
terms 1026 / 1262 seconds 27.17
terms 1051 / 1262 seconds 27.7
terms 1076 / 1262 seconds 28.86
terms 1101 / 1262 seconds 29.78
terms 1126 / 1262 seconds 31.33
terms 1151 / 1262 seconds 32.23
terms 1176 / 1262 seconds 34.59
terms 1201 / 1262 seconds 35.83
terms 1226 / 1262 seconds 37.16
terms 1251 / 1262 seconds 39.72
{"partition": [65, 17, 2, 2, 2, 2, 2, 2, 2], "degree": 24, "a": 274, "seconds": 42.45299999997951, "max_dp_entries": 984150}
{"board_numbering": "batch13", "session_id": "B13-06", "pid": 39336, "start_utc": "2026-09-09T18:07:21.312467+00:00", "wall_limit_seconds": 1200, "memory_limit_bytes": 805306368, "available_physical_bytes": 6219030528, "total_physical_bytes": 33752997888, "worker_count": 1, "blas_threads": 1, "command": ["analysis/b13_06_ambient.py", "--degree", "24", "--weight", "65,17,2,2,2,2,2,2,2"], "status": "completed", "wall_seconds": 42.53099999995902, "peak_process_memory_bytes": 67612672}
