{"process_memory_cap_mib": 768, "pid": 49768, "memory": {"length": 64, "load": 82, "total_phys": 33752997888, "available_phys": 5760012288, "total_page": 44490416128, "available_page": 6941298688, "total_virtual": 140737488224256, "available_virtual": 140733073817600, "extended": 0}}
column 4 row 0 coefficient 0 stats {'reason': 'transport monomial support exclusion', 'complete': True}
column 4 row 1 coefficient 0 stats {'reason': 'transport monomial support exclusion', 'complete': True}
column 4 row 2 coefficient 0 stats {'reason': 'transport monomial support exclusion', 'complete': True}
column 4 row 39 coefficient 0 stats {'reason': 'transport monomial support exclusion', 'complete': True}
column 4 row 273 coefficient -1510785419245967974072320 stats {'visited': 6490, 'seconds': 0.019028186798095703, 'width': 2, 'types': 10, 'complete': True}
column 4 row 3 coefficient 0 stats {'reason': 'transport monomial support exclusion', 'complete': True}
column 4 row 4 coefficient 0 stats {'reason': 'transport monomial support exclusion', 'complete': True}
column 4 row 5 coefficient 0 stats {'reason': 'transport monomial support exclusion', 'complete': True}
column 4 row 6 coefficient 0 stats {'reason': 'transport monomial support exclusion', 'complete': True}
column 4 row 7 coefficient 0 stats {'reason': 'transport monomial support exclusion', 'complete': True}
column 4 row 8 coefficient 0 stats {'reason': 'transport monomial support exclusion', 'complete': True}
column 4 row 9 coefficient 0 stats {'reason': 'transport monomial support exclusion', 'complete': True}
column 4 row 10 coefficient 0 stats {'reason': 'transport monomial support exclusion', 'complete': True}
column 4 row 11 coefficient 0 stats {'reason': 'transport monomial support exclusion', 'complete': True}
column 4 row 12 coefficient 0 stats {'reason': 'transport monomial support exclusion', 'complete': True}
column 4 row 13 coefficient 0 stats {'reason': 'transport monomial support exclusion', 'complete': True}
column 4 row 14 coefficient 0 stats {'reason': 'transport monomial support exclusion', 'complete': True}
column 4 row 15 coefficient 0 stats {'reason': 'transport monomial support exclusion', 'complete': True}
column 4 row 16 coefficient 0 stats {'reason': 'transport monomial support exclusion', 'complete': True}
column 4 row 17 coefficient 0 stats {'reason': 'transport monomial support exclusion', 'complete': True}
column 4 row 18 coefficient 0 stats {'reason': 'transport monomial support exclusion', 'complete': True}
column 4 row 19 coefficient 0 stats {'reason': 'transport monomial support exclusion', 'complete': True}
column 4 row 20 coefficient 0 stats {'reason': 'transport monomial support exclusion', 'complete': True}
column 4 row 21 coefficient 0 stats {'reason': 'transport monomial support exclusion', 'complete': True}
column 4 row 22 coefficient 0 stats {'reason': 'transport monomial support exclusion', 'complete': True}
column 4 row 23 coefficient 0 stats {'reason': 'transport monomial support exclusion', 'complete': True}
column 4 row 24 coefficient 0 stats {'reason': 'transport monomial support exclusion', 'complete': True}
column 4 row 25 coefficient 0 stats {'reason': 'transport monomial support exclusion', 'complete': True}
column 4 row 26 coefficient 0 stats {'reason': 'transport monomial support exclusion', 'complete': True}
column 4 row 27 coefficient 0 stats {'reason': 'transport monomial support exclusion', 'complete': True}
column 4 row 28 coefficient 0 stats {'reason': 'transport monomial support exclusion', 'complete': True}
column 4 row 29 coefficient 0 stats {'reason': 'transport monomial support exclusion', 'complete': True}
column 4 row 30 coefficient 0 stats {'reason': 'transport monomial support exclusion', 'complete': True}
column 4 row 31 coefficient 0 stats {'reason': 'transport monomial support exclusion', 'complete': True}
column 4 row 32 coefficient 0 stats {'reason': 'transport monomial support exclusion', 'complete': True}
column 4 row 33 coefficient 0 stats {'reason': 'transport monomial support exclusion', 'complete': True}
column 4 row 34 coefficient 0 stats {'reason': 'transport monomial support exclusion', 'complete': True}
column 4 row 35 coefficient 0 stats {'reason': 'transport monomial support exclusion', 'complete': True}
column 4 row 36 coefficient 0 stats {'reason': 'transport monomial support exclusion', 'complete': True}
column 4 row 37 coefficient 0 stats {'reason': 'transport monomial support exclusion', 'complete': True}
column 4 row 38 coefficient 0 stats {'reason': 'transport monomial support exclusion', 'complete': True}
column 4 row 40 coefficient 0 stats {'reason': 'transport monomial support exclusion', 'complete': True}
column 4 row 41 coefficient 0 stats {'reason': 'transport monomial support exclusion', 'complete': True}
column 4 row 42 coefficient 0 stats {'reason': 'transport monomial support exclusion', 'complete': True}
column 4 row 43 coefficient 0 stats {'reason': 'transport monomial support exclusion', 'complete': True}
column 4 row 44 coefficient 0 stats {'reason': 'transport monomial support exclusion', 'complete': True}
column 4 row 45 coefficient 0 stats {'reason': 'transport monomial support exclusion', 'complete': True}
column 4 row 46 coefficient 0 stats {'reason': 'transport monomial support exclusion', 'complete': True}
column 4 row 47 coefficient 0 stats {'reason': 'transport monomial support exclusion', 'complete': True}
column 4 row 48 coefficient 0 stats {'reason': 'transport monomial support exclusion', 'complete': True}
column 4 row 49 coefficient 0 stats {'reason': 'transport monomial support exclusion', 'complete': True}
column 4 row 50 coefficient 0 stats {'reason': 'transport monomial support exclusion', 'complete': True}
column 4 row 51 coefficient 0 stats {'reason': 'transport monomial support exclusion', 'complete': True}
column 4 row 52 coefficient 0 stats {'reason': 'transport monomial support exclusion', 'complete': True}
column 4 row 53 coefficient 0 stats {'reason': 'transport monomial support exclusion', 'complete': True}
column 4 row 54 coefficient 0 stats {'reason': 'transport monomial support exclusion', 'complete': True}
column 4 row 55 coefficient 0 stats {'reason': 'transport monomial support exclusion', 'complete': True}
column 4 row 56 coefficient 0 stats {'reason': 'transport monomial support exclusion', 'complete': True}
column 4 row 57 coefficient 0 stats {'reason': 'transport monomial support exclusion', 'complete': True}
column 4 row 58 coefficient 0 stats {'reason': 'transport monomial support exclusion', 'complete': True}
column 4 row 59 coefficient 0 stats {'reason': 'transport monomial support exclusion', 'complete': True}
column 4 row 60 coefficient 0 stats {'reason': 'transport monomial support exclusion', 'complete': True}
column 4 row 61 coefficient 0 stats {'reason': 'transport monomial support exclusion', 'complete': True}
column 4 row 62 coefficient 0 stats {'reason': 'transport monomial support exclusion', 'complete': True}
column 4 row 63 coefficient 0 stats {'reason': 'transport monomial support exclusion', 'complete': True}
column 4 row 64 coefficient 0 stats {'reason': 'transport monomial support exclusion', 'complete': True}
column 4 row 65 coefficient 0 stats {'reason': 'transport monomial support exclusion', 'complete': True}
column 4 row 66 coefficient 0 stats {'reason': 'transport monomial support exclusion', 'complete': True}
column 4 row 67 coefficient 0 stats {'reason': 'transport monomial support exclusion', 'complete': True}
column 4 row 68 coefficient 0 stats {'reason': 'transport monomial support exclusion', 'complete': True}
column 4 row 69 coefficient 0 stats {'reason': 'transport monomial support exclusion', 'complete': True}
column 4 row 70 coefficient 0 stats {'reason': 'transport monomial support exclusion', 'complete': True}
column 4 row 71 coefficient 0 stats {'reason': 'transport monomial support exclusion', 'complete': True}
column 4 row 72 coefficient 0 stats {'reason': 'transport monomial support exclusion', 'complete': True}
column 4 row 73 coefficient 0 stats {'reason': 'transport monomial support exclusion', 'complete': True}
column 4 row 74 coefficient 0 stats {'reason': 'transport monomial support exclusion', 'complete': True}
column 4 row 75 coefficient 0 stats {'reason': 'transport monomial support exclusion', 'complete': True}
column 4 row 76 coefficient 0 stats {'reason': 'transport monomial support exclusion', 'complete': True}
column 4 row 77 coefficient 0 stats {'reason': 'transport monomial support exclusion', 'complete': True}
column 4 row 78 coefficient 0 stats {'reason': 'transport monomial support exclusion', 'complete': True}
column 4 row 79 coefficient 0 stats {'reason': 'transport monomial support exclusion', 'complete': True}
column 4 row 80 coefficient 0 stats {'reason': 'transport monomial support exclusion', 'complete': True}
column 4 row 81 coefficient 0 stats {'reason': 'transport monomial support exclusion', 'complete': True}
column 4 row 82 coefficient 0 stats {'reason': 'transport monomial support exclusion', 'complete': True}
column 4 row 83 coefficient 0 stats {'reason': 'transport monomial support exclusion', 'complete': True}
column 4 row 84 coefficient 0 stats {'reason': 'transport monomial support exclusion', 'complete': True}
column 4 row 85 coefficient 0 stats {'reason': 'transport monomial support exclusion', 'complete': True}
column 4 row 86 coefficient 0 stats {'reason': 'transport monomial support exclusion', 'complete': True}
column 4 row 87 coefficient 0 stats {'reason': 'transport monomial support exclusion', 'complete': True}
column 4 row 88 coefficient 0 stats {'reason': 'transport monomial support exclusion', 'complete': True}
column 4 row 89 coefficient 0 stats {'reason': 'transport monomial support exclusion', 'complete': True}
column 4 row 90 coefficient 0 stats {'reason': 'transport monomial support exclusion', 'complete': True}
column 4 row 91 coefficient 0 stats {'reason': 'transport monomial support exclusion', 'complete': True}
column 4 row 92 coefficient 0 stats {'reason': 'transport monomial support exclusion', 'complete': True}
column 4 row 93 coefficient 0 stats {'reason': 'transport monomial support exclusion', 'complete': True}
column 4 row 94 coefficient 0 stats {'reason': 'transport monomial support exclusion', 'complete': True}
column 4 row 95 coefficient 0 stats {'reason': 'transport monomial support exclusion', 'complete': True}
column 4 row 96 coefficient 0 stats {'reason': 'transport monomial support exclusion', 'complete': True}
column 4 row 97 coefficient 0 stats {'reason': 'transport monomial support exclusion', 'complete': True}
column 4 row 98 coefficient 0 stats {'reason': 'transport monomial support exclusion', 'complete': True}
column 4 row 99 coefficient 0 stats {'reason': 'transport monomial support exclusion', 'complete': True}
column 4 row 100 coefficient 0 stats {'reason': 'transport monomial support exclusion', 'complete': True}
column 4 row 101 coefficient 0 stats {'reason': 'transport monomial support exclusion', 'complete': True}
column 4 row 102 coefficient 0 stats {'reason': 'transport monomial support exclusion', 'complete': True}
column 4 row 103 coefficient 0 stats {'reason': 'transport monomial support exclusion', 'complete': True}
column 4 row 104 coefficient 0 stats {'reason': 'transport monomial support exclusion', 'complete': True}
column 4 row 105 coefficient 0 stats {'reason': 'transport monomial support exclusion', 'complete': True}
column 4 row 106 coefficient 0 stats {'reason': 'transport monomial support exclusion', 'complete': True}
column 4 row 107 coefficient 0 stats {'reason': 'transport monomial support exclusion', 'complete': True}
column 4 row 108 coefficient 0 stats {'reason': 'transport monomial support exclusion', 'complete': True}
column 4 row 109 coefficient 0 stats {'reason': 'transport monomial support exclusion', 'complete': True}
column 4 row 110 coefficient 0 stats {'reason': 'transport monomial support exclusion', 'complete': True}
column 4 row 111 coefficient 0 stats {'reason': 'transport monomial support exclusion', 'complete': True}
column 4 row 112 coefficient 0 stats {'reason': 'transport monomial support exclusion', 'complete': True}
column 4 row 113 coefficient 0 stats {'reason': 'transport monomial support exclusion', 'complete': True}
column 4 row 114 coefficient 0 stats {'reason': 'transport monomial support exclusion', 'complete': True}
column 4 row 115 coefficient 0 stats {'reason': 'transport monomial support exclusion', 'complete': True}
column 4 row 116 coefficient 0 stats {'reason': 'transport monomial support exclusion', 'complete': True}
column 4 row 117 coefficient 0 stats {'reason': 'transport monomial support exclusion', 'complete': True}
column 4 row 118 coefficient 0 stats {'reason': 'transport monomial support exclusion', 'complete': True}
column 4 row 119 coefficient 0 stats {'reason': 'transport monomial support exclusion', 'complete': True}
column 4 row 120 coefficient 0 stats {'reason': 'transport monomial support exclusion', 'complete': True}
column 4 row 121 coefficient 0 stats {'reason': 'transport monomial support exclusion', 'complete': True}
column 4 row 122 coefficient 0 stats {'reason': 'transport monomial support exclusion', 'complete': True}
column 4 row 123 coefficient 0 stats {'reason': 'transport monomial support exclusion', 'complete': True}
column 4 row 124 coefficient 0 stats {'reason': 'transport monomial support exclusion', 'complete': True}
column 4 row 125 coefficient 0 stats {'reason': 'transport monomial support exclusion', 'complete': True}
column 4 row 126 coefficient 0 stats {'reason': 'transport monomial support exclusion', 'complete': True}
column 4 row 127 coefficient 0 stats {'reason': 'transport monomial support exclusion', 'complete': True}
column 4 row 128 coefficient 0 stats {'reason': 'transport monomial support exclusion', 'complete': True}
column 4 row 129 coefficient 0 stats {'reason': 'transport monomial support exclusion', 'complete': True}
column 4 row 130 coefficient 0 stats {'reason': 'transport monomial support exclusion', 'complete': True}
column 4 row 131 coefficient 0 stats {'reason': 'transport monomial support exclusion', 'complete': True}
column 4 row 132 coefficient 0 stats {'reason': 'transport monomial support exclusion', 'complete': True}
column 4 row 133 coefficient 0 stats {'reason': 'transport monomial support exclusion', 'complete': True}
column 4 row 134 coefficient 0 stats {'reason': 'transport monomial support exclusion', 'complete': True}
column 4 row 135 coefficient 0 stats {'reason': 'transport monomial support exclusion', 'complete': True}
column 4 row 136 coefficient 0 stats {'reason': 'transport monomial support exclusion', 'complete': True}
column 4 row 137 coefficient 0 stats {'reason': 'transport monomial support exclusion', 'complete': True}
column 4 row 138 coefficient 0 stats {'reason': 'transport monomial support exclusion', 'complete': True}
column 4 row 139 coefficient 0 stats {'reason': 'transport monomial support exclusion', 'complete': True}
column 4 row 140 coefficient 0 stats {'reason': 'transport monomial support exclusion', 'complete': True}
column 4 row 141 coefficient 0 stats {'reason': 'transport monomial support exclusion', 'complete': True}
column 4 row 142 coefficient 0 stats {'reason': 'transport monomial support exclusion', 'complete': True}
column 4 row 143 coefficient 0 stats {'reason': 'transport monomial support exclusion', 'complete': True}
column 4 row 144 coefficient 0 stats {'reason': 'transport monomial support exclusion', 'complete': True}
column 4 row 145 coefficient 0 stats {'reason': 'transport monomial support exclusion', 'complete': True}
column 4 row 146 coefficient 0 stats {'reason': 'transport monomial support exclusion', 'complete': True}
column 4 row 147 coefficient 0 stats {'reason': 'transport monomial support exclusion', 'complete': True}
column 4 row 148 coefficient 0 stats {'reason': 'transport monomial support exclusion', 'complete': True}
column 4 row 149 coefficient 0 stats {'reason': 'transport monomial support exclusion', 'complete': True}
column 4 row 150 coefficient 0 stats {'reason': 'transport monomial support exclusion', 'complete': True}
column 4 row 151 coefficient 0 stats {'reason': 'transport monomial support exclusion', 'complete': True}
column 4 row 152 coefficient 0 stats {'reason': 'transport monomial support exclusion', 'complete': True}
column 4 row 153 coefficient 0 stats {'reason': 'transport monomial support exclusion', 'complete': True}
column 4 row 154 coefficient 0 stats {'reason': 'transport monomial support exclusion', 'complete': True}
column 4 row 155 coefficient 0 stats {'reason': 'transport monomial support exclusion', 'complete': True}
column 4 row 156 coefficient 0 stats {'reason': 'transport monomial support exclusion', 'complete': True}
column 4 row 157 coefficient 0 stats {'reason': 'transport monomial support exclusion', 'complete': True}
column 4 row 158 coefficient 0 stats {'reason': 'transport monomial support exclusion', 'complete': True}
column 4 row 159 coefficient 0 stats {'reason': 'transport monomial support exclusion', 'complete': True}
column 4 row 160 coefficient 0 stats {'reason': 'transport monomial support exclusion', 'complete': True}
column 4 row 161 coefficient 0 stats {'reason': 'transport monomial support exclusion', 'complete': True}
column 4 row 162 coefficient 0 stats {'reason': 'transport monomial support exclusion', 'complete': True}
column 4 row 163 coefficient 0 stats {'reason': 'transport monomial support exclusion', 'complete': True}
column 4 row 164 coefficient 0 stats {'reason': 'transport monomial support exclusion', 'complete': True}
column 4 row 165 coefficient 0 stats {'reason': 'transport monomial support exclusion', 'complete': True}
column 4 row 166 coefficient 0 stats {'reason': 'transport monomial support exclusion', 'complete': True}
column 4 row 167 coefficient 0 stats {'reason': 'transport monomial support exclusion', 'complete': True}
column 4 row 168 coefficient 0 stats {'reason': 'transport monomial support exclusion', 'complete': True}
column 4 row 169 coefficient 0 stats {'reason': 'transport monomial support exclusion', 'complete': True}
column 4 row 170 coefficient 0 stats {'reason': 'transport monomial support exclusion', 'complete': True}
column 4 row 171 coefficient 0 stats {'reason': 'transport monomial support exclusion', 'complete': True}
column 4 row 172 coefficient 0 stats {'reason': 'transport monomial support exclusion', 'complete': True}
column 4 row 173 coefficient 0 stats {'reason': 'transport monomial support exclusion', 'complete': True}
column 4 row 174 coefficient 0 stats {'reason': 'transport monomial support exclusion', 'complete': True}
column 4 row 175 coefficient 0 stats {'reason': 'transport monomial support exclusion', 'complete': True}
column 4 row 176 coefficient 0 stats {'reason': 'transport monomial support exclusion', 'complete': True}
column 4 row 177 coefficient 0 stats {'reason': 'transport monomial support exclusion', 'complete': True}
column 4 row 178 coefficient 0 stats {'reason': 'transport monomial support exclusion', 'complete': True}
column 4 row 179 coefficient 0 stats {'reason': 'transport monomial support exclusion', 'complete': True}
column 4 row 180 coefficient 0 stats {'reason': 'transport monomial support exclusion', 'complete': True}
column 4 row 181 coefficient 0 stats {'reason': 'transport monomial support exclusion', 'complete': True}
column 4 row 182 coefficient 0 stats {'reason': 'transport monomial support exclusion', 'complete': True}
column 4 row 183 coefficient 0 stats {'reason': 'transport monomial support exclusion', 'complete': True}
column 4 row 184 coefficient 0 stats {'reason': 'transport monomial support exclusion', 'complete': True}
column 4 row 185 coefficient 0 stats {'reason': 'transport monomial support exclusion', 'complete': True}
column 4 row 186 coefficient 0 stats {'reason': 'transport monomial support exclusion', 'complete': True}
column 4 row 187 coefficient 0 stats {'reason': 'transport monomial support exclusion', 'complete': True}
column 4 row 188 coefficient 0 stats {'reason': 'transport monomial support exclusion', 'complete': True}
column 4 row 189 coefficient 0 stats {'reason': 'transport monomial support exclusion', 'complete': True}
column 4 row 190 coefficient 0 stats {'reason': 'transport monomial support exclusion', 'complete': True}
column 4 row 191 coefficient 0 stats {'reason': 'transport monomial support exclusion', 'complete': True}
column 4 row 192 coefficient 0 stats {'reason': 'transport monomial support exclusion', 'complete': True}
column 4 row 193 coefficient 0 stats {'reason': 'transport monomial support exclusion', 'complete': True}
column 4 row 194 coefficient 0 stats {'reason': 'transport monomial support exclusion', 'complete': True}
column 4 row 195 coefficient 0 stats {'reason': 'transport monomial support exclusion', 'complete': True}
column 4 row 196 coefficient 0 stats {'reason': 'transport monomial support exclusion', 'complete': True}
column 4 row 197 coefficient 0 stats {'reason': 'transport monomial support exclusion', 'complete': True}
column 4 row 198 coefficient 0 stats {'reason': 'transport monomial support exclusion', 'complete': True}
column 4 row 199 coefficient 0 stats {'reason': 'transport monomial support exclusion', 'complete': True}
column 4 row 200 coefficient 0 stats {'reason': 'transport monomial support exclusion', 'complete': True}
column 4 row 201 coefficient 0 stats {'reason': 'transport monomial support exclusion', 'complete': True}
column 4 row 202 coefficient 0 stats {'reason': 'transport monomial support exclusion', 'complete': True}
column 4 row 203 coefficient 0 stats {'reason': 'transport monomial support exclusion', 'complete': True}
column 4 row 204 coefficient 0 stats {'reason': 'transport monomial support exclusion', 'complete': True}
column 4 row 205 coefficient 0 stats {'reason': 'transport monomial support exclusion', 'complete': True}
column 4 row 206 coefficient 0 stats {'reason': 'transport monomial support exclusion', 'complete': True}
column 4 row 207 coefficient 0 stats {'reason': 'transport monomial support exclusion', 'complete': True}
column 4 row 208 coefficient 0 stats {'reason': 'transport monomial support exclusion', 'complete': True}
column 4 row 209 coefficient 0 stats {'reason': 'transport monomial support exclusion', 'complete': True}
column 4 row 210 coefficient 0 stats {'reason': 'transport monomial support exclusion', 'complete': True}
column 4 row 211 coefficient 0 stats {'reason': 'transport monomial support exclusion', 'complete': True}
column 4 row 212 coefficient 0 stats {'reason': 'transport monomial support exclusion', 'complete': True}
column 4 row 213 coefficient 0 stats {'reason': 'transport monomial support exclusion', 'complete': True}
column 4 row 214 coefficient 0 stats {'reason': 'transport monomial support exclusion', 'complete': True}
column 4 row 215 coefficient 0 stats {'reason': 'transport monomial support exclusion', 'complete': True}
column 4 row 216 coefficient 0 stats {'reason': 'transport monomial support exclusion', 'complete': True}
column 4 row 217 coefficient 0 stats {'reason': 'transport monomial support exclusion', 'complete': True}
column 4 row 218 coefficient 0 stats {'reason': 'transport monomial support exclusion', 'complete': True}
column 4 row 219 coefficient 0 stats {'reason': 'transport monomial support exclusion', 'complete': True}
column 4 row 220 coefficient 0 stats {'reason': 'transport monomial support exclusion', 'complete': True}
column 4 row 221 coefficient 0 stats {'reason': 'transport monomial support exclusion', 'complete': True}
column 4 row 222 coefficient 0 stats {'reason': 'transport monomial support exclusion', 'complete': True}
column 4 row 223 coefficient 0 stats {'reason': 'transport monomial support exclusion', 'complete': True}
column 4 row 224 coefficient 0 stats {'reason': 'transport monomial support exclusion', 'complete': True}
column 4 row 225 coefficient 0 stats {'reason': 'transport monomial support exclusion', 'complete': True}
column 4 row 226 coefficient 0 stats {'reason': 'transport monomial support exclusion', 'complete': True}
column 4 row 227 coefficient 0 stats {'reason': 'transport monomial support exclusion', 'complete': True}
column 4 row 228 coefficient 0 stats {'reason': 'transport monomial support exclusion', 'complete': True}
column 4 row 229 coefficient 0 stats {'reason': 'transport monomial support exclusion', 'complete': True}
column 4 row 230 coefficient 0 stats {'reason': 'transport monomial support exclusion', 'complete': True}
column 4 row 231 coefficient 0 stats {'reason': 'transport monomial support exclusion', 'complete': True}
column 4 row 232 coefficient 0 stats {'reason': 'transport monomial support exclusion', 'complete': True}
column 4 row 233 coefficient 0 stats {'reason': 'transport monomial support exclusion', 'complete': True}
column 4 row 234 coefficient 0 stats {'reason': 'transport monomial support exclusion', 'complete': True}
column 4 row 235 coefficient 0 stats {'reason': 'transport monomial support exclusion', 'complete': True}
column 4 row 236 coefficient 0 stats {'reason': 'transport monomial support exclusion', 'complete': True}
column 4 row 237 coefficient 0 stats {'reason': 'transport monomial support exclusion', 'complete': True}
column 4 row 238 coefficient 0 stats {'reason': 'transport monomial support exclusion', 'complete': True}
column 4 row 239 coefficient 0 stats {'reason': 'transport monomial support exclusion', 'complete': True}
column 4 row 240 coefficient 0 stats {'reason': 'transport monomial support exclusion', 'complete': True}
column 4 row 241 coefficient 0 stats {'reason': 'transport monomial support exclusion', 'complete': True}
column 4 row 242 coefficient 0 stats {'reason': 'transport monomial support exclusion', 'complete': True}
column 4 row 243 coefficient 0 stats {'reason': 'transport monomial support exclusion', 'complete': True}
column 4 row 244 coefficient 0 stats {'reason': 'transport monomial support exclusion', 'complete': True}
column 4 row 245 coefficient 0 stats {'reason': 'transport monomial support exclusion', 'complete': True}
column 4 row 246 coefficient 0 stats {'reason': 'transport monomial support exclusion', 'complete': True}
column 4 row 247 coefficient 0 stats {'reason': 'transport monomial support exclusion', 'complete': True}
column 4 row 248 coefficient 0 stats {'reason': 'transport monomial support exclusion', 'complete': True}
column 4 row 249 coefficient 0 stats {'reason': 'transport monomial support exclusion', 'complete': True}
column 4 row 250 coefficient 0 stats {'reason': 'transport monomial support exclusion', 'complete': True}
column 4 row 251 coefficient 0 stats {'reason': 'transport monomial support exclusion', 'complete': True}
column 4 row 252 coefficient 0 stats {'reason': 'transport monomial support exclusion', 'complete': True}
column 4 row 253 coefficient 0 stats {'reason': 'transport monomial support exclusion', 'complete': True}
column 4 row 254 coefficient 0 stats {'reason': 'transport monomial support exclusion', 'complete': True}
column 4 row 255 coefficient -20825362921936901898240 stats {'visited': 3582, 'seconds': 0.00899815559387207, 'width': 2, 'types': 9, 'complete': True}
column 4 row 256 coefficient 4733037027712932249600 stats {'visited': 12289, 'seconds': 0.019085168838500977, 'width': 2, 'types': 9, 'complete': True}
column 4 row 257 coefficient 132525036775962102988800 stats {'visited': 7289, 'seconds': 0.012000322341918945, 'width': 3, 'types': 9, 'complete': True}
column 4 row 258 coefficient 0 stats {'visited': 11020, 'seconds': 0.018752098083496094, 'width': 3, 'types': 9, 'complete': True}
column 4 row 259 coefficient 1419911108313879674880 stats {'visited': 17671, 'seconds': 0.02666950225830078, 'width': 3, 'types': 9, 'complete': True}
column 4 row 260 coefficient 78883950461882204160 stats {'visited': 6921, 'seconds': 0.010557413101196289, 'width': 2, 'types': 9, 'complete': True}
column 4 row 261 coefficient -132525036775962102988800 stats {'visited': 10147, 'seconds': 0.016016483306884766, 'width': 2, 'types': 9, 'complete': True}
column 4 row 262 coefficient -315535801847528816640 stats {'visited': 12427, 'seconds': 0.016100168228149414, 'width': 3, 'types': 9, 'complete': True}
column 4 row 263 coefficient -3313125919399052574720 stats {'visited': 6034, 'seconds': 0.011502265930175781, 'width': 3, 'types': 9, 'complete': True}
column 4 row 264 coefficient 82354844282205021143040 stats {'visited': 13036, 'seconds': 0.016998767852783203, 'width': 2, 'types': 10, 'complete': True}
column 4 row 265 coefficient -315535801847528816640 stats {'visited': 13274, 'seconds': 0.022503137588500977, 'width': 3, 'types': 10, 'complete': True}
column 4 row 266 coefficient 689130191235002935541760 stats {'visited': 12774, 'seconds': 0.024502277374267578, 'width': 3, 'types': 10, 'complete': True}
column 4 row 267 coefficient -93714133148716058542080 stats {'visited': 18907, 'seconds': 0.029296875, 'width': 2, 'types': 10, 'complete': True}
column 4 row 268 coefficient -4259733324941639024640 stats {'visited': 22180, 'seconds': 0.03105306625366211, 'width': 2, 'types': 10, 'complete': True}
column 4 row 269 coefficient 159030044131154523586560 stats {'visited': 39339, 'seconds': 0.054561614990234375, 'width': 2, 'types': 10, 'complete': True}
column 4 row 270 coefficient -6152948136026811924480 stats {'visited': 22191, 'seconds': 0.032503604888916016, 'width': 2, 'types': 10, 'complete': True}
column 4 row 271 coefficient 41650725843873803796480 stats {'visited': 7745, 'seconds': 0.013999223709106445, 'width': 2, 'types': 10, 'complete': True}
column 4 row 272 coefficient -122585659017764945264640 stats {'visited': 26948, 'seconds': 0.03750324249267578, 'width': 2, 'types': 10, 'complete': True}
{"cpu_seconds": 0.609375, "utc_finished": "2026-09-09T21:09:59.420798+00:00"}
