{"board_numbering": "batch13", "session_id": "B13-06", "pid": 21652, "start_utc": "2026-09-09T21:13:11.805306+00:00", "wall_limit_seconds": 1200, "memory_limit_bytes": 805306368, "available_physical_bytes": 6613049344, "total_physical_bytes": 33752997888, "worker_count": 1, "blas_threads": 1, "command": ["analysis/b13_06_ambient.py", "--degree", "25", "--weight", "69,17,2,2,2,2,2,2,2"], "status": "running", "wall_seconds": 0.0, "peak_process_memory_bytes": 11411456}
{"board_numbering": "batch13", "session_id": "B13-06", "partition": [69, 17, 2, 2, 2, 2, 2, 2, 2], "degree": 25, "method": "integer Weyl alternation with checked int64 tail DP; Python-int signed sum", "source_convention": "ordinary coefficient c_alpha=[s^alpha]F", "raw_weyl_terms": 4374, "distinct_sorted_weights": 1340, "nonzero_aggregated_weights": 1262, "complete": false}
terms 1 / 1262 seconds 0.02
terms 26 / 1262 seconds 0.11
terms 51 / 1262 seconds 0.31
terms 76 / 1262 seconds 0.42
terms 101 / 1262 seconds 0.67
terms 126 / 1262 seconds 0.88
terms 151 / 1262 seconds 1.14
terms 176 / 1262 seconds 1.5
terms 201 / 1262 seconds 1.72
terms 226 / 1262 seconds 2.06
terms 251 / 1262 seconds 2.7
terms 276 / 1262 seconds 2.86
terms 301 / 1262 seconds 3.14
terms 326 / 1262 seconds 3.66
terms 351 / 1262 seconds 4.27
terms 376 / 1262 seconds 4.88
terms 401 / 1262 seconds 5.08
terms 426 / 1262 seconds 5.47
terms 451 / 1262 seconds 6.11
terms 476 / 1262 seconds 6.69
terms 501 / 1262 seconds 8.08
terms 526 / 1262 seconds 8.45
terms 551 / 1262 seconds 8.72
terms 576 / 1262 seconds 9.05
terms 601 / 1262 seconds 9.56
terms 626 / 1262 seconds 10.62
terms 651 / 1262 seconds 11.25
terms 676 / 1262 seconds 12.55
terms 701 / 1262 seconds 14.44
terms 726 / 1262 seconds 14.66
terms 751 / 1262 seconds 15.11
terms 776 / 1262 seconds 15.55
terms 801 / 1262 seconds 16.06
terms 826 / 1262 seconds 16.78
terms 851 / 1262 seconds 17.69
terms 876 / 1262 seconds 18.52
terms 901 / 1262 seconds 19.78
terms 926 / 1262 seconds 22.09
terms 951 / 1262 seconds 24.89
terms 976 / 1262 seconds 25.23
terms 1001 / 1262 seconds 25.7
terms 1026 / 1262 seconds 26.47
terms 1051 / 1262 seconds 26.97
terms 1076 / 1262 seconds 28.0
terms 1101 / 1262 seconds 28.83
terms 1126 / 1262 seconds 30.34
terms 1151 / 1262 seconds 31.25
terms 1176 / 1262 seconds 33.64
terms 1201 / 1262 seconds 34.88
terms 1226 / 1262 seconds 36.19
terms 1251 / 1262 seconds 38.75
{"partition": [69, 17, 2, 2, 2, 2, 2, 2, 2], "degree": 25, "a": 274, "seconds": 41.406999999890104, "max_dp_entries": 1023516}
{"board_numbering": "batch13", "session_id": "B13-06", "pid": 21652, "start_utc": "2026-09-09T21:13:11.805306+00:00", "wall_limit_seconds": 1200, "memory_limit_bytes": 805306368, "available_physical_bytes": 6613049344, "total_physical_bytes": 33752997888, "worker_count": 1, "blas_threads": 1, "command": ["analysis/b13_06_ambient.py", "--degree", "25", "--weight", "69,17,2,2,2,2,2,2,2"], "status": "completed", "wall_seconds": 41.46900000004098, "peak_process_memory_bytes": 66916352}
