{
  "board_numbering": "batch13",
  "session_id": "B13-12",
  "time_utc": "2026-09-09T15:02:54.900703+00:00",
  "rank_cases": {
    "integral_rank9": 9,
    "integral_rank0": 0,
    "reducible_rank3": 3,
    "integral_fresh_rank9": 9
  },
  "tangent_calibration": {
    "rank_dPhi": 16,
    "kernel": 64,
    "tangents": [
      57,
      57
    ],
    "intersection": 50,
    "span": 64,
    "quotient": 0
  },
  "independent_jet_cases": 8,
  "intermediate_arc": {
    "base_span": 5,
    "rank_M": 3,
    "leading_form": "v*w*(y+v)*(z+v)",
    "independent_point_checks": 24
  }
}
