15:38:05 delta=2 mu=(6,): brute b_Q=3 b_p=[3, 3] formula b=3 (b_T=21) n_mon=21 orbits=3 AGREE [0.01s]
15:38:05 delta=2 mu=(5, 1): brute b_Q=1 b_p=[1, 1] formula b=1 (b_T=78) n_mon=99 orbits=4 AGREE [0.01s]
15:38:05 delta=2 mu=(4, 2): brute b_Q=5 b_p=[5, 5] formula b=5 (b_T=126) n_mon=225 orbits=9 AGREE [0.02s]
15:38:05 delta=2 mu=(4, 1, 1): brute b_Q=0 b_p=[0, 0] formula b=0 (b_T=120) n_mon=423 orbits=10 AGREE [0.04s]
15:38:05 delta=2 mu=(3, 3): brute b_Q=0 b_p=[0, 0] formula b=0 (b_T=63) n_mon=288 orbits=9 AGREE [0.03s]
15:38:05 delta=2 mu=(3, 2, 1): brute b_Q=2 b_p=[2, 2] formula b=2 (b_T=180) n_mon=792 orbits=17 AGREE [0.07s]
15:38:06 delta=2 mu=(3, 1, 1, 1): brute b_Q=1 b_p=[1, 1] formula b=1 (b_T=96) n_mon=1512 orbits=26 AGREE [0.13s]
15:38:06 delta=2 mu=(2, 2, 2): brute b_Q=4 b_p=[4, 4] formula b=4 (b_T=54) n_mon=1152 orbits=28 AGREE [0.1s]
15:38:06 delta=2 mu=(2, 2, 1, 1): brute b_Q=0 b_p=[0, 0] formula b=0 (b_T=81) n_mon=2196 orbits=39 AGREE [0.2s]
15:38:06 delta=2 mu=(2, 1, 1, 1, 1): brute b_Q=1 b_p=[1, 1] formula b=1 (b_T=39) n_mon=4212 orbits=66 AGREE [0.42s]
15:38:07 delta=2 mu=(1, 1, 1, 1, 1, 1): brute b_Q=0 b_p=[0, 0] formula b=0 (b_T=6) n_mon=8100 orbits=120 AGREE [0.93s]
15:38:07 delta=3 mu=(9,): brute b_Q=5 b_p=[5, 5] formula b=5 (b_T=55) n_mon=55 orbits=5 AGREE [0.02s]
15:38:07 delta=3 mu=(8, 1): brute b_Q=5 b_p=[5, 5] formula b=5 (b_T=260) n_mon=315 orbits=10 AGREE [0.04s]
15:38:07 delta=3 mu=(7, 2): brute b_Q=15 b_p=[15, 15] formula b=15 (b_T=621) n_mon=936 orbits=25 AGREE [0.07s]
15:38:07 delta=3 mu=(7, 1, 1): brute b_Q=4 b_p=[4, 4] formula b=4 (b_T=532) n_mon=1728 orbits=34 AGREE [0.13s]
15:38:08 delta=3 mu=(6, 3): brute b_Q=18 b_p=[18, 18] formula b=18 (b_T=888) n_mon=1824 orbits=43 AGREE [0.13s]
15:38:08 delta=3 mu=(6, 2, 1): brute b_Q=21 b_p=[21, 21] formula b=21 (b_T=1515) n_mon=4752 orbits=88 AGREE [0.35s]
15:38:09 delta=3 mu=(6, 1, 1, 1): brute b_Q=5 b_p=[5, 5] formula b=5 (b_T=608) n_mon=8820 orbits=142 AGREE [0.81s]
15:38:09 delta=3 mu=(5, 4): brute b_Q=12 b_p=[12, 12] formula b=12 (b_T=678) n_mon=2502 orbits=55 AGREE [0.21s]
15:38:10 delta=3 mu=(5, 3, 1): brute b_Q=23 b_p=[23, 23] formula b=23 (b_T=1980) n_mon=8298 orbits=141 AGREE [0.66s]
15:38:11 delta=3 mu=(5, 2, 2): brute b_Q=28 b_p=[28, 28] formula b=28 (b_T=1284) n_mon=11718 orbits=205 AGREE [1.03s]
15:38:13 delta=3 mu=(5, 2, 1, 1): brute b_Q=19 b_p=[19, 19] formula b=19 (b_T=1665) n_mon=21834 orbits=340 AGREE [2.03s]
15:38:17 delta=3 mu=(5, 1, 1, 1, 1): brute b_Q=7 b_p=[7, 7] formula b=7 (b_T=418) n_mon=40716 orbits=600 AGREE [4.74s]
15:38:18 delta=3 mu=(4, 4, 1): brute b_Q=18 b_p=[18, 18] formula b=18 (b_T=942) n_mon=9918 orbits=171 AGREE [0.79s]
15:38:20 delta=3 mu=(4, 3, 2): brute b_Q=22 b_p=[22, 22] formula b=22 (b_T=1596) n_mon=17802 orbits=298 AGREE [1.41s]
15:38:23 delta=3 mu=(4, 3, 1, 1): brute b_Q=20 b_p=[20, 20] formula b=20 (b_T=1692) n_mon=33210 orbits=506 AGREE [3.15s]
15:38:28 delta=3 mu=(4, 2, 2, 1): brute b_Q=24 b_p=[24, 24] formula b=24 (b_T=1512) n_mon=47070 orbits=725 AGREE [5.33s]
15:38:44 delta=3 mu=(4, 2, 1, 1, 1): brute b_Q=12 b_p=[12, 12] formula b=12 (b_T=981) n_mon=88002 orbits=1287 AGREE [16.33s]
15:39:53 delta=3 mu=(4, 1, 1, 1, 1, 1): brute b_Q=5 b_p=[5, 5] formula b=5 (b_T=176) n_mon=164700 orbits=2350 AGREE [68.46s]
15:39:55 delta=3 mu=(3, 3, 3): brute b_Q=3 b_p=[3, 3] formula b=3 (b_T=354) n_mon=22620 orbits=364 AGREE [2.22s]
15:40:03 delta=3 mu=(3, 3, 2, 1): brute b_Q=14 b_p=[14, 14] formula b=14 (b_T=1092) n_mon=59868 orbits=900 AGREE [7.67s]
15:40:29 delta=3 mu=(3, 3, 1, 1, 1): brute b_Q=11 b_p=[11, 11] formula b=11 (b_T=582) n_mon=111996 orbits=1620 AGREE [26.17s]
15:40:44 delta=3 mu=(3, 2, 2, 2): brute b_Q=10 b_p=[10, 10] formula b=10 (b_T=456) n_mon=84960 orbits=1290 AGREE [14.84s]
15:41:43 delta=3 mu=(3, 2, 2, 1, 1): brute b_Q=7 b_p=[7, 7] formula b=7 (b_T=720) n_mon=159120 orbits=2309 AGREE [59.1s]
15:41:43 delta=3 mu=(3, 2, 1, 1, 1, 1): SKIPPED (n_monomials=298296 > cap)
15:41:43 delta=3 mu=(3, 1, 1, 1, 1, 1, 1): SKIPPED (n_monomials=559800 > cap)
15:41:43 delta=3 mu=(2, 2, 2, 2, 1): SKIPPED (n_monomials=226224 > cap)
15:41:43 delta=3 mu=(2, 2, 2, 1, 1, 1): SKIPPED (n_monomials=424512 > cap)
15:41:43 delta=3 mu=(2, 2, 1, 1, 1, 1, 1): SKIPPED (n_monomials=797400 > cap)
15:41:43 delta=3 mu=(2, 1, 1, 1, 1, 1, 1, 1): SKIPPED (n_monomials=1499400 > cap)
15:41:44 delta=3 mu=(1, 1, 1, 1, 1, 1, 1, 1, 1): SKIPPED (n_monomials=2822400 > cap)
15:41:44 wrote results/b13_05_checks.json
