=== A1 (13, 5, 2, 2, 2) d6 n=4 16:19:25
    hybrid-lean[A1] p=2147483647 attempt 0: |S|=821 |U|=4 (a=2, excess 2) m=68 blocks 1x4 projected nullity 2, verified=True, rank 2 [split 0.0s trisolve 0.0s schur 0.0s null 0.0s lift 0.0s rank 0.0s; HWM 0.07 GB]
    hybrid-lean[A1] p=2147483629 attempt 0: |S|=821 |U|=4 (a=2, excess 2) m=68 blocks 1x4 projected nullity 2, verified=True, rank 2 [split 0.0s trisolve 0.0s schur 0.0s null 0.0s lift 0.0s rank 0.0s; HWM 0.07 GB]
  A1: PASS identical=True kernel_ok=True ranks={'det': {'banked': 2, 'here': 2, 'match': True}, 'red_pts': {'banked': 2, 'here': 2, 'match': True}, 'red_star': {'banked': 2, 'here': 2, 'match': True}} old 0.026GB/0.3s lean 0.026GB/0.22s (1.1s)
=== A3 (28, 8, 5, 2, 1) d11 n=4 16:19:27
    hybrid-lean[A3] p=2147483647 attempt 0: |S|=51850 |U|=183 (a=99, excess 84) m=247 blocks 1x183 projected nullity 99, verified=True, rank 99 [split 0.0s trisolve 0.5s schur 0.3s null 0.0s lift 0.6s rank 0.1s; HWM 0.22 GB]
    hybrid-lean[A3] p=2147483629 attempt 0: |S|=51850 |U|=183 (a=99, excess 84) m=247 blocks 1x183 projected nullity 99, verified=True, rank 99 [split 0.0s trisolve 0.1s schur 0.3s null 0.0s lift 0.6s rank 0.1s; HWM 0.23 GB]
  A3: PASS identical=True kernel_ok=True ranks={'det': {'banked': 99, 'here': 99, 'match': True}, 'per4': {'banked': 99, 'here': 99, 'match': True}, 'red_pts': {'banked': 99, 'here': 99, 'match': True}, 'red_star': {'banked': 99, 'here': 99, 'match': True}} old 0.045GB/0.85s lean 0.036GB/0.69s (26.6s)
=== B2 (29, 9, 3, 1, 1, 1) d11 n=4 16:19:53
    hybrid-lean[B2] p=2147483647 attempt 0: |S|=1815 |U|=1 (a=1, excess 0) m=65 blocks 1x1 projected nullity 1, verified=True, rank 1 [split 0.0s trisolve 0.0s schur 0.0s null 0.0s lift 0.0s rank 0.0s; HWM 0.30 GB]
    hybrid-lean[B2] p=2147483629 attempt 0: |S|=1815 |U|=1 (a=1, excess 0) m=65 blocks 1x1 projected nullity 1, verified=True, rank 1 [split 0.0s trisolve 0.0s schur 0.0s null 0.0s lift 0.0s rank 0.0s; HWM 0.30 GB]
  B2: PASS identical=True kernel_ok=True ranks={'det': {'banked': 1, 'here': 1, 'match': True}, 'per4': {'banked': 1, 'here': 1, 'match': True}, 'red_pts': {'banked': 1, 'here': 1, 'match': True}, 'pad': {'banked': 1, 'here': 1, 'match': True}, 'red_star': {'banked': 1, 'here': 1, 'match': True}} old 0.038GB/0.82s lean 0.035GB/0.73s (2.2s)
=== B3 (33, 7, 2, 2, 2, 2) d12 n=4 16:19:55
    hybrid-lean[B3] p=2147483647 attempt 0: |S|=13506 |U|=12 (a=12, excess 0) m=76 blocks 1x12 projected nullity 12, verified=True, rank 12 [split 0.0s trisolve 0.0s schur 0.0s null 0.0s lift 0.2s rank 0.0s; HWM 0.30 GB]
    hybrid-lean[B3] p=2147483629 attempt 0: |S|=13506 |U|=12 (a=12, excess 0) m=76 blocks 1x12 projected nullity 12, verified=True, rank 12 [split 0.0s trisolve 0.0s schur 0.0s null 0.0s lift 0.1s rank 0.0s; HWM 0.30 GB]
  B3: PASS identical=True kernel_ok=True ranks={'det': {'banked': 12, 'here': 12, 'match': True}, 'per4': {'banked': 12, 'here': 12, 'match': True}, 'red_pts': {'banked': 12, 'here': 12, 'match': True}, 'pad': {'banked': 12, 'here': 12, 'match': True}, 'red_star': {'banked': 12, 'here': 12, 'match': True}} old 0.123GB/10.07s lean 0.092GB/6.6s (22.9s)
=== B4 (24, 13, 3, 2, 1, 1) d11 n=4 16:20:18
    hybrid-lean[B4] p=2147483647 attempt 0: |S|=108203 |U|=64 (a=45, excess 19) m=128 blocks 1x64 projected nullity 45, verified=True, rank 45 [split 0.0s trisolve 0.2s schur 0.2s null 0.0s lift 1.1s rank 0.1s; HWM 0.38 GB]
    hybrid-lean[B4] p=2147483629 attempt 0: |S|=108203 |U|=64 (a=45, excess 19) m=128 blocks 1x64 projected nullity 45, verified=True, rank 45 [split 0.0s trisolve 0.1s schur 0.2s null 0.0s lift 0.6s rank 0.1s; HWM 0.40 GB]
  B4: PASS identical=True kernel_ok=True ranks={'det': {'banked': 45, 'here': 45, 'match': True}, 'per4': {'banked': 45, 'here': 45, 'match': True}, 'red_pts': {'banked': 45, 'here': 45, 'match': True}, 'pad': {'banked': 45, 'here': 45, 'match': True}, 'red_star': {'banked': 45, 'here': 45, 'match': True}} old 0.146GB/5.25s lean 0.101GB/4.2s (34.0s)
=== C1 (17, 2, 2, 2, 2, 2) d9 n=3 16:20:52
    hybrid-lean[C1] p=2147483647 attempt 0: |S|=115 |U|=1 (a=1, excess 0) m=65 blocks 1x1 projected nullity 1, verified=True, rank 1 [split 0.0s trisolve 0.0s schur 0.0s null 0.0s lift 0.0s rank 0.0s; HWM 0.40 GB]
    hybrid-lean[C1] p=2147483629 attempt 0: |S|=115 |U|=1 (a=1, excess 0) m=65 blocks 1x1 projected nullity 1, verified=True, rank 1 [split 0.0s trisolve 0.0s schur 0.0s null 0.0s lift 0.0s rank 0.0s; HWM 0.40 GB]
  C1: PASS identical=True kernel_ok=True ranks={'per3': {'banked': 1, 'here': 1, 'match': True}} old 0.027GB/0.37s lean 0.027GB/0.36s (1.3s)
=== C2 (12, 5, 5, 3, 1, 1) d9 n=3 16:20:54
    hybrid-lean[C2] p=2147483647 attempt 0: |S|=9466 |U|=6 (a=4, excess 2) m=70 blocks 1x6 projected nullity 4, verified=True, rank 4 [split 0.0s trisolve 0.0s schur 0.0s null 0.0s lift 0.0s rank 0.0s; HWM 0.40 GB]
    hybrid-lean[C2] p=2147483629 attempt 0: |S|=9466 |U|=6 (a=4, excess 2) m=70 blocks 1x6 projected nullity 4, verified=True, rank 4 [split 0.0s trisolve 0.0s schur 0.0s null 0.0s lift 0.0s rank 0.0s; HWM 0.40 GB]
  C2: PASS identical=True kernel_ok=True ranks={'per3': {'banked': 4, 'here': 4, 'match': True}} old 0.041GB/0.68s lean 0.034GB/0.62s (2.1s)
=== C3 (11, 8, 5, 2, 2, 2) d10 n=3 16:20:56
    hybrid-lean[C3] p=2147483647 attempt 0: |S|=104592 |U|=59 (a=14, excess 45) m=123 blocks 1x59 projected nullity 14, verified=True, rank 14 [split 0.0s trisolve 0.2s schur 0.7s null 0.0s lift 2.1s rank 0.1s; HWM 0.62 GB]
    hybrid-lean[C3] p=2147483629 attempt 0: |S|=104592 |U|=59 (a=14, excess 45) m=123 blocks 1x59 projected nullity 14, verified=True, rank 14 [split 0.0s trisolve 0.1s schur 0.8s null 0.0s lift 2.1s rank 0.1s; HWM 0.63 GB]
  C3: PASS identical=True kernel_ok=True ranks={'per3': {'banked': 14, 'here': 14, 'match': True}} old 0.167GB/12.05s lean 0.099GB/8.12s (37.6s)
=== C5 (10, 7, 6, 4, 2, 1) d10 n=3 16:21:33
    hybrid-lean[C5] p=2147483647 attempt 0: |S|=816599 |U|=341 (a=21, excess 320) m=405 blocks 5x76 projected nullity 21, verified=True, rank 21 [split 0.3s trisolve 10.9s schur 12.8s null 0.0s lift 5.0s rank 0.8s; HWM 1.39 GB]
    hybrid-lean[C5] p=2147483629 attempt 0: |S|=816599 |U|=341 (a=21, excess 320) m=405 blocks 5x76 projected nullity 21, verified=True, rank 21 [split 0.3s trisolve 9.5s schur 12.7s null 0.0s lift 5.5s rank 0.6s; HWM 1.92 GB]
  C5: PASS identical=True kernel_ok=True ranks={'per3': {'banked': 21, 'here': 21, 'match': True}} old 0.395GB/13.65s lean 0.209GB/9.89s (138.0s)
=== X1 (11, 4, 2, 2, 1, 1, 1, 1, 1) d8 n=3 16:23:51
  X1: PASS identical=True kernel_ok=True ranks={} old 0.151GB/60.67s lean 0.128GB/31.78s (95.0s)
=== X2 (15, 4, 2, 2, 1, 1, 1, 1, 1) d7 n=4 16:25:26
  X2: PASS identical=True kernel_ok=True ranks={} old 0.405GB/187.52s lean 0.238GB/97.45s (289.2s)
