=== prime 2147483647 ===
[     0.1s] p=2147483647 role=primary: 0 rows banked, 39 to do, 96 cols
[    17.7s] p=2147483647 primary: 4/39 rows, 18s
[    32.2s] p=2147483647 primary: 8/39 rows, 32s
[    53.3s] p=2147483647 primary: 12/39 rows, 53s
[    70.0s] p=2147483647 primary: 16/39 rows, 70s
[    80.6s] p=2147483647 primary: 20/39 rows, 81s
[    91.5s] p=2147483647 primary: 24/39 rows, 92s
[   103.2s] p=2147483647 primary: 28/39 rows, 103s
[   116.1s] p=2147483647 primary: 32/39 rows, 116s
[   129.6s] p=2147483647 primary: 36/39 rows, 130s
[   140.3s] p=2147483647 primary: 39/39 rows, 140s
=== prime 2147483629 ===
[     0.1s] p=2147483629 role=primary: 0 rows banked, 39 to do, 96 cols
[    17.3s] p=2147483629 primary: 4/39 rows, 17s
[    32.0s] p=2147483629 primary: 8/39 rows, 32s
[    52.8s] p=2147483629 primary: 12/39 rows, 53s
[    69.8s] p=2147483629 primary: 16/39 rows, 70s
[    79.9s] p=2147483629 primary: 20/39 rows, 80s
[    90.8s] p=2147483629 primary: 24/39 rows, 91s
[   102.5s] p=2147483629 primary: 28/39 rows, 102s
[   115.4s] p=2147483629 primary: 32/39 rows, 115s
[   129.6s] p=2147483629 primary: 36/39 rows, 130s
[   140.7s] p=2147483629 primary: 39/39 rows, 141s
=== prime 2147483587 ===
[     0.1s] p=2147483587 role=primary: 0 rows banked, 39 to do, 96 cols
[    18.3s] p=2147483587 primary: 4/39 rows, 18s
[    33.9s] p=2147483587 primary: 8/39 rows, 34s
[    56.1s] p=2147483587 primary: 12/39 rows, 56s
[    74.4s] p=2147483587 primary: 16/39 rows, 74s
[    84.6s] p=2147483587 primary: 20/39 rows, 84s
[    95.9s] p=2147483587 primary: 24/39 rows, 96s
[   110.7s] p=2147483587 primary: 28/39 rows, 111s
[   123.9s] p=2147483587 primary: 32/39 rows, 124s
[   138.5s] p=2147483587 primary: 36/39 rows, 138s
[   149.3s] p=2147483587 primary: 39/39 rows, 149s
=== prime 2147483579 ===
[     0.1s] p=2147483579 role=primary: 0 rows banked, 39 to do, 96 cols
[    19.2s] p=2147483579 primary: 4/39 rows, 19s
[    34.3s] p=2147483579 primary: 8/39 rows, 34s
[    58.6s] p=2147483579 primary: 12/39 rows, 58s
[    76.4s] p=2147483579 primary: 16/39 rows, 76s
[    86.4s] p=2147483579 primary: 20/39 rows, 86s
[    97.9s] p=2147483579 primary: 24/39 rows, 98s
[   109.5s] p=2147483579 primary: 28/39 rows, 109s
[   122.6s] p=2147483579 primary: 32/39 rows, 122s
[   136.9s] p=2147483579 primary: 36/39 rows, 137s
[   147.7s] p=2147483579 primary: 39/39 rows, 148s
=== prime 2147483563 ===
[     0.1s] p=2147483563 role=primary: 0 rows banked, 39 to do, 96 cols
[    17.8s] p=2147483563 primary: 4/39 rows, 18s
[    35.7s] p=2147483563 primary: 8/39 rows, 36s
[    57.5s] p=2147483563 primary: 12/39 rows, 58s
[    75.3s] p=2147483563 primary: 16/39 rows, 75s
[    85.6s] p=2147483563 primary: 20/39 rows, 86s
[    96.6s] p=2147483563 primary: 24/39 rows, 96s
[   107.9s] p=2147483563 primary: 28/39 rows, 108s
[   120.8s] p=2147483563 primary: 32/39 rows, 121s
[   134.9s] p=2147483563 primary: 36/39 rows, 135s
[   145.5s] p=2147483563 primary: 39/39 rows, 145s
=== prime 2147483549 ===
[     0.1s] p=2147483549 role=primary: 0 rows banked, 39 to do, 96 cols
[    17.9s] p=2147483549 primary: 4/39 rows, 18s
[    32.9s] p=2147483549 primary: 8/39 rows, 33s
[    54.2s] p=2147483549 primary: 12/39 rows, 54s
[    71.9s] p=2147483549 primary: 16/39 rows, 72s
[    82.0s] p=2147483549 primary: 20/39 rows, 82s
[    92.9s] p=2147483549 primary: 24/39 rows, 93s
[   104.5s] p=2147483549 primary: 28/39 rows, 104s
[   117.3s] p=2147483549 primary: 32/39 rows, 117s
[   131.5s] p=2147483549 primary: 36/39 rows, 131s
[   142.7s] p=2147483549 primary: 39/39 rows, 143s
=== prime 2147483543 ===
[     0.1s] p=2147483543 role=primary: 0 rows banked, 39 to do, 96 cols
[    18.1s] p=2147483543 primary: 4/39 rows, 18s
[    33.1s] p=2147483543 primary: 8/39 rows, 33s
[    53.9s] p=2147483543 primary: 12/39 rows, 54s
[    70.9s] p=2147483543 primary: 16/39 rows, 71s
[    81.0s] p=2147483543 primary: 20/39 rows, 81s
[    91.8s] p=2147483543 primary: 24/39 rows, 92s
[   103.3s] p=2147483543 primary: 28/39 rows, 103s
[   116.0s] p=2147483543 primary: 32/39 rows, 116s
[   129.5s] p=2147483543 primary: 36/39 rows, 129s
[   140.1s] p=2147483543 primary: 39/39 rows, 140s
=== ALL SEVEN PRIMES DONE ===
