[    45.6s]     (0,0): s=4096/32768
[    91.5s]     (0,0): s=8192/32768
[   136.2s]     (0,0): s=12288/32768
[   181.1s]     (0,0): s=16384/32768
[   226.7s]     (0,0): s=20480/32768
[   272.5s]     (0,0): s=24576/32768
[   317.3s]     (0,0): s=28672/32768
[   362.1s]     (0,0): s=32768/32768
[   362.1s]   A[0][0] = -153648258287108961685125832114176   (362s, 107 bits)
[   394.1s]     (1,7): s=4096/32768
[   436.9s]     (1,7): s=8192/32768
[   479.5s]     (1,7): s=12288/32768
[   522.0s]     (1,7): s=16384/32768
[   554.0s]     (1,7): s=20480/32768
[   596.4s]     (1,7): s=24576/32768
[   639.3s]     (1,7): s=28672/32768
[   681.6s]     (1,7): s=32768/32768
[   681.6s]   A[1][7] = 1658137698903574783077226905600   (319s, 101 bits)
[   726.6s]     (2,0): s=4096/32768
[   772.1s]     (2,0): s=8192/32768
[   818.0s]     (2,0): s=12288/32768
[   862.6s]     (2,0): s=16384/32768
[   907.1s]     (2,0): s=20480/32768
[   952.5s]     (2,0): s=24576/32768
[   999.5s]     (2,0): s=28672/32768
[  1044.5s]     (2,0): s=32768/32768
[  1044.5s]   A[2][0] = -13399463049562833175812511383552   (363s, 104 bits)
[  1090.8s]     (20,50): s=4096/32768
[  1135.8s]     (20,50): s=8192/32768
[  1181.9s]     (20,50): s=12288/32768
[  1228.0s]     (20,50): s=16384/32768
[  1273.7s]     (20,50): s=20480/32768
[  1319.6s]     (20,50): s=24576/32768
[  1365.8s]     (20,50): s=28672/32768
[  1411.9s]     (20,50): s=32768/32768
[  1411.9s]   A[20][50] = 71418422601637390598017351680   (367s, 96 bits)
[  1456.3s]     (38,95): s=4096/32768
[  1500.9s]     (38,95): s=8192/32768
[  1544.7s]     (38,95): s=12288/32768
[  1590.0s]     (38,95): s=16384/32768
[  1634.6s]     (38,95): s=20480/32768
[  1678.1s]     (38,95): s=24576/32768
[  1722.0s]     (38,95): s=28672/32768
[  1766.3s]     (38,95): s=32768/32768
[  1766.3s]   A[38][95] = -47670444587854699868987252526809088   (354s, 116 bits)
[  1766.3s] wrote results/b14_02/exact_entries.json
=== EXACT ENTRIES DONE ===
