{
 "control": "C1d",
 "n_shapes": 8,
 "n_agree": 8,
 "n_with_dim_ge_2": 8,
 "n_agree_dim_ge_2": 8,
 "max_predicted": 10,
 "brute_vs_core_agree": 24,
 "brute_vs_core_total": 24,
 "brute_nonzero": 24,
 "passed": true
}
  lam=(9, 6, 2, 2)     shape=(4, 4, 3, 4, 5)    pred=10  meas=10  members=546   OK
  lam=(8, 6, 2, 2)     shape=(4, 4, 2, 3, 5)    pred=7   meas=7   members=390   OK
  lam=(9, 6, 2)        shape=(3, 4, 3, 5, 4)    pred=7   meas=7   members=468   OK
  lam=(8, 5, 2, 2)     shape=(4, 3, 3, 2, 5)    pred=6   meas=6   members=312   OK
  lam=(8, 6, 2)        shape=(3, 4, 2, 4, 4)    pred=6   meas=6   members=390   OK
  lam=(8, 5, 2)        shape=(3, 3, 3, 3, 4)    pred=5   meas=5   members=364   OK
  lam=(8, 5, 2, 2)     shape=(4, 3, 3, 5, 4)    pred=5   meas=5   members=364   OK
  lam=(7, 4, 2, 2)     shape=(4, 2, 3, 3, 4)    pred=4   meas=4   members=312   OK
