{
  "board_numbering": "batch14",
  "base": "9898e56941a7665f231873481dae956f08509995",
  "tree": "cb688cd3fe454d638f3202e759e2eaa0c629739f",
  "actual_model": "gpt-6-astra",
  "files": {
    "historical_listed": 874,
    "historical_present": 874,
    "historical_classes": {
      "result": 788,
      "metadata": 86
    },
    "historical_cell_key_status": {
      "unknown_no_complete_cell_schema": 488,
      "resolved": 317,
      "not_applicable_metadata": 69
    },
    "current_frozen_json_jsonl_scope": 937,
    "current_classes": {
      "result": 845,
      "metadata": 92
    },
    "newly_encountered_since_old_lists": 33,
    "parse_failures": [],
    "meaning": "File/role registration complete; unknown cell identities and proof/replay backlog remain explicit."
  },
  "certificates": {
    "results/s79_cert_manifest.json": {
      "listed": 2066,
      "present": 1229,
      "missing": 837,
      "missing_reasons": {
        "size_guard": 837
      },
      "present_md5_matches": 1200,
      "present_md5_mismatches": 29,
      "present_kinds": {
        "full_rank": 113,
        "hybrid_kernel": 1116
      }
    },
    "results/b13_09/cert_manifest.json": {
      "listed": 252,
      "present": 84,
      "missing": 168,
      "missing_reasons": {
        "unknown": 168
      },
      "present_md5_matches": 84,
      "present_md5_mismatches": 0,
      "present_kinds": {
        "full_rank": 84
      }
    }
  },
  "controls": [
    {
      "control": "wrong_cell_degree",
      "rejected": true
    },
    {
      "control": "bad_partition_order",
      "rejected": true
    },
    {
      "control": "missing_certificate",
      "rejected": true
    },
    {
      "control": "nonempty_frozen_old_list",
      "rejected_empty": true
    }
  ]
}
