sizing {'partition_counts': [1, 1, 2, 3, 5, 7, 11, 15, 22, 30, 42, 56, 77, 101, 135, 176, 231, 297, 385, 490, 627, 792, 1002, 1255, 1575, 1958, 2436, 3010, 3718, 4565, 5604, 6842, 8349, 10143, 12310, 14883], 'recurrence_multiply_add_upper_bound': 714919, 'estimated_storage_bytes_at_1024_per_partition': 83103744, 'storage_estimate_is_not_a_bound': True, 'enforced_commit_memory_bytes': 1073741824}
degree 1 terms 0 seconds 0.0
degree 2 terms 2 seconds 0.0
degree 3 terms 3 seconds 0.0
degree 4 terms 5 seconds 0.0
degree 5 terms 5 seconds 0.0
degree 6 terms 10 seconds 0.0
degree 7 terms 11 seconds 0.0
degree 8 terms 18 seconds 0.0
degree 9 terms 21 seconds 0.0
degree 10 terms 32 seconds 0.0
degree 11 terms 37 seconds 0.016
degree 12 terms 57 seconds 0.016
degree 13 terms 65 seconds 0.016
degree 14 terms 93 seconds 0.016
degree 15 terms 111 seconds 0.016
degree 16 terms 151 seconds 0.016
degree 17 terms 180 seconds 0.016
degree 18 terms 247 seconds 0.016
degree 19 terms 289 seconds 0.016
degree 20 terms 383 seconds 0.031
degree 21 terms 457 seconds 0.031
degree 22 terms 593 seconds 0.031
degree 23 terms 705 seconds 0.047
degree 24 terms 911 seconds 0.063
degree 25 terms 1073 seconds 0.063
degree 26 terms 1364 seconds 0.078
degree 27 terms 1621 seconds 0.094
degree 28 terms 2030 seconds 0.125
degree 29 terms 2397 seconds 0.141
degree 30 terms 2989 seconds 0.188
degree 31 terms 3522 seconds 0.219
degree 32 terms 4345 seconds 0.266
degree 33 terms 5126 seconds 0.328
degree 34 terms 6264 seconds 0.406
degree 35 terms 7365 seconds 0.5
stable {'tail': (17, 2, 2, 2, 2, 2, 2, 2), 'weighted_degree': 31, 'value': 274, 'identity_character_of_F': 113215155877486062400000, 'terms': 3522, 'elapsed_seconds': 0.6879999999946449}
stable {'tail': (19, 2, 2, 2, 2, 2, 2, 2), 'weighted_degree': 33, 'value': 392, 'identity_character_of_F': 13867871310296842558720000, 'terms': 5126, 'elapsed_seconds': 0.9689999999973224}
stable {'tail': (21, 2, 2, 2, 2, 2, 2, 2), 'weighted_degree': 35, 'value': 533, 'identity_character_of_F': 1844517852226181623941450000, 'terms': 7365, 'elapsed_seconds': 1.360000000000582}
