[     0.1s] rows=93 points=212 (primary=192, holdout=20)
[     0.1s] u index resolved by exps().index -> 494; exps[0]=(0, 0, 0, 0, 0, 0, 0, 0, 4)
[    24.5s] p=2147483647 10/212 points (2.44s/point)
[    47.8s] p=2147483647 20/212 points (2.39s/point)
[    71.1s] p=2147483647 30/212 points (2.37s/point)
[    93.7s] p=2147483647 40/212 points (2.34s/point)
[   118.1s] p=2147483647 50/212 points (2.36s/point)
[   141.2s] p=2147483647 60/212 points (2.35s/point)
[   165.3s] p=2147483647 70/212 points (2.36s/point)
[   189.1s] p=2147483647 80/212 points (2.36s/point)
[   212.3s] p=2147483647 90/212 points (2.36s/point)
[   237.0s] p=2147483647 100/212 points (2.37s/point)
[   260.0s] p=2147483647 110/212 points (2.36s/point)
[   299.4s] p=2147483647 120/212 points (2.49s/point)
[   344.2s] p=2147483647 130/212 points (2.65s/point)
[   387.8s] p=2147483647 140/212 points (2.77s/point)
[   420.6s] p=2147483647 150/212 points (2.80s/point)
[   441.7s] p=2147483647 160/212 points (2.76s/point)
[   464.4s] p=2147483647 170/212 points (2.73s/point)
[   486.6s] p=2147483647 180/212 points (2.70s/point)
[   508.8s] p=2147483647 190/212 points (2.68s/point)
[   532.0s] p=2147483647 200/212 points (2.66s/point)
[   553.2s] p=2147483647 210/212 points (2.63s/point)
[   557.7s] p=2147483647 212/212 points (2.63s/point)
[   557.7s] p=2147483647 complete in 557.6s; u-zero points: none
[   580.9s] p=2147483629 10/212 points (2.32s/point)
[   602.0s] p=2147483629 20/212 points (2.21s/point)
[   623.2s] p=2147483629 30/212 points (2.18s/point)
[   646.6s] p=2147483629 40/212 points (2.22s/point)
[   669.0s] p=2147483629 50/212 points (2.23s/point)
[   691.2s] p=2147483629 60/212 points (2.22s/point)
[   713.8s] p=2147483629 70/212 points (2.23s/point)
[   735.6s] p=2147483629 80/212 points (2.22s/point)
[   757.7s] p=2147483629 90/212 points (2.22s/point)
[   778.2s] p=2147483629 100/212 points (2.20s/point)
[   800.3s] p=2147483629 110/212 points (2.21s/point)
[   821.4s] p=2147483629 120/212 points (2.20s/point)
[   841.8s] p=2147483629 130/212 points (2.18s/point)
[   863.3s] p=2147483629 140/212 points (2.18s/point)
[   887.3s] p=2147483629 150/212 points (2.20s/point)
[   909.7s] p=2147483629 160/212 points (2.20s/point)
[   933.0s] p=2147483629 170/212 points (2.21s/point)
[   954.9s] p=2147483629 180/212 points (2.21s/point)
[   977.4s] p=2147483629 190/212 points (2.21s/point)
[  1000.5s] p=2147483629 200/212 points (2.21s/point)
[  1022.3s] p=2147483629 210/212 points (2.21s/point)
[  1026.2s] p=2147483629 212/212 points (2.21s/point)
[  1026.3s] p=2147483629 complete in 468.5s; u-zero points: none
[  1049.1s] p=2147483587 10/212 points (2.29s/point)
[  1071.6s] p=2147483587 20/212 points (2.27s/point)
[  1095.4s] p=2147483587 30/212 points (2.30s/point)
[  1116.6s] p=2147483587 40/212 points (2.26s/point)
[  1138.4s] p=2147483587 50/212 points (2.24s/point)
[  1161.1s] p=2147483587 60/212 points (2.25s/point)
[  1184.6s] p=2147483587 70/212 points (2.26s/point)
[  1207.3s] p=2147483587 80/212 points (2.26s/point)
[  1229.7s] p=2147483587 90/212 points (2.26s/point)
[  1251.0s] p=2147483587 100/212 points (2.25s/point)
[  1273.8s] p=2147483587 110/212 points (2.25s/point)
[  1296.5s] p=2147483587 120/212 points (2.25s/point)
[  1319.0s] p=2147483587 130/212 points (2.25s/point)
[  1340.4s] p=2147483587 140/212 points (2.24s/point)
[  1363.6s] p=2147483587 150/212 points (2.25s/point)
[  1385.2s] p=2147483587 160/212 points (2.24s/point)
[  1407.8s] p=2147483587 170/212 points (2.24s/point)
[  1430.2s] p=2147483587 180/212 points (2.24s/point)
[  1453.2s] p=2147483587 190/212 points (2.25s/point)
[  1477.0s] p=2147483587 200/212 points (2.25s/point)
[  1499.6s] p=2147483587 210/212 points (2.25s/point)
[  1504.3s] p=2147483587 212/212 points (2.25s/point)
[  1504.3s] p=2147483587 complete in 478.1s; u-zero points: none
[  1528.1s] p=2147483579 10/212 points (2.38s/point)
[  1550.9s] p=2147483579 20/212 points (2.33s/point)
[  1573.4s] p=2147483579 30/212 points (2.30s/point)
[  1595.7s] p=2147483579 40/212 points (2.28s/point)
[  1619.9s] p=2147483579 50/212 points (2.31s/point)
[  1644.2s] p=2147483579 60/212 points (2.33s/point)
[  1666.7s] p=2147483579 70/212 points (2.32s/point)
[  1689.4s] p=2147483579 80/212 points (2.31s/point)
[  1711.3s] p=2147483579 90/212 points (2.30s/point)
[  1734.8s] p=2147483579 100/212 points (2.30s/point)
[  1755.1s] p=2147483579 110/212 points (2.28s/point)
[  1777.8s] p=2147483579 120/212 points (2.28s/point)
[  1799.1s] p=2147483579 130/212 points (2.27s/point)
[  1821.5s] p=2147483579 140/212 points (2.27s/point)
[  1845.5s] p=2147483579 150/212 points (2.27s/point)
[  1868.2s] p=2147483579 160/212 points (2.27s/point)
[  1890.1s] p=2147483579 170/212 points (2.27s/point)
[  1912.3s] p=2147483579 180/212 points (2.27s/point)
[  1935.1s] p=2147483579 190/212 points (2.27s/point)
[  1955.6s] p=2147483579 200/212 points (2.26s/point)
[  1977.2s] p=2147483579 210/212 points (2.25s/point)
[  1982.1s] p=2147483579 212/212 points (2.25s/point)
[  1982.1s] p=2147483579 complete in 477.8s; u-zero points: none
[  2005.2s] p=2147483563 10/212 points (2.31s/point)
[  2026.3s] p=2147483563 20/212 points (2.21s/point)
[  2049.9s] p=2147483563 30/212 points (2.26s/point)
[  2072.9s] p=2147483563 40/212 points (2.27s/point)
[  2094.0s] p=2147483563 50/212 points (2.24s/point)
[  2117.0s] p=2147483563 60/212 points (2.25s/point)
[  2138.1s] p=2147483563 70/212 points (2.23s/point)
[  2161.1s] p=2147483563 80/212 points (2.24s/point)
[  2183.1s] p=2147483563 90/212 points (2.23s/point)
[  2204.8s] p=2147483563 100/212 points (2.23s/point)
[  2228.9s] p=2147483563 110/212 points (2.24s/point)
[  2249.0s] p=2147483563 120/212 points (2.22s/point)
[  2271.4s] p=2147483563 130/212 points (2.23s/point)
[  2293.4s] p=2147483563 140/212 points (2.22s/point)
[  2317.1s] p=2147483563 150/212 points (2.23s/point)
[  2338.8s] p=2147483563 160/212 points (2.23s/point)
[  2361.8s] p=2147483563 170/212 points (2.23s/point)
[  2384.2s] p=2147483563 180/212 points (2.23s/point)
[  2406.4s] p=2147483563 190/212 points (2.23s/point)
[  2429.2s] p=2147483563 200/212 points (2.24s/point)
[  2453.0s] p=2147483563 210/212 points (2.24s/point)
[  2457.7s] p=2147483563 212/212 points (2.24s/point)
[  2457.8s] p=2147483563 complete in 475.7s; u-zero points: none
[  2482.5s] p=2147483549 10/212 points (2.47s/point)
[  2503.7s] p=2147483549 20/212 points (2.29s/point)
[  2525.3s] p=2147483549 30/212 points (2.25s/point)
[  2547.2s] p=2147483549 40/212 points (2.24s/point)
[  2569.5s] p=2147483549 50/212 points (2.23s/point)
[  2592.1s] p=2147483549 60/212 points (2.24s/point)
[  2614.5s] p=2147483549 70/212 points (2.24s/point)
[  2637.4s] p=2147483549 80/212 points (2.25s/point)
[  2658.9s] p=2147483549 90/212 points (2.23s/point)
[  2680.7s] p=2147483549 100/212 points (2.23s/point)
[  2702.6s] p=2147483549 110/212 points (2.23s/point)
[  2725.1s] p=2147483549 120/212 points (2.23s/point)
[  2748.0s] p=2147483549 130/212 points (2.23s/point)
[  2771.9s] p=2147483549 140/212 points (2.24s/point)
[  2793.2s] p=2147483549 150/212 points (2.24s/point)
[  2814.4s] p=2147483549 160/212 points (2.23s/point)
[  2836.6s] p=2147483549 170/212 points (2.23s/point)
[  2857.8s] p=2147483549 180/212 points (2.22s/point)
[  2879.8s] p=2147483549 190/212 points (2.22s/point)
[  2902.0s] p=2147483549 200/212 points (2.22s/point)
[  2926.4s] p=2147483549 210/212 points (2.23s/point)
[  2931.2s] p=2147483549 212/212 points (2.23s/point)
[  2931.3s] p=2147483549 complete in 473.5s; u-zero points: none
[  2956.7s] p=2147483543 10/212 points (2.54s/point)
[  2978.5s] p=2147483543 20/212 points (2.36s/point)
[  3000.4s] p=2147483543 30/212 points (2.30s/point)
[  3022.5s] p=2147483543 40/212 points (2.28s/point)
[  3045.7s] p=2147483543 50/212 points (2.29s/point)
[  3067.4s] p=2147483543 60/212 points (2.27s/point)
[  3089.6s] p=2147483543 70/212 points (2.26s/point)
[  3110.7s] p=2147483543 80/212 points (2.24s/point)
[  3134.1s] p=2147483543 90/212 points (2.25s/point)
[  3158.0s] p=2147483543 100/212 points (2.27s/point)
[  3180.3s] p=2147483543 110/212 points (2.26s/point)
[  3202.1s] p=2147483543 120/212 points (2.26s/point)
[  3225.2s] p=2147483543 130/212 points (2.26s/point)
[  3246.4s] p=2147483543 140/212 points (2.25s/point)
[  3269.1s] p=2147483543 150/212 points (2.25s/point)
[  3290.5s] p=2147483543 160/212 points (2.25s/point)
[  3312.4s] p=2147483543 170/212 points (2.24s/point)
[  3333.3s] p=2147483543 180/212 points (2.23s/point)
[  3355.0s] p=2147483543 190/212 points (2.23s/point)
[  3377.4s] p=2147483543 200/212 points (2.23s/point)
[  3398.4s] p=2147483543 210/212 points (2.22s/point)
[  3402.4s] p=2147483543 212/212 points (2.22s/point)
[  3402.4s] p=2147483543 complete in 471.2s; u-zero points: none
