  [b14_12_integrator_fo_copy] (12, 4, 4, 4, 4, 4) d8 n=4: a_weyl = 4 (1.8s)
      level 1: 99 prefixes
      level 2: 4485 prefixes
      level 3: 119398 prefixes
      level 4: 1574293 prefixes
      level 5: 8822711 prefixes
      level 6: 21558765 prefixes
      level 7: 27009659 prefixes
      level 8: 27009659 prefixes
  lam=(12, 4, 4, 4, 4, 4): N_S=27009659 |Stab|=120 n_chi=244454 (orbits dropped: 0) [lean-b10, 3113s, HWM 1.30 GB]
    E_01: |H|=24 targets 13751747 canonical rows 602685 nnz 3400880 (triples 3610450; obstructed fixed targets cancelled: 0) [tables 283s rows 58s finish 0.1s; 342s, HWM 1.30 GB, RSS 0.65 GB]
    E_12: |H|=6 targets 23300172 canonical rows 3969507 nnz 13173286 (triples 14038922; obstructed fixed targets cancelled: 0) [tables 156s rows 76s finish 0.2s; 574s, HWM 1.33 GB, RSS 1.00 GB]
    E_23: |H|=6 targets 23300172 canonical rows 3969507 nnz 13173286 (triples 14038922; obstructed fixed targets cancelled: 0) [tables 159s rows 73s finish 0.2s; 808s, HWM 1.49 GB, RSS 1.03 GB]
    E_34: |H|=6 targets 23300172 canonical rows 3969507 nnz 13173286 (triples 14038922; obstructed fixed targets cancelled: 0) [tables 159s rows 73s finish 0.1s; 1040s, HWM 1.49 GB, RSS 1.03 GB]
    E_45: |H|=6 targets 23300172 canonical rows 3969507 nnz 13173286 (triples 14038922; obstructed fixed targets cancelled: 0) [tables 144s rows 69s finish 0.1s; 1253s, HWM 1.49 GB, RSS 1.03 GB]
  built-lean (12, 4, 4, 4, 4, 4) d8: N_S=27009659 |Stab|=120 n_chi=244454 rows=16480713 nnz=56094024 (4397s: mono 30s orbits 3113s rows 1253s; HWM 1.49 GB; E.data int16)
  [b14_12_integrator_fo_copy] BUILD DONE: {"secs": 4396.5, "N_S": 27009659, "stab": 120, "n_chi": 244454, "nrows": 16480713, "nnz": 56094024, "hwm_gb": 1.489, "entry_max": 16}
    cover-lean natural: 239170/244454 [HWM 1.66 GB]
    cover-lean reversed: 244444/244454 [HWM 1.66 GB]
    cover-lean fill_asc: 242045/244454 [HWM 1.66 GB]
    cover-lean fill_desc: 235588/244454 [HWM 1.66 GB]
    cover-lean random: 213480/244454 [HWM 1.66 GB]
  [b14_12_integrator_fo_copy] COVER: {'size': 244444, 'order': 'reversed', 'stats': {'natural': 239170, 'reversed': 244444, 'fill_asc': 242045, 'fill_desc': 235588, 'random': 213480}, 'n_chi': 244454, 'a': 4, 'nU': 10, 'excess': 6, 'certified_rank_lb': 244444, 'secs': 17.4, 'hwm_gb': 1.656}
  [b14_12_integrator_fo_copy] N.a: identity holds on all 12 diagonal pencils and on 0 of 12 generic pencils (must be 0)
    hybrid-lean[b14_12_integrator_fo_copy] p=2147483647 attempt 0: |S|=244444 |U|=10 (a=4, excess 6) m=74 blocks 1x10 projected nullity 4, verified=True, rank 4 [split 0.1s trisolve 0.0s schur 3.4s null 0.0s lift 4.9s rank 0.0s; HWM 2.35 GB]
  [b14_12_integrator_fo_copy] N.b p=2147483647: diagonal rank 0 (must be 0, all-zero=True); generic det rank 4 (must be > 0 for the control to have teeth)
  [b14_12_integrator_fo_copy] p=2147483647: nullity 4 verified True rank 4 mult_det 4 i_det 0 [73.5s, HWM 2.35 GB]
    hybrid-lean[b14_12_integrator_fo_copy] p=2147483629 attempt 0: |S|=244444 |U|=10 (a=4, excess 6) m=74 blocks 1x10 projected nullity 4, verified=True, rank 4 [split 0.2s trisolve 0.0s schur 3.2s null 0.0s lift 5.1s rank 0.1s; HWM 2.54 GB]
  [b14_12_integrator_fo_copy] N.b p=2147483629: diagonal rank 0 (must be 0, all-zero=True); generic det rank 4 (must be > 0 for the control to have teeth)
  [b14_12_integrator_fo_copy] p=2147483629: nullity 4 verified True rank 4 mult_det 4 i_det 0 [74.7s, HWM 2.54 GB]
B14_12 {"lam": [12, 4, 4, 4, 4, 4], "delta": 8, "n": 4, "a": 4, "mult_det": 4, "i_det": 0, "status": "proved: mult_det = a at both primes (i_det = 0 over Q)", "kernel_ok": true, "hwm_gb": 2.54}
