{
 "degree": 13,
 "lam": [
  21,
  17,
  2,
  2,
  2,
  2,
  2,
  2,
  2
 ],
 "n_members": 72,
 "target_dim_adopted": 73,
 "source_file": "results/b14_01/members_d13_merged.json",
 "point_file": "results/b14_prep/points/P13.json",
 "point_blob_contract": true,
 "rank_primary": {
  "2147483647": 72,
  "2147483629": 72
 },
 "rank_agrees_between_primes": true,
 "rank_all_points": {
  "2147483647": 72,
  "2147483629": 72
 },
 "C6_holdout_does_not_raise_rank": true,
 "C7_rank_within_adopted_dim": true,
 "per_member_checks": {
  "n": 72,
  "M1_letter_order_invariant": 72,
  "M2_torus_weight": 72,
  "M3_raising_one_sided": 72,
  "M3_void_because_zero_at_probe": 0,
  "M4_forced_zero_span8": 72,
  "all_passed": true
 },
 "M5_independent_python_dp": {
  "error": null,
  "n": 4,
  "n_equal": 4,
  "n_nonzero": 4,
  "passed": true,
  "detail": [
   {
    "prime": 2147483647,
    "c_core": 53268006,
    "py_dp": 53268006,
    "equal": true,
    "nonzero": true
   },
   {
    "prime": 2147483629,
    "c_core": 633258800,
    "py_dp": 633258800,
    "equal": true,
    "nonzero": true
   },
   {
    "prime": 2147483647,
    "c_core": 1134934463,
    "py_dp": 1134934463,
    "equal": true,
    "nonzero": true
   },
   {
    "prime": 2147483629,
    "c_core": 837453174,
    "py_dp": 837453174,
    "equal": true,
    "nonzero": true
   }
  ]
 },
 "elapsed_s": 813.7
}

MINOR: {
 "kind": "target_minor",
 "size": 72,
 "complete": false,
 "point_ids": [
  "P13-000",
  "P13-001",
  "P13-002",
  "P13-003",
  "P13-004",
  "P13-005",
  "P13-006",
  "P13-007",
  "P13-008",
  "P13-009",
  "P13-010",
  "P13-011",
  "P13-012",
  "P13-013",
  "P13-014",
  "P13-015",
  "P13-016",
  "P13-017",
  "P13-018",
  "P13-019",
  "P13-020",
  "P13-021",
  "P13-022",
  "P13-023",
  "P13-024",
  "P13-025",
  "P13-026",
  "P13-027",
  "P13-028",
  "P13-029",
  "P13-030",
  "P13-031",
  "P13-032",
  "P13-033",
  "P13-034",
  "P13-035",
  "P13-036",
  "P13-037",
  "P13-038",
  "P13-039",
  "P13-040",
  "P13-041",
  "P13-042",
  "P13-043",
  "P13-044",
  "P13-045",
  "P13-046",
  "P13-047",
  "P13-048",
  "P13-049",
  "P13-050",
  "P13-051",
  "P13-052",
  "P13-053",
  "P13-054",
  "P13-055",
  "P13-056",
  "P13-057",
  "P13-058",
  "P13-059",
  "P13-060",
  "P13-061",
  "P13-062",
  "P13-063",
  "P13-064",
  "P13-065",
  "P13-066",
  "P13-067",
  "P13-068",
  "P13-069",
  "P13-070",
  "P13-071"
 ],
 "point_index_in_primary": [
  0,
  1,
  2,
  3,
  4,
  5,
  6,
  7,
  8,
  9,
  10,
  11,
  12,
  13,
  14,
  15,
  16,
  17,
  18,
  19,
  20,
  21,
  22,
  23,
  24,
  25,
  26,
  27,
  28,
  29,
  30,
  31,
  32,
  33,
  34,
  35,
  36,
  37,
  38,
  39,
  40,
  41,
  42,
  43,
  44,
  45,
  46,
  47,
  48,
  49,
  50,
  51,
  52,
  53,
  54,
  55,
  56,
  57,
  58,
  59,
  60,
  61,
  62,
  63,
  64,
  65,
  66,
  67,
  68,
  69,
  70,
  71
 ],
 "u_symbols": [
  -672,
  -48,
  -72,
  504,
  1176,
  480,
  168,
  288,
  168,
  -120,
  96,
  1176,
  -288,
  720,
  -192,
  -288,
  72,
  288,
  -576,
  600,
  72,
  -600,
  216,
  -360,
  -288,
  -48,
  1176,
  144,
  -144,
  96,
  -288,
  216,
  192,
  480,
  -288,
  720,
  192,
  432,
  216,
  -840,
  -840,
  -1008,
  144,
  -288,
  720,
  -96,
  -1176,
  360,
  -480,
  216,
  -360,
  288,
  -48,
  -192,
  -336,
  120,
  864,
  840,
  -144,
  96,
  -192,
  -360,
  480,
  -144,
  288,
  -288,
  480,
  -288,
  -240,
  -336,
  -432,
  -192
 ],
 "u_all_nonzero": true,
 "det_P1": 462198740,
 "det_P2": 1924539738,
 "nonzero_at_both_primes": true,
 "primes": [
  2147483647,
  2147483629
 ],
 "values_are": "F_T(l_k . c_k) mod p for the mixed-letter bracket monomial T; NO transport factor and NO u-power is applied to a target member (transport applies to SOURCE rows only). Raw evaluator output."
}
wrote results/b14_01/certificate_d13.json
