reports scanned            : 23
MISSING                    : 0 references, 0 distinct files
resolved under another path: 13
reported absent by the report itself: 1
  elsewhere partial_source_10.json -> results/astra/S1/partial_source_10.json
           results/astra/README.md:19
  elsewhere birth13_checks.json -> results/astra/S1/birth13_checks.json
           results/astra/README.md:19
  elsewhere n3_independent_minors.json -> results/astra/S1/n3_independent_minors.json
           results/astra/README.md:19
  elsewhere control_matrices.json -> results/astra/S1/control_matrices.json
           results/astra/README.md:19
  elsewhere relations.json -> results/astra/S1/relations.json
           results/astra/README.md:19
  elsewhere transported_det_lower_bound_2.json -> results/astra/S1/transported_det_lower_bound_2.json
           results/astra/README.md:19
  elsewhere chart_manifest.json -> results/astra/S2/chart_manifest.json
           results/astra/README.md:32
  elsewhere intermediate_rank3_arc.json -> results/astra/S2/intermediate_rank3_arc.json
           results/astra/README.md:32
  elsewhere ker_coker_certificates.json -> results/astra/S2/ker_coker_certificates.json
           results/astra/README.md:32
  elsewhere verification_summary.json -> results/astra/S2/verification_summary.json
           results/astra/README.md:32
  elsewhere chart_coefficient_checks.json -> results/astra/S2/chart_coefficient_checks.json
           results/astra/README.md:32
  elsewhere independent_jet_checks.json -> results/astra/S2/independent_jet_checks.json
           results/astra/README.md:32
  elsewhere n3_independent_minors.json -> results/astra/S1/n3_independent_minors.json
           results/astra/S6/REPLAY.md:19
  absent-by-report s76_dag/level_DD_pP.npz
           results/astra/S3/degree13_conversion/S76_COMPATIBILITY.md:5  ('contains **no**')
