{"board_numbering": "batch15", "session_id": "B15-10", "pid": 22804, "memory_before": {"total_physical": 33752997888, "available_physical": 12127883264, "load": 64}, "memory_cap_mb": 512, "wall_cap_seconds": 60, "workers": 1, "blas_threads": 1, "job_object_enforced": true, "idle_sleep_inhibited_during_run": true, "started_utc": "2026-09-13T06:55:32Z"}
{"wall_seconds": 0.015671999979531392}
Traceback (most recent call last):
  File "C:\Users\swami\Projects\gct-gpt\work\batch15_workers\B15-10\analysis\b15_bound.py", line 155, in <module>
    main()
  File "C:\Users\swami\Projects\gct-gpt\work\batch15_workers\B15-10\analysis\b15_bound.py", line 133, in main
    runpy.run_path(args.script, run_name="__main__")
  File "<frozen runpy>", line 287, in run_path
  File "<frozen runpy>", line 98, in _run_module_code
  File "<frozen runpy>", line 88, in _run_code
  File "results/b15_10/receiver_01/b15_10_full.py", line 208, in <module>
    main()
  File "results/b15_10/receiver_01/b15_10_full.py", line 199, in main
    result=verify(cert) if a.mode=='verify' else controls(cert)
           ^^^^^^^^^^^^
  File "results/b15_10/receiver_01/b15_10_full.py", line 86, in verify
    require(coeff_record(c)==point['ordinary_coefficients'],'determinant coefficients')
  File "C:\Users\swami\Projects\gct-gpt\work\batch15_workers\B15-10\results\b15_10\receiver_01\b15_10_witness.py", line 20, in require
    raise ValueError(message)
ValueError: determinant coefficients
