{"board_numbering": "batch15", "session_id": "B15-02", "pid": 41092, "memory_before": {"total_physical": 33752997888, "available_physical": 11447009280, "load": 66}, "memory_cap_mb": 1536, "wall_cap_seconds": 900, "workers": 1, "blas_threads": 1, "job_object_enforced": true, "idle_sleep_inhibited_during_run": true, "started_utc": "2026-09-13T06:51:24Z"}
      level 1: 97 prefixes
      level 2: 3021 prefixes
      level 3: 32855 prefixes
      level 4: 140734 prefixes
      level 5: 244631 prefixes
      level 6: 263947 prefixes
      level 7: 263947 prefixes
  lam=(13, 5, 5, 2, 1, 1, 1): N_S=263947 |Stab|=12 n_chi=10923 (orbits dropped: 24623) [lean, 1s, HWM nan GB]
    E_01: |H|=6 targets 157720 canonical rows 12398 nnz 63590 (obstructed fixed targets cancelled: 16980) [1s, HWM nan GB]
    E_12: |H|=6 targets 237552 canonical rows 19285 nnz 64388 (obstructed fixed targets cancelled: 11202) [2s, HWM nan GB]
    E_23: |H|=6 targets 129030 canonical rows 10218 nnz 35128 (obstructed fixed targets cancelled: 6636) [2s, HWM nan GB]
    E_34: |H|=4 targets 117154 canonical rows 21632 nnz 32432 (obstructed fixed targets cancelled: 148) [3s, HWM nan GB]
    E_45: |H|=2 targets 156145 canonical rows 0 nnz 0 (obstructed fixed targets cancelled: 263) [3s, HWM nan GB]
    E_56: |H|=2 targets 156145 canonical rows 0 nnz 0 (obstructed fixed targets cancelled: 263) [4s, HWM nan GB]
  built (13, 5, 5, 2, 1, 1, 1) d7: N_S=263947 |Stab|=12 n_chi=10923 rows=63533 nnz=195538 (5s: mono 0s orbits 1s rows 4s; HWM nan GB)
{"phase": "cover", "n_chi": 10923, "nS": 10922, "nU": 1}
{"phase": "det_evaluation", "index": 2, "value": 26642}
{"phase": "cell_complete", "index": 2, "status": "REPLAYED_RANK_FLOOR", "seconds": 5.590182499989169}
      level 1: 140 prefixes
      level 2: 4973 prefixes
      level 3: 51403 prefixes
      level 4: 152106 prefixes
      level 5: 193211 prefixes
      level 6: 195729 prefixes
      level 7: 195729 prefixes
  lam=(15, 4, 2, 2, 2, 2, 1): N_S=195729 |Stab|=24 n_chi=11682 (orbits dropped: 0) [lean, 2s, HWM nan GB]
    E_01: |H|=24 targets 97877 canonical rows 6017 nnz 30260 (obstructed fixed targets cancelled: 0) [1s, HWM nan GB]
    E_12: |H|=6 targets 107058 canonical rows 21485 nnz 64813 (obstructed fixed targets cancelled: 0) [1s, HWM nan GB]
    E_23: |H|=2 targets 147224 canonical rows 78284 nnz 153474 (obstructed fixed targets cancelled: 0) [2s, HWM nan GB]
    E_34: |H|=2 targets 147224 canonical rows 78284 nnz 153474 (obstructed fixed targets cancelled: 0) [2s, HWM nan GB]
    E_45: |H|=2 targets 147224 canonical rows 78284 nnz 153474 (obstructed fixed targets cancelled: 0) [3s, HWM nan GB]
    E_56: |H|=6 targets 88011 canonical rows 17907 nnz 38977 (obstructed fixed targets cancelled: 0) [3s, HWM nan GB]
  built (15, 4, 2, 2, 2, 2, 1) d7: N_S=195729 |Stab|=24 n_chi=11682 rows=280261 nnz=594472 (5s: mono 0s orbits 2s rows 3s; HWM nan GB)
{"phase": "cover", "n_chi": 11682, "nS": 11681, "nU": 1}
{"phase": "det_evaluation", "index": 3, "value": 50904}
{"phase": "cell_complete", "index": 3, "status": "REPLAYED_RANK_FLOOR", "seconds": 5.8267156000074465}
      level 1: 102 prefixes
      level 2: 3360 prefixes
      level 3: 36619 prefixes
      level 4: 154460 prefixes
      level 5: 265666 prefixes
      level 6: 285936 prefixes
      level 7: 285936 prefixes
  lam=(13, 6, 3, 3, 1, 1, 1): N_S=285936 |Stab|=12 n_chi=11856 (orbits dropped: 27347) [lean, 1s, HWM nan GB]
    E_01: |H|=12 targets 189471 canonical rows 7628 nnz 38918 (obstructed fixed targets cancelled: 19356) [1s, HWM nan GB]
    E_12: |H|=6 targets 170732 canonical rows 13628 nnz 50335 (obstructed fixed targets cancelled: 9906) [2s, HWM nan GB]
    E_23: |H|=6 targets 237552 canonical rows 19213 nnz 47446 (obstructed fixed targets cancelled: 7176) [3s, HWM nan GB]
    E_34: |H|=2 targets 105642 canonical rows 41141 nnz 69837 (obstructed fixed targets cancelled: 0) [3s, HWM nan GB]
    E_45: |H|=2 targets 168988 canonical rows 0 nnz 0 (obstructed fixed targets cancelled: 433) [4s, HWM nan GB]
    E_56: |H|=2 targets 168988 canonical rows 0 nnz 0 (obstructed fixed targets cancelled: 433) [4s, HWM nan GB]
  built (13, 6, 3, 3, 1, 1, 1) d7: N_S=285936 |Stab|=12 n_chi=11856 rows=81610 nnz=206536 (6s: mono 0s orbits 1s rows 4s; HWM nan GB)
{"phase": "cover", "n_chi": 11856, "nS": 11855, "nU": 1}
{"phase": "det_evaluation", "index": 4, "value": 65385}
{"phase": "cell_complete", "index": 4, "status": "REPLAYED_RANK_FLOOR", "seconds": 6.327747999981511}
      level 1: 96 prefixes
      level 2: 2366 prefixes
      level 3: 23082 prefixes
      level 4: 97876 prefixes
      level 5: 189236 prefixes
      level 6: 213753 prefixes
      level 7: 213753 prefixes
  lam=(12, 8, 3, 2, 1, 1, 1): N_S=213753 |Stab|=6 n_chi=17367 (orbits dropped: 39491) [lean, 1s, HWM nan GB]
    E_01: |H|=6 targets 170732 canonical rows 13628 nnz 67306 (obstructed fixed targets cancelled: 17151) [1s, HWM nan GB]
    E_12: |H|=6 targets 112424 canonical rows 8703 nnz 37044 (obstructed fixed targets cancelled: 9030) [1s, HWM nan GB]
    E_23: |H|=6 targets 133263 canonical rows 10595 nnz 28615 (obstructed fixed targets cancelled: 4371) [2s, HWM nan GB]
    E_34: |H|=2 targets 94992 canonical rows 34913 nnz 52101 (obstructed fixed targets cancelled: 0) [2s, HWM nan GB]
    E_45: |H|=1 targets 126622 canonical rows 0 nnz 0 (obstructed fixed targets cancelled: 0) [2s, HWM nan GB]
    E_56: |H|=1 targets 126622 canonical rows 0 nnz 0 (obstructed fixed targets cancelled: 0) [3s, HWM nan GB]
  built (12, 8, 3, 2, 1, 1, 1) d7: N_S=213753 |Stab|=6 n_chi=17367 rows=67839 nnz=185066 (3s: mono 0s orbits 1s rows 3s; HWM nan GB)
{"phase": "cover", "n_chi": 17367, "nS": 17366, "nU": 1}
{"phase": "det_evaluation", "index": 5, "value": 11366}
{"phase": "cell_complete", "index": 5, "status": "REPLAYED_RANK_FLOOR", "seconds": 3.8505816999822855}
      level 1: 108 prefixes
      level 2: 3307 prefixes
      level 3: 31808 prefixes
      level 4: 126009 prefixes
      level 5: 212184 prefixes
      level 6: 227665 prefixes
      level 7: 227665 prefixes
  lam=(13, 7, 2, 2, 2, 1, 1): N_S=227665 |Stab|=12 n_chi=17725 (orbits dropped: 9444) [lean, 1s, HWM nan GB]
    E_01: |H|=12 targets 164735 canonical rows 12771 nnz 64840 (obstructed fixed targets cancelled: 9231) [1s, HWM nan GB]
    E_12: |H|=4 targets 95558 canonical rows 20188 nnz 79869 (obstructed fixed targets cancelled: 2978) [1s, HWM nan GB]
    E_23: |H|=2 targets 170732 canonical rows 68202 nnz 135182 (obstructed fixed targets cancelled: 894) [2s, HWM nan GB]
    E_34: |H|=2 targets 170732 canonical rows 68202 nnz 135182 (obstructed fixed targets cancelled: 894) [2s, HWM nan GB]
    E_45: |H|=2 targets 101438 canonical rows 52767 nnz 95958 (obstructed fixed targets cancelled: 0) [3s, HWM nan GB]
    E_56: |H|=6 targets 135160 canonical rows 0 nnz 0 (obstructed fixed targets cancelled: 0) [3s, HWM nan GB]
  built (13, 7, 2, 2, 2, 1, 1) d7: N_S=227665 |Stab|=12 n_chi=17725 rows=222130 nnz=511031 (5s: mono 0s orbits 1s rows 3s; HWM nan GB)
{"phase": "cover", "n_chi": 17725, "nS": 17724, "nU": 1}
{"phase": "det_evaluation", "index": 6, "value": 28335}
{"phase": "cell_complete", "index": 6, "status": "REPLAYED_RANK_FLOOR", "seconds": 5.234742400003597}
      level 1: 96 prefixes
      level 2: 1969 prefixes
      level 3: 19430 prefixes
      level 4: 91013 prefixes
      level 5: 202199 prefixes
      level 6: 244103 prefixes
      level 7: 244103 prefixes
  lam=(11, 9, 3, 2, 1, 1, 1): N_S=244103 |Stab|=6 n_chi=20079 (orbits dropped: 44509) [lean, 1s, HWM nan GB]
    E_01: |H|=6 targets 213753 canonical rows 17367 nnz 83456 (obstructed fixed targets cancelled: 19962) [1s, HWM nan GB]
    E_12: |H|=6 targets 121874 canonical rows 9504 nnz 42809 (obstructed fixed targets cancelled: 10803) [1s, HWM nan GB]
    E_23: |H|=6 targets 151918 canonical rows 12233 nnz 33162 (obstructed fixed targets cancelled: 4914) [2s, HWM nan GB]
    E_34: |H|=2 targets 108160 canonical rows 40029 nnz 60237 (obstructed fixed targets cancelled: 0) [2s, HWM nan GB]
    E_45: |H|=1 targets 144306 canonical rows 0 nnz 0 (obstructed fixed targets cancelled: 0) [3s, HWM nan GB]
    E_56: |H|=1 targets 144306 canonical rows 0 nnz 0 (obstructed fixed targets cancelled: 0) [3s, HWM nan GB]
  built (11, 9, 3, 2, 1, 1, 1) d7: N_S=244103 |Stab|=6 n_chi=20079 rows=79133 nnz=219664 (4s: mono 0s orbits 1s rows 3s; HWM nan GB)
{"phase": "cover", "n_chi": 20079, "nS": 20077, "nU": 2}
{"phase": "det_evaluation", "index": 7, "value": 48191}
{"phase": "cell_complete", "index": 7, "status": "REPLAYED_RANK_FLOOR", "seconds": 4.407600199978333}
      level 1: 97 prefixes
      level 2: 2681 prefixes
      level 3: 30446 prefixes
      level 4: 140672 prefixes
      level 5: 281323 prefixes
      level 6: 319816 prefixes
      level 7: 319816 prefixes
  lam=(12, 7, 4, 2, 1, 1, 1): N_S=319816 |Stab|=6 n_chi=26609 (orbits dropped: 57632) [lean, 1s, HWM nan GB]
    E_01: |H|=6 targets 237552 canonical rows 19285 nnz 96857 (obstructed fixed targets cancelled: 23424) [1s, HWM nan GB]
    E_12: |H|=6 targets 213753 canonical rows 17367 nnz 70013 (obstructed fixed targets cancelled: 14001) [2s, HWM nan GB]
    E_23: |H|=6 targets 172968 canonical rows 14048 nnz 43812 (obstructed fixed targets cancelled: 7074) [3s, HWM nan GB]
    E_34: |H|=2 targets 141365 canonical rows 52629 nnz 79827 (obstructed fixed targets cancelled: 0) [3s, HWM nan GB]
    E_45: |H|=1 targets 188724 canonical rows 0 nnz 0 (obstructed fixed targets cancelled: 0) [3s, HWM nan GB]
    E_56: |H|=1 targets 188724 canonical rows 0 nnz 0 (obstructed fixed targets cancelled: 0) [4s, HWM nan GB]
  built (12, 7, 4, 2, 1, 1, 1) d7: N_S=319816 |Stab|=6 n_chi=26609 rows=103329 nnz=290509 (5s: mono 0s orbits 1s rows 4s; HWM nan GB)
{"phase": "cover", "n_chi": 26609, "nS": 26607, "nU": 2}
{"phase": "det_evaluation", "index": 8, "value": 45284}
{"phase": "cell_complete", "index": 8, "status": "REPLAYED_RANK_FLOOR", "seconds": 5.871123799995985}
      level 1: 126 prefixes
      level 2: 4174 prefixes
      level 3: 45218 prefixes
      level 4: 166084 prefixes
      level 5: 243670 prefixes
      level 6: 252433 prefixes
      level 7: 252433 prefixes
  lam=(14, 5, 3, 2, 2, 1, 1): N_S=252433 |Stab|=4 n_chi=53827 (orbits dropped: 26009) [lean, 0s, HWM nan GB]
    E_01: |H|=4 targets 147224 canonical rows 31143 nnz 165057 (obstructed fixed targets cancelled: 7147) [1s, HWM nan GB]
    E_12: |H|=4 targets 164735 canonical rows 34870 nnz 119879 (obstructed fixed targets cancelled: 3636) [1s, HWM nan GB]
    E_23: |H|=2 targets 157720 canonical rows 63775 nnz 172096 (obstructed fixed targets cancelled: 1851) [2s, HWM nan GB]
    E_34: |H|=2 targets 189471 canonical rows 75895 nnz 151605 (obstructed fixed targets cancelled: 970) [2s, HWM nan GB]
    E_45: |H|=1 targets 112552 canonical rows 110453 nnz 204144 (obstructed fixed targets cancelled: 0) [3s, HWM nan GB]
    E_56: |H|=2 targets 149822 canonical rows 0 nnz 0 (obstructed fixed targets cancelled: 0) [3s, HWM nan GB]
  built (14, 5, 3, 2, 2, 1, 1) d7: N_S=252433 |Stab|=4 n_chi=53827 rows=316136 nnz=812781 (4s: mono 0s orbits 0s rows 3s; HWM nan GB)
{"phase": "cover", "n_chi": 53827, "nS": 53826, "nU": 1}
{"phase": "det_evaluation", "index": 9, "value": 54428}
{"phase": "cell_complete", "index": 9, "status": "REPLAYED_RANK_FLOOR", "seconds": 5.176911899994593}
{"wall_seconds": 42.697864199988544}
