{"board_numbering": "batch15", "session_id": "B15-01", "pid": 25944, "memory_before": {"total_physical": 33752997888, "available_physical": 10891206656, "load": 67}, "memory_cap_mb": 1536, "wall_cap_seconds": 900, "workers": 1, "blas_threads": 1, "job_object_enforced": true, "idle_sleep_inhibited_during_run": true, "started_utc": "2026-09-13T13:51:24Z"}
{"wall_seconds": 0.202338899980532}
Traceback (most recent call last):
  File "C:\Users\swami\Projects\gct-gpt\work\batch15_workers\B15-01\analysis\b15_bound.py", line 155, in <module>
    main()
  File "C:\Users\swami\Projects\gct-gpt\work\batch15_workers\B15-01\analysis\b15_bound.py", line 133, in main
    runpy.run_path(args.script, run_name="__main__")
  File "<frozen runpy>", line 287, in run_path
  File "<frozen runpy>", line 98, in _run_module_code
  File "<frozen runpy>", line 88, in _run_code
  File "analysis/b15_01_members.py", line 370, in <module>
    audit()
  File "analysis/b15_01_members.py", line 179, in audit
    inputs()
  File "analysis/b15_01_members.py", line 125, in inputs
    save("input_hashes.json", {n: hashlib.sha256((ROOT/n).read_bytes()).hexdigest() for n in names})
                                                 ^^^^^^^^^^^^^^^^^^^^^
  File "C:\Users\swami\Projects\gct-gpt\work\batch15_workers\B15-01\.venv\Lib\pathlib.py", line 1019, in read_bytes
    with self.open(mode='rb') as f:
         ^^^^^^^^^^^^^^^^^^^^
  File "C:\Users\swami\Projects\gct-gpt\work\batch15_workers\B15-01\.venv\Lib\pathlib.py", line 1013, in open
    return io.open(self, mode, buffering, encoding, errors, newline)
           ^^^^^^^^^^^^^^^^^^^^^^^^^^^^^^^^^^^^^^^^^^^^^^^^^^^^^^^^^
FileNotFoundError: [Errno 2] No such file or directory: 'C:\\Users\\swami\\Projects\\gct-gpt\\work\\batch15_workers\\B15-01\\results\\ci73\\equations.json'
