{"board_numbering": "batch15", "session_id": "B15-01", "pid": 28196, "memory_before": {"total_physical": 33752997888, "available_physical": 10467000320, "load": 68}, "memory_cap_mb": 1536, "wall_cap_seconds": 900, "workers": 1, "blas_threads": 1, "job_object_enforced": true, "idle_sleep_inhibited_during_run": true, "started_utc": "2026-09-13T13:52:16Z"}
[0.14s] candidate construction: 2730 finite members; initial rank88
[3.98s] rank 89/159 after candidate 0: transport, 3.84s
[8.02s] rank 90/159 after candidate 1: transport, 4.03s
[12.31s] rank 91/159 after candidate 2: transport, 4.30s
[27.34s] rank 92/159 after candidate 3: transport, 15.03s
[30.12s] rank 93/159 after candidate 4: transport, 2.78s
[33.03s] rank 94/159 after candidate 5: transport, 2.91s
[38.05s] rank 95/159 after candidate 6: transport, 5.00s
[41.09s] rank 96/159 after candidate 7: transport, 3.05s
[49.19s] rank 97/159 after candidate 8: transport, 8.09s
[52.45s] rank 98/159 after candidate 9: transport, 3.27s
[61.67s] rank 99/159 after candidate 10: transport, 9.22s
[65.81s] rank 100/159 after candidate 11: transport, 4.14s
[68.06s] rank 101/159 after candidate 12: transport, 2.23s
[72.38s] rank 102/159 after candidate 13: transport, 4.31s
[77.66s] rank 103/159 after candidate 14: transport, 5.28s
[82.58s] rank 104/159 after candidate 15: transport, 4.92s
[85.69s] rank 105/159 after candidate 16: transport, 3.11s
[88.94s] rank 106/159 after candidate 17: transport, 3.25s
[94.53s] rank 107/159 after candidate 18: transport, 5.59s
[104.91s] rank 108/159 after candidate 19: transport, 10.38s
[109.28s] rank 109/159 after candidate 20: transport, 4.38s
[118.17s] rank 110/159 after candidate 21: transport, 8.89s
[121.27s] rank 111/159 after candidate 22: transport, 3.09s
[135.92s] rank 112/159 after candidate 23: transport, 14.66s
[143.91s] rank 113/159 after candidate 24: transport, 7.98s
[148.41s] rank 114/159 after candidate 25: transport, 4.48s
[151.00s] rank 115/159 after candidate 26: transport, 2.59s
[165.61s] rank 116/159 after candidate 27: transport, 14.61s
[182.48s] rank 117/159 after candidate 28: transport, 16.86s
[191.62s] rank 118/159 after candidate 30: transport, 4.42s
[201.62s] rank 119/159 after candidate 31: transport, 10.00s
[210.30s] rank 120/159 after candidate 32: transport, 8.67s
[223.72s] rank 121/159 after candidate 33: transport, 13.42s
[233.72s] rank 122/159 after candidate 34: transport, 10.00s
[273.92s] rank 123/159 after candidate 37: transport, 16.92s
[279.53s] rank 124/159 after candidate 38: transport, 5.61s
[288.94s] rank 125/159 after candidate 39: transport, 9.41s
[293.73s] candidate 40, rank 125, 4.80s
[370.17s] candidate 48, rank 125, 4.80s
[418.08s] candidate 56, rank 125, 1.92s
[461.16s] candidate 64, rank 125, 2.59s
[544.83s] candidate 72, rank 125, 4.80s
[547.64s] rank 126/159 after candidate 73: exchange, 2.81s
[551.55s] rank 127/159 after candidate 74: exchange, 3.91s
[557.05s] rank 128/159 after candidate 75: exchange, 5.50s
[560.11s] rank 129/159 after candidate 76: exchange, 3.06s
[566.12s] rank 130/159 after candidate 79: exchange, 2.75s
[567.58s] candidate 80, rank 130, 1.45s
[570.53s] rank 131/159 after candidate 81: exchange, 2.95s
[579.08s] rank 132/159 after candidate 82: exchange, 8.55s
[583.03s] rank 133/159 after candidate 83: exchange, 3.95s
[585.25s] rank 134/159 after candidate 85: exchange, 1.47s
[586.88s] rank 135/159 after candidate 86: exchange, 1.62s
[589.33s] rank 136/159 after candidate 87: exchange, 2.45s
[591.30s] rank 137/159 after candidate 88: exchange, 1.95s
[595.73s] rank 138/159 after candidate 90: exchange, 2.92s
[600.98s] rank 139/159 after candidate 91: exchange, 5.25s
[604.05s] rank 140/159 after candidate 92: exchange, 3.05s
[608.02s] rank 141/159 after candidate 93: exchange, 3.97s
[619.88s] rank 142/159 after candidate 95: exchange, 7.33s
[624.11s] rank 143/159 after candidate 96: exchange, 4.22s
[654.52s] rank 144/159 after candidate 102: exchange, 1.38s
[664.11s] candidate 104, rank 144, 4.75s
[673.28s] rank 145/159 after candidate 105: exchange, 9.16s
[675.77s] rank 146/159 after candidate 106: exchange, 2.48s
[699.56s] candidate 112, rank 146, 2.80s
[707.19s] rank 147/159 after candidate 113: exchange, 7.62s
[729.20s] rank 148/159 after candidate 118: exchange, 6.52s
[734.52s] candidate 120, rank 148, 2.77s
[736.69s] rank 149/159 after candidate 121: exchange, 2.17s
[749.70s] rank 150/159 after candidate 124: exchange, 5.02s
[757.34s] rank 151/159 after candidate 125: exchange, 7.64s
[762.61s] rank 152/159 after candidate 127: exchange, 1.84s
[763.41s] candidate 128, rank 152, 0.78s
[776.56s] rank 153/159 after candidate 131: exchange, 9.20s
[781.77s] rank 154/159 after candidate 132: exchange, 5.20s
[789.33s] candidate 136, rank 154, 1.53s
[825.78s] rank 155/159 after candidate 142: exchange, 5.23s
[825.80s] finished rank 155/159; tested=143; seconds=825.66
{"wall_seconds": 825.9030296999845}
