{"board_numbering": "batch15", "session_id": "B15-02", "pid": 32092, "memory_before": {"total_physical": 33752997888, "available_physical": 11154325504, "load": 66}, "memory_cap_mb": 1536, "wall_cap_seconds": 900, "workers": 1, "blas_threads": 1, "job_object_enforced": true, "idle_sleep_inhibited_during_run": true, "started_utc": "2026-09-13T06:50:55Z"}
      level 1: 79 prefixes
      level 2: 1516 prefixes
      level 3: 15982 prefixes
      level 4: 76887 prefixes
      level 5: 172598 prefixes
      level 6: 209487 prefixes
      level 7: 209487 prefixes
  lam=(11, 8, 5, 1, 1, 1, 1): N_S=209487 |Stab|=24 n_chi=1576 (orbits dropped: 19579) [lean, 2s, HWM nan GB]
    E_01: |H|=24 targets 172968 canonical rows 1240 nnz 5293 (obstructed fixed targets cancelled: 17988) [2s, HWM nan GB]
    E_12: |H|=24 targets 151918 canonical rows 1062 nnz 4134 (obstructed fixed targets cancelled: 12504) [3s, HWM nan GB]
    E_23: |H|=6 targets 60802 canonical rows 4044 nnz 6304 (obstructed fixed targets cancelled: 0) [4s, HWM nan GB]
    E_34: |H|=2 targets 123805 canonical rows 0 nnz 0 (obstructed fixed targets cancelled: 0) [4s, HWM nan GB]
    E_45: |H|=2 targets 123805 canonical rows 0 nnz 0 (obstructed fixed targets cancelled: 0) [4s, HWM nan GB]
    E_56: |H|=2 targets 123805 canonical rows 0 nnz 0 (obstructed fixed targets cancelled: 0) [4s, HWM nan GB]
  built (11, 8, 5, 1, 1, 1, 1) d7: N_S=209487 |Stab|=24 n_chi=1576 rows=6346 nnz=15731 (7s: mono 0s orbits 2s rows 4s; HWM nan GB)
{"phase": "cover", "n_chi": 1576, "nS": 1575, "nU": 1}
{"phase": "det_evaluation", "index": 1, "value": 25866}
{"phase": "cell_complete", "index": 1, "status": "REPLAYED_RANK_FLOOR", "seconds": 6.718498200003523}
{"wall_seconds": 6.992015800002264}
