{"board_numbering": "batch15", "session_id": "B15-08", "pid": 29420, "memory_before": {"total_physical": 33752997888, "available_physical": 11415244800, "load": 66}, "memory_cap_mb": 512, "wall_cap_seconds": 60, "workers": 1, "blas_threads": 1, "job_object_enforced": true, "idle_sleep_inhibited_during_run": true, "started_utc": "2026-09-13T06:52:18Z"}
{"wall_seconds": 0.24670859999605455}
Traceback (most recent call last):
  File "C:\Users\swami\Projects\gct-gpt\work\batch15_workers\B15-08\analysis\b15_bound.py", line 155, in <module>
    main()
  File "C:\Users\swami\Projects\gct-gpt\work\batch15_workers\B15-08\analysis\b15_bound.py", line 133, in main
    runpy.run_path(args.script, run_name="__main__")
  File "<frozen runpy>", line 287, in run_path
  File "<frozen runpy>", line 98, in _run_module_code
  File "<frozen runpy>", line 88, in _run_code
  File "analysis/b15_08_run.py", line 194, in <module>
    globals()[args.mode]()
  File "analysis/b15_08_run.py", line 170, in point_controls
    point,meta=from_parameters(params,8,p)
               ^^^^^^^^^^^^^^^^^^^^^^^^^^^
  File "C:\Users\swami\Projects\gct-gpt\work\batch15_workers\B15-08\analysis\b15_08_points.py", line 95, in from_parameters
    return normalize(F,h,p)
           ^^^^^^^^^^^^^^^^
  File "C:\Users\swami\Projects\gct-gpt\work\batch15_workers\B15-08\analysis\b15_08_points.py", line 51, in normalize
    if not c:raise ValueError('point outside the nonzero leading-coefficient chart')
             ^^^^^^^^^^^^^^^^^^^^^^^^^^^^^^^^^^^^^^^^^^^^^^^^^^^^^^^^^^^^^^^^^^^^^^^
ValueError: point outside the nonzero leading-coefficient chart
