{"board_numbering": "batch15", "session_id": "B15-01", "pid": 40864, "memory_before": {"total_physical": 33752997888, "available_physical": 10354192384, "load": 69}, "memory_cap_mb": 1536, "wall_cap_seconds": 900, "workers": 1, "blas_threads": 1, "job_object_enforced": true, "idle_sleep_inhibited_during_run": true, "started_utc": "2026-09-13T14:23:23Z"}
[0.86s] deeper occurrence family 5184 definitions; initial rank156
[29.33s] tested8, rank156
[46.14s] tested16, rank156
[58.95s] tested24, rank156
[73.33s] tested32, rank156
[83.70s] tested40, rank156
[96.00s] tested48, rank156
[122.69s] tested56, rank156
[149.00s] tested64, rank156
[163.08s] tested72, rank156
[173.66s] tested80, rank156
[183.27s] tested88, rank156
[193.48s] tested96, rank156
[208.50s] tested104, rank156
[224.47s] tested112, rank156
[247.88s] tested120, rank156
[261.33s] tested128, rank156
[276.42s] tested136, rank156
[307.20s] tested144, rank156
[357.58s] tested152, rank156
[387.97s] tested160, rank156
[405.66s] tested168, rank156
[426.55s] tested176, rank156
[459.75s] tested184, rank156
[477.62s] tested192, rank156
[499.69s] tested200, rank156
[533.22s] tested208, rank156
[571.14s] tested216, rank156
[592.03s] tested224, rank156
[609.56s] tested232, rank156
[634.83s] tested240, rank156
[674.25s] tested248, rank156
[710.81s] rank 157/159, candidate254, parent63, two_cubic_occurrences
[714.33s] tested256, rank157
[747.14s] rank 158/159, candidate263, parent71, two_cubic_occurrences
[788.53s] tested272, rank158
[799.75s] tested280, rank158
[806.50s] tested288, rank158
[814.81s] focus ended at rank158 after290 evaluated members
{"wall_seconds": 814.9584799000004}
