Pieri shapes: 48  lengths: [8, 9]
 1/48  mu=(41, 17, 2, 2, 2, 2, 2, 2, 2)      a_3=31   (40.5s)  running h_pad=31
 2/48  mu=(42, 16, 2, 2, 2, 2, 2, 2, 2)      a_3=29   (37.0s)  running h_pad=60
 3/48  mu=(42, 17, 2, 2, 2, 2, 2, 2, 1)      a_3=14   (20.4s)  running h_pad=74
 4/48  mu=(43, 15, 2, 2, 2, 2, 2, 2, 2)      a_3=26   (36.4s)  running h_pad=100
 5/48  mu=(43, 16, 2, 2, 2, 2, 2, 2, 1)      a_3=14   (19.3s)  running h_pad=114
 6/48  mu=(43, 17, 2, 2, 2, 2, 2, 2)         a_3=28   (9.6s)  running h_pad=142
 7/48  mu=(44, 14, 2, 2, 2, 2, 2, 2, 2)      a_3=24   (35.8s)  running h_pad=166
 8/48  mu=(44, 15, 2, 2, 2, 2, 2, 2, 1)      a_3=12   (18.2s)  running h_pad=178
 9/48  mu=(44, 16, 2, 2, 2, 2, 2, 2)         a_3=26   (8.9s)  running h_pad=204
10/48  mu=(45, 13, 2, 2, 2, 2, 2, 2, 2)      a_3=21   (33.8s)  running h_pad=225
11/48  mu=(45, 14, 2, 2, 2, 2, 2, 2, 1)      a_3=11   (17.7s)  running h_pad=236
12/48  mu=(45, 15, 2, 2, 2, 2, 2, 2)         a_3=24   (8.7s)  running h_pad=260
13/48  mu=(46, 12, 2, 2, 2, 2, 2, 2, 2)      a_3=19   (31.8s)  running h_pad=279
14/48  mu=(46, 13, 2, 2, 2, 2, 2, 2, 1)      a_3=10   (16.4s)  running h_pad=289
15/48  mu=(46, 14, 2, 2, 2, 2, 2, 2)         a_3=22   (8.1s)  running h_pad=311
16/48  mu=(47, 11, 2, 2, 2, 2, 2, 2, 2)      a_3=16   (30.8s)  running h_pad=327
17/48  mu=(47, 12, 2, 2, 2, 2, 2, 2, 1)      a_3=9   (16.1s)  running h_pad=336
18/48  mu=(47, 13, 2, 2, 2, 2, 2, 2)         a_3=19   (8.6s)  running h_pad=355
19/48  mu=(48, 10, 2, 2, 2, 2, 2, 2, 2)      a_3=14   (29.6s)  running h_pad=369
20/48  mu=(48, 11, 2, 2, 2, 2, 2, 2, 1)      a_3=7   (15.5s)  running h_pad=376
21/48  mu=(48, 12, 2, 2, 2, 2, 2, 2)         a_3=18   (7.6s)  running h_pad=394
22/48  mu=(49, 9, 2, 2, 2, 2, 2, 2, 2)       a_3=11   (27.4s)  running h_pad=405
23/48  mu=(49, 10, 2, 2, 2, 2, 2, 2, 1)      a_3=7   (14.8s)  running h_pad=412
24/48  mu=(49, 11, 2, 2, 2, 2, 2, 2)         a_3=15   (7.0s)  running h_pad=427
25/48  mu=(50, 8, 2, 2, 2, 2, 2, 2, 2)       a_3=9   (25.8s)  running h_pad=436
26/48  mu=(50, 9, 2, 2, 2, 2, 2, 2, 1)       a_3=5   (13.6s)  running h_pad=441
27/48  mu=(50, 10, 2, 2, 2, 2, 2, 2)         a_3=13   (7.4s)  running h_pad=454
28/48  mu=(51, 7, 2, 2, 2, 2, 2, 2, 2)       a_3=6   (24.5s)  running h_pad=460
29/48  mu=(51, 8, 2, 2, 2, 2, 2, 2, 1)       a_3=4   (13.1s)  running h_pad=464
30/48  mu=(51, 9, 2, 2, 2, 2, 2, 2)          a_3=11   (6.7s)  running h_pad=475
31/48  mu=(52, 6, 2, 2, 2, 2, 2, 2, 2)       a_3=5   (22.5s)  running h_pad=480
32/48  mu=(52, 7, 2, 2, 2, 2, 2, 2, 1)       a_3=3   (11.8s)  running h_pad=483
33/48  mu=(52, 8, 2, 2, 2, 2, 2, 2)          a_3=9   (6.1s)  running h_pad=492
34/48  mu=(53, 5, 2, 2, 2, 2, 2, 2, 2)       a_3=3   (21.1s)  running h_pad=495
35/48  mu=(53, 6, 2, 2, 2, 2, 2, 2, 1)       a_3=2   (11.0s)  running h_pad=497
36/48  mu=(53, 7, 2, 2, 2, 2, 2, 2)          a_3=6   (6.0s)  running h_pad=503
37/48  mu=(54, 4, 2, 2, 2, 2, 2, 2, 2)       a_3=2   (19.8s)  running h_pad=505
38/48  mu=(54, 5, 2, 2, 2, 2, 2, 2, 1)       a_3=1   (10.1s)  running h_pad=506
39/48  mu=(54, 6, 2, 2, 2, 2, 2, 2)          a_3=5   (5.3s)  running h_pad=511
40/48  mu=(55, 3, 2, 2, 2, 2, 2, 2, 2)       a_3=1   (17.7s)  running h_pad=512
41/48  mu=(55, 4, 2, 2, 2, 2, 2, 2, 1)       a_3=1   (9.3s)  running h_pad=513
42/48  mu=(55, 5, 2, 2, 2, 2, 2, 2)          a_3=3   (4.9s)  running h_pad=516
43/48  mu=(56, 2, 2, 2, 2, 2, 2, 2, 2)       a_3=1   (16.2s)  running h_pad=517
44/48  mu=(56, 3, 2, 2, 2, 2, 2, 2, 1)       a_3=0   (9.2s)  running h_pad=517
45/48  mu=(56, 4, 2, 2, 2, 2, 2, 2)          a_3=2   (4.9s)  running h_pad=519
46/48  mu=(57, 2, 2, 2, 2, 2, 2, 2, 1)       a_3=0   (8.1s)  running h_pad=519
47/48  mu=(57, 3, 2, 2, 2, 2, 2, 2)          a_3=1   (4.2s)  running h_pad=520
48/48  mu=(58, 2, 2, 2, 2, 2, 2, 2)          a_3=1   (3.8s)  running h_pad=521

h_pad(LMR) = 521
