  loaded cached build (n_chi=17047)
  cell: N_S=1155302 |Stab|=120 n_chi=17047
    level 0 (3,2): 25617 rows, nnz 348138 (full: 713691 rows, nnz 1764749)
    wied[p0a_det_2147483647 p=2147483647 lvl=0 seed=1 k=0]: KERNEL SEQ n=17047 nrows=25617 nnz=348138 k=0 len=34094 secs=34.8 | BM deg=16760 f0=0 secs=37.6 | DONE secs=55.9 (57s)
    (kernel vector of the compressed matrix is not in ker[E; ev]: escalate)
    level 1 (12,2): 102328 rows, nnz 676349 (full: 713691 rows, nnz 1764749)
    wied[p0a_det_2147483647 p=2147483647 lvl=1 seed=2 k=0]: KERNEL SEQ n=17047 nrows=102328 nnz=676349 k=0 len=34094 secs=88.8 | BM deg=17047 f0=0 secs=92.1 | DONE secs=136.5 (194s)
    wied[p0a_det_2147483647 p=2147483647 lvl=1 seed=3 k=1]: NONSINGULAR SEQ n=17047 nrows=102328 nnz=676349 k=1 len=34094 secs=89.3 | BM deg=17047 f0=237044006 secs=92.2 (288s)
  p=2147483647 det: i_det=1  mult_det=5  (291s)
    level 0 (3,2): 25617 rows, nnz 348138 (full: 713691 rows, nnz 1764749)
    wied[p0a_per_2147483647 p=2147483647 lvl=0 seed=1 k=0]: KERNEL SEQ n=17047 nrows=25617 nnz=348138 k=0 len=34094 secs=32.2 | BM deg=16760 f0=0 secs=35.0 | DONE secs=53.3 (54s)
    (kernel vector of the compressed matrix is not in ker[E; ev]: escalate)
    level 1 (12,2): 102328 rows, nnz 676349 (full: 713691 rows, nnz 1764749)
    wied[p0a_per_2147483647 p=2147483647 lvl=1 seed=2 k=0]: NONSINGULAR SEQ n=17047 nrows=102328 nnz=676349 k=0 len=34094 secs=87.0 | BM deg=17047 f0=1802630121 secs=89.8 (144s)
  p=2147483647 per: i_per=0  mult_per=6  (146s)
    level 0 (3,2): 25617 rows, nnz 348130 (full: 713691 rows, nnz 1764749)
    wied[p0a_det_2147483629 p=2147483629 lvl=0 seed=1 k=0]: KERNEL SEQ n=17047 nrows=25617 nnz=348130 k=0 len=34094 secs=34.8 | BM deg=16724 f0=0 secs=38.2 | DONE secs=58.2 (58s)
    (kernel vector of the compressed matrix is not in ker[E; ev]: escalate)
    level 1 (12,2): 102328 rows, nnz 676096 (full: 713691 rows, nnz 1764749)
    wied[p0a_det_2147483629 p=2147483629 lvl=1 seed=2 k=0]: KERNEL SEQ n=17047 nrows=102328 nnz=676096 k=0 len=34094 secs=86.3 | BM deg=17047 f0=0 secs=89.7 | DONE secs=137.9 (196s)
    wied[p0a_det_2147483629 p=2147483629 lvl=1 seed=3 k=1]: NONSINGULAR SEQ n=17047 nrows=102328 nnz=676096 k=1 len=34094 secs=87.4 | BM deg=17047 f0=1761132765 secs=90.3 (287s)
  p=2147483629 det: i_det=1  mult_det=5  (289s)
    level 0 (3,2): 25617 rows, nnz 348130 (full: 713691 rows, nnz 1764749)
    wied[p0a_per_2147483629 p=2147483629 lvl=0 seed=1 k=0]: KERNEL SEQ n=17047 nrows=25617 nnz=348130 k=0 len=34094 secs=34.6 | BM deg=16724 f0=0 secs=38.0 | DONE secs=57.8 (58s)
    (kernel vector of the compressed matrix is not in ker[E; ev]: escalate)
    level 1 (12,2): 102328 rows, nnz 676096 (full: 713691 rows, nnz 1764749)
    wied[p0a_per_2147483629 p=2147483629 lvl=1 seed=2 k=0]: NONSINGULAR SEQ n=17047 nrows=102328 nnz=676096 k=0 len=34094 secs=86.6 | BM deg=17047 f0=912061757 secs=89.4 (148s)
  p=2147483629 per: i_per=0  mult_per=6  (150s)
  D = +1: i_det=1 > 0 = i_per, so I(D) not contained in I(P), so per_3 is not in the closure of GL_9 . det_3 -- an exhibited occurrence obstruction, rigorous (rank_p <= rank_Q).
