  loaded cached build (n_chi=17047)
  cell: N_S=1155302 |Stab|=120 n_chi=17047
    level 0 (3,2): 25617 rows, nnz 348138 (full: 713691 rows, nnz 1764749)
    wied[p0a_det_2147483647 p=2147483647 lvl=0 seed=1 k=0]: KERNEL SEQ n=17047 nrows=25617 nnz=348138 k=0 len=34094 secs=59.3 | BM deg=16760 f0=0 secs=65.7 | DONE secs=99.0 (99s)
    (kernel vector of the compressed matrix is not in ker[E; ev]: escalate)
    level 1 (12,2): 102328 rows, nnz 676349 (full: 713691 rows, nnz 1764749)
    wied[p0a_det_2147483647 p=2147483647 lvl=1 seed=2 k=0]: KERNEL SEQ n=17047 nrows=102328 nnz=676349 k=0 len=34094 secs=147.1 | BM deg=17047 f0=0 secs=153.7 | DONE secs=231.8 (332s)
    wied[p0a_det_2147483647 p=2147483647 lvl=1 seed=3 k=1]: NONSINGULAR SEQ n=17047 nrows=102328 nnz=676349 k=1 len=34094 secs=155.4 | BM deg=17047 f0=237044006 secs=162.1 (495s)
  p=2147483647 det: i_det=1  mult_det=5  (501s)
    level 0 (3,2): 25617 rows, nnz 348138 (full: 713691 rows, nnz 1764749)
    wied[p0a_per_2147483647 p=2147483647 lvl=0 seed=1 k=0]: KERNEL SEQ n=17047 nrows=25617 nnz=348138 k=0 len=34094 secs=60.8 | BM deg=16760 f0=0 secs=67.7 | DONE secs=104.1 (104s)
    (kernel vector of the compressed matrix is not in ker[E; ev]: escalate)
    level 1 (12,2): 102328 rows, nnz 676349 (full: 713691 rows, nnz 1764749)
    wied[p0a_per_2147483647 p=2147483647 lvl=1 seed=2 k=0]: NONSINGULAR SEQ n=17047 nrows=102328 nnz=676349 k=0 len=34094 secs=142.9 | BM deg=17047 f0=1802630121 secs=149.6 (254s)
  p=2147483647 per: i_per=0  mult_per=6  (262s)
    level 0 (3,2): 25617 rows, nnz 348130 (full: 713691 rows, nnz 1764749)
    wied[p0a_det_2147483629 p=2147483629 lvl=0 seed=1 k=0]: KERNEL SEQ n=17047 nrows=25617 nnz=348130 k=0 len=34094 secs=59.3 | BM deg=16724 f0=0 secs=65.8 | DONE secs=99.3 (100s)
    (kernel vector of the compressed matrix is not in ker[E; ev]: escalate)
    level 1 (12,2): 102328 rows, nnz 676096 (full: 713691 rows, nnz 1764749)
    wied[p0a_det_2147483629 p=2147483629 lvl=1 seed=2 k=0]: KERNEL SEQ n=17047 nrows=102328 nnz=676096 k=0 len=34094 secs=146.3 | BM deg=17047 f0=0 secs=153.0 | DONE secs=235.9 (336s)
    wied[p0a_det_2147483629 p=2147483629 lvl=1 seed=3 k=1]: NONSINGULAR SEQ n=17047 nrows=102328 nnz=676096 k=1 len=34094 secs=151.3 | BM deg=17047 f0=1761132765 secs=158.0 (495s)
  p=2147483629 det: i_det=1  mult_det=5  (501s)
    level 0 (3,2): 25617 rows, nnz 348130 (full: 713691 rows, nnz 1764749)
    wied[p0a_per_2147483629 p=2147483629 lvl=0 seed=1 k=0]: KERNEL SEQ n=17047 nrows=25617 nnz=348130 k=0 len=34094 secs=58.7 | BM deg=16724 f0=0 secs=65.2 | DONE secs=98.8 (99s)
    (kernel vector of the compressed matrix is not in ker[E; ev]: escalate)
    level 1 (12,2): 102328 rows, nnz 676096 (full: 713691 rows, nnz 1764749)
    wied[p0a_per_2147483629 p=2147483629 lvl=1 seed=2 k=0]: NONSINGULAR SEQ n=17047 nrows=102328 nnz=676096 k=0 len=34094 secs=152.3 | BM deg=17047 f0=912061757 secs=159.0 (259s)
  p=2147483629 per: i_per=0  mult_per=6  (266s)
  D = +1: mult_per=6 > 5=mult_det, both nonzero, so this is a MULTIPLICITY obstruction (not an occurrence obstruction: S_lambda occurs in both coordinate rings).  P contained in D would force mult_P <= mult_D, so per_3 is not in the closure of GL_9 . det_3.  Rigorous: rank_p <= rank_Q <= a makes mult_per = a exact over Q, and i_det >= 1 is LMR.
