  [MdetEngine delta=9 n=4] N=36: 17977 classes, W-support 14393, f^rect=177295473274920  [0s]
s38 delta=9: 708 rows, mismatches 0  [47s]  memo entries 16850778 clears 0
  [MdetEngine delta=10 n=4] N=40: 37338 classes, W-support 31238, f^rect=22661585038594320  [1s]
  engines built [2s]
  delta=10 lam=(32, 1, 1, 1, 1, 1, 1, 1, 1) (sum 40, 9 rows): a=0 [0.2s]  m_det=0 [0.1s]  memo 109799 clears 0
  delta=10 lam=(22, 2, 2, 2, 2, 2, 2, 2, 2, 2) (sum 40, 10 rows): a=1 [0.1s]  m_det=18 [0.1s]  memo 235253 clears 0
  delta=10 lam=(10, 4, 4, 4, 3, 3, 3, 3, 3, 3) (sum 40, 10 rows): a=0 [0.1s]  m_det=4988 [0.2s]  memo 322415 clears 0
  delta=10 lam=(10, 4, 4, 4, 3, 3, 3, 3, 3, 3) (sum 40, 10 rows): a=0 [0.1s]  m_det=4988 [0.2s]  memo 322415 clears 0
  [MdetEngine delta=11 n=4] N=44: 75175 classes, W-support 61297, f^rect=3073259571003214320  [2s]
  engines built [3s]
  delta=11 lam=(36, 1, 1, 1, 1, 1, 1, 1, 1) (sum 44, 9 rows): a=0 [0.2s]  m_det=0 [0.1s]  memo 206485 clears 0
  delta=11 lam=(26, 2, 2, 2, 2, 2, 2, 2, 2, 2) (sum 44, 10 rows): a=1 [0.1s]  m_det=18 [0.3s]  memo 439743 clears 0
  delta=11 lam=(11, 4, 4, 4, 4, 4, 4, 3, 3, 3) (sum 44, 10 rows): a=0 [0.2s]  m_det=14123 [0.5s]  memo 849842 clears 0
  delta=11 lam=(11, 4, 4, 4, 4, 4, 4, 3, 3, 3) (sum 44, 10 rows): a=0 [0.2s]  m_det=14123 [0.5s]  memo 849842 clears 0
  [MdetEngine delta=12 n=4] N=48: 147273 classes, W-support 125318, f^rect=438091463242348309440  [4s]
  engines built [6s]
  delta=12 lam=(40, 1, 1, 1, 1, 1, 1, 1, 1) (sum 48, 9 rows): a=0 [0.3s]  m_det=0 [0.3s]  memo 390665 clears 0
  delta=12 lam=(30, 2, 2, 2, 2, 2, 2, 2, 2, 2) (sum 48, 10 rows): a=1 [0.2s]  m_det=18 [0.6s]  memo 806313 clears 0
  delta=12 lam=(12, 4, 4, 4, 4, 4, 4, 4, 4, 4) (sum 48, 10 rows): a=4 [0.6s]  m_det=2254 [1.4s]  memo 2100665 clears 0
  delta=12 lam=(12, 4, 4, 4, 4, 4, 4, 4, 4, 4) (sum 48, 10 rows): a=4 [0.5s]  m_det=2254 [1.4s]  memo 2100665 clears 0
