delta 8: 31 cells with n_chi <= 1500; 0 already done
  lam=(16, 2, 2, 2, 2): N_S=427 |Stab|=24 n_chi=45 (orbits dropped: 0)
    E_01: |H|=6 canonical rows 45 (obstructed fixed targets cancelled: 0)
    E_12: |H|=2 canonical rows 187 (obstructed fixed targets cancelled: 0)
    E_23: |H|=2 canonical rows 187 (obstructed fixed targets cancelled: 0)
    E_34: |H|=2 canonical rows 187 (obstructed fixed targets cancelled: 0)
  p=2147483647: a=1 rank(R)=44 mult={'det': 1} npts=9 (0s)
  p=2147483629: a=1 rank(R)=44 mult={'det': 1} npts=9 (0s)
  (16, 2, 2, 2, 2) a=1 n_chi=45 mult_det=1 =a [3s]
  lam=(15, 3, 2, 2, 2): N_S=837 |Stab|=6 n_chi=206 (orbits dropped: 0)
    E_01: |H|=6 canonical rows 110 (obstructed fixed targets cancelled: 0)
    E_12: |H|=2 canonical rows 314 (obstructed fixed targets cancelled: 0)
    E_23: |H|=1 canonical rows 635 (obstructed fixed targets cancelled: 0)
    E_34: |H|=1 canonical rows 635 (obstructed fixed targets cancelled: 0)
  p=2147483647: a=1 rank(R)=205 mult={'det': 1} npts=9 (0s)
  p=2147483629: a=1 rank(R)=205 mult={'det': 1} npts=9 (0s)
  (15, 3, 2, 2, 2) a=1 n_chi=206 mult_det=1 =a [0s]
  lam=(14, 5, 3, 1, 1): N_S=624 |Stab|=2 n_chi=213 (orbits dropped: 198)
    E_01: |H|=2 canonical rows 139 (obstructed fixed targets cancelled: 55)
    E_12: |H|=2 canonical rows 143 (obstructed fixed targets cancelled: 32)
    E_23: |H|=1 canonical rows 267 (obstructed fixed targets cancelled: 0)
    E_34: |H|=1 canonical rows 0 (obstructed fixed targets cancelled: 0)
  p=2147483647: a=1 rank(R)=212 mult={'det': 1} npts=9 (0s)
  p=2147483629: a=1 rank(R)=212 mult={'det': 1} npts=9 (0s)
  (14, 5, 3, 1, 1) a=1 n_chi=213 mult_det=1 =a [0s]
  lam=(12, 5, 5, 1, 1): N_S=1600 |Stab|=4 n_chi=287 (orbits dropped: 264)
    E_01: |H|=2 canonical rows 371 (obstructed fixed targets cancelled: 124)
    E_12: |H|=2 canonical rows 511 (obstructed fixed targets cancelled: 91)
    E_23: |H|=1 canonical rows 543 (obstructed fixed targets cancelled: 0)
    E_34: |H|=2 canonical rows 0 (obstructed fixed targets cancelled: 19)
  p=2147483647: a=1 rank(R)=286 mult={'det': 1} npts=9 (0s)
  p=2147483629: a=1 rank(R)=286 mult={'det': 1} npts=9 (0s)
  (12, 5, 5, 1, 1) a=1 n_chi=287 mult_det=1 =a [0s]
  lam=(15, 4, 2, 2, 1): N_S=546 |Stab|=2 n_chi=314 (orbits dropped: 0)
    E_01: |H|=2 canonical rows 187 (obstructed fixed targets cancelled: 0)
    E_12: |H|=1 canonical rows 316 (obstructed fixed targets cancelled: 0)
    E_23: |H|=1 canonical rows 416 (obstructed fixed targets cancelled: 0)
    E_34: |H|=1 canonical rows 277 (obstructed fixed targets cancelled: 0)
  p=2147483647: a=1 rank(R)=313 mult={'det': 1} npts=9 (0s)
  p=2147483629: a=1 rank(R)=313 mult={'det': 1} npts=9 (0s)
  (15, 4, 2, 2, 1) a=1 n_chi=314 mult_det=1 =a [0s]
  lam=(14, 4, 2, 2, 2): N_S=1444 |Stab|=6 n_chi=348 (orbits dropped: 0)
    E_01: |H|=6 canonical rows 206 (obstructed fixed targets cancelled: 0)
    E_12: |H|=2 canonical rows 468 (obstructed fixed targets cancelled: 0)
    E_23: |H|=1 canonical rows 1091 (obstructed fixed targets cancelled: 0)
    E_34: |H|=1 canonical rows 1091 (obstructed fixed targets cancelled: 0)
  p=2147483647: a=2 rank(R)=346 mult={'det': 2} npts=10 (0s)
  p=2147483629: a=2 rank(R)=346 mult={'det': 2} npts=10 (1s)
  (14, 4, 2, 2, 2) a=2 n_chi=348 mult_det=2 =a [1s]
  lam=(13, 5, 4, 1, 1): N_S=1069 |Stab|=2 n_chi=371 (orbits dropped: 327)
    E_01: |H|=2 canonical rows 240 (obstructed fixed targets cancelled: 91)
    E_12: |H|=2 canonical rows 297 (obstructed fixed targets cancelled: 55)
    E_23: |H|=1 canonical rows 387 (obstructed fixed targets cancelled: 0)
    E_34: |H|=1 canonical rows 0 (obstructed fixed targets cancelled: 0)
  p=2147483647: a=1 rank(R)=370 mult={'det': 1} npts=9 (0s)
  p=2147483629: a=1 rank(R)=370 mult={'det': 1} npts=9 (0s)
  (13, 5, 4, 1, 1) a=1 n_chi=371 mult_det=1 =a [0s]
  lam=(12, 7, 3, 1, 1): N_S=1088 |Stab|=2 n_chi=378 (orbits dropped: 332)
    E_01: |H|=2 canonical rows 297 (obstructed fixed targets cancelled: 102)
    E_12: |H|=2 canonical rows 218 (obstructed fixed targets cancelled: 60)
    E_23: |H|=1 canonical rows 460 (obstructed fixed targets cancelled: 0)
    E_34: |H|=1 canonical rows 0 (obstructed fixed targets cancelled: 0)
  p=2147483647: a=1 rank(R)=377 mult={'det': 1} npts=9 (0s)
  p=2147483629: a=1 rank(R)=377 mult={'det': 1} npts=9 (0s)
  (12, 7, 3, 1, 1) a=1 n_chi=378 mult_det=1 =a [0s]
  lam=(9, 9, 4, 1, 1): N_S=2138 |Stab|=4 n_chi=386 (orbits dropped: 328)
    E_01: |H|=2 canonical rows 727 (obstructed fixed targets cancelled: 194)
    E_12: |H|=2 canonical rows 474 (obstructed fixed targets cancelled: 130)
    E_23: |H|=2 canonical rows 368 (obstructed fixed targets cancelled: 13)
    E_34: |H|=2 canonical rows 0 (obstructed fixed targets cancelled: 18)
  p=2147483647: a=1 rank(R)=385 mult={'det': 1} npts=9 (0s)
  p=2147483629: a=1 rank(R)=385 mult={'det': 1} npts=9 (1s)
  (9, 9, 4, 1, 1) a=1 n_chi=386 mult_det=1 =a [1s]
  lam=(11, 8, 3, 1, 1): N_S=1261 |Stab|=2 n_chi=440 (orbits dropped: 381)
    E_01: |H|=2 canonical rows 378 (obstructed fixed targets cancelled: 119)
    E_12: |H|=2 canonical rows 241 (obstructed fixed targets cancelled: 69)
    E_23: |H|=1 canonical rows 531 (obstructed fixed targets cancelled: 0)
    E_34: |H|=1 canonical rows 0 (obstructed fixed targets cancelled: 0)
  p=2147483647: a=1 rank(R)=439 mult={'det': 1} npts=9 (0s)
  p=2147483629: a=1 rank(R)=439 mult={'det': 1} npts=9 (0s)
  (11, 8, 3, 1, 1) a=1 n_chi=440 mult_det=1 =a [0s]
  lam=(14, 5, 2, 2, 1): N_S=821 |Stab|=2 n_chi=468 (orbits dropped: 0)
    E_01: |H|=2 canonical rows 314 (obstructed fixed targets cancelled: 0)
    E_12: |H|=1 canonical rows 437 (obstructed fixed targets cancelled: 0)
    E_23: |H|=1 canonical rows 624 (obstructed fixed targets cancelled: 0)
    E_34: |H|=1 canonical rows 411 (obstructed fixed targets cancelled: 0)
  p=2147483647: a=1 rank(R)=467 mult={'det': 1} npts=9 (0s)
  p=2147483629: a=1 rank(R)=467 mult={'det': 1} npts=9 (1s)
  (14, 5, 2, 2, 1) a=1 n_chi=468 mult_det=1 =a [1s]
  lam=(9, 9, 2, 2, 2): N_S=4471 |Stab|=12 n_chi=481 (orbits dropped: 57)
    E_01: |H|=6 canonical rows 983 (obstructed fixed targets cancelled: 0)
    E_12: |H|=2 canonical rows 1011 (obstructed fixed targets cancelled: 0)
    E_23: |H|=2 canonical rows 1613 (obstructed fixed targets cancelled: 6)
    E_34: |H|=2 canonical rows 1613 (obstructed fixed targets cancelled: 6)
  p=2147483647: a=1 rank(R)=480 mult={'det': 1} npts=9 (1s)
  p=2147483629: a=1 rank(R)=480 mult={'det': 1} npts=9 (2s)
  (9, 9, 2, 2, 2) a=1 n_chi=481 mult_det=1 =a [2s]
  lam=(12, 6, 4, 1, 1): N_S=1466 |Stab|=2 n_chi=511 (orbits dropped: 444)
    E_01: |H|=2 canonical rows 371 (obstructed fixed targets cancelled: 124)
    E_12: |H|=2 canonical rows 378 (obstructed fixed targets cancelled: 78)
    E_23: |H|=1 canonical rows 525 (obstructed fixed targets cancelled: 0)
    E_34: |H|=1 canonical rows 0 (obstructed fixed targets cancelled: 0)
  p=2147483647: a=1 rank(R)=510 mult={'det': 1} npts=9 (0s)
  p=2147483629: a=1 rank(R)=510 mult={'det': 1} npts=9 (1s)
  (12, 6, 4, 1, 1) a=1 n_chi=511 mult_det=1 =a [1s]
  lam=(13, 5, 2, 2, 2): N_S=2197 |Stab|=6 n_chi=515 (orbits dropped: 0)
    E_01: |H|=6 canonical rows 348 (obstructed fixed targets cancelled: 0)
    E_12: |H|=2 canonical rows 647 (obstructed fixed targets cancelled: 0)
    E_23: |H|=1 canonical rows 1657 (obstructed fixed targets cancelled: 0)
    E_34: |H|=1 canonical rows 1657 (obstructed fixed targets cancelled: 0)
  p=2147483647: a=3 rank(R)=512 mult={'det': 3} npts=11 (1s)
  p=2147483629: a=3 rank(R)=512 mult={'det': 3} npts=11 (2s)
  (13, 5, 2, 2, 2) a=3 n_chi=515 mult_det=3 =a [2s]
  lam=(11, 7, 4, 1, 1): N_S=1812 |Stab|=2 n_chi=641 (orbits dropped: 530)
    E_01: |H|=2 canonical rows 511 (obstructed fixed targets cancelled: 162)
    E_12: |H|=2 canonical rows 440 (obstructed fixed targets cancelled: 102)
    E_23: |H|=1 canonical rows 645 (obstructed fixed targets cancelled: 0)
    E_34: |H|=1 canonical rows 0 (obstructed fixed targets cancelled: 0)
  p=2147483647: a=2 rank(R)=639 mult={'det': 2} npts=10 (0s)
  p=2147483629: a=2 rank(R)=639 mult={'det': 2} npts=10 (1s)
  (11, 7, 4, 1, 1) a=2 n_chi=641 mult_det=2 =a [1s]
  lam=(13, 6, 2, 2, 1): N_S=1139 |Stab|=2 n_chi=647 (orbits dropped: 0)
    E_01: |H|=2 canonical rows 468 (obstructed fixed targets cancelled: 0)
    E_12: |H|=1 canonical rows 555 (obstructed fixed targets cancelled: 0)
    E_23: |H|=1 canonical rows 864 (obstructed fixed targets cancelled: 0)
    E_34: |H|=1 canonical rows 567 (obstructed fixed targets cancelled: 0)
  p=2147483647: a=2 rank(R)=645 mult={'det': 2} npts=10 (1s)
  p=2147483629: a=2 rank(R)=645 mult={'det': 2} npts=10 (1s)
  (13, 6, 2, 2, 1) a=2 n_chi=647 mult_det=2 =a [1s]
  lam=(8, 7, 7, 1, 1): N_S=3698 |Stab|=4 n_chi=681 (orbits dropped: 539)
    E_01: |H|=2 canonical rows 1195 (obstructed fixed targets cancelled: 266)
    E_12: |H|=2 canonical rows 1257 (obstructed fixed targets cancelled: 259)
    E_23: |H|=1 canonical rows 1041 (obstructed fixed targets cancelled: 0)
    E_34: |H|=2 canonical rows 0 (obstructed fixed targets cancelled: 29)
  p=2147483647: a=1 rank(R)=680 mult={'det': 1} npts=9 (1s)
  p=2147483629: a=1 rank(R)=680 mult={'det': 1} npts=9 (2s)
  (8, 7, 7, 1, 1) a=1 n_chi=681 mult_det=1 =a [2s]
  lam=(12, 6, 2, 2, 2): N_S=3036 |Stab|=6 n_chi=708 (orbits dropped: 0)
    E_01: |H|=6 canonical rows 515 (obstructed fixed targets cancelled: 0)
    E_12: |H|=2 canonical rows 812 (obstructed fixed targets cancelled: 0)
    E_23: |H|=1 canonical rows 2284 (obstructed fixed targets cancelled: 0)
    E_34: |H|=1 canonical rows 2284 (obstructed fixed targets cancelled: 0)
  p=2147483647: a=4 rank(R)=704 mult={'det': 4} npts=12 (2s)
  p=2147483629: a=4 rank(R)=704 mult={'det': 4} npts=12 (4s)
  (12, 6, 2, 2, 2) a=4 n_chi=708 mult_det=4 =a [4s]
  lam=(10, 8, 4, 1, 1): N_S=2057 |Stab|=2 n_chi=727 (orbits dropped: 603)
    E_01: |H|=2 canonical rows 641 (obstructed fixed targets cancelled: 181)
    E_12: |H|=2 canonical rows 474 (obstructed fixed targets cancelled: 119)
    E_23: |H|=1 canonical rows 729 (obstructed fixed targets cancelled: 0)
    E_34: |H|=1 canonical rows 0 (obstructed fixed targets cancelled: 0)
  p=2147483647: a=1 rank(R)=726 mult={'det': 1} npts=9 (1s)
  p=2147483629: a=1 rank(R)=726 mult={'det': 1} npts=9 (1s)
  (10, 8, 4, 1, 1) a=1 n_chi=727 mult_det=1 =a [1s]
  lam=(11, 6, 5, 1, 1): N_S=2152 |Stab|=2 n_chi=768 (orbits dropped: 616)
    E_01: |H|=2 canonical rows 566 (obstructed fixed targets cancelled: 170)
    E_12: |H|=2 canonical rows 641 (obstructed fixed targets cancelled: 124)
    E_23: |H|=1 canonical rows 720 (obstructed fixed targets cancelled: 0)
    E_34: |H|=1 canonical rows 0 (obstructed fixed targets cancelled: 0)
  p=2147483647: a=1 rank(R)=767 mult={'det': 1} npts=9 (1s)
  p=2147483629: a=1 rank(R)=767 mult={'det': 1} npts=9 (1s)
  (11, 6, 5, 1, 1) a=1 n_chi=768 mult_det=1 =a [1s]
  lam=(12, 7, 2, 2, 1): N_S=1436 |Stab|=2 n_chi=812 (orbits dropped: 0)
    E_01: |H|=2 canonical rows 647 (obstructed fixed targets cancelled: 0)
    E_12: |H|=1 canonical rows 655 (obstructed fixed targets cancelled: 0)
    E_23: |H|=1 canonical rows 1088 (obstructed fixed targets cancelled: 0)
    E_34: |H|=1 canonical rows 710 (obstructed fixed targets cancelled: 0)
  p=2147483647: a=2 rank(R)=810 mult={'det': 2} npts=10 (1s)
  p=2147483629: a=2 rank(R)=810 mult={'det': 2} npts=10 (2s)
  (12, 7, 2, 2, 1) a=2 n_chi=812 mult_det=2 =a [2s]
  lam=(11, 7, 2, 2, 2): N_S=3772 |Stab|=6 n_chi=864 (orbits dropped: 0)
    E_01: |H|=6 canonical rows 708 (obstructed fixed targets cancelled: 0)
    E_12: |H|=2 canonical rows 941 (obstructed fixed targets cancelled: 0)
    E_23: |H|=1 canonical rows 2835 (obstructed fixed targets cancelled: 0)
    E_34: |H|=1 canonical rows 2835 (obstructed fixed targets cancelled: 0)
  p=2147483647: a=3 rank(R)=861 mult={'det': 3} npts=11 (4s)
  p=2147483629: a=3 rank(R)=861 mult={'det': 3} npts=11 (7s)
  (11, 7, 2, 2, 2) a=3 n_chi=864 mult_det=3 =a [7s]
  lam=(10, 7, 5, 1, 1): N_S=2601 |Stab|=2 n_chi=936 (orbits dropped: 729)
    E_01: |H|=2 canonical rows 768 (obstructed fixed targets cancelled: 212)
    E_12: |H|=2 canonical rows 727 (obstructed fixed targets cancelled: 162)
    E_23: |H|=1 canonical rows 860 (obstructed fixed targets cancelled: 0)
    E_34: |H|=1 canonical rows 0 (obstructed fixed targets cancelled: 0)
  p=2147483647: a=2 rank(R)=934 mult={'det': 2} npts=10 (1s)
  p=2147483629: a=2 rank(R)=934 mult={'det': 2} npts=10 (2s)
  (10, 7, 5, 1, 1) a=2 n_chi=936 mult_det=2 =a [2s]
  lam=(11, 8, 2, 2, 1): N_S=1667 |Stab|=2 n_chi=941 (orbits dropped: 0)
    E_01: |H|=2 canonical rows 812 (obstructed fixed targets cancelled: 0)
    E_12: |H|=1 canonical rows 717 (obstructed fixed targets cancelled: 0)
    E_23: |H|=1 canonical rows 1261 (obstructed fixed targets cancelled: 0)
    E_34: |H|=1 canonical rows 821 (obstructed fixed targets cancelled: 0)
  p=2147483647: a=2 rank(R)=939 mult={'det': 2} npts=10 (2s)
  p=2147483629: a=2 rank(R)=939 mult={'det': 2} npts=10 (3s)
  (11, 8, 2, 2, 1) a=2 n_chi=941 mult_det=2 =a [3s]
  lam=(10, 8, 2, 2, 2): N_S=4299 |Stab|=6 n_chi=985 (orbits dropped: 0)
    E_01: |H|=6 canonical rows 864 (obstructed fixed targets cancelled: 0)
    E_12: |H|=2 canonical rows 1011 (obstructed fixed targets cancelled: 0)
    E_23: |H|=1 canonical rows 3226 (obstructed fixed targets cancelled: 0)
    E_34: |H|=1 canonical rows 3226 (obstructed fixed targets cancelled: 0)
  p=2147483647: a=3 rank(R)=982 mult={'det': 3} npts=11 (5s)
  p=2147483629: a=3 rank(R)=982 mult={'det': 3} npts=11 (10s)
  (10, 8, 2, 2, 2) a=3 n_chi=985 mult_det=3 =a [10s]
  lam=(13, 4, 4, 2, 1): N_S=1892 |Stab|=2 n_chi=996 (orbits dropped: 0)
    E_01: |H|=1 canonical rows 1091 (obstructed fixed targets cancelled: 0)
    E_12: |H|=1 canonical rows 1657 (obstructed fixed targets cancelled: 0)
    E_23: |H|=1 canonical rows 1069 (obstructed fixed targets cancelled: 0)
    E_34: |H|=2 canonical rows 498 (obstructed fixed targets cancelled: 0)
  p=2147483647: a=2 rank(R)=994 mult={'det': 2} npts=10 (2s)
  p=2147483629: a=2 rank(R)=994 mult={'det': 2} npts=10 (5s)
  (13, 4, 4, 2, 1) a=2 n_chi=996 mult_det=2 =a [5s]
  lam=(10, 9, 2, 2, 1): N_S=1793 |Stab|=2 n_chi=1011 (orbits dropped: 0)
    E_01: |H|=2 canonical rows 941 (obstructed fixed targets cancelled: 0)
    E_12: |H|=1 canonical rows 742 (obstructed fixed targets cancelled: 0)
    E_23: |H|=1 canonical rows 1356 (obstructed fixed targets cancelled: 0)
    E_34: |H|=1 canonical rows 882 (obstructed fixed targets cancelled: 0)
  p=2147483647: a=1 rank(R)=1010 mult={'det': 1} npts=9 (2s)
  p=2147483629: a=1 rank(R)=1010 mult={'det': 1} npts=9 (4s)
  (10, 9, 2, 2, 1) a=1 n_chi=1011 mult_det=1 =a [4s]
  lam=(9, 8, 5, 1, 1): N_S=2852 |Stab|=2 n_chi=1029 (orbits dropped: 794)
    E_01: |H|=2 canonical rows 936 (obstructed fixed targets cancelled: 233)
    E_12: |H|=2 canonical rows 760 (obstructed fixed targets cancelled: 181)
    E_23: |H|=1 canonical rows 939 (obstructed fixed targets cancelled: 0)
    E_34: |H|=1 canonical rows 0 (obstructed fixed targets cancelled: 0)
  p=2147483647: a=1 rank(R)=1028 mult={'det': 1} npts=9 (1s)
  p=2147483629: a=1 rank(R)=1028 mult={'det': 1} npts=9 (3s)
  (9, 8, 5, 1, 1) a=1 n_chi=1029 mult_det=1 =a [3s]
  lam=(14, 4, 3, 2, 1): N_S=1091 |Stab|=1 n_chi=1091 (orbits dropped: 0)
    E_01: |H|=1 canonical rows 635 (obstructed fixed targets cancelled: 0)
    E_12: |H|=1 canonical rows 821 (obstructed fixed targets cancelled: 0)
    E_23: |H|=1 canonical rows 709 (obstructed fixed targets cancelled: 0)
    E_34: |H|=1 canonical rows 541 (obstructed fixed targets cancelled: 0)
  p=2147483647: a=1 rank(R)=1090 mult={'det': 1} npts=9 (2s)
  p=2147483629: a=1 rank(R)=1090 mult={'det': 1} npts=9 (3s)
  (14, 4, 3, 2, 1) a=1 n_chi=1091 mult_det=1 =a [3s]
  lam=(9, 7, 6, 1, 1): N_S=3297 |Stab|=2 n_chi=1195 (orbits dropped: 907)
    E_01: |H|=2 canonical rows 1013 (obstructed fixed targets cancelled: 259)
    E_12: |H|=2 canonical rows 1029 (obstructed fixed targets cancelled: 212)
    E_23: |H|=1 canonical rows 987 (obstructed fixed targets cancelled: 0)
    E_34: |H|=1 canonical rows 0 (obstructed fixed targets cancelled: 0)
  p=2147483647: a=1 rank(R)=1194 mult={'det': 1} npts=9 (2s)
  p=2147483629: a=1 rank(R)=1194 mult={'det': 1} npts=9 (4s)
  (9, 7, 6, 1, 1) a=1 n_chi=1195 mult_det=1 =a [4s]
  lam=(11, 4, 4, 4, 1): N_S=6672 |Stab|=6 n_chi=1246 (orbits dropped: 0)
    E_01: |H|=2 canonical rows 2019 (obstructed fixed targets cancelled: 0)
    E_12: |H|=1 canonical rows 5805 (obstructed fixed targets cancelled: 0)
    E_23: |H|=1 canonical rows 5805 (obstructed fixed targets cancelled: 0)
    E_34: |H|=2 canonical rows 1235 (obstructed fixed targets cancelled: 0)
  p=2147483647: a=2 rank(R)=1244 mult={'det': 2} npts=10 (14s)
  p=2147483629: a=2 rank(R)=1244 mult={'det': 2} npts=10 (27s)
  (11, 4, 4, 4, 1) a=2 n_chi=1246 mult_det=2 =a [27s]
