delta 8: 86 cells with n_chi <= 9100; 60 already done
  lam=(10, 5, 4, 4, 1): N_S=9799 |Stab|=2 n_chi=5070 (orbits dropped: 0)
    E_01: |H|=2 canonical rows 3465 (obstructed fixed targets cancelled: 0)
    E_12: |H|=1 canonical rows 7712 (obstructed fixed targets cancelled: 0)
    E_23: |H|=1 canonical rows 8510 (obstructed fixed targets cancelled: 0)
    E_34: |H|=1 canonical rows 3361 (obstructed fixed targets cancelled: 0)
    Agg 5134x5070 assembled into flint (7s; nrows 23048, max|M| 15, max column fill 22)
    nullspace: rank 5067, dim ker 3 (30s)
  p=2147483647: a=3 rank(R)=5067 mult={'det': 3} npts=11 (31s)
    Agg 5134x5070 assembled into flint (6s; nrows 23048, max|M| 15, max column fill 22)
    nullspace: rank 5067, dim ker 3 (29s)
  p=2147483629: a=3 rank(R)=5067 mult={'det': 3} npts=11 (60s)
  (10, 5, 4, 4, 1) a=3 n_chi=5070 mult_det=3 =a [63s]
  lam=(8, 6, 6, 2, 2): N_S=18035 |Stab|=4 n_chi=5073 (orbits dropped: 0)
    E_01: |H|=2 canonical rows 8001 (obstructed fixed targets cancelled: 0)
    E_12: |H|=2 canonical rows 9017 (obstructed fixed targets cancelled: 0)
    E_23: |H|=1 canonical rows 8092 (obstructed fixed targets cancelled: 0)
    E_34: |H|=2 canonical rows 6828 (obstructed fixed targets cancelled: 0)
    Agg 5137x5073 assembled into flint (7s; nrows 31938, max|M| 12, max column fill 32)
    nullspace: rank 5070, dim ker 3 (29s)
  p=2147483647: a=3 rank(R)=5070 mult={'det': 3} npts=11 (31s)
    Agg 5137x5073 assembled into flint (7s; nrows 31938, max|M| 12, max column fill 32)
    nullspace: rank 5070, dim ker 3 (30s)
  p=2147483629: a=3 rank(R)=5070 mult={'det': 3} npts=11 (60s)
  (8, 6, 6, 2, 2) a=3 n_chi=5073 mult_det=3 =a [60s]
  lam=(9, 8, 4, 2, 1): N_S=5172 |Stab|=1 n_chi=5172 (orbits dropped: 0)
    E_01: |H|=1 canonical rows 4705 (obstructed fixed targets cancelled: 0)
    E_12: |H|=1 canonical rows 3356 (obstructed fixed targets cancelled: 0)
    E_23: |H|=1 canonical rows 2852 (obstructed fixed targets cancelled: 0)
    E_34: |H|=1 canonical rows 2461 (obstructed fixed targets cancelled: 0)
    Agg 5236x5172 assembled into flint (6s; nrows 13374, max|M| 12, max column fill 13)
    nullspace: rank 5168, dim ker 4 (29s)
  p=2147483647: a=4 rank(R)=5168 mult={'det': 4} npts=12 (30s)
    Agg 5236x5172 assembled into flint (6s; nrows 13374, max|M| 12, max column fill 13)
    nullspace: rank 5168, dim ker 4 (29s)
  p=2147483629: a=4 rank(R)=5168 mult={'det': 4} npts=12 (59s)
  (9, 8, 4, 2, 1) a=4 n_chi=5172 mult_det=4 =a [59s]
  lam=(11, 4, 4, 3, 2): N_S=10619 |Stab|=2 n_chi=5502 (orbits dropped: 0)
    E_01: |H|=1 canonical rows 6113 (obstructed fixed targets cancelled: 0)
    E_12: |H|=1 canonical rows 9228 (obstructed fixed targets cancelled: 0)
    E_23: |H|=1 canonical rows 7751 (obstructed fixed targets cancelled: 0)
    E_34: |H|=2 canonical rows 3465 (obstructed fixed targets cancelled: 0)
    Agg 5566x5502 assembled into flint (8s; nrows 26557, max|M| 12, max column fill 24)
    nullspace: rank 5500, dim ker 2 (37s)
  p=2147483647: a=2 rank(R)=5500 mult={'det': 2} npts=10 (38s)
    Agg 5566x5502 assembled into flint (8s; nrows 26557, max|M| 12, max column fill 24)
    nullspace: rank 5500, dim ker 2 (37s)
  p=2147483629: a=2 rank(R)=5500 mult={'det': 2} npts=10 (76s)
  (11, 4, 4, 3, 2) a=2 n_chi=5502 mult_det=2 =a [76s]
  lam=(10, 6, 5, 2, 1): N_S=5632 |Stab|=1 n_chi=5632 (orbits dropped: 0)
    E_01: |H|=1 canonical rows 4256 (obstructed fixed targets cancelled: 0)
    E_12: |H|=1 canonical rows 4705 (obstructed fixed targets cancelled: 0)
    E_23: |H|=1 canonical rows 2826 (obstructed fixed targets cancelled: 0)
    E_34: |H|=1 canonical rows 2670 (obstructed fixed targets cancelled: 0)
    Agg 5696x5632 assembled into flint (7s; nrows 14457, max|M| 15, max column fill 13)
    nullspace: rank 5628, dim ker 4 (37s)
  p=2147483647: a=4 rank(R)=5628 mult={'det': 4} npts=12 (38s)
    Agg 5696x5632 assembled into flint (7s; nrows 14457, max|M| 15, max column fill 13)
    nullspace: rank 5628, dim ker 4 (40s)
  p=2147483629: a=4 rank(R)=5628 mult={'det': 4} npts=12 (78s)
  (10, 6, 5, 2, 1) a=4 n_chi=5632 mult_det=4 =a [78s]
  lam=(10, 6, 4, 2, 2): N_S=10323 |Stab|=2 n_chi=5682 (orbits dropped: 0)
    E_01: |H|=2 canonical rows 4275 (obstructed fixed targets cancelled: 0)
    E_12: |H|=2 canonical rows 4116 (obstructed fixed targets cancelled: 0)
    E_23: |H|=1 canonical rows 5632 (obstructed fixed targets cancelled: 0)
    E_34: |H|=1 canonical rows 7712 (obstructed fixed targets cancelled: 0)
    Agg 5746x5682 assembled into flint (8s; nrows 21735, max|M| 15, max column fill 17)
    nullspace: rank 5675, dim ker 7 (43s)
  p=2147483647: a=7 rank(R)=5675 mult={'det': 7} npts=15 (44s)
    Agg 5746x5682 assembled into flint (9s; nrows 21735, max|M| 15, max column fill 17)
    nullspace: rank 5675, dim ker 7 (42s)
  p=2147483629: a=7 rank(R)=5675 mult={'det': 7} npts=15 (87s)
  (10, 6, 4, 2, 2) a=7 n_chi=5682 mult_det=7 =a [87s]
  lam=(11, 5, 4, 3, 1): N_S=5805 |Stab|=1 n_chi=5805 (orbits dropped: 0)
    E_01: |H|=1 canonical rows 3874 (obstructed fixed targets cancelled: 0)
    E_12: |H|=1 canonical rows 4595 (obstructed fixed targets cancelled: 0)
    E_23: |H|=1 canonical rows 4256 (obstructed fixed targets cancelled: 0)
    E_34: |H|=1 canonical rows 2329 (obstructed fixed targets cancelled: 0)
    Agg 5869x5805 assembled into flint (8s; nrows 15054, max|M| 15, max column fill 13)
    nullspace: rank 5801, dim ker 4 (43s)
  p=2147483647: a=4 rank(R)=5801 mult={'det': 4} npts=12 (44s)
    Agg 5869x5805 assembled into flint (8s; nrows 15054, max|M| 15, max column fill 13)
    nullspace: rank 5801, dim ker 4 (44s)
  p=2147483629: a=4 rank(R)=5801 mult={'det': 4} npts=12 (88s)
  (11, 5, 4, 3, 1) a=4 n_chi=5805 mult_det=4 =a [88s]
  lam=(10, 6, 3, 3, 2): N_S=12317 |Stab|=2 n_chi=5813 (orbits dropped: 691)
    E_01: |H|=2 canonical rows 4349 (obstructed fixed targets cancelled: 326)
    E_12: |H|=1 canonical rows 7453 (obstructed fixed targets cancelled: 0)
    E_23: |H|=1 canonical rows 10142 (obstructed fixed targets cancelled: 0)
    E_34: |H|=1 canonical rows 7698 (obstructed fixed targets cancelled: 0)
    Agg 5877x5813 assembled into flint (9s; nrows 29642, max|M| 15, max column fill 21)
    nullspace: rank 5812, dim ker 1 (44s)
  p=2147483647: a=1 rank(R)=5812 mult={'det': 1} npts=9 (45s)
    Agg 5877x5813 assembled into flint (9s; nrows 29642, max|M| 15, max column fill 21)
    nullspace: rank 5812, dim ker 1 (43s)
  p=2147483629: a=1 rank(R)=5812 mult={'det': 1} npts=9 (88s)
  (10, 6, 3, 3, 2) a=1 n_chi=5813 mult_det=1 =a [88s]
  lam=(9, 6, 4, 4, 1): N_S=12581 |Stab|=2 n_chi=6501 (orbits dropped: 0)
    E_01: |H|=2 canonical rows 5070 (obstructed fixed targets cancelled: 0)
    E_12: |H|=1 canonical rows 9067 (obstructed fixed targets cancelled: 0)
    E_23: |H|=1 canonical rows 10913 (obstructed fixed targets cancelled: 0)
    E_34: |H|=1 canonical rows 4275 (obstructed fixed targets cancelled: 0)
    Agg 6565x6501 assembled into flint (11s; nrows 29325, max|M| 12, max column fill 23)
    nullspace: rank 6497, dim ker 4 (59s)
  p=2147483647: a=4 rank(R)=6497 mult={'det': 4} npts=12 (60s)
    Agg 6565x6501 assembled into flint (11s; nrows 29325, max|M| 12, max column fill 23)
    nullspace: rank 6497, dim ker 4 (86s)
  p=2147483629: a=4 rank(R)=6497 mult={'det': 4} npts=12 (147s)
  (9, 6, 4, 4, 1) a=4 n_chi=6501 mult_det=4 =a [147s]
  lam=(9, 4, 4, 4, 3): N_S=36049 |Stab|=6 n_chi=6510 (orbits dropped: 0)
    E_01: |H|=2 canonical rows 11176 (obstructed fixed targets cancelled: 0)
    E_12: |H|=1 canonical rows 31174 (obstructed fixed targets cancelled: 0)
    E_23: |H|=1 canonical rows 31174 (obstructed fixed targets cancelled: 0)
    E_34: |H|=2 canonical rows 13345 (obstructed fixed targets cancelled: 0)
    Agg 6574x6510 assembled into flint (32s; nrows 86869, max|M| 12, max column fill 65)
    nullspace: rank 6509, dim ker 1 (114s)
  p=2147483647: a=1 rank(R)=6509 mult={'det': 1} npts=9 (118s)
    Agg 6574x6510 assembled into flint (33s; nrows 86869, max|M| 12, max column fill 65)
    nullspace: rank 6509, dim ker 1 (112s)
  p=2147483629: a=1 rank(R)=6509 mult={'det': 1} npts=9 (231s)
  (9, 4, 4, 4, 3) a=1 n_chi=6510 mult_det=1 =a [231s]
  lam=(9, 7, 5, 2, 1): N_S=6603 |Stab|=1 n_chi=6603 (orbits dropped: 0)
    E_01: |H|=1 canonical rows 5632 (obstructed fixed targets cancelled: 0)
    E_12: |H|=1 canonical rows 5172 (obstructed fixed targets cancelled: 0)
    E_23: |H|=1 canonical rows 3297 (obstructed fixed targets cancelled: 0)
    E_34: |H|=1 canonical rows 3112 (obstructed fixed targets cancelled: 0)
    Agg 6667x6603 assembled into flint (16s; nrows 17213, max|M| 12, max column fill 14)
    nullspace: rank 6599, dim ker 4 (65s)
  p=2147483647: a=4 rank(R)=6599 mult={'det': 4} npts=12 (65s)
    Agg 6667x6603 assembled into flint (10s; nrows 17213, max|M| 12, max column fill 14)
    nullspace: rank 6599, dim ker 4 (57s)
  p=2147483629: a=4 rank(R)=6599 mult={'det': 4} npts=12 (122s)
  (9, 7, 5, 2, 1) a=4 n_chi=6603 mult_det=4 =a [122s]
  lam=(9, 7, 4, 2, 2): N_S=12147 |Stab|=2 n_chi=6659 (orbits dropped: 0)
    E_01: |H|=2 canonical rows 5682 (obstructed fixed targets cancelled: 0)
    E_12: |H|=2 canonical rows 4529 (obstructed fixed targets cancelled: 0)
    E_23: |H|=1 canonical rows 6603 (obstructed fixed targets cancelled: 0)
    E_34: |H|=1 canonical rows 9067 (obstructed fixed targets cancelled: 0)
    Agg 6723x6659 assembled into flint (11s; nrows 25881, max|M| 12, max column fill 17)
    nullspace: rank 6655, dim ker 4 (59s)
  p=2147483647: a=4 rank(R)=6655 mult={'det': 4} npts=12 (60s)
    Agg 6723x6659 assembled into flint (11s; nrows 25881, max|M| 12, max column fill 17)
    nullspace: rank 6655, dim ker 4 (59s)
  p=2147483629: a=4 rank(R)=6655 mult={'det': 4} npts=12 (119s)
  (9, 7, 4, 2, 2) a=4 n_chi=6659 mult_det=4 =a [119s]
  lam=(9, 5, 5, 4, 1): N_S=13917 |Stab|=2 n_chi=6795 (orbits dropped: 327)
    E_01: |H|=1 canonical rows 9799 (obstructed fixed targets cancelled: 0)
    E_12: |H|=1 canonical rows 12563 (obstructed fixed targets cancelled: 0)
    E_23: |H|=1 canonical rows 10902 (obstructed fixed targets cancelled: 0)
    E_34: |H|=2 canonical rows 2257 (obstructed fixed targets cancelled: 91)
    Agg 6859x6795 assembled into flint (13s; nrows 35521, max|M| 12, max column fill 27)
