seed 20260902, box +-1000000, primes 2147483647, 2147483629
n=3 pencil 0: corank M_4(det) = 6 / 6   (smooth mu = 5; cap needs >= 6; cap(n) = 65)   [0.0s]
        control random 3-ic: corank = 5 / 5   (expect 5)
        control cubic with 5 general nodes: corank M_4 = 5 / 5   (expect 5)
        control cubic with 6 general nodes: corank M_4 = 6 / 6   (expect 6)
        H_{S/J}(k), k=1..6: measured [5, 6, 6, 6, 6, 6]  GN [5, 6, 6, 6, 6, 6]  nu=6  AGREE
        h^0(I_Z(1)) [k=2n-5] = 0 via (J_2:m^1); nodes impose 5 of 6 conditions; def_1 = 1;  dim J_1 = 0
        h^0(I_Z(3)) [k=n] = 29 via (J_4:m^1); nodes impose 6 of 6 conditions; def_3 = 0;  dim J_3 = 29
n=3 pencil 1: corank M_4(det) = 6 / 6   (smooth mu = 5; cap needs >= 6; cap(n) = 65)   [0.0s]
        H_{S/J}(k), k=1..6: measured [5, 6, 6, 6, 6, 6]  GN [5, 6, 6, 6, 6, 6]  nu=6  AGREE
        h^0(I_Z(1)) [k=2n-5] = 0 via (J_2:m^1); nodes impose 5 of 6 conditions; def_1 = 1;  dim J_1 = 0
        h^0(I_Z(3)) [k=n] = 29 via (J_4:m^1); nodes impose 6 of 6 conditions; def_3 = 0;  dim J_3 = 29
n=3 pencil 2: corank M_4(det) = 6 / 6   (smooth mu = 5; cap needs >= 6; cap(n) = 65)   [0.0s]
        H_{S/J}(k), k=1..6: measured [5, 6, 6, 6, 6, 6]  GN [5, 6, 6, 6, 6, 6]  nu=6  AGREE
        h^0(I_Z(1)) [k=2n-5] = 0 via (J_2:m^1); nodes impose 5 of 6 conditions; def_1 = 1;  dim J_1 = 0
        h^0(I_Z(3)) [k=n] = 29 via (J_4:m^1); nodes impose 6 of 6 conditions; def_3 = 0;  dim J_3 = 29
n=4 pencil 0: corank M_7(det) = 31 / 31   (smooth mu = 30; cap needs >= 31; cap(n) = 300)   [0.1s]
        control random 4-ic: corank = 30 / 30   (expect 30)
        H_{S/J}(k), k=3..8: measured [19, 20, 20, 20, 20, 20]  GN [19, 20, 20, 20, 20, 20]  nu=20  AGREE
        h^0(I_Z(3)) [k=2n-5] = 16 via (J_4:m^1); nodes impose 19 of 20 conditions; def_3 = 1;  dim J_3 = 16
        h^0(I_Z(4)) [k=n] = 50 via (J_5:m^1); nodes impose 20 of 20 conditions; def_4 = 0;  dim J_4 = 50
n=4 pencil 1: corank M_7(det) = 31 / 31   (smooth mu = 30; cap needs >= 31; cap(n) = 300)   [0.1s]
        H_{S/J}(k), k=3..8: measured [19, 20, 20, 20, 20, 20]  GN [19, 20, 20, 20, 20, 20]  nu=20  AGREE
        h^0(I_Z(3)) [k=2n-5] = 16 via (J_4:m^1); nodes impose 19 of 20 conditions; def_3 = 1;  dim J_3 = 16
        h^0(I_Z(4)) [k=n] = 50 via (J_5:m^1); nodes impose 20 of 20 conditions; def_4 = 0;  dim J_4 = 50
