delta 8: 60 cells with n_chi <= 5000; 31 already done
  lam=(12, 4, 4, 2, 2): N_S=5160 |Stab|=4 n_chi=1531 (orbits dropped: 0)
    E_01: |H|=2 canonical rows 1652 (obstructed fixed targets cancelled: 0)
    E_12: |H|=2 canonical rows 2497 (obstructed fixed targets cancelled: 0)
    E_23: |H|=1 canonical rows 2860 (obstructed fixed targets cancelled: 0)
    E_34: |H|=2 canonical rows 2019 (obstructed fixed targets cancelled: 0)
  p=2147483647: a=3 rank(R)=1528 mult={'det': 3} npts=11 (11s)
  p=2147483629: a=3 rank(R)=1528 mult={'det': 3} npts=11 (20s)
  (12, 4, 4, 2, 2) a=3 n_chi=1531 mult_det=3 =a [22s]
  lam=(12, 5, 3, 3, 1): N_S=3382 |Stab|=2 n_chi=1579 (orbits dropped: 224)
    E_01: |H|=2 canonical rows 1032 (obstructed fixed targets cancelled: 105)
    E_12: |H|=1 canonical rows 2284 (obstructed fixed targets cancelled: 0)
    E_23: |H|=1 canonical rows 2789 (obstructed fixed targets cancelled: 0)
    E_34: |H|=1 canonical rows 1382 (obstructed fixed targets cancelled: 0)
  p=2147483647: a=1 rank(R)=1578 mult={'det': 1} npts=9 (8s)
  p=2147483629: a=1 rank(R)=1578 mult={'det': 1} npts=9 (17s)
  (12, 5, 3, 3, 1) a=1 n_chi=1579 mult_det=1 =a [17s]
  lam=(9, 9, 3, 2, 1): N_S=3356 |Stab|=2 n_chi=1650 (orbits dropped: 56)
    E_01: |H|=1 canonical rows 3223 (obstructed fixed targets cancelled: 0)
    E_12: |H|=1 canonical rows 1793 (obstructed fixed targets cancelled: 0)
    E_23: |H|=2 canonical rows 1050 (obstructed fixed targets cancelled: 16)
    E_34: |H|=2 canonical rows 786 (obstructed fixed targets cancelled: 13)
  p=2147483647: a=1 rank(R)=1649 mult={'det': 1} npts=9 (8s)
  p=2147483629: a=1 rank(R)=1649 mult={'det': 1} npts=9 (16s)
  (9, 9, 3, 2, 1) a=1 n_chi=1650 mult_det=1 =a [16s]
  lam=(13, 4, 3, 2, 2): N_S=2953 |Stab|=2 n_chi=1652 (orbits dropped: 0)
    E_01: |H|=2 canonical rows 951 (obstructed fixed targets cancelled: 0)
    E_12: |H|=2 canonical rows 1238 (obstructed fixed targets cancelled: 0)
    E_23: |H|=1 canonical rows 1892 (obstructed fixed targets cancelled: 0)
    E_34: |H|=1 canonical rows 2227 (obstructed fixed targets cancelled: 0)
  p=2147483647: a=1 rank(R)=1651 mult={'det': 1} npts=9 (7s)
  p=2147483629: a=1 rank(R)=1651 mult={'det': 1} npts=9 (15s)
  (13, 4, 3, 2, 2) a=1 n_chi=1652 mult_det=1 =a [15s]
  lam=(13, 5, 3, 2, 1): N_S=1657 |Stab|=1 n_chi=1657 (orbits dropped: 0)
    E_01: |H|=1 canonical rows 1091 (obstructed fixed targets cancelled: 0)
    E_12: |H|=1 canonical rows 1139 (obstructed fixed targets cancelled: 0)
    E_23: |H|=1 canonical rows 1069 (obstructed fixed targets cancelled: 0)
    E_34: |H|=1 canonical rows 811 (obstructed fixed targets cancelled: 0)
  p=2147483647: a=2 rank(R)=1655 mult={'det': 2} npts=10 (5s)
  p=2147483629: a=2 rank(R)=1655 mult={'det': 2} npts=10 (9s)
  (13, 5, 3, 2, 1) a=2 n_chi=1657 mult_det=2 =a [9s]
  lam=(12, 4, 4, 3, 1): N_S=3874 |Stab|=2 n_chi=2019 (orbits dropped: 0)
    E_01: |H|=1 canonical rows 2227 (obstructed fixed targets cancelled: 0)
    E_12: |H|=1 canonical rows 3382 (obstructed fixed targets cancelled: 0)
    E_23: |H|=1 canonical rows 2860 (obstructed fixed targets cancelled: 0)
    E_34: |H|=2 canonical rows 850 (obstructed fixed targets cancelled: 0)
  p=2147483647: a=1 rank(R)=2018 mult={'det': 1} npts=9 (16s)
  p=2147483629: a=1 rank(R)=2018 mult={'det': 1} npts=9 (31s)
  (12, 4, 4, 3, 1) a=1 n_chi=2019 mult_det=1 =a [31s]
  lam=(11, 5, 5, 2, 1): N_S=4256 |Stab|=2 n_chi=2059 (orbits dropped: 138)
    E_01: |H|=1 canonical rows 2860 (obstructed fixed targets cancelled: 0)
    E_12: |H|=1 canonical rows 3863 (obstructed fixed targets cancelled: 0)
    E_23: |H|=1 canonical rows 2149 (obstructed fixed targets cancelled: 0)
    E_34: |H|=2 canonical rows 966 (obstructed fixed targets cancelled: 27)
  p=2147483647: a=2 rank(R)=2057 mult={'det': 2} npts=10 (20s)
  p=2147483629: a=2 rank(R)=2057 mult={'det': 2} npts=10 (38s)
  (11, 5, 5, 2, 1) a=2 n_chi=2059 mult_det=2 =a [38s]
  lam=(11, 6, 3, 3, 1): N_S=4595 |Stab|=2 n_chi=2152 (orbits dropped: 291)
    E_01: |H|=2 canonical rows 1579 (obstructed fixed targets cancelled: 140)
    E_12: |H|=1 canonical rows 2830 (obstructed fixed targets cancelled: 0)
    E_23: |H|=1 canonical rows 3786 (obstructed fixed targets cancelled: 0)
    E_34: |H|=1 canonical rows 1859 (obstructed fixed targets cancelled: 0)
  p=2147483647: a=1 rank(R)=2151 mult={'det': 1} npts=9 (19s)
  p=2147483629: a=1 rank(R)=2151 mult={'det': 1} npts=9 (39s)
  (11, 6, 3, 3, 1) a=1 n_chi=2152 mult_det=1 =a [39s]
  lam=(12, 6, 3, 2, 1): N_S=2284 |Stab|=1 n_chi=2284 (orbits dropped: 0)
    E_01: |H|=1 canonical rows 1657 (obstructed fixed targets cancelled: 0)
    E_12: |H|=1 canonical rows 1436 (obstructed fixed targets cancelled: 0)
    E_23: |H|=1 canonical rows 1466 (obstructed fixed targets cancelled: 0)
    E_34: |H|=1 canonical rows 1112 (obstructed fixed targets cancelled: 0)
  p=2147483647: a=3 rank(R)=2281 mult={'det': 3} npts=11 (10s)
  p=2147483629: a=3 rank(R)=2281 mult={'det': 3} npts=11 (21s)
  (12, 6, 3, 2, 1) a=3 n_chi=2284 mult_det=3 =a [21s]
  lam=(12, 5, 3, 2, 2): N_S=4497 |Stab|=2 n_chi=2497 (orbits dropped: 0)
    E_01: |H|=2 canonical rows 1652 (obstructed fixed targets cancelled: 0)
    E_12: |H|=2 canonical rows 1707 (obstructed fixed targets cancelled: 0)
    E_23: |H|=1 canonical rows 2860 (obstructed fixed targets cancelled: 0)
    E_34: |H|=1 canonical rows 3382 (obstructed fixed targets cancelled: 0)
  p=2147483647: a=2 rank(R)=2495 mult={'det': 2} npts=10 (22s)
  p=2147483629: a=2 rank(R)=2495 mult={'det': 2} npts=10 (44s)
  (12, 5, 3, 2, 2) a=2 n_chi=2497 mult_det=2 =a [44s]
  lam=(10, 7, 3, 3, 1): N_S=5592 |Stab|=2 n_chi=2627 (orbits dropped: 338)
    E_01: |H|=2 canonical rows 2152 (obstructed fixed targets cancelled: 177)
    E_12: |H|=1 canonical rows 3220 (obstructed fixed targets cancelled: 0)
    E_23: |H|=1 canonical rows 4603 (obstructed fixed targets cancelled: 0)
    E_34: |H|=1 canonical rows 2243 (obstructed fixed targets cancelled: 0)
    Agg 2691x2627 assembled into flint (2s; nrows 12218, max|M| 15, max column fill 19)
    nullspace: rank 2625, dim ker 2 (6s)
  p=2147483647: a=2 rank(R)=2625 mult={'det': 2} npts=10 (7s)
    Agg 2691x2627 assembled into flint (2s; nrows 12218, max|M| 15, max column fill 19)
    nullspace: rank 2625, dim ker 2 (6s)
  p=2147483629: a=2 rank(R)=2625 mult={'det': 2} npts=10 (12s)
  (10, 7, 3, 3, 1) a=2 n_chi=2627 mult_det=2 =a [12s]
  lam=(11, 7, 3, 2, 1): N_S=2835 |Stab|=1 n_chi=2835 (orbits dropped: 0)
    E_01: |H|=1 canonical rows 2284 (obstructed fixed targets cancelled: 0)
    E_12: |H|=1 canonical rows 1667 (obstructed fixed targets cancelled: 0)
    E_23: |H|=1 canonical rows 1812 (obstructed fixed targets cancelled: 0)
    E_34: |H|=1 canonical rows 1369 (obstructed fixed targets cancelled: 0)
    Agg 2899x2835 assembled into flint (2s; nrows 7132, max|M| 15, max column fill 12)
    nullspace: rank 2831, dim ker 4 (7s)
  p=2147483647: a=4 rank(R)=2831 mult={'det': 4} npts=12 (7s)
    Agg 2899x2835 assembled into flint (2s; nrows 7132, max|M| 15, max column fill 12)
    nullspace: rank 2831, dim ker 4 (7s)
  p=2147483629: a=4 rank(R)=2831 mult={'det': 4} npts=12 (14s)
  (11, 7, 3, 2, 1) a=4 n_chi=2835 mult_det=4 =a [14s]
  lam=(8, 4, 4, 4, 4): N_S=57536 |Stab|=24 n_chi=2838 (orbits dropped: 0)
    E_01: |H|=6 canonical rows 6510 (obstructed fixed targets cancelled: 0)
    E_12: |H|=2 canonical rows 25447 (obstructed fixed targets cancelled: 0)
    E_23: |H|=2 canonical rows 25447 (obstructed fixed targets cancelled: 0)
    E_34: |H|=2 canonical rows 25447 (obstructed fixed targets cancelled: 0)
    Agg 2902x2838 assembled into flint (7s; nrows 82851, max|M| 12, max column fill 147)
    nullspace: rank 2837, dim ker 1 (12s)
  p=2147483647: a=1 rank(R)=2837 mult={'det': 1} npts=9 (17s)
    Agg 2902x2838 assembled into flint (7s; nrows 82851, max|M| 12, max column fill 147)
    nullspace: rank 2837, dim ker 1 (12s)
  p=2147483629: a=1 rank(R)=2837 mult={'det': 1} npts=9 (30s)
  (8, 4, 4, 4, 4) a=1 n_chi=2838 mult_det=1 =a [30s]
  lam=(12, 5, 4, 2, 1): N_S=2860 |Stab|=1 n_chi=2860 (orbits dropped: 0)
    E_01: |H|=1 canonical rows 1892 (obstructed fixed targets cancelled: 0)
    E_12: |H|=1 canonical rows 2284 (obstructed fixed targets cancelled: 0)
    E_23: |H|=1 canonical rows 1600 (obstructed fixed targets cancelled: 0)
    E_34: |H|=1 canonical rows 1382 (obstructed fixed targets cancelled: 0)
    Agg 2924x2860 assembled into flint (2s; nrows 7158, max|M| 15, max column fill 12)
    nullspace: rank 2856, dim ker 4 (7s)
  p=2147483647: a=4 rank(R)=2856 mult={'det': 4} npts=12 (7s)
    Agg 2924x2860 assembled into flint (2s; nrows 7158, max|M| 15, max column fill 12)
    nullspace: rank 2856, dim ker 4 (7s)
  p=2147483629: a=4 rank(R)=2856 mult={'det': 4} npts=12 (14s)
  (12, 5, 4, 2, 1) a=4 n_chi=2860 mult_det=4 =a [14s]
  lam=(9, 8, 3, 3, 1): N_S=6153 |Stab|=2 n_chi=2893 (orbits dropped: 367)
    E_01: |H|=2 canonical rows 2627 (obstructed fixed targets cancelled: 197)
    E_12: |H|=1 canonical rows 3352 (obstructed fixed targets cancelled: 0)
    E_23: |H|=1 canonical rows 5062 (obstructed fixed targets cancelled: 0)
    E_34: |H|=1 canonical rows 2460 (obstructed fixed targets cancelled: 0)
    Agg 2957x2893 assembled into flint (2s; nrows 13501, max|M| 12, max column fill 20)
    nullspace: rank 2892, dim ker 1 (7s)
  p=2147483647: a=1 rank(R)=2892 mult={'det': 1} npts=9 (7s)
    Agg 2957x2893 assembled into flint (2s; nrows 13501, max|M| 12, max column fill 20)
    nullspace: rank 2892, dim ker 1 (7s)
  p=2147483629: a=1 rank(R)=2892 mult={'det': 1} npts=9 (14s)
  (9, 8, 3, 3, 1) a=1 n_chi=2893 mult_det=1 =a [14s]
  lam=(10, 5, 5, 2, 2): N_S=11393 |Stab|=4 n_chi=2991 (orbits dropped: 262)
    E_01: |H|=2 canonical rows 4264 (obstructed fixed targets cancelled: 0)
    E_12: |H|=2 canonical rows 5667 (obstructed fixed targets cancelled: 0)
    E_23: |H|=1 canonical rows 5618 (obstructed fixed targets cancelled: 0)
    E_34: |H|=2 canonical rows 4074 (obstructed fixed targets cancelled: 20)
    Agg 3055x2991 assembled into flint (3s; nrows 19623, max|M| 15, max column fill 30)
    nullspace: rank 2990, dim ker 1 (8s)
  p=2147483647: a=1 rank(R)=2990 mult={'det': 1} npts=9 (9s)
    Agg 3055x2991 assembled into flint (3s; nrows 19623, max|M| 15, max column fill 30)
    nullspace: rank 2990, dim ker 1 (8s)
  p=2147483629: a=1 rank(R)=2990 mult={'det': 1} npts=9 (16s)
  (10, 5, 5, 2, 2) a=1 n_chi=2991 mult_det=1 =a [16s]
  lam=(10, 8, 3, 2, 1): N_S=3226 |Stab|=1 n_chi=3226 (orbits dropped: 0)
    E_01: |H|=1 canonical rows 2835 (obstructed fixed targets cancelled: 0)
    E_12: |H|=1 canonical rows 1793 (obstructed fixed targets cancelled: 0)
    E_23: |H|=1 canonical rows 2057 (obstructed fixed targets cancelled: 0)
    E_34: |H|=1 canonical rows 1555 (obstructed fixed targets cancelled: 0)
    Agg 3290x3226 assembled into flint (2s; nrows 8240, max|M| 15, max column fill 12)
    nullspace: rank 3223, dim ker 3 (9s)
  p=2147483647: a=3 rank(R)=3223 mult={'det': 3} npts=11 (9s)
    Agg 3290x3226 assembled into flint (2s; nrows 8240, max|M| 15, max column fill 12)
    nullspace: rank 3223, dim ker 3 (9s)
  p=2147483629: a=3 rank(R)=3223 mult={'det': 3} npts=11 (18s)
  (10, 8, 3, 2, 1) a=3 n_chi=3226 mult_det=3 =a [18s]
  lam=(10, 4, 4, 4, 2): N_S=18118 |Stab|=6 n_chi=3336 (orbits dropped: 0)
    E_01: |H|=2 canonical rows 5502 (obstructed fixed targets cancelled: 0)
    E_12: |H|=1 canonical rows 15700 (obstructed fixed targets cancelled: 0)
    E_23: |H|=1 canonical rows 15700 (obstructed fixed targets cancelled: 0)
    E_34: |H|=2 canonical rows 5070 (obstructed fixed targets cancelled: 0)
    Agg 3400x3336 assembled into flint (4s; nrows 41972, max|M| 12, max column fill 62)
    nullspace: rank 3333, dim ker 3 (12s)
  p=2147483647: a=3 rank(R)=3333 mult={'det': 3} npts=11 (13s)
    Agg 3400x3336 assembled into flint (5s; nrows 41972, max|M| 12, max column fill 62)
    nullspace: rank 3333, dim ker 3 (12s)
  p=2147483629: a=3 rank(R)=3333 mult={'det': 3} npts=11 (25s)
  (10, 4, 4, 4, 2) a=3 n_chi=3336 mult_det=3 =a [25s]
  lam=(11, 6, 3, 2, 2): N_S=6125 |Stab|=2 n_chi=3389 (orbits dropped: 0)
    E_01: |H|=2 canonical rows 2497 (obstructed fixed targets cancelled: 0)
    E_12: |H|=2 canonical rows 2108 (obstructed fixed targets cancelled: 0)
    E_23: |H|=1 canonical rows 3875 (obstructed fixed targets cancelled: 0)
    E_34: |H|=1 canonical rows 4595 (obstructed fixed targets cancelled: 0)
    Agg 3453x3389 assembled into flint (3s; nrows 13075, max|M| 15, max column fill 16)
    nullspace: rank 3385, dim ker 4 (10s)
  p=2147483647: a=4 rank(R)=3385 mult={'det': 4} npts=12 (11s)
    Agg 3453x3389 assembled into flint (3s; nrows 13075, max|M| 15, max column fill 16)
    nullspace: rank 3385, dim ker 4 (11s)
  p=2147483629: a=4 rank(R)=3385 mult={'det': 4} npts=12 (22s)
  (11, 6, 3, 2, 2) a=4 n_chi=3389 mult_det=4 =a [22s]
  lam=(8, 8, 5, 2, 1): N_S=6972 |Stab|=2 n_chi=3539 (orbits dropped: 0)
    E_01: |H|=1 canonical rows 6603 (obstructed fixed targets cancelled: 0)
    E_12: |H|=1 canonical rows 5172 (obstructed fixed targets cancelled: 0)
    E_23: |H|=2 canonical rows 1768 (obstructed fixed targets cancelled: 0)
    E_34: |H|=2 canonical rows 1681 (obstructed fixed targets cancelled: 0)
    Agg 3603x3539 assembled into flint (3s; nrows 15224, max|M| 12, max column fill 24)
    nullspace: rank 3537, dim ker 2 (12s)
  p=2147483647: a=2 rank(R)=3537 mult={'det': 2} npts=10 (12s)
    Agg 3603x3539 assembled into flint (3s; nrows 15224, max|M| 12, max column fill 24)
    nullspace: rank 3537, dim ker 2 (12s)
  p=2147483629: a=2 rank(R)=3537 mult={'det': 2} npts=10 (25s)
  (8, 8, 5, 2, 1) a=2 n_chi=3539 mult_det=2 =a [25s]
  lam=(8, 8, 4, 2, 2): N_S=12845 |Stab|=4 n_chi=3613 (orbits dropped: 0)
    E_01: |H|=2 canonical rows 6659 (obstructed fixed targets cancelled: 0)
    E_12: |H|=2 canonical rows 4529 (obstructed fixed targets cancelled: 0)
    E_23: |H|=2 canonical rows 3539 (obstructed fixed targets cancelled: 0)
    E_34: |H|=2 canonical rows 4851 (obstructed fixed targets cancelled: 0)
    Agg 3677x3613 assembled into flint (3s; nrows 19578, max|M| 12, max column fill 28)
    nullspace: rank 3610, dim ker 3 (13s)
  p=2147483647: a=3 rank(R)=3610 mult={'det': 3} npts=11 (14s)
    Agg 3677x3613 assembled into flint (3s; nrows 19578, max|M| 12, max column fill 28)
    nullspace: rank 3610, dim ker 3 (13s)
  p=2147483629: a=3 rank(R)=3610 mult={'det': 3} npts=11 (26s)
  (8, 8, 4, 2, 2) a=3 n_chi=3613 mult_det=3 =a [26s]
  lam=(9, 6, 6, 2, 1): N_S=7190 |Stab|=2 n_chi=3676 (orbits dropped: 0)
    E_01: |H|=1 canonical rows 5632 (obstructed fixed targets cancelled: 0)
    E_12: |H|=1 canonical rows 6603 (obstructed fixed targets cancelled: 0)
    E_23: |H|=1 canonical rows 3297 (obstructed fixed targets cancelled: 0)
    E_34: |H|=2 canonical rows 1752 (obstructed fixed targets cancelled: 0)
    Agg 3740x3676 assembled into flint (3s; nrows 17284, max|M| 12, max column fill 26)
    nullspace: rank 3674, dim ker 2 (13s)
  p=2147483647: a=2 rank(R)=3674 mult={'det': 2} npts=10 (14s)
    Agg 3740x3676 assembled into flint (4s; nrows 17284, max|M| 12, max column fill 26)
    nullspace: rank 3674, dim ker 2 (13s)
  p=2147483629: a=2 rank(R)=3674 mult={'det': 2} npts=10 (27s)
  (9, 6, 6, 2, 1) a=2 n_chi=3676 mult_det=2 =a [27s]
  lam=(11, 6, 4, 2, 1): N_S=3875 |Stab|=1 n_chi=3875 (orbits dropped: 0)
    E_01: |H|=1 canonical rows 2860 (obstructed fixed targets cancelled: 0)
    E_12: |H|=1 canonical rows 2835 (obstructed fixed targets cancelled: 0)
    E_23: |H|=1 canonical rows 2152 (obstructed fixed targets cancelled: 0)
    E_34: |H|=1 canonical rows 1859 (obstructed fixed targets cancelled: 0)
    Agg 3939x3875 assembled into flint (4s; nrows 9706, max|M| 15, max column fill 12)
    nullspace: rank 3869, dim ker 6 (15s)
  p=2147483647: a=6 rank(R)=3869 mult={'det': 6} npts=14 (15s)
    Agg 3939x3875 assembled into flint (3s; nrows 9706, max|M| 15, max column fill 12)
    nullspace: rank 3869, dim ker 6 (15s)
  p=2147483629: a=6 rank(R)=3869 mult={'det': 6} npts=14 (30s)
  (11, 6, 4, 2, 1) a=6 n_chi=3875 mult_det=6 =a [30s]
  lam=(10, 7, 3, 2, 2): N_S=7464 |Stab|=2 n_chi=4116 (orbits dropped: 0)
    E_01: |H|=2 canonical rows 3389 (obstructed fixed targets cancelled: 0)
    E_12: |H|=2 canonical rows 2403 (obstructed fixed targets cancelled: 0)
    E_23: |H|=1 canonical rows 4705 (obstructed fixed targets cancelled: 0)
    E_34: |H|=1 canonical rows 5592 (obstructed fixed targets cancelled: 0)
    Agg 4180x4116 assembled into flint (4s; nrows 16089, max|M| 15, max column fill 16)
    nullspace: rank 4113, dim ker 3 (18s)
  p=2147483647: a=3 rank(R)=4113 mult={'det': 3} npts=11 (19s)
    Agg 4180x4116 assembled into flint (4s; nrows 16089, max|M| 15, max column fill 16)
    nullspace: rank 4113, dim ker 3 (18s)
  p=2147483629: a=3 rank(R)=4113 mult={'det': 3} npts=11 (37s)
  (10, 7, 3, 2, 2) a=3 n_chi=4116 mult_det=3 =a [37s]
  lam=(10, 5, 5, 3, 1): N_S=8510 |Stab|=2 n_chi=4146 (orbits dropped: 218)
    E_01: |H|=1 canonical rows 5799 (obstructed fixed targets cancelled: 0)
    E_12: |H|=1 canonical rows 7697 (obstructed fixed targets cancelled: 0)
    E_23: |H|=1 canonical rows 5626 (obstructed fixed targets cancelled: 0)
    E_34: |H|=2 canonical rows 1603 (obstructed fixed targets cancelled: 68)
    Agg 4210x4146 assembled into flint (5s; nrows 20725, max|M| 15, max column fill 25)
    nullspace: rank 4144, dim ker 2 (19s)
  p=2147483647: a=2 rank(R)=4144 mult={'det': 2} npts=10 (20s)
    Agg 4210x4146 assembled into flint (5s; nrows 20725, max|M| 15, max column fill 25)
    nullspace: rank 4144, dim ker 2 (19s)
  p=2147483629: a=2 rank(R)=4144 mult={'det': 2} npts=10 (39s)
  (10, 5, 5, 3, 1) a=2 n_chi=4146 mult_det=2 =a [39s]
  lam=(11, 5, 4, 2, 2): N_S=7751 |Stab|=2 n_chi=4275 (orbits dropped: 0)
    E_01: |H|=2 canonical rows 2871 (obstructed fixed targets cancelled: 0)
    E_12: |H|=2 canonical rows 3389 (obstructed fixed targets cancelled: 0)
    E_23: |H|=1 canonical rows 4256 (obstructed fixed targets cancelled: 0)
    E_34: |H|=1 canonical rows 5805 (obstructed fixed targets cancelled: 0)
    Agg 4339x4275 assembled into flint (4s; nrows 16321, max|M| 15, max column fill 16)
    nullspace: rank 4271, dim ker 4 (20s)
  p=2147483647: a=4 rank(R)=4271 mult={'det': 4} npts=12 (20s)
    Agg 4339x4275 assembled into flint (4s; nrows 16321, max|M| 15, max column fill 16)
    nullspace: rank 4271, dim ker 4 (20s)
  p=2147483629: a=4 rank(R)=4271 mult={'det': 4} npts=12 (40s)
  (11, 5, 4, 2, 2) a=4 n_chi=4275 mult_det=4 =a [40s]
  lam=(9, 8, 3, 2, 2): N_S=8221 |Stab|=2 n_chi=4529 (orbits dropped: 0)
    E_01: |H|=2 canonical rows 4116 (obstructed fixed targets cancelled: 0)
    E_12: |H|=2 canonical rows 2493 (obstructed fixed targets cancelled: 0)
    E_23: |H|=1 canonical rows 5172 (obstructed fixed targets cancelled: 0)
    E_34: |H|=1 canonical rows 6153 (obstructed fixed targets cancelled: 0)
    Agg 4593x4529 assembled into flint (5s; nrows 17934, max|M| 12, max column fill 17)
    nullspace: rank 4526, dim ker 3 (23s)
  p=2147483647: a=3 rank(R)=4526 mult={'det': 3} npts=11 (24s)
    Agg 4593x4529 assembled into flint (5s; nrows 17934, max|M| 12, max column fill 17)
    nullspace: rank 4526, dim ker 3 (23s)
  p=2147483629: a=3 rank(R)=4526 mult={'det': 3} npts=11 (47s)
  (9, 8, 3, 2, 2) a=3 n_chi=4529 mult_det=3 =a [47s]
  lam=(10, 7, 4, 2, 1): N_S=4705 |Stab|=1 n_chi=4705 (orbits dropped: 0)
    E_01: |H|=1 canonical rows 3875 (obstructed fixed targets cancelled: 0)
    E_12: |H|=1 canonical rows 3226 (obstructed fixed targets cancelled: 0)
    E_23: |H|=1 canonical rows 2601 (obstructed fixed targets cancelled: 0)
    E_34: |H|=1 canonical rows 2244 (obstructed fixed targets cancelled: 0)
    Agg 4769x4705 assembled into flint (5s; nrows 11946, max|M| 15, max column fill 13)
    nullspace: rank 4699, dim ker 6 (24s)
  p=2147483647: a=6 rank(R)=4699 mult={'det': 6} npts=14 (24s)
    Agg 4769x4705 assembled into flint (5s; nrows 11946, max|M| 15, max column fill 13)
    nullspace: rank 4699, dim ker 6 (24s)
  p=2147483629: a=6 rank(R)=4699 mult={'det': 6} npts=14 (48s)
  (10, 7, 4, 2, 1) a=6 n_chi=4705 mult_det=6 =a [48s]
  lam=(8, 8, 4, 3, 1): N_S=9578 |Stab|=2 n_chi=4851 (orbits dropped: 0)
    E_01: |H|=1 canonical rows 9067 (obstructed fixed targets cancelled: 0)
    E_12: |H|=1 canonical rows 6153 (obstructed fixed targets cancelled: 0)
    E_23: |H|=2 canonical rows 3539 (obstructed fixed targets cancelled: 0)
    E_34: |H|=2 canonical rows 1943 (obstructed fixed targets cancelled: 0)
    Agg 4915x4851 assembled into flint (6s; nrows 20702, max|M| 12, max column fill 24)
    nullspace: rank 4850, dim ker 1 (27s)
  p=2147483647: a=1 rank(R)=4850 mult={'det': 1} npts=9 (27s)
    Agg 4915x4851 assembled into flint (6s; nrows 20702, max|M| 12, max column fill 24)
    nullspace: rank 4850, dim ker 1 (26s)
  p=2147483629: a=1 rank(R)=4850 mult={'det': 1} npts=9 (54s)
  (8, 8, 4, 3, 1) a=1 n_chi=4851 mult_det=1 =a [54s]
