delta 9: 49 cells with n_chi <= 2500; 0 already done
  lam=(19, 2, 2, 2, 2): N_S=427 |Stab|=24 n_chi=45 (orbits dropped: 0)
    E_01: |H|=6 canonical rows 45 (obstructed fixed targets cancelled: 0)
    E_12: |H|=2 canonical rows 187 (obstructed fixed targets cancelled: 0)
    E_23: |H|=2 canonical rows 187 (obstructed fixed targets cancelled: 0)
    E_34: |H|=2 canonical rows 187 (obstructed fixed targets cancelled: 0)
  p=2147483647: a=1 rank(R)=44 mult={'det': 1} npts=9 (0s)
  p=2147483629: a=1 rank(R)=44 mult={'det': 1} npts=9 (0s)
  (19, 2, 2, 2, 2) a=1 n_chi=45 mult_det=1 =a [6s]
  lam=(18, 3, 2, 2, 2): N_S=838 |Stab|=6 n_chi=207 (orbits dropped: 0)
    E_01: |H|=6 canonical rows 110 (obstructed fixed targets cancelled: 0)
    E_12: |H|=2 canonical rows 315 (obstructed fixed targets cancelled: 0)
    E_23: |H|=1 canonical rows 636 (obstructed fixed targets cancelled: 0)
    E_34: |H|=1 canonical rows 636 (obstructed fixed targets cancelled: 0)
  p=2147483647: a=1 rank(R)=206 mult={'det': 1} npts=9 (0s)
  p=2147483629: a=1 rank(R)=206 mult={'det': 1} npts=9 (0s)
  (18, 3, 2, 2, 2) a=1 n_chi=207 mult_det=1 =a [0s]
  lam=(17, 5, 3, 1, 1): N_S=632 |Stab|=2 n_chi=215 (orbits dropped: 202)
    E_01: |H|=2 canonical rows 139 (obstructed fixed targets cancelled: 56)
    E_12: |H|=2 canonical rows 145 (obstructed fixed targets cancelled: 32)
    E_23: |H|=1 canonical rows 271 (obstructed fixed targets cancelled: 0)
    E_34: |H|=1 canonical rows 0 (obstructed fixed targets cancelled: 0)
  p=2147483647: a=1 rank(R)=214 mult={'det': 1} npts=9 (0s)
  p=2147483629: a=1 rank(R)=214 mult={'det': 1} npts=9 (0s)
  (17, 5, 3, 1, 1) a=1 n_chi=215 mult_det=1 =a [0s]
  lam=(15, 5, 5, 1, 1): N_S=1718 |Stab|=4 n_chi=306 (orbits dropped: 288)
    E_01: |H|=2 canonical rows 381 (obstructed fixed targets cancelled: 136)
    E_12: |H|=2 canonical rows 548 (obstructed fixed targets cancelled: 94)
    E_23: |H|=1 canonical rows 592 (obstructed fixed targets cancelled: 0)
    E_34: |H|=2 canonical rows 0 (obstructed fixed targets cancelled: 20)
  p=2147483647: a=1 rank(R)=305 mult={'det': 1} npts=9 (0s)
  p=2147483629: a=1 rank(R)=305 mult={'det': 1} npts=9 (0s)
  (15, 5, 5, 1, 1) a=1 n_chi=306 mult_det=1 =a [0s]
  lam=(18, 4, 2, 2, 1): N_S=547 |Stab|=2 n_chi=315 (orbits dropped: 0)
    E_01: |H|=2 canonical rows 187 (obstructed fixed targets cancelled: 0)
    E_12: |H|=1 canonical rows 317 (obstructed fixed targets cancelled: 0)
    E_23: |H|=1 canonical rows 417 (obstructed fixed targets cancelled: 0)
    E_34: |H|=1 canonical rows 278 (obstructed fixed targets cancelled: 0)
  p=2147483647: a=1 rank(R)=314 mult={'det': 1} npts=9 (0s)
  p=2147483629: a=1 rank(R)=314 mult={'det': 1} npts=9 (0s)
  (18, 4, 2, 2, 1) a=1 n_chi=315 mult_det=1 =a [0s]
  lam=(11, 11, 3, 1, 1): N_S=1892 |Stab|=4 n_chi=336 (orbits dropped: 297)
    E_01: |H|=2 canonical rows 643 (obstructed fixed targets cancelled: 188)
    E_12: |H|=2 canonical rows 329 (obstructed fixed targets cancelled: 109)
    E_23: |H|=2 canonical rows 387 (obstructed fixed targets cancelled: 14)
    E_34: |H|=2 canonical rows 0 (obstructed fixed targets cancelled: 14)
  p=2147483647: a=1 rank(R)=335 mult={'det': 1} npts=9 (0s)
  p=2147483629: a=1 rank(R)=335 mult={'det': 1} npts=9 (0s)
  (11, 11, 3, 1, 1) a=1 n_chi=336 mult_det=1 =a [0s]
  lam=(17, 4, 2, 2, 2): N_S=1454 |Stab|=6 n_chi=352 (orbits dropped: 0)
    E_01: |H|=6 canonical rows 207 (obstructed fixed targets cancelled: 0)
    E_12: |H|=2 canonical rows 474 (obstructed fixed targets cancelled: 0)
    E_23: |H|=1 canonical rows 1100 (obstructed fixed targets cancelled: 0)
    E_34: |H|=1 canonical rows 1100 (obstructed fixed targets cancelled: 0)
  p=2147483647: a=2 rank(R)=350 mult={'det': 2} npts=10 (0s)
  p=2147483629: a=2 rank(R)=350 mult={'det': 2} npts=10 (1s)
  (17, 4, 2, 2, 2) a=2 n_chi=352 mult_det=2 =a [1s]
  lam=(16, 5, 4, 1, 1): N_S=1106 |Stab|=2 n_chi=381 (orbits dropped: 344)
    E_01: |H|=2 canonical rows 242 (obstructed fixed targets cancelled: 94)
    E_12: |H|=2 canonical rows 307 (obstructed fixed targets cancelled: 56)
    E_23: |H|=1 canonical rows 404 (obstructed fixed targets cancelled: 0)
    E_34: |H|=1 canonical rows 0 (obstructed fixed targets cancelled: 0)
  p=2147483647: a=1 rank(R)=380 mult={'det': 1} npts=9 (0s)
  p=2147483629: a=1 rank(R)=380 mult={'det': 1} npts=9 (0s)
  (16, 5, 4, 1, 1) a=1 n_chi=381 mult_det=1 =a [0s]
  lam=(15, 7, 3, 1, 1): N_S=1189 |Stab|=2 n_chi=411 (orbits dropped: 367)
    E_01: |H|=2 canonical rows 307 (obstructed fixed targets cancelled: 113)
    E_12: |H|=2 canonical rows 242 (obstructed fixed targets cancelled: 63)
    E_23: |H|=1 canonical rows 505 (obstructed fixed targets cancelled: 0)
    E_34: |H|=1 canonical rows 0 (obstructed fixed targets cancelled: 0)
  p=2147483647: a=1 rank(R)=410 mult={'det': 1} npts=9 (0s)
  p=2147483629: a=1 rank(R)=410 mult={'det': 1} npts=9 (0s)
  (15, 7, 3, 1, 1) a=1 n_chi=411 mult_det=1 =a [0s]
  lam=(17, 5, 2, 2, 1): N_S=830 |Stab|=2 n_chi=474 (orbits dropped: 0)
    E_01: |H|=2 canonical rows 315 (obstructed fixed targets cancelled: 0)
    E_12: |H|=1 canonical rows 445 (obstructed fixed targets cancelled: 0)
    E_23: |H|=1 canonical rows 632 (obstructed fixed targets cancelled: 0)
    E_34: |H|=1 canonical rows 417 (obstructed fixed targets cancelled: 0)
  p=2147483647: a=1 rank(R)=473 mult={'det': 1} npts=9 (0s)
  p=2147483629: a=1 rank(R)=473 mult={'det': 1} npts=9 (1s)
  (17, 5, 2, 2, 1) a=1 n_chi=474 mult_det=1 =a [1s]
  lam=(14, 8, 3, 1, 1): N_S=1469 |Stab|=2 n_chi=509 (orbits dropped: 451)
    E_01: |H|=2 canonical rows 411 (obstructed fixed targets cancelled: 139)
    E_12: |H|=2 canonical rows 284 (obstructed fixed targets cancelled: 78)
    E_23: |H|=1 canonical rows 622 (obstructed fixed targets cancelled: 0)
    E_34: |H|=1 canonical rows 0 (obstructed fixed targets cancelled: 0)
  p=2147483647: a=1 rank(R)=508 mult={'det': 1} npts=9 (0s)
  p=2147483629: a=1 rank(R)=508 mult={'det': 1} npts=9 (1s)
  (14, 8, 3, 1, 1) a=1 n_chi=509 mult_det=1 =a [1s]
  lam=(16, 5, 2, 2, 2): N_S=2257 |Stab|=6 n_chi=534 (orbits dropped: 0)
    E_01: |H|=6 canonical rows 352 (obstructed fixed targets cancelled: 0)
    E_12: |H|=2 canonical rows 675 (obstructed fixed targets cancelled: 0)
    E_23: |H|=1 canonical rows 1706 (obstructed fixed targets cancelled: 0)
    E_34: |H|=1 canonical rows 1706 (obstructed fixed targets cancelled: 0)
  p=2147483647: a=3 rank(R)=531 mult={'det': 3} npts=11 (1s)
  p=2147483629: a=3 rank(R)=531 mult={'det': 3} npts=11 (2s)
  (16, 5, 2, 2, 2) a=3 n_chi=534 mult_det=3 =a [2s]
  lam=(15, 6, 4, 1, 1): N_S=1581 |Stab|=2 n_chi=548 (orbits dropped: 485)
    E_01: |H|=2 canonical rows 381 (obstructed fixed targets cancelled: 136)
    E_12: |H|=2 canonical rows 411 (obstructed fixed targets cancelled: 81)
    E_23: |H|=1 canonical rows 572 (obstructed fixed targets cancelled: 0)
    E_34: |H|=1 canonical rows 0 (obstructed fixed targets cancelled: 0)
  p=2147483647: a=1 rank(R)=547 mult={'det': 1} npts=9 (0s)
  p=2147483629: a=1 rank(R)=547 mult={'det': 1} npts=9 (1s)
  (15, 6, 4, 1, 1) a=1 n_chi=548 mult_det=1 =a [1s]
  lam=(13, 9, 3, 1, 1): N_S=1696 |Stab|=2 n_chi=592 (orbits dropped: 512)
    E_01: |H|=2 canonical rows 509 (obstructed fixed targets cancelled: 167)
    E_12: |H|=2 canonical rows 314 (obstructed fixed targets cancelled: 93)
    E_23: |H|=1 canonical rows 715 (obstructed fixed targets cancelled: 0)
    E_34: |H|=1 canonical rows 0 (obstructed fixed targets cancelled: 0)
  p=2147483647: a=1 rank(R)=591 mult={'det': 1} npts=9 (0s)
  p=2147483629: a=1 rank(R)=591 mult={'det': 1} npts=9 (1s)
  (13, 9, 3, 1, 1) a=1 n_chi=592 mult_det=1 =a [1s]
  lam=(16, 6, 2, 2, 1): N_S=1184 |Stab|=2 n_chi=675 (orbits dropped: 0)
    E_01: |H|=2 canonical rows 474 (obstructed fixed targets cancelled: 0)
    E_12: |H|=1 canonical rows 587 (obstructed fixed targets cancelled: 0)
    E_23: |H|=1 canonical rows 900 (obstructed fixed targets cancelled: 0)
    E_34: |H|=1 canonical rows 593 (obstructed fixed targets cancelled: 0)
  p=2147483647: a=2 rank(R)=673 mult={'det': 2} npts=10 (1s)
  p=2147483629: a=2 rank(R)=673 mult={'det': 2} npts=10 (2s)
  (16, 6, 2, 2, 1) a=2 n_chi=675 mult_det=2 =a [2s]
  lam=(14, 7, 4, 1, 1): N_S=2081 |Stab|=2 n_chi=730 (orbits dropped: 621)
    E_01: |H|=2 canonical rows 548 (obstructed fixed targets cancelled: 187)
    E_12: |H|=2 canonical rows 509 (obstructed fixed targets cancelled: 113)
    E_23: |H|=1 canonical rows 750 (obstructed fixed targets cancelled: 0)
    E_34: |H|=1 canonical rows 0 (obstructed fixed targets cancelled: 0)
  p=2147483647: a=2 rank(R)=728 mult={'det': 2} npts=10 (1s)
  p=2147483629: a=2 rank(R)=728 mult={'det': 2} npts=10 (1s)
  (14, 7, 4, 1, 1) a=2 n_chi=730 mult_det=2 =a [1s]
  lam=(15, 6, 2, 2, 2): N_S=3246 |Stab|=6 n_chi=763 (orbits dropped: 0)
    E_01: |H|=6 canonical rows 534 (obstructed fixed targets cancelled: 0)
    E_12: |H|=2 canonical rows 887 (obstructed fixed targets cancelled: 0)
    E_23: |H|=1 canonical rows 2449 (obstructed fixed targets cancelled: 0)
    E_34: |H|=1 canonical rows 2449 (obstructed fixed targets cancelled: 0)
  p=2147483647: a=5 rank(R)=758 mult={'det': 5} npts=13 (3s)
  p=2147483629: a=5 rank(R)=758 mult={'det': 5} npts=13 (5s)
  (15, 6, 2, 2, 2) a=5 n_chi=763 mult_det=5 =a [5s]
  lam=(14, 6, 5, 1, 1): N_S=2451 |Stab|=2 n_chi=867 (orbits dropped: 717)
    E_01: |H|=2 canonical rows 604 (obstructed fixed targets cancelled: 196)
    E_12: |H|=2 canonical rows 730 (obstructed fixed targets cancelled: 136)
    E_23: |H|=1 canonical rows 834 (obstructed fixed targets cancelled: 0)
    E_34: |H|=1 canonical rows 0 (obstructed fixed targets cancelled: 0)
  p=2147483647: a=1 rank(R)=866 mult={'det': 1} npts=9 (1s)
  p=2147483629: a=1 rank(R)=866 mult={'det': 1} npts=9 (2s)
  (14, 6, 5, 1, 1) a=1 n_chi=867 mult_det=1 =a [2s]
  lam=(15, 7, 2, 2, 1): N_S=1565 |Stab|=2 n_chi=887 (orbits dropped: 0)
    E_01: |H|=2 canonical rows 675 (obstructed fixed targets cancelled: 0)
    E_12: |H|=1 canonical rows 729 (obstructed fixed targets cancelled: 0)
    E_23: |H|=1 canonical rows 1189 (obstructed fixed targets cancelled: 0)
    E_34: |H|=1 canonical rows 778 (obstructed fixed targets cancelled: 0)
  p=2147483647: a=2 rank(R)=885 mult={'det': 2} npts=10 (2s)
  p=2147483629: a=2 rank(R)=885 mult={'det': 2} npts=10 (3s)
  (15, 7, 2, 2, 1) a=2 n_chi=887 mult_det=2 =a [3s]
  lam=(13, 8, 4, 1, 1): N_S=2545 |Stab|=2 n_chi=897 (orbits dropped: 751)
    E_01: |H|=2 canonical rows 730 (obstructed fixed targets cancelled: 231)
    E_12: |H|=2 canonical rows 592 (obstructed fixed targets cancelled: 139)
    E_23: |H|=1 canonical rows 913 (obstructed fixed targets cancelled: 0)
    E_34: |H|=1 canonical rows 0 (obstructed fixed targets cancelled: 0)
  p=2147483647: a=2 rank(R)=895 mult={'det': 2} npts=10 (1s)
  p=2147483629: a=2 rank(R)=895 mult={'det': 2} npts=10 (2s)
  (13, 8, 4, 1, 1) a=2 n_chi=897 mult_det=2 =a [2s]
  lam=(14, 7, 2, 2, 2): N_S=4293 |Stab|=6 n_chi=993 (orbits dropped: 0)
    E_01: |H|=6 canonical rows 763 (obstructed fixed targets cancelled: 0)
    E_12: |H|=2 canonical rows 1097 (obstructed fixed targets cancelled: 0)
    E_23: |H|=1 canonical rows 3236 (obstructed fixed targets cancelled: 0)
    E_34: |H|=1 canonical rows 3236 (obstructed fixed targets cancelled: 0)
  p=2147483647: a=4 rank(R)=989 mult={'det': 4} npts=12 (5s)
  p=2147483629: a=4 rank(R)=989 mult={'det': 4} npts=12 (10s)
  (14, 7, 2, 2, 2) a=4 n_chi=993 mult_det=4 =a [10s]
  lam=(11, 7, 7, 1, 1): N_S=5538 |Stab|=4 n_chi=1017 (orbits dropped: 803)
    E_01: |H|=2 canonical rows 1596 (obstructed fixed targets cancelled: 421)
    E_12: |H|=2 canonical rows 1883 (obstructed fixed targets cancelled: 356)
    E_23: |H|=1 canonical rows 1572 (obstructed fixed targets cancelled: 0)
    E_34: |H|=2 canonical rows 0 (obstructed fixed targets cancelled: 36)
  p=2147483647: a=2 rank(R)=1015 mult={'det': 2} npts=10 (3s)
  p=2147483629: a=2 rank(R)=1015 mult={'det': 2} npts=10 (6s)
  (11, 7, 7, 1, 1) a=2 n_chi=1017 mult_det=2 =a [6s]
  lam=(12, 9, 4, 1, 1): N_S=2894 |Stab|=2 n_chi=1024 (orbits dropped: 846)
    E_01: |H|=2 canonical rows 897 (obstructed fixed targets cancelled: 267)
    E_12: |H|=2 canonical rows 643 (obstructed fixed targets cancelled: 167)
    E_23: |H|=1 canonical rows 1033 (obstructed fixed targets cancelled: 0)
    E_34: |H|=1 canonical rows 0 (obstructed fixed targets cancelled: 0)
  p=2147483647: a=2 rank(R)=1022 mult={'det': 2} npts=10 (2s)
  p=2147483629: a=2 rank(R)=1022 mult={'det': 2} npts=10 (3s)
  (12, 9, 4, 1, 1) a=2 n_chi=1024 mult_det=2 =a [3s]
  lam=(16, 4, 4, 2, 1): N_S=1942 |Stab|=2 n_chi=1025 (orbits dropped: 0)
    E_01: |H|=1 canonical rows 1100 (obstructed fixed targets cancelled: 0)
    E_12: |H|=1 canonical rows 1706 (obstructed fixed targets cancelled: 0)
    E_23: |H|=1 canonical rows 1106 (obstructed fixed targets cancelled: 0)
    E_34: |H|=2 canonical rows 516 (obstructed fixed targets cancelled: 0)
  p=2147483647: a=2 rank(R)=1023 mult={'det': 2} npts=10 (3s)
  p=2147483629: a=2 rank(R)=1023 mult={'det': 2} npts=10 (5s)
  (16, 4, 4, 2, 1) a=2 n_chi=1025 mult_det=2 =a [5s]
  lam=(11, 10, 4, 1, 1): N_S=3081 |Stab|=2 n_chi=1092 (orbits dropped: 897)
    E_01: |H|=2 canonical rows 1024 (obstructed fixed targets cancelled: 286)
    E_12: |H|=2 canonical rows 662 (obstructed fixed targets cancelled: 180)
    E_23: |H|=1 canonical rows 1100 (obstructed fixed targets cancelled: 0)
    E_34: |H|=1 canonical rows 0 (obstructed fixed targets cancelled: 0)
  p=2147483647: a=1 rank(R)=1091 mult={'det': 1} npts=9 (2s)
  p=2147483629: a=1 rank(R)=1091 mult={'det': 1} npts=9 (3s)
  (11, 10, 4, 1, 1) a=1 n_chi=1092 mult_det=1 =a [3s]
  lam=(14, 8, 2, 2, 1): N_S=1937 |Stab|=2 n_chi=1097 (orbits dropped: 0)
    E_01: |H|=2 canonical rows 887 (obstructed fixed targets cancelled: 0)
    E_12: |H|=1 canonical rows 850 (obstructed fixed targets cancelled: 0)
    E_23: |H|=1 canonical rows 1469 (obstructed fixed targets cancelled: 0)
    E_34: |H|=1 canonical rows 960 (obstructed fixed targets cancelled: 0)
  p=2147483647: a=3 rank(R)=1094 mult={'det': 3} npts=11 (3s)
  p=2147483629: a=3 rank(R)=1094 mult={'det': 3} npts=11 (5s)
  (14, 8, 2, 2, 1) a=3 n_chi=1097 mult_det=3 =a [5s]
  lam=(17, 4, 3, 2, 1): N_S=1100 |Stab|=1 n_chi=1100 (orbits dropped: 0)
    E_01: |H|=1 canonical rows 636 (obstructed fixed targets cancelled: 0)
    E_12: |H|=1 canonical rows 830 (obstructed fixed targets cancelled: 0)
    E_23: |H|=1 canonical rows 717 (obstructed fixed targets cancelled: 0)
    E_34: |H|=1 canonical rows 547 (obstructed fixed targets cancelled: 0)
  p=2147483647: a=1 rank(R)=1099 mult={'det': 1} npts=9 (2s)
  p=2147483629: a=1 rank(R)=1099 mult={'det': 1} npts=9 (3s)
  (17, 4, 3, 2, 1) a=1 n_chi=1100 mult_det=1 =a [3s]
  lam=(13, 7, 5, 1, 1): N_S=3194 |Stab|=2 n_chi=1144 (orbits dropped: 906)
    E_01: |H|=2 canonical rows 867 (obstructed fixed targets cancelled: 269)
    E_12: |H|=2 canonical rows 897 (obstructed fixed targets cancelled: 187)
    E_23: |H|=1 canonical rows 1071 (obstructed fixed targets cancelled: 0)
    E_34: |H|=1 canonical rows 0 (obstructed fixed targets cancelled: 0)
  p=2147483647: a=3 rank(R)=1141 mult={'det': 3} npts=11 (2s)
  p=2147483629: a=3 rank(R)=1141 mult={'det': 3} npts=11 (4s)
  (13, 7, 5, 1, 1) a=3 n_chi=1144 mult_det=3 =a [4s]
  lam=(13, 8, 2, 2, 2): N_S=5270 |Stab|=6 n_chi=1212 (orbits dropped: 0)
    E_01: |H|=6 canonical rows 993 (obstructed fixed targets cancelled: 0)
    E_12: |H|=2 canonical rows 1262 (obstructed fixed targets cancelled: 0)
    E_23: |H|=1 canonical rows 3968 (obstructed fixed targets cancelled: 0)
    E_34: |H|=1 canonical rows 3968 (obstructed fixed targets cancelled: 0)
  p=2147483647: a=5 rank(R)=1207 mult={'det': 5} npts=13 (8s)
  p=2147483629: a=5 rank(R)=1207 mult={'det': 5} npts=13 (16s)
  (13, 8, 2, 2, 2) a=5 n_chi=1212 mult_det=5 =a [16s]
  lam=(9, 9, 7, 1, 1): N_S=6602 |Stab|=4 n_chi=1219 (orbits dropped: 925)
    E_01: |H|=2 canonical rows 2309 (obstructed fixed targets cancelled: 509)
    E_12: |H|=2 canonical rows 2043 (obstructed fixed targets cancelled: 461)
    E_23: |H|=2 canonical rows 905 (obstructed fixed targets cancelled: 38)
    E_34: |H|=2 canonical rows 0 (obstructed fixed targets cancelled: 35)
  p=2147483647: a=1 rank(R)=1218 mult={'det': 1} npts=9 (4s)
  p=2147483629: a=1 rank(R)=1218 mult={'det': 1} npts=9 (8s)
  (9, 9, 7, 1, 1) a=1 n_chi=1219 mult_det=1 =a [8s]
  lam=(13, 9, 2, 2, 1): N_S=2236 |Stab|=2 n_chi=1262 (orbits dropped: 0)
    E_01: |H|=2 canonical rows 1097 (obstructed fixed targets cancelled: 0)
    E_12: |H|=1 canonical rows 938 (obstructed fixed targets cancelled: 0)
    E_23: |H|=1 canonical rows 1696 (obstructed fixed targets cancelled: 0)
    E_34: |H|=1 canonical rows 1104 (obstructed fixed targets cancelled: 0)
  p=2147483647: a=2 rank(R)=1260 mult={'det': 2} npts=10 (3s)
  p=2147483629: a=2 rank(R)=1260 mult={'det': 2} npts=10 (7s)
  (13, 9, 2, 2, 1) a=2 n_chi=1262 mult_det=2 =a [7s]
  lam=(12, 9, 2, 2, 2): N_S=6006 |Stab|=6 n_chi=1376 (orbits dropped: 0)
    E_01: |H|=6 canonical rows 1212 (obstructed fixed targets cancelled: 0)
    E_12: |H|=2 canonical rows 1376 (obstructed fixed targets cancelled: 0)
    E_23: |H|=1 canonical rows 4520 (obstructed fixed targets cancelled: 0)
    E_34: |H|=1 canonical rows 4520 (obstructed fixed targets cancelled: 0)
  p=2147483647: a=4 rank(R)=1372 mult={'det': 4} npts=12 (11s)
  p=2147483629: a=4 rank(R)=1372 mult={'det': 4} npts=12 (22s)
  (12, 9, 2, 2, 2) a=4 n_chi=1376 mult_det=4 =a [22s]
  lam=(12, 10, 2, 2, 1): N_S=2436 |Stab|=2 n_chi=1376 (orbits dropped: 0)
    E_01: |H|=2 canonical rows 1262 (obstructed fixed targets cancelled: 0)
    E_12: |H|=1 canonical rows 982 (obstructed fixed targets cancelled: 0)
    E_23: |H|=1 canonical rows 1846 (obstructed fixed targets cancelled: 0)
    E_34: |H|=1 canonical rows 1203 (obstructed fixed targets cancelled: 0)
  p=2147483647: a=2 rank(R)=1374 mult={'det': 2} npts=10 (5s)
  p=2147483629: a=2 rank(R)=1374 mult={'det': 2} npts=10 (9s)
  (12, 10, 2, 2, 1) a=2 n_chi=1376 mult_det=2 =a [9s]
  lam=(12, 8, 5, 1, 1): N_S=3843 |Stab|=2 n_chi=1379 (orbits dropped: 1085)
    E_01: |H|=2 canonical rows 1144 (obstructed fixed targets cancelled: 322)
    E_12: |H|=2 canonical rows 1024 (obstructed fixed targets cancelled: 231)
    E_23: |H|=1 canonical rows 1281 (obstructed fixed targets cancelled: 0)
    E_34: |H|=1 canonical rows 0 (obstructed fixed targets cancelled: 0)
  p=2147483647: a=2 rank(R)=1377 mult={'det': 2} npts=10 (3s)
  p=2147483629: a=2 rank(R)=1377 mult={'det': 2} npts=10 (6s)
  (12, 8, 5, 1, 1) a=2 n_chi=1379 mult_det=2 =a [6s]
  lam=(14, 4, 4, 4, 1): N_S=7393 |Stab|=6 n_chi=1388 (orbits dropped: 0)
    E_01: |H|=2 canonical rows 2134 (obstructed fixed targets cancelled: 0)
    E_12: |H|=1 canonical rows 6461 (obstructed fixed targets cancelled: 0)
    E_23: |H|=1 canonical rows 6461 (obstructed fixed targets cancelled: 0)
    E_34: |H|=2 canonical rows 1396 (obstructed fixed targets cancelled: 0)
  p=2147483647: a=2 rank(R)=1386 mult={'det': 2} npts=10 (18s)
  p=2147483629: a=2 rank(R)=1386 mult={'det': 2} npts=10 (34s)
  (14, 4, 4, 4, 1) a=2 n_chi=1388 mult_det=2 =a [34s]
  lam=(11, 10, 2, 2, 2): N_S=6403 |Stab|=6 n_chi=1462 (orbits dropped: 0)
    E_01: |H|=6 canonical rows 1376 (obstructed fixed targets cancelled: 0)
    E_12: |H|=2 canonical rows 1407 (obstructed fixed targets cancelled: 0)
    E_23: |H|=1 canonical rows 4817 (obstructed fixed targets cancelled: 0)
    E_34: |H|=1 canonical rows 4817 (obstructed fixed targets cancelled: 0)
  p=2147483647: a=2 rank(R)=1460 mult={'det': 2} npts=10 (13s)
  p=2147483629: a=2 rank(R)=1460 mult={'det': 2} npts=10 (26s)
  (11, 10, 2, 2, 2) a=2 n_chi=1462 mult_det=2 =a [26s]
  lam=(11, 9, 5, 1, 1): N_S=4271 |Stab|=2 n_chi=1542 (orbits dropped: 1187)
    E_01: |H|=2 canonical rows 1379 (obstructed fixed targets cancelled: 368)
    E_12: |H|=2 canonical rows 1092 (obstructed fixed targets cancelled: 267)
    E_23: |H|=1 canonical rows 1413 (obstructed fixed targets cancelled: 0)
    E_34: |H|=1 canonical rows 0 (obstructed fixed targets cancelled: 0)
  p=2147483647: a=3 rank(R)=1539 mult={'det': 3} npts=11 (4s)
  p=2147483629: a=3 rank(R)=1539 mult={'det': 3} npts=11 (8s)
  (11, 9, 5, 1, 1) a=3 n_chi=1542 mult_det=3 =a [8s]
  lam=(12, 7, 6, 1, 1): N_S=4430 |Stab|=2 n_chi=1596 (orbits dropped: 1238)
    E_01: |H|=2 canonical rows 1234 (obstructed fixed targets cancelled: 356)
    E_12: |H|=2 canonical rows 1379 (obstructed fixed targets cancelled: 269)
    E_23: |H|=1 canonical rows 1346 (obstructed fixed targets cancelled: 0)
    E_34: |H|=1 canonical rows 0 (obstructed fixed targets cancelled: 0)
  p=2147483647: a=2 rank(R)=1594 mult={'det': 2} npts=10 (4s)
  p=2147483629: a=2 rank(R)=1594 mult={'det': 2} npts=10 (8s)
  (12, 7, 6, 1, 1) a=2 n_chi=1596 mult_det=2 =a [8s]
  lam=(15, 4, 4, 2, 2): N_S=5428 |Stab|=4 n_chi=1618 (orbits dropped: 0)
    E_01: |H|=2 canonical rows 1693 (obstructed fixed targets cancelled: 0)
    E_12: |H|=2 canonical rows 2646 (obstructed fixed targets cancelled: 0)
    E_23: |H|=1 canonical rows 3040 (obstructed fixed targets cancelled: 0)
    E_34: |H|=2 canonical rows 2134 (obstructed fixed targets cancelled: 0)
  p=2147483647: a=3 rank(R)=1615 mult={'det': 3} npts=11 (12s)
  p=2147483629: a=3 rank(R)=1615 mult={'det': 3} npts=11 (24s)
  (15, 4, 4, 2, 2) a=3 n_chi=1618 mult_det=3 =a [24s]
  lam=(15, 5, 3, 3, 1): N_S=3584 |Stab|=2 n_chi=1669 (orbits dropped: 246)
    E_01: |H|=2 canonical rows 1053 (obstructed fixed targets cancelled: 116)
    E_12: |H|=1 canonical rows 2448 (obstructed fixed targets cancelled: 0)
    E_23: |H|=1 canonical rows 2960 (obstructed fixed targets cancelled: 0)
    E_34: |H|=1 canonical rows 1478 (obstructed fixed targets cancelled: 0)
  p=2147483647: a=1 rank(R)=1668 mult={'det': 1} npts=9 (10s)
  p=2147483629: a=1 rank(R)=1668 mult={'det': 1} npts=9 (20s)
  (15, 5, 3, 3, 1) a=1 n_chi=1669 mult_det=1 =a [20s]
  lam=(16, 4, 3, 2, 2): N_S=3017 |Stab|=2 n_chi=1693 (orbits dropped: 0)
    E_01: |H|=2 canonical rows 958 (obstructed fixed targets cancelled: 0)
    E_12: |H|=2 canonical rows 1276 (obstructed fixed targets cancelled: 0)
    E_23: |H|=1 canonical rows 1942 (obstructed fixed targets cancelled: 0)
    E_34: |H|=1 canonical rows 2280 (obstructed fixed targets cancelled: 0)
  p=2147483647: a=1 rank(R)=1692 mult={'det': 1} npts=9 (8s)
  p=2147483629: a=1 rank(R)=1692 mult={'det': 1} npts=9 (16s)
  (16, 4, 3, 2, 2) a=1 n_chi=1693 mult_det=1 =a [16s]
  lam=(16, 5, 3, 2, 1): N_S=1706 |Stab|=1 n_chi=1706 (orbits dropped: 0)
    E_01: |H|=1 canonical rows 1100 (obstructed fixed targets cancelled: 0)
    E_12: |H|=1 canonical rows 1184 (obstructed fixed targets cancelled: 0)
    E_23: |H|=1 canonical rows 1106 (obstructed fixed targets cancelled: 0)
    E_34: |H|=1 canonical rows 840 (obstructed fixed targets cancelled: 0)
  p=2147483647: a=2 rank(R)=1704 mult={'det': 2} npts=10 (5s)
  p=2147483629: a=2 rank(R)=1704 mult={'det': 2} npts=10 (10s)
  (16, 5, 3, 2, 1) a=2 n_chi=1706 mult_det=2 =a [10s]
  lam=(11, 8, 6, 1, 1): N_S=5203 |Stab|=2 n_chi=1883 (orbits dropped: 1437)
    E_01: |H|=2 canonical rows 1596 (obstructed fixed targets cancelled: 421)
    E_12: |H|=2 canonical rows 1542 (obstructed fixed targets cancelled: 322)
    E_23: |H|=1 canonical rows 1568 (obstructed fixed targets cancelled: 0)
    E_34: |H|=1 canonical rows 0 (obstructed fixed targets cancelled: 0)
  p=2147483647: a=2 rank(R)=1881 mult={'det': 2} npts=10 (7s)
  p=2147483629: a=2 rank(R)=1881 mult={'det': 2} npts=10 (13s)
  (11, 8, 6, 1, 1) a=2 n_chi=1883 mult_det=2 =a [13s]
  lam=(10, 9, 6, 1, 1): N_S=5631 |Stab|=2 n_chi=2043 (orbits dropped: 1545)
    E_01: |H|=2 canonical rows 1883 (obstructed fixed targets cancelled: 461)
    E_12: |H|=2 canonical rows 1597 (obstructed fixed targets cancelled: 368)
    E_23: |H|=1 canonical rows 1691 (obstructed fixed targets cancelled: 0)
    E_34: |H|=1 canonical rows 0 (obstructed fixed targets cancelled: 0)
  p=2147483647: a=1 rank(R)=2042 mult={'det': 1} npts=9 (10s)
  p=2147483629: a=1 rank(R)=2042 mult={'det': 1} npts=9 (18s)
  (10, 9, 6, 1, 1) a=1 n_chi=2043 mult_det=1 =a [18s]
  lam=(15, 4, 4, 3, 1): N_S=4088 |Stab|=2 n_chi=2134 (orbits dropped: 0)
    E_01: |H|=1 canonical rows 2280 (obstructed fixed targets cancelled: 0)
    E_12: |H|=1 canonical rows 3584 (obstructed fixed targets cancelled: 0)
    E_23: |H|=1 canonical rows 3040 (obstructed fixed targets cancelled: 0)
    E_34: |H|=2 canonical rows 907 (obstructed fixed targets cancelled: 0)
  p=2147483647: a=1 rank(R)=2133 mult={'det': 1} npts=9 (19s)
  p=2147483629: a=1 rank(R)=2133 mult={'det': 1} npts=9 (37s)
  (15, 4, 4, 3, 1) a=1 n_chi=2134 mult_det=1 =a [37s]
  lam=(14, 5, 5, 2, 1): N_S=4775 |Stab|=2 n_chi=2307 (orbits dropped: 161)
    E_01: |H|=1 canonical rows 3040 (obstructed fixed targets cancelled: 0)
    E_12: |H|=1 canonical rows 4355 (obstructed fixed targets cancelled: 0)
    E_23: |H|=1 canonical rows 2448 (obstructed fixed targets cancelled: 0)
    E_34: |H|=2 canonical rows 1091 (obstructed fixed targets cancelled: 31)
  p=2147483647: a=2 rank(R)=2305 mult={'det': 2} npts=10 (24s)
  p=2147483629: a=2 rank(R)=2305 mult={'det': 2} npts=10 (47s)
  (14, 5, 5, 2, 1) a=2 n_chi=2307 mult_det=2 =a [47s]
  lam=(10, 8, 7, 1, 1): N_S=6330 |Stab|=2 n_chi=2309 (orbits dropped: 1712)
    E_01: |H|=2 canonical rows 2018 (obstructed fixed targets cancelled: 478)
    E_12: |H|=2 canonical rows 2043 (obstructed fixed targets cancelled: 421)
    E_23: |H|=1 canonical rows 1789 (obstructed fixed targets cancelled: 0)
    E_34: |H|=1 canonical rows 0 (obstructed fixed targets cancelled: 0)
  p=2147483647: a=1 rank(R)=2308 mult={'det': 1} npts=9 (11s)
  p=2147483629: a=1 rank(R)=2308 mult={'det': 1} npts=9 (22s)
  (10, 8, 7, 1, 1) a=1 n_chi=2309 mult_det=1 =a [22s]
  lam=(14, 6, 3, 3, 1): N_S=5160 |Stab|=2 n_chi=2409 (orbits dropped: 342)
    E_01: |H|=2 canonical rows 1669 (obstructed fixed targets cancelled: 161)
    E_12: |H|=1 canonical rows 3230 (obstructed fixed targets cancelled: 0)
    E_23: |H|=1 canonical rows 4262 (obstructed fixed targets cancelled: 0)
    E_34: |H|=1 canonical rows 2111 (obstructed fixed targets cancelled: 0)
