== delta=8: 91 length-6 weights with a>=1, sum a = 139
   skip (12, 4, 3, 2, 2, 1) a=1 n_chi=7200 > cap
   skip (11, 5, 3, 2, 2, 1) a=2 n_chi=10929 > cap
   skip (11, 4, 4, 2, 2, 1) a=2 n_chi=6512 > cap
   skip (11, 4, 3, 2, 2, 2) a=1 n_chi=7749 > cap
   skip (10, 6, 4, 2, 1, 1) a=2 n_chi=6542 > cap
   skip (10, 6, 3, 2, 2, 1) a=3 n_chi=14640 > cap
   (10, 6, 2, 2, 2, 2) a=3 N_S=36559 n_chi=2384 mult=3 (270s)
    Agg 3699x3635 assembled into flint (4s; nrows 18968, max|M| 15, max column fill 24); rref in place ...
    rref: rank 3633, dim ker 2 (13s); reading pivots ...
    kernel: 2 vectors (13s)
    Agg 3699x3635 assembled into flint (4s; nrows 18968, max|M| 15, max column fill 24); rref in place ...
    rref: rank 3633, dim ker 2 (13s); reading pivots ...
    kernel: 2 vectors (13s)
   (10, 5, 5, 2, 1, 1) a=2 N_S=18686 n_chi=3635 mult=2 (28s)
   skip (10, 5, 4, 3, 1, 1) a=2 n_chi=10211 > cap
   skip (10, 5, 4, 2, 2, 1) a=3 n_chi=18718 > cap
   skip (10, 5, 3, 3, 2, 1) a=1 n_chi=20200 > cap
   skip (10, 5, 3, 2, 2, 2) a=1 n_chi=11499 > cap
   skip (10, 4, 4, 3, 2, 1) a=1 n_chi=24796 > cap
   skip (10, 4, 4, 2, 2, 2) a=2 n_chi=6929 > cap
    Agg 5240x5176 assembled into flint (7s; nrows 16598, max|M| 12, max column fill 14); rref in place ...
    rref: rank 5175, dim ker 1 (32s); reading pivots ...
    kernel: 1 vectors (32s)
    Agg 5240x5176 assembled into flint (6s; nrows 16598, max|M| 12, max column fill 14); rref in place ...
    rref: rank 5175, dim ker 1 (32s); reading pivots ...
    kernel: 1 vectors (32s)
   (9, 8, 3, 2, 1, 1) a=1 N_S=13397 n_chi=5176 mult=1 (66s)
    Agg 3837x3773 assembled into flint (5s; nrows 38676, max|M| 12, max column fill 37); rref in place ...
    rref: rank 3772, dim ker 1 (15s); reading pivots ...
    kernel: 1 vectors (15s)
    Agg 3837x3773 assembled into flint (5s; nrows 38676, max|M| 12, max column fill 37); rref in place ...
    rref: rank 3772, dim ker 1 (16s); reading pivots ...
    kernel: 1 vectors (16s)
   (9, 8, 2, 2, 2, 1) a=1 N_S=17951 n_chi=3773 mult=1 (33s)
   (9, 7, 5, 1, 1, 1) a=1 N_S=10758 n_chi=664 mult=1 (2s)
   skip (9, 7, 4, 2, 1, 1) a=2 n_chi=7775 > cap
    Agg 4684x4620 assembled into flint (6s; nrows 25821, max|M| 12, max column fill 22); rref in place ...
    rref: rank 4619, dim ker 1 (24s); reading pivots ...
    kernel: 1 vectors (24s)
    Agg 4684x4620 assembled into flint (6s; nrows 25821, max|M| 12, max column fill 22); rref in place ...
    rref: rank 4619, dim ker 1 (24s); reading pivots ...
    kernel: 1 vectors (24s)
   (9, 7, 3, 3, 1, 1) a=1 N_S=23962 n_chi=4620 mult=1 (50s)
   skip (9, 7, 3, 2, 2, 1) a=3 n_chi=17309 > cap
    Agg 2846x2782 assembled into flint (4s; nrows 58084, max|M| 12, max column fill 76); rref in place ...
    rref: rank 2780, dim ker 2 (8s); reading pivots ...
    kernel: 2 vectors (8s)
    Agg 2846x2782 assembled into flint (4s; nrows 58084, max|M| 12, max column fill 76); rref in place ...
    rref: rank 2780, dim ker 2 (8s); reading pivots ...
    kernel: 2 vectors (8s)
   (9, 7, 2, 2, 2, 2) a=2 N_S=43375 n_chi=2782 mult=2 (22s)
   skip (9, 6, 5, 2, 1, 1) a=2 n_chi=9460 > cap
   skip (9, 6, 4, 3, 1, 1) a=2 n_chi=13286 > cap
   skip (9, 6, 4, 2, 2, 1) a=5 n_chi=24216 > cap
   skip (9, 6, 3, 3, 2, 1) a=1 n_chi=26286 > cap
   skip (9, 6, 3, 2, 2, 2) a=2 n_chi=14882 > cap
   skip (9, 5, 5, 3, 1, 1) a=3 n_chi=7385 > cap
   skip (9, 5, 5, 2, 2, 1) a=1 n_chi=13165 > cap
   skip (9, 5, 4, 4, 1, 1) a=1 n_chi=8670 > cap
   skip (9, 5, 4, 3, 2, 1) a=3 n_chi=70309 > cap
   skip (9, 5, 4, 2, 2, 2) a=2 n_chi=19085 > cap
   skip (9, 4, 4, 4, 2, 1) a=1 n_chi=14412 > cap
   skip (9, 4, 4, 3, 2, 2) a=1 n_chi=36326 > cap
    Agg 4167x4103 assembled into flint (5s; nrows 19851, max|M| 12, max column fill 24); rref in place ...
    rref: rank 4102, dim ker 1 (18s); reading pivots ...
    kernel: 1 vectors (18s)
    Agg 4167x4103 assembled into flint (5s; nrows 19851, max|M| 12, max column fill 24); rref in place ...
    rref: rank 4102, dim ker 1 (18s); reading pivots ...
    kernel: 1 vectors (18s)
   (8, 8, 4, 2, 1, 1) a=1 N_S=21064 n_chi=4103 mult=1 (39s)
   (8, 8, 3, 3, 1, 1) a=1 N_S=25343 n_chi=2464 mult=1 (104s)
   skip (8, 8, 3, 2, 2, 1) a=1 n_chi=9263 > cap
   (8, 8, 2, 2, 2, 2) a=1 N_S=45941 n_chi=1543 mult=1 (100s)
   skip (8, 7, 5, 2, 1, 1) a=2 n_chi=10745 > cap
   skip (8, 7, 4, 3, 1, 1) a=2 n_chi=15112 > cap
   skip (8, 7, 4, 2, 2, 1) a=3 n_chi=27442 > cap
   skip (8, 7, 3, 3, 2, 1) a=1 n_chi=29892 > cap
   skip (8, 7, 3, 2, 2, 2) a=1 n_chi=16857 > cap
   skip (8, 6, 5, 3, 1, 1) a=2 n_chi=18455 > cap
   skip (8, 6, 5, 2, 2, 1) a=3 n_chi=33307 > cap
   skip (8, 6, 4, 4, 1, 1) a=1 n_chi=10777 > cap
   skip (8, 6, 4, 3, 2, 1) a=3 n_chi=87432 > cap
   skip (8, 6, 4, 2, 2, 2) a=3 n_chi=23686 > cap
   skip (8, 5, 5, 4, 1, 1) a=2 n_chi=11913 > cap
   skip (8, 5, 5, 3, 2, 1) a=2 n_chi=48137 > cap
   skip (8, 5, 4, 4, 2, 1) a=2 n_chi=57599 > cap
   skip (8, 5, 4, 3, 3, 1) a=1 n_chi=66629 > cap
   skip (8, 5, 4, 3, 2, 2) a=1 n_chi=98732 > cap
   skip (8, 4, 4, 4, 2, 2) a=1 n_chi=20388 > cap
   skip (7, 7, 6, 2, 1, 1) a=1 n_chi=6297 > cap
   skip (7, 7, 5, 3, 1, 1) a=1 n_chi=9901 > cap
   skip (7, 7, 5, 2, 2, 1) a=1 n_chi=17626 > cap
    Agg 5884x5820 assembled into flint (11s; nrows 44709, max|M| 12, max column fill 38); rref in place ...
    rref: rank 5819, dim ker 1 (48s); reading pivots ...
    kernel: 1 vectors (48s)
    Agg 5884x5820 assembled into flint (10s; nrows 44709, max|M| 12, max column fill 38); rref in place ...
    rref: rank 5819, dim ker 1 (47s); reading pivots ...
    kernel: 1 vectors (47s)
   (7, 7, 4, 4, 1, 1) a=1 N_S=57261 n_chi=5820 mult=1 (101s)
   skip (7, 7, 4, 3, 2, 1) a=1 n_chi=46566 > cap
   skip (7, 7, 4, 2, 2, 2) a=1 n_chi=12443 > cap
   skip (7, 6, 6, 2, 2, 1) a=1 n_chi=19764 > cap
   skip (7, 6, 5, 4, 1, 1) a=1 n_chi=28118 > cap
   skip (7, 6, 5, 3, 2, 1) a=2 n_chi=114502 > cap
   skip (7, 6, 5, 2, 2, 2) a=1 n_chi=30786 > cap
   skip (7, 6, 4, 4, 2, 1) a=2 n_chi=67627 > cap
   skip (7, 6, 4, 3, 2, 2) a=1 n_chi=116083 > cap
    Agg 5237x5173 assembled into flint (12s; nrows 78961, max|M| 12, max column fill 76); rref in place ...
    rref: rank 5172, dim ker 1 (39s); reading pivots ...
    kernel: 1 vectors (39s)
    Agg 5237x5173 assembled into flint (12s; nrows 78961, max|M| 12, max column fill 76); rref in place ...
    rref: rank 5172, dim ker 1 (38s); reading pivots ...
    kernel: 1 vectors (38s)
   (7, 5, 5, 5, 1, 1) a=1 N_S=77713 n_chi=5173 mult=1 (85s)
   skip (7, 5, 5, 4, 2, 1) a=1 n_chi=73311 > cap
   skip (7, 5, 5, 3, 3, 1) a=1 n_chi=43531 > cap
   skip (7, 5, 4, 4, 3, 1) a=1 n_chi=106508 > cap
   skip (7, 5, 4, 4, 2, 2) a=1 n_chi=76792 > cap
    Agg 6022x5958 assembled into flint (18s; nrows 124216, max|M| 12, max column fill 102); rref in place ...
    rref: rank 5957, dim ker 1 (57s); reading pivots ...
    kernel: 1 vectors (57s)
    Agg 6022x5958 assembled into flint (18s; nrows 124216, max|M| 12, max column fill 102); rref in place ...
    rref: rank 5957, dim ker 1 (57s); reading pivots ...
    kernel: 1 vectors (57s)
   (6, 6, 6, 2, 2, 2) a=1 N_S=170080 n_chi=5958 mult=1 (137s)
   skip (6, 6, 5, 4, 2, 1) a=1 n_chi=81865 > cap
   skip (6, 6, 4, 4, 2, 2) a=1 n_chi=42714 > cap
   skip (6, 5, 5, 4, 3, 1) a=1 n_chi=127182 > cap
   skip (6, 5, 5, 3, 3, 2) a=1 n_chi=103510 > cap
   skip (5, 5, 5, 5, 3, 1) a=1 n_chi=11378 > cap

**δ = 8: measured Σa = 17, ideal units = 0; no bites; 63 cells above the n_χ cap 6000 unmeasured: `(12, 4, 3, 2, 2, 1)` a=1 n_χ=7200, `(11, 5, 3, 2, 2, 1)` a=2 n_χ=10929, `(11, 4, 4, 2, 2, 1)` a=2 n_χ=6512, `(11, 4, 3, 2, 2, 2)` a=1 n_χ=7749, `(10, 6, 4, 2, 1, 1)` a=2 n_χ=6542, `(10, 6, 3, 2, 2, 1)` a=3 n_χ=14640, `(10, 5, 4, 3, 1, 1)` a=2 n_χ=10211, `(10, 5, 4, 2, 2, 1)` a=3 n_χ=18718, `(10, 5, 3, 3, 2, 1)` a=1 n_χ=20200, `(10, 5, 3, 2, 2, 2)` a=1 n_χ=11499, `(10, 4, 4, 3, 2, 1)` a=1 n_χ=24796, `(10, 4, 4, 2, 2, 2)` a=2 n_χ=6929, `(9, 7, 4, 2, 1, 1)` a=2 n_χ=7775, `(9, 7, 3, 2, 2, 1)` a=3 n_χ=17309, `(9, 6, 5, 2, 1, 1)` a=2 n_χ=9460, `(9, 6, 4, 3, 1, 1)` a=2 n_χ=13286, `(9, 6, 4, 2, 2, 1)` a=5 n_χ=24216, `(9, 6, 3, 3, 2, 1)` a=1 n_χ=26286, `(9, 6, 3, 2, 2, 2)` a=2 n_χ=14882, `(9, 5, 5, 3, 1, 1)` a=3 n_χ=7385, `(9, 5, 5, 2, 2, 1)` a=1 n_χ=13165, `(9, 5, 4, 4, 1, 1)` a=1 n_χ=8670, `(9, 5, 4, 3, 2, 1)` a=3 n_χ=70309, `(9, 5, 4, 2, 2, 2)` a=2 n_χ=19085, `(9, 4, 4, 4, 2, 1)` a=1 n_χ=14412, `(9, 4, 4, 3, 2, 2)` a=1 n_χ=36326, `(8, 8, 3, 2, 2, 1)` a=1 n_χ=9263, `(8, 7, 5, 2, 1, 1)` a=2 n_χ=10745, `(8, 7, 4, 3, 1, 1)` a=2 n_χ=15112, `(8, 7, 4, 2, 2, 1)` a=3 n_χ=27442, `(8, 7, 3, 3, 2, 1)` a=1 n_χ=29892, `(8, 7, 3, 2, 2, 2)` a=1 n_χ=16857, `(8, 6, 5, 3, 1, 1)` a=2 n_χ=18455, `(8, 6, 5, 2, 2, 1)` a=3 n_χ=33307, `(8, 6, 4, 4, 1, 1)` a=1 n_χ=10777, `(8, 6, 4, 3, 2, 1)` a=3 n_χ=87432, `(8, 6, 4, 2, 2, 2)` a=3 n_χ=23686, `(8, 5, 5, 4, 1, 1)` a=2 n_χ=11913, `(8, 5, 5, 3, 2, 1)` a=2 n_χ=48137, `(8, 5, 4, 4, 2, 1)` a=2 n_χ=57599, `(8, 5, 4, 3, 3, 1)` a=1 n_χ=66629, `(8, 5, 4, 3, 2, 2)` a=1 n_χ=98732, `(8, 4, 4, 4, 2, 2)` a=1 n_χ=20388, `(7, 7, 6, 2, 1, 1)` a=1 n_χ=6297, `(7, 7, 5, 3, 1, 1)` a=1 n_χ=9901, `(7, 7, 5, 2, 2, 1)` a=1 n_χ=17626, `(7, 7, 4, 3, 2, 1)` a=1 n_χ=46566, `(7, 7, 4, 2, 2, 2)` a=1 n_χ=12443, `(7, 6, 6, 2, 2, 1)` a=1 n_χ=19764, `(7, 6, 5, 4, 1, 1)` a=1 n_χ=28118, `(7, 6, 5, 3, 2, 1)` a=2 n_χ=114502, `(7, 6, 5, 2, 2, 2)` a=1 n_χ=30786, `(7, 6, 4, 4, 2, 1)` a=2 n_χ=67627, `(7, 6, 4, 3, 2, 2)` a=1 n_χ=116083, `(7, 5, 5, 4, 2, 1)` a=1 n_χ=73311, `(7, 5, 5, 3, 3, 1)` a=1 n_χ=43531, `(7, 5, 4, 4, 3, 1)` a=1 n_χ=106508, `(7, 5, 4, 4, 2, 2)` a=1 n_χ=76792, `(6, 6, 5, 4, 2, 1)` a=1 n_χ=81865, `(6, 6, 4, 4, 2, 2)` a=1 n_χ=42714, `(6, 5, 5, 4, 3, 1)` a=1 n_χ=127182, `(6, 5, 5, 3, 3, 2)` a=1 n_χ=103510, `(5, 5, 5, 5, 3, 1)` a=1 n_χ=11378.**

