  lam=(12, 8, 3, 3, 1, 1): N_S=94992 |Stab|=4 n_chi=18716 (orbits dropped: 10869)
    E_01: |H|=4 canonical rows 14923 (obstructed fixed targets cancelled: 4218)
    E_12: |H|=2 canonical rows 19985 (obstructed fixed targets cancelled: 1875)
    E_23: |H|=2 canonical rows 31363 (obstructed fixed targets cancelled: 1195)
    E_34: |H|=1 canonical rows 35785 (obstructed fixed targets cancelled: 0)
    E_45: |H|=2 canonical rows 0 (obstructed fixed targets cancelled: 268)
    Agg 18780x18716 assembled into flint (101s; nrows 102056, max|M| 16, max column fill 22); rref in place ...
    rref: rank 18711, dim ker 5 (923s); reading pivots ...
    kernel: 5 vectors (923s)
  p=2147483647: a=5 rank(R)=18711 mult={'det': 5, 'pad': 5} npts=13 route=inplace (931s, VmHWM 4.16 GB)
    Agg 18780x18716 assembled into flint (93s; nrows 102056, max|M| 16, max column fill 22); rref in place ...
    rref: rank 18711, dim ker 5 (923s); reading pivots ...
    kernel: 5 vectors (924s)
  p=2147483629: a=5 rank(R)=18711 mult={'det': 5, 'pad': 5} npts=13 route=inplace (1857s, VmHWM 4.17 GB)
  lam=(12, 10, 2, 2, 1, 1): N_S=25795 |Stab|=4 n_chi=5282 (orbits dropped: 3356)
    E_01: |H|=4 canonical rows 4747 (obstructed fixed targets cancelled: 1488)
    E_12: |H|=2 canonical rows 3699 (obstructed fixed targets cancelled: 531)
    E_23: |H|=2 canonical rows 7391 (obstructed fixed targets cancelled: 130)
    E_34: |H|=1 canonical rows 11504 (obstructed fixed targets cancelled: 0)
    E_45: |H|=2 canonical rows 0 (obstructed fixed targets cancelled: 0)
    Agg 5346x5282 assembled into flint (7s; nrows 27341, max|M| 16, max column fill 18); rref in place ...
    rref: rank 5281, dim ker 1 (31s); reading pivots ...
    kernel: 1 vectors (31s)
  p=2147483647: a=1 rank(R)=5281 mult={'det': 1, 'pad': 1} npts=9 route=inplace (33s, VmHWM 0.45 GB)
    Agg 5346x5282 assembled into flint (6s; nrows 27341, max|M| 16, max column fill 18); rref in place ...
    rref: rank 5281, dim ker 1 (28s); reading pivots ...
    kernel: 1 vectors (28s)
  p=2147483629: a=1 rank(R)=5281 mult={'det': 1, 'pad': 1} npts=9 route=inplace (61s, VmHWM 0.46 GB)
  lam=(12, 9, 3, 2, 1, 1): N_S=50462 |Stab|=2 n_chi=19985 (orbits dropped: 10492)
    E_01: |H|=2 canonical rows 16980 (obstructed fixed targets cancelled: 2219)
    E_12: |H|=2 canonical rows 10024 (obstructed fixed targets cancelled: 1195)
    E_23: |H|=2 canonical rows 12510 (obstructed fixed targets cancelled: 531)
    E_34: |H|=1 canonical rows 22462 (obstructed fixed targets cancelled: 0)
    E_45: |H|=1 canonical rows 0 (obstructed fixed targets cancelled: 0)
    Agg 20049x19985 assembled into flint (96s; nrows 61976, max|M| 16, max column fill 14); rref in place ...
  lam=(16, 5, 3, 2, 1, 1): N_S=15832 |Stab|=2 n_chi=6082 (orbits dropped: 3668)
    E_01: |H|=2 canonical rows 3504 (obstructed fixed targets cancelled: 656)
    E_12: |H|=2 canonical rows 4014 (obstructed fixed targets cancelled: 334)
    E_23: |H|=2 canonical rows 3874 (obstructed fixed targets cancelled: 192)
    E_34: |H|=1 canonical rows 7207 (obstructed fixed targets cancelled: 0)
    E_45: |H|=1 canonical rows 0 (obstructed fixed targets cancelled: 0)
    Agg 6146x6082 assembled into flint (8s; nrows 18599, max|M| 20, max column fill 12); rref in place ...
    rref: rank 6081, dim ker 1 (44s); reading pivots ...
    kernel: 1 vectors (44s)
  p=2147483647: a=1 rank(R)=6081 mult={'det': 1, 'pad': 1} npts=9 route=inplace (46s, VmHWM 0.56 GB)
    Agg 6146x6082 assembled into flint (9s; nrows 18599, max|M| 20, max column fill 12); rref in place ...
    rref: rank 6081, dim ker 1 (44s); reading pivots ...
    kernel: 1 vectors (44s)
  p=2147483629: a=1 rank(R)=6081 mult={'det': 1, 'pad': 1} npts=9 route=inplace (90s, VmHWM 0.57 GB)
  lam=(15, 5, 3, 3, 1, 1): N_S=36617 |Stab|=4 n_chi=7033 (orbits dropped: 4609)
    E_01: |H|=4 canonical rows 4078 (obstructed fixed targets cancelled: 1508)
    E_12: |H|=2 canonical rows 9436 (obstructed fixed targets cancelled: 656)
    E_23: |H|=2 canonical rows 11858 (obstructed fixed targets cancelled: 512)
    E_34: |H|=1 canonical rows 14181 (obstructed fixed targets cancelled: 0)
    E_45: |H|=2 canonical rows 0 (obstructed fixed targets cancelled: 121)
    Agg 7097x7033 assembled into flint (12s; nrows 39553, max|M| 20, max column fill 20); rref in place ...
    rref: rank 7032, dim ker 1 (68s); reading pivots ...
    kernel: 1 vectors (68s)
  p=2147483647: a=1 rank(R)=7032 mult={'det': 1, 'pad': 1} npts=9 route=inplace (70s, VmHWM 0.71 GB)
    Agg 7097x7033 assembled into flint (12s; nrows 39553, max|M| 20, max column fill 20); rref in place ...
    rref: rank 7032, dim ker 1 (67s); reading pivots ...
    kernel: 1 vectors (67s)
  p=2147483629: a=1 rank(R)=7032 mult={'det': 1, 'pad': 1} npts=9 route=inplace (138s, VmHWM 0.71 GB)
  lam=(11, 9, 2, 2, 2, 2): N_S=192776 |Stab|=24 n_chi=11538 (orbits dropped: 0)
    E_01: |H|=24 canonical rows 10243 (obstructed fixed targets cancelled: 0)
    E_12: |H|=6 canonical rows 14746 (obstructed fixed targets cancelled: 0)
    E_23: |H|=2 canonical rows 76729 (obstructed fixed targets cancelled: 0)
    E_34: |H|=2 canonical rows 76729 (obstructed fixed targets cancelled: 0)
    E_45: |H|=2 canonical rows 76729 (obstructed fixed targets cancelled: 0)
    Agg 11602x11538 assembled into flint (61s; nrows 255176, max|M| 12, max column fill 80); rref in place ...
    rref: rank 11537, dim ker 1 (275s); reading pivots ...
    kernel: 1 vectors (275s)
  p=2147483647: a=1 rank(R)=11537 mult={'det': 1, 'pad': 1} npts=9 route=inplace (294s, VmHWM 1.81 GB)
    Agg 11602x11538 assembled into flint (64s; nrows 255176, max|M| 12, max column fill 80); rref in place ...
    rref: rank 11537, dim ker 1 (281s); reading pivots ...
    kernel: 1 vectors (281s)
  p=2147483629: a=1 rank(R)=11537 mult={'det': 1, 'pad': 1} npts=9 route=inplace (579s, VmHWM 1.81 GB)
  lam=(10, 10, 4, 2, 1, 1): N_S=94142 |Stab|=4 n_chi=18801 (orbits dropped: 9662)
    E_01: |H|=2 canonical rows 36111 (obstructed fixed targets cancelled: 3670)
    E_12: |H|=2 canonical rows 21666 (obstructed fixed targets cancelled: 2407)
    E_23: |H|=4 canonical rows 10221 (obstructed fixed targets cancelled: 1131)
    E_34: |H|=2 canonical rows 20798 (obstructed fixed targets cancelled: 0)
    E_45: |H|=2 canonical rows 0 (obstructed fixed targets cancelled: 0)
  lam=(12, 9, 3, 2, 1, 1): N_S=50462 |Stab|=2 n_chi=19985 (orbits dropped: 10492)
    E_01: |H|=2 canonical rows 16980 (obstructed fixed targets cancelled: 2219)
    E_12: |H|=2 canonical rows 10024 (obstructed fixed targets cancelled: 1195)
    E_23: |H|=2 canonical rows 12510 (obstructed fixed targets cancelled: 531)
    E_34: |H|=1 canonical rows 22462 (obstructed fixed targets cancelled: 0)
    E_45: |H|=1 canonical rows 0 (obstructed fixed targets cancelled: 0)
    Agg 20049x19985 assembled into flint (123s; nrows 61976, max|M| 16, max column fill 14); rref in place ...
    rref: rank 19980, dim ker 5 (1244s); reading pivots ...
    kernel: 5 vectors (1244s)
  p=2147483647: a=5 rank(R)=19980 mult={'det': 5, 'pad': 5} npts=13 route=inplace (1250s, VmHWM 4.67 GB)
    Agg 20049x19985 assembled into flint (119s; nrows 61976, max|M| 16, max column fill 14); rref in place ...
    rref: rank 19980, dim ker 5 (1248s); reading pivots ...
    kernel: 5 vectors (1248s)
  p=2147483629: a=5 rank(R)=19980 mult={'det': 5, 'pad': 5} npts=13 route=inplace (2500s, VmHWM 4.68 GB)
  lam=(10, 10, 4, 2, 1, 1): N_S=94142 |Stab|=4 n_chi=18801 (orbits dropped: 9662)
    E_01: |H|=2 canonical rows 36111 (obstructed fixed targets cancelled: 3670)
    E_12: |H|=2 canonical rows 21666 (obstructed fixed targets cancelled: 2407)
    E_23: |H|=4 canonical rows 10221 (obstructed fixed targets cancelled: 1131)
    E_34: |H|=2 canonical rows 20798 (obstructed fixed targets cancelled: 0)
    E_45: |H|=2 canonical rows 0 (obstructed fixed targets cancelled: 0)
    Agg 18865x18801 assembled into flint (121s; nrows 88796, max|M| 15, max column fill 25); rref in place ...
  lam=(14, 9, 6, 1, 1, 1): N_S=122172 |Stab|=6 n_chi=9159 (orbits dropped: 24296)
    E_01: |H|=6 canonical rows 7239 (obstructed fixed targets cancelled: 12888)
    E_12: |H|=6 canonical rows 6886 (obstructed fixed targets cancelled: 9120)
    E_23: |H|=2 canonical rows 12760 (obstructed fixed targets cancelled: 0)
    E_34: |H|=1 canonical rows 0 (obstructed fixed targets cancelled: 0)
    E_45: |H|=1 canonical rows 0 (obstructed fixed targets cancelled: 0)
    Agg 9223x9159 assembled into flint (26s; nrows 26885, max|M| 16, max column fill 15); rref in place ...
    rref: rank 9149, dim ker 10 (150s); reading pivots ...
    kernel: 10 vectors (150s)
  p=2147483647: a=10 rank(R)=9149 mult={'det': 10, 'pad': 10} npts=18 route=inplace (162s, VmHWM 1.10 GB)
    Agg 9223x9159 assembled into flint (23s; nrows 26885, max|M| 16, max column fill 15); rref in place ...
    rref: rank 9149, dim ker 10 (151s); reading pivots ...
    kernel: 10 vectors (151s)
  p=2147483629: a=10 rank(R)=9149 mult={'det': 10, 'pad': 10} npts=18 route=inplace (317s, VmHWM 1.10 GB)
  lam=(12, 12, 2, 2, 2, 2): N_S=424582 |Stab|=48 n_chi=12942 (orbits dropped: 0)
    E_01: |H|=24 canonical rows 24261 (obstructed fixed targets cancelled: 0)
    E_12: |H|=6 canonical rows 28556 (obstructed fixed targets cancelled: 0)
    E_23: |H|=4 canonical rows 84439 (obstructed fixed targets cancelled: 0)
    E_34: |H|=4 canonical rows 84439 (obstructed fixed targets cancelled: 0)
    E_45: |H|=4 canonical rows 84439 (obstructed fixed targets cancelled: 0)
    Agg 13006x12942 assembled into flint (102s; nrows 306134, max|M| 18, max column fill 95); rref in place ...
    rref: rank 12937, dim ker 5 (434s); reading pivots ...
    kernel: 5 vectors (434s)
  p=2147483647: a=5 rank(R)=12937 mult={'det': 5, 'pad': 5} npts=13 route=inplace (497s, VmHWM 2.34 GB)
    Agg 13006x12942 assembled into flint (102s; nrows 306134, max|M| 18, max column fill 95); rref in place ...
    rref: rank 12937, dim ker 5 (440s); reading pivots ...
    kernel: 5 vectors (441s)
  p=2147483629: a=5 rank(R)=12937 mult={'det': 5, 'pad': 5} npts=13 route=inplace (956s, VmHWM 2.34 GB)
  lam=(13, 10, 6, 1, 1, 1): N_S=140749 |Stab|=6 n_chi=10682 (orbits dropped: 27663)
    E_01: |H|=6 canonical rows 9159 (obstructed fixed targets cancelled: 15054)
    E_12: |H|=6 canonical rows 7671 (obstructed fixed targets cancelled: 10842)
    E_23: |H|=2 canonical rows 14685 (obstructed fixed targets cancelled: 0)
    E_34: |H|=1 canonical rows 0 (obstructed fixed targets cancelled: 0)
    E_45: |H|=1 canonical rows 0 (obstructed fixed targets cancelled: 0)
    Agg 10746x10682 assembled into flint (32s; nrows 31515, max|M| 16, max column fill 15); rref in place ...
    rref: rank 10673, dim ker 9 (236s); reading pivots ...
    kernel: 9 vectors (236s)
  p=2147483647: a=9 rank(R)=10673 mult={'det': 9, 'pad': 8} npts=17 route=inplace (249s, VmHWM 1.46 GB)
    Agg 10746x10682 assembled into flint (30s; nrows 31515, max|M| 16, max column fill 15); rref in place ...
    rref: rank 10673, dim ker 9 (234s); reading pivots ...
    kernel: 9 vectors (235s)
  p=2147483629: a=9 rank(R)=10673 mult={'det': 9, 'pad': 8} npts=17 route=inplace (488s, VmHWM 1.46 GB)
  lam=(13, 10, 6, 1, 1, 1): N_S=140749 |Stab|=6 n_chi=10682 (orbits dropped: 27663)
    E_01: |H|=6 canonical rows 9159 (obstructed fixed targets cancelled: 15054)
    E_12: |H|=6 canonical rows 7671 (obstructed fixed targets cancelled: 10842)
    E_23: |H|=2 canonical rows 14685 (obstructed fixed targets cancelled: 0)
    E_34: |H|=1 canonical rows 0 (obstructed fixed targets cancelled: 0)
    E_45: |H|=1 canonical rows 0 (obstructed fixed targets cancelled: 0)
    Agg 10746x10682 assembled into flint (31s; nrows 31515, max|M| 16, max column fill 15); rref in place ...
    rref: rank 10673, dim ker 9 (234s); reading pivots ...
    kernel: 9 vectors (234s)
