  lam=(12, 10, 3, 1, 1, 1): N_S=19488 |Stab|=6 n_chi=1282 (orbits dropped: 4324)
    E_01: |H|=6 canonical rows 1142 (obstructed fixed targets cancelled: 2259)
    E_12: |H|=6 canonical rows 577 (obstructed fixed targets cancelled: 1269)
    E_23: |H|=2 canonical rows 2638 (obstructed fixed targets cancelled: 0)
    E_34: |H|=1 canonical rows 0 (obstructed fixed targets cancelled: 0)
    E_45: |H|=1 canonical rows 0 (obstructed fixed targets cancelled: 0)
    Agg 1346x1282 assembled into flint (0s; nrows 4357, max|M| 16, max column fill 12); rref in place ...
    rref: rank 1281, dim ker 1 (1s); reading pivots ...
    kernel: 1 vectors (1s)
  p=2147483647: a=1 rank(R)=1281 mult={'det': 1, 'pad': 1} npts=9 route=inplace (2s, VmHWM 0.09 GB)
    Agg 1346x1282 assembled into flint (0s; nrows 4357, max|M| 16, max column fill 12); rref in place ...
    rref: rank 1281, dim ker 1 (1s); reading pivots ...
    kernel: 1 vectors (1s)
  p=2147483629: a=1 rank(R)=1281 mult={'det': 1, 'pad': 1} npts=9 route=inplace (3s, VmHWM 0.09 GB)
  lam=(14, 7, 4, 1, 1, 1): N_S=21445 |Stab|=6 n_chi=1414 (orbits dropped: 4755)
    E_01: |H|=6 canonical rows 979 (obstructed fixed targets cancelled: 2241)
    E_12: |H|=6 canonical rows 928 (obstructed fixed targets cancelled: 1338)
    E_23: |H|=2 canonical rows 2606 (obstructed fixed targets cancelled: 0)
    E_34: |H|=1 canonical rows 0 (obstructed fixed targets cancelled: 0)
    E_45: |H|=1 canonical rows 0 (obstructed fixed targets cancelled: 0)
    Agg 1478x1414 assembled into flint (0s; nrows 4513, max|M| 16, max column fill 12); rref in place ...
    rref: rank 1413, dim ker 1 (1s); reading pivots ...
    kernel: 1 vectors (1s)
  p=2147483647: a=1 rank(R)=1413 mult={'det': 1, 'pad': 1} npts=9 route=inplace (2s, VmHWM 0.10 GB)
    Agg 1478x1414 assembled into flint (0s; nrows 4513, max|M| 16, max column fill 12); rref in place ...
    rref: rank 1413, dim ker 1 (1s); reading pivots ...
    kernel: 1 vectors (1s)
  p=2147483629: a=1 rank(R)=1413 mult={'det': 1, 'pad': 1} npts=9 route=inplace (3s, VmHWM 0.10 GB)
  lam=(14, 6, 5, 1, 1, 1): N_S=25741 |Stab|=6 n_chi=1735 (orbits dropped: 5613)
    E_01: |H|=6 canonical rows 1104 (obstructed fixed targets cancelled: 2445)
    E_12: |H|=6 canonical rows 1414 (obstructed fixed targets cancelled: 1644)
    E_23: |H|=2 canonical rows 2873 (obstructed fixed targets cancelled: 0)
    E_34: |H|=1 canonical rows 0 (obstructed fixed targets cancelled: 0)
    E_45: |H|=1 canonical rows 0 (obstructed fixed targets cancelled: 0)
    Agg 1799x1735 assembled into flint (1s; nrows 5391, max|M| 16, max column fill 12); rref in place ...
    rref: rank 1734, dim ker 1 (1s); reading pivots ...
    kernel: 1 vectors (1s)
  p=2147483647: a=1 rank(R)=1734 mult={'det': 1, 'pad': 1} npts=9 route=inplace (3s, VmHWM 0.11 GB)
    Agg 1799x1735 assembled into flint (1s; nrows 5391, max|M| 16, max column fill 12); rref in place ...
    rref: rank 1734, dim ker 1 (1s); reading pivots ...
    kernel: 1 vectors (1s)
  p=2147483629: a=1 rank(R)=1734 mult={'det': 1, 'pad': 1} npts=9 route=inplace (4s, VmHWM 0.11 GB)
  lam=(10, 10, 5, 1, 1, 1): N_S=51383 |Stab|=12 n_chi=1841 (orbits dropped: 5356)
    E_01: |H|=6 canonical rows 3587 (obstructed fixed targets cancelled: 5178)
    E_12: |H|=6 canonical rows 2396 (obstructed fixed targets cancelled: 3885)
    E_23: |H|=4 canonical rows 2812 (obstructed fixed targets cancelled: 86)
    E_34: |H|=2 canonical rows 0 (obstructed fixed targets cancelled: 0)
    E_45: |H|=2 canonical rows 0 (obstructed fixed targets cancelled: 0)
    Agg 1905x1841 assembled into flint (1s; nrows 8795, max|M| 12, max column fill 23); rref in place ...
    rref: rank 1840, dim ker 1 (2s); reading pivots ...
    kernel: 1 vectors (2s)
  p=2147483647: a=1 rank(R)=1840 mult={'det': 1, 'pad': 1} npts=9 route=inplace (6s, VmHWM 0.13 GB)
    Agg 1905x1841 assembled into flint (1s; nrows 8795, max|M| 12, max column fill 23); rref in place ...
    rref: rank 1840, dim ker 1 (2s); reading pivots ...
    kernel: 1 vectors (2s)
  p=2147483629: a=1 rank(R)=1840 mult={'det': 1, 'pad': 1} npts=9 route=inplace (8s, VmHWM 0.13 GB)
  lam=(11, 10, 4, 1, 1, 1): N_S=34377 |Stab|=6 n_chi=2396 (orbits dropped: 7285)
    E_01: |H|=6 canonical rows 2199 (obstructed fixed targets cancelled: 3807)
    E_12: |H|=6 canonical rows 1338 (obstructed fixed targets cancelled: 2403)
    E_23: |H|=2 canonical rows 4200 (obstructed fixed targets cancelled: 0)
    E_34: |H|=1 canonical rows 0 (obstructed fixed targets cancelled: 0)
    E_45: |H|=1 canonical rows 0 (obstructed fixed targets cancelled: 0)
    Agg 2460x2396 assembled into flint (1s; nrows 7737, max|M| 12, max column fill 13); rref in place ...
    rref: rank 2395, dim ker 1 (3s); reading pivots ...
    kernel: 1 vectors (3s)
  p=2147483647: a=1 rank(R)=2395 mult={'det': 1, 'pad': 1} npts=9 route=inplace (5s, VmHWM 0.16 GB)
    Agg 2460x2396 assembled into flint (1s; nrows 7737, max|M| 12, max column fill 13); rref in place ...
    rref: rank 2395, dim ker 1 (4s); reading pivots ...
    kernel: 1 vectors (4s)
  p=2147483629: a=1 rank(R)=2395 mult={'det': 1, 'pad': 1} npts=9 route=inplace (10s, VmHWM 0.17 GB)
  lam=(11, 11, 2, 2, 1, 1): N_S=26710 |Stab|=8 n_chi=2806 (orbits dropped: 1769)
    E_01: |H|=4 canonical rows 5282 (obstructed fixed targets cancelled: 1581)
    E_12: |H|=2 canonical rows 3701 (obstructed fixed targets cancelled: 569)
    E_23: |H|=4 canonical rows 3849 (obstructed fixed targets cancelled: 152)
    E_34: |H|=2 canonical rows 5925 (obstructed fixed targets cancelled: 42)
    E_45: |H|=4 canonical rows 0 (obstructed fixed targets cancelled: 204)
    Agg 2870x2806 assembled into flint (2s; nrows 18757, max|M| 15, max column fill 28); rref in place ...
    rref: rank 2805, dim ker 1 (6s); reading pivots ...
    kernel: 1 vectors (6s)
  p=2147483647: a=1 rank(R)=2805 mult={'det': 1, 'pad': 1} npts=9 route=inplace (8s, VmHWM 0.18 GB)
    Agg 2870x2806 assembled into flint (2s; nrows 18757, max|M| 15, max column fill 28); rref in place ...
    rref: rank 2805, dim ker 1 (6s); reading pivots ...
    kernel: 1 vectors (6s)
  p=2147483629: a=1 rank(R)=2805 mult={'det': 1, 'pad': 1} npts=9 route=inplace (14s, VmHWM 0.18 GB)
  lam=(9, 9, 7, 1, 1, 1): N_S=79501 |Stab|=12 n_chi=3086 (orbits dropped: 7852)
    E_01: |H|=6 canonical rows 5740 (obstructed fixed targets cancelled: 7401)
    E_12: |H|=6 canonical rows 4987 (obstructed fixed targets cancelled: 6645)
    E_23: |H|=4 canonical rows 3904 (obstructed fixed targets cancelled: 24)
    E_34: |H|=2 canonical rows 0 (obstructed fixed targets cancelled: 94)
    E_45: |H|=2 canonical rows 0 (obstructed fixed targets cancelled: 94)
    Agg 3150x3086 assembled into flint (2s; nrows 14631, max|M| 12, max column fill 25); rref in place ...
    rref: rank 3085, dim ker 1 (8s); reading pivots ...
    kernel: 1 vectors (8s)
  p=2147483647: a=1 rank(R)=3085 mult={'det': 1, 'pad': 1} npts=9 route=inplace (13s, VmHWM 0.22 GB)
    Agg 3150x3086 assembled into flint (2s; nrows 14631, max|M| 12, max column fill 25); rref in place ...
    rref: rank 3085, dim ker 1 (7s); reading pivots ...
    kernel: 1 vectors (7s)
  p=2147483629: a=1 rank(R)=3085 mult={'det': 1, 'pad': 1} npts=9 route=inplace (21s, VmHWM 0.24 GB)
  lam=(15, 7, 2, 2, 1, 1): N_S=14910 |Stab|=4 n_chi=3027 (orbits dropped: 2038)
    E_01: |H|=4 canonical rows 2123 (obstructed fixed targets cancelled: 868)
    E_12: |H|=2 canonical rows 2476 (obstructed fixed targets cancelled: 281)
    E_23: |H|=2 canonical rows 4228 (obstructed fixed targets cancelled: 80)
    E_34: |H|=1 canonical rows 6722 (obstructed fixed targets cancelled: 0)
    E_45: |H|=2 canonical rows 0 (obstructed fixed targets cancelled: 0)
    Agg 3091x3027 assembled into flint (2s; nrows 15549, max|M| 20, max column fill 17); rref in place ...
    rref: rank 3026, dim ker 1 (7s); reading pivots ...
    kernel: 1 vectors (7s)
  p=2147483647: a=1 rank(R)=3026 mult={'det': 1, 'pad': 1} npts=9 route=inplace (8s, VmHWM 0.20 GB)
    Agg 3091x3027 assembled into flint (2s; nrows 15549, max|M| 20, max column fill 17); rref in place ...
    rref: rank 3026, dim ker 1 (7s); reading pivots ...
    kernel: 1 vectors (7s)
  p=2147483629: a=1 rank(R)=3026 mult={'det': 1, 'pad': 1} npts=9 route=inplace (15s, VmHWM 0.22 GB)
  lam=(14, 8, 2, 2, 1, 1): N_S=19318 |Stab|=4 n_chi=3927 (orbits dropped: 2605)
    E_01: |H|=4 canonical rows 3027 (obstructed fixed targets cancelled: 1099)
    E_12: |H|=2 canonical rows 3032 (obstructed fixed targets cancelled: 373)
    E_23: |H|=2 canonical rows 5498 (obstructed fixed targets cancelled: 98)
    E_34: |H|=1 canonical rows 8661 (obstructed fixed targets cancelled: 0)
    E_45: |H|=2 canonical rows 0 (obstructed fixed targets cancelled: 0)
    Agg 3991x3927 assembled into flint (4s; nrows 20218, max|M| 16, max column fill 18); rref in place ...
    rref: rank 3926, dim ker 1 (14s); reading pivots ...
    kernel: 1 vectors (14s)
  p=2147483647: a=1 rank(R)=3926 mult={'det': 1, 'pad': 1} npts=9 route=inplace (15s, VmHWM 0.29 GB)
    Agg 3991x3927 assembled into flint (4s; nrows 20218, max|M| 16, max column fill 18); rref in place ...
    rref: rank 3926, dim ker 1 (15s); reading pivots ...
    kernel: 1 vectors (15s)
  p=2147483629: a=1 rank(R)=3926 mult={'det': 1, 'pad': 1} npts=9 route=inplace (30s, VmHWM 0.31 GB)
  lam=(22, 2, 2, 2, 2, 2): N_S=8253 |Stab|=120 n_chi=197 (orbits dropped: 0)
    E_01: |H|=24 canonical rows 217 (obstructed fixed targets cancelled: 0)
    E_12: |H|=6 canonical rows 1395 (obstructed fixed targets cancelled: 0)
    E_23: |H|=6 canonical rows 1395 (obstructed fixed targets cancelled: 0)
    E_34: |H|=6 canonical rows 1395 (obstructed fixed targets cancelled: 0)
    E_45: |H|=6 canonical rows 1395 (obstructed fixed targets cancelled: 0)
  p=2147483647: a=1 rank(R)=196 mult={'det': 1, 'pad': 1} npts=9 route=exact (1s, VmHWM 0.09 GB)
  p=2147483629: a=1 rank(R)=196 mult={'det': 1, 'pad': 1} npts=9 route=exact (2s, VmHWM 0.09 GB)
  lam=(19, 5, 5, 1, 1, 1): N_S=19664 |Stab|=12 n_chi=645 (orbits dropped: 2340)
    E_01: |H|=6 canonical rows 649 (obstructed fixed targets cancelled: 1827)
    E_12: |H|=6 canonical rows 1099 (obstructed fixed targets cancelled: 1164)
    E_23: |H|=2 canonical rows 2209 (obstructed fixed targets cancelled: 0)
    E_34: |H|=2 canonical rows 0 (obstructed fixed targets cancelled: 53)
    E_45: |H|=2 canonical rows 0 (obstructed fixed targets cancelled: 53)
  p=2147483647: a=1 rank(R)=644 mult={'det': 1, 'pad': 1} npts=9 route=exact (2s, VmHWM 0.12 GB)
  p=2147483629: a=1 rank(R)=644 mult={'det': 1, 'pad': 1} npts=9 route=exact (4s, VmHWM 0.12 GB)
  lam=(18, 8, 3, 1, 1, 1): N_S=18091 |Stab|=6 n_chi=1123 (orbits dropped: 4197)
    E_01: |H|=6 canonical rows 790 (obstructed fixed targets cancelled: 2028)
    E_12: |H|=6 canonical rows 565 (obstructed fixed targets cancelled: 1059)
    E_23: |H|=2 canonical rows 2413 (obstructed fixed targets cancelled: 0)
    E_34: |H|=1 canonical rows 0 (obstructed fixed targets cancelled: 0)
    E_45: |H|=1 canonical rows 0 (obstructed fixed targets cancelled: 0)
    Agg 1187x1123 assembled into flint (0s; nrows 3768, max|M| 20, max column fill 11); rref in place ...
    rref: rank 1122, dim ker 1 (1s); reading pivots ...
    kernel: 1 vectors (1s)
  p=2147483647: a=1 rank(R)=1122 mult={'det': 1, 'pad': 1} npts=9 route=inplace (2s, VmHWM 0.09 GB)
    Agg 1187x1123 assembled into flint (0s; nrows 3768, max|M| 20, max column fill 11); rref in place ...
    rref: rank 1122, dim ker 1 (1s); reading pivots ...
    kernel: 1 vectors (1s)
  p=2147483629: a=1 rank(R)=1122 mult={'det': 1, 'pad': 1} npts=9 route=inplace (3s, VmHWM 0.09 GB)
  lam=(21, 3, 2, 2, 2, 2): N_S=19634 |Stab|=24 n_chi=1366 (orbits dropped: 0)
    E_01: |H|=24 canonical rows 624 (obstructed fixed targets cancelled: 0)
    E_12: |H|=6 canonical rows 2746 (obstructed fixed targets cancelled: 0)
    E_23: |H|=2 canonical rows 8160 (obstructed fixed targets cancelled: 0)
    E_34: |H|=2 canonical rows 8160 (obstructed fixed targets cancelled: 0)
    E_45: |H|=2 canonical rows 8160 (obstructed fixed targets cancelled: 0)
    Agg 1430x1366 assembled into flint (1s; nrows 27850, max|M| 12, max column fill 71); rref in place ...
    rref: rank 1365, dim ker 1 (1s); reading pivots ...
    kernel: 1 vectors (1s)
  p=2147483647: a=1 rank(R)=1365 mult={'det': 1, 'pad': 1} npts=9 route=inplace (3s, VmHWM 0.11 GB)
    Agg 1430x1366 assembled into flint (1s; nrows 27850, max|M| 12, max column fill 71); rref in place ...
    rref: rank 1365, dim ker 1 (1s); reading pivots ...
    kernel: 1 vectors (1s)
  p=2147483629: a=1 rank(R)=1365 mult={'det': 1, 'pad': 1} npts=9 route=inplace (5s, VmHWM 0.11 GB)
  lam=(17, 9, 3, 1, 1, 1): N_S=23354 |Stab|=6 n_chi=1495 (orbits dropped: 5296)
    E_01: |H|=6 canonical rows 1123 (obstructed fixed targets cancelled: 2742)
    E_12: |H|=6 canonical rows 708 (obstructed fixed targets cancelled: 1428)
    E_23: |H|=2 canonical rows 3165 (obstructed fixed targets cancelled: 0)
    E_34: |H|=1 canonical rows 0 (obstructed fixed targets cancelled: 0)
    E_45: |H|=1 canonical rows 0 (obstructed fixed targets cancelled: 0)
    Agg 1559x1495 assembled into flint (0s; nrows 4996, max|M| 20, max column fill 12); rref in place ...
    rref: rank 1494, dim ker 1 (1s); reading pivots ...
    kernel: 1 vectors (1s)
  p=2147483647: a=1 rank(R)=1494 mult={'det': 1, 'pad': 1} npts=9 route=inplace (3s, VmHWM 0.10 GB)
    Agg 1559x1495 assembled into flint (0s; nrows 4996, max|M| 20, max column fill 12); rref in place ...
    rref: rank 1494, dim ker 1 (1s); reading pivots ...
    kernel: 1 vectors (1s)
  p=2147483629: a=1 rank(R)=1494 mult={'det': 1, 'pad': 1} npts=9 route=inplace (4s, VmHWM 0.10 GB)
  lam=(18, 7, 4, 1, 1, 1): N_S=26390 |Stab|=6 n_chi=1700 (orbits dropped: 5964)
    E_01: |H|=6 canonical rows 1099 (obstructed fixed targets cancelled: 2811)
    E_12: |H|=6 canonical rows 1123 (obstructed fixed targets cancelled: 1593)
    E_23: |H|=2 canonical rows 3198 (obstructed fixed targets cancelled: 0)
    E_34: |H|=1 canonical rows 0 (obstructed fixed targets cancelled: 0)
    E_45: |H|=1 canonical rows 0 (obstructed fixed targets cancelled: 0)
    Agg 1764x1700 assembled into flint (1s; nrows 5420, max|M| 20, max column fill 12); rref in place ...
    rref: rank 1699, dim ker 1 (2s); reading pivots ...
    kernel: 1 vectors (2s)
  p=2147483647: a=1 rank(R)=1699 mult={'det': 1, 'pad': 1} npts=9 route=inplace (3s, VmHWM 0.11 GB)
    Agg 1764x1700 assembled into flint (1s; nrows 5420, max|M| 20, max column fill 12); rref in place ...
    rref: rank 1699, dim ker 1 (2s); reading pivots ...
    kernel: 1 vectors (2s)
  p=2147483629: a=1 rank(R)=1699 mult={'det': 1, 'pad': 1} npts=9 route=inplace (5s, VmHWM 0.11 GB)
  lam=(16, 10, 3, 1, 1, 1): N_S=28410 |Stab|=6 n_chi=1850 (orbits dropped: 6354)
    E_01: |H|=6 canonical rows 1495 (obstructed fixed targets cancelled: 3411)
    E_12: |H|=6 canonical rows 838 (obstructed fixed targets cancelled: 1776)
    E_23: |H|=2 canonical rows 3840 (obstructed fixed targets cancelled: 0)
    E_34: |H|=1 canonical rows 0 (obstructed fixed targets cancelled: 0)
    E_45: |H|=1 canonical rows 0 (obstructed fixed targets cancelled: 0)
    Agg 1914x1850 assembled into flint (1s; nrows 6173, max|M| 20, max column fill 12); rref in place ...
    rref: rank 1848, dim ker 2 (2s); reading pivots ...
    kernel: 2 vectors (2s)
  p=2147483647: a=2 rank(R)=1848 mult={'det': 2, 'pad': 2} npts=10 route=inplace (3s, VmHWM 0.12 GB)
    Agg 1914x1850 assembled into flint (1s; nrows 6173, max|M| 20, max column fill 12); rref in place ...
    rref: rank 1848, dim ker 2 (2s); reading pivots ...
    kernel: 2 vectors (2s)
  p=2147483629: a=2 rank(R)=1848 mult={'det': 2, 'pad': 2} npts=10 route=inplace (5s, VmHWM 0.12 GB)
  lam=(18, 6, 5, 1, 1, 1): N_S=31621 |Stab|=6 n_chi=2081 (orbits dropped: 7033)
    E_01: |H|=6 canonical rows 1237 (obstructed fixed targets cancelled: 3081)
    E_12: |H|=6 canonical rows 1700 (obstructed fixed targets cancelled: 1959)
    E_23: |H|=2 canonical rows 3535 (obstructed fixed targets cancelled: 0)
    E_34: |H|=1 canonical rows 0 (obstructed fixed targets cancelled: 0)
    E_45: |H|=1 canonical rows 0 (obstructed fixed targets cancelled: 0)
    Agg 2145x2081 assembled into flint (1s; nrows 6472, max|M| 20, max column fill 12); rref in place ...
    rref: rank 2080, dim ker 1 (3s); reading pivots ...
    kernel: 1 vectors (3s)
  p=2147483647: a=1 rank(R)=2080 mult={'det': 1, 'pad': 1} npts=9 route=inplace (5s, VmHWM 0.14 GB)
    Agg 2145x2081 assembled into flint (1s; nrows 6472, max|M| 20, max column fill 12); rref in place ...
    rref: rank 2080, dim ker 1 (3s); reading pivots ...
    kernel: 1 vectors (3s)
  p=2147483629: a=1 rank(R)=2080 mult={'det': 1, 'pad': 1} npts=9 route=inplace (8s, VmHWM 0.14 GB)
  lam=(15, 11, 3, 1, 1, 1): N_S=32593 |Stab|=6 n_chi=2158 (orbits dropped: 7193)
    E_01: |H|=6 canonical rows 1850 (obstructed fixed targets cancelled: 4011)
    E_12: |H|=6 canonical rows 936 (obstructed fixed targets cancelled: 2100)
    E_23: |H|=2 canonical rows 4454 (obstructed fixed targets cancelled: 0)
    E_34: |H|=1 canonical rows 0 (obstructed fixed targets cancelled: 0)
    E_45: |H|=1 canonical rows 0 (obstructed fixed targets cancelled: 0)
    Agg 2222x2158 assembled into flint (1s; nrows 7240, max|M| 20, max column fill 13); rref in place ...
    rref: rank 2157, dim ker 1 (3s); reading pivots ...
    kernel: 1 vectors (3s)
  p=2147483647: a=1 rank(R)=2157 mult={'det': 1, 'pad': 1} npts=9 route=inplace (5s, VmHWM 0.14 GB)
    Agg 2222x2158 assembled into flint (1s; nrows 7240, max|M| 20, max column fill 13); rref in place ...
    rref: rank 2157, dim ker 1 (3s); reading pivots ...
    kernel: 1 vectors (3s)
  p=2147483629: a=1 rank(R)=2157 mult={'det': 1, 'pad': 1} npts=9 route=inplace (8s, VmHWM 0.15 GB)
  lam=(14, 12, 3, 1, 1, 1): N_S=35403 |Stab|=6 n_chi=2357 (orbits dropped: 7775)
    E_01: |H|=6 canonical rows 2158 (obstructed fixed targets cancelled: 4380)
    E_12: |H|=6 canonical rows 989 (obstructed fixed targets cancelled: 2337)
    E_23: |H|=2 canonical rows 4813 (obstructed fixed targets cancelled: 0)
    E_34: |H|=1 canonical rows 0 (obstructed fixed targets cancelled: 0)
    E_45: |H|=1 canonical rows 0 (obstructed fixed targets cancelled: 0)
    Agg 2421x2357 assembled into flint (1s; nrows 7960, max|M| 16, max column fill 13); rref in place ...
    rref: rank 2355, dim ker 2 (3s); reading pivots ...
    kernel: 2 vectors (3s)
  p=2147483647: a=2 rank(R)=2355 mult={'det': 2, 'pad': 2} npts=10 route=inplace (6s, VmHWM 0.15 GB)
    Agg 2421x2357 assembled into flint (1s; nrows 7960, max|M| 16, max column fill 13); rref in place ...
    rref: rank 2355, dim ker 2 (3s); reading pivots ...
    kernel: 2 vectors (3s)
  p=2147483629: a=2 rank(R)=2355 mult={'det': 2, 'pad': 2} npts=10 route=inplace (10s, VmHWM 0.16 GB)
  lam=(17, 8, 4, 1, 1, 1): N_S=36196 |Stab|=6 n_chi=2405 (orbits dropped: 7978)
    E_01: |H|=6 canonical rows 1700 (obstructed fixed targets cancelled: 3981)
    E_12: |H|=6 canonical rows 1495 (obstructed fixed targets cancelled: 2256)
    E_23: |H|=2 canonical rows 4405 (obstructed fixed targets cancelled: 0)
    E_34: |H|=1 canonical rows 0 (obstructed fixed targets cancelled: 0)
    E_45: |H|=1 canonical rows 0 (obstructed fixed targets cancelled: 0)
    Agg 2469x2405 assembled into flint (1s; nrows 7600, max|M| 20, max column fill 12); rref in place ...
    rref: rank 2403, dim ker 2 (4s); reading pivots ...
    kernel: 2 vectors (4s)
  p=2147483647: a=2 rank(R)=2403 mult={'det': 2, 'pad': 2} npts=10 route=inplace (6s, VmHWM 0.16 GB)
    Agg 2469x2405 assembled into flint (1s; nrows 7600, max|M| 20, max column fill 12); rref in place ...
    rref: rank 2403, dim ker 2 (4s); reading pivots ...
    kernel: 2 vectors (4s)
  p=2147483629: a=2 rank(R)=2403 mult={'det': 2, 'pad': 2} npts=10 route=inplace (10s, VmHWM 0.17 GB)
  lam=(20, 4, 2, 2, 2, 2): N_S=40330 |Stab|=24 n_chi=2725 (orbits dropped: 0)
    E_01: |H|=24 canonical rows 1366 (obstructed fixed targets cancelled: 0)
    E_12: |H|=6 canonical rows 4804 (obstructed fixed targets cancelled: 0)
    E_23: |H|=2 canonical rows 16577 (obstructed fixed targets cancelled: 0)
    E_34: |H|=2 canonical rows 16577 (obstructed fixed targets cancelled: 0)
    E_45: |H|=2 canonical rows 16577 (obstructed fixed targets cancelled: 0)
    Agg 2789x2725 assembled into flint (3s; nrows 55901, max|M| 18, max column fill 74); rref in place ...
    rref: rank 2722, dim ker 3 (7s); reading pivots ...
    kernel: 3 vectors (7s)
  p=2147483647: a=3 rank(R)=2722 mult={'det': 3, 'pad': 3} npts=11 route=inplace (11s, VmHWM 0.22 GB)
    Agg 2789x2725 assembled into flint (3s; nrows 55901, max|M| 18, max column fill 74); rref in place ...
    rref: rank 2722, dim ker 3 (6s); reading pivots ...
    kernel: 3 vectors (6s)
  p=2147483629: a=3 rank(R)=2722 mult={'det': 3, 'pad': 3} npts=11 route=inplace (19s, VmHWM 0.22 GB)
  lam=(21, 4, 2, 2, 2, 1): N_S=12679 |Stab|=6 n_chi=2746 (orbits dropped: 0)
    E_01: |H|=6 canonical rows 1395 (obstructed fixed targets cancelled: 0)
    E_12: |H|=2 canonical rows 3973 (obstructed fixed targets cancelled: 0)
    E_23: |H|=1 canonical rows 9686 (obstructed fixed targets cancelled: 0)
    E_34: |H|=1 canonical rows 9686 (obstructed fixed targets cancelled: 0)
    E_45: |H|=2 canonical rows 3360 (obstructed fixed targets cancelled: 0)
    Agg 2810x2746 assembled into flint (2s; nrows 28100, max|M| 18, max column fill 34); rref in place ...
    rref: rank 2745, dim ker 1 (6s); reading pivots ...
    kernel: 1 vectors (6s)
  p=2147483647: a=1 rank(R)=2745 mult={'det': 1, 'pad': 1} npts=9 route=inplace (7s, VmHWM 0.19 GB)
    Agg 2810x2746 assembled into flint (2s; nrows 28100, max|M| 18, max column fill 34); rref in place ...
    rref: rank 2745, dim ker 1 (5s); reading pivots ...
    kernel: 1 vectors (5s)
  p=2147483629: a=1 rank(R)=2745 mult={'det': 1, 'pad': 1} npts=9 route=inplace (13s, VmHWM 0.19 GB)
  lam=(16, 9, 4, 1, 1, 1): N_S=46331 |Stab|=6 n_chi=3161 (orbits dropped: 9997)
    E_01: |H|=6 canonical rows 2405 (obstructed fixed targets cancelled: 5289)
    E_12: |H|=6 canonical rows 1850 (obstructed fixed targets cancelled: 3012)
    E_23: |H|=2 canonical rows 5657 (obstructed fixed targets cancelled: 0)
    E_34: |H|=1 canonical rows 0 (obstructed fixed targets cancelled: 0)
    E_45: |H|=1 canonical rows 0 (obstructed fixed targets cancelled: 0)
    Agg 3225x3161 assembled into flint (2s; nrows 9912, max|M| 20, max column fill 13); rref in place ...
    rref: rank 3157, dim ker 4 (7s); reading pivots ...
    kernel: 4 vectors (7s)
  p=2147483647: a=4 rank(R)=3157 mult={'det': 4, 'pad': 4} npts=12 route=inplace (10s, VmHWM 0.22 GB)
    Agg 3225x3161 assembled into flint (2s; nrows 9912, max|M| 20, max column fill 13); rref in place ...
    rref: rank 3157, dim ker 4 (8s); reading pivots ...
    kernel: 4 vectors (8s)
  p=2147483629: a=4 rank(R)=3157 mult={'det': 4, 'pad': 4} npts=12 route=inplace (19s, VmHWM 0.23 GB)
  lam=(17, 7, 5, 1, 1, 1): N_S=46473 |Stab|=6 n_chi=3192 (orbits dropped: 9987)
    E_01: |H|=6 canonical rows 2081 (obstructed fixed targets cancelled: 4791)
    E_12: |H|=6 canonical rows 2405 (obstructed fixed targets cancelled: 3054)
    E_23: |H|=2 canonical rows 5241 (obstructed fixed targets cancelled: 0)
    E_34: |H|=1 canonical rows 0 (obstructed fixed targets cancelled: 0)
    E_45: |H|=1 canonical rows 0 (obstructed fixed targets cancelled: 0)
    Agg 3256x3192 assembled into flint (2s; nrows 9727, max|M| 20, max column fill 13); rref in place ...
    rref: rank 3188, dim ker 4 (7s); reading pivots ...
    kernel: 4 vectors (7s)
  p=2147483647: a=4 rank(R)=3188 mult={'det': 4, 'pad': 4} npts=12 route=inplace (10s, VmHWM 0.22 GB)
    Agg 3256x3192 assembled into flint (2s; nrows 9727, max|M| 20, max column fill 13); rref in place ...
    rref: rank 3188, dim ker 4 (6s); reading pivots ...
    kernel: 4 vectors (6s)
  p=2147483629: a=4 rank(R)=3188 mult={'det': 4, 'pad': 4} npts=12 route=inplace (17s, VmHWM 0.24 GB)
  lam=(19, 7, 2, 2, 1, 1): N_S=17232 |Stab|=4 n_chi=3486 (orbits dropped: 2406)
    E_01: |H|=4 canonical rows 2316 (obstructed fixed targets cancelled: 1040)
    E_12: |H|=2 canonical rows 2877 (obstructed fixed targets cancelled: 321)
    E_23: |H|=2 canonical rows 4868 (obstructed fixed targets cancelled: 92)
    E_34: |H|=1 canonical rows 7801 (obstructed fixed targets cancelled: 0)
    E_45: |H|=2 canonical rows 0 (obstructed fixed targets cancelled: 0)
    Agg 3550x3486 assembled into flint (3s; nrows 17862, max|M| 24, max column fill 17); rref in place ...
    rref: rank 3485, dim ker 1 (11s); reading pivots ...
    kernel: 1 vectors (11s)
  p=2147483647: a=1 rank(R)=3485 mult={'det': 1, 'pad': 1} npts=9 route=inplace (12s, VmHWM 0.24 GB)
    Agg 3550x3486 assembled into flint (3s; nrows 17862, max|M| 24, max column fill 17); rref in place ...
    rref: rank 3485, dim ker 1 (11s); reading pivots ...
    kernel: 1 vectors (11s)
  p=2147483629: a=1 rank(R)=3485 mult={'det': 1, 'pad': 1} npts=9 route=inplace (23s, VmHWM 0.26 GB)
  lam=(15, 10, 4, 1, 1, 1): N_S=55596 |Stab|=6 n_chi=3859 (orbits dropped: 11820)
    E_01: |H|=6 canonical rows 3161 (obstructed fixed targets cancelled: 6480)
    E_12: |H|=6 canonical rows 2158 (obstructed fixed targets cancelled: 3720)
    E_23: |H|=2 canonical rows 6799 (obstructed fixed targets cancelled: 0)
    E_34: |H|=1 canonical rows 0 (obstructed fixed targets cancelled: 0)
    E_45: |H|=1 canonical rows 0 (obstructed fixed targets cancelled: 0)
    Agg 3923x3859 assembled into flint (3s; nrows 12118, max|M| 20, max column fill 13); rref in place ...
    rref: rank 3855, dim ker 4 (13s); reading pivots ...
    kernel: 4 vectors (13s)
  p=2147483647: a=4 rank(R)=3855 mult={'det': 4, 'pad': 4} npts=12 route=inplace (17s, VmHWM 0.29 GB)
    Agg 3923x3859 assembled into flint (3s; nrows 12118, max|M| 20, max column fill 13); rref in place ...
    rref: rank 3855, dim ker 4 (12s); reading pivots ...
    kernel: 4 vectors (12s)
  p=2147483629: a=4 rank(R)=3855 mult={'det': 4, 'pad': 4} npts=12 route=inplace (29s, VmHWM 0.31 GB)
  lam=(12, 12, 5, 1, 1, 1): N_S=107022 |Stab|=12 n_chi=3923 (orbits dropped: 10900)
    E_01: |H|=6 canonical rows 7671 (obstructed fixed targets cancelled: 11874)
    E_12: |H|=6 canonical rows 4701 (obstructed fixed targets cancelled: 8244)
    E_23: |H|=4 canonical rows 5907 (obstructed fixed targets cancelled: 158)
    E_34: |H|=2 canonical rows 0 (obstructed fixed targets cancelled: 0)
    E_45: |H|=2 canonical rows 0 (obstructed fixed targets cancelled: 0)
    Agg 3987x3923 assembled into flint (4s; nrows 18279, max|M| 16, max column fill 25); rref in place ...
    rref: rank 3920, dim ker 3 (14s); reading pivots ...
    kernel: 3 vectors (14s)
  p=2147483647: a=3 rank(R)=3920 mult={'det': 3, 'pad': 3} npts=11 route=inplace (22s, VmHWM 0.31 GB)
    Agg 3987x3923 assembled into flint (4s; nrows 18279, max|M| 16, max column fill 25); rref in place ...
    rref: rank 3920, dim ker 3 (14s); reading pivots ...
    kernel: 3 vectors (14s)
  p=2147483629: a=3 rank(R)=3920 mult={'det': 3, 'pad': 3} npts=11 route=inplace (38s, VmHWM 0.33 GB)
  lam=(15, 7, 7, 1, 1, 1): N_S=105571 |Stab|=12 n_chi=3985 (orbits dropped: 10754)
    E_01: |H|=6 canonical rows 5263 (obstructed fixed targets cancelled: 10224)
    E_12: |H|=6 canonical rows 7239 (obstructed fixed targets cancelled: 7686)
    E_23: |H|=2 canonical rows 10277 (obstructed fixed targets cancelled: 0)
    E_34: |H|=2 canonical rows 0 (obstructed fixed targets cancelled: 134)
    E_45: |H|=2 canonical rows 0 (obstructed fixed targets cancelled: 134)
    Agg 4049x3985 assembled into flint (4s; nrows 22779, max|M| 16, max column fill 27); rref in place ...
    rref: rank 3980, dim ker 5 (15s); reading pivots ...
    kernel: 5 vectors (15s)
  p=2147483647: a=5 rank(R)=3980 mult={'det': 5, 'pad': 5} npts=13 route=inplace (22s, VmHWM 0.32 GB)
    Agg 4049x3985 assembled into flint (4s; nrows 22779, max|M| 16, max column fill 27); rref in place ...
    rref: rank 3980, dim ker 5 (14s); reading pivots ...
    kernel: 5 vectors (14s)
  p=2147483629: a=5 rank(R)=3980 mult={'det': 5, 'pad': 5} npts=13 route=inplace (37s, VmHWM 0.35 GB)
