20:25:28 worker small: 28 cells in class, frontier 20000, headroom 0.85
20:25:28 START d7 (12, 10, 3, 1, 1, 1) d=7 a=1 n_chi=1282 (pred 0.4 GB, free 6.5)
20:25:31 | 7 | `(12, 10, 3, 1, 1, 1)` | 1 | 227 | 19488 | 6 | 1282 | 4357 | inplace | 1 | 1 | 1 | +0 | 3 | 0.09 |
20:25:31 START d7 (14, 7, 4, 1, 1, 1) d=7 a=1 n_chi=1414 (pred 0.4 GB, free 6.5)
20:25:35 | 7 | `(14, 7, 4, 1, 1, 1)` | 1 | 501 | 21445 | 6 | 1414 | 4513 | inplace | 1 | 1 | 1 | +0 | 3 | 0.10 |
20:25:35 START d7 (14, 6, 5, 1, 1, 1) d=7 a=1 n_chi=1735 (pred 0.4 GB, free 6.6)
20:25:40 | 7 | `(14, 6, 5, 1, 1, 1)` | 1 | 433 | 25741 | 6 | 1735 | 5391 | inplace | 1 | 1 | 1 | +0 | 4 | 0.11 |
20:25:40 START d7 (10, 10, 5, 1, 1, 1) d=7 a=1 n_chi=1841 (pred 0.4 GB, free 7.1)
20:25:48 | 7 | `(10, 10, 5, 1, 1, 1)` | 1 | 259 | 51383 | 12 | 1841 | 8795 | inplace | 1 | 1 | 1 | +0 | 8 | 0.13 |
20:25:48 START d7 (11, 10, 4, 1, 1, 1) d=7 a=1 n_chi=2396 (pred 0.5 GB, free 6.9)
20:25:59 | 7 | `(11, 10, 4, 1, 1, 1)` | 1 | 326 | 34377 | 6 | 2396 | 7737 | inplace | 1 | 1 | 1 | +0 | 10 | 0.17 |
20:25:59 START d7 (11, 11, 2, 2, 1, 1) d=7 a=1 n_chi=2806 (pred 0.5 GB, free 6.6)
20:26:13 | 7 | `(11, 11, 2, 2, 1, 1)` | 1 | 81 | 26710 | 8 | 2806 | 18757 | inplace | 1 | 1 | 1 | +0 | 14 | 0.18 |
20:26:13 START d7-probe (9, 9, 7, 1, 1, 1) d=7 a=1 n_chi=3086 (pred 0.5 GB, free 6.8)
20:26:35 | 7 | `(9, 9, 7, 1, 1, 1)` | 1 | 223 | 79501 | 12 | 3086 | 14631 | inplace | 1 | 1 | 1 | +0 | 21 | 0.24 |
20:26:35 START d7 (15, 7, 2, 2, 1, 1) d=7 a=1 n_chi=3027 (pred 0.5 GB, free 6.9)
20:26:51 | 7 | `(15, 7, 2, 2, 1, 1)` | 1 | 222 | 14910 | 4 | 3027 | 15549 | inplace | 1 | 1 | 1 | +0 | 15 | 0.22 |
20:26:51 START d7 (14, 8, 2, 2, 1, 1) d=7 a=1 n_chi=3927 (pred 0.6 GB, free 6.8)
20:27:21 | 7 | `(14, 8, 2, 2, 1, 1)` | 1 | 248 | 19318 | 4 | 3927 | 20218 | inplace | 1 | 1 | 1 | +0 | 30 | 0.31 |
20:27:21 START d8 (22, 2, 2, 2, 2, 2) d=8 a=1 n_chi=197 (pred 0.5 GB, free 6.2)
20:27:24 | 8 | `(22, 2, 2, 2, 2, 2)` | 1 | 13 | 8253 | 120 | 197 | 5797 | exact | 1 | 1 | 1 | +0 | 2 | 0.09 |
20:27:24 START d8 (19, 5, 5, 1, 1, 1) d=8 a=1 n_chi=645 (pred 0.5 GB, free 6.1)
20:27:28 | 8 | `(19, 5, 5, 1, 1, 1)` | 1 | 198 | 19664 | 12 | 645 | 3957 | exact | 1 | 1 | 1 | +0 | 4 | 0.12 |
20:27:28 START d8 (18, 8, 3, 1, 1, 1) d=8 a=1 n_chi=1123 (pred 0.4 GB, free 6.3)
20:27:31 | 8 | `(18, 8, 3, 1, 1, 1)` | 1 | 430 | 18091 | 6 | 1123 | 3768 | inplace | 1 | 1 | 1 | +0 | 3 | 0.09 |
20:27:31 START d8 (21, 3, 2, 2, 2, 2) d=8 a=1 n_chi=1366 (pred 0.4 GB, free 6.3)
20:27:37 | 8 | `(21, 3, 2, 2, 2, 2)` | 1 | 30 | 19634 | 24 | 1366 | 27850 | inplace | 1 | 1 | 1 | +0 | 5 | 0.11 |
20:27:37 START d8 (17, 9, 3, 1, 1, 1) d=8 a=1 n_chi=1495 (pred 0.4 GB, free 6.2)
20:27:41 | 8 | `(17, 9, 3, 1, 1, 1)` | 1 | 516 | 23354 | 6 | 1495 | 4996 | inplace | 1 | 1 | 1 | +0 | 4 | 0.10 |
20:27:41 START d8 (18, 7, 4, 1, 1, 1) d=8 a=1 n_chi=1700 (pred 0.4 GB, free 6.2)
20:27:47 | 8 | `(18, 7, 4, 1, 1, 1)` | 1 | 632 | 26390 | 6 | 1700 | 5420 | inplace | 1 | 1 | 1 | +0 | 5 | 0.11 |
20:27:47 START d8 (16, 10, 3, 1, 1, 1) d=8 a=2 n_chi=1850 (pred 0.4 GB, free 6.3)
20:27:53 | 8 | `(16, 10, 3, 1, 1, 1)` | 2 | 536 | 28410 | 6 | 1850 | 6173 | inplace | 2 | 2 | 2 | +0 | 5 | 0.12 |
20:27:53 START d8 (18, 6, 5, 1, 1, 1) d=8 a=1 n_chi=2081 (pred 0.5 GB, free 6.3)
20:28:01 | 8 | `(18, 6, 5, 1, 1, 1)` | 1 | 531 | 31621 | 6 | 2081 | 6472 | inplace | 1 | 1 | 1 | +0 | 8 | 0.14 |
20:28:01 START d8 (15, 11, 3, 1, 1, 1) d=8 a=1 n_chi=2158 (pred 0.5 GB, free 6.3)
20:28:09 | 8 | `(15, 11, 3, 1, 1, 1)` | 1 | 476 | 32593 | 6 | 2158 | 7240 | inplace | 1 | 1 | 1 | +0 | 8 | 0.15 |
20:28:09 START d8 (14, 12, 3, 1, 1, 1) d=8 a=2 n_chi=2357 (pred 0.5 GB, free 6.2)
20:28:19 | 8 | `(14, 12, 3, 1, 1, 1)` | 2 | 331 | 35403 | 6 | 2357 | 7960 | inplace | 2 | 2 | 2 | +0 | 10 | 0.16 |
20:28:19 START d8 (17, 8, 4, 1, 1, 1) d=8 a=2 n_chi=2405 (pred 0.5 GB, free 6.3)
20:28:30 | 8 | `(17, 8, 4, 1, 1, 1)` | 2 | 900 | 36196 | 6 | 2405 | 7600 | inplace | 2 | 2 | 2 | +0 | 10 | 0.17 |
20:28:30 START d8 (20, 4, 2, 2, 2, 2) d=8 a=3 n_chi=2725 (pred 0.5 GB, free 7.0)
20:28:50 | 8 | `(20, 4, 2, 2, 2, 2)` | 3 | 105 | 40330 | 24 | 2725 | 55901 | inplace | 3 | 3 | 3 | +0 | 19 | 0.22 |
20:28:50 START d8 (21, 4, 2, 2, 2, 1) d=8 a=1 n_chi=2746 (pred 0.5 GB, free 6.6)
20:29:03 | 8 | `(21, 4, 2, 2, 2, 1)` | 1 | 78 | 12679 | 6 | 2746 | 28100 | inplace | 1 | 1 | 1 | +0 | 13 | 0.19 |
20:29:03 START d8 (16, 9, 4, 1, 1, 1) d=8 a=4 n_chi=3161 (pred 0.5 GB, free 6.8)
20:29:22 | 8 | `(16, 9, 4, 1, 1, 1)` | 4 | 1114 | 46331 | 6 | 3161 | 9912 | inplace | 4 | 4 | 4 | +0 | 19 | 0.23 |
20:29:22 START d8 (17, 7, 5, 1, 1, 1) d=8 a=4 n_chi=3192 (pred 0.5 GB, free 6.1)
20:29:40 | 8 | `(17, 7, 5, 1, 1, 1)` | 4 | 1055 | 46473 | 6 | 3192 | 9727 | inplace | 4 | 4 | 4 | +0 | 17 | 0.24 |
20:29:40 START d8 (19, 7, 2, 2, 1, 1) d=8 a=1 n_chi=3486 (pred 0.6 GB, free 6.2)
20:30:03 | 8 | `(19, 7, 2, 2, 1, 1)` | 1 | 252 | 17232 | 4 | 3486 | 17862 | inplace | 1 | 1 | 1 | +0 | 23 | 0.26 |
20:30:03 START d8 (15, 10, 4, 1, 1, 1) d=8 a=4 n_chi=3859 (pred 0.6 GB, free 6.3)
20:30:34 | 8 | `(15, 10, 4, 1, 1, 1)` | 4 | 1137 | 55596 | 6 | 3859 | 12118 | inplace | 4 | 4 | 4 | +0 | 29 | 0.31 |
20:30:34 START d8 (12, 12, 5, 1, 1, 1) d=8 a=3 n_chi=3923 (pred 0.6 GB, free 6.5)
20:31:12 | 8 | `(12, 12, 5, 1, 1, 1)` | 3 | 517 | 107022 | 12 | 3923 | 18279 | inplace | 3 | 3 | 3 | +0 | 38 | 0.33 |
20:31:12 START d8 (15, 7, 7, 1, 1, 1) d=8 a=5 n_chi=3985 (pred 0.6 GB, free 6.8)
20:31:50 | 8 | `(15, 7, 7, 1, 1, 1)` | 5 | 901 | 105571 | 12 | 3985 | 22779 | inplace | 5 | 5 | 5 | +0 | 37 | 0.35 |
20:31:50 worker small done
