== delta=7: 27 length-6 weights with a>=1, sum a = 27
   (11, 2, 2, 2, 2, 2) a=1 N_S=4603 n_chi=107 mult=1 (1s)
   (10, 4, 2, 2, 2, 1) a=1 N_S=5813 n_chi=1250 mult=1 (21s)
   (10, 3, 2, 2, 2, 2) a=1 N_S=9296 n_chi=641 mult=1 (8s)
   (9, 5, 3, 2, 1, 1) a=1 N_S=6150 n_chi=2365 mult=1 (29s)
   (9, 5, 2, 2, 2, 1) a=1 N_S=8237 n_chi=1742 mult=1 (50s)
   skip (9, 4, 3, 2, 2, 1) a=1 n_chi=6167 > cap
   (9, 4, 2, 2, 2, 2) a=1 N_S=15346 n_chi=1026 mult=1 (25s)
    Agg 2975x2911 assembled into flint (2s; nrows 9242, max|M| 12, max column fill 13)
    nullspace: rank 2910, dim ker 1 (6s)
    Agg 2975x2911 assembled into flint (2s; nrows 9242, max|M| 12, max column fill 13)
    nullspace: rank 2910, dim ker 1 (6s)
   (8, 6, 3, 2, 1, 1) a=1 N_S=7542 n_chi=2911 mult=1 (13s)
   (8, 6, 2, 2, 2, 1) a=1 N_S=10126 n_chi=2134 mult=1 (84s)
   (8, 5, 5, 1, 1, 1) a=1 N_S=5199 n_chi=168 mult=1 (0s)
    Agg 3815x3751 assembled into flint (3s; nrows 11921, max|M| 12, max column fill 13)
    nullspace: rank 3750, dim ker 1 (12s)
    Agg 3815x3751 assembled into flint (3s; nrows 11921, max|M| 12, max column fill 13)
    nullspace: rank 3750, dim ker 1 (12s)
   (8, 5, 4, 2, 1, 1) a=1 N_S=9649 n_chi=3751 mult=1 (25s)
   (8, 5, 3, 3, 1, 1) a=1 N_S=11605 n_chi=2235 mult=1 (49s)
   skip (8, 5, 3, 2, 2, 1) a=1 n_chi=8402 > cap
   (8, 5, 2, 2, 2, 2) a=1 N_S=21049 n_chi=1368 mult=1 (57s)
    Agg 5093x5029 assembled into flint (7s; nrows 35318, max|M| 12, max column fill 30)
    nullspace: rank 5028, dim ker 1 (28s)
    Agg 5093x5029 assembled into flint (7s; nrows 35318, max|M| 12, max column fill 30)
    nullspace: rank 5028, dim ker 1 (26s)
   (8, 4, 4, 2, 2, 1) a=1 N_S=18067 n_chi=5029 mult=1 (56s)
   (7, 7, 2, 2, 2, 1) a=1 N_S=10812 n_chi=1097 mult=1 (18s)
    Agg 4447x4383 assembled into flint (4s; nrows 14170, max|M| 9, max column fill 14)
    nullspace: rank 4382, dim ker 1 (18s)
    Agg 4447x4383 assembled into flint (4s; nrows 14170, max|M| 9, max column fill 14)
    nullspace: rank 4382, dim ker 1 (18s)
   (7, 6, 4, 2, 1, 1) a=1 N_S=11229 n_chi=4383 mult=1 (37s)
   skip (7, 6, 3, 2, 2, 1) a=1 n_chi=9789 > cap
   (7, 6, 2, 2, 2, 2) a=1 N_S=24594 n_chi=1587 mult=1 (75s)
   (7, 5, 5, 2, 1, 1) a=1 N_S=12456 n_chi=2441 mult=1 (54s)
   skip (7, 5, 4, 3, 1, 1) a=1 n_chi=6895 > cap
   skip (7, 5, 4, 2, 2, 1) a=1 n_chi=12564 > cap
    Agg 4739x4675 assembled into flint (8s; nrows 59855, max|M| 9, max column fill 50)
    nullspace: rank 4674, dim ker 1 (24s)
    Agg 4739x4675 assembled into flint (8s; nrows 59855, max|M| 9, max column fill 50)
    nullspace: rank 4674, dim ker 1 (25s)
   (7, 4, 4, 2, 2, 2) a=1 N_S=44455 n_chi=4675 mult=1 (53s)
   skip (6, 6, 4, 2, 2, 1) a=1 n_chi=6982 > cap
    Agg 4251x4187 assembled into flint (5s; nrows 23553, max|M| 9, max column fill 26)
    nullspace: rank 4186, dim ker 1 (17s)
    Agg 4251x4187 assembled into flint (4s; nrows 23553, max|M| 9, max column fill 26)
    nullspace: rank 4186, dim ker 1 (16s)
   (6, 5, 5, 3, 1, 1) a=1 N_S=21053 n_chi=4187 mult=1 (35s)
   skip (6, 5, 4, 3, 2, 1) a=1 n_chi=39921 > cap
   (5, 5, 5, 4, 1, 1) a=1 N_S=27118 n_chi=1797 mult=1 (72s)

**δ = 7: measured Σa = 20, ideal units = 0; no bites; 7 cells above the n_χ cap 6000 unmeasured: `(9, 4, 3, 2, 2, 1)` a=1 n_χ=6167, `(8, 5, 3, 2, 2, 1)` a=1 n_χ=8402, `(7, 6, 3, 2, 2, 1)` a=1 n_χ=9789, `(7, 5, 4, 3, 1, 1)` a=1 n_χ=6895, `(7, 5, 4, 2, 2, 1)` a=1 n_χ=12564, `(6, 6, 4, 2, 2, 1)` a=1 n_χ=6982, `(6, 5, 4, 3, 2, 1)` a=1 n_χ=39921.**

== delta=8: 91 length-6 weights with a>=1, sum a = 139
   (14, 2, 2, 2, 2, 2) a=1 N_S=4728 n_chi=114 mult=1 (1s)
   (13, 4, 2, 2, 2, 1) a=1 N_S=6291 n_chi=1368 mult=1 (23s)
   (13, 3, 2, 2, 2, 2) a=1 N_S=9959 n_chi=701 mult=1 (10s)
    Agg 2830x2766 assembled into flint (2s; nrows 8596, max|M| 15, max column fill 12)
    nullspace: rank 2765, dim ker 1 (5s)
    Agg 2830x2766 assembled into flint (2s; nrows 8596, max|M| 15, max column fill 12)
    nullspace: rank 2765, dim ker 1 (5s)
   (12, 5, 3, 2, 1, 1) a=1 N_S=7263 n_chi=2766 mult=1 (11s)
   (12, 5, 2, 2, 2, 1) a=1 N_S=9683 n_chi=2072 mult=1 (73s)
   skip (12, 4, 3, 2, 2, 1) a=1 n_chi=7200 > cap
   (12, 4, 2, 2, 2, 2) a=2 N_S=17749 n_chi=1215 mult=2 (36s)
    Agg 3873x3809 assembled into flint (3s; nrows 11878, max|M| 15, max column fill 13)
    nullspace: rank 3808, dim ker 1 (12s)
    Agg 3873x3809 assembled into flint (3s; nrows 11878, max|M| 15, max column fill 13)
    nullspace: rank 3808, dim ker 1 (12s)
   (11, 6, 3, 2, 1, 1) a=1 N_S=9934 n_chi=3809 mult=1 (25s)
    Agg 2881x2817 assembled into flint (3s; nrows 28640, max|M| 15, max column fill 36)
    nullspace: rank 2815, dim ker 2 (7s)
    Agg 2881x2817 assembled into flint (2s; nrows 28640, max|M| 15, max column fill 36)
    nullspace: rank 2815, dim ker 2 (6s)
   (11, 6, 2, 2, 2, 1) a=2 N_S=13277 n_chi=2817 mult=2 (15s)
   (11, 5, 5, 1, 1, 1) a=1 N_S=6886 n_chi=215 mult=1 (1s)
    Agg 4934x4870 assembled into flint (5s; nrows 15256, max|M| 15, max column fill 13)
    nullspace: rank 4869, dim ker 1 (24s)
    Agg 4934x4870 assembled into flint (5s; nrows 15256, max|M| 15, max column fill 13)
    nullspace: rank 4869, dim ker 1 (23s)
   (11, 5, 4, 2, 1, 1) a=1 N_S=12621 n_chi=4870 mult=1 (48s)
    Agg 2946x2882 assembled into flint (2s; nrows 16297, max|M| 15, max column fill 20)
    nullspace: rank 2881, dim ker 1 (6s)
    Agg 2946x2882 assembled into flint (2s; nrows 16297, max|M| 15, max column fill 20)
    nullspace: rank 2881, dim ker 1 (6s)
   (11, 5, 3, 3, 1, 1) a=1 N_S=15118 n_chi=2882 mult=1 (13s)
   skip (11, 5, 3, 2, 2, 1) a=2 n_chi=10929 > cap
   (11, 5, 2, 2, 2, 2) a=2 N_S=27164 n_chi=1790 mult=2 (103s)
   skip (11, 4, 4, 2, 2, 1) a=2 n_chi=6512 > cap
   skip (11, 4, 3, 2, 2, 2) a=1 n_chi=7749 > cap
    Agg 4748x4684 assembled into flint (5s; nrows 14757, max|M| 15, max column fill 13)
    nullspace: rank 4683, dim ker 1 (21s)
    Agg 4748x4684 assembled into flint (4s; nrows 14757, max|M| 15, max column fill 13)
    nullspace: rank 4683, dim ker 1 (21s)
   (10, 7, 3, 2, 1, 1) a=1 N_S=12148 n_chi=4684 mult=1 (43s)
    Agg 3490x3426 assembled into flint (4s; nrows 35002, max|M| 15, max column fill 36)
    nullspace: rank 3424, dim ker 2 (12s)
    Agg 3490x3426 assembled into flint (4s; nrows 35002, max|M| 15, max column fill 36)
    nullspace: rank 3424, dim ker 2 (11s)
   (10, 7, 2, 2, 2, 1) a=2 N_S=16261 n_chi=3426 mult=2 (25s)
   skip (10, 6, 4, 2, 1, 1) a=2 n_chi=6542 > cap
    Agg 3952x3888 assembled into flint (4s; nrows 21746, max|M| 15, max column fill 21)
    nullspace: rank 3887, dim ker 1 (15s)
    Agg 3952x3888 assembled into flint (4s; nrows 21746, max|M| 15, max column fill 21)
    nullspace: rank 3887, dim ker 1 (15s)
   (10, 6, 3, 3, 1, 1) a=1 N_S=20249 n_chi=3888 mult=1 (32s)
   skip (10, 6, 3, 2, 2, 1) a=3 n_chi=14640 > cap
