sweep: 69 cells in this worker's share, 69 to do
sweep: 64 cells in this worker's share, 64 to do
sweep: 64 cells in this worker's share, 64 to do
  (26, 2, 2, 2, 2, 2) d9 p=2147483647: nullity 0 (0s)
  (26, 2, 2, 2, 2, 2) d9 p=2147483629: nullity 0 (0s)
banked (26, 2, 2, 2, 2, 2) d9: proved mult_red=1 a=1 h_pad=2 n_chi=199 n_red=83 (10.2s)
  (24, 2, 2, 2, 2, 2, 2) d9 p=2147483647: nullity 0 (0s)
  (24, 2, 2, 2, 2, 2, 2) d9 p=2147483629: nullity 0 (0s)
banked (24, 2, 2, 2, 2, 2, 2) d9: proved mult_red=1 a=1 h_pad=2 n_chi=625 n_red=324 (260.2s)
  (25, 3, 2, 2, 2, 2) d9 p=2147483647: nullity 0 (0s)
  (25, 3, 2, 2, 2, 2) d9 p=2147483629: nullity 0 (0s)
banked (25, 3, 2, 2, 2, 2) d9: proved mult_red=1 a=1 h_pad=4 n_chi=1385 n_red=665 (11.4s)
  (24, 4, 2, 2, 2, 2) d9 p=2147483647: nullity 0 (3s)
  (24, 4, 2, 2, 2, 2) d9 p=2147483629: nullity 0 (3s)
banked (24, 4, 2, 2, 2, 2) d9: proved mult_red=3 a=3 h_pad=9 n_chi=2800 n_red=1519 (26.5s)
  (23, 5, 5, 1, 1, 1) d9 p=2147483647: nullity 0 (0s)
  (23, 5, 5, 1, 1, 1) d9 p=2147483629: nullity 0 (0s)
banked (23, 5, 5, 1, 1, 1) d9: proved mult_red=1 a=1 h_pad=4 n_chi=668 n_red=434 (8.8s)
  (25, 4, 2, 2, 2, 1) d9 p=2147483647: nullity 0 (2s)
  (25, 4, 2, 2, 2, 1) d9 p=2147483629: nullity 0 (2s)
banked (25, 4, 2, 2, 2, 1) d9: proved mult_red=1 a=1 h_pad=6 n_chi=2779 n_red=1378 (10.8s)
  (23, 3, 2, 2, 2, 2, 2) d9 p=2147483647: nullity 0 (14s)
  (23, 3, 2, 2, 2, 2, 2) d9 p=2147483629: nullity 0 (14s)
banked (23, 3, 2, 2, 2, 2, 2) d9: proved mult_red=1 a=1 h_pad=4 n_chi=5646 n_red=3302 (315.6s)
  (23, 5, 2, 2, 2, 2) d9 p=2147483647: nullity 0 (36s)
  (23, 5, 2, 2, 2, 2) d9 p=2147483629: nullity 0 (12s)
banked (23, 5, 2, 2, 2, 2) d9: proved mult_red=4 a=4 h_pad=16 n_chi=4954 n_red=2961 (83.6s)
  (22, 8, 3, 1, 1, 1) d9 p=2147483647: nullity 0 (0s)
  (22, 8, 3, 1, 1, 1) d9 p=2147483629: nullity 0 (0s)
banked (22, 8, 3, 1, 1, 1) d9: proved mult_red=1 a=1 h_pad=3 n_chi=1213 n_red=866 (8.7s)
  (24, 5, 2, 2, 2, 1) d9 p=2147483647: nullity 0 (9s)
  (24, 5, 2, 2, 2, 1) d9 p=2147483629: nullity 0 (9s)
banked (24, 5, 2, 2, 2, 1) d9: proved mult_red=2 a=2 h_pad=11 n_chi=4939 n_red=2746 (28.8s)
  (21, 9, 3, 1, 1, 1) d9 p=2147483647: nullity 0 (1s)
  (21, 9, 3, 1, 1, 1) d9 p=2147483629: nullity 0 (1s)
banked (21, 9, 3, 1, 1, 1) d9: proved mult_red=1 a=1 h_pad=4 n_chi=1692 n_red=1290 (11.4s)
  (23, 7, 2, 2, 1, 1) d9 p=2147483647: nullity 0 (4s)
  (23, 7, 2, 2, 1, 1) d9 p=2147483629: nullity 0 (4s)
banked (23, 7, 2, 2, 1, 1) d9: proved mult_red=1 a=1 h_pad=6 n_chi=3680 n_red=2323 (14.7s)
  (22, 7, 4, 1, 1, 1) d9 p=2147483647: nullity 0 (1s)
  (22, 7, 4, 1, 1, 1) d9 p=2147483629: nullity 0 (1s)
banked (22, 7, 4, 1, 1, 1) d9: proved mult_red=1 a=1 h_pad=6 n_chi=1822 n_red=1296 (12.0s)
  (22, 6, 2, 2, 2, 2) d9 p=2147483647: nullity 0 (41s)
  (22, 6, 2, 2, 2, 2) d9 p=2147483629: nullity 0 (41s)
banked (22, 6, 2, 2, 2, 2) d9: proved mult_red=8 a=8 h_pad=27 n_chi=8230 n_red=5386 (138.6s)
  (22, 6, 5, 1, 1, 1) d9 p=2147483647: nullity 0 (1s)
  (22, 6, 5, 1, 1, 1) d9 p=2147483629: nullity 0 (1s)
banked (22, 6, 5, 1, 1, 1) d9: proved mult_red=1 a=1 h_pad=6 n_chi=2221 n_red=1576 (14.8s)
  (20, 10, 3, 1, 1, 1) d9 p=2147483647: nullity 0 (1s)
  (20, 10, 3, 1, 1, 1) d9 p=2147483629: nullity 0 (1s)
banked (20, 10, 3, 1, 1, 1) d9: proved mult_red=2 a=2 h_pad=4 n_chi=2210 n_red=1777 (15.4s)
  (23, 6, 2, 2, 2, 1) d9 p=2147483647: nullity 0 (32s)
  (23, 6, 2, 2, 2, 1) d9 p=2147483629: nullity 0 (32s)
banked (23, 6, 2, 2, 2, 1) d9: proved mult_red=4 a=4 h_pad=20 n_chi=8129 n_red=4971 (80.4s)
  (22, 8, 2, 2, 1, 1) d9 p=2147483647: nullity 0 (10s)
  (22, 8, 2, 2, 1, 1) d9 p=2147483629: nullity 0 (10s)
banked (22, 8, 2, 2, 1, 1) d9: proved mult_red=1 a=1 h_pad=9 n_chi=5292 n_red=3618 (29.7s)
  (21, 8, 4, 1, 1, 1) d9 p=2147483647: nullity 0 (2s)
  (21, 8, 4, 1, 1, 1) d9 p=2147483629: nullity 0 (2s)
banked (21, 8, 4, 1, 1, 1) d9: proved mult_red=2 a=2 h_pad=9 n_chi=2698 n_red=2055 (19.6s)
  (19, 11, 3, 1, 1, 1) d9 p=2147483647: nullity 0 (3s)
  (19, 11, 3, 1, 1, 1) d9 p=2147483629: nullity 0 (3s)
banked (19, 11, 3, 1, 1, 1) d9: proved mult_red=2 a=2 h_pad=5 n_chi=2751 n_red=2306 (20.6s)
  (18, 12, 3, 1, 1, 1) d9 p=2147483647: nullity 0 (4s)
  (18, 12, 3, 1, 1, 1) d9 p=2147483629: nullity 0 (4s)
banked (18, 12, 3, 1, 1, 1) d9: proved mult_red=3 a=3 h_pad=4 n_chi=3241 n_red=2799 (26.1s)
  (21, 7, 2, 2, 2, 2) d9 p=2147483647: nullity 0 (85s)
  (21, 7, 2, 2, 2, 2) d9 p=2147483629: nullity 0 (78s)
banked (21, 7, 2, 2, 2, 2) d9: proved mult_red=10 a=10 h_pad=38 n_chi=12496 n_red=8837 (253.5s)
  (21, 7, 5, 1, 1, 1) d9 p=2147483647: nullity 0 (2s)
  (21, 7, 5, 1, 1, 1) d9 p=2147483629: nullity 0 (2s)
banked (21, 7, 5, 1, 1, 1) d9: proved mult_red=4 a=4 h_pad=13 n_chi=3562 n_red=2703 (18.0s)
  (24, 5, 3, 2, 1, 1) d9 p=2147483647: nullity 0 (5s)
  (24, 5, 3, 2, 1, 1) d9 p=2147483629: nullity 0 (5s)
banked (24, 5, 3, 2, 1, 1) d9: proved mult_red=1 a=1 h_pad=7 n_chi=6714 n_red=3818 (15.0s)
  (21, 9, 2, 2, 1, 1) d9 p=2147483647: nullity 0 (14s)
  (21, 9, 2, 2, 1, 1) d9 p=2147483629: nullity 0 (14s)
banked (21, 9, 2, 2, 1, 1) d9: proved mult_red=3 a=3 h_pad=11 n_chi=7227 n_red=5304 (37.2s)
  (17, 13, 3, 1, 1, 1) d9 p=2147483647: nullity 0 (3s)
  (17, 13, 3, 1, 1, 1) d9 p=2147483629: nullity 0 (4s)
banked (17, 13, 3, 1, 1, 1) d9: proved mult_red=2 a=2 h_pad=4 n_chi=3651 n_red=3227 (20.9s)
  (20, 9, 4, 1, 1, 1) d9 p=2147483647: nullity 0 (3s)
  (20, 9, 4, 1, 1, 1) d9 p=2147483629: nullity 0 (3s)
banked (20, 9, 4, 1, 1, 1) d9: proved mult_red=4 a=4 h_pad=12 n_chi=3747 n_red=3017 (19.9s)
  (23, 4, 2, 2, 2, 2, 1) d9 p=2147483647: nullity 0 (70s)
  (23, 4, 2, 2, 2, 2, 1) d9 p=2147483629: nullity 0 (69s)
banked (23, 4, 2, 2, 2, 2, 1) d9: proved mult_red=1 a=1 h_pad=6 n_chi=13880 n_red=8283 (218.8s)
  (16, 14, 3, 1, 1, 1) d9 p=2147483647: nullity 0 (5s)
  (16, 14, 3, 1, 1, 1) d9 p=2147483629: nullity 0 (4s)
banked (16, 14, 3, 1, 1, 1) d9: proved mult_red=2 a=2 h_pad=2 n_chi=3909 n_red=3503 (23.7s)
  (15, 15, 2, 2, 1, 1) d9 p=2147483647: nullity 0 (39s)
  (15, 15, 2, 2, 1, 1) d9 p=2147483629: nullity 0 (39s)
banked (15, 15, 2, 2, 1, 1) d9: proved mult_red=2 a=2 h_pad=2 n_chi=8284 n_red=7304 (99.9s)
  (22, 7, 2, 2, 2, 1) d9 p=2147483647: nullity 0 (65s)
  (22, 7, 2, 2, 2, 1) d9 p=2147483629: nullity 0 (64s)
banked (22, 7, 2, 2, 2, 1) d9: proved mult_red=7 a=7 h_pad=29 n_chi=12411 n_red=8274 (144.5s)
  (23, 5, 3, 3, 1, 1) d9 p=2147483647: nullity 0 (13s)
  (23, 5, 3, 3, 1, 1) d9 p=2147483629: nullity 0 (13s)
banked (23, 5, 3, 3, 1, 1) d9: proved mult_red=1 a=1 h_pad=7 n_chi=8276 n_red=5133 (38.7s)
  (19, 7, 7, 1, 1, 1) d9 p=2147483647: nullity 0 (11s)
  (19, 7, 7, 1, 1, 1) d9 p=2147483629: nullity 0 (11s)
banked (19, 7, 7, 1, 1, 1) d9: proved mult_red=7 a=7 h_pad=12 n_chi=5002 n_red=4210 (55.3s)
  (20, 10, 2, 2, 1, 1) d9 p=2147483647: nullity 0 (28s)
  (20, 10, 2, 2, 1, 1) d9 p=2147483629: nullity 0 (27s)
banked (20, 10, 2, 2, 1, 1) d9: proved mult_red=3 a=3 h_pad=13 n_chi=9301 n_red=7224 (66.7s)
  (19, 10, 4, 1, 1, 1) d9 p=2147483647: nullity 0 (6s)
  (19, 10, 4, 1, 1, 1) d9 p=2147483629: nullity 0 (6s)
banked (19, 10, 4, 1, 1, 1) d9: proved mult_red=6 a=6 h_pad=13 n_chi=4886 n_red=4122 (29.1s)
  (20, 8, 2, 2, 2, 2) d9 p=2147483647: nullity 0 (808s)
  (20, 8, 2, 2, 2, 2) d9 p=2147483629: nullity 0 (48s)
banked (20, 8, 2, 2, 2, 2) d9: proved mult_red=16 a=16 h_pad=49 n_chi=17932 n_red=13609 (944.8s)
  (20, 8, 5, 1, 1, 1) d9 p=2147483647: nullity 0 (2s)
  (20, 8, 5, 1, 1, 1) d9 p=2147483629: nullity 0 (2s)
banked (20, 8, 5, 1, 1, 1) d9: proved mult_red=8 a=8 h_pad=19 n_chi=5255 n_red=4225 (7.7s)
  (19, 11, 2, 2, 1, 1) d9 p=2147483647: nullity 0 (11s)
  (19, 11, 2, 2, 1, 1) d9 p=2147483629: nullity 0 (11s)
banked (19, 11, 2, 2, 1, 1) d9: proved mult_red=5 a=5 h_pad=13 n_chi=11435 n_red=9296 (26.0s)
  (21, 8, 2, 2, 2, 1) d9 p=2147483647: nullity 0 (39s)
  (21, 8, 2, 2, 2, 1) d9 p=2147483629: nullity 0 (39s)
banked (21, 8, 2, 2, 2, 1) d9: proved mult_red=10 a=10 h_pad=39 n_chi=17788 n_red=12779 (83.5s)
  (18, 11, 4, 1, 1, 1) d9 p=2147483647: nullity 0 (2s)
  (18, 11, 4, 1, 1, 1) d9 p=2147483629: nullity 0 (3s)
banked (18, 11, 4, 1, 1, 1) d9: proved mult_red=7 a=7 h_pad=14 n_chi=6022 n_red=5262 (10.2s)
  (23, 6, 3, 2, 1, 1) d9 p=2147483647: nullity 0 (4s)
  (23, 6, 3, 2, 1, 1) d9 p=2147483629: nullity 0 (4s)
banked (23, 6, 3, 2, 1, 1) d9: proved mult_red=2 a=2 h_pad=13 n_chi=11261 n_red=7045 (10.9s)
  (20, 7, 6, 1, 1, 1) d9 p=2147483647: nullity 0 (2s)
  (20, 7, 6, 1, 1, 1) d9 p=2147483629: nullity 0 (2s)
banked (20, 7, 6, 1, 1, 1) d9: proved mult_red=4 a=4 h_pad=11 n_chi=6189 n_red=4972 (9.6s)
  (24, 4, 3, 2, 2, 1) d9 p=2147483647: nullity 0 (11s)
  (24, 4, 3, 2, 2, 1) d9 p=2147483629: nullity 0 (11s)
banked (24, 4, 3, 2, 2, 1) d9: proved mult_red=1 a=1 h_pad=8 n_chi=16929 n_red=9406 (23.9s)
  (18, 12, 2, 2, 1, 1) d9 p=2147483647: nullity 0 (16s)
  (18, 12, 2, 2, 1, 1) d9 p=2147483629: nullity 0 (17s)
banked (18, 12, 2, 2, 1, 1) d9: proved mult_red=4 a=4 h_pad=13 n_chi=13351 n_red=11232 (37.3s)
  (14, 14, 5, 1, 1, 1) d9 p=2147483647: nullity 0 (7s)
  (14, 14, 5, 1, 1, 1) d9 p=2147483629: nullity 0 (7s)
banked (14, 14, 5, 1, 1, 1) d9: proved mult_red=5 a=5 h_pad=5 n_chi=7250 n_red=6824 (26.2s)
  (23, 4, 4, 2, 2, 1) d9 p=2147483647: nullity 0 (22s)
  (23, 4, 4, 2, 2, 1) d9 p=2147483629: nullity 0 (22s)
banked (23, 4, 4, 2, 2, 1) d9: proved mult_red=3 a=3 h_pad=14 n_chi=18231 n_red=11091 (49.1s)
