  lam=(10, 10, 4, 1, 1, 1, 1): N_S=158741 |Stab|=48 n_chi=572 (orbits dropped: 7729)
    E_01: |H|=24 canonical rows 1062 (obstructed fixed targets cancelled: 14220)
    E_12: |H|=24 canonical rows 568 (obstructed fixed targets cancelled: 9336)
    E_23: |H|=12 canonical rows 1600 (obstructed fixed targets cancelled: 144)
    E_34: |H|=4 canonical rows 0 (obstructed fixed targets cancelled: 92)
    E_45: |H|=4 canonical rows 0 (obstructed fixed targets cancelled: 92)
    E_56: |H|=4 canonical rows 0 (obstructed fixed targets cancelled: 92)
  built: N_S=158741 |Stab|=48 n_chi=572 n_red=547 n_nonred=25 rows=3230 rows_red=3120 cons=[0, 1] (17s)
    level 0: 1560 rows, nnz 8393 (E: 3120 rows, nnz 8438)
    wied[cell p=2147483647 seed=1 k=0]: KERNEL SEQ n=547 nrows=1560 nnz=8393 k=0 len=1094 secs=0.0 | BM deg=547 f0=0 secs=0.0 | DONE secs=0.0 (0s)
    wied[cell p=2147483647 seed=2 k=1]: NONSINGULAR SEQ n=547 nrows=1560 nnz=8393 k=1 len=1094 secs=0.0 | BM deg=547 f0=640191022 secs=0.0 (0s)
  p=2147483647: nullity_p(E_red) = 1  -> mult_red >= 0  [sparse] (57s)
    level 0: 1560 rows, nnz 8388 (E: 3120 rows, nnz 8438)
    wied[cell p=2147483629 seed=1 k=0]: KERNEL SEQ n=547 nrows=1560 nnz=8388 k=0 len=1094 secs=0.0 | BM deg=547 f0=0 secs=0.0 | DONE secs=0.0 (0s)
    wied[cell p=2147483629 seed=2 k=1]: NONSINGULAR SEQ n=547 nrows=1560 nnz=8388 k=1 len=1094 secs=0.0 | BM deg=547 f0=217755915 secs=0.0 (0s)
  p=2147483629: nullity_p(E_red) = 1  -> mult_red >= 0  [sparse] (57s)
{"lam": [10, 10, 4, 1, 1, 1, 1], "delta": 7, "ell": 7, "a": 1, "N_S": 158741, "stab": 48, "n_chi": 572, "n_red": 547, "n_nonred": 25, "cons": [0, 1], "nrows": 3230, "nrows_red": 3120, "primes": {"2147483647": {"nullity": 1, "route": "sparse"}, "2147483629": {"nullity": 1, "route": "sparse"}}, "nullity": 1, "mult_red": 0, "status": "measured (nullity 1, two primes); mult_red >= 0 proved", "secs": 56.75227642059326}
  lam=(12, 8, 8, 1, 1, 1, 1): N_S=927526 |Stab|=48 n_chi=4159 (orbits dropped: 40774)
    E_01: |H|=24 canonical rows 6299 (obstructed fixed targets cancelled: 80940)
    E_12: |H|=24 canonical rows 7726 (obstructed fixed targets cancelled: 67920)
    E_23: |H|=6 canonical rows 15996 (obstructed fixed targets cancelled: 0)
    E_34: |H|=4 canonical rows 0 (obstructed fixed targets cancelled: 244)
    E_45: |H|=4 canonical rows 0 (obstructed fixed targets cancelled: 244)
    E_56: |H|=4 canonical rows 0 (obstructed fixed targets cancelled: 244)
  built: N_S=927526 |Stab|=48 n_chi=4159 n_red=4075 n_nonred=84 rows=30021 rows_red=29426 cons=[0, 1, 2] (106s)
    level 0: 14713 rows, nnz 91868 (E: 29426 rows, nnz 91946)
    wied[cell p=2147483647 seed=1 k=0]: KERNEL SEQ n=4075 nrows=14713 nnz=91868 k=0 len=8150 secs=2.7 | BM deg=4074 f0=0 secs=2.9 | DONE secs=4.4 (7s)
    wied[cell p=2147483647 seed=2 k=1]: KERNEL SEQ n=4075 nrows=14713 nnz=91868 k=1 len=8150 secs=2.8 | BM deg=4075 f0=0 secs=3.0 | DONE secs=4.6 (14s)
    wied[cell p=2147483647 seed=3 k=2]: NONSINGULAR SEQ n=4075 nrows=14713 nnz=91868 k=2 len=8150 secs=3.0 | BM deg=4075 f0=438847231 secs=3.2 (19s)
  p=2147483647: nullity_p(E_red) = 2  -> mult_red >= 0  [sparse] (271s)
    level 0: 14713 rows, nnz 91887 (E: 29426 rows, nnz 91946)
    wied[cell p=2147483629 seed=1 k=0]: KERNEL SEQ n=4075 nrows=14713 nnz=91887 k=0 len=8150 secs=2.6 | BM deg=4074 f0=0 secs=2.9 | DONE secs=4.4 (7s)
    wied[cell p=2147483629 seed=2 k=1]: KERNEL SEQ n=4075 nrows=14713 nnz=91887 k=1 len=8150 secs=2.8 | BM deg=4075 f0=0 secs=3.0 | DONE secs=4.6 (14s)
    wied[cell p=2147483629 seed=3 k=2]: NONSINGULAR SEQ n=4075 nrows=14713 nnz=91887 k=2 len=8150 secs=2.9 | BM deg=4075 f0=1831734262 secs=3.2 (18s)
  p=2147483629: nullity_p(E_red) = 2  -> mult_red >= 0  [sparse] (290s)
{"lam": [12, 8, 8, 1, 1, 1, 1], "delta": 8, "ell": 7, "a": 2, "N_S": 927526, "stab": 48, "n_chi": 4159, "n_red": 4075, "n_nonred": 84, "cons": [0, 1, 2], "nrows": 30021, "nrows_red": 29426, "primes": {"2147483647": {"nullity": 2, "route": "sparse"}, "2147483629": {"nullity": 2, "route": "sparse"}}, "nullity": 2, "mult_red": 0, "status": "measured (nullity 2, two primes); mult_red >= 0 proved", "secs": 289.5526330471039}
  lam=(10, 8, 6, 1, 1, 1, 1): N_S=286408 |Stab|=24 n_chi=2321 (orbits dropped: 26137)
    E_01: |H|=24 canonical rows 1911 (obstructed fixed targets cancelled: 24108)
    E_12: |H|=24 canonical rows 1776 (obstructed fixed targets cancelled: 18984)
    E_23: |H|=6 canonical rows 5424 (obstructed fixed targets cancelled: 0)
    E_34: |H|=2 canonical rows 0 (obstructed fixed targets cancelled: 0)
    E_45: |H|=2 canonical rows 0 (obstructed fixed targets cancelled: 0)
    E_56: |H|=2 canonical rows 0 (obstructed fixed targets cancelled: 0)
  built: N_S=286408 |Stab|=24 n_chi=2321 n_red=2263 n_nonred=58 rows=9111 rows_red=8889 cons=[0, 1] (30s)
    level 0: 4445 rows, nnz 23678 (E: 8889 rows, nnz 23709)
    wied[cell p=2147483647 seed=1 k=0]: KERNEL SEQ n=2263 nrows=4445 nnz=23678 k=0 len=4526 secs=0.4 | BM deg=2263 f0=0 secs=0.5 | DONE secs=0.7 (1s)
    wied[cell p=2147483647 seed=2 k=1]: NONSINGULAR SEQ n=2263 nrows=4445 nnz=23678 k=1 len=4526 secs=0.4 | BM deg=2263 f0=30272983 secs=0.5 (2s)
  p=2147483647: nullity_p(E_red) = 1  -> mult_red >= 0  [sparse] (70s)
    level 0: 4445 rows, nnz 23690 (E: 8889 rows, nnz 23709)
    wied[cell p=2147483629 seed=1 k=0]: KERNEL SEQ n=2263 nrows=4445 nnz=23690 k=0 len=4526 secs=0.4 | BM deg=2263 f0=0 secs=0.5 | DONE secs=0.7 (1s)
    wied[cell p=2147483629 seed=2 k=1]: NONSINGULAR SEQ n=2263 nrows=4445 nnz=23690 k=1 len=4526 secs=0.4 | BM deg=2263 f0=132857065 secs=0.5 (2s)
  p=2147483629: nullity_p(E_red) = 1  -> mult_red >= 0  [sparse] (72s)
{"lam": [10, 8, 6, 1, 1, 1, 1], "delta": 7, "ell": 7, "a": 1, "N_S": 286408, "stab": 24, "n_chi": 2321, "n_red": 2263, "n_nonred": 58, "cons": [0, 1], "nrows": 9111, "nrows_red": 8889, "primes": {"2147483647": {"nullity": 1, "route": "sparse"}, "2147483629": {"nullity": 1, "route": "sparse"}}, "nullity": 1, "mult_red": 0, "status": "measured (nullity 1, two primes); mult_red >= 0 proved", "secs": 71.90254139900208}
