minimal generator: True
{'mu': [10, 9, 6, 1, 1, 1], 'a': 2, 'nullity': 0, 'mult_red': 2, 'verdict': 'free of the ideal (proved)', 'src': 'proved'}
{'mu': [10, 10, 5, 1, 1, 1], 'a': 1, 'nullity': 0, 'mult_red': 1, 'verdict': 'free of the ideal (proved)', 'src': 'proved'}
{'mu': [10, 10, 6, 1, 1, 0], 'a': 1, 'nullity': 0, 'mult_red': 1, 'verdict': 'free of the ideal (proved)', 'src': 'proved (nullity 0)'}
{'mu': [11, 8, 6, 1, 1, 1], 'a': 2, 'nullity': 0, 'mult_red': 2, 'verdict': 'free of the ideal (proved)', 'src': 'proved'}
{'mu': [11, 9, 5, 1, 1, 1], 'a': 3, 'nullity': 0, 'mult_red': 3, 'verdict': 'free of the ideal (proved)', 'src': 'proved'}
{'mu': [11, 9, 6, 1, 1, 0], 'a': 9, 'nullity': 0, 'mult_red': 9, 'verdict': 'free of the ideal (proved)', 'src': 's36'}
{'mu': [11, 10, 4, 1, 1, 1], 'a': 1, 'nullity': 0, 'mult_red': 1, 'verdict': 'free of the ideal (proved)', 'src': 'proved'}
{'mu': [11, 10, 5, 1, 1, 0], 'a': 6, 'nullity': 0, 'mult_red': 6, 'verdict': 'free of the ideal (proved)', 'src': 's36'}
{'mu': [12, 7, 6, 1, 1, 1], 'a': 2, 'nullity': 0, 'mult_red': 2, 'verdict': 'free of the ideal (proved)', 'src': 'proved'}
{'mu': [12, 8, 5, 1, 1, 1], 'a': 4, 'nullity': 0, 'mult_red': 4, 'verdict': 'free of the ideal (proved)', 'src': 'proved'}
{'mu': [12, 8, 6, 1, 1, 0], 'a': 7, 'nullity': 0, 'mult_red': 7, 'verdict': 'free of the ideal (proved)', 'src': 's36'}
{'mu': [12, 9, 4, 1, 1, 1], 'a': 2, 'nullity': 0, 'mult_red': 2, 'verdict': 'free of the ideal (proved)', 'src': 'proved'}
{'mu': [12, 9, 5, 1, 1, 0], 'a': 10, 'nullity': 0, 'mult_red': 10, 'verdict': 'free of the ideal (proved)', 'src': 'proved (nullity 0)'}
{'mu': [12, 10, 3, 1, 1, 1], 'a': 1, 'nullity': 0, 'mult_red': 1, 'verdict': 'free of the ideal (proved)', 'src': 'proved'}
{'mu': [12, 10, 4, 1, 1, 0], 'a': 5, 'nullity': 0, 'mult_red': 5, 'verdict': 'free of the ideal (proved)', 'src': 'proved (nullity 0)'}
{'mu': [13, 6, 6, 1, 1, 1], 'a': 0, 'verdict': 'not a constituent'}
{'mu': [13, 7, 5, 1, 1, 1], 'a': 3, 'nullity': 0, 'mult_red': 3, 'verdict': 'free of the ideal (proved)', 'src': 'proved'}
{'mu': [13, 7, 6, 1, 1, 0], 'a': 8, 'nullity': 0, 'mult_red': 8, 'verdict': 'free of the ideal (proved)', 'src': 'proved (nullity 0)'}
{'mu': [13, 8, 4, 1, 1, 1], 'a': 2, 'nullity': 0, 'mult_red': 2, 'verdict': 'free of the ideal (proved)', 'src': 'proved'}
{'mu': [13, 8, 5, 1, 1, 0], 'a': 10, 'nullity': 0, 'mult_red': 10, 'verdict': 'free of the ideal (proved)', 'src': 'proved (nullity 0)'}
{'mu': [13, 9, 3, 1, 1, 1], 'a': 1, 'nullity': 0, 'mult_red': 1, 'verdict': 'free of the ideal (proved)', 'src': 'proved'}
{'mu': [13, 9, 4, 1, 1, 0], 'a': 10, 'nullity': 0, 'mult_red': 10, 'verdict': 'free of the ideal (proved)', 'src': 'proved (nullity 0)'}
{'mu': [13, 10, 2, 1, 1, 1], 'a': 0, 'verdict': 'not a constituent'}
{'mu': [13, 10, 3, 1, 1, 0], 'a': 4, 'nullity': 0, 'mult_red': 4, 'verdict': 'free of the ideal (proved)', 'src': 'proved (nullity 0)'}
mult_red = 8 PROVED: 1 independent integer HWVs in I(R_r) exhibited (E v = 0 over Z, support in M_star), max |coeff| 1280; secs 183
{"lam": [13, 10, 6, 1, 1, 1], "delta": 8, "a": 9, "nullity": 1, "primes": [2147483647, 2147483629], "max_coeff": 1280, "file": "results/s42_certs/13_10_6_1_1_1_
minimal generator: False
{'mu': [9, 9, 7, 1, 1, 1], 'a': 1, 'nullity': 0, 'mult_red': 1, 'verdict': 'free of the ideal (proved)', 'src': 'proved'}
{'mu': [9, 9, 8, 1, 1, 0], 'a': 2, 'nullity': 1, 'mult_red': 1, 'verdict': 'IN THE IDEAL', 'src': 's36'}
{'mu': [10, 9, 6, 1, 1, 1], 'a': 2, 'nullity': 0, 'mult_red': 2, 'verdict': 'free of the ideal (proved)', 'src': 'proved'}
{'mu': [10, 9, 7, 1, 1, 0], 'a': 4, 'nullity': 0, 'mult_red': 4, 'verdict': 'free of the ideal (proved)', 'src': 's36'}
{'mu': [11, 9, 5, 1, 1, 1], 'a': 3, 'nullity': 0, 'mult_red': 3, 'verdict': 'free of the ideal (proved)', 'src': 'proved'}
{'mu': [11, 9, 6, 1, 1, 0], 'a': 9, 'nullity': 0, 'mult_red': 9, 'verdict': 'free of the ideal (proved)', 'src': 's36'}
mult_red = 1 PROVED: 2 independent integer HWVs in I(R_r) exhibited (E v = 0 over Z, support in M_star), max |coeff| 6912; secs 318
{"lam": [11, 9, 9, 1, 1, 1], "delta": 8, "a": 3, "nullity": 2, "primes": [2147483647, 2147483629], "max_coeff": 6912, "file": "results/s42_certs/11_9_9_1_1_1_d8
