sweep: 77 cells in this worker's share, 77 to do
  (22, 2, 2, 2, 2, 2) d8 p=2147483647: nullity 0 (0s)
  (22, 2, 2, 2, 2, 2) d8 p=2147483629: nullity 0 (0s)
banked (22, 2, 2, 2, 2, 2) d8: proved mult_red=1 a=1 h_pad=2 n_chi=197 n_red=83 (116.1s)
  (20, 2, 2, 2, 2, 2, 2) d8 p=2147483647: nullity 0 (0s)
  (20, 2, 2, 2, 2, 2, 2) d8 p=2147483629: nullity 0 (0s)
banked (20, 2, 2, 2, 2, 2, 2) d8: proved mult_red=1 a=1 h_pad=2 n_chi=605 n_red=321 (173.3s)
  (21, 3, 2, 2, 2, 2) d8 p=2147483647: nullity 0 (0s)
  (21, 3, 2, 2, 2, 2) d8 p=2147483629: nullity 0 (0s)
banked (21, 3, 2, 2, 2, 2) d8: proved mult_red=1 a=1 h_pad=4 n_chi=1366 n_red=665 (2.9s)
  (19, 5, 5, 1, 1, 1) d8 p=2147483647: nullity 0 (0s)
  (19, 5, 5, 1, 1, 1) d8 p=2147483629: nullity 0 (0s)
banked (19, 5, 5, 1, 1, 1) d8: proved mult_red=1 a=1 h_pad=4 n_chi=645 n_red=430 (2.2s)
  (20, 4, 2, 2, 2, 2) d8 p=2147483647: nullity 0 (1s)
  (20, 4, 2, 2, 2, 2) d8 p=2147483629: nullity 0 (1s)
banked (20, 4, 2, 2, 2, 2) d8: proved mult_red=3 a=3 h_pad=9 n_chi=2725 n_red=1510 (6.8s)
  (21, 4, 2, 2, 2, 1) d8 p=2147483647: nullity 0 (1s)
  (21, 4, 2, 2, 2, 1) d8 p=2147483629: nullity 0 (1s)
banked (21, 4, 2, 2, 2, 1) d8: proved mult_red=1 a=1 h_pad=6 n_chi=2746 n_red=1378 (3.0s)
  (19, 3, 2, 2, 2, 2, 2) d8 p=2147483647: nullity 0 (21s)
  (19, 3, 2, 2, 2, 2, 2) d8 p=2147483629: nullity 0 (5s)
banked (19, 3, 2, 2, 2, 2, 2) d8: proved mult_red=1 a=1 h_pad=4 n_chi=5400 n_red=3260 (103.0s)
  (18, 8, 3, 1, 1, 1) d8 p=2147483647: nullity 0 (0s)
  (18, 8, 3, 1, 1, 1) d8 p=2147483629: nullity 0 (0s)
banked (18, 8, 3, 1, 1, 1) d8: proved mult_red=1 a=1 h_pad=3 n_chi=1123 n_red=835 (2.2s)
  (19, 5, 2, 2, 2, 2) d8 p=2147483647: nullity 0 (4s)
  (19, 5, 2, 2, 2, 2) d8 p=2147483629: nullity 0 (4s)
banked (19, 5, 2, 2, 2, 2) d8: proved mult_red=3 a=3 h_pad=15 n_chi=4706 n_red=2916 (16.8s)
  (20, 5, 2, 2, 2, 1) d8 p=2147483647: nullity 0 (3s)
  (20, 5, 2, 2, 2, 1) d8 p=2147483629: nullity 0 (3s)
banked (20, 5, 2, 2, 2, 1) d8: proved mult_red=2 a=2 h_pad=11 n_chi=4804 n_red=2732 (8.7s)
  (17, 9, 3, 1, 1, 1) d8 p=2147483647: nullity 0 (0s)
  (17, 9, 3, 1, 1, 1) d8 p=2147483629: nullity 0 (0s)
banked (17, 9, 3, 1, 1, 1) d8: proved mult_red=1 a=1 h_pad=3 n_chi=1495 n_red=1187 (2.8s)
  (19, 7, 2, 2, 1, 1) d8 p=2147483647: nullity 0 (1s)
  (19, 7, 2, 2, 1, 1) d8 p=2147483629: nullity 0 (1s)
banked (19, 7, 2, 2, 1, 1) d8: proved mult_red=1 a=1 h_pad=6 n_chi=3486 n_red=2283 (4.3s)
  (18, 7, 4, 1, 1, 1) d8 p=2147483647: nullity 0 (0s)
  (18, 7, 4, 1, 1, 1) d8 p=2147483629: nullity 0 (0s)
banked (18, 7, 4, 1, 1, 1) d8: proved mult_red=1 a=1 h_pad=6 n_chi=1700 n_red=1257 (3.2s)
  (16, 10, 3, 1, 1, 1) d8 p=2147483647: nullity 0 (0s)
  (16, 10, 3, 1, 1, 1) d8 p=2147483629: nullity 0 (0s)
banked (16, 10, 3, 1, 1, 1) d8: proved mult_red=2 a=2 h_pad=3 n_chi=1850 n_red=1546 (3.7s)
  (18, 6, 2, 2, 2, 2) d8 p=2147483647: nullity 0 (13s)
  (18, 6, 2, 2, 2, 2) d8 p=2147483629: nullity 0 (13s)
banked (18, 6, 2, 2, 2, 2) d8: proved mult_red=7 a=7 h_pad=24 n_chi=7562 n_red=5178 (40.3s)
  (18, 6, 5, 1, 1, 1) d8 p=2147483647: nullity 0 (0s)
  (18, 6, 5, 1, 1, 1) d8 p=2147483629: nullity 0 (0s)
banked (18, 6, 5, 1, 1, 1) d8: proved mult_red=1 a=1 h_pad=6 n_chi=2081 n_red=1532 (3.9s)
  (15, 11, 3, 1, 1, 1) d8 p=2147483647: nullity 0 (1s)
  (15, 11, 3, 1, 1, 1) d8 p=2147483629: nullity 0 (1s)
banked (15, 11, 3, 1, 1, 1) d8: proved mult_red=1 a=1 h_pad=3 n_chi=2158 n_red=1866 (4.5s)
  (14, 12, 3, 1, 1, 1) d8 p=2147483647: nullity 0 (1s)
  (14, 12, 3, 1, 1, 1) d8 p=2147483629: nullity 0 (1s)
banked (14, 12, 3, 1, 1, 1) d8: proved mult_red=2 a=2 h_pad=2 n_chi=2357 n_red=2085 (5.2s)
  (18, 8, 2, 2, 1, 1) d8 p=2147483647: nullity 0 (3s)
  (18, 8, 2, 2, 1, 1) d8 p=2147483629: nullity 0 (3s)
banked (18, 8, 2, 2, 1, 1) d8: proved mult_red=1 a=1 h_pad=8 n_chi=4829 n_red=3452 (8.3s)
  (13, 13, 2, 2, 1, 1) d8 p=2147483647: nullity 0 (7s)
  (13, 13, 2, 2, 1, 1) d8 p=2147483629: nullity 0 (7s)
banked (13, 13, 2, 2, 1, 1) d8: proved mult_red=2 a=2 h_pad=2 n_chi=5072 n_red=4413 (19.2s)
  (17, 8, 4, 1, 1, 1) d8 p=2147483647: nullity 0 (1s)
  (17, 8, 4, 1, 1, 1) d8 p=2147483629: nullity 0 (1s)
banked (17, 8, 4, 1, 1, 1) d8: proved mult_red=2 a=2 h_pad=8 n_chi=2405 n_red=1912 (4.8s)
  (19, 6, 2, 2, 2, 1) d8 p=2147483647: nullity 0 (10s)
  (19, 6, 2, 2, 2, 1) d8 p=2147483629: nullity 0 (10s)
banked (19, 6, 2, 2, 2, 1) d8: proved mult_red=4 a=4 h_pad=19 n_chi=7707 n_red=4890 (24.2s)
  (17, 7, 2, 2, 2, 2) d8 p=2147483647: nullity 0 (37s)
  (17, 7, 2, 2, 2, 2) d8 p=2147483629: nullity 0 (36s)
banked (17, 7, 2, 2, 2, 2) d8: proved mult_red=7 a=7 h_pad=31 n_chi=10973 n_red=8191 (95.9s)
  (17, 9, 2, 2, 1, 1) d8 p=2147483647: nullity 0 (6s)
  (17, 9, 2, 2, 1, 1) d8 p=2147483629: nullity 0 (7s)
banked (17, 9, 2, 2, 1, 1) d8: proved mult_red=3 a=3 h_pad=9 n_chi=6308 n_red=4843 (16.5s)
  (16, 9, 4, 1, 1, 1) d8 p=2147483647: nullity 0 (1s)
  (16, 9, 4, 1, 1, 1) d8 p=2147483629: nullity 0 (1s)
banked (16, 9, 4, 1, 1, 1) d8: proved mult_red=4 a=4 h_pad=9 n_chi=3161 n_red=2659 (7.6s)
  (17, 7, 5, 1, 1, 1) d8 p=2147483647: nullity 0 (1s)
  (17, 7, 5, 1, 1, 1) d8 p=2147483629: nullity 0 (1s)
banked (17, 7, 5, 1, 1, 1) d8: proved mult_red=4 a=4 h_pad=12 n_chi=3192 n_red=2528 (7.2s)
  (20, 5, 3, 2, 1, 1) d8 p=2147483647: nullity 0 (3s)
  (20, 5, 3, 2, 1, 1) d8 p=2147483629: nullity 0 (2s)
banked (20, 5, 3, 2, 1, 1) d8: proved mult_red=1 a=1 h_pad=7 n_chi=6575 n_red=3809 (7.0s)
  (15, 7, 7, 1, 1, 1) d8 p=2147483647: nullity 0 (4s)
  (15, 7, 7, 1, 1, 1) d8 p=2147483629: nullity 0 (4s)
banked (15, 7, 7, 1, 1, 1) d8: proved mult_red=5 a=5 h_pad=8 n_chi=3985 n_red=3517 (19.1s)
  (12, 12, 2, 2, 2, 2) d8 p=2147483647: nullity 0 (78s)
  (12, 12, 2, 2, 2, 2) d8 p=2147483629: nullity 0 (78s)
banked (12, 12, 2, 2, 2, 2) d8: proved mult_red=5 a=5 h_pad=7 n_chi=12942 n_red=11764 (222.3s)
  (12, 12, 5, 1, 1, 1) d8 p=2147483647: nullity 0 (4s)
  (12, 12, 5, 1, 1, 1) d8 p=2147483629: nullity 0 (4s)
banked (12, 12, 5, 1, 1, 1) d8: proved mult_red=3 a=3 h_pad=3 n_chi=3923 n_red=3678 (20.3s)
  (18, 7, 2, 2, 2, 1) d8 p=2147483647: nullity 0 (29s)
  (18, 7, 2, 2, 2, 1) d8 p=2147483629: nullity 0 (29s)
banked (18, 7, 2, 2, 2, 1) d8: proved mult_red=6 a=6 h_pad=26 n_chi=11354 n_red=7928 (63.8s)
  (19, 4, 2, 2, 2, 2, 1) d8 p=2147483647: nullity 0 (33s)
  (19, 4, 2, 2, 2, 2, 1) d8 p=2147483629: nullity 0 (33s)
banked (19, 4, 2, 2, 2, 2, 1) d8: proved mult_red=1 a=1 h_pad=6 n_chi=13310 n_red=8186 (96.7s)
  (15, 10, 4, 1, 1, 1) d8 p=2147483647: nullity 0 (2s)
  (15, 10, 4, 1, 1, 1) d8 p=2147483629: nullity 0 (2s)
banked (15, 10, 4, 1, 1, 1) d8: proved mult_red=4 a=4 h_pad=8 n_chi=3859 n_red=3385 (9.7s)
  (16, 10, 2, 2, 1, 1) d8 p=2147483647: nullity 0 (10s)
  (16, 10, 2, 2, 1, 1) d8 p=2147483629: nullity 0 (10s)
banked (16, 10, 2, 2, 1, 1) d8: proved mult_red=2 a=2 h_pad=9 n_chi=7689 n_red=6226 (23.9s)
  (16, 8, 2, 2, 2, 2) d8 p=2147483647: nullity 0 (83s)
  (16, 8, 2, 2, 2, 2) d8 p=2147483629: nullity 0 (230s)
banked (16, 8, 2, 2, 2, 2) d8: proved mult_red=11 a=11 h_pad=36 n_chi=14934 n_red=11956 (345.5s)
  (19, 5, 3, 3, 1, 1) d8 p=2147483647: nullity 0 (5s)
  (19, 5, 3, 3, 1, 1) d8 p=2147483629: nullity 0 (5s)
banked (19, 5, 3, 3, 1, 1) d8: proved mult_red=1 a=1 h_pad=7 n_chi=7963 n_red=5081 (13.0s)
  (14, 11, 4, 1, 1, 1) d8 p=2147483647: nullity 0 (2s)
  (14, 11, 4, 1, 1, 1) d8 p=2147483629: nullity 0 (2s)
banked (14, 11, 4, 1, 1, 1) d8: proved mult_red=4 a=4 h_pad=7 n_chi=4403 n_red=3972 (9.1s)
  (16, 8, 5, 1, 1, 1) d8 p=2147483647: nullity 0 (2s)
  (16, 8, 5, 1, 1, 1) d8 p=2147483629: nullity 0 (2s)
banked (16, 8, 5, 1, 1, 1) d8: proved mult_red=7 a=7 h_pad=15 n_chi=4457 n_red=3755 (8.6s)
  (15, 11, 2, 2, 1, 1) d8 p=2147483647: nullity 0 (10s)
  (15, 11, 2, 2, 1, 1) d8 p=2147483629: nullity 0 (10s)
banked (15, 11, 2, 2, 1, 1) d8: proved mult_red=4 a=4 h_pad=8 n_chi=8887 n_red=7481 (23.2s)
  (13, 12, 4, 1, 1, 1) d8 p=2147483647: nullity 1 (7s)
  (13, 12, 4, 1, 1, 1) d8 p=2147483629: nullity 1 (7s)
banked (13, 12, 4, 1, 1, 1) d8: measured mult_red=2 a=3 h_pad=3 n_chi=4701 n_red=4303 (18.5s)
  (14, 12, 2, 2, 1, 1) d8 p=2147483647: nullity 0 (9s)
  (14, 12, 2, 2, 1, 1) d8 p=2147483629: nullity 0 (9s)
banked (14, 12, 2, 2, 1, 1) d8: proved mult_red=1 a=1 h_pad=5 n_chi=9644 n_red=8312 (20.6s)
  (14, 10, 4, 1, 1, 1, 1) d8 p=2147483647: nullity 1 (1s)
  (14, 10, 4, 1, 1, 1, 1) d8 p=2147483629: nullity 1 (1s)
banked (14, 10, 4, 1, 1, 1, 1) d8: measured mult_red=0 a=1 h_pad=0 n_chi=2069 n_red=1931 (19.5s)
  (16, 7, 6, 1, 1, 1) d8 p=2147483647: nullity 0 (2s)
  (16, 7, 6, 1, 1, 1) d8 p=2147483629: nullity 0 (2s)
banked (16, 7, 6, 1, 1, 1) d8: proved mult_red=4 a=4 h_pad=9 n_chi=5263 n_red=4433 (7.0s)
  (17, 8, 2, 2, 2, 1) d8 p=2147483647: nullity 0 (33s)
  (17, 8, 2, 2, 2, 1) d8 p=2147483629: nullity 0 (33s)
banked (17, 8, 2, 2, 2, 1) d8: proved mult_red=8 a=8 h_pad=32 n_chi=15557 n_red=11757 (69.7s)
  (15, 9, 2, 2, 2, 2) d8 p=2147483647: nullity 0 (69s)
  (15, 9, 2, 2, 2, 2) d8 p=2147483629: nullity 0 (125s)
banked (15, 9, 2, 2, 2, 2) d8: proved mult_red=8 a=8 h_pad=35 n_chi=18717 n_red=15834 (213.1s)
  (15, 9, 5, 1, 1, 1) d8 p=2147483647: nullity 0 (5s)
  (15, 9, 5, 1, 1, 1) d8 p=2147483629: nullity 0 (5s)
banked (15, 9, 5, 1, 1, 1) d8: proved mult_red=9 a=9 h_pad=16 n_chi=5766 n_red=5086 (17.9s)
  (19, 6, 3, 2, 1, 1) d8 p=2147483647: nullity 0 (9s)
  (19, 6, 3, 2, 1, 1) d8 p=2147483629: nullity 0 (9s)
banked (19, 6, 3, 2, 1, 1) d8: proved mult_red=2 a=2 h_pad=13 n_chi=10762 n_red=6953 (20.6s)
  (15, 8, 5, 1, 1, 1, 1) d8 p=2147483647: nullity 0 (1s)
  (15, 8, 5, 1, 1, 1, 1) d8 p=2147483629: nullity 0 (1s)
banked (15, 8, 5, 1, 1, 1, 1) d8: proved mult_red=1 a=1 h_pad=2 n_chi=2483 n_red=2238 (43.4s)
  (13, 8, 8, 1, 1, 1) d8 p=2147483647: nullity 1 (27s)
  (13, 8, 8, 1, 1, 1) d8 p=2147483629: nullity 1 (36s)
banked (13, 8, 8, 1, 1, 1) d8: measured mult_red=2 a=3 h_pad=3 n_chi=6838 n_red=6496 (78.4s)
  (20, 4, 3, 2, 2, 1) d8 p=2147483647: nullity 0 (21s)
  (20, 4, 3, 2, 2, 1) d8 p=2147483629: nullity 0 (17s)
banked (20, 4, 3, 2, 2, 1) d8: proved mult_red=1 a=1 h_pad=8 n_chi=16577 n_red=9377 (41.6s)
  (14, 10, 2, 2, 2, 2) d8 p=2147483647: nullity 0 (118s)
  (14, 10, 2, 2, 2, 2) d8 p=2147483629: nullity 0 (356s)
banked (14, 10, 2, 2, 2, 2) d8: proved mult_red=11 a=11 h_pad=30 n_chi=22115 n_red=19454 (511.9s)
  (14, 10, 5, 1, 1, 1) d8 p=2147483647: nullity 0 (4s)
  (14, 10, 5, 1, 1, 1) d8 p=2147483629: nullity 0 (4s)
banked (14, 10, 5, 1, 1, 1) d8: proved mult_red=9 a=9 h_pad=13 n_chi=6886 n_red=6285 (12.4s)
  (18, 5, 5, 2, 1, 1) d8 p=2147483647: nullity 0 (11s)
  (18, 5, 5, 2, 1, 1) d8 p=2147483629: nullity 0 (11s)
banked (18, 5, 5, 2, 1, 1) d8: proved mult_red=5 a=5 h_pad=17 n_chi=12341 n_red=8706 (24.7s)
  (19, 4, 4, 2, 2, 1) d8 p=2147483647: nullity 0 (22s)
  (19, 4, 4, 2, 2, 1) d8 p=2147483629: nullity 0 (22s)
banked (19, 4, 4, 2, 2, 1) d8: proved mult_red=3 a=3 h_pad=14 n_chi=17472 n_red=10960 (47.4s)
  (16, 9, 2, 2, 2, 1) d8 p=2147483647: nullity 0 (63s)
  (16, 9, 2, 2, 2, 1) d8 p=2147483629: nullity 0 (63s)
banked (16, 9, 2, 2, 2, 1) d8: proved mult_red=10 a=10 h_pad=34 n_chi=19892 n_red=16013 (131.4s)
  (11, 11, 7, 1, 1, 1) d8 p=2147483647: nullity 0 (8s)
  (11, 11, 7, 1, 1, 1) d8 p=2147483629: nullity 0 (8s)
banked (11, 11, 7, 1, 1, 1) d8: proved mult_red=3 a=3 h_pad=3 n_chi=7745 n_red=7495 (27.8s)
  (15, 8, 6, 1, 1, 1) d8 p=2147483647: nullity 0 (4s)
  (15, 8, 6, 1, 1, 1) d8 p=2147483629: nullity 0 (4s)
banked (15, 8, 6, 1, 1, 1) d8: proved mult_red=6 a=6 h_pad=12 n_chi=7239 n_red=6406 (12.5s)
  (19, 4, 3, 2, 2, 2) d8 p=2147483647: nullity 0 (37s)
  (19, 4, 3, 2, 2, 2) d8 p=2147483629: nullity 0 (37s)
banked (19, 4, 3, 2, 2, 2) d8: proved mult_red=2 a=2 h_pad=10 n_chi=20403 n_red=12654 (79.7s)
  (18, 5, 2, 2, 2, 2, 1) d8 p=2147483647: nullity 0 (69s)
  (18, 5, 2, 2, 2, 2, 1) d8 p=2147483629: nullity 0 (69s)
banked (18, 5, 2, 2, 2, 2, 1) d8: proved mult_red=2 a=2 h_pad=10 n_chi=23869 n_red=16265 (165.0s)
  (18, 6, 3, 3, 1, 1) d8 p=2147483647: nullity 0 (12s)
  (18, 6, 3, 3, 1, 1) d8 p=2147483629: nullity 0 (12s)
banked (18, 6, 3, 3, 1, 1) d8: proved mult_red=3 a=3 h_pad=13 n_chi=13116 n_red=9228 (27.4s)
  (13, 11, 2, 2, 2, 2) d8 p=2147483647: nullity 0 (773s)
  (13, 11, 2, 2, 2, 2) d8 p=2147483629: nullity 0 (228s)
banked (13, 11, 2, 2, 2, 2) d8: proved mult_red=4 a=4 h_pad=19 n_chi=24261 n_red=21870 (1028.7s)
  (13, 11, 5, 1, 1, 1) d8 p=2147483647: nullity 0 (8s)
  (13, 11, 5, 1, 1, 1) d8 p=2147483629: nullity 0 (8s)
banked (13, 11, 5, 1, 1, 1) d8: proved mult_red=7 a=7 h_pad=9 n_chi=7671 n_red=7140 (25.8s)
sweep: 77 cells in this worker's share, 15 to do
  (18, 4, 4, 2, 2, 2) d8 p=2147483647: nullity 0 (130s)
  (18, 4, 4, 2, 2, 2) d8 p=2147483629: nullity 0 (133s)
banked (18, 4, 4, 2, 2, 2) d8: proved mult_red=5 a=5 h_pad=15 n_chi=21743 n_red=14814 (415.9s)
  (19, 5, 4, 2, 1, 1) d8 p=2147483647: nullity 0 (14s)
  (19, 5, 4, 2, 1, 1) d8 p=2147483629: nullity 0 (14s)
banked (19, 5, 4, 2, 1, 1) d8: proved mult_red=2 a=2 h_pad=15 n_chi=13615 n_red=8745 (32.5s)
  (14, 9, 5, 1, 1, 1, 1) d8 p=2147483647: nullity 0 (2s)
  (14, 9, 5, 1, 1, 1, 1) d8 p=2147483629: nullity 0 (2s)
banked (14, 9, 5, 1, 1, 1, 1) d8: proved mult_red=1 a=1 h_pad=2 n_chi=3252 n_red=3040 (137.8s)
  (15, 10, 2, 2, 2, 1) d8 p=2147483647: nullity 0 (218s)
  (15, 10, 2, 2, 2, 1) d8 p=2147483629: nullity 0 (212s)
banked (15, 10, 2, 2, 2, 1) d8: proved mult_red=10 a=10 h_pad=31 n_chi=23864 n_red=20136 (443.3s)
  (11, 9, 9, 1, 1, 1) d8 p=2147483647: nullity 2 (132s)
  (11, 9, 9, 1, 1, 1) d8 p=2147483629: nullity 2 (109s)
banked (11, 9, 9, 1, 1, 1) d8: measured mult_red=1 a=3 h_pad=1 n_chi=9675 n_red=9471 (270.8s)
  (14, 9, 6, 1, 1, 1) d8 p=2147483647: nullity 0 (9s)
  (14, 9, 6, 1, 1, 1) d8 p=2147483629: nullity 0 (9s)
banked (14, 9, 6, 1, 1, 1) d8: proved mult_red=10 a=10 h_pad=13 n_chi=9159 n_red=8411 (25.3s)
  (13, 10, 5, 1, 1, 1, 1) d8 p=2147483647: nullity 1 (5s)
  (13, 10, 5, 1, 1, 1, 1) d8 p=2147483629: nullity 1 (5s)
banked (13, 10, 5, 1, 1, 1, 1) d8: measured mult_red=1 a=2 h_pad=1 n_chi=3881 n_red=3717 (51.1s)
  (18, 7, 3, 2, 1, 1) d8 p=2147483647: nullity 0 (16s)
  (18, 7, 3, 2, 1, 1) d8 p=2147483629: nullity 0 (16s)
banked (18, 7, 3, 2, 1, 1) d8: proved mult_red=5 a=5 h_pad=21 n_chi=16157 n_red=11473 (35.0s)
  (12, 11, 5, 1, 1, 1, 1) d8 p=2147483647: nullity 0 (2s)
  (12, 11, 5, 1, 1, 1, 1) d8 p=2147483629: nullity 0 (2s)
banked (12, 11, 5, 1, 1, 1, 1) d8: proved mult_red=1 a=1 h_pad=1 n_chi=4235 n_red=4103 (51.2s)
  (14, 8, 6, 1, 1, 1, 1) d8 p=2147483647: nullity 1 (5s)
  (14, 8, 6, 1, 1, 1, 1) d8 p=2147483629: nullity 1 (5s)
banked (14, 8, 6, 1, 1, 1, 1) d8: measured mult_red=1 a=2 h_pad=1 n_chi=4235 n_red=3960 (55.1s)
  (14, 11, 2, 2, 2, 1) d8 p=2147483647: nullity 0 (206s)
  (14, 11, 2, 2, 2, 1) d8 p=2147483629: nullity 0 (203s)
banked (14, 11, 2, 2, 2, 1) d8: proved mult_red=8 a=8 h_pad=23 n_chi=26894 n_red=23430 (418.9s)
  (14, 8, 7, 1, 1, 1) d8 p=2147483647: nullity 1 (32s)
  (14, 8, 7, 1, 1, 1) d8 p=2147483629: nullity 1 (31s)
banked (14, 8, 7, 1, 1, 1) d8: measured mult_red=8 a=9 h_pad=11 n_chi=10542 n_red=9708 (72.3s)
  (13, 10, 6, 1, 1, 1) d8 p=2147483647: nullity 1 (34s)
  (13, 10, 6, 1, 1, 1) d8 p=2147483629: nullity 1 (35s)
banked (13, 10, 6, 1, 1, 1) d8: measured mult_red=8 a=9 h_pad=9 n_chi=10682 n_red=10056 (78.9s)
  (13, 12, 2, 2, 2, 1) d8 p=2147483647: nullity 0 (258s)
  (13, 12, 2, 2, 2, 1) d8 p=2147483629: nullity 0 (315s)
banked (13, 12, 2, 2, 2, 1) d8: proved mult_red=5 a=5 h_pad=13 n_chi=28556 n_red=25289 (585.2s)
  (17, 7, 2, 2, 2, 1, 1) d8 p=2147483647: nullity 0 (166s)
  (17, 7, 2, 2, 2, 1, 1) d8 p=2147483629: nullity 0 (174s)
banked (17, 7, 2, 2, 2, 1, 1) d8: proved mult_red=1 a=1 h_pad=6 n_chi=23316 n_red=17696 (376.1s)
sweep done
