sweep: 195 cells in this worker's share, 195 to do
  (18, 2, 2, 2, 2, 2) d7 p=2147483647: nullity 0 (0s)
  (18, 2, 2, 2, 2, 2) d7 p=2147483629: nullity 0 (0s)
banked (18, 2, 2, 2, 2, 2) d7: proved mult_red=1 a=1 h_pad=2 n_chi=190 n_red=83 (20.9s)
  (16, 2, 2, 2, 2, 2, 2) d7 p=2147483647: nullity 0 (0s)
  (16, 2, 2, 2, 2, 2, 2) d7 p=2147483629: nullity 0 (0s)
banked (16, 2, 2, 2, 2, 2, 2) d7: proved mult_red=1 a=1 h_pad=2 n_chi=550 n_red=311 (41.2s)
  (17, 3, 2, 2, 2, 2) d7 p=2147483647: nullity 0 (0s)
  (17, 3, 2, 2, 2, 2) d7 p=2147483629: nullity 0 (0s)
banked (17, 3, 2, 2, 2, 2) d7: proved mult_red=1 a=1 h_pad=4 n_chi=1298 n_red=657 (2.1s)
  (15, 5, 5, 1, 1, 1) d7 p=2147483647: nullity 0 (0s)
  (15, 5, 5, 1, 1, 1) d7 p=2147483629: nullity 0 (0s)
banked (15, 5, 5, 1, 1, 1) d7: proved mult_red=1 a=1 h_pad=4 n_chi=576 n_red=408 (1.2s)
  (16, 4, 2, 2, 2, 2) d7 p=2147483647: nullity 0 (1s)
  (16, 4, 2, 2, 2, 2) d7 p=2147483629: nullity 0 (1s)
banked (16, 4, 2, 2, 2, 2) d7: proved mult_red=2 a=2 h_pad=8 n_chi=2493 n_red=1467 (5.1s)
  (17, 4, 2, 2, 2, 1) d7 p=2147483647: nullity 0 (1s)
  (17, 4, 2, 2, 2, 1) d7 p=2147483629: nullity 0 (1s)
banked (17, 4, 2, 2, 2, 1) d7: proved mult_red=1 a=1 h_pad=6 n_chi=2614 n_red=1364 (2.3s)
  (14, 8, 3, 1, 1, 1) d7 p=2147483647: nullity 0 (0s)
  (14, 8, 3, 1, 1, 1) d7 p=2147483629: nullity 0 (0s)
banked (14, 8, 3, 1, 1, 1) d7: proved mult_red=1 a=1 h_pad=2 n_chi=928 n_red=732 (1.2s)
  (8, 8, 8, 1, 1, 1, 1) d7 p=2147483647: nullity 1 (0s)
  (8, 8, 8, 1, 1, 1, 1) d7 p=2147483629: nullity 1 (0s)
banked (8, 8, 8, 1, 1, 1, 1) d7: measured mult_red=0 a=1 h_pad=0 n_chi=532 n_red=529 (45.4s)
  (15, 5, 2, 2, 2, 2) d7 p=2147483647: nullity 0 (5s)
  (15, 5, 2, 2, 2, 2) d7 p=2147483629: nullity 0 (4s)
banked (15, 5, 2, 2, 2, 2) d7: proved mult_red=2 a=2 h_pad=12 n_chi=4086 n_red=2718 (18.4s)
  (13, 9, 3, 1, 1, 1) d7 p=2147483647: nullity 0 (0s)
  (13, 9, 3, 1, 1, 1) d7 p=2147483629: nullity 0 (0s)
banked (13, 9, 3, 1, 1, 1) d7: proved mult_red=1 a=1 h_pad=2 n_chi=1142 n_red=957 (3.1s)
  (12, 10, 3, 1, 1, 1) d7 p=2147483647: nullity 0 (0s)
  (12, 10, 3, 1, 1, 1) d7 p=2147483629: nullity 0 (0s)
banked (12, 10, 3, 1, 1, 1) d7: proved mult_red=1 a=1 h_pad=1 n_chi=1282 n_red=1113 (3.5s)
  (10, 10, 4, 1, 1, 1, 1) d7 p=2147483647: nullity 1 (0s)
  (10, 10, 4, 1, 1, 1, 1) d7 p=2147483629: nullity 1 (0s)
banked (10, 10, 4, 1, 1, 1, 1) d7: measured mult_red=0 a=1 h_pad=0 n_chi=572 n_red=547 (28.2s)
  (11, 11, 2, 2, 1, 1) d7 p=2147483647: nullity 0 (3s)
  (11, 11, 2, 2, 1, 1) d7 p=2147483629: nullity 0 (3s)
banked (11, 11, 2, 2, 1, 1) d7: proved mult_red=1 a=1 h_pad=1 n_chi=2806 n_red=2400 (11.2s)
  (16, 5, 2, 2, 2, 1) d7 p=2147483647: nullity 0 (5s)
  (16, 5, 2, 2, 2, 1) d7 p=2147483629: nullity 0 (5s)
banked (16, 5, 2, 2, 2, 1) d7: proved mult_red=2 a=2 h_pad=10 n_chi=4394 n_red=2652 (13.9s)
  (14, 7, 4, 1, 1, 1) d7 p=2147483647: nullity 0 (0s)
  (14, 7, 4, 1, 1, 1) d7 p=2147483629: nullity 0 (0s)
banked (14, 7, 4, 1, 1, 1) d7: proved mult_red=1 a=1 h_pad=5 n_chi=1414 n_red=1115 (3.6s)
  (15, 7, 2, 2, 1, 1) d7 p=2147483647: nullity 0 (2s)
  (15, 7, 2, 2, 1, 1) d7 p=2147483629: nullity 0 (2s)
banked (15, 7, 2, 2, 1, 1) d7: proved mult_red=1 a=1 h_pad=5 n_chi=3027 n_red=2117 (6.2s)
sweep: 195 cells in this worker's share, 179 to do
  (14, 6, 2, 2, 2, 2) d7 p=2147483647: nullity 0 (5s)
  (14, 6, 2, 2, 2, 2) d7 p=2147483629: nullity 0 (5s)
banked (14, 6, 2, 2, 2, 2) d7: proved mult_red=4 a=4 h_pad=17 n_chi=6148 n_red=4561 (37.6s)
  (10, 10, 2, 2, 2, 2) d7 p=2147483647: nullity 0 (8s)
  (10, 10, 2, 2, 2, 2) d7 p=2147483629: nullity 0 (8s)
banked (10, 10, 2, 2, 2, 2) d7: proved mult_red=2 a=2 h_pad=4 n_chi=6269 n_red=5645 (36.6s)
  (10, 10, 5, 1, 1, 1) d7 p=2147483647: nullity 0 (0s)
  (10, 10, 5, 1, 1, 1) d7 p=2147483629: nullity 0 (0s)
banked (10, 10, 5, 1, 1, 1) d7: proved mult_red=1 a=1 h_pad=1 n_chi=1841 n_red=1718 (4.3s)
  (14, 6, 5, 1, 1, 1) d7 p=2147483647: nullity 0 (0s)
  (14, 6, 5, 1, 1, 1) d7 p=2147483629: nullity 0 (0s)
banked (14, 6, 5, 1, 1, 1) d7: proved mult_red=1 a=1 h_pad=5 n_chi=1735 n_red=1364 (1.6s)
  (13, 8, 4, 1, 1, 1) d7 p=2147483647: nullity 0 (0s)
  (13, 8, 4, 1, 1, 1) d7 p=2147483629: nullity 0 (0s)
banked (13, 8, 4, 1, 1, 1) d7: proved mult_red=2 a=2 h_pad=5 n_chi=1844 n_red=1561 (1.8s)
  (14, 8, 2, 2, 1, 1) d7 p=2147483647: nullity 0 (1s)
  (14, 8, 2, 2, 1, 1) d7 p=2147483629: nullity 0 (1s)
banked (14, 8, 2, 2, 1, 1) d7: proved mult_red=1 a=1 h_pad=6 n_chi=3927 n_red=2993 (3.4s)
  (14, 4, 2, 2, 2, 2, 2) d7 p=2147483647: nullity 0 (22s)
  (14, 4, 2, 2, 2, 2, 2) d7 p=2147483629: nullity 0 (22s)
banked (14, 4, 2, 2, 2, 2, 2) d7: proved mult_red=1 a=1 h_pad=5 n_chi=9039 n_red=6575 (168.9s)
  (12, 9, 4, 1, 1, 1) d7 p=2147483647: nullity 0 (1s)
  (12, 9, 4, 1, 1, 1) d7 p=2147483629: nullity 0 (1s)
banked (12, 9, 4, 1, 1, 1) d7: proved mult_red=2 a=2 h_pad=4 n_chi=2199 n_red=1948 (5.6s)
  (15, 6, 2, 2, 2, 1) d7 p=2147483647: nullity 0 (10s)
  (15, 6, 2, 2, 2, 1) d7 p=2147483629: nullity 0 (10s)
banked (15, 6, 2, 2, 2, 1) d7: proved mult_red=3 a=3 h_pad=16 n_chi=6683 n_red=4549 (23.9s)
  (11, 7, 7, 1, 1, 1) d7 p=2147483647: nullity 0 (2s)
  (11, 7, 7, 1, 1, 1) d7 p=2147483629: nullity 0 (1s)
banked (11, 7, 7, 1, 1, 1) d7: proved mult_red=2 a=2 h_pad=3 n_chi=2488 n_red=2326 (11.9s)
  (13, 7, 2, 2, 2, 2) d7 p=2147483647: nullity 0 (23s)
  (13, 7, 2, 2, 2, 2) d7 p=2147483629: nullity 0 (62s)
banked (13, 7, 2, 2, 2, 2) d7: proved mult_red=3 a=3 h_pad=19 n_chi=8245 n_red=6633 (108.5s)
  (11, 10, 4, 1, 1, 1) d7 p=2147483647: nullity 0 (1s)
  (11, 10, 4, 1, 1, 1) d7 p=2147483629: nullity 0 (1s)
banked (11, 10, 4, 1, 1, 1) d7: proved mult_red=1 a=1 h_pad=2 n_chi=2396 n_red=2173 (5.5s)
  (13, 9, 2, 2, 1, 1) d7 p=2147483647: nullity 0 (4s)
  (13, 9, 2, 2, 1, 1) d7 p=2147483629: nullity 0 (4s)
banked (13, 9, 2, 2, 1, 1) d7: proved mult_red=2 a=2 h_pad=5 n_chi=4747 n_red=3854 (10.0s)
  (13, 7, 5, 1, 1, 1) d7 p=2147483647: nullity 0 (1s)
  (13, 7, 5, 1, 1, 1) d7 p=2147483629: nullity 0 (1s)
banked (13, 7, 5, 1, 1, 1) d7: proved mult_red=3 a=3 h_pad=8 n_chi=2455 n_red=2082 (5.3s)
  (12, 10, 2, 2, 1, 1) d7 p=2147483647: nullity 0 (5s)
  (12, 10, 2, 2, 1, 1) d7 p=2147483629: nullity 0 (5s)
banked (12, 10, 2, 2, 1, 1) d7: proved mult_red=1 a=1 h_pad=4 n_chi=5282 n_red=4453 (13.3s)
  (9, 9, 7, 1, 1, 1) d7 p=2147483647: nullity 0 (2s)
  (9, 9, 7, 1, 1, 1) d7 p=2147483629: nullity 0 (2s)
banked (9, 9, 7, 1, 1, 1) d7: proved mult_red=1 a=1 h_pad=1 n_chi=3086 n_red=2991 (15.7s)
  (12, 8, 2, 2, 2, 2) d7 p=2147483647: nullity 0 (112s)
  (12, 8, 2, 2, 2, 2) d7 p=2147483629: nullity 0 (39s)
banked (12, 8, 2, 2, 2, 2) d7: proved mult_red=4 a=4 h_pad=16 n_chi=10243 n_red=8774 (181.3s)
  (12, 8, 5, 1, 1, 1) d7 p=2147483647: nullity 0 (1s)
  (12, 8, 5, 1, 1, 1) d7 p=2147483629: nullity 0 (1s)
banked (12, 8, 5, 1, 1, 1) d7: proved mult_red=4 a=4 h_pad=7 n_chi=3106 n_red=2777 (8.0s)
  (14, 7, 2, 2, 2, 1) d7 p=2147483647: nullity 0 (24s)
  (14, 7, 2, 2, 2, 1) d7 p=2147483629: nullity 0 (23s)
banked (14, 7, 2, 2, 2, 1) d7: proved mult_red=4 a=4 h_pad=19 n_chi=9219 n_red=6926 (53.7s)
  (16, 5, 3, 2, 1, 1) d7 p=2147483647: nullity 0 (3s)
  (16, 5, 3, 2, 1, 1) d7 p=2147483629: nullity 0 (3s)
banked (16, 5, 3, 2, 1, 1) d7: proved mult_red=1 a=1 h_pad=7 n_chi=6082 n_red=3717 (7.4s)
  (11, 9, 2, 2, 2, 2) d7 p=2147483647: nullity 0 (36s)
  (11, 9, 2, 2, 2, 2) d7 p=2147483629: nullity 0 (35s)
banked (11, 9, 2, 2, 2, 2) d7: proved mult_red=1 a=1 h_pad=12 n_chi=11538 n_red=10240 (109.8s)
  (15, 4, 2, 2, 2, 2, 1) d7 p=2147483647: nullity 0 (29s)
  (15, 4, 2, 2, 2, 2, 1) d7 p=2147483629: nullity 0 (31s)
banked (15, 4, 2, 2, 2, 2, 1) d7: proved mult_red=1 a=1 h_pad=5 n_chi=11682 n_red=7702 (84.8s)
  (11, 9, 5, 1, 1, 1) d7 p=2147483647: nullity 0 (2s)
  (11, 9, 5, 1, 1, 1) d7 p=2147483629: nullity 0 (2s)
banked (11, 9, 5, 1, 1, 1) d7: proved mult_red=3 a=3 h_pad=5 n_chi=3587 n_red=3315 (10.0s)
  (12, 7, 6, 1, 1, 1) d7 p=2147483647: nullity 0 (2s)
  (12, 7, 6, 1, 1, 1) d7 p=2147483629: nullity 0 (2s)
banked (12, 7, 6, 1, 1, 1) d7: proved mult_red=2 a=2 h_pad=4 n_chi=3672 n_red=3298 (9.3s)
  (11, 8, 5, 1, 1, 1, 1) d7 p=2147483647: nullity 0 (0s)
  (11, 8, 5, 1, 1, 1, 1) d7 p=2147483629: nullity 0 (0s)
banked (11, 8, 5, 1, 1, 1, 1) d7: proved mult_red=1 a=1 h_pad=1 n_chi=1576 n_red=1498 (27.3s)
  (15, 5, 3, 3, 1, 1) d7 p=2147483647: nullity 0 (6s)
  (15, 5, 3, 3, 1, 1) d7 p=2147483629: nullity 0 (6s)
banked (15, 5, 3, 3, 1, 1) d7: proved mult_red=1 a=1 h_pad=7 n_chi=7033 n_red=4798 (17.3s)
  (13, 8, 2, 2, 2, 1) d7 p=2147483647: nullity 0 (45s)
  (13, 8, 2, 2, 2, 1) d7 p=2147483629: nullity 0 (43s)
banked (13, 8, 2, 2, 2, 1) d7: proved mult_red=4 a=4 h_pad=19 n_chi=11688 n_red=9448 (96.3s)
  (11, 8, 6, 1, 1, 1) d7 p=2147483647: nullity 0 (5s)
  (11, 8, 6, 1, 1, 1) d7 p=2147483629: nullity 0 (5s)
banked (11, 8, 6, 1, 1, 1) d7: proved mult_red=2 a=2 h_pad=3 n_chi=4503 n_red=4206 (17.6s)
  (10, 9, 6, 1, 1, 1) d7 p=2147483647: nullity 0 (7s)
  (10, 9, 6, 1, 1, 1) d7 p=2147483629: nullity 0 (4s)
banked (10, 9, 6, 1, 1, 1) d7: proved mult_red=2 a=2 h_pad=2 n_chi=4987 n_red=4747 (23.7s)
  (12, 9, 2, 2, 2, 1) d7 p=2147483647: nullity 0 (94s)
  (12, 9, 2, 2, 2, 1) d7 p=2147483629: nullity 0 (109s)
banked (12, 9, 2, 2, 2, 1) d7: proved mult_red=4 a=4 h_pad=15 n_chi=13651 n_red=11607 (213.7s)
  (10, 8, 6, 1, 1, 1, 1) d7 p=2147483647: nullity 1 (4s)
  (10, 8, 6, 1, 1, 1, 1) d7 p=2147483629: nullity 1 (4s)
banked (10, 8, 6, 1, 1, 1, 1) d7: measured mult_red=0 a=1 h_pad=0 n_chi=2321 n_red=2263 (69.0s)
  (11, 10, 2, 2, 2, 1) d7 p=2147483647: nullity 0 (136s)
  (11, 10, 2, 2, 2, 1) d7 p=2147483629: nullity 0 (93s)
banked (11, 10, 2, 2, 2, 1) d7: proved mult_red=2 a=2 h_pad=8 n_chi=14746 n_red=12859 (247.9s)
  (15, 6, 3, 2, 1, 1) d7 p=2147483647: nullity 0 (8s)
  (15, 6, 3, 2, 1, 1) d7 p=2147483629: nullity 0 (8s)
banked (15, 6, 3, 2, 1, 1) d7: proved mult_red=2 a=2 h_pad=12 n_chi=9436 n_red=6525 (18.9s)
  (10, 8, 7, 1, 1, 1) d7 p=2147483647: nullity 1 (16s)
  (10, 8, 7, 1, 1, 1) d7 p=2147483629: nullity 1 (14s)
banked (10, 8, 7, 1, 1, 1) d7: measured mult_red=2 a=3 h_pad=2 n_chi=5740 n_red=5515 (39.7s)
  (14, 5, 5, 2, 1, 1) d7 p=2147483647: nullity 0 (17s)
  (14, 5, 5, 2, 1, 1) d7 p=2147483629: nullity 0 (18s)
banked (14, 5, 5, 2, 1, 1) d7: proved mult_red=4 a=4 h_pad=14 n_chi=10169 n_red=7728 (41.8s)
sweep: 195 cells in this worker's share, 144 to do
  (12, 6, 2, 2, 2, 2, 2) d7 p=2147483647: nullity 0 (97s)
  (12, 6, 2, 2, 2, 2, 2) d7 p=2147483629: nullity 0 (99s)
banked (12, 6, 2, 2, 2, 2, 2) d7: proved mult_red=1 a=1 h_pad=7 n_chi=21385 n_red=18421 (420.3s)
  (15, 4, 4, 2, 2, 1) d7 p=2147483647: nullity 0 (19s)
  (15, 4, 4, 2, 2, 1) d7 p=2147483629: nullity 0 (19s)
banked (15, 4, 4, 2, 2, 1) d7: proved mult_red=2 a=2 h_pad=12 n_chi=15328 n_red=10299 (43.6s)
  (14, 6, 3, 3, 1, 1) d7 p=2147483647: nullity 0 (9s)
  (14, 6, 3, 3, 1, 1) d7 p=2147483629: nullity 0 (9s)
banked (14, 6, 3, 3, 1, 1) d7: proved mult_red=2 a=2 h_pad=10 n_chi=10822 n_red=8207 (20.9s)
  (14, 5, 2, 2, 2, 2, 1) d7 p=2147483647: nullity 0 (54s)
  (14, 5, 2, 2, 2, 2, 1) d7 p=2147483629: nullity 0 (275s)
banked (14, 5, 2, 2, 2, 2, 1) d7: proved mult_red=1 a=1 h_pad=7 n_chi=19588 n_red=14459 (349.4s)
  (10, 10, 3, 3, 1, 1) d7 p=2147483647: nullity 0 (36s)
  (10, 10, 3, 3, 1, 1) d7 p=2147483629: nullity 0 (36s)
banked (10, 10, 3, 3, 1, 1) d7: proved mult_red=2 a=2 h_pad=2 n_chi=11260 n_red=10314 (81.1s)
  (16, 4, 3, 2, 2, 1) d7 p=2147483647: nullity 0 (16s)
  (16, 4, 3, 2, 2, 1) d7 p=2147483629: nullity 0 (16s)
banked (16, 4, 3, 2, 2, 1) d7: proved mult_red=1 a=1 h_pad=8 n_chi=15318 n_red=9151 (34.4s)
  (14, 4, 4, 2, 2, 2) d7 p=2147483647: nullity 0 (73s)
  (14, 4, 4, 2, 2, 2) d7 p=2147483629: nullity 0 (73s)
banked (14, 4, 4, 2, 2, 2) d7: proved mult_red=3 a=3 h_pad=10 n_chi=17858 n_red=13183 (160.5s)
  (15, 4, 3, 2, 2, 2) d7 p=2147483647: nullity 0 (49s)
  (15, 4, 3, 2, 2, 2) d7 p=2147483629: nullity 0 (48s)
banked (15, 4, 3, 2, 2, 2) d7: proved mult_red=1 a=1 h_pad=8 n_chi=17907 n_red=11904 (103.9s)
  (15, 5, 4, 2, 1, 1) d7 p=2147483647: nullity 0 (9s)
  (15, 5, 4, 2, 1, 1) d7 p=2147483629: nullity 0 (10s)
banked (15, 5, 4, 2, 1, 1) d7: proved mult_red=2 a=2 h_pad=14 n_chi=11981 n_red=8230 (21.7s)
  (14, 7, 3, 2, 1, 1) d7 p=2147483647: nullity 0 (19s)
  (14, 7, 3, 2, 1, 1) d7 p=2147483629: nullity 0 (19s)
banked (14, 7, 3, 2, 1, 1) d7: proved mult_red=4 a=4 h_pad=16 n_chi=13250 n_red=10101 (41.4s)
  (13, 7, 2, 2, 2, 1, 1) d7 p=2147483647: nullity 0 (117s)
  (13, 7, 2, 2, 2, 1, 1) d7 p=2147483629: nullity 0 (122s)
banked (13, 7, 2, 2, 2, 1, 1) d7: proved mult_red=1 a=1 h_pad=4 n_chi=17725 n_red=14510 (264.3s)
  (13, 7, 3, 3, 1, 1) d7 p=2147483647: nullity 0 (48s)
  (13, 7, 3, 3, 1, 1) d7 p=2147483629: nullity 0 (44s)
banked (13, 7, 3, 3, 1, 1) d7: proved mult_red=3 a=3 h_pad=14 n_chi=14923 n_red=12278 (100.0s)
sweep: 195 cells in this worker's share, 132 to do
sweep: 182 cells in this worker's share, 120 to do
  (13, 6, 2, 2, 2, 2, 1) d7 p=2147483647: nullity 0 (390s)
  (13, 6, 2, 2, 2, 2, 1) d7 p=2147483629: nullity 0 (1054s)
banked (13, 6, 2, 2, 2, 2, 1) d7: proved mult_red=1 a=1 h_pad=9 n_chi=29219 n_red=23607 (1589.0s)
  (13, 8, 3, 2, 1, 1) d7 p=2147483647: nullity 0 (29s)
  (13, 8, 3, 2, 1, 1) d7 p=2147483629: nullity 0 (29s)
banked (13, 8, 3, 2, 1, 1) d7: proved mult_red=5 a=5 h_pad=17 n_chi=16980 n_red=13936 (66.2s)
  (13, 5, 5, 2, 1, 1, 1) d7 p=2147483647: nullity 0 (20s)
  (13, 5, 5, 2, 1, 1, 1) d7 p=2147483629: nullity 0 (20s)
banked (13, 5, 5, 2, 1, 1, 1) d7: proved mult_red=1 a=1 h_pad=5 n_chi=10923 n_red=8950 (62.0s)
  (14, 6, 4, 2, 1, 1) d7 p=2147483647: nullity 0 (31s)
  (14, 6, 4, 2, 1, 1) d7 p=2147483629: nullity 0 (30s)
banked (14, 6, 4, 2, 1, 1) d7: proved mult_red=4 a=4 h_pad=24 n_chi=18335 n_red=13952 (64.5s)
  (10, 10, 4, 2, 1, 1) d7 p=2147483647: nullity 0 (69s)
  (10, 10, 4, 2, 1, 1) d7 p=2147483629: nullity 0 (71s)
banked (10, 10, 4, 2, 1, 1) d7: proved mult_red=2 a=2 h_pad=7 n_chi=18801 n_red=17214 (148.0s)
  (12, 8, 3, 3, 1, 1) d7 p=2147483647: nullity 0 (62s)
  (12, 8, 3, 3, 1, 1) d7 p=2147483629: nullity 0 (62s)
banked (12, 8, 3, 3, 1, 1) d7: proved mult_red=5 a=5 h_pad=13 n_chi=18716 n_red=16338 (131.8s)
  (13, 6, 3, 3, 1, 1, 1) d7 p=2147483647: nullity 0 (24s)
  (13, 6, 3, 3, 1, 1, 1) d7 p=2147483629: nullity 0 (24s)
banked (13, 6, 3, 3, 1, 1, 1) d7: proved mult_red=1 a=1 h_pad=4 n_chi=11856 n_red=9684 (71.4s)
  (15, 5, 3, 2, 2, 1) d7 p=2147483647: nullity 0 (63s)
  (15, 5, 3, 2, 2, 1) d7 p=2147483629: nullity 0 (61s)
banked (15, 5, 3, 2, 2, 1) d7: proved mult_red=3 a=3 h_pad=17 n_chi=26027 n_red=17625 (128.2s)
  (14, 5, 3, 2, 2, 2) d7 p=2147483647: nullity 0 (132s)
  (14, 5, 3, 2, 2, 2) d7 p=2147483629: nullity 0 (131s)
banked (14, 5, 3, 2, 2, 2) d7: proved mult_red=1 a=1 h_pad=14 n_chi=30037 n_red=22301 (275.4s)
  (12, 9, 3, 2, 1, 1) d7 p=2147483647: nullity 0 (30s)
  (12, 9, 3, 2, 1, 1) d7 p=2147483629: nullity 0 (30s)
banked (12, 9, 3, 2, 1, 1) d7: proved mult_red=5 a=5 h_pad=13 n_chi=19985 n_red=17236 (62.6s)
  (11, 9, 3, 3, 1, 1) d7 p=2147483647: nullity 0 (59s)
  (11, 9, 3, 3, 1, 1) d7 p=2147483629: nullity 0 (59s)
banked (11, 9, 3, 3, 1, 1) d7: proved mult_red=2 a=2 h_pad=9 n_chi=21362 n_red=19325 (122.5s)
  (11, 9, 2, 2, 2, 1, 1) d7 p=2147483647: nullity 0 (164s)
  (11, 9, 2, 2, 2, 1, 1) d7 p=2147483629: nullity 0 (168s)
banked (11, 9, 2, 2, 2, 1, 1) d7: proved mult_red=1 a=1 h_pad=2 n_chi=25444 n_red=22996 (351.9s)
  (11, 10, 3, 2, 1, 1) d7 p=2147483647: nullity 0 (38s)
  (11, 10, 3, 2, 1, 1) d7 p=2147483629: nullity 0 (38s)
banked (11, 10, 3, 2, 1, 1) d7: proved mult_red=3 a=3 h_pad=7 n_chi=21666 n_red=19165 (79.0s)
  (12, 6, 6, 2, 1, 1) d7 p=2147483647: nullity 0 (66s)
  (12, 6, 6, 2, 1, 1) d7 p=2147483629: nullity 0 (66s)
banked (12, 6, 6, 2, 1, 1) d7: proved mult_red=2 a=2 h_pad=11 n_chi=22441 n_red=19773 (137.3s)
  (11, 5, 5, 5, 1, 1) d7 p=2147483647: nullity 0 (190s)
  (11, 5, 5, 5, 1, 1) d7 p=2147483629: nullity 0 (300s)
banked (11, 5, 5, 5, 1, 1) d7: proved mult_red=2 a=2 h_pad=7 n_chi=23297 n_red=21500 (507.7s)
