  lam=(14, 11, 4, 1, 1, 1): N_S=62680 |Stab|=6 n_chi=4403 (orbits dropped: 13184)
    E_01: |H|=6 canonical rows 3859 (obstructed fixed targets cancelled: 7413)
    E_12: |H|=6 canonical rows 2357 (obstructed fixed targets cancelled: 4347)
    E_23: |H|=2 canonical rows 7679 (obstructed fixed targets cancelled: 0)
    E_34: |H|=1 canonical rows 0 (obstructed fixed targets cancelled: 0)
    E_45: |H|=1 canonical rows 0 (obstructed fixed targets cancelled: 0)
    Agg 4467x4403 assembled into flint (6s; nrows 13895, max|M| 16, max column fill 14); rref in place ...
    rref: rank 4399, dim ker 4 (23s); reading pivots ...
    kernel: 4 vectors (23s)
  p=2147483647: a=4 rank(R)=4399 mult={'det': 4, 'pad': 4} npts=12 route=inplace (28s, VmHWM 0.35 GB)
    Agg 4467x4403 assembled into flint (5s; nrows 13895, max|M| 16, max column fill 14); rref in place ...
    rref: rank 4399, dim ker 4 (22s); reading pivots ...
    kernel: 4 vectors (22s)
  p=2147483629: a=4 rank(R)=4399 mult={'det': 4, 'pad': 4} npts=12 route=inplace (51s, VmHWM 0.35 GB)
  lam=(16, 8, 5, 1, 1, 1): N_S=63163 |Stab|=6 n_chi=4457 (orbits dropped: 13259)
    E_01: |H|=6 canonical rows 3192 (obstructed fixed targets cancelled: 6693)
    E_12: |H|=6 canonical rows 3161 (obstructed fixed targets cancelled: 4281)
    E_23: |H|=2 canonical rows 7089 (obstructed fixed targets cancelled: 0)
    E_34: |H|=1 canonical rows 0 (obstructed fixed targets cancelled: 0)
    E_45: |H|=1 canonical rows 0 (obstructed fixed targets cancelled: 0)
    Agg 4521x4457 assembled into flint (5s; nrows 13442, max|M| 20, max column fill 13); rref in place ...
    rref: rank 4450, dim ker 7 (22s); reading pivots ...
    kernel: 7 vectors (23s)
  p=2147483647: a=7 rank(R)=4450 mult={'det': 7, 'pad': 7} npts=15 route=inplace (28s, VmHWM 0.36 GB)
    Agg 4521x4457 assembled into flint (5s; nrows 13442, max|M| 20, max column fill 13); rref in place ...
    rref: rank 4450, dim ker 7 (22s); reading pivots ...
    kernel: 7 vectors (22s)
  p=2147483629: a=7 rank(R)=4450 mult={'det': 7, 'pad': 7} npts=15 route=inplace (51s, VmHWM 0.36 GB)
  lam=(13, 12, 4, 1, 1, 1): N_S=66550 |Stab|=6 n_chi=4701 (orbits dropped: 13934)
    E_01: |H|=6 canonical rows 4403 (obstructed fixed targets cancelled: 7929)
    E_12: |H|=6 canonical rows 2434 (obstructed fixed targets cancelled: 4725)
    E_23: |H|=2 canonical rows 8149 (obstructed fixed targets cancelled: 0)
    E_34: |H|=1 canonical rows 0 (obstructed fixed targets cancelled: 0)
    E_45: |H|=1 canonical rows 0 (obstructed fixed targets cancelled: 0)
    Agg 4765x4701 assembled into flint (6s; nrows 14986, max|M| 16, max column fill 14); rref in place ...
    rref: rank 4698, dim ker 3 (26s); reading pivots ...
    kernel: 3 vectors (26s)
  p=2147483647: a=3 rank(R)=4698 mult={'det': 3, 'pad': 2} npts=11 route=inplace (32s, VmHWM 0.38 GB)
    Agg 4765x4701 assembled into flint (6s; nrows 14986, max|M| 16, max column fill 14); rref in place ...
    rref: rank 4698, dim ker 3 (26s); reading pivots ...
    kernel: 3 vectors (26s)
  p=2147483629: a=3 rank(R)=4698 mult={'det': 3, 'pad': 2} npts=11 route=inplace (59s, VmHWM 0.39 GB)
  lam=(13, 12, 4, 1, 1, 1): N_S=66550 |Stab|=6 n_chi=4701 (orbits dropped: 13934)
    E_01: |H|=6 canonical rows 4403 (obstructed fixed targets cancelled: 7929)
    E_12: |H|=6 canonical rows 2434 (obstructed fixed targets cancelled: 4725)
    E_23: |H|=2 canonical rows 8149 (obstructed fixed targets cancelled: 0)
    E_34: |H|=1 canonical rows 0 (obstructed fixed targets cancelled: 0)
    E_45: |H|=1 canonical rows 0 (obstructed fixed targets cancelled: 0)
    Agg 4765x4701 assembled into flint (6s; nrows 14986, max|M| 16, max column fill 14); rref in place ...
    rref: rank 4698, dim ker 3 (26s); reading pivots ...
    kernel: 3 vectors (26s)
  p=2147483647: a=3 rank(R)=4698 mult={'det': 3, 'pad': 2} npts=33 route=inplace (34s, VmHWM 0.38 GB)
    Agg 4765x4701 assembled into flint (6s; nrows 14986, max|M| 16, max column fill 14); rref in place ...
    rref: rank 4698, dim ker 3 (26s); reading pivots ...
    kernel: 3 vectors (26s)
  p=2147483629: a=3 rank(R)=4698 mult={'det': 3, 'pad': 2} npts=33 route=inplace (64s, VmHWM 0.39 GB)
  lam=(19, 5, 2, 2, 2, 2): N_S=72959 |Stab|=24 n_chi=4706 (orbits dropped: 0)
    E_01: |H|=24 canonical rows 2725 (obstructed fixed targets cancelled: 0)
    E_12: |H|=6 canonical rows 7707 (obstructed fixed targets cancelled: 0)
    E_23: |H|=2 canonical rows 29705 (obstructed fixed targets cancelled: 0)
    E_34: |H|=2 canonical rows 29705 (obstructed fixed targets cancelled: 0)
    E_45: |H|=2 canonical rows 29705 (obstructed fixed targets cancelled: 0)
    Agg 4770x4706 assembled into flint (12s; nrows 99547, max|M| 24, max column fill 75); rref in place ...
    rref: rank 4703, dim ker 3 (32s); reading pivots ...
    kernel: 3 vectors (32s)
  p=2147483647: a=3 rank(R)=4703 mult={'det': 3, 'pad': 3} npts=11 route=inplace (41s, VmHWM 0.43 GB)
    Agg 4770x4706 assembled into flint (11s; nrows 99547, max|M| 24, max column fill 75); rref in place ...
    rref: rank 4703, dim ker 3 (31s); reading pivots ...
    kernel: 3 vectors (31s)
  p=2147483629: a=3 rank(R)=4703 mult={'det': 3, 'pad': 3} npts=11 route=inplace (75s, VmHWM 0.43 GB)
  lam=(20, 5, 2, 2, 2, 1): N_S=22622 |Stab|=6 n_chi=4804 (orbits dropped: 0)
    E_01: |H|=6 canonical rows 2746 (obstructed fixed targets cancelled: 0)
    E_12: |H|=2 canonical rows 6359 (obstructed fixed targets cancelled: 0)
    E_23: |H|=1 canonical rows 17213 (obstructed fixed targets cancelled: 0)
    E_34: |H|=1 canonical rows 17213 (obstructed fixed targets cancelled: 0)
    E_45: |H|=2 canonical rows 5863 (obstructed fixed targets cancelled: 0)
    Agg 4868x4804 assembled into flint (8s; nrows 49394, max|M| 20, max column fill 35); rref in place ...
