07:54:47 == delta=8: 91 length-6 weights with a>=1, sum a = 139
07:59:13    35 unmeasured; 0 inside (6000, 6500]
07:59:13 START per6 d=8 (9, 6, 5, 2, 1, 1) a=2 n_chi=9460 [inject]
  (9, 6, 5, 2, 1, 1) d=8: n_chi=9460 N_S=24099 stab=2 rows=30256
   p=2147483647: [M;Ev] 30265x9460, nnz 181066; wiedemann ...
   p=2147483647: NONSINGULAR SEQ n=9460 nrows=30265 nnz=181066 k=0 len=18920 secs=18.9 | BM deg=9460 f0=533132561 secs=20.9 (24s)
   p=2147483629: [M;Ev] 30265x9460, nnz 181066; wiedemann ...
   p=2147483629: NONSINGULAR SEQ n=9460 nrows=30265 nnz=181066 k=0 len=18920 secs=18.9 | BM deg=9460 f0=2109888753 secs=20.9 (45s)
07:59:58 | 8 | `(9, 6, 5, 2, 1, 1)` | 2 | 24099 | 2 | 9460 | inject | 1 | 1 | 45 | 0.36 |
07:59:58 START per6 d=8 (10, 5, 4, 3, 1, 1) a=2 n_chi=10211 [inject]
  (10, 5, 4, 3, 1, 1) d=8: n_chi=10211 N_S=25911 stab=2 rows=31802
   p=2147483647: [M;Ev] 31811x10211, nnz 193486; wiedemann ...
   p=2147483647: NONSINGULAR SEQ n=10211 nrows=31811 nnz=193486 k=0 len=20422 secs=21.5 | BM deg=10211 f0=517631657 secs=23.9 (27s)
   p=2147483629: [M;Ev] 31811x10211, nnz 193486; wiedemann ...
   p=2147483629: NONSINGULAR SEQ n=10211 nrows=31811 nnz=193486 k=0 len=20422 secs=21.9 | BM deg=10211 f0=1872794971 secs=24.3 (52s)
08:00:50 | 8 | `(10, 5, 4, 3, 1, 1)` | 2 | 25911 | 2 | 10211 | inject | 1 | 1 | 52 | 0.36 |
08:00:50 START per6 d=8 (8, 7, 5, 2, 1, 1) a=2 n_chi=10745 [inject]
  (8, 7, 5, 2, 1, 1) d=8: n_chi=10745 N_S=27275 stab=2 rows=34842
   p=2147483647: [M;Ev] 34851x10745, nnz 209462; wiedemann ...
   p=2147483647: NONSINGULAR SEQ n=10745 nrows=34851 nnz=209462 k=0 len=21490 secs=24.4 | BM deg=10745 f0=1434941281 secs=27.0 (30s)
   p=2147483629: [M;Ev] 34851x10745, nnz 209462; wiedemann ...
   p=2147483629: NONSINGULAR SEQ n=10745 nrows=34851 nnz=209462 k=0 len=21490 secs=24.5 | BM deg=10745 f0=598605030 secs=27.1 (58s)
08:01:48 | 8 | `(8, 7, 5, 2, 1, 1)` | 2 | 27275 | 2 | 10745 | inject | 1 | 1 | 58 | 0.36 |
08:01:48 START per6 d=8 (11, 5, 3, 2, 2, 1) a=2 n_chi=10929 [inject]
  (11, 5, 3, 2, 2, 1) d=8: n_chi=10929 N_S=20242 stab=2 rows=51385
   p=2147483647: [M;Ev] 51394x10929, nnz 239791; wiedemann ...
   p=2147483647: NONSINGULAR SEQ n=10929 nrows=51394 nnz=239791 k=0 len=21858 secs=29.8 | BM deg=10929 f0=233225912 secs=32.5 (35s)
   p=2147483629: [M;Ev] 51394x10929, nnz 239791; wiedemann ...
   p=2147483629: NONSINGULAR SEQ n=10929 nrows=51394 nnz=239791 k=0 len=21858 secs=30.0 | BM deg=10929 f0=2127060800 secs=32.8 (69s)
08:02:57 | 8 | `(11, 5, 3, 2, 2, 1)` | 2 | 20242 | 2 | 10929 | inject | 1 | 1 | 69 | 0.36 |
08:02:57 START per6 d=8 (8, 5, 5, 4, 1, 1) a=2 n_chi=11913 [inject]
  (8, 5, 5, 4, 1, 1) d=8: n_chi=11913 N_S=59497 stab=4 rows=66210
   p=2147483647: [M;Ev] 66219x11913, nnz 344283; wiedemann ...
   p=2147483647: NONSINGULAR SEQ n=11913 nrows=66219 nnz=344283 k=0 len=23826 secs=44.8 | BM deg=11913 f0=1801184339 secs=48.0 (55s)
   p=2147483629: [M;Ev] 66219x11913, nnz 344283; wiedemann ...
   p=2147483629: NONSINGULAR SEQ n=11913 nrows=66219 nnz=344283 k=0 len=23826 secs=44.8 | BM deg=11913 f0=2077692902 secs=48.1 (104s)
08:04:41 | 8 | `(8, 5, 5, 4, 1, 1)` | 2 | 59497 | 4 | 11913 | inject | 1 | 1 | 104 | 0.36 |
08:04:41 START per6 d=8 (9, 6, 4, 3, 1, 1) a=2 n_chi=13286 [inject]
  (9, 6, 4, 3, 1, 1) d=8: n_chi=13286 N_S=33527 stab=2 rows=41681
   p=2147483647: [M;Ev] 41690x13286, nnz 257480; wiedemann ...
   p=2147483647: NONSINGULAR SEQ n=13286 nrows=41690 nnz=257480 k=0 len=26572 secs=37.3 | BM deg=13286 f0=1569971398 secs=41.4 (45s)
   p=2147483629: [M;Ev] 41690x13286, nnz 257480; wiedemann ...
   p=2147483629: NONSINGULAR SEQ n=13286 nrows=41690 nnz=257480 k=0 len=26572 secs=37.4 | BM deg=13286 f0=1736494929 secs=41.4 (88s)
08:06:08 | 8 | `(9, 6, 4, 3, 1, 1)` | 2 | 33527 | 2 | 13286 | inject | 1 | 1 | 88 | 0.36 |
08:06:08 START per6 d=8 (10, 6, 3, 2, 2, 1) a=3 n_chi=14640 [inject]
  (10, 6, 3, 2, 2, 1) d=8: n_chi=14640 N_S=27177 stab=2 rows=69178
   p=2147483647: [M;Ev] 69187x14640, nnz 327640; wiedemann ...
   p=2147483647: NONSINGULAR SEQ n=14640 nrows=69187 nnz=327640 k=0 len=29280 secs=53.5 | BM deg=14640 f0=457934837 secs=58.5 (62s)
   p=2147483629: [M;Ev] 69187x14640, nnz 327640; wiedemann ...
   p=2147483629: NONSINGULAR SEQ n=14640 nrows=69187 nnz=327640 k=0 len=29280 secs=59.8 | BM deg=14640 f0=984094147 secs=64.8 (128s)
08:08:16 | 8 | `(10, 6, 3, 2, 2, 1)` | 3 | 27177 | 2 | 14640 | inject | 1 | 2 | 128 | 0.36 |
08:08:16 START per6 d=8 (9, 6, 3, 2, 2, 2) a=2 n_chi=14882 [inject]
  (9, 6, 3, 2, 2, 2) d=8: n_chi=14882 N_S=73647 stab=6 rows=153708
   p=2147483647: [M;Ev] 153717x14882, nnz 505745; wiedemann ...
   p=2147483647: NONSINGULAR SEQ n=14882 nrows=153717 nnz=505745 k=0 len=29764 secs=94.6 | BM deg=14882 f0=721793226 secs=99.8 (109s)
   p=2147483629: [M;Ev] 153717x14882, nnz 505745; wiedemann ...
   p=2147483629: NONSINGULAR SEQ n=14882 nrows=153717 nnz=505745 k=0 len=29764 secs=96.2 | BM deg=14882 f0=1527794348 secs=101.3 (213s)
08:11:50 | 8 | `(9, 6, 3, 2, 2, 2)` | 2 | 73647 | 6 | 14882 | inject | 1 | 1 | 213 | 0.36 |
08:11:50 START per6 d=8 (8, 7, 4, 3, 1, 1) a=2 n_chi=15112 [inject]
  (8, 7, 4, 3, 1, 1) d=8: n_chi=15112 N_S=38006 stab=2 rows=48203
   p=2147483647: [M;Ev] 48212x15112, nnz 298348; wiedemann ...
   p=2147483647: NONSINGULAR SEQ n=15112 nrows=48212 nnz=298348 k=0 len=30224 secs=53.8 | BM deg=15112 f0=890698736 secs=59.2 (64s)
   p=2147483629: [M;Ev] 48212x15112, nnz 298348; wiedemann ...
   p=2147483629: NONSINGULAR SEQ n=15112 nrows=48212 nnz=298348 k=0 len=30224 secs=50.2 | BM deg=15112 f0=12277551 secs=55.5 (120s)
08:13:50 | 8 | `(8, 7, 4, 3, 1, 1)` | 2 | 38006 | 2 | 15112 | inject | 1 | 1 | 121 | 0.36 |
08:13:50 START per6 d=8 (9, 7, 3, 2, 2, 1) a=3 n_chi=17309 [inject]
  (9, 7, 3, 2, 2, 1) d=8: n_chi=17309 N_S=32204 stab=2 rows=82777
   p=2147483647: [M;Ev] 82786x17309, nnz 394334; wiedemann ...
   p=2147483647: NONSINGULAR SEQ n=17309 nrows=82786 nnz=394334 k=0 len=34618 secs=78.7 | BM deg=17309 f0=1679873368 secs=85.6 (90s)
   p=2147483629: [M;Ev] 82786x17309, nnz 394334; wiedemann ...
   p=2147483629: NONSINGULAR SEQ n=17309 nrows=82786 nnz=394334 k=0 len=34618 secs=77.5 | BM deg=17309 f0=1169097002 secs=84.5 (176s)
08:16:46 | 8 | `(9, 7, 3, 2, 2, 1)` | 3 | 32204 | 2 | 17309 | inject | 1 | 2 | 176 | 0.36 |
08:16:46 START per6 d=8 (8, 6, 5, 3, 1, 1) a=2 n_chi=18455 [inject]
  (8, 6, 5, 3, 1, 1) d=8: n_chi=18455 N_S=46167 stab=2 rows=58809
   p=2147483647: [M;Ev] 58818x18455, nnz 367298; wiedemann ...
   p=2147483647: NONSINGULAR SEQ n=18455 nrows=58818 nnz=367298 k=0 len=36910 secs=76.6 | BM deg=18455 f0=111068464 secs=84.5 (90s)
   p=2147483629: [M;Ev] 58818x18455, nnz 367298; wiedemann ...
   p=2147483629: NONSINGULAR SEQ n=18455 nrows=58818 nnz=367298 k=0 len=36910 secs=75.1 | BM deg=18455 f0=1636254846 secs=83.1 (175s)
08:19:41 | 8 | `(8, 6, 5, 3, 1, 1)` | 2 | 46167 | 2 | 18455 | inject | 1 | 1 | 175 | 0.36 |
08:19:41 START per6 d=8 (10, 5, 4, 2, 2, 1) a=3 n_chi=18718 [inject]
  (10, 5, 4, 2, 2, 1) d=8: n_chi=18718 N_S=34830 stab=2 rows=87530
   p=2147483647: [M;Ev] 87539x18718, nnz 422472; wiedemann ...
   p=2147483647: NONSINGULAR SEQ n=18718 nrows=87539 nnz=422472 k=0 len=37436 secs=91.0 | BM deg=18718 f0=1421240342 secs=99.3 (104s)
   p=2147483629: [M;Ev] 87539x18718, nnz 422472; wiedemann ...
   p=2147483629: NONSINGULAR SEQ n=18718 nrows=87539 nnz=422472 k=0 len=37436 secs=90.4 | BM deg=18718 f0=1509416885 secs=98.6 (204s)
08:23:06 | 8 | `(10, 5, 4, 2, 2, 1)` | 3 | 34830 | 2 | 18718 | inject | 1 | 2 | 204 | 0.36 |
08:23:06 START per6 d=8 (9, 5, 4, 2, 2, 2) a=2 n_chi=19085 [inject]
  (9, 5, 4, 2, 2, 2) d=8: n_chi=19085 N_S=95075 stab=6 rows=195683
   p=2147483647: [M;Ev] 195692x19085, nnz 655393; wiedemann ...
   p=2147483647: NONSINGULAR SEQ n=19085 nrows=195692 nnz=655393 k=0 len=38170 secs=154.4 | BM deg=19085 f0=1701555405 secs=162.9 (176s)
   p=2147483629: [M;Ev] 195692x19085, nnz 655393; wiedemann ...
   p=2147483629: NONSINGULAR SEQ n=19085 nrows=195692 nnz=655393 k=0 len=38170 secs=151.9 | BM deg=19085 f0=1892016728 secs=160.3 (340s)
08:28:45 | 8 | `(9, 5, 4, 2, 2, 2)` | 2 | 95075 | 6 | 19085 | inject | 1 | 1 | 340 | 0.37 |
08:28:45 START per6 d=8 (8, 6, 4, 2, 2, 2) a=3 n_chi=23686 [inject]
  (8, 6, 4, 2, 2, 2) d=8: n_chi=23686 N_S=118439 stab=6 rows=244113
   p=2147483647: [M;Ev] 244122x23686, nnz 826321; wiedemann ...
   p=2147483647: NONSINGULAR SEQ n=23686 nrows=244122 nnz=826321 k=0 len=47372 secs=238.8 | BM deg=23686 f0=2096697025 secs=251.8 (269s)
   p=2147483629: [M;Ev] 244122x23686, nnz 826321; wiedemann ...
   p=2147483629: NONSINGULAR SEQ n=23686 nrows=244122 nnz=826321 k=0 len=47372 secs=239.4 | BM deg=23686 f0=402005802 secs=252.6 (527s)
08:37:32 | 8 | `(8, 6, 4, 2, 2, 2)` | 3 | 118439 | 6 | 23686 | inject | 1 | 2 | 527 | 0.40 |
08:37:32 START per6 d=8 (9, 6, 4, 2, 2, 1) a=5 n_chi=24216 [inject]
  (9, 6, 4, 2, 2, 1) d=8: n_chi=24216 N_S=45162 stab=2 rows=113894
   p=2147483647: [M;Ev] 113903x24216, nnz 557635; wiedemann ...
   p=2147483647: NONSINGULAR SEQ n=24216 nrows=113903 nnz=557635 k=0 len=48432 secs=162.1 | BM deg=24216 f0=2023362133 secs=175.9 (183s)
   p=2147483629: [M;Ev] 113903x24216, nnz 557635; wiedemann ...
   p=2147483629: NONSINGULAR SEQ n=24216 nrows=113903 nnz=557635 k=0 len=48432 secs=158.5 | BM deg=24216 f0=1814146812 secs=172.1 (357s)
08:43:30 | 8 | `(9, 6, 4, 2, 2, 1)` | 5 | 45162 | 2 | 24216 | inject | 1 | 4 | 357 | 0.40 |
08:43:30 START per6 d=8 (8, 7, 4, 2, 2, 1) a=3 n_chi=27442 [inject]
  (8, 7, 4, 2, 2, 1) d=8: n_chi=27442 N_S=51249 stab=2 rows=130710
   p=2147483647: [M;Ev] 130719x27442, nnz 642647; wiedemann ...
   p=2147483647: NONSINGULAR SEQ n=27442 nrows=130719 nnz=642647 k=0 len=54884 secs=202.6 | BM deg=27442 f0=604001529 secs=220.1 (229s)
   p=2147483629: [M;Ev] 130719x27442, nnz 642647; wiedemann ...
   p=2147483629: NONSINGULAR SEQ n=27442 nrows=130719 nnz=642647 k=0 len=54884 secs=204.7 | BM deg=27442 f0=791521640 secs=222.3 (454s)
08:51:04 | 8 | `(8, 7, 4, 2, 2, 1)` | 3 | 51249 | 2 | 27442 | inject | 1 | 2 | 454 | 0.40 |
08:51:04 START per6 d=8 (8, 6, 5, 2, 2, 1) a=3 n_chi=33307 [inject]
  (8, 6, 5, 2, 2, 1) d=8: n_chi=33307 N_S=62335 stab=2 rows=157963
   p=2147483647: [M;Ev] 157972x33307, nnz 786231; wiedemann ...
   p=2147483647: NONSINGULAR SEQ n=33307 nrows=157972 nnz=786231 k=0 len=66614 secs=299.7 | BM deg=33307 f0=46391845 secs=326.2 (337s)
   p=2147483629: [M;Ev] 157972x33307, nnz 786231; wiedemann ...
   p=2147483629: NONSINGULAR SEQ n=33307 nrows=157972 nnz=786231 k=0 len=66614 secs=322.4 | BM deg=33307 f0=727109744 secs=350.2 (692s)
09:02:36 | 8 | `(8, 6, 5, 2, 2, 1)` | 3 | 62335 | 2 | 33307 | inject | 1 | 2 | 692 | 0.40 |
09:02:36 START per6 d=8 (6, 6, 4, 4, 2, 2) a=1 n_chi=42714 [inject]
  (6, 6, 4, 4, 2, 2) d=8: n_chi=42714 N_S=312656 stab=8 rows=405279
   p=2147483647: [M;Ev] 405288x42714, nnz 1790585; wiedemann ...
   p=2147483647: NONSINGULAR SEQ n=42714 nrows=405288 nnz=1790585 k=0 len=85428 secs=928.9 | BM deg=42714 f0=2069008114 secs=973.4 (1046s)
   p=2147483629: [M;Ev] 405288x42714, nnz 1790585; wiedemann ...
   p=2147483629: NONSINGULAR SEQ n=42714 nrows=405288 nnz=1790585 k=0 len=85428 secs=874.7 | BM deg=42714 f0=339336636 secs=918.3 (1978s)
09:35:34 | 8 | `(6, 6, 4, 4, 2, 2)` | 1 | 312656 | 8 | 42714 | inject | 1 | 0 | 1978 | 0.52 |
09:35:34 START per6 d=8 (7, 5, 5, 3, 3, 1) a=1 n_chi=43531 [inject]
  (7, 5, 5, 3, 3, 1) d=8: n_chi=43531 N_S=180545 stab=4 rows=364088
   p=2147483647: [M;Ev] 364097x43531, nnz 1643501; wiedemann ...
   p=2147483647: NONSINGULAR SEQ n=43531 nrows=364097 nnz=1643501 k=0 len=87062 secs=860.9 | BM deg=43531 f0=444058137 secs=905.9 (939s)
   p=2147483629: [M;Ev] 364097x43531, nnz 1643501; wiedemann ...
   p=2147483629: NONSINGULAR SEQ n=43531 nrows=364097 nnz=1643501 k=0 len=87062 secs=878.1 | BM deg=43531 f0=114426484 secs=923.4 (1878s)
10:06:52 | 8 | `(7, 5, 5, 3, 3, 1)` | 1 | 180545 | 4 | 43531 | inject | 1 | 0 | 1878 | 0.52 |
10:06:52 START per6 d=8 (7, 7, 4, 3, 2, 1) a=1 n_chi=46566 [inject]
  (7, 7, 4, 3, 2, 1) d=8: n_chi=46566 N_S=93818 stab=2 rows=231366
   p=2147483647: [M;Ev] 231375x46566, nnz 1285202; wiedemann ...
   p=2147483647: NONSINGULAR SEQ n=46566 nrows=231375 nnz=1285202 k=0 len=93132 secs=675.1 | BM deg=46566 f0=1725642212 secs=726.9 (750s)
   p=2147483629: [M;Ev] 231375x46566, nnz 1285202; wiedemann ...
   p=2147483629: NONSINGULAR SEQ n=46566 nrows=231375 nnz=1285202 k=0 len=93132 secs=663.2 | BM deg=46566 f0=1170659741 secs=715.2 (1476s)
10:31:27 | 8 | `(7, 7, 4, 3, 2, 1)` | 1 | 93818 | 2 | 46566 | inject | 1 | 0 | 1476 | 0.52 |
10:31:27 START per6 d=8 (8, 5, 5, 3, 2, 1) a=2 n_chi=48137 [inject]
  (8, 5, 5, 3, 2, 1) d=8: n_chi=48137 N_S=97524 stab=2 rows=270410
   p=2147483647: [M;Ev] 270419x48137, nnz 1410380; wiedemann ...
   p=2147483647: NONSINGULAR SEQ n=48137 nrows=270419 nnz=1410380 k=0 len=96274 secs=781.3 | BM deg=48137 f0=177768206 secs=836.7 (859s)
   p=2147483629: [M;Ev] 270419x48137, nnz 1410380; wiedemann ...
   p=2147483629: NONSINGULAR SEQ n=48137 nrows=270419 nnz=1410380 k=0 len=96274 secs=812.3 | BM deg=48137 f0=753137173 secs=867.5 (1740s)
11:00:27 | 8 | `(8, 5, 5, 3, 2, 1)` | 2 | 97524 | 2 | 48137 | inject | 1 | 1 | 1740 | 0.52 |
11:00:27 START per6 d=8 (8, 5, 4, 4, 2, 1) a=2 n_chi=57599 [inject]
  (8, 5, 4, 4, 2, 1) d=8: n_chi=57599 N_S=113091 stab=2 rows=311443
   p=2147483647: [M;Ev] 311452x57599, nnz 1589177; wiedemann ...
   p=2147483647: NONSINGULAR SEQ n=57599 nrows=311452 nnz=1589177 k=0 len=115198 secs=1063.0 | BM deg=57599 f0=535715021 secs=1143.0 (1169s)
   p=2147483629: [M;Ev] 311452x57599, nnz 1589177; wiedemann ...
   p=2147483629: NONSINGULAR SEQ n=57599 nrows=311452 nnz=1589177 k=0 len=115198 secs=1067.2 | BM deg=57599 f0=794150932 secs=1146.5 (2328s)
11:39:16 | 8 | `(8, 5, 4, 4, 2, 1)` | 2 | 113091 | 2 | 57599 | inject | 1 | 1 | 2328 | 0.52 |
11:39:16 START per6 d=8 (8, 5, 4, 3, 3, 1) a=1 n_chi=66629 [inject]
  (8, 5, 4, 3, 3, 1) d=8: n_chi=66629 N_S=137362 stab=2 rows=358309
   p=2147483647: [M;Ev] 358318x66629, nnz 1737473; wiedemann ...
   p=2147483647: NONSINGULAR SEQ n=66629 nrows=358318 nnz=1737473 k=0 len=133258 secs=1387.0 | BM deg=66629 f0=1973348839 secs=1494.6 (1531s)
   p=2147483629: [M;Ev] 358318x66629, nnz 1737473; wiedemann ...
   p=2147483629: NONSINGULAR SEQ n=66629 nrows=358318 nnz=1737473 k=0 len=133258 secs=1397.3 | BM deg=66629 f0=736020413 secs=1504.7 (3059s)
12:30:15 | 8 | `(8, 5, 4, 3, 3, 1)` | 1 | 137362 | 2 | 66629 | inject | 1 | 0 | 3059 | 0.52 |
12:30:15 START per6 d=8 (7, 6, 4, 4, 2, 1) a=2 n_chi=67627 [inject]
  (7, 6, 4, 4, 2, 1) d=8: n_chi=67627 N_S=132846 stab=2 rows=365399
   p=2147483647: [M;Ev] 365408x67627, nnz 1897811; wiedemann ...
   p=2147483647: NONSINGULAR SEQ n=67627 nrows=365408 nnz=1897811 k=0 len=135254 secs=1471.5 | BM deg=67627 f0=1483066098 secs=1582.1 (1620s)
   p=2147483629: [M;Ev] 365408x67627, nnz 1897811; wiedemann ...
   p=2147483629: NONSINGULAR SEQ n=67627 nrows=365408 nnz=1897811 k=0 len=135254 secs=1520.1 | BM deg=67627 f0=110561987 secs=1630.0 (3274s)
13:24:49 | 8 | `(7, 6, 4, 4, 2, 1)` | 2 | 132846 | 2 | 67627 | inject | 1 | 1 | 3274 | 0.52 |
13:24:49 START per6 d=8 (9, 5, 4, 3, 2, 1) a=3 n_chi=70309 [inject]
  (9, 5, 4, 3, 2, 1) d=8: n_chi=70309 N_S=70309 stab=1 rows=227565
   p=2147483647: [M;Ev] 227574x70309, nnz 1407939; wiedemann ...
