# Sceptical battery — cell (17, 12, 4, 1, 1, 1), delta 9, side pad: mult_pad = 7 < a = 8


## prime 2147483647: rank of 48 fresh pad-point evaluations on the HWV space = 7 (mult_pad confirmed = 7); vanishing subspace dim 1

### vanishing HWV #1: support 6804 of N_S = 99929 monomials (chi-coordinates nonzero: 1134 of 7025); normalised at its first monomial

- `c(0, 2, 1, 0, 0, 1) c(0, 3, 0, 0, 1, 0) c(0, 3, 1, 0, 0, 0) c(1, 2, 0, 1, 0, 0) c(2, 0, 2, 0, 0, 0) c(2, 2, 0, 0, 0, 0) c(4, 0, 0, 0, 0, 0) c(4, 0, 0, 0, 0, 0) c(4, 0, 0, 0, 0, 0)` : 1
- `c(0, 2, 1, 0, 0, 1) c(0, 3, 0, 0, 1, 0) c(0, 3, 1, 0, 0, 0) c(1, 2, 0, 1, 0, 0) c(2, 0, 2, 0, 0, 0) c(3, 1, 0, 0, 0, 0) c(3, 1, 0, 0, 0, 0) c(4, 0, 0, 0, 0, 0) c(4, 0, 0, 0, 0, 0)` : -805306368
- `c(0, 2, 1, 0, 0, 1) c(0, 3, 0, 0, 1, 0) c(0, 3, 1, 0, 0, 0) c(1, 2, 0, 1, 0, 0) c(2, 1, 1, 0, 0, 0) c(2, 1, 1, 0, 0, 0) c(4, 0, 0, 0, 0, 0) c(4, 0, 0, 0, 0, 0) c(4, 0, 0, 0, 0, 0)` : -536870912
- `c(0, 2, 1, 0, 0, 1) c(0, 3, 0, 0, 1, 0) c(0, 3, 1, 0, 0, 0) c(1, 2, 0, 1, 0, 0) c(2, 1, 1, 0, 0, 0) c(3, 0, 1, 0, 0, 0) c(3, 1, 0, 0, 0, 0) c(4, 0, 0, 0, 0, 0) c(4, 0, 0, 0, 0, 0)` : 805306368
- `c(0, 2, 1, 0, 0, 1) c(0, 3, 0, 0, 1, 0) c(0, 3, 1, 0, 0, 0) c(1, 2, 0, 1, 0, 0) c(2, 2, 0, 0, 0, 0) c(3, 0, 1, 0, 0, 0) c(3, 0, 1, 0, 0, 0) c(4, 0, 0, 0, 0, 0) c(4, 0, 0, 0, 0, 0)` : -805306368
- `c(0, 2, 1, 0, 0, 1) c(0, 3, 0, 0, 1, 0) c(0, 3, 1, 0, 0, 0) c(1, 2, 1, 0, 0, 0) c(2, 0, 1, 1, 0, 0) c(2, 2, 0, 0, 0, 0) c(4, 0, 0, 0, 0, 0) c(4, 0, 0, 0, 0, 0) c(4, 0, 0, 0, 0, 0)` : 1073741823
- `c(0, 2, 1, 0, 0, 1) c(0, 3, 0, 0, 1, 0) c(0, 3, 1, 0, 0, 0) c(1, 2, 1, 0, 0, 0) c(2, 0, 1, 1, 0, 0) c(3, 1, 0, 0, 0, 0) c(3, 1, 0, 0, 0, 0) c(4, 0, 0, 0, 0, 0) c(4, 0, 0, 0, 0, 0)` : 402653184
- `c(0, 2, 1, 0, 0, 1) c(0, 3, 0, 0, 1, 0) c(0, 3, 1, 0, 0, 0) c(1, 2, 1, 0, 0, 0) c(2, 1, 0, 1, 0, 0) c(2, 1, 1, 0, 0, 0) c(4, 0, 0, 0, 0, 0) c(4, 0, 0, 0, 0, 0) c(4, 0, 0, 0, 0, 0)` : 536870912

(full vector: `results/s41_cells/17_12_4_1_1_1_d9_pad_p2147483647_vec1.txt`)

(★) check: 6804 of 6804 monomials satisfy the reducible-locus condition — **the vector lies in I(X_6) by (★): a reducibility equation**

| family (independent symbolic construction, seed 2036) | points | nonzero values |
|---|---|---|
| truepad | 20 | 0 |
| l_cubic | 20 | 0 |
| generic | 20 | 19 |
| det | 20 | 20 |


## prime 2147483629: rank of 48 fresh pad-point evaluations on the HWV space = 7 (mult_pad confirmed = 7); vanishing subspace dim 1

### vanishing HWV #1: support 6804 of N_S = 99929 monomials (chi-coordinates nonzero: 1134 of 7025); normalised at its first monomial

- `c(0, 2, 1, 0, 0, 1) c(0, 3, 0, 0, 1, 0) c(0, 3, 1, 0, 0, 0) c(1, 2, 0, 1, 0, 0) c(2, 0, 2, 0, 0, 0) c(2, 2, 0, 0, 0, 0) c(4, 0, 0, 0, 0, 0) c(4, 0, 0, 0, 0, 0) c(4, 0, 0, 0, 0, 0)` : 1
- `c(0, 2, 1, 0, 0, 1) c(0, 3, 0, 0, 1, 0) c(0, 3, 1, 0, 0, 0) c(1, 2, 0, 1, 0, 0) c(2, 0, 2, 0, 0, 0) c(3, 1, 0, 0, 0, 0) c(3, 1, 0, 0, 0, 0) c(4, 0, 0, 0, 0, 0) c(4, 0, 0, 0, 0, 0)` : -268435454
- `c(0, 2, 1, 0, 0, 1) c(0, 3, 0, 0, 1, 0) c(0, 3, 1, 0, 0, 0) c(1, 2, 0, 1, 0, 0) c(2, 1, 1, 0, 0, 0) c(2, 1, 1, 0, 0, 0) c(4, 0, 0, 0, 0, 0) c(4, 0, 0, 0, 0, 0) c(4, 0, 0, 0, 0, 0)` : 536870907
- `c(0, 2, 1, 0, 0, 1) c(0, 3, 0, 0, 1, 0) c(0, 3, 1, 0, 0, 0) c(1, 2, 0, 1, 0, 0) c(2, 1, 1, 0, 0, 0) c(3, 0, 1, 0, 0, 0) c(3, 1, 0, 0, 0, 0) c(4, 0, 0, 0, 0, 0) c(4, 0, 0, 0, 0, 0)` : 268435454
- `c(0, 2, 1, 0, 0, 1) c(0, 3, 0, 0, 1, 0) c(0, 3, 1, 0, 0, 0) c(1, 2, 0, 1, 0, 0) c(2, 2, 0, 0, 0, 0) c(3, 0, 1, 0, 0, 0) c(3, 0, 1, 0, 0, 0) c(4, 0, 0, 0, 0, 0) c(4, 0, 0, 0, 0, 0)` : -268435454
- `c(0, 2, 1, 0, 0, 1) c(0, 3, 0, 0, 1, 0) c(0, 3, 1, 0, 0, 0) c(1, 2, 1, 0, 0, 0) c(2, 0, 1, 1, 0, 0) c(2, 2, 0, 0, 0, 0) c(4, 0, 0, 0, 0, 0) c(4, 0, 0, 0, 0, 0) c(4, 0, 0, 0, 0, 0)` : 1073741814
- `c(0, 2, 1, 0, 0, 1) c(0, 3, 0, 0, 1, 0) c(0, 3, 1, 0, 0, 0) c(1, 2, 1, 0, 0, 0) c(2, 0, 1, 1, 0, 0) c(3, 1, 0, 0, 0, 0) c(3, 1, 0, 0, 0, 0) c(4, 0, 0, 0, 0, 0) c(4, 0, 0, 0, 0, 0)` : 134217727
- `c(0, 2, 1, 0, 0, 1) c(0, 3, 0, 0, 1, 0) c(0, 3, 1, 0, 0, 0) c(1, 2, 1, 0, 0, 0) c(2, 1, 0, 1, 0, 0) c(2, 1, 1, 0, 0, 0) c(4, 0, 0, 0, 0, 0) c(4, 0, 0, 0, 0, 0) c(4, 0, 0, 0, 0, 0)` : -536870907

(full vector: `results/s41_cells/17_12_4_1_1_1_d9_pad_p2147483629_vec1.txt`)

(★) check: 6804 of 6804 monomials satisfy the reducible-locus condition — **the vector lies in I(X_6) by (★): a reducibility equation**

| family (independent symbolic construction, seed 2036) | points | nonzero values |
|---|---|---|
| truepad | 20 | 0 |
| l_cubic | 20 | 0 |
| generic | 20 | 20 |
| det | 20 | 20 |

