# Sceptical battery — cell (14, 8, 7, 1, 1, 1), delta 8, side pad: mult_pad = 8 < a = 9


## prime 2147483647: rank of 51 fresh pad-point evaluations on the HWV space = 8 (mult_pad confirmed = 8); vanishing subspace dim 1

### vanishing HWV #1: support 16344 of N_S = 138895 monomials (chi-coordinates nonzero: 2724 of 10542); normalised at its first monomial

- `c(0, 0, 3, 0, 0, 1) c(0, 1, 2, 0, 1, 0) c(0, 2, 1, 1, 0, 0) c(0, 3, 1, 0, 0, 0) c(2, 2, 0, 0, 0, 0) c(4, 0, 0, 0, 0, 0) c(4, 0, 0, 0, 0, 0) c(4, 0, 0, 0, 0, 0)` : 1
- `c(0, 0, 3, 0, 0, 1) c(0, 1, 2, 0, 1, 0) c(0, 2, 1, 1, 0, 0) c(0, 3, 1, 0, 0, 0) c(3, 1, 0, 0, 0, 0) c(3, 1, 0, 0, 0, 0) c(4, 0, 0, 0, 0, 0) c(4, 0, 0, 0, 0, 0)` : -805306368
- `c(0, 0, 3, 0, 0, 1) c(0, 1, 2, 0, 1, 0) c(0, 2, 1, 1, 0, 0) c(0, 4, 0, 0, 0, 0) c(2, 1, 1, 0, 0, 0) c(4, 0, 0, 0, 0, 0) c(4, 0, 0, 0, 0, 0) c(4, 0, 0, 0, 0, 0)` : -2
- `c(0, 0, 3, 0, 0, 1) c(0, 1, 2, 0, 1, 0) c(0, 2, 1, 1, 0, 0) c(0, 4, 0, 0, 0, 0) c(3, 0, 1, 0, 0, 0) c(3, 1, 0, 0, 0, 0) c(4, 0, 0, 0, 0, 0) c(4, 0, 0, 0, 0, 0)` : -1073741822
- `c(0, 0, 3, 0, 0, 1) c(0, 1, 2, 0, 1, 0) c(0, 2, 1, 1, 0, 0) c(1, 2, 1, 0, 0, 0) c(2, 2, 0, 0, 0, 0) c(3, 1, 0, 0, 0, 0) c(4, 0, 0, 0, 0, 0) c(4, 0, 0, 0, 0, 0)` : -536870912
- `c(0, 0, 3, 0, 0, 1) c(0, 1, 2, 0, 1, 0) c(0, 2, 1, 1, 0, 0) c(1, 2, 1, 0, 0, 0) c(3, 1, 0, 0, 0, 0) c(3, 1, 0, 0, 0, 0) c(3, 1, 0, 0, 0, 0) c(4, 0, 0, 0, 0, 0)` : 201326592
- `c(0, 0, 3, 0, 0, 1) c(0, 1, 2, 0, 1, 0) c(0, 2, 1, 1, 0, 0) c(1, 3, 0, 0, 0, 0) c(2, 1, 1, 0, 0, 0) c(3, 1, 0, 0, 0, 0) c(4, 0, 0, 0, 0, 0) c(4, 0, 0, 0, 0, 0)` : -1073741823
- `c(0, 0, 3, 0, 0, 1) c(0, 1, 2, 0, 1, 0) c(0, 2, 1, 1, 0, 0) c(1, 3, 0, 0, 0, 0) c(2, 2, 0, 0, 0, 0) c(3, 0, 1, 0, 0, 0) c(4, 0, 0, 0, 0, 0) c(4, 0, 0, 0, 0, 0)` : -536870912

(full vector: `results/s41_cells/14_8_7_1_1_1_d8_pad_p2147483647_vec1.txt`)

(★) check: 16344 of 16344 monomials satisfy the reducible-locus condition — **the vector lies in I(X_6) by (★): a reducibility equation**

| family (independent symbolic construction, seed 2036) | points | nonzero values |
|---|---|---|
| truepad | 20 | 0 |
| l_cubic | 20 | 0 |
| generic | 20 | 19 |
| det | 20 | 20 |


## prime 2147483629: rank of 51 fresh pad-point evaluations on the HWV space = 8 (mult_pad confirmed = 8); vanishing subspace dim 1

### vanishing HWV #1: support 16344 of N_S = 138895 monomials (chi-coordinates nonzero: 2724 of 10542); normalised at its first monomial

- `c(0, 0, 3, 0, 0, 1) c(0, 1, 2, 0, 1, 0) c(0, 2, 1, 1, 0, 0) c(0, 3, 1, 0, 0, 0) c(2, 2, 0, 0, 0, 0) c(4, 0, 0, 0, 0, 0) c(4, 0, 0, 0, 0, 0) c(4, 0, 0, 0, 0, 0)` : 1
- `c(0, 0, 3, 0, 0, 1) c(0, 1, 2, 0, 1, 0) c(0, 2, 1, 1, 0, 0) c(0, 3, 1, 0, 0, 0) c(3, 1, 0, 0, 0, 0) c(3, 1, 0, 0, 0, 0) c(4, 0, 0, 0, 0, 0) c(4, 0, 0, 0, 0, 0)` : -268435454
- `c(0, 0, 3, 0, 0, 1) c(0, 1, 2, 0, 1, 0) c(0, 2, 1, 1, 0, 0) c(0, 4, 0, 0, 0, 0) c(2, 1, 1, 0, 0, 0) c(4, 0, 0, 0, 0, 0) c(4, 0, 0, 0, 0, 0) c(4, 0, 0, 0, 0, 0)` : -2
- `c(0, 0, 3, 0, 0, 1) c(0, 1, 2, 0, 1, 0) c(0, 2, 1, 1, 0, 0) c(0, 4, 0, 0, 0, 0) c(3, 0, 1, 0, 0, 0) c(3, 1, 0, 0, 0, 0) c(4, 0, 0, 0, 0, 0) c(4, 0, 0, 0, 0, 0)` : -1073741813
- `c(0, 0, 3, 0, 0, 1) c(0, 1, 2, 0, 1, 0) c(0, 2, 1, 1, 0, 0) c(1, 2, 1, 0, 0, 0) c(2, 2, 0, 0, 0, 0) c(3, 1, 0, 0, 0, 0) c(4, 0, 0, 0, 0, 0) c(4, 0, 0, 0, 0, 0)` : 536870907
- `c(0, 0, 3, 0, 0, 1) c(0, 1, 2, 0, 1, 0) c(0, 2, 1, 1, 0, 0) c(1, 2, 1, 0, 0, 0) c(3, 1, 0, 0, 0, 0) c(3, 1, 0, 0, 0, 0) c(3, 1, 0, 0, 0, 0) c(4, 0, 0, 0, 0, 0)` : -1006632951
- `c(0, 0, 3, 0, 0, 1) c(0, 1, 2, 0, 1, 0) c(0, 2, 1, 1, 0, 0) c(1, 3, 0, 0, 0, 0) c(2, 1, 1, 0, 0, 0) c(3, 1, 0, 0, 0, 0) c(4, 0, 0, 0, 0, 0) c(4, 0, 0, 0, 0, 0)` : -1073741814
- `c(0, 0, 3, 0, 0, 1) c(0, 1, 2, 0, 1, 0) c(0, 2, 1, 1, 0, 0) c(1, 3, 0, 0, 0, 0) c(2, 2, 0, 0, 0, 0) c(3, 0, 1, 0, 0, 0) c(4, 0, 0, 0, 0, 0) c(4, 0, 0, 0, 0, 0)` : 536870907

(full vector: `results/s41_cells/14_8_7_1_1_1_d8_pad_p2147483629_vec1.txt`)

(★) check: 16344 of 16344 monomials satisfy the reducible-locus condition — **the vector lies in I(X_6) by (★): a reducibility equation**

| family (independent symbolic construction, seed 2036) | points | nonzero values |
|---|---|---|
| truepad | 20 | 0 |
| l_cubic | 20 | 0 |
| generic | 20 | 20 |
| det | 20 | 20 |

