REDO 8 9,6,5,2,1,1 a=2
  (9, 6, 5, 2, 1, 1) d=8: n_chi=9460 N_S=24099 stab=2 rows=30256
   p=2147483647: [M;Ev] 30266x9460, nnz 190526; wiedemann ...
   p=2147483647: NONSINGULAR SEQ n=9460 nrows=30266 nnz=190526 k=0 len=18920 secs=10.0 | BM deg=9460 f0=1738345469 secs=11.1 (13s)
   p=2147483629: [M;Ev] 30266x9460, nnz 190526; wiedemann ...
   p=2147483629: NONSINGULAR SEQ n=9460 nrows=30266 nnz=190526 k=0 len=18920 secs=10.4 | BM deg=9460 f0=619883474 secs=11.4 (26s)
15:58:16 | 8 | `(9, 6, 5, 2, 1, 1)` | 2 | 24099 | 2 | 9460 | inject | 2 | 0 | 26 | 0.09 |
REDO 8 10,5,4,3,1,1 a=2
  (10, 5, 4, 3, 1, 1) d=8: n_chi=10211 N_S=25911 stab=2 rows=31802
   p=2147483647: [M;Ev] 31812x10211, nnz 203697; wiedemann ...
   p=2147483647: NONSINGULAR SEQ n=10211 nrows=31812 nnz=203697 k=0 len=20422 secs=11.5 | BM deg=10211 f0=1751555066 secs=12.8 (15s)
   p=2147483629: [M;Ev] 31812x10211, nnz 203697; wiedemann ...
   p=2147483629: NONSINGULAR SEQ n=10211 nrows=31812 nnz=203697 k=0 len=20422 secs=11.6 | BM deg=10211 f0=1999002911 secs=12.9 (29s)
15:58:45 | 8 | `(10, 5, 4, 3, 1, 1)` | 2 | 25911 | 2 | 10211 | inject | 2 | 0 | 29 | 0.09 |
REDO 8 8,7,5,2,1,1 a=2
  (8, 7, 5, 2, 1, 1) d=8: n_chi=10745 N_S=27275 stab=2 rows=34842
   p=2147483647: [M;Ev] 34852x10745, nnz 220207; wiedemann ...
   p=2147483647: NONSINGULAR SEQ n=10745 nrows=34852 nnz=220207 k=0 len=21490 secs=12.9 | BM deg=10745 f0=665749783 secs=14.4 (18s)
   p=2147483629: [M;Ev] 34852x10745, nnz 220207; wiedemann ...
   p=2147483629: NONSINGULAR SEQ n=10745 nrows=34852 nnz=220207 k=0 len=21490 secs=13.4 | BM deg=10745 f0=88823892 secs=14.9 (34s)
15:59:20 | 8 | `(8, 7, 5, 2, 1, 1)` | 2 | 27275 | 2 | 10745 | inject | 2 | 0 | 34 | 0.09 |
REDO 8 11,5,3,2,2,1 a=2
  (11, 5, 3, 2, 2, 1) d=8: n_chi=10929 N_S=20242 stab=2 rows=51385
   p=2147483647: [M;Ev] 51395x10929, nnz 250720; wiedemann ...
   p=2147483647: NONSINGULAR SEQ n=10929 nrows=51395 nnz=250720 k=0 len=21858 secs=15.3 | BM deg=10929 f0=1981403483 secs=16.8 (19s)
   p=2147483629: [M;Ev] 51395x10929, nnz 250720; wiedemann ...
   p=2147483629: NONSINGULAR SEQ n=10929 nrows=51395 nnz=250720 k=0 len=21858 secs=15.6 | BM deg=10929 f0=219733413 secs=17.1 (37s)
15:59:57 | 8 | `(11, 5, 3, 2, 2, 1)` | 2 | 20242 | 2 | 10929 | inject | 2 | 0 | 37 | 0.09 |
REDO 8 8,5,5,4,1,1 a=2
  (8, 5, 5, 4, 1, 1) d=8: n_chi=11913 N_S=59497 stab=4 rows=66210
   p=2147483647: [M;Ev] 66220x11913, nnz 356196; wiedemann ...
   p=2147483647: NONSINGULAR SEQ n=11913 nrows=66220 nnz=356196 k=0 len=23826 secs=24.9 | BM deg=11913 f0=1958626603 secs=26.8 (32s)
   p=2147483629: [M;Ev] 66220x11913, nnz 356196; wiedemann ...
   p=2147483629: NONSINGULAR SEQ n=11913 nrows=66220 nnz=356196 k=0 len=23826 secs=25.2 | BM deg=11913 f0=234231337 secs=27.0 (61s)
16:00:58 | 8 | `(8, 5, 5, 4, 1, 1)` | 2 | 59497 | 4 | 11913 | inject | 2 | 0 | 61 | 0.11 |
REDO 8 9,6,4,3,1,1 a=2
  (9, 6, 4, 3, 1, 1) d=8: n_chi=13286 N_S=33527 stab=2 rows=41681
   p=2147483647: [M;Ev] 41691x13286, nnz 270766; wiedemann ...
   p=2147483647: NONSINGULAR SEQ n=13286 nrows=41691 nnz=270766 k=0 len=26572 secs=20.8 | BM deg=13286 f0=377112910 secs=23.0 (27s)
   p=2147483629: [M;Ev] 41691x13286, nnz 270766; wiedemann ...
   p=2147483629: NONSINGULAR SEQ n=13286 nrows=41691 nnz=270766 k=0 len=26572 secs=20.3 | BM deg=13286 f0=707122005 secs=22.5 (50s)
16:01:49 | 8 | `(9, 6, 4, 3, 1, 1)` | 2 | 33527 | 2 | 13286 | inject | 2 | 0 | 50 | 0.09 |
REDO 8 10,6,3,2,2,1 a=3
  (10, 6, 3, 2, 2, 1) d=8: n_chi=14640 N_S=27177 stab=2 rows=69178
   p=2147483647: [M;Ev] 69189x14640, nnz 356920; wiedemann ...
   p=2147483647: NONSINGULAR SEQ n=14640 nrows=69189 nnz=356920 k=0 len=29280 secs=29.2 | BM deg=14640 f0=561748640 secs=32.0 (35s)
   p=2147483629: [M;Ev] 69189x14640, nnz 356920; wiedemann ...
   p=2147483629: NONSINGULAR SEQ n=14640 nrows=69189 nnz=356920 k=0 len=29280 secs=29.7 | BM deg=14640 f0=1290929591 secs=32.5 (68s)
16:02:57 | 8 | `(10, 6, 3, 2, 2, 1)` | 3 | 27177 | 2 | 14640 | inject | 3 | 0 | 68 | 0.10 |
REDO 8 9,6,3,2,2,2 a=2
  (9, 6, 3, 2, 2, 2) d=8: n_chi=14882 N_S=73647 stab=6 rows=153708
   p=2147483647: [M;Ev] 153718x14882, nnz 520627; wiedemann ...
   p=2147483647: NONSINGULAR SEQ n=14882 nrows=153718 nnz=520627 k=0 len=29764 secs=45.8 | BM deg=14882 f0=311546320 secs=48.7 (55s)
   p=2147483629: [M;Ev] 153718x14882, nnz 520627; wiedemann ...
   p=2147483629: NONSINGULAR SEQ n=14882 nrows=153718 nnz=520627 k=0 len=29764 secs=45.0 | BM deg=14882 f0=1005451640 secs=47.9 (104s)
16:04:42 | 8 | `(9, 6, 3, 2, 2, 2)` | 2 | 73647 | 6 | 14882 | inject | 2 | 0 | 104 | 0.15 |
REDO 8 8,7,4,3,1,1 a=2
  (8, 7, 4, 3, 1, 1) d=8: n_chi=15112 N_S=38006 stab=2 rows=48203
   p=2147483647: [M;Ev] 48213x15112, nnz 313460; wiedemann ...
   p=2147483647: NONSINGULAR SEQ n=15112 nrows=48213 nnz=313460 k=0 len=30224 secs=27.6 | BM deg=15112 f0=1111493372 secs=30.5 (34s)
   p=2147483629: [M;Ev] 48213x15112, nnz 313460; wiedemann ...
   p=2147483629: NONSINGULAR SEQ n=15112 nrows=48213 nnz=313460 k=0 len=30224 secs=27.2 | BM deg=15112 f0=2107109768 secs=30.1 (64s)
16:05:47 | 8 | `(8, 7, 4, 3, 1, 1)` | 2 | 38006 | 2 | 15112 | inject | 2 | 0 | 64 | 0.10 |
REDO 8 9,7,3,2,2,1 a=3
  (9, 7, 3, 2, 2, 1) d=8: n_chi=17309 N_S=32204 stab=2 rows=82777
   p=2147483647: [M;Ev] 82788x17309, nnz 428952; wiedemann ...
   p=2147483647: NONSINGULAR SEQ n=17309 nrows=82788 nnz=428952 k=0 len=34618 secs=42.0 | BM deg=17309 f0=1474027979 secs=45.7 (49s)
   p=2147483629: [M;Ev] 82788x17309, nnz 428952; wiedemann ...
   p=2147483629: NONSINGULAR SEQ n=17309 nrows=82788 nnz=428952 k=0 len=34618 secs=41.3 | BM deg=17309 f0=590758989 secs=45.2 (95s)
16:07:22 | 8 | `(9, 7, 3, 2, 2, 1)` | 3 | 32204 | 2 | 17309 | inject | 3 | 0 | 95 | 0.10 |
REDO 8 8,6,5,3,1,1 a=2
  (8, 6, 5, 3, 1, 1) d=8: n_chi=18455 N_S=46167 stab=2 rows=58809
   p=2147483647: [M;Ev] 58819x18455, nnz 385753; wiedemann ...
   p=2147483647: NONSINGULAR SEQ n=18455 nrows=58819 nnz=385753 k=0 len=36910 secs=39.7 | BM deg=18455 f0=1188095425 secs=44.0 (48s)
   p=2147483629: [M;Ev] 58819x18455, nnz 385753; wiedemann ...
   p=2147483629: NONSINGULAR SEQ n=18455 nrows=58819 nnz=385753 k=0 len=36910 secs=40.8 | BM deg=18455 f0=193283425 secs=45.1 (94s)
16:08:57 | 8 | `(8, 6, 5, 3, 1, 1)` | 2 | 46167 | 2 | 18455 | inject | 2 | 0 | 94 | 0.10 |
REDO 8 10,5,4,2,2,1 a=3
  (10, 5, 4, 2, 2, 1) d=8: n_chi=18718 N_S=34830 stab=2 rows=87530
   p=2147483647: [M;Ev] 87541x18718, nnz 459908; wiedemann ...
   p=2147483647: NONSINGULAR SEQ n=18718 nrows=87541 nnz=459908 k=0 len=37436 secs=48.4 | BM deg=18718 f0=365123852 secs=52.9 (57s)
   p=2147483629: [M;Ev] 87541x18718, nnz 459908; wiedemann ...
   p=2147483629: NONSINGULAR SEQ n=18718 nrows=87541 nnz=459908 k=0 len=37436 secs=48.9 | BM deg=18718 f0=144179464 secs=53.4 (112s)
16:10:49 | 8 | `(10, 5, 4, 2, 2, 1)` | 3 | 34830 | 2 | 18718 | inject | 3 | 0 | 112 | 0.11 |
REDO 8 9,5,4,2,2,2 a=2
  (9, 5, 4, 2, 2, 2) d=8: n_chi=19085 N_S=95075 stab=6 rows=195683
   p=2147483647: [M;Ev] 195693x19085, nnz 674478; wiedemann ...
   p=2147483647: NONSINGULAR SEQ n=19085 nrows=195693 nnz=674478 k=0 len=38170 secs=72.9 | BM deg=19085 f0=1762220661 secs=77.6 (87s)
   p=2147483629: [M;Ev] 195693x19085, nnz 674478; wiedemann ...
   p=2147483629: NONSINGULAR SEQ n=19085 nrows=195693 nnz=674478 k=0 len=38170 secs=73.0 | BM deg=19085 f0=1118703234 secs=77.7 (166s)
16:13:35 | 8 | `(9, 5, 4, 2, 2, 2)` | 2 | 95075 | 6 | 19085 | inject | 2 | 0 | 166 | 0.17 |
REDO 8 8,6,4,2,2,2 a=3
  (8, 6, 4, 2, 2, 2) d=8: n_chi=23686 N_S=118439 stab=6 rows=244113
   p=2147483647: [M;Ev] 244124x23686, nnz 873693; wiedemann ...
   p=2147483647: NONSINGULAR SEQ n=23686 nrows=244124 nnz=873693 k=0 len=47372 secs=115.9 | BM deg=23686 f0=904882404 secs=123.0 (134s)
   p=2147483629: [M;Ev] 244124x23686, nnz 873693; wiedemann ...
   p=2147483629: NONSINGULAR SEQ n=23686 nrows=244124 nnz=873693 k=0 len=47372 secs=121.6 | BM deg=23686 f0=1708353483 secs=128.9 (266s)
16:18:02 | 8 | `(8, 6, 4, 2, 2, 2)` | 3 | 118439 | 6 | 23686 | inject | 3 | 0 | 266 | 0.20 |
REDO 8 9,6,4,2,2,1 a=5
  (9, 6, 4, 2, 2, 1) d=8: n_chi=24216 N_S=45162 stab=2 rows=113894
   p=2147483647: [M;Ev] 113907x24216, nnz 654499; wiedemann ...
   p=2147483647: NONSINGULAR SEQ n=24216 nrows=113907 nnz=654499 k=0 len=48432 secs=88.4 | BM deg=24216 f0=301254266 secs=96.0 (101s)
   p=2147483629: [M;Ev] 113907x24216, nnz 654499; wiedemann ...
   p=2147483629: NONSINGULAR SEQ n=24216 nrows=113907 nnz=654499 k=0 len=48432 secs=88.5 | BM deg=24216 f0=1882798521 secs=95.9 (199s)
16:21:21 | 8 | `(9, 6, 4, 2, 2, 1)` | 5 | 45162 | 2 | 24216 | inject | 5 | 0 | 199 | 0.12 |
REDO 8 8,7,4,2,2,1 a=3
  (8, 7, 4, 2, 2, 1) d=8: n_chi=27442 N_S=51249 stab=2 rows=130710
   p=2147483647: [M;Ev] 130721x27442, nnz 697531; wiedemann ...
   p=2147483647: NONSINGULAR SEQ n=27442 nrows=130721 nnz=697531 k=0 len=54884 secs=104.9 | BM deg=27442 f0=2119064318 secs=114.4 (120s)
   p=2147483629: [M;Ev] 130721x27442, nnz 697531; wiedemann ...
   p=2147483629: NONSINGULAR SEQ n=27442 nrows=130721 nnz=697531 k=0 len=54884 secs=106.4 | BM deg=27442 f0=1965992440 secs=116.1 (238s)
16:25:19 | 8 | `(8, 7, 4, 2, 2, 1)` | 3 | 51249 | 2 | 27442 | inject | 3 | 0 | 238 | 0.13 |
REDO 8 8,6,5,2,2,1 a=3
  (8, 6, 5, 2, 2, 1) d=8: n_chi=33307 N_S=62335 stab=2 rows=157963
   p=2147483647: [M;Ev] 157974x33307, nnz 852845; wiedemann ...
   p=2147483647: NONSINGULAR SEQ n=33307 nrows=157974 nnz=852845 k=0 len=66614 secs=158.3 | BM deg=33307 f0=755373644 secs=172.3 (179s)
   p=2147483629: [M;Ev] 157974x33307, nnz 852845; wiedemann ...
   p=2147483629: NONSINGULAR SEQ n=33307 nrows=157974 nnz=852845 k=0 len=66614 secs=155.9 | BM deg=33307 f0=479604262 secs=169.9 (351s)
16:31:11 | 8 | `(8, 6, 5, 2, 2, 1)` | 3 | 62335 | 2 | 33307 | inject | 3 | 0 | 351 | 0.14 |
REDO 8 8,5,5,3,2,1 a=2
  (8, 5, 5, 3, 2, 1) d=8: n_chi=48137 N_S=97524 stab=2 rows=270410
   p=2147483647: [M;Ev] 270420x48137, nnz 1458517; wiedemann ...
   p=2147483647: NONSINGULAR SEQ n=48137 nrows=270420 nnz=1458517 k=0 len=96274 secs=403.1 | BM deg=48137 f0=273327927 secs=431.9 (443s)
   p=2147483629: [M;Ev] 270420x48137, nnz 1458517; wiedemann ...
   p=2147483629: NONSINGULAR SEQ n=48137 nrows=270420 nnz=1458517 k=0 len=96274 secs=395.7 | BM deg=48137 f0=599241761 secs=425.7 (874s)
16:45:46 | 8 | `(8, 5, 5, 3, 2, 1)` | 2 | 97524 | 2 | 48137 | inject | 2 | 0 | 874 | 0.20 |
REDO 8 8,5,4,4,2,1 a=2
  (8, 5, 4, 4, 2, 1) d=8: n_chi=57599 N_S=113091 stab=2 rows=311443
   p=2147483647: [M;Ev] 311453x57599, nnz 1646776; wiedemann ...
   p=2147483647: NONSINGULAR SEQ n=57599 nrows=311453 nnz=1646776 k=0 len=115198 secs=529.9 | BM deg=57599 f0=708279108 secs=571.8 (587s)
   p=2147483629: [M;Ev] 311453x57599, nnz 1646776; wiedemann ...
   p=2147483629: NONSINGULAR SEQ n=57599 nrows=311453 nnz=1646776 k=0 len=115198 secs=527.0 | BM deg=57599 f0=415868697 secs=569.0 (1164s)
17:05:10 | 8 | `(8, 5, 4, 4, 2, 1)` | 2 | 113091 | 2 | 57599 | inject | 2 | 0 | 1164 | 0.22 |
REDO 8 7,6,4,4,2,1 a=2
  (7, 6, 4, 4, 2, 1) d=8: n_chi=67627 N_S=132846 stab=2 rows=365399
   p=2147483647: [M;Ev] 365409x67627, nnz 1965438; wiedemann ...
   p=2147483647: NONSINGULAR SEQ n=67627 nrows=365409 nnz=1965438 k=0 len=135254 secs=742.4 | BM deg=67627 f0=1042776280 secs=800.6 (835s)
   p=2147483629: [M;Ev] 365409x67627, nnz 1965438; wiedemann ...
   p=2147483629: NONSINGULAR SEQ n=67627 nrows=365409 nnz=1965438 k=0 len=135254 secs=748.4 | BM deg=67627 f0=910481265 secs=806.6 (1651s)
17:32:41 | 8 | `(7, 6, 4, 4, 2, 1)` | 2 | 132846 | 2 | 67627 | inject | 2 | 0 | 1651 | 0.24 |
  (9, 5, 4, 3, 2, 1) d=8: n_chi=70309 N_S=70309 stab=1 rows=227565
   p=2147483647: [M;Ev] 227576x70309, nnz 1548557; wiedemann ...
   p=2147483647: NONSINGULAR SEQ n=70309 nrows=227576 nnz=1548557 k=0 len=140618 secs=590.3 | BM deg=70309 f0=765075989 secs=653.6 (665s)
   p=2147483629: [M;Ev] 227576x70309, nnz 1548557; wiedemann ...
   p=2147483629: NONSINGULAR SEQ n=70309 nrows=227576 nnz=1548557 k=0 len=140618 secs=593.6 | BM deg=70309 f0=2052214365 secs=657.9 (1325s)
18:13:00 | 8 | `(9, 5, 4, 3, 2, 1)` | 3 | 70309 | 1 | 70309 | inject | 3 | 0 | 1325 | 0.19 |
