04:53:47 == delta=8: 91 length-6 weights with a>=1, sum a = 139
04:58:57    41 unmeasured; 0 inside (6000, 6500]
04:58:57    skip (9, 6, 5, 2, 1, 1) a=2 n_chi=9460 (outside (6000, 6500])
04:58:57    skip (10, 5, 4, 3, 1, 1) a=2 n_chi=10211 (outside (6000, 6500])
04:58:57    skip (8, 7, 5, 2, 1, 1) a=2 n_chi=10745 (outside (6000, 6500])
04:58:57    skip (11, 5, 3, 2, 2, 1) a=2 n_chi=10929 (outside (6000, 6500])
04:58:57    skip (8, 5, 5, 4, 1, 1) a=2 n_chi=11913 (outside (6000, 6500])
04:58:57    skip (9, 6, 4, 3, 1, 1) a=2 n_chi=13286 (outside (6000, 6500])
04:58:57    skip (10, 6, 3, 2, 2, 1) a=3 n_chi=14640 (outside (6000, 6500])
04:58:57    skip (9, 6, 3, 2, 2, 2) a=2 n_chi=14882 (outside (6000, 6500])
04:58:57    skip (8, 7, 4, 3, 1, 1) a=2 n_chi=15112 (outside (6000, 6500])
04:58:57    skip (9, 7, 3, 2, 2, 1) a=3 n_chi=17309 (outside (6000, 6500])
04:58:57    skip (8, 6, 5, 3, 1, 1) a=2 n_chi=18455 (outside (6000, 6500])
04:58:57    skip (10, 5, 4, 2, 2, 1) a=3 n_chi=18718 (outside (6000, 6500])
04:58:57    skip (9, 5, 4, 2, 2, 2) a=2 n_chi=19085 (outside (6000, 6500])
04:58:57    skip (8, 6, 4, 2, 2, 2) a=3 n_chi=23686 (outside (6000, 6500])
04:58:57    skip (9, 6, 4, 2, 2, 1) a=5 n_chi=24216 (outside (6000, 6500])
04:58:57 START per6 d=8 (10, 4, 4, 3, 2, 1) a=1 n_chi=24796 [inject]
  (10, 4, 4, 3, 2, 1) d=8: n_chi=24796 N_S=48517 stab=2 rows=131305
   p=2147483647: [M;Ev] 131314x24796, nnz 664815; wiedemann ...
   p=2147483647: NONSINGULAR SEQ n=24796 nrows=131314 nnz=664815 k=0 len=49592 secs=184.0 | BM deg=24796 f0=1904499171 secs=199.0 (207s)
   p=2147483629: [M;Ev] 131314x24796, nnz 664815; wiedemann ...
   p=2147483629: NONSINGULAR SEQ n=24796 nrows=131314 nnz=664815 k=0 len=49592 secs=189.2 | BM deg=24796 f0=138255960 secs=203.4 (413s)
05:05:49 | 8 | `(10, 4, 4, 3, 2, 1)` | 1 | 48517 | 2 | 24796 | inject | 1 | 0 | 413 | 0.36 |
05:05:49 START per6 d=8 (9, 6, 3, 3, 2, 1) a=1 n_chi=26286 [inject]
  (9, 6, 3, 3, 2, 1) d=8: n_chi=26286 N_S=54539 stab=2 rows=142153
   p=2147483647: [M;Ev] 142162x26286, nnz 676570; wiedemann ...
   p=2147483647: NONSINGULAR SEQ n=26286 nrows=142162 nnz=676570 k=0 len=52572 secs=199.2 | BM deg=26286 f0=746614902 secs=215.3 (224s)
   p=2147483629: [M;Ev] 142162x26286, nnz 676570; wiedemann ...
   p=2147483629: NONSINGULAR SEQ n=26286 nrows=142162 nnz=676570 k=0 len=52572 secs=199.2 | BM deg=26286 f0=1508953769 secs=215.3 (443s)
05:13:13 | 8 | `(9, 6, 3, 3, 2, 1)` | 1 | 54539 | 2 | 26286 | inject | 1 | 0 | 443 | 0.36 |
05:13:13    skip (8, 7, 4, 2, 2, 1) a=3 n_chi=27442 (outside (6000, 6500])
05:13:13 START per6 d=8 (7, 6, 5, 4, 1, 1) a=1 n_chi=28118 [inject]
  (7, 6, 5, 4, 1, 1) d=8: n_chi=28118 N_S=69707 stab=2 rows=90510
   p=2147483647: [M;Ev] 90519x28118, nnz 576982; wiedemann ...
   p=2147483647: NONSINGULAR SEQ n=28118 nrows=90519 nnz=576982 k=0 len=56236 secs=176.3 | BM deg=28118 f0=467965132 secs=194.6 (205s)
   p=2147483629: [M;Ev] 90519x28118, nnz 576982; wiedemann ...
   p=2147483629: NONSINGULAR SEQ n=28118 nrows=90519 nnz=576982 k=0 len=56236 secs=176.8 | BM deg=28118 f0=1237958636 secs=195.1 (403s)
05:19:56 | 8 | `(7, 6, 5, 4, 1, 1)` | 1 | 69707 | 2 | 28118 | inject | 1 | 0 | 403 | 0.36 |
05:19:56 START per6 d=8 (8, 7, 3, 3, 2, 1) a=1 n_chi=29892 [inject]
  (8, 7, 3, 3, 2, 1) d=8: n_chi=29892 N_S=61958 stab=2 rows=162185
   p=2147483647: [M;Ev] 162194x29892, nnz 781227; wiedemann ...
   p=2147483647: NONSINGULAR SEQ n=29892 nrows=162194 nnz=781227 k=0 len=59784 secs=262.7 | BM deg=29892 f0=86349478 secs=283.5 (293s)
   p=2147483629: [M;Ev] 162194x29892, nnz 781227; wiedemann ...
   p=2147483629: NONSINGULAR SEQ n=29892 nrows=162194 nnz=781227 k=0 len=59784 secs=277.4 | BM deg=29892 f0=1759161354 secs=298.3 (596s)
05:29:51 | 8 | `(8, 7, 3, 3, 2, 1)` | 1 | 61958 | 2 | 29892 | inject | 1 | 0 | 596 | 0.36 |
05:29:51 START per6 d=8 (7, 6, 5, 2, 2, 2) a=1 n_chi=30786 [inject]
  (7, 6, 5, 2, 2, 2) d=8: n_chi=30786 N_S=155357 stab=6 rows=319598
   p=2147483647: [M;Ev] 319607x30786, nnz 1098707; wiedemann ...
   p=2147483647: NONSINGULAR SEQ n=30786 nrows=319607 nnz=1098707 k=0 len=61572 secs=398.6 | BM deg=30786 f0=1107256399 secs=420.8 (445s)
   p=2147483629: [M;Ev] 319607x30786, nnz 1098707; wiedemann ...
   p=2147483629: NONSINGULAR SEQ n=30786 nrows=319607 nnz=1098707 k=0 len=61572 secs=407.1 | BM deg=30786 f0=995426030 secs=430.5 (883s)
05:44:35 | 8 | `(7, 6, 5, 2, 2, 2)` | 1 | 155357 | 6 | 30786 | inject | 1 | 0 | 883 | 0.42 |
05:44:35    skip (8, 6, 5, 2, 2, 1) a=3 n_chi=33307 (outside (6000, 6500])
05:44:35 START per6 d=8 (9, 4, 4, 3, 2, 2) a=1 n_chi=36326 [inject]
  (9, 4, 4, 3, 2, 2) d=8: n_chi=36326 N_S=133637 stab=4 rows=245901
   p=2147483647: [M;Ev] 245910x36326, nnz 1100631; wiedemann ...
   p=2147483647: NONSINGULAR SEQ n=36326 nrows=245910 nnz=1100631 k=0 len=72652 secs=468.9 | BM deg=36326 f0=1132136012 secs=501.4 (523s)
   p=2147483629: [M;Ev] 245910x36326, nnz 1100631; wiedemann ...
   p=2147483629: NONSINGULAR SEQ n=36326 nrows=245910 nnz=1100631 k=0 len=72652 secs=475.5 | BM deg=36326 f0=881060119 secs=506.7 (1037s)
06:01:52 | 8 | `(9, 4, 4, 3, 2, 2)` | 1 | 133637 | 4 | 36326 | inject | 1 | 0 | 1037 | 0.42 |
06:01:52 START per6 d=8 (6, 6, 4, 4, 2, 2) a=1 n_chi=42714 [inject]
  (6, 6, 4, 4, 2, 2) d=8: n_chi=42714 N_S=312656 stab=8 rows=405279
   p=2147483647: [M;Ev] 405288x42714, nnz 1790585; wiedemann ...
   p=2147483647: NONSINGULAR SEQ n=42714 nrows=405288 nnz=1790585 k=0 len=85428 secs=874.4 | BM deg=42714 f0=2069008114 secs=917.6 (969s)
   p=2147483629: [M;Ev] 405288x42714, nnz 1790585; wiedemann ...
15:03:02 == delta=8: 91 length-6 weights with a>=1, sum a = 139
15:04:49    11 unmeasured; 0 inside (6000, 6500]
15:04:49 START per6 d=8 (9, 5, 4, 3, 2, 1) a=3 n_chi=70309 [inject]
  (9, 5, 4, 3, 2, 1) d=8: n_chi=70309 N_S=70309 stab=1 rows=227565
   p=2147483647: [M;Ev] 227574x70309, nnz 1407939; wiedemann ...
   p=2147483647: NONSINGULAR SEQ n=70309 nrows=227574 nnz=1407939 k=0 len=140618 secs=552.1 | BM deg=70309 f0=760471188 secs=617.2 (629s)
   p=2147483629: [M;Ev] 227574x70309, nnz 1407939; wiedemann ...
   p=2147483629: NONSINGULAR SEQ n=70309 nrows=227574 nnz=1407939 k=0 len=140618 secs=555.0 | BM deg=70309 f0=824635983 secs=619.2 (1255s)
15:25:44 | 8 | `(9, 5, 4, 3, 2, 1)` | 3 | 70309 | 1 | 70309 | inject | 1 | 2 | 1255 | 0.37 |
15:25:44 START per6 d=8 (7, 5, 5, 4, 2, 1) a=1 n_chi=73311 [inject]
  (7, 5, 5, 4, 2, 1) d=8: n_chi=73311 N_S=148371 stab=2 rows=430524
   p=2147483647: [M;Ev] 430533x73311, nnz 2238122; wiedemann ...
   p=2147483647: NONSINGULAR SEQ n=73311 nrows=430533 nnz=2238122 k=0 len=146622 secs=939.2 | BM deg=73311 f0=1710888198 secs=1009.4 (1031s)
   p=2147483629: [M;Ev] 430533x73311, nnz 2238122; wiedemann ...
