04:53:36 worker big: 41 cells in class (8 to pick up after), split 5700
04:53:36 START (18, 5, 5, 2, 1, 1) d=8 a=5 n_chi=12341 (pred 2.5 GB, free 7.3, timeout 4081s)
05:07:19 | 8 | `(18, 5, 5, 2, 1, 1)` | 5 | 861 | 62929 | 4 | 12341 | 62045 | inplace | 5 | 5 | 5 | +0 | 821 | 1.92 |
05:07:19 START (13, 9, 7, 1, 1, 1) d=8 a=11 n_chi=13016 (pred 2.8 GB, free 6.7, timeout 4712s)
05:23:23   *** (13, 9, 7, 1, 1, 1) d=8 a=11 n_chi=13016: mult_pad = 10 < a = 11: independent re-check (3a+24 = 57 points, seed 907, both primes)
05:40:24 | 8 | `(13, 9, 7, 1, 1, 1)` | 11 | 2321 | 168287 | 6 | 13016 | 37550 | inplace | 11 | 10 | 10 | -1 | 963 | 2.13 |
05:40:24 START (18, 6, 3, 3, 1, 1) d=8 a=3 n_chi=13116 (pred 2.8 GB, free 6.9, timeout 4811s)
05:56:33 | 8 | `(18, 6, 3, 3, 1, 1)` | 3 | 1194 | 67918 | 4 | 13116 | 72355 | inplace | 3 | 3 | 3 | +0 | 969 | 2.14 |
05:56:33 START (19, 5, 4, 2, 1, 1) d=8 a=2 n_chi=13615 (pred 3.0 GB, free 6.7, timeout 5321s)
06:13:31 | 8 | `(19, 5, 4, 2, 1, 1)` | 2 | 701 | 35111 | 2 | 13615 | 41690 | inplace | 2 | 2 | 2 | +0 | 1017 | 2.28 |
06:13:31 START (12, 10, 7, 1, 1, 1) d=8 a=9 n_chi=14713 (pred 3.4 GB, free 6.5, timeout 6561s)
06:40:50   *** (12, 10, 7, 1, 1, 1) d=8 a=9 n_chi=14713: mult_pad = 7 < a = 9: independent re-check (3a+24 = 51 points, seed 907, both primes)
07:05:02 | 8 | `(12, 10, 7, 1, 1, 1)` | 9 | 1931 | 188659 | 6 | 14713 | 42779 | inplace | 9 | 7 | 7 | -2 | 1637 | 2.66 |
07:05:02 START (16, 8, 2, 2, 2, 2) d=8 a=11 n_chi=14934 (pred 3.5 GB, free 4.8, timeout 6830s)
07:31:09 | 8 | `(16, 8, 2, 2, 2, 2)` | 11 | 826 | 245264 | 24 | 14934 | 324910 | inplace | 11 | 11 | 11 | +0 | 1566 | 2.88 |
07:31:09 START (16, 4, 3, 2, 2, 1) d=7 a=1 n_chi=15318 (pred 3.7 GB, free 7.2, timeout 7315s)
07:55:24 | 7 | `(16, 4, 3, 2, 2, 1)` | 1 | 259 | 28341 | 2 | 15318 | 71908 | inplace | 1 | 1 | 1 | +0 | 1455 | 2.83 |
07:55:24 START (17, 8, 2, 2, 2, 1) d=8 a=8 n_chi=15557 (pred 3.8 GB, free 6.8, timeout 7627s)
08:21:27 | 8 | `(17, 8, 2, 2, 2, 1)` | 8 | 696 | 75739 | 6 | 15557 | 161124 | inplace | 8 | 8 | 8 | +0 | 1562 | 2.96 |
08:21:27 START (18, 7, 3, 2, 1, 1) d=8 a=5 n_chi=16157 (pred 4.1 GB, free 6.8, timeout 8448s)
08:48:41 | 8 | `(18, 7, 3, 2, 1, 1)` | 5 | 1196 | 41441 | 2 | 16157 | 48786 | inplace | 5 | 5 | 5 | +0 | 1633 | 3.14 |
08:48:41 START (12, 9, 8, 1, 1, 1) d=8 a=6 n_chi=16571 (pred 4.2 GB, free 6.7, timeout 9045s)
09:19:04   *** (12, 9, 8, 1, 1, 1) d=8 a=6 n_chi=16571: mult_pad = 4 < a = 6: independent re-check (3a+24 = 42 points, seed 907, both primes)
09:51:15 | 8 | `(12, 9, 8, 1, 1, 1)` | 6 | 1454 | 210553 | 6 | 16571 | 47904 | inplace | 6 | 4 | 4 | -2 | 1821 | 3.34 |
09:51:15 START (20, 4, 3, 2, 2, 1) d=8 a=1 n_chi=16577 (pred 4.2 GB, free 6.8, timeout 9054s)
10:20:12 | 8 | `(20, 4, 3, 2, 2, 1)` | 1 | 260 | 30587 | 2 | 16577 | 77639 | inplace | 1 | 1 | 1 | +0 | 1736 | 3.31 |
10:20:12 START (13, 8, 3, 2, 1, 1) d=7 a=5 n_chi=16980 (pred 4.4 GB, free 6.6, timeout 9660s)
10:51:56 | 7 | `(13, 8, 3, 2, 1, 1)` | 5 | 1116 | 43058 | 2 | 16980 | 52117 | inplace | 5 | 5 | 5 | +0 | 1904 | 3.42 |
10:51:56 START (19, 4, 4, 2, 2, 1) d=8 a=3 n_chi=17472 (pred 4.7 GB, free 6.6, timeout 10435s)
11:26:23 | 8 | `(19, 4, 4, 2, 2, 1)` | 3 | 426 | 63085 | 4 | 17472 | 120777 | inplace | 3 | 3 | 3 | +0 | 2066 | 3.63 |
11:26:23 START (14, 4, 4, 2, 2, 2) d=7 a=3 n_chi=17858 (pred 4.9 GB, free 6.7, timeout 11069s)
12:03:47 | 7 | `(14, 4, 4, 2, 2, 2)` | 3 | 492 | 172137 | 12 | 17858 | 229695 | inplace | 3 | 3 | 3 | +0 | 2243 | 3.91 |
12:03:47 START (15, 4, 3, 2, 2, 2) d=7 a=1 n_chi=17907 (pred 4.9 GB, free 6.7, timeout 11151s)
12:42:03 | 7 | `(15, 4, 3, 2, 2, 2)` | 1 | 264 | 88011 | 6 | 17907 | 184901 | inplace | 1 | 1 | 1 | +0 | 2295 | 3.89 |
12:42:03 START (11, 10, 8, 1, 1, 1) d=8 a=4 n_chi=18103 (pred 5.0 GB, free 6.6, timeout 11484s)
13:20:27   *** (11, 10, 8, 1, 1, 1) d=8 a=4 n_chi=18103: mult_pad = 2 < a = 4: independent re-check (3a+24 = 36 points, seed 907, both primes)
15:02:56 worker big: 41 cells in class (8 to pick up after), split 5700
15:02:56 START (11, 10, 8, 1, 1, 1) d=8 a=4 n_chi=18103 (pred 5.0 GB, free 7.3, timeout 11484s)
