02:53:23 worker big: 41 cells in class (8 to pick up after), split 5700
02:53:23 START (15, 9, 5, 1, 1, 1) d=8 a=9 n_chi=5766 (pred 0.9 GB, free 6.8, timeout 900s)
02:55:03 | 8 | `(15, 9, 5, 1, 1, 1)` | 9 | 1941 | 79731 | 6 | 5766 | 17300 | inplace | 9 | 9 | 9 | +0 | 100 | 0.54 |
02:55:03 START (17, 9, 2, 2, 1, 1) d=8 a=3 n_chi=6308 (pred 1.0 GB, free 6.2, timeout 900s)
02:57:02 | 8 | `(17, 9, 2, 2, 1, 1)` | 3 | 419 | 30829 | 4 | 6308 | 32109 | inplace | 3 | 3 | 3 | +0 | 118 | 0.59 |
02:57:02 START (20, 5, 3, 2, 1, 1) d=8 a=1 n_chi=6575 (pred 1.0 GB, free 6.1, timeout 900s)
02:59:17 | 8 | `(20, 5, 3, 2, 1, 1)` | 1 | 375 | 17213 | 2 | 6575 | 20081 | inplace | 1 | 1 | 1 | +0 | 135 | 0.62 |
02:59:17 START (13, 8, 8, 1, 1, 1) d=8 a=3 n_chi=6838 (pred 1.1 GB, free 6.1, timeout 900s)
03:02:10   *** (13, 8, 8, 1, 1, 1) d=8 a=3 n_chi=6838: mult_pad = 2 < a = 3: independent re-check (3a+24 = 33 points, seed 907, both primes)
03:05:50 | 8 | `(13, 8, 8, 1, 1, 1)` | 3 | 918 | 178586 | 12 | 6838 | 39973 | inplace | 3 | 2 | 2 | -1 | 173 | 0.72 |
03:05:50 START (14, 10, 5, 1, 1, 1) d=8 a=9 n_chi=6886 (pred 1.1 GB, free 6.7, timeout 900s)
03:08:31 | 8 | `(14, 10, 5, 1, 1, 1)` | 9 | 1900 | 93987 | 6 | 6886 | 20718 | inplace | 9 | 9 | 9 | +0 | 161 | 0.69 |
03:08:31 START (15, 8, 6, 1, 1, 1) d=8 a=6 n_chi=7239 (pred 1.1 GB, free 5.6, timeout 966s)
03:11:23 | 8 | `(15, 8, 6, 1, 1, 1)` | 6 | 1908 | 98550 | 6 | 7239 | 21333 | inplace | 6 | 6 | 6 | +0 | 171 | 0.76 |
03:11:23 START (18, 6, 2, 2, 2, 2) d=8 a=7 n_chi=7562 (pred 1.2 GB, free 5.6, timeout 1087s)
03:15:04 | 8 | `(18, 6, 2, 2, 2, 2)` | 7 | 397 | 119467 | 24 | 7562 | 160897 | inplace | 7 | 7 | 7 | +0 | 221 | 0.88 |
03:15:04 START (13, 11, 5, 1, 1, 1) d=8 a=7 n_chi=7671 (pred 1.2 GB, free 7.1, timeout 1130s)
03:18:36 | 8 | `(13, 11, 5, 1, 1, 1)` | 7 | 1427 | 103583 | 6 | 7671 | 23253 | inplace | 7 | 7 | 7 | +0 | 210 | 0.84 |
03:18:36 START (16, 10, 2, 2, 1, 1) d=8 a=2 n_chi=7689 (pred 1.2 GB, free 6.9, timeout 1137s)
03:21:53 | 8 | `(16, 10, 2, 2, 1, 1)` | 2 | 413 | 37571 | 4 | 7689 | 39274 | inplace | 2 | 2 | 2 | +0 | 197 | 0.83 |
03:21:53 START (19, 6, 2, 2, 2, 1) d=8 a=4 n_chi=7707 (pred 1.2 GB, free 6.9, timeout 1144s)
03:25:29 | 8 | `(19, 6, 2, 2, 2, 1)` | 4 | 319 | 36762 | 6 | 7707 | 79316 | inplace | 4 | 4 | 4 | +0 | 215 | 0.85 |
03:25:29 START (11, 11, 7, 1, 1, 1) d=8 a=3 n_chi=7745 (pred 1.2 GB, free 7.0, timeout 1160s)
03:28:57 | 8 | `(11, 11, 7, 1, 1, 1)` | 3 | 787 | 195853 | 12 | 7745 | 35808 | inplace | 3 | 3 | 3 | +0 | 208 | 0.89 |
03:28:57 START (19, 5, 3, 3, 1, 1) d=8 a=1 n_chi=7963 (pred 1.3 GB, free 6.8, timeout 1250s)
03:32:32 | 8 | `(19, 5, 3, 3, 1, 1)` | 1 | 575 | 41763 | 4 | 7963 | 44894 | inplace | 1 | 1 | 1 | +0 | 214 | 0.88 |
03:32:32 START (15, 11, 2, 2, 1, 1) d=8 a=4 n_chi=8887 (pred 1.5 GB, free 6.3, timeout 1682s)
03:37:31 | 8 | `(15, 11, 2, 2, 1, 1)` | 4 | 397 | 43155 | 4 | 8887 | 45358 | inplace | 4 | 4 | 4 | +0 | 299 | 1.03 |
03:37:31 START (14, 12, 2, 2, 1, 1) d=8 a=1 n_chi=9644 (pred 1.7 GB, free 6.3, timeout 2097s)
03:43:28 | 8 | `(14, 12, 2, 2, 1, 1)` | 1 | 248 | 46912 | 4 | 9644 | 49589 | inplace | 1 | 1 | 1 | +0 | 356 | 1.19 |
03:43:28 START (11, 9, 9, 1, 1, 1) d=8 a=3 n_chi=9675 (pred 1.7 GB, free 6.4, timeout 2115s)
03:49:47   *** (11, 9, 9, 1, 1, 1) d=8 a=3 n_chi=9675: mult_pad = 1 < a = 3: independent re-check (3a+24 = 33 points, seed 907, both primes)
03:57:44 | 8 | `(11, 9, 9, 1, 1, 1)` | 3 | 548 | 240291 | 12 | 9675 | 55677 | inplace | 3 | 1 | 1 | -2 | 378 | 1.29 |
03:57:44 START (14, 8, 7, 1, 1, 1) d=8 a=9 n_chi=10542 (pred 2.0 GB, free 6.8, timeout 2667s)
04:05:26   *** (14, 8, 7, 1, 1, 1) d=8 a=9 n_chi=10542: mult_pad = 8 < a = 9: independent re-check (3a+24 = 51 points, seed 907, both primes)
04:14:00 | 8 | `(14, 8, 7, 1, 1, 1)` | 9 | 1778 | 138895 | 6 | 10542 | 30446 | inplace | 9 | 8 | 8 | -1 | 462 | 1.43 |
04:14:00 START (19, 6, 3, 2, 1, 1) d=8 a=2 n_chi=10762 (pred 2.0 GB, free 7.2, timeout 2820s)
04:21:42 | 8 | `(19, 6, 3, 2, 1, 1)` | 2 | 718 | 27876 | 2 | 10762 | 32624 | inplace | 2 | 2 | 2 | +0 | 462 | 1.45 |
04:21:42 START (17, 7, 2, 2, 2, 2) d=8 a=7 n_chi=10973 (pred 2.1 GB, free 6.7, timeout 2972s)
04:31:23 | 8 | `(17, 7, 2, 2, 2, 2)` | 7 | 573 | 178224 | 24 | 10973 | 237841 | inplace | 7 | 7 | 7 | +0 | 580 | 1.66 |
04:31:23 START (18, 7, 2, 2, 2, 1) d=8 a=6 n_chi=11354 (pred 2.2 GB, free 6.8, timeout 3259s)
04:41:01 | 8 | `(18, 7, 2, 2, 2, 1)` | 6 | 505 | 54810 | 6 | 11354 | 117308 | inplace | 6 | 6 | 6 | +0 | 577 | 1.66 |
04:41:01 START (12, 11, 6, 1, 1, 1) d=8 a=6 n_chi=11531 (pred 2.3 GB, free 6.7, timeout 3398s)
04:51:20 | 8 | `(12, 11, 6, 1, 1, 1)` | 6 | 1370 | 150952 | 6 | 11531 | 34361 | inplace | 6 | 6 | 6 | +0 | 619 | 1.71 |
04:51:20 START (18, 5, 5, 2, 1, 1) d=8 a=5 n_chi=12341 (pred 2.5 GB, free 6.7, timeout 4081s)
