07:31:11 worker small: 24 cells in class (0 to pick up after), split 5700
07:31:11 START (26, 2, 2, 2, 2, 2) d=9 a=1 n_chi=199 (pred 0.5 GB, free 7.2, timeout 900s)
07:31:14 | 9 | `(26, 2, 2, 2, 2, 2)` | 1 | 13 | 8268 | 120 | 199 | 5822 | exact | 1 | 1 | 1 | +0 | 3 | 0.09 |
07:31:14 START (23, 5, 5, 1, 1, 1) d=9 a=1 n_chi=668 (pred 0.5 GB, free 7.0, timeout 900s)
07:31:21 | 9 | `(23, 5, 5, 1, 1, 1)` | 1 | 199 | 20674 | 12 | 668 | 4114 | exact | 1 | 1 | 1 | +0 | 6 | 0.13 |
07:31:21 START (22, 8, 3, 1, 1, 1) d=9 a=1 n_chi=1213 (pred 0.4 GB, free 6.9, timeout 900s)
07:31:26 | 9 | `(22, 8, 3, 1, 1, 1)` | 1 | 474 | 19906 | 6 | 1213 | 4076 | inplace | 1 | 1 | 1 | +0 | 4 | 0.09 |
07:31:26 START (25, 3, 2, 2, 2, 2) d=9 a=1 n_chi=1385 (pred 0.4 GB, free 6.8, timeout 900s)
07:31:34 | 9 | `(25, 3, 2, 2, 2, 2)` | 1 | 30 | 19764 | 24 | 1385 | 28097 | inplace | 1 | 1 | 1 | +0 | 8 | 0.12 |
07:31:34 START (21, 9, 3, 1, 1, 1) d=9 a=1 n_chi=1692 (pred 0.4 GB, free 6.6, timeout 900s)
07:31:42 | 9 | `(21, 9, 3, 1, 1, 1)` | 1 | 628 | 26888 | 6 | 1692 | 5641 | inplace | 1 | 1 | 1 | +0 | 8 | 0.11 |
07:31:42 START (22, 7, 4, 1, 1, 1) d=9 a=1 n_chi=1822 (pred 0.4 GB, free 6.5, timeout 900s)
07:31:52 | 9 | `(22, 7, 4, 1, 1, 1)` | 1 | 668 | 28827 | 6 | 1822 | 5832 | inplace | 1 | 1 | 1 | +0 | 9 | 0.12 |
07:31:52 START (20, 10, 3, 1, 1, 1) d=9 a=2 n_chi=2210 (pred 0.5 GB, free 6.3, timeout 900s)
07:32:05 | 9 | `(20, 10, 3, 1, 1, 1)` | 2 | 742 | 34486 | 6 | 2210 | 7346 | inplace | 2 | 2 | 2 | +0 | 13 | 0.15 |
07:32:05 START (22, 6, 5, 1, 1, 1) d=9 a=1 n_chi=2221 (pred 0.5 GB, free 6.0, timeout 900s)
07:32:18 | 9 | `(22, 6, 5, 1, 1, 1)` | 1 | 549 | 34408 | 6 | 2221 | 6948 | inplace | 1 | 1 | 1 | +0 | 13 | 0.15 |
07:32:18 START (21, 8, 4, 1, 1, 1) d=9 a=2 n_chi=2698 (pred 0.5 GB, free 5.7, timeout 900s)
07:32:38 | 9 | `(21, 8, 4, 1, 1, 1)` | 2 | 1034 | 41371 | 6 | 2698 | 8532 | inplace | 2 | 2 | 2 | +0 | 19 | 0.19 |
07:32:38 START (19, 11, 3, 1, 1, 1) d=9 a=2 n_chi=2751 (pred 0.5 GB, free 5.3, timeout 900s)
07:32:59 | 9 | `(19, 11, 3, 1, 1, 1)` | 2 | 802 | 42085 | 6 | 2751 | 9139 | inplace | 2 | 2 | 2 | +0 | 20 | 0.20 |
07:32:59 START (25, 4, 2, 2, 2, 1) d=9 a=1 n_chi=2779 (pred 0.5 GB, free 5.3, timeout 900s)
07:33:18 | 9 | `(25, 4, 2, 2, 2, 1)` | 1 | 78 | 12786 | 6 | 2779 | 28379 | inplace | 1 | 1 | 1 | +0 | 19 | 0.20 |
07:33:18 START (24, 4, 2, 2, 2, 2) d=9 a=3 n_chi=2800 (pred 0.5 GB, free 5.1, timeout 900s)
07:33:46 | 9 | `(24, 4, 2, 2, 2, 2)` | 3 | 105 | 41071 | 24 | 2800 | 57111 | inplace | 3 | 3 | 3 | +0 | 27 | 0.23 |
07:33:46 START (18, 12, 3, 1, 1, 1) d=9 a=3 n_chi=3241 (pred 0.5 GB, free 5.3, timeout 900s)
07:34:16 | 9 | `(18, 12, 3, 1, 1, 1)` | 3 | 769 | 49072 | 6 | 3241 | 10787 | inplace | 3 | 3 | 3 | +0 | 29 | 0.24 |
07:34:16 START (21, 7, 5, 1, 1, 1) d=9 a=4 n_chi=3562 (pred 0.6 GB, free 5.1, timeout 900s)
07:34:53 | 9 | `(21, 7, 5, 1, 1, 1)` | 4 | 1170 | 52886 | 6 | 3562 | 10888 | inplace | 4 | 4 | 4 | +0 | 36 | 0.28 |
07:34:53 START (17, 13, 3, 1, 1, 1) d=9 a=2 n_chi=3651 (pred 0.6 GB, free 4.9, timeout 900s)
07:35:31 | 9 | `(17, 13, 3, 1, 1, 1)` | 2 | 649 | 54687 | 6 | 3651 | 12211 | inplace | 2 | 2 | 2 | +0 | 37 | 0.29 |
07:35:31 START (23, 7, 2, 2, 1, 1) d=9 a=1 n_chi=3680 (pred 0.6 GB, free 5.3, timeout 900s)
07:36:07 | 9 | `(23, 7, 2, 2, 1, 1)` | 1 | 257 | 18249 | 4 | 3680 | 18867 | inplace | 1 | 1 | 1 | +0 | 34 | 0.28 |
07:36:07 START (20, 9, 4, 1, 1, 1) d=9 a=4 n_chi=3747 (pred 0.6 GB, free 5.3, timeout 900s)
07:36:48 | 9 | `(20, 9, 4, 1, 1, 1)` | 4 | 1443 | 55891 | 6 | 3747 | 11727 | inplace | 4 | 4 | 4 | +0 | 40 | 0.30 |
07:36:48 START (16, 14, 3, 1, 1, 1) d=9 a=2 n_chi=3909 (pred 0.6 GB, free 5.3, timeout 900s)
07:37:32 | 9 | `(16, 14, 3, 1, 1, 1)` | 2 | 433 | 58368 | 6 | 3909 | 13167 | inplace | 2 | 2 | 2 | +0 | 43 | 0.32 |
07:37:32 START (19, 10, 4, 1, 1, 1) d=9 a=6 n_chi=4886 (pred 0.7 GB, free 5.0, timeout 900s)
07:38:51 | 9 | `(19, 10, 4, 1, 1, 1)` | 6 | 1751 | 71438 | 6 | 4886 | 15234 | inplace | 6 | 6 | 6 | +0 | 76 | 0.41 |
07:38:51 START (24, 5, 2, 2, 2, 1) d=9 a=2 n_chi=4939 (pred 0.7 GB, free 4.9, timeout 900s)
07:40:08 | 9 | `(24, 5, 2, 2, 2, 1)` | 2 | 169 | 23145 | 6 | 4939 | 50634 | inplace | 2 | 2 | 2 | +0 | 77 | 0.42 |
07:40:08 START (23, 5, 2, 2, 2, 2) d=9 a=4 n_chi=4954 (pred 0.7 GB, free 4.6, timeout 900s)
07:41:49 | 9 | `(23, 5, 2, 2, 2, 2)` | 4 | 197 | 75951 | 24 | 4954 | 104010 | inplace | 4 | 4 | 4 | +0 | 100 | 0.46 |
07:41:49 START (19, 7, 7, 1, 1, 1) d=9 a=7 n_chi=5002 (pred 0.8 GB, free 5.3, timeout 900s)
07:43:22 | 9 | `(19, 7, 7, 1, 1, 1)` | 7 | 1236 | 134908 | 12 | 5002 | 28491 | inplace | 7 | 7 | 7 | +0 | 92 | 0.45 |
07:43:22 START (20, 8, 5, 1, 1, 1) d=9 a=8 n_chi=5255 (pred 0.8 GB, free 6.8, timeout 900s)
07:44:53 | 9 | `(20, 8, 5, 1, 1, 1)` | 8 | 1939 | 75887 | 6 | 5255 | 15848 | inplace | 8 | 8 | 8 | +0 | 91 | 0.46 |
07:44:53 START (22, 8, 2, 2, 1, 1) d=9 a=1 n_chi=5292 (pred 0.8 GB, free 5.2, timeout 900s)
07:46:19 | 9 | `(22, 8, 2, 2, 1, 1)` | 1 | 356 | 26178 | 4 | 5292 | 27066 | inplace | 1 | 1 | 1 | +0 | 85 | 0.46 |
07:46:19 worker small done
