04:14:24 == delta=8: 91 length-6 weights with a>=1, sum a = 139
04:19:53    54 unmeasured; 0 inside (6000, 6500]
04:19:53 START per6 d=8 (8, 8, 3, 2, 2, 1) a=1 n_chi=9263 [inject]
  (8, 8, 3, 2, 2, 1) d=8: n_chi=9263 N_S=34084 stab=4 rows=58196
   p=2147483647: [M;Ev] 58205x9263, nnz 270322; wiedemann ...
   p=2147483647: NONSINGULAR SEQ n=9263 nrows=58205 nnz=270322 k=0 len=18526 secs=14.4 | BM deg=9263 f0=1624633610 secs=15.8 (19s)
   p=2147483629: [M;Ev] 58205x9263, nnz 270322; wiedemann ...
   p=2147483629: NONSINGULAR SEQ n=9263 nrows=58205 nnz=270322 k=0 len=18526 secs=15.4 | BM deg=9263 f0=544735963 secs=16.8 (37s)
04:20:30 | 8 | `(8, 8, 3, 2, 2, 1)` | 1 | 34084 | 4 | 9263 | inject | 1 | 0 | 37 | 0.36 |
04:20:30    skip (9, 6, 5, 2, 1, 1) a=2 n_chi=9460 (outside (6000, 6500])
04:20:30 START per6 d=8 (7, 7, 5, 3, 1, 1) a=1 n_chi=9901 [inject]
  (7, 7, 5, 3, 1, 1) d=8: n_chi=9901 N_S=49473 stab=4 rows=48893
   p=2147483647: [M;Ev] 48902x9901, nnz 268331; wiedemann ...
   p=2147483647: NONSINGULAR SEQ n=9901 nrows=48902 nnz=268331 k=0 len=19802 secs=15.9 | BM deg=9901 f0=18161927 secs=17.4 (22s)
   p=2147483629: [M;Ev] 48902x9901, nnz 268331; wiedemann ...
   p=2147483629: NONSINGULAR SEQ n=9901 nrows=48902 nnz=268331 k=0 len=19802 secs=15.9 | BM deg=9901 f0=933266381 secs=17.4 (41s)
04:21:10 | 8 | `(7, 7, 5, 3, 1, 1)` | 1 | 49473 | 4 | 9901 | inject | 1 | 0 | 41 | 0.36 |
04:21:10    skip (10, 5, 4, 3, 1, 1) a=2 n_chi=10211 (outside (6000, 6500])
04:21:10    skip (8, 7, 5, 2, 1, 1) a=2 n_chi=10745 (outside (6000, 6500])
04:21:10 START per6 d=8 (8, 6, 4, 4, 1, 1) a=1 n_chi=10777 [inject]
  (8, 6, 4, 4, 1, 1) d=8: n_chi=10777 N_S=53424 stab=4 rows=59139
   p=2147483647: [M;Ev] 59148x10777, nnz 291782; wiedemann ...
   p=2147483647: NONSINGULAR SEQ n=10777 nrows=59148 nnz=291782 k=0 len=21554 secs=18.8 | BM deg=10777 f0=1916410628 secs=20.6 (26s)
   p=2147483629: [M;Ev] 59148x10777, nnz 291782; wiedemann ...
   p=2147483629: NONSINGULAR SEQ n=10777 nrows=59148 nnz=291782 k=0 len=21554 secs=19.0 | BM deg=10777 f0=1253025909 secs=20.8 (47s)
04:21:58 | 8 | `(8, 6, 4, 4, 1, 1)` | 1 | 53424 | 4 | 10777 | inject | 1 | 0 | 47 | 0.36 |
04:21:58    skip (11, 5, 3, 2, 2, 1) a=2 n_chi=10929 (outside (6000, 6500])
04:21:58 START per6 d=8 (5, 5, 5, 5, 3, 1) a=1 n_chi=11378 [inject]
  (5, 5, 5, 5, 3, 1) d=8: n_chi=11378 N_S=287592 stab=24 rows=414442
   p=2147483647: [M;Ev] 414451x11378, nnz 1567647; wiedemann ...
   p=2147483647: NONSINGULAR SEQ n=11378 nrows=414451 nnz=1567647 k=0 len=22756 secs=134.7 | BM deg=11378 f0=1407608406 secs=136.7 (174s)
   p=2147483629: [M;Ev] 414451x11378, nnz 1567647; wiedemann ...
   p=2147483629: NONSINGULAR SEQ n=11378 nrows=414451 nnz=1567647 k=0 len=22756 secs=134.3 | BM deg=11378 f0=819513930 secs=136.4 (317s)
04:27:15 | 8 | `(5, 5, 5, 5, 3, 1)` | 1 | 287592 | 24 | 11378 | inject | 1 | 0 | 317 | 0.48 |
04:27:15 START per6 d=8 (10, 5, 3, 2, 2, 2) a=1 n_chi=11499 [inject]
  (10, 5, 3, 2, 2, 2) d=8: n_chi=11499 N_S=56564 stab=6 rows=117987
   p=2147483647: [M;Ev] 117996x11499, nnz 383899; wiedemann ...
   p=2147483647: NONSINGULAR SEQ n=11499 nrows=117996 nnz=383899 k=0 len=22998 secs=25.7 | BM deg=11499 f0=1019796617 secs=27.8 (34s)
   p=2147483629: [M;Ev] 117996x11499, nnz 383899; wiedemann ...
   p=2147483629: NONSINGULAR SEQ n=11499 nrows=117996 nnz=383899 k=0 len=22998 secs=25.9 | BM deg=11499 f0=1323618514 secs=28.0 (63s)
04:28:19 | 8 | `(10, 5, 3, 2, 2, 2)` | 1 | 56564 | 6 | 11499 | inject | 1 | 0 | 63 | 0.48 |
04:28:19    skip (8, 5, 5, 4, 1, 1) a=2 n_chi=11913 (outside (6000, 6500])
04:28:19 START per6 d=8 (7, 7, 4, 2, 2, 2) a=1 n_chi=12443 [inject]
  (7, 7, 4, 2, 2, 2) d=8: n_chi=12443 N_S=127137 stab=12 rows=150765
   p=2147483647: [M;Ev] 150774x12443, nnz 521391; wiedemann ...
   p=2147483647: NONSINGULAR SEQ n=12443 nrows=150774 nnz=521391 k=0 len=24886 secs=37.8 | BM deg=12443 f0=344320984 secs=40.3 (54s)
   p=2147483629: [M;Ev] 150774x12443, nnz 521391; wiedemann ...
   p=2147483629: NONSINGULAR SEQ n=12443 nrows=150774 nnz=521391 k=0 len=24886 secs=38.3 | BM deg=12443 f0=2045397502 secs=40.7 (98s)
04:29:56 | 8 | `(7, 7, 4, 2, 2, 2)` | 1 | 127137 | 12 | 12443 | inject | 1 | 0 | 98 | 0.48 |
04:29:56 START per6 d=8 (9, 5, 5, 2, 2, 1) a=1 n_chi=13165 [inject]
  (9, 5, 5, 2, 2, 1) d=8: n_chi=13165 N_S=50239 stab=4 rows=96180
   p=2147483647: [M;Ev] 96189x13165, nnz 428133; wiedemann ...
   p=2147483647: NONSINGULAR SEQ n=13165 nrows=96189 nnz=428133 k=0 len=26330 secs=35.5 | BM deg=13165 f0=1700624867 secs=38.3 (44s)
   p=2147483629: [M;Ev] 96189x13165, nnz 428133; wiedemann ...
   p=2147483629: NONSINGULAR SEQ n=13165 nrows=96189 nnz=428133 k=0 len=26330 secs=36.8 | BM deg=13165 f0=1148830257 secs=39.7 (85s)
04:31:21 | 8 | `(9, 5, 5, 2, 2, 1)` | 1 | 50239 | 4 | 13165 | inject | 1 | 0 | 85 | 0.48 |
04:31:21    skip (9, 6, 4, 3, 1, 1) a=2 n_chi=13286 (outside (6000, 6500])
04:31:21 START per6 d=8 (9, 4, 4, 4, 2, 1) a=1 n_chi=14412 [inject]
  (9, 4, 4, 4, 2, 1) d=8: n_chi=14412 N_S=81440 stab=6 rows=193939
   p=2147483647: [M;Ev] 193948x14412, nnz 775611; wiedemann ...
   p=2147483647: NONSINGULAR SEQ n=14412 nrows=193948 nnz=775611 k=0 len=28824 secs=83.2 | BM deg=14412 f0=1036886512 secs=86.7 (97s)
   p=2147483629: [M;Ev] 193948x14412, nnz 775611; wiedemann ...
   p=2147483629: NONSINGULAR SEQ n=14412 nrows=193948 nnz=775611 k=0 len=28824 secs=81.9 | BM deg=14412 f0=1132307285 secs=85.3 (184s)
04:34:25 | 8 | `(9, 4, 4, 4, 2, 1)` | 1 | 81440 | 6 | 14412 | inject | 1 | 0 | 184 | 0.48 |
04:34:25    skip (10, 6, 3, 2, 2, 1) a=3 n_chi=14640 (outside (6000, 6500])
04:34:25    skip (9, 6, 3, 2, 2, 2) a=2 n_chi=14882 (outside (6000, 6500])
04:34:25    skip (8, 7, 4, 3, 1, 1) a=2 n_chi=15112 (outside (6000, 6500])
04:34:25 START per6 d=8 (8, 7, 3, 2, 2, 2) a=1 n_chi=16857 [inject]
  (8, 7, 3, 2, 2, 2) d=8: n_chi=16857 N_S=83752 stab=6 rows=175685
   p=2147483647: [M;Ev] 175694x16857, nnz 581031; wiedemann ...
   p=2147483647: NONSINGULAR SEQ n=16857 nrows=175694 nnz=581031 k=0 len=33714 secs=60.4 | BM deg=16857 f0=187307428 secs=64.9 (75s)
   p=2147483629: [M;Ev] 175694x16857, nnz 581031; wiedemann ...
   p=2147483629: NONSINGULAR SEQ n=16857 nrows=175694 nnz=581031 k=0 len=33714 secs=57.2 | BM deg=16857 f0=654807556 secs=61.6 (139s)
04:36:44 | 8 | `(8, 7, 3, 2, 2, 2)` | 1 | 83752 | 6 | 16857 | inject | 1 | 0 | 139 | 0.48 |
04:36:44    skip (9, 7, 3, 2, 2, 1) a=3 n_chi=17309 (outside (6000, 6500])
04:36:44 START per6 d=8 (7, 7, 5, 2, 2, 1) a=1 n_chi=17626 [inject]
  (7, 7, 5, 2, 2, 1) d=8: n_chi=17626 N_S=66826 stab=4 rows=115585
   p=2147483647: [M;Ev] 115594x17626, nnz 546873; wiedemann ...
   p=2147483647: NONSINGULAR SEQ n=17626 nrows=115594 nnz=546873 k=0 len=35252 secs=55.3 | BM deg=17626 f0=118618252 secs=60.3 (68s)
   p=2147483629: [M;Ev] 115594x17626, nnz 546873; wiedemann ...
   p=2147483629: NONSINGULAR SEQ n=17626 nrows=115594 nnz=546873 k=0 len=35252 secs=55.8 | BM deg=17626 f0=1816089716 secs=60.7 (130s)
04:38:54 | 8 | `(7, 7, 5, 2, 2, 1)` | 1 | 66826 | 4 | 17626 | inject | 1 | 0 | 130 | 0.48 |
04:38:54    skip (8, 6, 5, 3, 1, 1) a=2 n_chi=18455 (outside (6000, 6500])
04:38:54    skip (10, 5, 4, 2, 2, 1) a=3 n_chi=18718 (outside (6000, 6500])
04:38:54    skip (9, 5, 4, 2, 2, 2) a=2 n_chi=19085 (outside (6000, 6500])
04:38:54 START per6 d=8 (7, 6, 6, 2, 2, 1) a=1 n_chi=19764 [inject]
  (7, 6, 6, 2, 2, 1) d=8: n_chi=19764 N_S=73041 stab=4 rows=144537
   p=2147483647: [M;Ev] 144546x19764, nnz 672268; wiedemann ...
   p=2147483647: NONSINGULAR SEQ n=19764 nrows=144546 nnz=672268 k=0 len=39528 secs=79.6 | BM deg=19764 f0=1654934666 secs=85.7 (94s)
   p=2147483629: [M;Ev] 144546x19764, nnz 672268; wiedemann ...
   p=2147483629: NONSINGULAR SEQ n=19764 nrows=144546 nnz=672268 k=0 len=39528 secs=80.5 | BM deg=19764 f0=764559505 secs=86.6 (182s)
04:41:56 | 8 | `(7, 6, 6, 2, 2, 1)` | 1 | 73041 | 4 | 19764 | inject | 1 | 0 | 182 | 0.48 |
04:41:56 START per6 d=8 (10, 5, 3, 3, 2, 1) a=1 n_chi=20200 [inject]
  (10, 5, 3, 3, 2, 1) d=8: n_chi=20200 N_S=41976 stab=2 rows=109885
   p=2147483647: [M;Ev] 109894x20200, nnz 510328; wiedemann ...
   p=2147483647: NONSINGULAR SEQ n=20200 nrows=109894 nnz=510328 k=0 len=40400 secs=61.2 | BM deg=20200 f0=531791319 secs=67.6 (72s)
   p=2147483629: [M;Ev] 109894x20200, nnz 510328; wiedemann ...
   p=2147483629: NONSINGULAR SEQ n=20200 nrows=109894 nnz=510328 k=0 len=40400 secs=61.5 | BM deg=20200 f0=1089928035 secs=67.9 (141s)
04:44:18 | 8 | `(10, 5, 3, 3, 2, 1)` | 1 | 41976 | 2 | 20200 | inject | 1 | 0 | 141 | 0.48 |
04:44:18 START per6 d=8 (8, 4, 4, 4, 2, 2) a=1 n_chi=20388 [inject]
  (8, 4, 4, 4, 2, 2) d=8: n_chi=20388 N_S=216554 stab=12 rows=319342
   p=2147483647: [M;Ev] 319351x20388, nnz 1228017; wiedemann ...
   p=2147483647: NONSINGULAR SEQ n=20388 nrows=319351 nnz=1228017 k=0 len=40776 secs=179.6 | BM deg=20388 f0=876943792 secs=186.1 (216s)
   p=2147483629: [M;Ev] 319351x20388, nnz 1228017; wiedemann ...
   p=2147483629: NONSINGULAR SEQ n=20388 nrows=319351 nnz=1228017 k=0 len=40776 secs=169.2 | BM deg=20388 f0=1542194542 secs=175.7 (397s)
04:50:55 | 8 | `(8, 4, 4, 4, 2, 2)` | 1 | 216554 | 12 | 20388 | inject | 1 | 0 | 397 | 0.48 |
04:50:55    skip (8, 6, 4, 2, 2, 2) a=3 n_chi=23686 (outside (6000, 6500])
04:50:55    skip (9, 6, 4, 2, 2, 1) a=5 n_chi=24216 (outside (6000, 6500])
04:50:55 START per6 d=8 (10, 4, 4, 3, 2, 1) a=1 n_chi=24796 [inject]
  (10, 4, 4, 3, 2, 1) d=8: n_chi=24796 N_S=48517 stab=2 rows=131305
   p=2147483647: [M;Ev] 131314x24796, nnz 664815; wiedemann ...
