18:48:40 worker small: 40 cells in class (0 to pick up after), split 12000
18:48:40 START (18, 11, 4, 1, 1, 1) d=9 a=7 n_chi=6022 (pred 0.9 GB, free 7.1, timeout 900s)
18:50:08 | 9 | `(18, 11, 4, 1, 1, 1)` | 7 | 1901 | 86611 | 6 | 6022 | 18747 | inplace | 7 | 7 | 7 | +0 | 87 | 0.58 |
18:50:08 START (20, 7, 6, 1, 1, 1) d=9 a=4 n_chi=6189 (pred 0.9 GB, free 6.9, timeout 900s)
18:51:43 | 9 | `(20, 7, 6, 1, 1, 1)` | 4 | 1413 | 88204 | 6 | 6189 | 18409 | inplace | 4 | 4 | 4 | +0 | 94 | 0.58 |
18:51:43 START (24, 5, 3, 2, 1, 1) d=9 a=1 n_chi=6714 (pred 1.0 GB, free 6.6, timeout 900s)
18:53:35 | 9 | `(24, 5, 3, 2, 1, 1)` | 1 | 375 | 17632 | 2 | 6714 | 20526 | inplace | 1 | 1 | 1 | +0 | 111 | 0.64 |
18:53:35 START (17, 12, 4, 1, 1, 1) d=9 a=8 n_chi=7025 (pred 1.1 GB, free 6.6, timeout 900s)
18:55:48   *** (17, 12, 4, 1, 1, 1) d=9 a=8 n_chi=7025: mult_pad = 7 < a = 8: independent re-check (3a+24 = 48 points, seed 907, both primes)
18:58:23 | 9 | `(17, 12, 4, 1, 1, 1)` | 8 | 1786 | 99929 | 6 | 7025 | 21930 | inplace | 8 | 7 | 7 | -1 | 133 | 0.72 |
18:58:23 START (21, 9, 2, 2, 1, 1) d=9 a=3 n_chi=7227 (pred 1.1 GB, free 6.8, timeout 962s)
19:00:43 | 9 | `(21, 9, 2, 2, 1, 1)` | 3 | 497 | 35431 | 4 | 7227 | 36703 | inplace | 3 | 3 | 3 | +0 | 140 | 0.74 |
19:00:43 START (14, 14, 5, 1, 1, 1) d=9 a=5 n_chi=7250 (pred 1.1 GB, free 6.6, timeout 970s)
19:03:12 | 9 | `(14, 14, 5, 1, 1, 1)` | 5 | 828 | 195953 | 12 | 7250 | 33320 | inplace | 5 | 5 | 5 | +0 | 148 | 0.79 |
19:03:12 START (19, 9, 5, 1, 1, 1) d=9 a=12 n_chi=7265 (pred 1.1 GB, free 6.6, timeout 976s)
19:05:32 | 9 | `(19, 9, 5, 1, 1, 1)` | 12 | 2811 | 102129 | 6 | 7265 | 21676 | inplace | 12 | 12 | 12 | +0 | 139 | 0.76 |
19:05:32 START (16, 13, 4, 1, 1, 1) d=9 a=7 n_chi=7783 (pred 1.2 GB, free 6.6, timeout 1175s)
19:08:18   *** (16, 13, 4, 1, 1, 1) d=9 a=7 n_chi=7783: mult_pad = 6 < a = 7: independent re-check (3a+24 = 45 points, seed 907, both primes)
19:11:28 | 9 | `(16, 13, 4, 1, 1, 1)` | 7 | 1411 | 109853 | 6 | 7783 | 24421 | inplace | 7 | 6 | 6 | -1 | 165 | 0.86 |
19:11:28 START (23, 6, 2, 2, 2, 1) d=9 a=4 n_chi=8129 (pred 1.3 GB, free 6.8, timeout 1322s)
19:14:39 | 9 | `(23, 6, 2, 2, 2, 1)` | 4 | 322 | 38562 | 6 | 8129 | 83359 | inplace | 4 | 4 | 4 | +0 | 190 | 0.93 |
19:14:39 START (15, 14, 4, 1, 1, 1) d=9 a=3 n_chi=8188 (pred 1.3 GB, free 6.5, timeout 1348s)
19:17:55 | 9 | `(15, 14, 4, 1, 1, 1)` | 3 | 774 | 115153 | 6 | 8188 | 25935 | inplace | 3 | 3 | 3 | +0 | 196 | 0.94 |
19:17:55 START (22, 6, 2, 2, 2, 2) d=9 a=8 n_chi=8230 (pred 1.3 GB, free 6.6, timeout 1367s)
19:22:07 | 9 | `(22, 6, 2, 2, 2, 2)` | 8 | 408 | 128602 | 24 | 8230 | 173866 | inplace | 8 | 8 | 8 | +0 | 251 | 1.02 |
19:22:07 START (23, 5, 3, 3, 1, 1) d=9 a=1 n_chi=8276 (pred 1.4 GB, free 6.6, timeout 1387s)
19:25:18 | 9 | `(23, 5, 3, 3, 1, 1)` | 1 | 578 | 43604 | 4 | 8276 | 46802 | inplace | 1 | 1 | 1 | +0 | 190 | 0.93 |
19:25:18 START (15, 15, 2, 2, 1, 1) d=9 a=2 n_chi=8284 (pred 1.4 GB, free 6.4, timeout 1391s)
19:28:46 | 9 | `(15, 15, 2, 2, 1, 1)` | 2 | 141 | 79046 | 8 | 8284 | 54817 | inplace | 2 | 2 | 2 | +0 | 207 | 0.96 |
19:28:46 START (20, 10, 2, 2, 1, 1) d=9 a=3 n_chi=9301 (pred 1.6 GB, free 6.5, timeout 1902s)
19:33:09 | 9 | `(20, 10, 2, 2, 1, 1)` | 3 | 570 | 45532 | 4 | 9301 | 47262 | inplace | 3 | 3 | 3 | +0 | 263 | 1.12 |
19:33:09 START (23, 6, 3, 2, 1, 1) d=9 a=2 n_chi=11261 (pred 2.2 GB, free 6.5, timeout 3187s)
19:40:31 | 9 | `(23, 6, 3, 2, 1, 1)` | 2 | 726 | 29283 | 2 | 11261 | 34126 | inplace | 2 | 2 | 2 | +0 | 442 | 1.60 |
19:40:31 START (19, 11, 2, 2, 1, 1) d=9 a=5 n_chi=11435 (pred 2.2 GB, free 6.5, timeout 3322s)
19:48:26 | 9 | `(19, 11, 2, 2, 1, 1)` | 5 | 644 | 55644 | 4 | 11435 | 57960 | inplace | 5 | 5 | 5 | +0 | 474 | 1.66 |
19:48:26 worker small done
