  lam=(15, 9, 5, 1, 1, 1): N_S=79731 |Stab|=6 n_chi=5766 (orbits dropped: 16383)
    E_01: |H|=6 canonical rows 4457 (obstructed fixed targets cancelled: 8742)
    E_12: |H|=6 canonical rows 3859 (obstructed fixed targets cancelled: 5643)
    E_23: |H|=2 canonical rows 8984 (obstructed fixed targets cancelled: 0)
    E_34: |H|=1 canonical rows 0 (obstructed fixed targets cancelled: 0)
    E_45: |H|=1 canonical rows 0 (obstructed fixed targets cancelled: 0)
    Agg 5830x5766 assembled into flint (8s; nrows 17300, max|M| 20, max column fill 14); rref in place ...
    rref: rank 5757, dim ker 9 (44s); reading pivots ...
    kernel: 9 vectors (45s)
  p=2147483647: a=9 rank(R)=5757 mult={'det': 9, 'pad': 9} npts=17 route=inplace (52s, VmHWM 0.53 GB)
    Agg 5830x5766 assembled into flint (9s; nrows 17300, max|M| 20, max column fill 14); rref in place ...
    rref: rank 5757, dim ker 9 (45s); reading pivots ...
    kernel: 9 vectors (45s)
  p=2147483629: a=9 rank(R)=5757 mult={'det': 9, 'pad': 9} npts=17 route=inplace (100s, VmHWM 0.54 GB)
  lam=(17, 9, 2, 2, 1, 1): N_S=30829 |Stab|=4 n_chi=6308 (orbits dropped: 4062)
    E_01: |H|=4 canonical rows 4829 (obstructed fixed targets cancelled: 1906)
    E_12: |H|=2 canonical rows 4627 (obstructed fixed targets cancelled: 604)
    E_23: |H|=2 canonical rows 8810 (obstructed fixed targets cancelled: 160)
    E_34: |H|=1 canonical rows 13843 (obstructed fixed targets cancelled: 0)
    E_45: |H|=2 canonical rows 0 (obstructed fixed targets cancelled: 0)
    Agg 6372x6308 assembled into flint (11s; nrows 32109, max|M| 20, max column fill 18); rref in place ...
    rref: rank 6305, dim ker 3 (56s); reading pivots ...
    kernel: 3 vectors (57s)
  p=2147483647: a=3 rank(R)=6305 mult={'det': 3, 'pad': 3} npts=11 route=inplace (60s, VmHWM 0.59 GB)
    Agg 6372x6308 assembled into flint (11s; nrows 32109, max|M| 20, max column fill 18); rref in place ...
    rref: rank 6305, dim ker 3 (57s); reading pivots ...
    kernel: 3 vectors (57s)
  p=2147483629: a=3 rank(R)=6305 mult={'det': 3, 'pad': 3} npts=11 route=inplace (118s, VmHWM 0.59 GB)
  lam=(20, 5, 3, 2, 1, 1): N_S=17213 |Stab|=2 n_chi=6575 (orbits dropped: 4063)
    E_01: |H|=2 canonical rows 3642 (obstructed fixed targets cancelled: 745)
    E_12: |H|=2 canonical rows 4372 (obstructed fixed targets cancelled: 360)
    E_23: |H|=2 canonical rows 4207 (obstructed fixed targets cancelled: 209)
    E_34: |H|=1 canonical rows 7860 (obstructed fixed targets cancelled: 0)
    E_45: |H|=1 canonical rows 0 (obstructed fixed targets cancelled: 0)
    Agg 6639x6575 assembled into flint (12s; nrows 20081, max|M| 20, max column fill 12); rref in place ...
    rref: rank 6574, dim ker 1 (66s); reading pivots ...
    kernel: 1 vectors (66s)
  p=2147483647: a=1 rank(R)=6574 mult={'det': 1, 'pad': 1} npts=9 route=inplace (68s, VmHWM 0.62 GB)
    Agg 6639x6575 assembled into flint (12s; nrows 20081, max|M| 20, max column fill 12); rref in place ...
    rref: rank 6574, dim ker 1 (66s); reading pivots ...
    kernel: 1 vectors (66s)
  p=2147483629: a=1 rank(R)=6574 mult={'det': 1, 'pad': 1} npts=9 route=inplace (135s, VmHWM 0.62 GB)
  lam=(13, 8, 8, 1, 1, 1): N_S=178586 |Stab|=12 n_chi=6838 (orbits dropped: 17537)
    E_01: |H|=6 canonical rows 10542 (obstructed fixed targets cancelled: 16932)
    E_12: |H|=6 canonical rows 13013 (obstructed fixed targets cancelled: 13656)
    E_23: |H|=2 canonical rows 16418 (obstructed fixed targets cancelled: 0)
    E_34: |H|=2 canonical rows 0 (obstructed fixed targets cancelled: 0)
    E_45: |H|=2 canonical rows 0 (obstructed fixed targets cancelled: 0)
    Agg 6902x6838 assembled into flint (14s; nrows 39973, max|M| 16, max column fill 30); rref in place ...
    rref: rank 6835, dim ker 3 (77s); reading pivots ...
    kernel: 3 vectors (77s)
  p=2147483647: a=3 rank(R)=6835 mult={'det': 3, 'pad': 2} npts=11 route=inplace (92s, VmHWM 0.72 GB)
    Agg 6902x6838 assembled into flint (16s; nrows 39973, max|M| 16, max column fill 30); rref in place ...
    rref: rank 6835, dim ker 3 (77s); reading pivots ...
    kernel: 3 vectors (77s)
  p=2147483629: a=3 rank(R)=6835 mult={'det': 3, 'pad': 2} npts=11 route=inplace (173s, VmHWM 0.72 GB)
  lam=(13, 8, 8, 1, 1, 1): N_S=178586 |Stab|=12 n_chi=6838 (orbits dropped: 17537)
    E_01: |H|=6 canonical rows 10542 (obstructed fixed targets cancelled: 16932)
    E_12: |H|=6 canonical rows 13013 (obstructed fixed targets cancelled: 13656)
    E_23: |H|=2 canonical rows 16418 (obstructed fixed targets cancelled: 0)
    E_34: |H|=2 canonical rows 0 (obstructed fixed targets cancelled: 0)
    E_45: |H|=2 canonical rows 0 (obstructed fixed targets cancelled: 0)
    Agg 6902x6838 assembled into flint (15s; nrows 39973, max|M| 16, max column fill 30); rref in place ...
    rref: rank 6835, dim ker 3 (78s); reading pivots ...
    kernel: 3 vectors (78s)
  p=2147483647: a=3 rank(R)=6835 mult={'det': 3, 'pad': 2} npts=33 route=inplace (101s, VmHWM 0.72 GB)
    Agg 6902x6838 assembled into flint (15s; nrows 39973, max|M| 16, max column fill 30); rref in place ...
    rref: rank 6835, dim ker 3 (75s); reading pivots ...
    kernel: 3 vectors (75s)
  p=2147483629: a=3 rank(R)=6835 mult={'det': 3, 'pad': 2} npts=33 route=inplace (186s, VmHWM 0.72 GB)
  lam=(14, 10, 5, 1, 1, 1): N_S=93987 |Stab|=6 n_chi=6886 (orbits dropped: 19075)
    E_01: |H|=6 canonical rows 5766 (obstructed fixed targets cancelled: 10437)
    E_12: |H|=6 canonical rows 4403 (obstructed fixed targets cancelled: 6876)
    E_23: |H|=2 canonical rows 10549 (obstructed fixed targets cancelled: 0)
    E_34: |H|=1 canonical rows 0 (obstructed fixed targets cancelled: 0)
    E_45: |H|=1 canonical rows 0 (obstructed fixed targets cancelled: 0)
    Agg 6950x6886 assembled into flint (14s; nrows 20718, max|M| 16, max column fill 14); rref in place ...
    rref: rank 6877, dim ker 9 (73s); reading pivots ...
    kernel: 9 vectors (73s)
  p=2147483647: a=9 rank(R)=6877 mult={'det': 9, 'pad': 9} npts=17 route=inplace (81s, VmHWM 0.69 GB)
    Agg 6950x6886 assembled into flint (15s; nrows 20718, max|M| 16, max column fill 14); rref in place ...
    rref: rank 6877, dim ker 9 (77s); reading pivots ...
    kernel: 9 vectors (77s)
  p=2147483629: a=9 rank(R)=6877 mult={'det': 9, 'pad': 9} npts=17 route=inplace (161s, VmHWM 0.69 GB)
  lam=(15, 8, 6, 1, 1, 1): N_S=98550 |Stab|=6 n_chi=7239 (orbits dropped: 19974)
    E_01: |H|=6 canonical rows 5263 (obstructed fixed targets cancelled: 10134)
    E_12: |H|=6 canonical rows 5766 (obstructed fixed targets cancelled: 7020)
    E_23: |H|=2 canonical rows 10304 (obstructed fixed targets cancelled: 0)
    E_34: |H|=1 canonical rows 0 (obstructed fixed targets cancelled: 0)
    E_45: |H|=1 canonical rows 0 (obstructed fixed targets cancelled: 0)
    Agg 7303x7239 assembled into flint (14s; nrows 21333, max|M| 20, max column fill 14); rref in place ...
    rref: rank 7233, dim ker 6 (80s); reading pivots ...
    kernel: 6 vectors (80s)
  p=2147483647: a=6 rank(R)=7233 mult={'det': 6, 'pad': 6} npts=14 route=inplace (89s, VmHWM 0.76 GB)
    Agg 7303x7239 assembled into flint (15s; nrows 21333, max|M| 20, max column fill 14); rref in place ...
    rref: rank 7233, dim ker 6 (79s); reading pivots ...
    kernel: 6 vectors (79s)
  p=2147483629: a=6 rank(R)=7233 mult={'det': 6, 'pad': 6} npts=14 route=inplace (171s, VmHWM 0.76 GB)
  lam=(18, 6, 2, 2, 2, 2): N_S=119467 |Stab|=24 n_chi=7562 (orbits dropped: 0)
    E_01: |H|=24 canonical rows 4706 (obstructed fixed targets cancelled: 0)
    E_12: |H|=6 canonical rows 11354 (obstructed fixed targets cancelled: 0)
    E_23: |H|=2 canonical rows 48279 (obstructed fixed targets cancelled: 0)
    E_34: |H|=2 canonical rows 48279 (obstructed fixed targets cancelled: 0)
    E_45: |H|=2 canonical rows 48279 (obstructed fixed targets cancelled: 0)
    Agg 7626x7562 assembled into flint (27s; nrows 160897, max|M| 24, max column fill 77); rref in place ...
    rref: rank 7555, dim ker 7 (98s); reading pivots ...
    kernel: 7 vectors (98s)
  p=2147483647: a=7 rank(R)=7555 mult={'det': 7, 'pad': 7} npts=15 route=inplace (114s, VmHWM 0.88 GB)
    Agg 7626x7562 assembled into flint (27s; nrows 160897, max|M| 24, max column fill 77); rref in place ...
    rref: rank 7555, dim ker 7 (100s); reading pivots ...
    kernel: 7 vectors (100s)
  p=2147483629: a=7 rank(R)=7555 mult={'det': 7, 'pad': 7} npts=15 route=inplace (221s, VmHWM 0.88 GB)
  lam=(13, 11, 5, 1, 1, 1): N_S=103583 |Stab|=6 n_chi=7671 (orbits dropped: 20817)
    E_01: |H|=6 canonical rows 6886 (obstructed fixed targets cancelled: 11682)
    E_12: |H|=6 canonical rows 4701 (obstructed fixed targets cancelled: 7830)
    E_23: |H|=2 canonical rows 11666 (obstructed fixed targets cancelled: 0)
    E_34: |H|=1 canonical rows 0 (obstructed fixed targets cancelled: 0)
    E_45: |H|=1 canonical rows 0 (obstructed fixed targets cancelled: 0)
    Agg 7735x7671 assembled into flint (16s; nrows 23253, max|M| 16, max column fill 14); rref in place ...
    rref: rank 7664, dim ker 7 (100s); reading pivots ...
    kernel: 7 vectors (100s)
  p=2147483647: a=7 rank(R)=7664 mult={'det': 7, 'pad': 7} npts=15 route=inplace (109s, VmHWM 0.84 GB)
    Agg 7735x7671 assembled into flint (16s; nrows 23253, max|M| 16, max column fill 14); rref in place ...
    rref: rank 7664, dim ker 7 (98s); reading pivots ...
    kernel: 7 vectors (98s)
  p=2147483629: a=7 rank(R)=7664 mult={'det': 7, 'pad': 7} npts=15 route=inplace (210s, VmHWM 0.84 GB)
  lam=(16, 10, 2, 2, 1, 1): N_S=37571 |Stab|=4 n_chi=7689 (orbits dropped: 4913)
    E_01: |H|=4 canonical rows 6308 (obstructed fixed targets cancelled: 2297)
    E_12: |H|=2 canonical rows 5395 (obstructed fixed targets cancelled: 752)
    E_23: |H|=2 canonical rows 10762 (obstructed fixed targets cancelled: 184)
    E_34: |H|=1 canonical rows 16809 (obstructed fixed targets cancelled: 0)
    E_45: |H|=2 canonical rows 0 (obstructed fixed targets cancelled: 0)
    Agg 7753x7689 assembled into flint (17s; nrows 39274, max|M| 20, max column fill 18); rref in place ...
    rref: rank 7687, dim ker 2 (94s); reading pivots ...
    kernel: 2 vectors (94s)
  p=2147483647: a=2 rank(R)=7687 mult={'det': 2, 'pad': 2} npts=10 route=inplace (98s, VmHWM 0.81 GB)
    Agg 7753x7689 assembled into flint (18s; nrows 39274, max|M| 20, max column fill 18); rref in place ...
    rref: rank 7687, dim ker 2 (98s); reading pivots ...
    kernel: 2 vectors (98s)
  p=2147483629: a=2 rank(R)=7687 mult={'det': 2, 'pad': 2} npts=10 route=inplace (197s, VmHWM 0.83 GB)
  lam=(19, 6, 2, 2, 2, 1): N_S=36762 |Stab|=6 n_chi=7707 (orbits dropped: 0)
    E_01: |H|=6 canonical rows 4804 (obstructed fixed targets cancelled: 0)
    E_12: |H|=2 canonical rows 9378 (obstructed fixed targets cancelled: 0)
    E_23: |H|=1 canonical rows 27876 (obstructed fixed targets cancelled: 0)
    E_34: |H|=1 canonical rows 27876 (obstructed fixed targets cancelled: 0)
    E_45: |H|=2 canonical rows 9382 (obstructed fixed targets cancelled: 0)
    Agg 7771x7707 assembled into flint (25s; nrows 79316, max|M| 24, max column fill 36); rref in place ...
    rref: rank 7703, dim ker 4 (108s); reading pivots ...
    kernel: 4 vectors (108s)
  p=2147483647: a=4 rank(R)=7703 mult={'det': 4, 'pad': 4} npts=12 route=inplace (112s, VmHWM 0.85 GB)
    Agg 7771x7707 assembled into flint (23s; nrows 79316, max|M| 24, max column fill 36); rref in place ...
    rref: rank 7703, dim ker 4 (101s); reading pivots ...
    kernel: 4 vectors (101s)
  p=2147483629: a=4 rank(R)=7703 mult={'det': 4, 'pad': 4} npts=12 route=inplace (215s, VmHWM 0.85 GB)
  lam=(11, 11, 7, 1, 1, 1): N_S=195853 |Stab|=12 n_chi=7745 (orbits dropped: 18772)
    E_01: |H|=6 canonical rows 14713 (obstructed fixed targets cancelled: 20130)
    E_12: |H|=6 canonical rows 11531 (obstructed fixed targets cancelled: 16662)
    E_23: |H|=4 canonical rows 9564 (obstructed fixed targets cancelled: 42)
    E_34: |H|=2 canonical rows 0 (obstructed fixed targets cancelled: 143)
    E_45: |H|=2 canonical rows 0 (obstructed fixed targets cancelled: 143)
    Agg 7809x7745 assembled into flint (17s; nrows 35808, max|M| 15, max column fill 27); rref in place ...
    rref: rank 7742, dim ker 3 (94s); reading pivots ...
    kernel: 3 vectors (94s)
  p=2147483647: a=3 rank(R)=7742 mult={'det': 3, 'pad': 3} npts=11 route=inplace (111s, VmHWM 0.89 GB)
    Agg 7809x7745 assembled into flint (17s; nrows 35808, max|M| 15, max column fill 27); rref in place ...
    rref: rank 7742, dim ker 3 (93s); reading pivots ...
    kernel: 3 vectors (93s)
  p=2147483629: a=3 rank(R)=7742 mult={'det': 3, 'pad': 3} npts=11 route=inplace (208s, VmHWM 0.89 GB)
  lam=(19, 5, 3, 3, 1, 1): N_S=41763 |Stab|=4 n_chi=7963 (orbits dropped: 5390)
    E_01: |H|=4 canonical rows 4381 (obstructed fixed targets cancelled: 1820)
    E_12: |H|=2 canonical rows 10762 (obstructed fixed targets cancelled: 745)
    E_23: |H|=2 canonical rows 13472 (obstructed fixed targets cancelled: 582)
    E_34: |H|=1 canonical rows 16279 (obstructed fixed targets cancelled: 0)
    E_45: |H|=2 canonical rows 0 (obstructed fixed targets cancelled: 137)
    Agg 8027x7963 assembled into flint (18s; nrows 44894, max|M| 20, max column fill 20); rref in place ...
    rref: rank 7962, dim ker 1 (105s); reading pivots ...
    kernel: 1 vectors (105s)
  p=2147483647: a=1 rank(R)=7962 mult={'det': 1, 'pad': 1} npts=9 route=inplace (109s, VmHWM 0.86 GB)
    Agg 8027x7963 assembled into flint (18s; nrows 44894, max|M| 20, max column fill 20); rref in place ...
    rref: rank 7962, dim ker 1 (104s); reading pivots ...
    kernel: 1 vectors (104s)
  p=2147483629: a=1 rank(R)=7962 mult={'det': 1, 'pad': 1} npts=9 route=inplace (214s, VmHWM 0.88 GB)
  lam=(15, 11, 2, 2, 1, 1): N_S=43155 |Stab|=4 n_chi=8887 (orbits dropped: 5494)
    E_01: |H|=4 canonical rows 7689 (obstructed fixed targets cancelled: 2709)
    E_12: |H|=2 canonical rows 5978 (obstructed fixed targets cancelled: 887)
    E_23: |H|=2 canonical rows 12410 (obstructed fixed targets cancelled: 220)
    E_34: |H|=1 canonical rows 19281 (obstructed fixed targets cancelled: 0)
    E_45: |H|=2 canonical rows 0 (obstructed fixed targets cancelled: 0)
    Agg 8951x8887 assembled into flint (25s; nrows 45358, max|M| 20, max column fill 19); rref in place ...
    rref: rank 8883, dim ker 4 (146s); reading pivots ...
    kernel: 4 vectors (146s)
  p=2147483647: a=4 rank(R)=8883 mult={'det': 4, 'pad': 4} npts=12 route=inplace (151s, VmHWM 1.03 GB)
    Agg 8951x8887 assembled into flint (25s; nrows 45358, max|M| 20, max column fill 19); rref in place ...
    rref: rank 8883, dim ker 4 (146s); reading pivots ...
    kernel: 4 vectors (146s)
  p=2147483629: a=4 rank(R)=8883 mult={'det': 4, 'pad': 4} npts=12 route=inplace (299s, VmHWM 1.03 GB)
  lam=(14, 12, 2, 2, 1, 1): N_S=46912 |Stab|=4 n_chi=9644 (orbits dropped: 5992)
    E_01: |H|=4 canonical rows 8887 (obstructed fixed targets cancelled: 2905)
    E_12: |H|=2 canonical rows 6290 (obstructed fixed targets cancelled: 987)
    E_23: |H|=2 canonical rows 13494 (obstructed fixed targets cancelled: 228)
    E_34: |H|=1 canonical rows 20918 (obstructed fixed targets cancelled: 0)
    E_45: |H|=2 canonical rows 0 (obstructed fixed targets cancelled: 0)
    Agg 9708x9644 assembled into flint (26s; nrows 49589, max|M| 18, max column fill 19); rref in place ...
    rref: rank 9643, dim ker 1 (177s); reading pivots ...
    kernel: 1 vectors (177s)
  p=2147483647: a=1 rank(R)=9643 mult={'det': 1, 'pad': 1} npts=9 route=inplace (181s, VmHWM 1.19 GB)
    Agg 9708x9644 assembled into flint (26s; nrows 49589, max|M| 18, max column fill 19); rref in place ...
    rref: rank 9643, dim ker 1 (174s); reading pivots ...
    kernel: 1 vectors (174s)
  p=2147483629: a=1 rank(R)=9643 mult={'det': 1, 'pad': 1} npts=9 route=inplace (356s, VmHWM 1.19 GB)
  lam=(11, 9, 9, 1, 1, 1): N_S=240291 |Stab|=12 n_chi=9675 (orbits dropped: 22673)
    E_01: |H|=6 canonical rows 16571 (obstructed fixed targets cancelled: 22536)
    E_12: |H|=6 canonical rows 18103 (obstructed fixed targets cancelled: 20787)
    E_23: |H|=2 canonical rows 21003 (obstructed fixed targets cancelled: 0)
    E_34: |H|=2 canonical rows 0 (obstructed fixed targets cancelled: 191)
    E_45: |H|=2 canonical rows 0 (obstructed fixed targets cancelled: 191)
    Agg 9739x9675 assembled into flint (28s; nrows 55677, max|M| 15, max column fill 31); rref in place ...
    rref: rank 9672, dim ker 3 (176s); reading pivots ...
    kernel: 3 vectors (176s)
  p=2147483647: a=3 rank(R)=9672 mult={'det': 3, 'pad': 1} npts=11 route=inplace (198s, VmHWM 1.29 GB)
    Agg 9739x9675 assembled into flint (29s; nrows 55677, max|M| 15, max column fill 31); rref in place ...
    rref: rank 9672, dim ker 3 (176s); reading pivots ...
    kernel: 3 vectors (176s)
  p=2147483629: a=3 rank(R)=9672 mult={'det': 3, 'pad': 1} npts=11 route=inplace (378s, VmHWM 1.29 GB)
  lam=(11, 9, 9, 1, 1, 1): N_S=240291 |Stab|=12 n_chi=9675 (orbits dropped: 22673)
    E_01: |H|=6 canonical rows 16571 (obstructed fixed targets cancelled: 22536)
    E_12: |H|=6 canonical rows 18103 (obstructed fixed targets cancelled: 20787)
    E_23: |H|=2 canonical rows 21003 (obstructed fixed targets cancelled: 0)
    E_34: |H|=2 canonical rows 0 (obstructed fixed targets cancelled: 191)
    E_45: |H|=2 canonical rows 0 (obstructed fixed targets cancelled: 191)
    Agg 9739x9675 assembled into flint (27s; nrows 55677, max|M| 15, max column fill 31); rref in place ...
    rref: rank 9672, dim ker 3 (174s); reading pivots ...
    kernel: 3 vectors (174s)
  p=2147483647: a=3 rank(R)=9672 mult={'det': 3, 'pad': 1} npts=33 route=inplace (204s, VmHWM 1.29 GB)
    Agg 9739x9675 assembled into flint (27s; nrows 55677, max|M| 15, max column fill 31); rref in place ...
    rref: rank 9672, dim ker 3 (175s); reading pivots ...
    kernel: 3 vectors (175s)
  p=2147483629: a=3 rank(R)=9672 mult={'det': 3, 'pad': 1} npts=33 route=inplace (392s, VmHWM 1.29 GB)
  lam=(14, 8, 7, 1, 1, 1): N_S=138895 |Stab|=6 n_chi=10542 (orbits dropped: 27307)
    E_01: |H|=6 canonical rows 7836 (obstructed fixed targets cancelled: 13719)
    E_12: |H|=6 canonical rows 9159 (obstructed fixed targets cancelled: 10515)
    E_23: |H|=2 canonical rows 13451 (obstructed fixed targets cancelled: 0)
    E_34: |H|=1 canonical rows 0 (obstructed fixed targets cancelled: 0)
    E_45: |H|=1 canonical rows 0 (obstructed fixed targets cancelled: 0)
    Agg 10606x10542 assembled into flint (27s; nrows 30446, max|M| 16, max column fill 15); rref in place ...
    rref: rank 10533, dim ker 9 (219s); reading pivots ...
    kernel: 9 vectors (219s)
  p=2147483647: a=9 rank(R)=10533 mult={'det': 9, 'pad': 8} npts=17 route=inplace (232s, VmHWM 1.42 GB)
    Agg 10606x10542 assembled into flint (27s; nrows 30446, max|M| 16, max column fill 15); rref in place ...
    rref: rank 10533, dim ker 9 (225s); reading pivots ...
    kernel: 9 vectors (225s)
  p=2147483629: a=9 rank(R)=10533 mult={'det': 9, 'pad': 8} npts=17 route=inplace (462s, VmHWM 1.43 GB)
  lam=(14, 8, 7, 1, 1, 1): N_S=138895 |Stab|=6 n_chi=10542 (orbits dropped: 27307)
    E_01: |H|=6 canonical rows 7836 (obstructed fixed targets cancelled: 13719)
    E_12: |H|=6 canonical rows 9159 (obstructed fixed targets cancelled: 10515)
    E_23: |H|=2 canonical rows 13451 (obstructed fixed targets cancelled: 0)
    E_34: |H|=1 canonical rows 0 (obstructed fixed targets cancelled: 0)
    E_45: |H|=1 canonical rows 0 (obstructed fixed targets cancelled: 0)
    Agg 10606x10542 assembled into flint (31s; nrows 30446, max|M| 16, max column fill 15); rref in place ...
    rref: rank 10533, dim ker 9 (230s); reading pivots ...
    kernel: 9 vectors (230s)
  p=2147483647: a=9 rank(R)=10533 mult={'det': 9, 'pad': 8} npts=51 route=inplace (251s, VmHWM 1.42 GB)
    Agg 10606x10542 assembled into flint (31s; nrows 30446, max|M| 16, max column fill 15); rref in place ...
    rref: rank 10533, dim ker 9 (225s); reading pivots ...
    kernel: 9 vectors (225s)
  p=2147483629: a=9 rank(R)=10533 mult={'det': 9, 'pad': 8} npts=51 route=inplace (488s, VmHWM 1.45 GB)
  lam=(19, 6, 3, 2, 1, 1): N_S=27876 |Stab|=2 n_chi=10762 (orbits dropped: 6352)
    E_01: |H|=2 canonical rows 6575 (obstructed fixed targets cancelled: 1244)
    E_12: |H|=2 canonical rows 6566 (obstructed fixed targets cancelled: 582)
    E_23: |H|=2 canonical rows 6841 (obstructed fixed targets cancelled: 321)
    E_34: |H|=1 canonical rows 12642 (obstructed fixed targets cancelled: 0)
    E_45: |H|=1 canonical rows 0 (obstructed fixed targets cancelled: 0)
    Agg 10826x10762 assembled into flint (30s; nrows 32624, max|M| 24, max column fill 13); rref in place ...
    rref: rank 10760, dim ker 2 (225s); reading pivots ...
    kernel: 2 vectors (225s)
  p=2147483647: a=2 rank(R)=10760 mult={'det': 2, 'pad': 2} npts=10 route=inplace (228s, VmHWM 1.45 GB)
    Agg 10826x10762 assembled into flint (31s; nrows 32624, max|M| 24, max column fill 13); rref in place ...
    rref: rank 10760, dim ker 2 (233s); reading pivots ...
    kernel: 2 vectors (233s)
  p=2147483629: a=2 rank(R)=10760 mult={'det': 2, 'pad': 2} npts=10 route=inplace (462s, VmHWM 1.45 GB)
  lam=(17, 7, 2, 2, 2, 2): N_S=178224 |Stab|=24 n_chi=10973 (orbits dropped: 0)
    E_01: |H|=24 canonical rows 7562 (obstructed fixed targets cancelled: 0)
    E_12: |H|=6 canonical rows 15557 (obstructed fixed targets cancelled: 0)
    E_23: |H|=2 canonical rows 71574 (obstructed fixed targets cancelled: 0)
    E_34: |H|=2 canonical rows 71574 (obstructed fixed targets cancelled: 0)
    E_45: |H|=2 canonical rows 71574 (obstructed fixed targets cancelled: 0)
    Agg 11037x10973 assembled into flint (58s; nrows 237841, max|M| 20, max column fill 78); rref in place ...
    rref: rank 10966, dim ker 7 (272s); reading pivots ...
    kernel: 7 vectors (272s)
  p=2147483647: a=7 rank(R)=10966 mult={'det': 7, 'pad': 7} npts=15 route=inplace (298s, VmHWM 1.66 GB)
    Agg 11037x10973 assembled into flint (58s; nrows 237841, max|M| 20, max column fill 78); rref in place ...
    rref: rank 10966, dim ker 7 (273s); reading pivots ...
    kernel: 7 vectors (273s)
  p=2147483629: a=7 rank(R)=10966 mult={'det': 7, 'pad': 7} npts=15 route=inplace (580s, VmHWM 1.66 GB)
  lam=(18, 7, 2, 2, 2, 1): N_S=54810 |Stab|=6 n_chi=11354 (orbits dropped: 0)
    E_01: |H|=6 canonical rows 7707 (obstructed fixed targets cancelled: 0)
    E_12: |H|=2 canonical rows 12930 (obstructed fixed targets cancelled: 0)
    E_23: |H|=1 canonical rows 41441 (obstructed fixed targets cancelled: 0)
    E_34: |H|=1 canonical rows 41441 (obstructed fixed targets cancelled: 0)
    E_45: |H|=2 canonical rows 13789 (obstructed fixed targets cancelled: 0)
    Agg 11418x11354 assembled into flint (47s; nrows 117308, max|M| 24, max column fill 36); rref in place ...
    rref: rank 11348, dim ker 6 (283s); reading pivots ...
    kernel: 6 vectors (284s)
  p=2147483647: a=6 rank(R)=11348 mult={'det': 6, 'pad': 6} npts=14 route=inplace (291s, VmHWM 1.65 GB)
    Agg 11418x11354 assembled into flint (48s; nrows 117308, max|M| 24, max column fill 36); rref in place ...
    rref: rank 11348, dim ker 6 (283s); reading pivots ...
    kernel: 6 vectors (283s)
  p=2147483629: a=6 rank(R)=11348 mult={'det': 6, 'pad': 6} npts=14 route=inplace (577s, VmHWM 1.66 GB)
  lam=(12, 11, 6, 1, 1, 1): N_S=150952 |Stab|=6 n_chi=11531 (orbits dropped: 29478)
    E_01: |H|=6 canonical rows 10682 (obstructed fixed targets cancelled: 16266)
    E_12: |H|=6 canonical rows 7936 (obstructed fixed targets cancelled: 12069)
    E_23: |H|=2 canonical rows 15743 (obstructed fixed targets cancelled: 0)
    E_34: |H|=1 canonical rows 0 (obstructed fixed targets cancelled: 0)
    E_45: |H|=1 canonical rows 0 (obstructed fixed targets cancelled: 0)
    Agg 11595x11531 assembled into flint (40s; nrows 34361, max|M| 16, max column fill 15); rref in place ...
    rref: rank 11525, dim ker 6 (303s); reading pivots ...
    kernel: 6 vectors (303s)
  p=2147483647: a=6 rank(R)=11525 mult={'det': 6, 'pad': 6} npts=14 route=inplace (317s, VmHWM 1.71 GB)
    Agg 11595x11531 assembled into flint (42s; nrows 34361, max|M| 16, max column fill 15); rref in place ...
    rref: rank 11525, dim ker 6 (298s); reading pivots ...
    kernel: 6 vectors (298s)
  p=2147483629: a=6 rank(R)=11525 mult={'det': 6, 'pad': 6} npts=14 route=inplace (619s, VmHWM 1.71 GB)
  lam=(18, 5, 5, 2, 1, 1): N_S=62929 |Stab|=4 n_chi=12341 (orbits dropped: 7180)
    E_01: |H|=2 canonical rows 13615 (obstructed fixed targets cancelled: 2365)
    E_12: |H|=2 canonical rows 22276 (obstructed fixed targets cancelled: 1440)
    E_23: |H|=2 canonical rows 12294 (obstructed fixed targets cancelled: 833)
    E_34: |H|=2 canonical rows 13860 (obstructed fixed targets cancelled: 127)
    E_45: |H|=2 canonical rows 0 (obstructed fixed targets cancelled: 170)
    Agg 12405x12341 assembled into flint (43s; nrows 62045, max|M| 20, max column fill 24); rref in place ...
  lam=(18, 5, 5, 2, 1, 1): N_S=62929 |Stab|=4 n_chi=12341 (orbits dropped: 7180)
    E_01: |H|=2 canonical rows 13615 (obstructed fixed targets cancelled: 2365)
    E_12: |H|=2 canonical rows 22276 (obstructed fixed targets cancelled: 1440)
    E_23: |H|=2 canonical rows 12294 (obstructed fixed targets cancelled: 833)
    E_34: |H|=2 canonical rows 13860 (obstructed fixed targets cancelled: 127)
    E_45: |H|=2 canonical rows 0 (obstructed fixed targets cancelled: 170)
    Agg 12405x12341 assembled into flint (65s; nrows 62045, max|M| 20, max column fill 24); rref in place ...
    rref: rank 12336, dim ker 5 (407s); reading pivots ...
    kernel: 5 vectors (407s)
  p=2147483647: a=5 rank(R)=12336 mult={'det': 5, 'pad': 5} npts=13 route=inplace (416s, VmHWM 1.91 GB)
    Agg 12405x12341 assembled into flint (62s; nrows 62045, max|M| 20, max column fill 24); rref in place ...
    rref: rank 12336, dim ker 5 (403s); reading pivots ...
    kernel: 5 vectors (403s)
  p=2147483629: a=5 rank(R)=12336 mult={'det': 5, 'pad': 5} npts=13 route=inplace (821s, VmHWM 1.92 GB)
  lam=(13, 9, 7, 1, 1, 1): N_S=168287 |Stab|=6 n_chi=13016 (orbits dropped: 32495)
    E_01: |H|=6 canonical rows 10542 (obstructed fixed targets cancelled: 17055)
    E_12: |H|=6 canonical rows 10682 (obstructed fixed targets cancelled: 13305)
    E_23: |H|=2 canonical rows 16326 (obstructed fixed targets cancelled: 0)
    E_34: |H|=1 canonical rows 0 (obstructed fixed targets cancelled: 0)
    E_45: |H|=1 canonical rows 0 (obstructed fixed targets cancelled: 0)
    Agg 13080x13016 assembled into flint (58s; nrows 37550, max|M| 16, max column fill 15); rref in place ...
    rref: rank 13005, dim ker 11 (462s); reading pivots ...
    kernel: 11 vectors (463s)
  p=2147483647: a=11 rank(R)=13005 mult={'det': 11, 'pad': 10} npts=19 route=inplace (483s, VmHWM 2.13 GB)
    Agg 13080x13016 assembled into flint (58s; nrows 37550, max|M| 16, max column fill 15); rref in place ...
    rref: rank 13005, dim ker 11 (473s); reading pivots ...
    kernel: 11 vectors (473s)
  p=2147483629: a=11 rank(R)=13005 mult={'det': 11, 'pad': 10} npts=19 route=inplace (963s, VmHWM 2.13 GB)
  lam=(13, 9, 7, 1, 1, 1): N_S=168287 |Stab|=6 n_chi=13016 (orbits dropped: 32495)
    E_01: |H|=6 canonical rows 10542 (obstructed fixed targets cancelled: 17055)
    E_12: |H|=6 canonical rows 10682 (obstructed fixed targets cancelled: 13305)
    E_23: |H|=2 canonical rows 16326 (obstructed fixed targets cancelled: 0)
    E_34: |H|=1 canonical rows 0 (obstructed fixed targets cancelled: 0)
    E_45: |H|=1 canonical rows 0 (obstructed fixed targets cancelled: 0)
    Agg 13080x13016 assembled into flint (54s; nrows 37550, max|M| 16, max column fill 15); rref in place ...
    rref: rank 13005, dim ker 11 (458s); reading pivots ...
    kernel: 11 vectors (458s)
  p=2147483647: a=11 rank(R)=13005 mult={'det': 11, 'pad': 10} npts=57 route=inplace (492s, VmHWM 2.13 GB)
    Agg 13080x13016 assembled into flint (56s; nrows 37550, max|M| 16, max column fill 15); rref in place ...
    rref: rank 13005, dim ker 11 (456s); reading pivots ...
    kernel: 11 vectors (457s)
  p=2147483629: a=11 rank(R)=13005 mult={'det': 11, 'pad': 10} npts=57 route=inplace (972s, VmHWM 2.16 GB)
  lam=(18, 6, 3, 3, 1, 1): N_S=67918 |Stab|=4 n_chi=13116 (orbits dropped: 8420)
    E_01: |H|=4 canonical rows 7963 (obstructed fixed targets cancelled: 3142)
    E_12: |H|=2 canonical rows 16153 (obstructed fixed targets cancelled: 1244)
    E_23: |H|=2 canonical rows 22076 (obstructed fixed targets cancelled: 912)
    E_34: |H|=1 canonical rows 26163 (obstructed fixed targets cancelled: 0)
    E_45: |H|=2 canonical rows 0 (obstructed fixed targets cancelled: 223)
    Agg 13180x13116 assembled into flint (65s; nrows 72355, max|M| 24, max column fill 21); rref in place ...
    rref: rank 13113, dim ker 3 (477s); reading pivots ...
    kernel: 3 vectors (477s)
  p=2147483647: a=3 rank(R)=13113 mult={'det': 3, 'pad': 3} npts=11 route=inplace (486s, VmHWM 2.14 GB)
    Agg 13180x13116 assembled into flint (66s; nrows 72355, max|M| 24, max column fill 21); rref in place ...
    rref: rank 13113, dim ker 3 (481s); reading pivots ...
    kernel: 3 vectors (481s)
  p=2147483629: a=3 rank(R)=13113 mult={'det': 3, 'pad': 3} npts=11 route=inplace (969s, VmHWM 2.14 GB)
  lam=(19, 5, 4, 2, 1, 1): N_S=35111 |Stab|=2 n_chi=13615 (orbits dropped: 7881)
    E_01: |H|=2 canonical rows 7483 (obstructed fixed targets cancelled: 1440)
    E_12: |H|=2 canonical rows 10762 (obstructed fixed targets cancelled: 745)
    E_23: |H|=2 canonical rows 7569 (obstructed fixed targets cancelled: 438)
    E_34: |H|=1 canonical rows 15876 (obstructed fixed targets cancelled: 0)
    E_45: |H|=1 canonical rows 0 (obstructed fixed targets cancelled: 0)
    Agg 13679x13615 assembled into flint (62s; nrows 41690, max|M| 20, max column fill 13); rref in place ...
    rref: rank 13613, dim ker 2 (503s); reading pivots ...
    kernel: 2 vectors (503s)
  p=2147483647: a=2 rank(R)=13613 mult={'det': 2, 'pad': 2} npts=10 route=inplace (507s, VmHWM 2.28 GB)
    Agg 13679x13615 assembled into flint (63s; nrows 41690, max|M| 20, max column fill 13); rref in place ...
    rref: rank 13613, dim ker 2 (508s); reading pivots ...
    kernel: 2 vectors (508s)
  p=2147483629: a=2 rank(R)=13613 mult={'det': 2, 'pad': 2} npts=10 route=inplace (1017s, VmHWM 2.28 GB)
  lam=(12, 10, 7, 1, 1, 1): N_S=188659 |Stab|=6 n_chi=14713 (orbits dropped: 36121)
    E_01: |H|=6 canonical rows 13016 (obstructed fixed targets cancelled: 19245)
    E_12: |H|=6 canonical rows 11531 (obstructed fixed targets cancelled: 15459)
    E_23: |H|=2 canonical rows 18232 (obstructed fixed targets cancelled: 0)
    E_34: |H|=1 canonical rows 0 (obstructed fixed targets cancelled: 0)
    E_45: |H|=1 canonical rows 0 (obstructed fixed targets cancelled: 0)
    Agg 14777x14713 assembled into flint (71s; nrows 42779, max|M| 16, max column fill 16); rref in place ...
    rref: rank 14704, dim ker 9 (673s); reading pivots ...
    kernel: 9 vectors (673s)
  p=2147483647: a=9 rank(R)=14704 mult={'det': 9, 'pad': 7} npts=17 route=inplace (696s, VmHWM 2.64 GB)
    Agg 14777x14713 assembled into flint (74s; nrows 42779, max|M| 16, max column fill 16); rref in place ...
    rref: rank 14704, dim ker 9 (935s); reading pivots ...
    kernel: 9 vectors (935s)
  p=2147483629: a=9 rank(R)=14704 mult={'det': 9, 'pad': 7} npts=17 route=inplace (1637s, VmHWM 2.66 GB)
  lam=(12, 10, 7, 1, 1, 1): N_S=188659 |Stab|=6 n_chi=14713 (orbits dropped: 36121)
    E_01: |H|=6 canonical rows 13016 (obstructed fixed targets cancelled: 19245)
    E_12: |H|=6 canonical rows 11531 (obstructed fixed targets cancelled: 15459)
    E_23: |H|=2 canonical rows 18232 (obstructed fixed targets cancelled: 0)
    E_34: |H|=1 canonical rows 0 (obstructed fixed targets cancelled: 0)
    E_45: |H|=1 canonical rows 0 (obstructed fixed targets cancelled: 0)
    Agg 14777x14713 assembled into flint (77s; nrows 42779, max|M| 16, max column fill 16); rref in place ...
    rref: rank 14704, dim ker 9 (662s); reading pivots ...
    kernel: 9 vectors (662s)
  p=2147483647: a=9 rank(R)=14704 mult={'det': 9, 'pad': 7} npts=51 route=inplace (698s, VmHWM 2.64 GB)
    Agg 14777x14713 assembled into flint (71s; nrows 42779, max|M| 16, max column fill 16); rref in place ...
    rref: rank 14704, dim ker 9 (651s); reading pivots ...
    kernel: 9 vectors (652s)
  p=2147483629: a=9 rank(R)=14704 mult={'det': 9, 'pad': 7} npts=51 route=inplace (1371s, VmHWM 2.69 GB)
  lam=(16, 8, 2, 2, 2, 2): N_S=245264 |Stab|=24 n_chi=14934 (orbits dropped: 0)
    E_01: |H|=24 canonical rows 10973 (obstructed fixed targets cancelled: 0)
    E_12: |H|=6 canonical rows 19892 (obstructed fixed targets cancelled: 0)
    E_23: |H|=2 canonical rows 98015 (obstructed fixed targets cancelled: 0)
    E_34: |H|=2 canonical rows 98015 (obstructed fixed targets cancelled: 0)
    E_45: |H|=2 canonical rows 98015 (obstructed fixed targets cancelled: 0)
    Agg 14998x14934 assembled into flint (147s; nrows 324910, max|M| 20, max column fill 79); rref in place ...
    rref: rank 14923, dim ker 11 (754s); reading pivots ...
    kernel: 11 vectors (754s)
  p=2147483647: a=11 rank(R)=14923 mult={'det': 11, 'pad': 11} npts=19 route=inplace (800s, VmHWM 2.86 GB)
    Agg 14998x14934 assembled into flint (152s; nrows 324910, max|M| 20, max column fill 79); rref in place ...
    rref: rank 14923, dim ker 11 (746s); reading pivots ...
    kernel: 11 vectors (746s)
  p=2147483629: a=11 rank(R)=14923 mult={'det': 11, 'pad': 11} npts=19 route=inplace (1566s, VmHWM 2.88 GB)
  lam=(16, 4, 3, 2, 2, 1): N_S=28341 |Stab|=2 n_chi=15318 (orbits dropped: 0)
    E_01: |H|=2 canonical rows 7827 (obstructed fixed targets cancelled: 0)
    E_12: |H|=2 canonical rows 11308 (obstructed fixed targets cancelled: 0)
    E_23: |H|=1 canonical rows 18099 (obstructed fixed targets cancelled: 0)
    E_34: |H|=1 canonical rows 21498 (obstructed fixed targets cancelled: 0)
    E_45: |H|=1 canonical rows 13176 (obstructed fixed targets cancelled: 0)
    Agg 15382x15318 assembled into flint (85s; nrows 71908, max|M| 16, max column fill 17); rref in place ...
    rref: rank 15317, dim ker 1 (721s); reading pivots ...
    kernel: 1 vectors (721s)
  p=2147483647: a=1 rank(R)=15317 mult={'det': 1, 'pad': 1} npts=9 route=inplace (725s, VmHWM 2.81 GB)
    Agg 15382x15318 assembled into flint (88s; nrows 71908, max|M| 16, max column fill 17); rref in place ...
    rref: rank 15317, dim ker 1 (729s); reading pivots ...
    kernel: 1 vectors (729s)
  p=2147483629: a=1 rank(R)=15317 mult={'det': 1, 'pad': 1} npts=9 route=inplace (1455s, VmHWM 2.83 GB)
  lam=(17, 8, 2, 2, 2, 1): N_S=75739 |Stab|=6 n_chi=15557 (orbits dropped: 0)
    E_01: |H|=6 canonical rows 11354 (obstructed fixed targets cancelled: 0)
    E_12: |H|=2 canonical rows 16678 (obstructed fixed targets cancelled: 0)
    E_23: |H|=1 canonical rows 57118 (obstructed fixed targets cancelled: 0)
    E_34: |H|=1 canonical rows 57118 (obstructed fixed targets cancelled: 0)
    E_45: |H|=2 canonical rows 18856 (obstructed fixed targets cancelled: 0)
    Agg 15621x15557 assembled into flint (108s; nrows 161124, max|M| 20, max column fill 37); rref in place ...
    rref: rank 15549, dim ker 8 (761s); reading pivots ...
    kernel: 8 vectors (762s)
  p=2147483647: a=8 rank(R)=15549 mult={'det': 8, 'pad': 8} npts=16 route=inplace (774s, VmHWM 2.94 GB)
    Agg 15621x15557 assembled into flint (111s; nrows 161124, max|M| 20, max column fill 37); rref in place ...
    rref: rank 15549, dim ker 8 (782s); reading pivots ...
    kernel: 8 vectors (782s)
  p=2147483629: a=8 rank(R)=15549 mult={'det': 8, 'pad': 8} npts=16 route=inplace (1562s, VmHWM 2.96 GB)
  lam=(18, 7, 3, 2, 1, 1): N_S=41441 |Stab|=2 n_chi=16157 (orbits dropped: 9127)
    E_01: |H|=2 canonical rows 10762 (obstructed fixed targets cancelled: 1918)
    E_12: |H|=2 canonical rows 9136 (obstructed fixed targets cancelled: 912)
    E_23: |H|=2 canonical rows 10213 (obstructed fixed targets cancelled: 453)
    E_34: |H|=1 canonical rows 18675 (obstructed fixed targets cancelled: 0)
    E_45: |H|=1 canonical rows 0 (obstructed fixed targets cancelled: 0)
    Agg 16221x16157 assembled into flint (86s; nrows 48786, max|M| 24, max column fill 13); rref in place ...
    rref: rank 16152, dim ker 5 (815s); reading pivots ...
    kernel: 5 vectors (815s)
  p=2147483647: a=5 rank(R)=16152 mult={'det': 5, 'pad': 5} npts=13 route=inplace (820s, VmHWM 3.11 GB)
    Agg 16221x16157 assembled into flint (86s; nrows 48786, max|M| 24, max column fill 13); rref in place ...
    rref: rank 16152, dim ker 5 (810s); reading pivots ...
    kernel: 5 vectors (810s)
  p=2147483629: a=5 rank(R)=16152 mult={'det': 5, 'pad': 5} npts=13 route=inplace (1633s, VmHWM 3.14 GB)
  lam=(12, 9, 8, 1, 1, 1): N_S=210553 |Stab|=6 n_chi=16571 (orbits dropped: 39947)
    E_01: |H|=6 canonical rows 13848 (obstructed fixed targets cancelled: 20556)
    E_12: |H|=6 canonical rows 14713 (obstructed fixed targets cancelled: 17367)
    E_23: |H|=2 canonical rows 19343 (obstructed fixed targets cancelled: 0)
    E_34: |H|=1 canonical rows 0 (obstructed fixed targets cancelled: 0)
    E_45: |H|=1 canonical rows 0 (obstructed fixed targets cancelled: 0)
    Agg 16635x16571 assembled into flint (90s; nrows 47904, max|M| 16, max column fill 16); rref in place ...
    rref: rank 16565, dim ker 6 (885s); reading pivots ...
    kernel: 6 vectors (885s)
  p=2147483647: a=6 rank(R)=16565 mult={'det': 6, 'pad': 4} npts=14 route=inplace (910s, VmHWM 3.34 GB)
    Agg 16635x16571 assembled into flint (110s; nrows 47904, max|M| 16, max column fill 16); rref in place ...
    rref: rank 16565, dim ker 6 (904s); reading pivots ...
    kernel: 6 vectors (905s)
  p=2147483629: a=6 rank(R)=16565 mult={'det': 6, 'pad': 4} npts=14 route=inplace (1821s, VmHWM 3.34 GB)
  lam=(12, 9, 8, 1, 1, 1): N_S=210553 |Stab|=6 n_chi=16571 (orbits dropped: 39947)
    E_01: |H|=6 canonical rows 13848 (obstructed fixed targets cancelled: 20556)
    E_12: |H|=6 canonical rows 14713 (obstructed fixed targets cancelled: 17367)
    E_23: |H|=2 canonical rows 19343 (obstructed fixed targets cancelled: 0)
    E_34: |H|=1 canonical rows 0 (obstructed fixed targets cancelled: 0)
    E_45: |H|=1 canonical rows 0 (obstructed fixed targets cancelled: 0)
    Agg 16635x16571 assembled into flint (93s; nrows 47904, max|M| 16, max column fill 16); rref in place ...
    rref: rank 16565, dim ker 6 (883s); reading pivots ...
    kernel: 6 vectors (883s)
  p=2147483647: a=6 rank(R)=16565 mult={'det': 6, 'pad': 4} npts=42 route=inplace (922s, VmHWM 3.34 GB)
    Agg 16635x16571 assembled into flint (98s; nrows 47904, max|M| 16, max column fill 16); rref in place ...
    rref: rank 16565, dim ker 6 (893s); reading pivots ...
    kernel: 6 vectors (893s)
  p=2147483629: a=6 rank(R)=16565 mult={'det': 6, 'pad': 4} npts=42 route=inplace (1834s, VmHWM 3.37 GB)
  lam=(20, 4, 3, 2, 2, 1): N_S=30587 |Stab|=2 n_chi=16577 (orbits dropped: 0)
    E_01: |H|=2 canonical rows 8160 (obstructed fixed targets cancelled: 0)
    E_12: |H|=2 canonical rows 12303 (obstructed fixed targets cancelled: 0)
    E_23: |H|=1 canonical rows 19624 (obstructed fixed targets cancelled: 0)
    E_34: |H|=1 canonical rows 23251 (obstructed fixed targets cancelled: 0)
    E_45: |H|=1 canonical rows 14301 (obstructed fixed targets cancelled: 0)
    Agg 16641x16577 assembled into flint (101s; nrows 77639, max|M| 16, max column fill 17); rref in place ...
    rref: rank 16576, dim ker 1 (864s); reading pivots ...
    kernel: 1 vectors (865s)
  p=2147483647: a=1 rank(R)=16576 mult={'det': 1, 'pad': 1} npts=9 route=inplace (869s, VmHWM 3.30 GB)
    Agg 16641x16577 assembled into flint (99s; nrows 77639, max|M| 16, max column fill 17); rref in place ...
    rref: rank 16576, dim ker 1 (866s); reading pivots ...
    kernel: 1 vectors (866s)
  p=2147483629: a=1 rank(R)=16576 mult={'det': 1, 'pad': 1} npts=9 route=inplace (1736s, VmHWM 3.31 GB)
  lam=(13, 8, 3, 2, 1, 1): N_S=43058 |Stab|=2 n_chi=16980 (orbits dropped: 9098)
    E_01: |H|=2 canonical rows 13250 (obstructed fixed targets cancelled: 1875)
    E_12: |H|=2 canonical rows 8984 (obstructed fixed targets cancelled: 969)
    E_23: |H|=2 canonical rows 10655 (obstructed fixed targets cancelled: 463)
    E_34: |H|=1 canonical rows 19228 (obstructed fixed targets cancelled: 0)
    E_45: |H|=1 canonical rows 0 (obstructed fixed targets cancelled: 0)
    Agg 17044x16980 assembled into flint (97s; nrows 52117, max|M| 16, max column fill 14); rref in place ...
    rref: rank 16975, dim ker 5 (945s); reading pivots ...
    kernel: 5 vectors (945s)
  p=2147483647: a=5 rank(R)=16975 mult={'det': 5, 'pad': 5} npts=13 route=inplace (950s, VmHWM 3.42 GB)
    Agg 17044x16980 assembled into flint (98s; nrows 52117, max|M| 16, max column fill 14); rref in place ...
    rref: rank 16975, dim ker 5 (951s); reading pivots ...
    kernel: 5 vectors (951s)
  p=2147483629: a=5 rank(R)=16975 mult={'det': 5, 'pad': 5} npts=13 route=inplace (1904s, VmHWM 3.42 GB)
  lam=(19, 4, 4, 2, 2, 1): N_S=63085 |Stab|=4 n_chi=17472 (orbits dropped: 0)
    E_01: |H|=2 canonical rows 16577 (obstructed fixed targets cancelled: 0)
    E_12: |H|=2 canonical rows 29705 (obstructed fixed targets cancelled: 0)
    E_23: |H|=1 canonical rows 35111 (obstructed fixed targets cancelled: 0)
    E_34: |H|=2 canonical rows 24404 (obstructed fixed targets cancelled: 0)
    E_45: |H|=2 canonical rows 14980 (obstructed fixed targets cancelled: 0)
    Agg 17536x17472 assembled into flint (130s; nrows 120777, max|M| 16, max column fill 30); rref in place ...
    rref: rank 17469, dim ker 3 (1027s); reading pivots ...
    kernel: 3 vectors (1028s)
  p=2147483647: a=3 rank(R)=17469 mult={'det': 3, 'pad': 3} npts=11 route=inplace (1037s, VmHWM 3.63 GB)
    Agg 17536x17472 assembled into flint (121s; nrows 120777, max|M| 16, max column fill 30); rref in place ...
    rref: rank 17469, dim ker 3 (1025s); reading pivots ...
    kernel: 3 vectors (1025s)
  p=2147483629: a=3 rank(R)=17469 mult={'det': 3, 'pad': 3} npts=11 route=inplace (2066s, VmHWM 3.63 GB)
  lam=(14, 4, 4, 2, 2, 2): N_S=172137 |Stab|=12 n_chi=17858 (orbits dropped: 0)
    E_01: |H|=6 canonical rows 17907 (obstructed fixed targets cancelled: 0)
    E_12: |H|=6 canonical rows 30037 (obstructed fixed targets cancelled: 0)
    E_23: |H|=2 canonical rows 50195 (obstructed fixed targets cancelled: 0)
    E_34: |H|=2 canonical rows 65778 (obstructed fixed targets cancelled: 0)
    E_45: |H|=2 canonical rows 65778 (obstructed fixed targets cancelled: 0)
    Agg 17922x17858 assembled into flint (159s; nrows 229695, max|M| 18, max column fill 50); rref in place ...
    rref: rank 17855, dim ker 3 (1106s); reading pivots ...
    kernel: 3 vectors (1106s)
  p=2147483647: a=3 rank(R)=17855 mult={'det': 3, 'pad': 3} npts=11 route=inplace (1130s, VmHWM 3.91 GB)
    Agg 17922x17858 assembled into flint (162s; nrows 229695, max|M| 18, max column fill 50); rref in place ...
    rref: rank 17855, dim ker 3 (1105s); reading pivots ...
    kernel: 3 vectors (1105s)
  p=2147483629: a=3 rank(R)=17855 mult={'det': 3, 'pad': 3} npts=11 route=inplace (2243s, VmHWM 3.91 GB)
  lam=(15, 4, 3, 2, 2, 2): N_S=88011 |Stab|=6 n_chi=17907 (orbits dropped: 0)
    E_01: |H|=6 canonical rows 9221 (obstructed fixed targets cancelled: 0)
    E_12: |H|=6 canonical rows 13177 (obstructed fixed targets cancelled: 0)
    E_23: |H|=2 canonical rows 29833 (obstructed fixed targets cancelled: 0)
    E_34: |H|=1 canonical rows 66335 (obstructed fixed targets cancelled: 0)
    E_45: |H|=1 canonical rows 66335 (obstructed fixed targets cancelled: 0)
    Agg 17971x17907 assembled into flint (139s; nrows 184901, max|M| 18, max column fill 35); rref in place ...
    rref: rank 17906, dim ker 1 (1134s); reading pivots ...
    kernel: 1 vectors (1134s)
  p=2147483647: a=1 rank(R)=17906 mult={'det': 1, 'pad': 1} npts=9 route=inplace (1145s, VmHWM 3.89 GB)
    Agg 17971x17907 assembled into flint (141s; nrows 184901, max|M| 18, max column fill 35); rref in place ...
    rref: rank 17906, dim ker 1 (1147s); reading pivots ...
    kernel: 1 vectors (1147s)
  p=2147483629: a=1 rank(R)=17906 mult={'det': 1, 'pad': 1} npts=9 route=inplace (2295s, VmHWM 3.89 GB)
  lam=(11, 10, 8, 1, 1, 1): N_S=228475 |Stab|=6 n_chi=18103 (orbits dropped: 43045)
    E_01: |H|=6 canonical rows 16571 (obstructed fixed targets cancelled: 22452)
    E_12: |H|=6 canonical rows 15347 (obstructed fixed targets cancelled: 19551)
    E_23: |H|=2 canonical rows 20969 (obstructed fixed targets cancelled: 0)
    E_34: |H|=1 canonical rows 0 (obstructed fixed targets cancelled: 0)
    E_45: |H|=1 canonical rows 0 (obstructed fixed targets cancelled: 0)
    Agg 18167x18103 assembled into flint (116s; nrows 52887, max|M| 15, max column fill 16); rref in place ...
    rref: rank 18099, dim ker 4 (1135s); reading pivots ...
    kernel: 4 vectors (1135s)
  p=2147483647: a=4 rank(R)=18099 mult={'det': 4, 'pad': 2} npts=12 route=inplace (1160s, VmHWM 3.92 GB)
    Agg 18167x18103 assembled into flint (112s; nrows 52887, max|M| 15, max column fill 16); rref in place ...
    rref: rank 18099, dim ker 4 (1135s); reading pivots ...
    kernel: 4 vectors (1135s)
  p=2147483629: a=4 rank(R)=18099 mult={'det': 4, 'pad': 2} npts=12 route=inplace (2302s, VmHWM 3.92 GB)
  lam=(11, 10, 8, 1, 1, 1): N_S=228475 |Stab|=6 n_chi=18103 (orbits dropped: 43045)
    E_01: |H|=6 canonical rows 16571 (obstructed fixed targets cancelled: 22452)
    E_12: |H|=6 canonical rows 15347 (obstructed fixed targets cancelled: 19551)
    E_23: |H|=2 canonical rows 20969 (obstructed fixed targets cancelled: 0)
    E_34: |H|=1 canonical rows 0 (obstructed fixed targets cancelled: 0)
    E_45: |H|=1 canonical rows 0 (obstructed fixed targets cancelled: 0)
    Agg 18167x18103 assembled into flint (111s; nrows 52887, max|M| 15, max column fill 16); rref in place ...
  lam=(11, 10, 8, 1, 1, 1): N_S=228475 |Stab|=6 n_chi=18103 (orbits dropped: 43045)
    E_01: |H|=6 canonical rows 16571 (obstructed fixed targets cancelled: 22452)
    E_12: |H|=6 canonical rows 15347 (obstructed fixed targets cancelled: 19551)
    E_23: |H|=2 canonical rows 20969 (obstructed fixed targets cancelled: 0)
    E_34: |H|=1 canonical rows 0 (obstructed fixed targets cancelled: 0)
    E_45: |H|=1 canonical rows 0 (obstructed fixed targets cancelled: 0)
