# Sceptical battery — cell (11, 9, 9, 1, 1, 1), delta 8, side pad: mult_pad = 1 < a = 3


## prime 2147483647: rank of 33 fresh pad-point evaluations on the HWV space = 1 (mult_pad confirmed = 1); vanishing subspace dim 2

### vanishing HWV #1: support 85746 of N_S = 240291 monomials (chi-coordinates nonzero: 7208 of 9675); normalised at its first monomial

- `c(0, 0, 3, 0, 0, 1) c(0, 0, 4, 0, 0, 0) c(0, 2, 1, 0, 1, 0) c(0, 3, 0, 1, 0, 0) c(1, 2, 1, 0, 0, 0) c(2, 2, 0, 0, 0, 0) c(4, 0, 0, 0, 0, 0) c(4, 0, 0, 0, 0, 0)` : 1
- `c(0, 0, 3, 0, 0, 1) c(0, 0, 4, 0, 0, 0) c(0, 2, 1, 0, 1, 0) c(0, 3, 0, 1, 0, 0) c(1, 2, 1, 0, 0, 0) c(3, 1, 0, 0, 0, 0) c(3, 1, 0, 0, 0, 0) c(4, 0, 0, 0, 0, 0)` : -805306368
- `c(0, 0, 3, 0, 0, 1) c(0, 0, 4, 0, 0, 0) c(0, 2, 1, 0, 1, 0) c(0, 3, 0, 1, 0, 0) c(1, 3, 0, 0, 0, 0) c(2, 1, 1, 0, 0, 0) c(4, 0, 0, 0, 0, 0) c(4, 0, 0, 0, 0, 0)` : 1073741822
- `c(0, 0, 3, 0, 0, 1) c(0, 0, 4, 0, 0, 0) c(0, 2, 1, 0, 1, 0) c(0, 3, 0, 1, 0, 0) c(1, 3, 0, 0, 0, 0) c(3, 0, 1, 0, 0, 0) c(3, 1, 0, 0, 0, 0) c(4, 0, 0, 0, 0, 0)` : 268435457
- `c(0, 0, 3, 0, 0, 1) c(0, 0, 4, 0, 0, 0) c(0, 2, 1, 0, 1, 0) c(0, 3, 0, 1, 0, 0) c(2, 1, 1, 0, 0, 0) c(2, 2, 0, 0, 0, 0) c(3, 1, 0, 0, 0, 0) c(4, 0, 0, 0, 0, 0)` : 536870912
- `c(0, 0, 3, 0, 0, 1) c(0, 0, 4, 0, 0, 0) c(0, 2, 1, 0, 1, 0) c(0, 3, 0, 1, 0, 0) c(2, 2, 0, 0, 0, 0) c(2, 2, 0, 0, 0, 0) c(3, 0, 1, 0, 0, 0) c(4, 0, 0, 0, 0, 0)` : 1073741823
- `c(0, 0, 3, 0, 0, 1) c(0, 0, 4, 0, 0, 0) c(0, 2, 1, 0, 1, 0) c(0, 3, 1, 0, 0, 0) c(1, 2, 0, 1, 0, 0) c(2, 2, 0, 0, 0, 0) c(4, 0, 0, 0, 0, 0) c(4, 0, 0, 0, 0, 0)` : -1
- `c(0, 0, 3, 0, 0, 1) c(0, 0, 4, 0, 0, 0) c(0, 2, 1, 0, 1, 0) c(0, 3, 1, 0, 0, 0) c(1, 2, 0, 1, 0, 0) c(3, 1, 0, 0, 0, 0) c(3, 1, 0, 0, 0, 0) c(4, 0, 0, 0, 0, 0)` : 805306368

(full vector: `results/s41_cells/11_9_9_1_1_1_d8_pad_p2147483647_vec1.txt`)

(★) check: 85746 of 85746 monomials satisfy the reducible-locus condition — **the vector lies in I(X_6) by (★): a reducibility equation**

| family (independent symbolic construction, seed 2036) | points | nonzero values |
|---|---|---|
| truepad | 20 | 0 |
| l_cubic | 20 | 0 |
| generic | 20 | 20 |
| det | 20 | 20 |

### vanishing HWV #2: support 73278 of N_S = 240291 monomials (chi-coordinates nonzero: 6154 of 9675); normalised at its first monomial

- `c(0, 0, 3, 0, 0, 1) c(0, 0, 4, 0, 0, 0) c(0, 2, 1, 0, 1, 0) c(0, 3, 0, 1, 0, 0) c(1, 2, 1, 0, 0, 0) c(2, 2, 0, 0, 0, 0) c(4, 0, 0, 0, 0, 0) c(4, 0, 0, 0, 0, 0)` : 1
- `c(0, 0, 3, 0, 0, 1) c(0, 0, 4, 0, 0, 0) c(0, 2, 1, 0, 1, 0) c(0, 3, 0, 1, 0, 0) c(1, 2, 1, 0, 0, 0) c(3, 1, 0, 0, 0, 0) c(3, 1, 0, 0, 0, 0) c(4, 0, 0, 0, 0, 0)` : -805306368
- `c(0, 0, 3, 0, 0, 1) c(0, 0, 4, 0, 0, 0) c(0, 2, 1, 0, 1, 0) c(0, 3, 0, 1, 0, 0) c(1, 3, 0, 0, 0, 0) c(2, 1, 1, 0, 0, 0) c(4, 0, 0, 0, 0, 0) c(4, 0, 0, 0, 0, 0)` : 1073741822
- `c(0, 0, 3, 0, 0, 1) c(0, 0, 4, 0, 0, 0) c(0, 2, 1, 0, 1, 0) c(0, 3, 0, 1, 0, 0) c(1, 3, 0, 0, 0, 0) c(3, 0, 1, 0, 0, 0) c(3, 1, 0, 0, 0, 0) c(4, 0, 0, 0, 0, 0)` : 268435457
- `c(0, 0, 3, 0, 0, 1) c(0, 0, 4, 0, 0, 0) c(0, 2, 1, 0, 1, 0) c(0, 3, 0, 1, 0, 0) c(2, 1, 1, 0, 0, 0) c(2, 2, 0, 0, 0, 0) c(3, 1, 0, 0, 0, 0) c(4, 0, 0, 0, 0, 0)` : 536870912
- `c(0, 0, 3, 0, 0, 1) c(0, 0, 4, 0, 0, 0) c(0, 2, 1, 0, 1, 0) c(0, 3, 0, 1, 0, 0) c(2, 2, 0, 0, 0, 0) c(2, 2, 0, 0, 0, 0) c(3, 0, 1, 0, 0, 0) c(4, 0, 0, 0, 0, 0)` : 1073741823
- `c(0, 0, 3, 0, 0, 1) c(0, 0, 4, 0, 0, 0) c(0, 2, 1, 0, 1, 0) c(0, 3, 1, 0, 0, 0) c(1, 2, 0, 1, 0, 0) c(2, 2, 0, 0, 0, 0) c(4, 0, 0, 0, 0, 0) c(4, 0, 0, 0, 0, 0)` : -1
- `c(0, 0, 3, 0, 0, 1) c(0, 0, 4, 0, 0, 0) c(0, 2, 1, 0, 1, 0) c(0, 3, 1, 0, 0, 0) c(1, 2, 0, 1, 0, 0) c(3, 1, 0, 0, 0, 0) c(3, 1, 0, 0, 0, 0) c(4, 0, 0, 0, 0, 0)` : 805306368

(full vector: `results/s41_cells/11_9_9_1_1_1_d8_pad_p2147483647_vec2.txt`)

(★) check: 73278 of 73278 monomials satisfy the reducible-locus condition — **the vector lies in I(X_6) by (★): a reducibility equation**

| family (independent symbolic construction, seed 2036) | points | nonzero values |
|---|---|---|
| truepad | 20 | 0 |
| l_cubic | 20 | 0 |
| generic | 20 | 20 |
| det | 20 | 20 |


## prime 2147483629: rank of 33 fresh pad-point evaluations on the HWV space = 1 (mult_pad confirmed = 1); vanishing subspace dim 2

### vanishing HWV #1: support 85746 of N_S = 240291 monomials (chi-coordinates nonzero: 7208 of 9675); normalised at its first monomial

- `c(0, 0, 3, 0, 0, 1) c(0, 0, 4, 0, 0, 0) c(0, 2, 1, 0, 1, 0) c(0, 3, 0, 1, 0, 0) c(1, 2, 1, 0, 0, 0) c(2, 2, 0, 0, 0, 0) c(4, 0, 0, 0, 0, 0) c(4, 0, 0, 0, 0, 0)` : 1
- `c(0, 0, 3, 0, 0, 1) c(0, 0, 4, 0, 0, 0) c(0, 2, 1, 0, 1, 0) c(0, 3, 0, 1, 0, 0) c(1, 2, 1, 0, 0, 0) c(3, 1, 0, 0, 0, 0) c(3, 1, 0, 0, 0, 0) c(4, 0, 0, 0, 0, 0)` : -268435454
- `c(0, 0, 3, 0, 0, 1) c(0, 0, 4, 0, 0, 0) c(0, 2, 1, 0, 1, 0) c(0, 3, 0, 1, 0, 0) c(1, 3, 0, 0, 0, 0) c(2, 1, 1, 0, 0, 0) c(4, 0, 0, 0, 0, 0) c(4, 0, 0, 0, 0, 0)` : 1073741813
- `c(0, 0, 3, 0, 0, 1) c(0, 0, 4, 0, 0, 0) c(0, 2, 1, 0, 1, 0) c(0, 3, 0, 1, 0, 0) c(1, 3, 0, 0, 0, 0) c(3, 0, 1, 0, 0, 0) c(3, 1, 0, 0, 0, 0) c(4, 0, 0, 0, 0, 0)` : 805306362
- `c(0, 0, 3, 0, 0, 1) c(0, 0, 4, 0, 0, 0) c(0, 2, 1, 0, 1, 0) c(0, 3, 0, 1, 0, 0) c(2, 1, 1, 0, 0, 0) c(2, 2, 0, 0, 0, 0) c(3, 1, 0, 0, 0, 0) c(4, 0, 0, 0, 0, 0)` : -536870907
- `c(0, 0, 3, 0, 0, 1) c(0, 0, 4, 0, 0, 0) c(0, 2, 1, 0, 1, 0) c(0, 3, 0, 1, 0, 0) c(2, 2, 0, 0, 0, 0) c(2, 2, 0, 0, 0, 0) c(3, 0, 1, 0, 0, 0) c(4, 0, 0, 0, 0, 0)` : 1073741814
- `c(0, 0, 3, 0, 0, 1) c(0, 0, 4, 0, 0, 0) c(0, 2, 1, 0, 1, 0) c(0, 3, 1, 0, 0, 0) c(1, 2, 0, 1, 0, 0) c(2, 2, 0, 0, 0, 0) c(4, 0, 0, 0, 0, 0) c(4, 0, 0, 0, 0, 0)` : -1
- `c(0, 0, 3, 0, 0, 1) c(0, 0, 4, 0, 0, 0) c(0, 2, 1, 0, 1, 0) c(0, 3, 1, 0, 0, 0) c(1, 2, 0, 1, 0, 0) c(3, 1, 0, 0, 0, 0) c(3, 1, 0, 0, 0, 0) c(4, 0, 0, 0, 0, 0)` : 268435454

(full vector: `results/s41_cells/11_9_9_1_1_1_d8_pad_p2147483629_vec1.txt`)

(★) check: 85746 of 85746 monomials satisfy the reducible-locus condition — **the vector lies in I(X_6) by (★): a reducibility equation**

| family (independent symbolic construction, seed 2036) | points | nonzero values |
|---|---|---|
| truepad | 20 | 0 |
| l_cubic | 20 | 0 |
| generic | 20 | 20 |
| det | 20 | 20 |

### vanishing HWV #2: support 73278 of N_S = 240291 monomials (chi-coordinates nonzero: 6154 of 9675); normalised at its first monomial

- `c(0, 0, 3, 0, 0, 1) c(0, 0, 4, 0, 0, 0) c(0, 2, 1, 0, 1, 0) c(0, 3, 0, 1, 0, 0) c(1, 2, 1, 0, 0, 0) c(2, 2, 0, 0, 0, 0) c(4, 0, 0, 0, 0, 0) c(4, 0, 0, 0, 0, 0)` : 1
- `c(0, 0, 3, 0, 0, 1) c(0, 0, 4, 0, 0, 0) c(0, 2, 1, 0, 1, 0) c(0, 3, 0, 1, 0, 0) c(1, 2, 1, 0, 0, 0) c(3, 1, 0, 0, 0, 0) c(3, 1, 0, 0, 0, 0) c(4, 0, 0, 0, 0, 0)` : -268435454
- `c(0, 0, 3, 0, 0, 1) c(0, 0, 4, 0, 0, 0) c(0, 2, 1, 0, 1, 0) c(0, 3, 0, 1, 0, 0) c(1, 3, 0, 0, 0, 0) c(2, 1, 1, 0, 0, 0) c(4, 0, 0, 0, 0, 0) c(4, 0, 0, 0, 0, 0)` : 1073741813
- `c(0, 0, 3, 0, 0, 1) c(0, 0, 4, 0, 0, 0) c(0, 2, 1, 0, 1, 0) c(0, 3, 0, 1, 0, 0) c(1, 3, 0, 0, 0, 0) c(3, 0, 1, 0, 0, 0) c(3, 1, 0, 0, 0, 0) c(4, 0, 0, 0, 0, 0)` : 805306362
- `c(0, 0, 3, 0, 0, 1) c(0, 0, 4, 0, 0, 0) c(0, 2, 1, 0, 1, 0) c(0, 3, 0, 1, 0, 0) c(2, 1, 1, 0, 0, 0) c(2, 2, 0, 0, 0, 0) c(3, 1, 0, 0, 0, 0) c(4, 0, 0, 0, 0, 0)` : -536870907
- `c(0, 0, 3, 0, 0, 1) c(0, 0, 4, 0, 0, 0) c(0, 2, 1, 0, 1, 0) c(0, 3, 0, 1, 0, 0) c(2, 2, 0, 0, 0, 0) c(2, 2, 0, 0, 0, 0) c(3, 0, 1, 0, 0, 0) c(4, 0, 0, 0, 0, 0)` : 1073741814
- `c(0, 0, 3, 0, 0, 1) c(0, 0, 4, 0, 0, 0) c(0, 2, 1, 0, 1, 0) c(0, 3, 1, 0, 0, 0) c(1, 2, 0, 1, 0, 0) c(2, 2, 0, 0, 0, 0) c(4, 0, 0, 0, 0, 0) c(4, 0, 0, 0, 0, 0)` : -1
- `c(0, 0, 3, 0, 0, 1) c(0, 0, 4, 0, 0, 0) c(0, 2, 1, 0, 1, 0) c(0, 3, 1, 0, 0, 0) c(1, 2, 0, 1, 0, 0) c(3, 1, 0, 0, 0, 0) c(3, 1, 0, 0, 0, 0) c(4, 0, 0, 0, 0, 0)` : 268435454

(full vector: `results/s41_cells/11_9_9_1_1_1_d8_pad_p2147483629_vec2.txt`)

(★) check: 73278 of 73278 monomials satisfy the reducible-locus condition — **the vector lies in I(X_6) by (★): a reducibility equation**

| family (independent symbolic construction, seed 2036) | points | nonzero values |
|---|---|---|
| truepad | 20 | 0 |
| l_cubic | 20 | 0 |
| generic | 20 | 20 |
| det | 20 | 20 |

