# Sceptical battery — cell (12, 9, 8, 1, 1, 1), delta 8, side pad: mult_pad = 4 < a = 6


## prime 2147483647: rank of 42 fresh pad-point evaluations on the HWV space = 4 (mult_pad confirmed = 4); vanishing subspace dim 2

### vanishing HWV #1: support 67656 of N_S = 210553 monomials (chi-coordinates nonzero: 11276 of 16571); normalised at its first monomial

- `c(0, 0, 3, 0, 0, 1) c(0, 1, 2, 0, 1, 0) c(0, 2, 1, 1, 0, 0) c(0, 4, 0, 0, 0, 0) c(2, 0, 2, 0, 0, 0) c(2, 2, 0, 0, 0, 0) c(4, 0, 0, 0, 0, 0) c(4, 0, 0, 0, 0, 0)` : 1
- `c(0, 0, 3, 0, 0, 1) c(0, 1, 2, 0, 1, 0) c(0, 2, 1, 1, 0, 0) c(0, 4, 0, 0, 0, 0) c(2, 0, 2, 0, 0, 0) c(3, 1, 0, 0, 0, 0) c(3, 1, 0, 0, 0, 0) c(4, 0, 0, 0, 0, 0)` : -805306368
- `c(0, 0, 3, 0, 0, 1) c(0, 1, 2, 0, 1, 0) c(0, 2, 1, 1, 0, 0) c(0, 4, 0, 0, 0, 0) c(2, 1, 1, 0, 0, 0) c(2, 1, 1, 0, 0, 0) c(4, 0, 0, 0, 0, 0) c(4, 0, 0, 0, 0, 0)` : -536870912
- `c(0, 0, 3, 0, 0, 1) c(0, 1, 2, 0, 1, 0) c(0, 2, 1, 1, 0, 0) c(0, 4, 0, 0, 0, 0) c(2, 1, 1, 0, 0, 0) c(3, 0, 1, 0, 0, 0) c(3, 1, 0, 0, 0, 0) c(4, 0, 0, 0, 0, 0)` : 805306368
- `c(0, 0, 3, 0, 0, 1) c(0, 1, 2, 0, 1, 0) c(0, 2, 1, 1, 0, 0) c(0, 4, 0, 0, 0, 0) c(2, 2, 0, 0, 0, 0) c(3, 0, 1, 0, 0, 0) c(3, 0, 1, 0, 0, 0) c(4, 0, 0, 0, 0, 0)` : -805306368
- `c(0, 0, 3, 0, 0, 1) c(0, 1, 2, 0, 1, 0) c(0, 2, 1, 1, 0, 0) c(1, 2, 1, 0, 0, 0) c(1, 2, 1, 0, 0, 0) c(2, 2, 0, 0, 0, 0) c(4, 0, 0, 0, 0, 0) c(4, 0, 0, 0, 0, 0)` : -557519793
- `c(0, 0, 3, 0, 0, 1) c(0, 1, 2, 0, 1, 0) c(0, 2, 1, 1, 0, 0) c(1, 2, 1, 0, 0, 0) c(1, 2, 1, 0, 0, 0) c(3, 1, 0, 0, 0, 0) c(3, 1, 0, 0, 0, 0) c(4, 0, 0, 0, 0, 0)` : 1014376290
- `c(0, 0, 3, 0, 0, 1) c(0, 1, 2, 0, 1, 0) c(0, 2, 1, 1, 0, 0) c(1, 2, 1, 0, 0, 0) c(1, 3, 0, 0, 0, 0) c(2, 1, 1, 0, 0, 0) c(4, 0, 0, 0, 0, 0) c(4, 0, 0, 0, 0, 0)` : -474924268

(full vector: `results/s41_cells/12_9_8_1_1_1_d8_pad_p2147483647_vec1.txt`)

(★) check: 67656 of 67656 monomials satisfy the reducible-locus condition — **the vector lies in I(X_6) by (★): a reducibility equation**

| family (independent symbolic construction, seed 2036) | points | nonzero values |
|---|---|---|
| truepad | 20 | 0 |
| l_cubic | 20 | 0 |
| generic | 20 | 20 |
| det | 20 | 20 |

### vanishing HWV #2: support 74436 of N_S = 210553 monomials (chi-coordinates nonzero: 12406 of 16571); normalised at its first monomial

- `c(0, 0, 3, 0, 0, 1) c(0, 1, 2, 0, 1, 0) c(0, 2, 1, 1, 0, 0) c(0, 4, 0, 0, 0, 0) c(2, 0, 2, 0, 0, 0) c(2, 2, 0, 0, 0, 0) c(4, 0, 0, 0, 0, 0) c(4, 0, 0, 0, 0, 0)` : 1
- `c(0, 0, 3, 0, 0, 1) c(0, 1, 2, 0, 1, 0) c(0, 2, 1, 1, 0, 0) c(0, 4, 0, 0, 0, 0) c(2, 0, 2, 0, 0, 0) c(3, 1, 0, 0, 0, 0) c(3, 1, 0, 0, 0, 0) c(4, 0, 0, 0, 0, 0)` : -805306368
- `c(0, 0, 3, 0, 0, 1) c(0, 1, 2, 0, 1, 0) c(0, 2, 1, 1, 0, 0) c(0, 4, 0, 0, 0, 0) c(2, 1, 1, 0, 0, 0) c(2, 1, 1, 0, 0, 0) c(4, 0, 0, 0, 0, 0) c(4, 0, 0, 0, 0, 0)` : -536870912
- `c(0, 0, 3, 0, 0, 1) c(0, 1, 2, 0, 1, 0) c(0, 2, 1, 1, 0, 0) c(0, 4, 0, 0, 0, 0) c(2, 1, 1, 0, 0, 0) c(3, 0, 1, 0, 0, 0) c(3, 1, 0, 0, 0, 0) c(4, 0, 0, 0, 0, 0)` : 805306368
- `c(0, 0, 3, 0, 0, 1) c(0, 1, 2, 0, 1, 0) c(0, 2, 1, 1, 0, 0) c(0, 4, 0, 0, 0, 0) c(2, 2, 0, 0, 0, 0) c(3, 0, 1, 0, 0, 0) c(3, 0, 1, 0, 0, 0) c(4, 0, 0, 0, 0, 0)` : -805306368
- `c(0, 0, 3, 0, 0, 1) c(0, 1, 2, 0, 1, 0) c(0, 2, 1, 1, 0, 0) c(1, 2, 1, 0, 0, 0) c(1, 2, 1, 0, 0, 0) c(2, 2, 0, 0, 0, 0) c(4, 0, 0, 0, 0, 0) c(4, 0, 0, 0, 0, 0)` : 181375308
- `c(0, 0, 3, 0, 0, 1) c(0, 1, 2, 0, 1, 0) c(0, 2, 1, 1, 0, 0) c(1, 2, 1, 0, 0, 0) c(1, 2, 1, 0, 0, 0) c(3, 1, 0, 0, 0, 0) c(3, 1, 0, 0, 0, 0) c(4, 0, 0, 0, 0, 0)` : 1005726083
- `c(0, 0, 3, 0, 0, 1) c(0, 1, 2, 0, 1, 0) c(0, 2, 1, 1, 0, 0) c(1, 2, 1, 0, 0, 0) c(1, 3, 0, 0, 0, 0) c(2, 1, 1, 0, 0, 0) c(4, 0, 0, 0, 0, 0) c(4, 0, 0, 0, 0, 0)` : -544125924

(full vector: `results/s41_cells/12_9_8_1_1_1_d8_pad_p2147483647_vec2.txt`)

(★) check: 74436 of 74436 monomials satisfy the reducible-locus condition — **the vector lies in I(X_6) by (★): a reducibility equation**

| family (independent symbolic construction, seed 2036) | points | nonzero values |
|---|---|---|
| truepad | 20 | 0 |
| l_cubic | 20 | 0 |
| generic | 20 | 20 |
| det | 20 | 20 |


## prime 2147483629: rank of 42 fresh pad-point evaluations on the HWV space = 4 (mult_pad confirmed = 4); vanishing subspace dim 2

### vanishing HWV #1: support 67656 of N_S = 210553 monomials (chi-coordinates nonzero: 11276 of 16571); normalised at its first monomial

- `c(0, 0, 3, 0, 0, 1) c(0, 1, 2, 0, 1, 0) c(0, 2, 1, 1, 0, 0) c(0, 4, 0, 0, 0, 0) c(2, 0, 2, 0, 0, 0) c(2, 2, 0, 0, 0, 0) c(4, 0, 0, 0, 0, 0) c(4, 0, 0, 0, 0, 0)` : 1
- `c(0, 0, 3, 0, 0, 1) c(0, 1, 2, 0, 1, 0) c(0, 2, 1, 1, 0, 0) c(0, 4, 0, 0, 0, 0) c(2, 0, 2, 0, 0, 0) c(3, 1, 0, 0, 0, 0) c(3, 1, 0, 0, 0, 0) c(4, 0, 0, 0, 0, 0)` : -268435454
- `c(0, 0, 3, 0, 0, 1) c(0, 1, 2, 0, 1, 0) c(0, 2, 1, 1, 0, 0) c(0, 4, 0, 0, 0, 0) c(2, 1, 1, 0, 0, 0) c(2, 1, 1, 0, 0, 0) c(4, 0, 0, 0, 0, 0) c(4, 0, 0, 0, 0, 0)` : 536870907
- `c(0, 0, 3, 0, 0, 1) c(0, 1, 2, 0, 1, 0) c(0, 2, 1, 1, 0, 0) c(0, 4, 0, 0, 0, 0) c(2, 1, 1, 0, 0, 0) c(3, 0, 1, 0, 0, 0) c(3, 1, 0, 0, 0, 0) c(4, 0, 0, 0, 0, 0)` : 268435454
- `c(0, 0, 3, 0, 0, 1) c(0, 1, 2, 0, 1, 0) c(0, 2, 1, 1, 0, 0) c(0, 4, 0, 0, 0, 0) c(2, 2, 0, 0, 0, 0) c(3, 0, 1, 0, 0, 0) c(3, 0, 1, 0, 0, 0) c(4, 0, 0, 0, 0, 0)` : -268435454
- `c(0, 0, 3, 0, 0, 1) c(0, 1, 2, 0, 1, 0) c(0, 2, 1, 1, 0, 0) c(1, 2, 1, 0, 0, 0) c(1, 2, 1, 0, 0, 0) c(2, 2, 0, 0, 0, 0) c(4, 0, 0, 0, 0, 0) c(4, 0, 0, 0, 0, 0)` : -846604123
- `c(0, 0, 3, 0, 0, 1) c(0, 1, 2, 0, 1, 0) c(0, 2, 1, 1, 0, 0) c(1, 2, 1, 0, 0, 0) c(1, 2, 1, 0, 0, 0) c(3, 1, 0, 0, 0, 0) c(3, 1, 0, 0, 0, 0) c(4, 0, 0, 0, 0, 0)` : -1024700722
- `c(0, 0, 3, 0, 0, 1) c(0, 1, 2, 0, 1, 0) c(0, 2, 1, 1, 0, 0) c(1, 2, 1, 0, 0, 0) c(1, 3, 0, 0, 0, 0) c(2, 1, 1, 0, 0, 0) c(4, 0, 0, 0, 0, 0) c(4, 0, 0, 0, 0, 0)` : 392328740

(full vector: `results/s41_cells/12_9_8_1_1_1_d8_pad_p2147483629_vec1.txt`)

(★) check: 67656 of 67656 monomials satisfy the reducible-locus condition — **the vector lies in I(X_6) by (★): a reducibility equation**

| family (independent symbolic construction, seed 2036) | points | nonzero values |
|---|---|---|
| truepad | 20 | 0 |
| l_cubic | 20 | 0 |
| generic | 20 | 20 |
| det | 20 | 20 |

### vanishing HWV #2: support 74436 of N_S = 210553 monomials (chi-coordinates nonzero: 12406 of 16571); normalised at its first monomial

- `c(0, 0, 3, 0, 0, 1) c(0, 1, 2, 0, 1, 0) c(0, 2, 1, 1, 0, 0) c(0, 4, 0, 0, 0, 0) c(2, 0, 2, 0, 0, 0) c(2, 2, 0, 0, 0, 0) c(4, 0, 0, 0, 0, 0) c(4, 0, 0, 0, 0, 0)` : 1
- `c(0, 0, 3, 0, 0, 1) c(0, 1, 2, 0, 1, 0) c(0, 2, 1, 1, 0, 0) c(0, 4, 0, 0, 0, 0) c(2, 0, 2, 0, 0, 0) c(3, 1, 0, 0, 0, 0) c(3, 1, 0, 0, 0, 0) c(4, 0, 0, 0, 0, 0)` : -268435454
- `c(0, 0, 3, 0, 0, 1) c(0, 1, 2, 0, 1, 0) c(0, 2, 1, 1, 0, 0) c(0, 4, 0, 0, 0, 0) c(2, 1, 1, 0, 0, 0) c(2, 1, 1, 0, 0, 0) c(4, 0, 0, 0, 0, 0) c(4, 0, 0, 0, 0, 0)` : 536870907
- `c(0, 0, 3, 0, 0, 1) c(0, 1, 2, 0, 1, 0) c(0, 2, 1, 1, 0, 0) c(0, 4, 0, 0, 0, 0) c(2, 1, 1, 0, 0, 0) c(3, 0, 1, 0, 0, 0) c(3, 1, 0, 0, 0, 0) c(4, 0, 0, 0, 0, 0)` : 268435454
- `c(0, 0, 3, 0, 0, 1) c(0, 1, 2, 0, 1, 0) c(0, 2, 1, 1, 0, 0) c(0, 4, 0, 0, 0, 0) c(2, 2, 0, 0, 0, 0) c(3, 0, 1, 0, 0, 0) c(3, 0, 1, 0, 0, 0) c(4, 0, 0, 0, 0, 0)` : -268435454
- `c(0, 0, 3, 0, 0, 1) c(0, 1, 2, 0, 1, 0) c(0, 2, 1, 1, 0, 0) c(1, 2, 1, 0, 0, 0) c(1, 2, 1, 0, 0, 0) c(2, 2, 0, 0, 0, 0) c(4, 0, 0, 0, 0, 0) c(4, 0, 0, 0, 0, 0)` : 195885331
- `c(0, 0, 3, 0, 0, 1) c(0, 1, 2, 0, 1, 0) c(0, 2, 1, 1, 0, 0) c(1, 2, 1, 0, 0, 0) c(1, 2, 1, 0, 0, 0) c(3, 1, 0, 0, 0, 0) c(3, 1, 0, 0, 0, 0) c(4, 0, 0, 0, 0, 0)` : -878763360
- `c(0, 0, 3, 0, 0, 1) c(0, 1, 2, 0, 1, 0) c(0, 2, 1, 1, 0, 0) c(1, 2, 1, 0, 0, 0) c(1, 3, 0, 0, 0, 0) c(2, 1, 1, 0, 0, 0) c(4, 0, 0, 0, 0, 0) c(4, 0, 0, 0, 0, 0)` : -587655993

(full vector: `results/s41_cells/12_9_8_1_1_1_d8_pad_p2147483629_vec2.txt`)

(★) check: 74436 of 74436 monomials satisfy the reducible-locus condition — **the vector lies in I(X_6) by (★): a reducibility equation**

| family (independent symbolic construction, seed 2036) | points | nonzero values |
|---|---|---|
| truepad | 20 | 0 |
| l_cubic | 20 | 0 |
| generic | 20 | 20 |
| det | 20 | 20 |

