03:26:10 == delta=8: 91 length-6 weights with a>=1, sum a = 139
03:31:53    63 unmeasured; 20 inside (6000, 13000]
03:31:53 START per6 d=8 (7, 7, 6, 2, 1, 1) a=1 n_chi=6297 (pred 1.0 GB, free 6.3)
03:33:53 | 8 | `(7, 7, 6, 2, 1, 1)` | 1 | 31850 | 4 | 6297 | dense | 1 | 0 | 120 | 0.59 |
03:33:53 START per6 d=8 (11, 4, 4, 2, 2, 1) a=2 n_chi=6512 (pred 1.0 GB, free 6.0)
03:36:05 | 8 | `(11, 4, 4, 2, 2, 1)` | 2 | 23324 | 4 | 6512 | dense | 2 | 0 | 131 | 0.62 |
03:36:05 START per6 d=8 (10, 6, 4, 2, 1, 1) a=2 n_chi=6542 (pred 1.0 GB, free 6.1)
03:38:06 | 8 | `(10, 6, 4, 2, 1, 1)` | 2 | 16865 | 2 | 6542 | dense | 2 | 0 | 120 | 0.62 |
03:38:06 START per6 d=8 (10, 4, 4, 2, 2, 2) a=2 n_chi=6929 (pred 1.1 GB, free 5.9)
03:40:47 | 8 | `(10, 4, 4, 2, 2, 2)` | 2 | 65440 | 12 | 6929 | dense | 2 | 0 | 161 | 0.75 |
03:40:47 START per6 d=8 (12, 4, 3, 2, 2, 1) a=1 n_chi=7200 (pred 1.1 GB, free 6.2)
03:43:24 | 8 | `(12, 4, 3, 2, 2, 1)` | 1 | 13264 | 2 | 7200 | dense | 1 | 0 | 157 | 0.73 |
03:43:24 START per6 d=8 (9, 5, 5, 3, 1, 1) a=3 n_chi=7385 (pred 1.2 GB, free 6.0)
03:46:20 | 8 | `(9, 5, 5, 3, 1, 1)` | 3 | 37274 | 4 | 7385 | dense | 3 | 0 | 175 | 0.77 |
03:46:20 START per6 d=8 (11, 4, 3, 2, 2, 2) a=1 n_chi=7749 (pred 1.2 GB, free 5.8)
03:49:39 | 8 | `(11, 4, 3, 2, 2, 2)` | 1 | 37634 | 6 | 7749 | dense | 1 | 0 | 199 | 0.86 |
03:49:39 START per6 d=8 (9, 7, 4, 2, 1, 1) a=2 n_chi=7775 (pred 1.2 GB, free 5.9)
03:52:52 | 8 | `(9, 7, 4, 2, 1, 1)` | 2 | 19922 | 2 | 7775 | dense | 2 | 0 | 193 | 0.84 |
03:52:52 START per6 d=8 (9, 5, 4, 4, 1, 1) a=1 n_chi=8670 (pred 1.5 GB, free 5.8)
03:57:24 | 8 | `(9, 5, 4, 4, 1, 1)` | 1 | 43096 | 4 | 8670 | dense | 1 | 0 | 272 | 1.01 |
03:57:24    [guard] per6 d=8 (8, 8, 3, 2, 2, 1) a=1 n_chi=9263 waiting for the heavy lock
