[s44 r=4] seed 20260903, 3 pencils, box +-1000000, primes (2147483647, 2147483629)

  n = 3, r = 4 (3n-5 = 4):
    d= 2: cols    10  rho     4  determinantal ranks [4]  drop 0
    d= 3: cols    20  rho    16  determinantal ranks [16]  drop 0
    d= 4: cols    35  rho    34  determinantal ranks [34]  drop 0
    d= 5: cols    56  rho    56  determinantal ranks [56]  drop 0
    d= 6: cols    84  rho    84  determinantal ranks [84]  drop 0
    d= 7: cols   120  rho   120  determinantal ranks [120]  drop 0
    d= 8: cols   165  rho   165  determinantal ranks [165]  drop 0
    d= 9: cols   220  rho   220  determinantal ranks [220]  drop 0

  n = 4, r = 4 (3n-5 = 7):
    d= 3: cols    20  rho     4  determinantal ranks [4]  drop 0
    d= 4: cols    35  rho    16  determinantal ranks [16]  drop 0
    d= 5: cols    56  rho    40  determinantal ranks [40]  drop 0
    d= 6: cols    84  rho    74  determinantal ranks [74]  drop 0
    d= 7: cols   120  rho   116  determinantal ranks [116]  drop 0
    d= 8: cols   165  rho   164  determinantal ranks [164]  drop 0
    d= 9: cols   220  rho   220  determinantal ranks [220]  drop 0
    d=10: cols   286  rho   286  determinantal ranks [286]  drop 0
    d=11: cols   364  rho   364  determinantal ranks [364]  drop 0
    d=12: cols   455  rho   455  determinantal ranks [455]  drop 0

  n = 5, r = 4 (3n-5 = 10):
    d= 4: cols    35  rho     4  determinantal ranks [4]  drop 0
    d= 5: cols    56  rho    16  determinantal ranks [16]  drop 0
    d= 6: cols    84  rho    40  determinantal ranks [40]  drop 0
    d= 7: cols   120  rho    80  determinantal ranks [80]  drop 0
    d= 8: cols   165  rho   134  determinantal ranks [134]  drop 0
    d= 9: cols   220  rho   200  determinantal ranks [200]  drop 0
    d=10: cols   286  rho   276  determinantal ranks [276]  drop 0
    d=11: cols   364  rho   360  determinantal ranks [360]  drop 0
    d=12: cols   455  rho   454  determinantal ranks [454]  drop 0
    d=13: cols   560  rho   560  determinantal ranks [560]  drop 0
    d=14: cols   680  rho   680  determinantal ranks [680]  drop 0
    d=15: cols   816  rho   816  determinantal ranks [816]  drop 0

  C(4,5) = 0 predicts no drop at any d: CONFIRMED
[s44 r=4] done in 12.0s
