[s44 syzygy] n=4 r=6 d=7, multiplier degree 4
  gn_basis size 31 (expect 30)
  p=2147483647 seed=20260903: rows 756 cols 792 rank 660 (rho 666, drop 6) | nullity 96 = Koszul 90 + extra 6 [span check OK]
  extracted 6 extra syzygies (expect 6)
  J(M)_4: dim 66 of 126 (GN predicts 66)
    extra 0: G_k in J(M)_4? ['OUT', 'OUT', 'OUT', 'OUT', 'OUT', '0']
    extra 1: G_k in J(M)_4? ['OUT', 'OUT', 'OUT', 'OUT', 'OUT', 'OUT']
    extra 2: G_k in J(M)_4? ['OUT', 'OUT', 'OUT', 'OUT', 'OUT', 'OUT']
    extra 3: G_k in J(M)_4? ['OUT', 'OUT', 'OUT', 'OUT', 'OUT', 'OUT']
    extra 4: G_k in J(M)_4? ['OUT', 'OUT', 'OUT', 'OUT', 'OUT', 'OUT']
    extra 5: G_k in J(M)_4? ['OUT', 'OUT', 'OUT', 'OUT', 'OUT', 'OUT']
  span{ (XM+MY)*S_3 : tr(X+Y)=0 } has dim 1344
    extra 0: W in that span? YES
    extra 1: W in that span? YES
    extra 2: W in that span? YES
    extra 3: W in that span? YES
    extra 4: W in that span? YES
    extra 5: W in that span? YES
  p=2147483647 seed=20260914: rows 756 cols 792 rank 660 (rho 666, drop 6) | nullity 96 = Koszul 90 + extra 6 [span check OK]
  extracted 6 extra syzygies (expect 6)
  J(M)_4: dim 66 of 126 (GN predicts 66)
    extra 0: G_k in J(M)_4? ['OUT', 'OUT', 'OUT', 'OUT', 'OUT', '0']
    extra 1: G_k in J(M)_4? ['OUT', 'OUT', 'OUT', 'OUT', 'OUT', 'OUT']
    extra 2: G_k in J(M)_4? ['OUT', 'OUT', 'OUT', 'OUT', 'OUT', 'OUT']
    extra 3: G_k in J(M)_4? ['OUT', 'OUT', 'OUT', 'OUT', 'OUT', 'OUT']
    extra 4: G_k in J(M)_4? ['OUT', 'OUT', 'OUT', 'OUT', 'OUT', 'OUT']
    extra 5: G_k in J(M)_4? ['OUT', 'OUT', 'OUT', 'OUT', 'OUT', 'OUT']
  span{ (XM+MY)*S_3 : tr(X+Y)=0 } has dim 1344
    extra 0: W in that span? YES
    extra 1: W in that span? YES
    extra 2: W in that span? YES
    extra 3: W in that span? YES
    extra 4: W in that span? YES
    extra 5: W in that span? YES
  p=2147483629 seed=20260903: rows 756 cols 792 rank 660 (rho 666, drop 6) | nullity 96 = Koszul 90 + extra 6 [span check OK]
  extracted 6 extra syzygies (expect 6)
  J(M)_4: dim 66 of 126 (GN predicts 66)
    extra 0: G_k in J(M)_4? ['OUT', 'OUT', 'OUT', 'OUT', 'OUT', '0']
    extra 1: G_k in J(M)_4? ['OUT', 'OUT', 'OUT', 'OUT', 'OUT', 'OUT']
    extra 2: G_k in J(M)_4? ['OUT', 'OUT', 'OUT', 'OUT', 'OUT', 'OUT']
    extra 3: G_k in J(M)_4? ['OUT', 'OUT', 'OUT', 'OUT', 'OUT', 'OUT']
    extra 4: G_k in J(M)_4? ['OUT', 'OUT', 'OUT', 'OUT', 'OUT', 'OUT']
    extra 5: G_k in J(M)_4? ['OUT', 'OUT', 'OUT', 'OUT', 'OUT', 'OUT']
  span{ (XM+MY)*S_3 : tr(X+Y)=0 } has dim 1344
    extra 0: W in that span? YES
    extra 1: W in that span? YES
    extra 2: W in that span? YES
    extra 3: W in that span? YES
    extra 4: W in that span? YES
    extra 5: W in that span? YES
  p=2147483629 seed=20260914: rows 756 cols 792 rank 660 (rho 666, drop 6) | nullity 96 = Koszul 90 + extra 6 [span check OK]
  extracted 6 extra syzygies (expect 6)
  J(M)_4: dim 66 of 126 (GN predicts 66)
    extra 0: G_k in J(M)_4? ['OUT', 'OUT', 'OUT', 'OUT', 'OUT', '0']
    extra 1: G_k in J(M)_4? ['OUT', 'OUT', 'OUT', 'OUT', 'OUT', 'OUT']
    extra 2: G_k in J(M)_4? ['OUT', 'OUT', 'OUT', 'OUT', 'OUT', 'OUT']
    extra 3: G_k in J(M)_4? ['OUT', 'OUT', 'OUT', 'OUT', 'OUT', 'OUT']
    extra 4: G_k in J(M)_4? ['OUT', 'OUT', 'OUT', 'OUT', 'OUT', 'OUT']
    extra 5: G_k in J(M)_4? ['OUT', 'OUT', 'OUT', 'OUT', 'OUT', 'OUT']
  span{ (XM+MY)*S_3 : tr(X+Y)=0 } has dim 1344
    extra 0: W in that span? YES
    extra 1: W in that span? YES
    extra 2: W in that span? YES
    extra 3: W in that span? YES
    extra 4: W in that span? YES
    extra 5: W in that span? YES
[s44 syzygy] done in 66.9s
