=== CELL 8 12 12 3 3 1 1 --full-check  2026-09-03T04:08:25Z ===
      level 1: 64 prefixes
      level 2: 1061 prefixes
      level 3: 7364 prefixes
      level 4: 37010 prefixes
      level 5: 113009 prefixes
      level 6: 204271 prefixes
      level 7: 237040 prefixes
      level 8: 237040 prefixes
  lam=(12, 12, 3, 3, 1, 1): N_S=237040 |Stab|=8 n_chi=23700 (orbits dropped: 13248) [lean, 1s, HWM 0.15 GB]
    E_01: |H|=4 targets 229248 canonical rows 45465 nnz 231103 (obstructed fixed targets cancelled: 11948) [1s, HWM 0.16 GB]
    E_12: |H|=2 targets 106035 canonical rows 42212 nnz 208066 (obstructed fixed targets cancelled: 5208) [2s, HWM 0.16 GB]
    E_23: |H|=4 targets 197075 canonical rows 39297 nnz 97260 (obstructed fixed targets cancelled: 3160) [2s, HWM 0.16 GB]
    E_34: |H|=2 targets 88268 canonical rows 44305 nnz 93658 (obstructed fixed targets cancelled: 0) [3s, HWM 0.16 GB]
    E_45: |H|=4 targets 141134 canonical rows 0 nnz 0 (obstructed fixed targets cancelled: 1092) [3s, HWM 0.16 GB]
  built (12, 12, 3, 3, 1, 1) d8: N_S=237040 |Stab|=8 n_chi=23700 rows=171279 nnz=630087 (4s: mono 1s orbits 1s rows 3s; HWM 0.16 GB)
    level 0 (3,2): 35582 rows, nnz 261215 (full: 171279 rows, nnz 630087)
    level 0 (3,2): 35596 rows, nnz 593658 (full: 171293 rows, nnz 961887)
    wied[c12_12_3_3_1_1d8_fullE p=2147483647 lvl=0 seed=501 k=0]: KERNEL SEQ n=23700 nrows=35582 nnz=261215 k=0 len=47400 secs=49.4 | BM deg=23691 f0=0 secs=56.5 | DONE secs=86.7 (88s)
    (kernel vector of the compressed matrix is not in ker[E; ev]: escalate)
    level 1 (12,2): 85640 rows, nnz 629944 (full: 171279 rows, nnz 630087)
    wied[c12_12_3_3_1_1d8_det p=2147483629 lvl=0 seed=1 k=0]: NONSINGULAR SEQ n=23700 nrows=35596 nnz=593658 k=0 len=47400 secs=86.5 | BM deg=23700 f0=909205197 secs=93.6 (95s)
    wied[c12_12_3_3_1_1d8_fullE p=2147483647 lvl=1 seed=502 k=0]: KERNEL SEQ n=23700 nrows=85640 nnz=629944 k=0 len=47400 secs=113.4 | BM deg=23695 f0=0 secs=120.5 | DONE secs=181.0 (269s)
    wied[c12_12_3_3_1_1d8_fullE p=2147483647 lvl=1 seed=503 k=1]: KERNEL SEQ n=23700 nrows=85640 nnz=629944 k=1 len=47400 secs=116.8 | BM deg=23696 f0=0 secs=123.9 | DONE secs=186.4 (456s)
    wied[c12_12_3_3_1_1d8_fullE p=2147483647 lvl=1 seed=504 k=2]: KERNEL SEQ n=23700 nrows=85640 nnz=629944 k=2 len=47400 secs=124.0 | BM deg=23697 f0=0 secs=131.1 | DONE secs=199.2 (655s)
    wied[c12_12_3_3_1_1d8_fullE p=2147483647 lvl=1 seed=505 k=3]: KERNEL SEQ n=23700 nrows=85640 nnz=629944 k=3 len=47400 secs=128.4 | BM deg=23698 f0=0 secs=135.5 | DONE secs=204.8 (860s)
    wied[c12_12_3_3_1_1d8_fullE p=2147483647 lvl=1 seed=506 k=4]: KERNEL SEQ n=23700 nrows=85640 nnz=629944 k=4 len=47400 secs=134.8 | BM deg=23699 f0=0 secs=141.8 | DONE secs=214.2 (1074s)
    wied[c12_12_3_3_1_1d8_fullE p=2147483647 lvl=1 seed=507 k=5]: KERNEL SEQ n=23700 nrows=85640 nnz=629944 k=5 len=47400 secs=142.7 | BM deg=23700 f0=0 secs=149.8 | DONE secs=226.0 (1300s)
    wied[c12_12_3_3_1_1d8_fullE p=2147483647 lvl=1 seed=508 k=6]: NONSINGULAR SEQ n=23700 nrows=85640 nnz=629944 k=6 len=47400 secs=147.0 | BM deg=23700 f0=145780153 secs=153.9 (1454s)
  p=2147483647: full-E nullity 6 = a (plethysm) [level 1]
    level 0 (3,2): 35596 rows, nnz 593996 (full: 171293 rows, nnz 961887)
    wied[c12_12_3_3_1_1d8_det p=2147483647 lvl=0 seed=1 k=0]: NONSINGULAR SEQ n=23700 nrows=35596 nnz=593996 k=0 len=47400 secs=87.6 | BM deg=23700 f0=496366942 secs=94.7 (95s)
  (12, 12, 3, 3, 1, 1) d8 [det]: nullity = 0 -> mult_det = 6 = a PROVED  (1606s)
{"lam": [12, 12, 3, 3, 1, 1], "delta": 8, "ell": 6, "a": 6, "K": 14, "N_S": 237040, "stab": 8, "n_chi": 23700, "nrows": 171279, "nnz": 630087, "nfixed": 21408, "build_secs": 4.4, "mono_secs": 0.6, "orbit_secs": 0.8, "rows_secs": 3.0, "build_hwm_gb": 0.16, "sides": {"det": {"nullity": 0, "mult": 6, "status": "proved (nullity 0 at 2147483647)", "per_prime": {"2147483647": {"full_E_nullity": 6, "ev_secs": 0.4, "nullity": 0, "level": 0, "diag": [{"level": 0, "seed": 1, "status": "NONSINGULAR", "note": "SEQ n=23700 nrows=35596 nnz=593996 k=0 len=47400 secs=87.6 | BM deg=23700 f0=496366942 secs=94.7", "rows": 35596, "nnz": 593996}], "secs": 1549.2}, "2147483629": {"ev_secs": 0.4, "nullity": 0, "level": 0, "diag": [{"level": 0, "seed": 1, "status": "NONSINGULAR", "note": "SEQ n=23700 nrows=35596 nnz=593658 k=0 len=47400 secs=86.5 | BM deg=23700 f0=909205197 secs=93.6", "rows": 35596, "nnz": 593658}], "secs": 95.5}}}}, "mult_det": 6, "full_E_nullity": 6, "secs": 1605.9, "hwm_gb": 0.89, "verdict": "mult_det = a = 6 (PROVED, nullity 0)", "wall_secs": 1605.9}
SWEEP (12, 12, 3, 3, 1, 1) d8: n_chi=23700 nnz=630087 -> mult_det = a = 6 (PROVED, nullity 0) (1605.9s, HWM 0.89 GB)
--- rc=0
=== CELL 7 9 9 4 4 1 1 --full-check  2026-09-03T04:35:12Z ===
      level 1: 61 prefixes
      level 2: 1330 prefixes
      level 3: 11817 prefixes
      level 4: 68452 prefixes
      level 5: 212739 prefixes
      level 6: 314143 prefixes
      level 7: 314143 prefixes
  lam=(9, 9, 4, 4, 1, 1): N_S=314143 |Stab|=8 n_chi=32631 (orbits dropped: 15101) [lean, 1s, HWM 0.16 GB]
    E_01: |H|=4 targets 298573 canonical rows 61539 nnz 282655 (obstructed fixed targets cancelled: 10460) [1s, HWM 0.18 GB]
    E_12: |H|=2 targets 187940 canonical rows 76407 nnz 350388 (obstructed fixed targets cancelled: 6420) [2s, HWM 0.18 GB]
    E_23: |H|=4 targets 272954 canonical rows 55847 nnz 172793 (obstructed fixed targets cancelled: 4170) [3s, HWM 0.19 GB]
    E_34: |H|=2 targets 100364 canonical rows 49666 nnz 127787 (obstructed fixed targets cancelled: 287) [3s, HWM 0.19 GB]
    E_45: |H|=4 targets 185374 canonical rows 0 nnz 0 (obstructed fixed targets cancelled: 851) [4s, HWM 0.19 GB]
  built (9, 9, 4, 4, 1, 1) d7: N_S=314143 |Stab|=8 n_chi=32631 rows=243459 nnz=933623 (5s: mono 0s orbits 1s rows 4s; HWM 0.19 GB)
    level 0 (3,2): 48979 rows, nnz 375772 (full: 243459 rows, nnz 933623)
    level 0 (3,2): 48991 rows, nnz 766648 (full: 243471 rows, nnz 1325195)
    wied[c9_9_4_4_1_1d7_fullE p=2147483647 lvl=0 seed=501 k=0]: KERNEL SEQ n=32631 nrows=48979 nnz=375772 k=0 len=65262 secs=96.9 | BM deg=32627 f0=0 secs=110.4 | DONE secs=170.0 (172s)
    (kernel vector of the compressed matrix is not in ker[E; ev]: escalate)
    level 1 (12,2): 121730 rows, nnz 933502 (full: 243459 rows, nnz 933623)
    wied[c9_9_4_4_1_1d7_det p=2147483629 lvl=0 seed=1 k=0]: NONSINGULAR SEQ n=32631 nrows=48991 nnz=766648 k=0 len=65262 secs=162.0 | BM deg=32631 f0=89853826 secs=175.3 (178s)
    wied[c9_9_4_4_1_1d7_fullE p=2147483647 lvl=1 seed=502 k=0]: KERNEL SEQ n=32631 nrows=121730 nnz=933502 k=0 len=65262 secs=244.5 | BM deg=32628 f0=0 secs=257.8 | DONE secs=395.1 (568s)
    wied[c9_9_4_4_1_1d7_fullE p=2147483647 lvl=1 seed=503 k=1]: KERNEL SEQ n=32631 nrows=121730 nnz=933502 k=1 len=65262 secs=260.9 | BM deg=32629 f0=0 secs=274.4 | DONE secs=411.4 (979s)
    wied[c9_9_4_4_1_1d7_fullE p=2147483647 lvl=1 seed=504 k=2]: KERNEL SEQ n=32631 nrows=121730 nnz=933502 k=2 len=65262 secs=265.6 | BM deg=32630 f0=0 secs=279.0 | DONE secs=423.0 (1402s)
    wied[c9_9_4_4_1_1d7_fullE p=2147483647 lvl=1 seed=505 k=3]: KERNEL SEQ n=32631 nrows=121730 nnz=933502 k=3 len=65262 secs=270.7 | BM deg=32631 f0=0 secs=284.3 | DONE secs=431.6 (1834s)
    wied[c9_9_4_4_1_1d7_fullE p=2147483647 lvl=1 seed=506 k=4]: NONSINGULAR SEQ n=32631 nrows=121730 nnz=933502 k=4 len=65262 secs=289.9 | BM deg=32631 f0=1261171688 secs=303.7 (2138s)
  p=2147483647: full-E nullity 4 = a (plethysm) [level 1]
    level 0 (3,2): 48991 rows, nnz 767210 (full: 243471 rows, nnz 1325195)
    wied[c9_9_4_4_1_1d7_det p=2147483647 lvl=0 seed=1 k=0]: NONSINGULAR SEQ n=32631 nrows=48991 nnz=767210 k=0 len=65262 secs=160.4 | BM deg=32631 f0=2047858563 secs=173.7 (174s)
  (9, 9, 4, 4, 1, 1) d7 [det]: nullity = 0 -> mult_det = 4 = a PROVED  (2332s)
{"lam": [9, 9, 4, 4, 1, 1], "delta": 7, "ell": 6, "a": 4, "K": 12, "N_S": 314143, "stab": 8, "n_chi": 32631, "nrows": 243459, "nnz": 933623, "nfixed": 22188, "build_secs": 5.4, "mono_secs": 0.3, "orbit_secs": 1.2, "rows_secs": 3.8, "build_hwm_gb": 0.19, "sides": {"det": {"nullity": 0, "mult": 4, "status": "proved (nullity 0 at 2147483647)", "per_prime": {"2147483647": {"full_E_nullity": 4, "ev_secs": 0.3, "nullity": 0, "level": 0, "diag": [{"level": 0, "seed": 1, "status": "NONSINGULAR", "note": "SEQ n=32631 nrows=48991 nnz=767210 k=0 len=65262 secs=160.4 | BM deg=32631 f0=2047858563 secs=173.7", "rows": 48991, "nnz": 767210}], "secs": 2311.8}, "2147483629": {"ev_secs": 0.4, "nullity": 0, "level": 0, "diag": [{"level": 0, "seed": 1, "status": "NONSINGULAR", "note": "SEQ n=32631 nrows=48991 nnz=766648 k=0 len=65262 secs=162.0 | BM deg=32631 f0=89853826 secs=175.3", "rows": 48991, "nnz": 766648}], "secs": 178.1}}}}, "mult_det": 4, "full_E_nullity": 4, "secs": 2331.7, "hwm_gb": 0.37, "verdict": "mult_det = a = 4 (PROVED, nullity 0)", "wall_secs": 2331.7}
SWEEP (9, 9, 4, 4, 1, 1) d7: n_chi=32631 nnz=933623 -> mult_det = a = 4 (PROVED, nullity 0) (2331.7s, HWM 0.37 GB)
--- rc=0
=== CELL 7 9 9 6 2 1 1 --full-check  2026-09-03T05:14:04Z ===
      level 1: 55 prefixes
      level 2: 971 prefixes
      level 3: 7571 prefixes
      level 4: 40833 prefixes
      level 5: 121701 prefixes
      level 6: 177331 prefixes
      level 7: 177331 prefixes
  lam=(9, 9, 6, 2, 1, 1): N_S=177331 |Stab|=4 n_chi=36090 (orbits dropped: 16947) [lean, 0s, HWM 0.12 GB]
    E_01: |H|=2 targets 168661 canonical rows 68403 nnz 311066 (obstructed fixed targets cancelled: 5995) [1s, HWM 0.14 GB]
    E_12: |H|=2 targets 135950 canonical rows 54965 nnz 249992 (obstructed fixed targets cancelled: 4909) [1s, HWM 0.14 GB]
    E_23: |H|=4 targets 79501 canonical rows 15987 nnz 60417 (obstructed fixed targets cancelled: 2250) [1s, HWM 0.14 GB]
    E_34: |H|=2 targets 78804 canonical rows 38526 nnz 71768 (obstructed fixed targets cancelled: 148) [1s, HWM 0.14 GB]
    E_45: |H|=2 targets 105271 canonical rows 0 nnz 0 (obstructed fixed targets cancelled: 264) [2s, HWM 0.14 GB]
  built (9, 9, 6, 2, 1, 1) d7: N_S=177331 |Stab|=4 n_chi=36090 rows=177881 nnz=693243 (2s: mono 0s orbits 0s rows 2s; HWM 0.14 GB)
    level 0 (3,2): 54167 rows, nnz 422231 (full: 177881 rows, nnz 693243)
    level 0 (3,2): 54179 rows, nnz 855590 (full: 177893 rows, nnz 1126323)
    wied[c9_9_6_2_1_1d7_fullE p=2147483647 lvl=0 seed=501 k=0]: KERNEL SEQ n=36090 nrows=54167 nnz=422231 k=0 len=72180 secs=120.5 | BM deg=36087 f0=0 secs=137.0 | DONE secs=210.9 (214s)
    wied[c9_9_6_2_1_1d7_det p=2147483629 lvl=0 seed=1 k=0]: NONSINGULAR SEQ n=36090 nrows=54179 nnz=855590 k=0 len=72180 secs=195.4 | BM deg=36090 f0=1743104673 secs=211.8 (214s)
    wied[c9_9_6_2_1_1d7_fullE p=2147483647 lvl=0 seed=502 k=1]: KERNEL SEQ n=36090 nrows=54167 nnz=422231 k=1 len=72180 secs=137.4 | BM deg=36088 f0=0 secs=153.9 | DONE secs=234.6 (448s)
    wied[c9_9_6_2_1_1d7_fullE p=2147483647 lvl=0 seed=503 k=2]: KERNEL SEQ n=36090 nrows=54167 nnz=422231 k=2 len=72180 secs=151.4 | BM deg=36089 f0=0 secs=167.9 | DONE secs=256.5 (705s)
    wied[c9_9_6_2_1_1d7_fullE p=2147483647 lvl=0 seed=504 k=3]: KERNEL SEQ n=36090 nrows=54167 nnz=422231 k=3 len=72180 secs=163.8 | BM deg=36090 f0=0 secs=180.3 | DONE secs=274.8 (980s)
    wied[c9_9_6_2_1_1d7_fullE p=2147483647 lvl=0 seed=505 k=4]: NONSINGULAR SEQ n=36090 nrows=54167 nnz=422231 k=4 len=72180 secs=177.3 | BM deg=36090 f0=478456323 secs=193.6 (1174s)
  p=2147483647: full-E nullity 4 = a (plethysm) [level 0]
    level 0 (3,2): 54179 rows, nnz 854812 (full: 177893 rows, nnz 1126323)
    wied[c9_9_6_2_1_1d7_det p=2147483647 lvl=0 seed=1 k=0]: NONSINGULAR SEQ n=36090 nrows=54179 nnz=854812 k=0 len=72180 secs=196.3 | BM deg=36090 f0=1547643017 secs=212.5 (213s)
  (9, 9, 6, 2, 1, 1) d7 [det]: nullity = 0 -> mult_det = 4 = a PROVED  (1402s)
{"lam": [9, 9, 6, 2, 1, 1], "delta": 7, "ell": 6, "a": 4, "K": 12, "N_S": 177331, "stab": 4, "n_chi": 36090, "nrows": 177881, "nnz": 693243, "nfixed": 13566, "build_secs": 2.2, "mono_secs": 0.2, "orbit_secs": 0.3, "rows_secs": 1.7, "build_hwm_gb": 0.14, "sides": {"det": {"nullity": 0, "mult": 4, "status": "proved (nullity 0 at 2147483647)", "per_prime": {"2147483647": {"full_E_nullity": 4, "ev_secs": 0.2, "nullity": 0, "level": 0, "diag": [{"level": 0, "seed": 1, "status": "NONSINGULAR", "note": "SEQ n=36090 nrows=54179 nnz=854812 k=0 len=72180 secs=196.3 | BM deg=36090 f0=1547643017 secs=212.5", "rows": 54179, "nnz": 854812}], "secs": 1386.4}, "2147483629": {"ev_secs": 0.2, "nullity": 0, "level": 0, "diag": [{"level": 0, "seed": 1, "status": "NONSINGULAR", "note": "SEQ n=36090 nrows=54179 nnz=855590 k=0 len=72180 secs=195.4 | BM deg=36090 f0=1743104673 secs=211.8", "rows": 54179, "nnz": 855590}], "secs": 214.7}}}}, "mult_det": 4, "full_E_nullity": 4, "secs": 1402.5, "hwm_gb": 0.34, "verdict": "mult_det = a = 4 (PROVED, nullity 0)", "wall_secs": 1402.5}
SWEEP (9, 9, 6, 2, 1, 1) d7: n_chi=36090 nnz=693243 -> mult_det = a = 4 (PROVED, nullity 0) (1402.5s, HWM 0.34 GB)
--- rc=0
=== CELL 7 8 8 5 5 1 1   2026-09-03T05:37:28Z ===
      level 1: 60 prefixes
      level 2: 1298 prefixes
      level 3: 14640 prefixes
      level 4: 93834 prefixes
      level 5: 355163 prefixes
      level 6: 603787 prefixes
      level 7: 603787 prefixes
  lam=(8, 8, 5, 5, 1, 1): N_S=603787 |Stab|=8 n_chi=62613 (orbits dropped: 27522) [lean, 3s, HWM 0.18 GB]
    E_01: |H|=4 targets 568070 canonical rows 117186 nnz 521269 (obstructed fixed targets cancelled: 16100) [3s, HWM 0.21 GB]
    E_12: |H|=2 targets 435056 canonical rows 179358 nnz 794699 (obstructed fixed targets cancelled: 12003) [5s, HWM 0.21 GB]
    E_23: |H|=4 targets 542288 canonical rows 112088 nnz 392661 (obstructed fixed targets cancelled: 10470) [7s, HWM 0.21 GB]
    E_34: |H|=2 targets 171178 canonical rows 86053 nnz 248988 (obstructed fixed targets cancelled: 0) [8s, HWM 0.21 GB]
    E_45: |H|=4 targets 353516 canonical rows 0 nnz 0 (obstructed fixed targets cancelled: 1403) [9s, HWM 0.22 GB]
  built (8, 8, 5, 5, 1, 1) d7: N_S=603787 |Stab|=8 n_chi=62613 rows=494685 nnz=1957617 (13s: mono 1s orbits 3s rows 9s; HWM 0.22 GB)
    level 0 (3,2): 93963 rows, nnz 1432658 (full: 494696 rows, nnz 2646360)
    level 0 (3,2): 93963 rows, nnz 1432234 (full: 494696 rows, nnz 2646360)
    wied[c8_8_5_5_1_1d7_det p=2147483647 lvl=0 seed=1 k=0]: NONSINGULAR SEQ n=62613 nrows=93963 nnz=1432658 k=0 len=125226 secs=632.7 | BM deg=62613 f0=1428728852 secs=684.9 (692s)
    wied[c8_8_5_5_1_1d7_det p=2147483629 lvl=0 seed=1 k=0]: NONSINGULAR SEQ n=62613 nrows=93963 nnz=1432234 k=0 len=125226 secs=632.5 | BM deg=62613 f0=547094044 secs=684.8 (694s)
  (8, 8, 5, 5, 1, 1) d7 [det]: nullity = 0 -> mult_det = 3 = a PROVED  (722s)
{"lam": [8, 8, 5, 5, 1, 1], "delta": 7, "ell": 6, "a": 3, "K": 11, "N_S": 603787, "stab": 8, "n_chi": 62613, "nrows": 494685, "nnz": 1957617, "nfixed": 39976, "build_secs": 12.6, "mono_secs": 0.6, "orbit_secs": 2.9, "rows_secs": 9.2, "build_hwm_gb": 0.22, "sides": {"det": {"nullity": 0, "mult": 3, "status": "proved (nullity 0 at 2147483647)", "per_prime": {"2147483647": {"ev_secs": 0.6, "nullity": 0, "level": 0, "diag": [{"level": 0, "seed": 1, "status": "NONSINGULAR", "note": "SEQ n=62613 nrows=93963 nnz=1432658 k=0 len=125226 secs=632.7 | BM deg=62613 f0=1428728852 secs=684.9", "rows": 93963, "nnz": 1432658}], "secs": 693.0}, "2147483629": {"ev_secs": 0.6, "nullity": 0, "level": 0, "diag": [{"level": 0, "seed": 1, "status": "NONSINGULAR", "note": "SEQ n=62613 nrows=93963 nnz=1432234 k=0 len=125226 secs=632.5 | BM deg=62613 f0=547094044 secs=684.8", "rows": 93963, "nnz": 1432234}], "secs": 694.8}}}}, "mult_det": 3, "secs": 721.9, "hwm_gb": 0.4, "verdict": "mult_det = a = 3 (PROVED, nullity 0)", "wall_secs": 721.9}
SWEEP (8, 8, 5, 5, 1, 1) d7: n_chi=62613 nnz=1957617 -> mult_det = a = 3 (PROVED, nullity 0) (721.9s, HWM 0.4 GB)
--- rc=0
=== CELL 7 8 8 7 3 1 1   2026-09-03T05:49:30Z ===
      level 1: 59 prefixes
      level 2: 1111 prefixes
      level 3: 10744 prefixes
      level 4: 63579 prefixes
      level 5: 231456 prefixes
      level 6: 387460 prefixes
      level 7: 387460 prefixes
  lam=(8, 8, 7, 3, 1, 1): N_S=387460 |Stab|=4 n_chi=79865 (orbits dropped: 34660) [lean, 1s, HWM 0.17 GB]
    E_01: |H|=2 targets 364721 canonical rows 150149 nnz 662250 (obstructed fixed targets cancelled: 10114) [1s, HWM 0.18 GB]
    E_12: |H|=2 targets 339613 canonical rows 139565 nnz 616967 (obstructed fixed targets cancelled: 9700) [2s, HWM 0.19 GB]
    E_23: |H|=4 targets 214400 canonical rows 43653 nnz 180952 (obstructed fixed targets cancelled: 6499) [3s, HWM 0.19 GB]
    E_34: |H|=2 targets 141434 canonical rows 71126 nnz 159730 (obstructed fixed targets cancelled: 0) [4s, HWM 0.19 GB]
    E_45: |H|=2 targets 227835 canonical rows 0 nnz 0 (obstructed fixed targets cancelled: 0) [4s, HWM 0.19 GB]
  built (8, 8, 7, 3, 1, 1) d7: N_S=387460 |Stab|=4 n_chi=79865 rows=404493 nnz=1619899 (6s: mono 1s orbits 1s rows 4s; HWM 0.19 GB)
    level 0 (3,2): 119841 rows, nnz 1837612 (full: 404504 rows, nnz 2498414)
    level 0 (3,2): 119841 rows, nnz 1838105 (full: 404504 rows, nnz 2498414)
    wied[c8_8_7_3_1_1d7_det p=2147483647 lvl=0 seed=1 k=0]: NONSINGULAR SEQ n=79865 nrows=119841 nnz=1837612 k=0 len=159730 secs=1128.9 | BM deg=79865 f0=585213046 secs=1216.7 (1231s)
    wied[c8_8_7_3_1_1d7_det p=2147483629 lvl=0 seed=1 k=0]: NONSINGULAR SEQ n=79865 nrows=119841 nnz=1838105 k=0 len=159730 secs=1150.1 | BM deg=79865 f0=1472106300 secs=1237.4 (1252s)
  (8, 8, 7, 3, 1, 1) d7 [det]: nullity = 0 -> mult_det = 3 = a PROVED  (1272s)
{"lam": [8, 8, 7, 3, 1, 1], "delta": 7, "ell": 6, "a": 3, "K": 11, "N_S": 387460, "stab": 4, "n_chi": 79865, "nrows": 404493, "nnz": 1619899, "nfixed": 26313, "build_secs": 5.8, "mono_secs": 0.7, "orbit_secs": 0.8, "rows_secs": 4.2, "build_hwm_gb": 0.19, "sides": {"det": {"nullity": 0, "mult": 3, "status": "proved (nullity 0 at 2147483647)", "per_prime": {"2147483647": {"ev_secs": 0.4, "nullity": 0, "level": 0, "diag": [{"level": 0, "seed": 1, "status": "NONSINGULAR", "note": "SEQ n=79865 nrows=119841 nnz=1837612 k=0 len=159730 secs=1128.9 | BM deg=79865 f0=585213046 secs=1216.7", "rows": 119841, "nnz": 1837612}], "secs": 1231.3}, "2147483629": {"ev_secs": 0.4, "nullity": 0, "level": 0, "diag": [{"level": 0, "seed": 1, "status": "NONSINGULAR", "note": "SEQ n=79865 nrows=119841 nnz=1838105 k=0 len=159730 secs=1150.1 | BM deg=79865 f0=1472106300 secs=1237.4", "rows": 119841, "nnz": 1838105}], "secs": 1252.1}}}}, "mult_det": 3, "secs": 1271.8, "hwm_gb": 0.36, "verdict": "mult_det = a = 3 (PROVED, nullity 0)", "wall_secs": 1271.8}
SWEEP (8, 8, 7, 3, 1, 1) d7: n_chi=79865 nnz=1619899 -> mult_det = a = 3 (PROVED, nullity 0) (1271.8s, HWM 0.36 GB)
--- rc=0
=== CELL 7 7 7 6 6 1 1   2026-09-03T06:10:42Z ===
      level 1: 57 prefixes
      level 2: 1208 prefixes
      level 3: 13754 prefixes
      level 4: 96881 prefixes
      level 5: 422660 prefixes
      level 6: 832523 prefixes
      level 7: 832523 prefixes
  lam=(7, 7, 6, 6, 1, 1): N_S=832523 |Stab|=8 n_chi=87045 (orbits dropped: 36407) [lean, 5s, HWM 0.20 GB]
    E_01: |H|=4 targets 774338 canonical rows 161180 nnz 677063 (obstructed fixed targets cancelled: 18864) [5s, HWM 0.24 GB]
    E_12: |H|=2 targets 708835 canonical rows 294472 nnz 1242537 (obstructed fixed targets cancelled: 16262) [8s, HWM 0.24 GB]
    E_23: |H|=4 targets 762036 canonical rows 158355 nnz 618307 (obstructed fixed targets cancelled: 15440) [12s, HWM 0.26 GB]
    E_34: |H|=2 targets 214824 canonical rows 106630 nnz 344258 (obstructed fixed targets cancelled: 809) [13s, HWM 0.26 GB]
    E_45: |H|=4 targets 485855 canonical rows 0 nnz 0 (obstructed fixed targets cancelled: 1551) [15s, HWM 0.27 GB]
  built (7, 7, 6, 6, 1, 1) d7: N_S=832523 |Stab|=8 n_chi=87045 rows=720637 nnz=2882165 (20s: mono 1s orbits 5s rows 15s; HWM 0.27 GB)
    level 0 (3,2): 130609 rows, nnz 1827775 (full: 720646 rows, nnz 3665570)
    level 0 (3,2): 130609 rows, nnz 1828426 (full: 720646 rows, nnz 3665570)
    wied[c7_7_6_6_1_1d7_det p=2147483647 lvl=0 seed=1 k=0]: NONSINGULAR SEQ n=87045 nrows=130609 nnz=1827775 k=0 len=174090 secs=1344.8 | BM deg=87045 f0=1115635410 secs=1449.9 (1471s)
    wied[c7_7_6_6_1_1d7_det p=2147483629 lvl=0 seed=1 k=0]: NONSINGULAR SEQ n=87045 nrows=130609 nnz=1828426 k=0 len=174090 secs=1398.3 | BM deg=87045 f0=1253920021 secs=1502.7 (1519s)
  (7, 7, 6, 6, 1, 1) d7 [det]: nullity = 0 -> mult_det = 1 = a PROVED  (1554s)
{"lam": [7, 7, 6, 6, 1, 1], "delta": 7, "ell": 6, "a": 1, "K": 9, "N_S": 832523, "stab": 8, "n_chi": 87045, "nrows": 720637, "nnz": 2882165, "nfixed": 52926, "build_secs": 20.4, "mono_secs": 0.8, "orbit_secs": 5.0, "rows_secs": 14.6, "build_hwm_gb": 0.27, "sides": {"det": {"nullity": 0, "mult": 1, "status": "proved (nullity 0 at 2147483647)", "per_prime": {"2147483647": {"ev_secs": 0.6, "nullity": 0, "level": 0, "diag": [{"level": 0, "seed": 1, "status": "NONSINGULAR", "note": "SEQ n=87045 nrows=130609 nnz=1827775 k=0 len=174090 secs=1344.8 | BM deg=87045 f0=1115635410 secs=1449.9", "rows": 130609, "nnz": 1827775}], "secs": 1471.3}, "2147483629": {"ev_secs": 0.7, "nullity": 0, "level": 0, "diag": [{"level": 0, "seed": 1, "status": "NONSINGULAR", "note": "SEQ n=87045 nrows=130609 nnz=1828426 k=0 len=174090 secs=1398.3 | BM deg=87045 f0=1253920021 secs=1502.7", "rows": 130609, "nnz": 1828426}], "secs": 1519.6}}}}, "mult_det": 1, "secs": 1554.1, "hwm_gb": 0.45, "verdict": "mult_det = a = 1 (PROVED, nullity 0)", "wall_secs": 1554.1}
SWEEP (7, 7, 6, 6, 1, 1) d7: n_chi=87045 nnz=2882165 -> mult_det = a = 1 (PROVED, nullity 0) (1554.1s, HWM 0.45 GB)
--- rc=0
=== CELL 7 8 8 6 2 2 2   2026-09-03T06:36:37Z ===
      level 1: 81 prefixes
      level 2: 2113 prefixes
      level 3: 25849 prefixes
      level 4: 174536 prefixes
      level 5: 689447 prefixes
      level 6: 1184921 prefixes
      level 7: 1184921 prefixes
  lam=(8, 8, 6, 2, 2, 2): N_S=1184921 |Stab|=12 n_chi=114875 (orbits dropped: 0) [lean, 11s, HWM 0.23 GB]
    E_01: |H|=6 targets 1113896 canonical rows 214220 nnz 951657 (obstructed fixed targets cancelled: 0) [10s, HWM 0.29 GB]
    E_12: |H|=6 targets 948050 canonical rows 182806 nnz 811217 (obstructed fixed targets cancelled: 0) [18s, HWM 0.29 GB]
    E_23: |H|=4 targets 520021 canonical rows 137693 nnz 535336 (obstructed fixed targets cancelled: 0) [21s, HWM 0.29 GB]
    E_34: |H|=2 targets 880799 canonical rows 441728 nnz 911002 (obstructed fixed targets cancelled: 0) [24s, HWM 0.32 GB]
    E_45: |H|=2 targets 880799 canonical rows 441728 nnz 911002 (obstructed fixed targets cancelled: 0) [28s, HWM 0.32 GB]
  built (8, 8, 6, 2, 2, 2) d7: N_S=1184921 |Stab|=12 n_chi=114875 rows=1418175 nnz=4120214 (40s: mono 1s orbits 11s rows 28s; HWM 0.32 GB)
    level 0 (3,2): 172356 rows, nnz 2264066 (full: 1418186 rows, nnz 5383839)
    level 0 (3,2): 172356 rows, nnz 2264977 (full: 1418186 rows, nnz 5383839)
    wied[c8_8_6_2_2_2d7_det p=2147483647 lvl=0 seed=1 k=0]: KERNEL SEQ n=114875 nrows=172356 nnz=2264066 k=0 len=229750 secs=2445.6 | BM deg=114818 f0=0 secs=2633.3 | DONE secs=3978.5 (4024s)
    (kernel vector of the compressed matrix is not in ker[E; ev]: escalate)
    level 1 (12,2): 689293 rows, nnz 5268843 (full: 1418186 rows, nnz 5383839)
    wied[c8_8_6_2_2_2d7_det p=2147483629 lvl=0 seed=1 k=0]: KERNEL SEQ n=114875 nrows=172356 nnz=2264977 k=0 len=229750 secs=2469.2 | BM deg=114818 f0=0 secs=2658.0 | DONE secs=4025.7 (4075s)
    (kernel vector of the compressed matrix is not in ker[E; ev]: escalate)
    level 1 (12,2): 689293 rows, nnz 5269103 (full: 1418186 rows, nnz 5383839)
    wied[c8_8_6_2_2_2d7_det p=2147483647 lvl=1 seed=2 k=0]: NONSINGULAR SEQ n=114875 nrows=689293 nnz=5268843 k=0 len=229750 secs=8872.6 | BM deg=114875 f0=1186650972 secs=9061.1 (13198s)
    wied[c8_8_6_2_2_2d7_det p=2147483629 lvl=1 seed=2 k=0]: NONSINGULAR SEQ n=114875 nrows=689293 nnz=5269103 k=0 len=229750 secs=9041.8 | BM deg=114875 f0=1601928949 secs=9231.6 (13424s)
  (8, 8, 6, 2, 2, 2) d7 [det]: nullity = 0 -> mult_det = 3 = a PROVED  (13479s)
{"lam": [8, 8, 6, 2, 2, 2], "delta": 7, "ell": 6, "a": 3, "K": 11, "N_S": 1184921, "stab": 12, "n_chi": 114875, "nrows": 1418175, "nnz": 4120214, "nfixed": 0, "build_secs": 39.7, "mono_secs": 1.1, "orbit_secs": 11.0, "rows_secs": 27.6, "build_hwm_gb": 0.32, "sides": {"det": {"nullity": 0, "mult": 3, "status": "proved (nullity 0 at 2147483647)", "per_prime": {"2147483647": {"ev_secs": 1.5, "nullity": 0, "level": 1, "diag": [{"level": 0, "seed": 1, "status": "KERNEL", "note": "SEQ n=114875 nrows=172356 nnz=2264066 k=0 len=229750 secs=2445.6 | BM deg=114818 f0=0 secs=2633.3 | DONE secs=3978.5", "rows": 172356, "nnz": 2264066}, {"level": 1, "seed": 2, "status": "NONSINGULAR", "note": "SEQ n=114875 nrows=689293 nnz=5268843 k=0 len=229750 secs=8872.6 | BM deg=114875 f0=1186650972 secs=9061.1", "rows": 689293, "nnz": 5268843}], "secs": 13199.6}, "2147483629": {"ev_secs": 1.5, "nullity": 0, "level": 1, "diag": [{"level": 0, "seed": 1, "status": "KERNEL", "note": "SEQ n=114875 nrows=172356 nnz=2264977 k=0 len=229750 secs=2469.2 | BM deg=114818 f0=0 secs=2658.0 | DONE secs=4025.7", "rows": 172356, "nnz": 2264977}, {"level": 1, "seed": 2, "status": "NONSINGULAR", "note": "SEQ n=114875 nrows=689293 nnz=5269103 k=0 len=229750 secs=9041.8 | BM deg=114875 f0=1601928949 secs=9231.6", "rows": 689293, "nnz": 5269103}], "secs": 13425.5}}}}, "mult_det": 3, "secs": 13479.5, "hwm_gb": 0.49, "verdict": "mult_det = a = 3 (PROVED, nullity 0)", "wall_secs": 13479.5}
SWEEP (8, 8, 6, 2, 2, 2) d7: n_chi=114875 nnz=4120214 -> mult_det = a = 3 (PROVED, nullity 0) (13479.5s, HWM 0.49 GB)
--- rc=0
=== CELL 8 9 9 9 3 1 1   2026-09-03T10:21:17Z ===
