      level 1: 61 prefixes
      level 2: 1330 prefixes
      level 3: 11817 prefixes
      level 4: 68452 prefixes
      level 5: 212739 prefixes
      level 6: 314143 prefixes
      level 7: 314143 prefixes
  lam=(9, 9, 4, 4, 1, 1): N_S=314143 |Stab|=8 n_chi=32631 (orbits dropped: 15101) [lean, 1s, HWM 0.16 GB]
    E_01: |H|=4 targets 298573 canonical rows 61539 nnz 282655 (obstructed fixed targets cancelled: 10460) [1s, HWM 0.17 GB]
    E_12: |H|=2 targets 187940 canonical rows 76407 nnz 350388 (obstructed fixed targets cancelled: 6420) [2s, HWM 0.17 GB]
    E_23: |H|=4 targets 272954 canonical rows 55847 nnz 172793 (obstructed fixed targets cancelled: 4170) [3s, HWM 0.19 GB]
    E_34: |H|=2 targets 100364 canonical rows 49666 nnz 127787 (obstructed fixed targets cancelled: 287) [3s, HWM 0.19 GB]
    E_45: |H|=4 targets 185374 canonical rows 0 nnz 0 (obstructed fixed targets cancelled: 851) [4s, HWM 0.19 GB]
  built (9, 9, 4, 4, 1, 1) d7: N_S=314143 |Stab|=8 n_chi=32631 rows=243459 nnz=933623 (6s: mono 1s orbits 1s rows 4s; HWM 0.19 GB)
{"lam": [9, 9, 4, 4, 1, 1], "delta": 7, "N_S": 314143, "stab": 8, "n_chi": 32631, "nrows": 243459, "nnz": 933623, "build_secs": 5.9, "mono_secs": 0.7, "orbit_secs": 1.2, "rows_secs": 3.9, "hwm_gb": 0.19, "build_only": true}
      level 1: 55 prefixes
      level 2: 971 prefixes
      level 3: 7571 prefixes
      level 4: 40833 prefixes
      level 5: 121701 prefixes
      level 6: 177331 prefixes
      level 7: 177331 prefixes
  lam=(9, 9, 6, 2, 1, 1): N_S=177331 |Stab|=4 n_chi=36090 (orbits dropped: 16947) [lean, 0s, HWM 0.13 GB]
    E_01: |H|=2 targets 168661 canonical rows 68403 nnz 311066 (obstructed fixed targets cancelled: 5995) [1s, HWM 0.14 GB]
    E_12: |H|=2 targets 135950 canonical rows 54965 nnz 249992 (obstructed fixed targets cancelled: 4909) [1s, HWM 0.14 GB]
    E_23: |H|=4 targets 79501 canonical rows 15987 nnz 60417 (obstructed fixed targets cancelled: 2250) [1s, HWM 0.14 GB]
    E_34: |H|=2 targets 78804 canonical rows 38526 nnz 71768 (obstructed fixed targets cancelled: 148) [2s, HWM 0.14 GB]
    E_45: |H|=2 targets 105271 canonical rows 0 nnz 0 (obstructed fixed targets cancelled: 264) [2s, HWM 0.14 GB]
  built (9, 9, 6, 2, 1, 1) d7: N_S=177331 |Stab|=4 n_chi=36090 rows=177881 nnz=693243 (2s: mono 0s orbits 0s rows 2s; HWM 0.14 GB)
{"lam": [9, 9, 6, 2, 1, 1], "delta": 7, "N_S": 177331, "stab": 4, "n_chi": 36090, "nrows": 177881, "nnz": 693243, "build_secs": 2.4, "mono_secs": 0.2, "orbit_secs": 0.3, "rows_secs": 1.8, "hwm_gb": 0.14, "build_only": true}
      level 1: 64 prefixes
      level 2: 1061 prefixes
      level 3: 7364 prefixes
      level 4: 37010 prefixes
      level 5: 113009 prefixes
      level 6: 204271 prefixes
      level 7: 237040 prefixes
      level 8: 237040 prefixes
  lam=(12, 12, 3, 3, 1, 1): N_S=237040 |Stab|=8 n_chi=23700 (orbits dropped: 13248) [lean, 1s, HWM 0.15 GB]
    E_01: |H|=4 targets 229248 canonical rows 45465 nnz 231103 (obstructed fixed targets cancelled: 11948) [1s, HWM 0.16 GB]
    E_12: |H|=2 targets 106035 canonical rows 42212 nnz 208066 (obstructed fixed targets cancelled: 5208) [2s, HWM 0.16 GB]
    E_23: |H|=4 targets 197075 canonical rows 39297 nnz 97260 (obstructed fixed targets cancelled: 3160) [2s, HWM 0.16 GB]
    E_34: |H|=2 targets 88268 canonical rows 44305 nnz 93658 (obstructed fixed targets cancelled: 0) [3s, HWM 0.16 GB]
    E_45: |H|=4 targets 141134 canonical rows 0 nnz 0 (obstructed fixed targets cancelled: 1092) [3s, HWM 0.16 GB]
  built (12, 12, 3, 3, 1, 1) d8: N_S=237040 |Stab|=8 n_chi=23700 rows=171279 nnz=630087 (4s: mono 0s orbits 1s rows 3s; HWM 0.16 GB)
{"lam": [12, 12, 3, 3, 1, 1], "delta": 8, "N_S": 237040, "stab": 8, "n_chi": 23700, "nrows": 171279, "nnz": 630087, "build_secs": 4.2, "mono_secs": 0.4, "orbit_secs": 0.9, "rows_secs": 3.0, "hwm_gb": 0.16, "build_only": true}
      level 1: 60 prefixes
      level 2: 1298 prefixes
      level 3: 14640 prefixes
      level 4: 93834 prefixes
      level 5: 355163 prefixes
      level 6: 603787 prefixes
      level 7: 603787 prefixes
  lam=(8, 8, 5, 5, 1, 1): N_S=603787 |Stab|=8 n_chi=62613 (orbits dropped: 27522) [lean, 3s, HWM 0.18 GB]
    E_01: |H|=4 targets 568070 canonical rows 117186 nnz 521269 (obstructed fixed targets cancelled: 16100) [3s, HWM 0.21 GB]
    E_12: |H|=2 targets 435056 canonical rows 179358 nnz 794699 (obstructed fixed targets cancelled: 12003) [4s, HWM 0.21 GB]
    E_23: |H|=4 targets 542288 canonical rows 112088 nnz 392661 (obstructed fixed targets cancelled: 10470) [7s, HWM 0.22 GB]
    E_34: |H|=2 targets 171178 canonical rows 86053 nnz 248988 (obstructed fixed targets cancelled: 0) [8s, HWM 0.22 GB]
    E_45: |H|=4 targets 353516 canonical rows 0 nnz 0 (obstructed fixed targets cancelled: 1403) [9s, HWM 0.22 GB]
  built (8, 8, 5, 5, 1, 1) d7: N_S=603787 |Stab|=8 n_chi=62613 rows=494685 nnz=1957617 (13s: mono 1s orbits 3s rows 9s; HWM 0.22 GB)
{"lam": [8, 8, 5, 5, 1, 1], "delta": 7, "N_S": 603787, "stab": 8, "n_chi": 62613, "nrows": 494685, "nnz": 1957617, "build_secs": 12.5, "mono_secs": 0.6, "orbit_secs": 3.0, "rows_secs": 8.9, "hwm_gb": 0.22, "build_only": true}
      level 1: 59 prefixes
      level 2: 1111 prefixes
      level 3: 10744 prefixes
      level 4: 63579 prefixes
      level 5: 231456 prefixes
      level 6: 387460 prefixes
      level 7: 387460 prefixes
  lam=(8, 8, 7, 3, 1, 1): N_S=387460 |Stab|=4 n_chi=79865 (orbits dropped: 34660) [lean, 1s, HWM 0.17 GB]
    E_01: |H|=2 targets 364721 canonical rows 150149 nnz 662250 (obstructed fixed targets cancelled: 10114) [1s, HWM 0.18 GB]
    E_12: |H|=2 targets 339613 canonical rows 139565 nnz 616967 (obstructed fixed targets cancelled: 9700) [3s, HWM 0.20 GB]
    E_23: |H|=4 targets 214400 canonical rows 43653 nnz 180952 (obstructed fixed targets cancelled: 6499) [3s, HWM 0.20 GB]
    E_34: |H|=2 targets 141434 canonical rows 71126 nnz 159730 (obstructed fixed targets cancelled: 0) [4s, HWM 0.20 GB]
    E_45: |H|=2 targets 227835 canonical rows 0 nnz 0 (obstructed fixed targets cancelled: 0) [4s, HWM 0.20 GB]
  built (8, 8, 7, 3, 1, 1) d7: N_S=387460 |Stab|=4 n_chi=79865 rows=404493 nnz=1619899 (6s: mono 0s orbits 1s rows 4s; HWM 0.20 GB)
{"lam": [8, 8, 7, 3, 1, 1], "delta": 7, "N_S": 387460, "stab": 4, "n_chi": 79865, "nrows": 404493, "nnz": 1619899, "build_secs": 5.5, "mono_secs": 0.4, "orbit_secs": 0.8, "rows_secs": 4.3, "hwm_gb": 0.2, "build_only": true}
      level 1: 57 prefixes
      level 2: 1208 prefixes
      level 3: 13754 prefixes
      level 4: 96881 prefixes
      level 5: 422660 prefixes
      level 6: 832523 prefixes
      level 7: 832523 prefixes
  lam=(7, 7, 6, 6, 1, 1): N_S=832523 |Stab|=8 n_chi=87045 (orbits dropped: 36407) [lean, 4s, HWM 0.20 GB]
    E_01: |H|=4 targets 774338 canonical rows 161180 nnz 677063 (obstructed fixed targets cancelled: 18864) [4s, HWM 0.24 GB]
    E_12: |H|=2 targets 708835 canonical rows 294472 nnz 1242537 (obstructed fixed targets cancelled: 16262) [7s, HWM 0.25 GB]
    E_23: |H|=4 targets 762036 canonical rows 158355 nnz 618307 (obstructed fixed targets cancelled: 15440) [11s, HWM 0.26 GB]
    E_34: |H|=2 targets 214824 canonical rows 106630 nnz 344258 (obstructed fixed targets cancelled: 809) [11s, HWM 0.26 GB]
    E_45: |H|=4 targets 485855 canonical rows 0 nnz 0 (obstructed fixed targets cancelled: 1551) [13s, HWM 0.26 GB]
  built (7, 7, 6, 6, 1, 1) d7: N_S=832523 |Stab|=8 n_chi=87045 rows=720637 nnz=2882165 (18s: mono 1s orbits 4s rows 13s; HWM 0.26 GB)
{"lam": [7, 7, 6, 6, 1, 1], "delta": 7, "N_S": 832523, "stab": 8, "n_chi": 87045, "nrows": 720637, "nnz": 2882165, "build_secs": 18.3, "mono_secs": 0.8, "orbit_secs": 4.3, "rows_secs": 13.2, "hwm_gb": 0.26, "build_only": true}
      level 1: 81 prefixes
      level 2: 2113 prefixes
      level 3: 25849 prefixes
      level 4: 174536 prefixes
      level 5: 689447 prefixes
      level 6: 1184921 prefixes
      level 7: 1184921 prefixes
  lam=(8, 8, 6, 2, 2, 2): N_S=1184921 |Stab|=12 n_chi=114875 (orbits dropped: 0) [lean, 11s, HWM 0.23 GB]
    E_01: |H|=6 targets 1113896 canonical rows 214220 nnz 951657 (obstructed fixed targets cancelled: 0) [10s, HWM 0.29 GB]
    E_12: |H|=6 targets 948050 canonical rows 182806 nnz 811217 (obstructed fixed targets cancelled: 0) [18s, HWM 0.29 GB]
    E_23: |H|=4 targets 520021 canonical rows 137693 nnz 535336 (obstructed fixed targets cancelled: 0) [20s, HWM 0.29 GB]
    E_34: |H|=2 targets 880799 canonical rows 441728 nnz 911002 (obstructed fixed targets cancelled: 0) [23s, HWM 0.31 GB]
    E_45: |H|=2 targets 880799 canonical rows 441728 nnz 911002 (obstructed fixed targets cancelled: 0) [26s, HWM 0.32 GB]
  built (8, 8, 6, 2, 2, 2) d7: N_S=1184921 |Stab|=12 n_chi=114875 rows=1418175 nnz=4120214 (39s: mono 1s orbits 11s rows 26s; HWM 0.32 GB)
{"lam": [8, 8, 6, 2, 2, 2], "delta": 7, "N_S": 1184921, "stab": 12, "n_chi": 114875, "nrows": 1418175, "nnz": 4120214, "build_secs": 38.7, "mono_secs": 1.0, "orbit_secs": 11.2, "rows_secs": 26.4, "hwm_gb": 0.32, "build_only": true}
      level 1: 59 prefixes
      level 2: 1070 prefixes
      level 3: 10324 prefixes
      level 4: 65108 prefixes
      level 5: 314552 prefixes
      level 6: 923037 prefixes
      level 7: 1404263 prefixes
      level 8: 1404263 prefixes
  lam=(9, 9, 9, 3, 1, 1): N_S=1404263 |Stab|=12 n_chi=97399 (orbits dropped: 40475) [lean, 13s, HWM 0.27 GB]
    E_01: |H|=2 targets 1332288 canonical rows 554569 nnz 2651532 (obstructed fixed targets cancelled: 38925) [7s, HWM 0.38 GB]
    E_12: |H|=2 targets 1332288 canonical rows 554569 nnz 2651532 (obstructed fixed targets cancelled: 38925) [15s, HWM 0.41 GB]
    E_23: |H|=4 targets 684261 canonical rows 141112 nnz 670692 (obstructed fixed targets cancelled: 22294) [19s, HWM 0.41 GB]
    E_34: |H|=6 targets 503558 canonical rows 83035 nnz 193295 (obstructed fixed targets cancelled: 2379) [21s, HWM 0.41 GB]
    E_45: |H|=6 targets 819101 canonical rows 0 nnz 0 (obstructed fixed targets cancelled: 1890) [26s, HWM 0.41 GB]
  built (9, 9, 9, 3, 1, 1) d8: N_S=1404263 |Stab|=12 n_chi=97399 rows=1333285 nnz=6167051 (40s: mono 1s orbits 13s rows 26s; HWM 0.41 GB)
{"lam": [9, 9, 9, 3, 1, 1], "delta": 8, "N_S": 1404263, "stab": 12, "n_chi": 97399, "nrows": 1333285, "nnz": 6167051, "build_secs": 40.4, "mono_secs": 1.3, "orbit_secs": 12.8, "rows_secs": 26.2, "hwm_gb": 0.41, "build_only": true}
      level 1: 60 prefixes
      level 2: 2242 prefixes
      level 3: 37571 prefixes
      level 4: 340173 prefixes
      level 5: 1829060 prefixes
      level 6: 4408003 prefixes
      level 7: 4408003 prefixes
  lam=(6, 6, 6, 6, 2, 2): N_S=4408003 |Stab|=48 n_chi=99480 (orbits dropped: 0) [lean, 251s, HWM 0.59 GB]
    E_01: |H|=4 targets 4027352 canonical rows 1055529 nnz 4230892 (obstructed fixed targets cancelled: 0) [41s, HWM 0.77 GB]
    E_12: |H|=4 targets 4027352 canonical rows 1055529 nnz 4230892 (obstructed fixed targets cancelled: 0) [75s, HWM 0.94 GB]
    E_23: |H|=4 targets 4027352 canonical rows 1055529 nnz 4230892 (obstructed fixed targets cancelled: 0) [113s, HWM 1.00 GB]
    E_34: |H|=6 targets 1908870 canonical rows 322347 nnz 1289985 (obstructed fixed targets cancelled: 0) [130s, HWM 1.00 GB]
    E_45: |H|=24 targets 3264690 canonical rows 139373 nnz 291194 (obstructed fixed targets cancelled: 0) [211s, HWM 1.00 GB]
  built (6, 6, 6, 6, 2, 2) d7: N_S=4408003 |Stab|=48 n_chi=99480 rows=3628307 nnz=14273855 (466s: mono 3s orbits 251s rows 212s; HWM 1.00 GB)
{"lam": [6, 6, 6, 6, 2, 2], "delta": 7, "N_S": 4408003, "stab": 48, "n_chi": 99480, "nrows": 3628307, "nnz": 14273855, "build_secs": 466.3, "mono_secs": 3.5, "orbit_secs": 251.0, "rows_secs": 211.8, "hwm_gb": 1.0, "build_only": true}
      level 1: 89 prefixes
      level 2: 3684 prefixes
      level 3: 83139 prefixes
      level 4: 1031607 prefixes
      level 5: 5279997 prefixes
      level 6: 10060304 prefixes
      level 7: 10060304 prefixes
