      level 1: 50 prefixes
      level 2: 1056 prefixes
      level 3: 11979 prefixes
      level 4: 54372 prefixes
      level 5: 94675 prefixes
      level 6: 94675 prefixes
  lam=(8, 4, 4, 4, 4): N_S=94675 |Stab|=24 n_chi=4562 (orbits dropped: 0) [lean, 1s, HWM 0.08 GB]
    E_01: |H|=6 targets 60305 canonical rows 10719 nnz 44540 (obstructed fixed targets cancelled: 0) [0s, HWM 0.08 GB]
    E_12: |H|=2 targets 82457 canonical rows 42042 nnz 127073 (obstructed fixed targets cancelled: 0) [0s, HWM 0.09 GB]
    E_23: |H|=2 targets 82457 canonical rows 42042 nnz 127073 (obstructed fixed targets cancelled: 0) [1s, HWM 0.09 GB]
    E_34: |H|=2 targets 82457 canonical rows 42042 nnz 127073 (obstructed fixed targets cancelled: 0) [1s, HWM 0.09 GB]
  built (8, 4, 4, 4, 4) d6: N_S=94675 |Stab|=24 n_chi=4562 rows=136845 nnz=425759 (2s: mono 0s orbits 1s rows 1s; HWM 0.09 GB)
  p=2147483647: nullity_p([E; ev_pad]) = 1 -> mult_pad >= 1 (level 1)
  p=2147483629: nullity_p([E; ev_pad]) = 1 -> mult_pad >= 1 (level 1)
  p=2147483587: nullity_p([E; ev_pad]) = 1 -> mult_pad >= 1 (level 1)
  p=2147483579: nullity_p([E; ev_pad]) = 1 -> mult_pad >= 1 (level 1)
  p=2147483563: nullity_p([E; ev_pad]) = 1 -> mult_pad >= 1 (level 1)
  (8, 4, 4, 4, 4) d6 [pad]: 1 exact rational vectors, E v = 0 over Z, max |coeff| 41472, (★) holds on every support monomial
V2 PASS (8, 4, 4, 4, 4) d6: a=2, mult_pad=1 reproduced; 1 exact vector(s), (★) holds, max|coeff| 41472
      level 1: 24 prefixes
      level 2: 234 prefixes
      level 3: 1280 prefixes
      level 4: 5470 prefixes
      level 5: 14269 prefixes
      level 6: 20299 prefixes
      level 7: 20299 prefixes
  lam=(9, 9, 8, 1, 1): N_S=20299 |Stab|=4 n_chi=3969 (orbits dropped: 2374) [lean, 0s, HWM 0.14 GB]
    E_01: |H|=2 targets 19373 canonical rows 7470 nnz 31669 (obstructed fixed targets cancelled: 1035) [0s, HWM 0.14 GB]
    E_12: |H|=2 targets 18305 canonical rows 7068 nnz 30060 (obstructed fixed targets cancelled: 962) [0s, HWM 0.14 GB]
    E_23: |H|=2 targets 5160 canonical rows 2534 nnz 7746 (obstructed fixed targets cancelled: 71) [0s, HWM 0.14 GB]
    E_34: |H|=2 targets 12438 canonical rows 0 nnz 0 (obstructed fixed targets cancelled: 98) [0s, HWM 0.14 GB]
  built (9, 9, 8, 1, 1) d7: N_S=20299 |Stab|=4 n_chi=3969 rows=17072 nnz=69475 (0s: mono 0s orbits 0s rows 0s; HWM 0.14 GB)
  p=2147483647: nullity_p([E; ev_pad]) = 1 -> mult_pad >= 1 (level 0)
  p=2147483629: nullity_p([E; ev_pad]) = 1 -> mult_pad >= 1 (level 0)
  p=2147483587: nullity_p([E; ev_pad]) = 1 -> mult_pad >= 1 (level 0)
  p=2147483579: nullity_p([E; ev_pad]) = 1 -> mult_pad >= 1 (level 0)
  p=2147483563: nullity_p([E; ev_pad]) = 1 -> mult_pad >= 1 (level 0)
  (9, 9, 8, 1, 1) d7 [pad]: 1 exact rational vectors, E v = 0 over Z, max |coeff| 2880, (★) holds on every support monomial
V2 PASS (9, 9, 8, 1, 1) d7: a=2, mult_pad=1 reproduced; 1 exact vector(s), (★) holds, max|coeff| 2880
      level 1: 41 prefixes
      level 2: 561 prefixes
      level 3: 4368 prefixes
      level 4: 22890 prefixes
      level 5: 77167 prefixes
      level 6: 127004 prefixes
      level 7: 127004 prefixes
  lam=(8, 8, 8, 2, 2): N_S=127004 |Stab|=12 n_chi=11778 (orbits dropped: 0) [lean, 1s, HWM 0.25 GB]
    E_01: |H|=2 targets 119656 canonical rows 63864 nnz 272916 (obstructed fixed targets cancelled: 0) [0s, HWM 0.25 GB]
    E_12: |H|=2 targets 119656 canonical rows 63864 nnz 272916 (obstructed fixed targets cancelled: 0) [1s, HWM 0.25 GB]
    E_23: |H|=2 targets 50372 canonical rows 25393 nnz 107667 (obstructed fixed targets cancelled: 0) [1s, HWM 0.25 GB]
    E_34: |H|=6 targets 94940 canonical rows 16136 nnz 32034 (obstructed fixed targets cancelled: 0) [1s, HWM 0.25 GB]
  built (8, 8, 8, 2, 2) d7: N_S=127004 |Stab|=12 n_chi=11778 rows=169257 nnz=685533 (2s: mono 0s orbits 1s rows 1s; HWM 0.25 GB)
  p=2147483647: nullity_p([E; ev_pad]) = 1 -> mult_pad >= 2 (level 0)
  p=2147483629: nullity_p([E; ev_pad]) = 1 -> mult_pad >= 2 (level 0)
  p=2147483587: nullity_p([E; ev_pad]) = 1 -> mult_pad >= 2 (level 0)
  p=2147483579: nullity_p([E; ev_pad]) = 1 -> mult_pad >= 2 (level 0)
  p=2147483563: nullity_p([E; ev_pad]) = 1 -> mult_pad >= 2 (level 0)
  (8, 8, 8, 2, 2) d7 [pad]: 1 exact rational vectors, E v = 0 over Z, max |coeff| 276480, (★) holds on every support monomial
V2 PASS (8, 8, 8, 2, 2) d7: a=3, mult_pad=2 reproduced; 1 exact vector(s), (★) holds, max|coeff| 276480
      level 1: 54 prefixes
      level 2: 1374 prefixes
      level 3: 16283 prefixes
      level 4: 81907 prefixes
      level 5: 176145 prefixes
      level 6: 205616 prefixes
      level 7: 205616 prefixes
  lam=(12, 4, 4, 4, 4): N_S=205616 |Stab|=24 n_chi=9738 (orbits dropped: 0) [lean, 2s, HWM 0.27 GB]
    E_01: |H|=6 targets 110498 canonical rows 19579 nnz 97441 (obstructed fixed targets cancelled: 0) [0s, HWM 0.27 GB]
    E_12: |H|=2 targets 178743 canonical rows 90996 nnz 278732 (obstructed fixed targets cancelled: 0) [1s, HWM 0.27 GB]
    E_23: |H|=2 targets 178743 canonical rows 90996 nnz 278732 (obstructed fixed targets cancelled: 0) [1s, HWM 0.27 GB]
    E_34: |H|=2 targets 178743 canonical rows 90996 nnz 278732 (obstructed fixed targets cancelled: 0) [2s, HWM 0.27 GB]
  built (12, 4, 4, 4, 4) d7: N_S=205616 |Stab|=24 n_chi=9738 rows=292567 nnz=933637 (4s: mono 0s orbits 2s rows 2s; HWM 0.27 GB)
  p=2147483647: nullity_p([E; ev_pad]) = 1 -> mult_pad >= 3 (level 1)
  p=2147483629: nullity_p([E; ev_pad]) = 1 -> mult_pad >= 3 (level 1)
  p=2147483587: nullity_p([E; ev_pad]) = 1 -> mult_pad >= 3 (level 1)
  p=2147483579: nullity_p([E; ev_pad]) = 1 -> mult_pad >= 3 (level 1)
  p=2147483563: nullity_p([E; ev_pad]) = 1 -> mult_pad >= 3 (level 1)
  (12, 4, 4, 4, 4) d7 [pad]: 1 exact rational vectors, E v = 0 over Z, max |coeff| 41472, (★) holds on every support monomial
V2 PASS (12, 4, 4, 4, 4) d7: a=4, mult_pad=3 reproduced; 1 exact vector(s), (★) holds, max|coeff| 41472
      level 1: 47 prefixes
      level 2: 622 prefixes
      level 3: 4735 prefixes
      level 4: 23254 prefixes
      level 5: 57402 prefixes
      level 6: 75689 prefixes
      level 7: 75689 prefixes
  lam=(10, 8, 7, 1, 1, 1): N_S=75689 |Stab|=6 n_chi=5740 (orbits dropped: 14913) [lean, 0s, HWM 0.30 GB]
    E_01: |H|=6 targets 65117 canonical rows 4879 nnz 21567 (obstructed fixed targets cancelled: 6942) [0s, HWM 0.30 GB]
    E_12: |H|=6 targets 66652 canonical rows 4987 nnz 20205 (obstructed fixed targets cancelled: 6009) [0s, HWM 0.30 GB]
    E_23: |H|=2 targets 19373 canonical rows 7324 nnz 17220 (obstructed fixed targets cancelled: 0) [0s, HWM 0.30 GB]
    E_34: |H|=1 targets 45301 canonical rows 0 nnz 0 (obstructed fixed targets cancelled: 0) [1s, HWM 0.30 GB]
    E_45: |H|=1 targets 45301 canonical rows 0 nnz 0 (obstructed fixed targets cancelled: 0) [1s, HWM 0.30 GB]
  built (10, 8, 7, 1, 1, 1) d7: N_S=75689 |Stab|=6 n_chi=5740 rows=17190 nnz=58992 (1s: mono 0s orbits 0s rows 1s; HWM 0.30 GB)
  p=2147483647: nullity_p([E; ev_pad]) = 1 -> mult_pad >= 2 (level 0)
  p=2147483629: nullity_p([E; ev_pad]) = 1 -> mult_pad >= 2 (level 0)
  p=2147483587: nullity_p([E; ev_pad]) = 1 -> mult_pad >= 2 (level 0)
  p=2147483579: nullity_p([E; ev_pad]) = 1 -> mult_pad >= 2 (level 0)
  p=2147483563: nullity_p([E; ev_pad]) = 1 -> mult_pad >= 2 (level 0)
  (10, 8, 7, 1, 1, 1) d7 [pad]: 1 exact rational vectors, E v = 0 over Z, max |coeff| 768, (★) holds on every support monomial
V2 PASS (10, 8, 7, 1, 1, 1) d7: a=3, mult_pad=2 reproduced; 1 exact vector(s), (★) holds, max|coeff| 768
      level 1: 48 prefixes
      level 2: 642 prefixes
      level 3: 5736 prefixes
      level 4: 27722 prefixes
      level 5: 77511 prefixes
      level 6: 126913 prefixes
      level 7: 140749 prefixes
      level 8: 140749 prefixes
  lam=(13, 10, 6, 1, 1, 1): N_S=140749 |Stab|=6 n_chi=10682 (orbits dropped: 27663) [lean, 0s, HWM 0.40 GB]
    E_01: |H|=6 targets 122172 canonical rows 9159 nnz 45138 (obstructed fixed targets cancelled: 15054) [0s, HWM 0.40 GB]
    E_12: |H|=6 targets 103583 canonical rows 7671 nnz 34648 (obstructed fixed targets cancelled: 10842) [1s, HWM 0.40 GB]
    E_23: |H|=2 targets 38291 canonical rows 14685 nnz 32046 (obstructed fixed targets cancelled: 0) [1s, HWM 0.40 GB]
    E_34: |H|=1 targets 84206 canonical rows 0 nnz 0 (obstructed fixed targets cancelled: 0) [1s, HWM 0.40 GB]
    E_45: |H|=1 targets 84206 canonical rows 0 nnz 0 (obstructed fixed targets cancelled: 0) [1s, HWM 0.40 GB]
  built (13, 10, 6, 1, 1, 1) d8: N_S=140749 |Stab|=6 n_chi=10682 rows=31515 nnz=111832 (2s: mono 0s orbits 0s rows 1s; HWM 0.40 GB)
  p=2147483647: nullity_p([E; ev_pad]) = 1 -> mult_pad >= 8 (level 0)
  p=2147483629: nullity_p([E; ev_pad]) = 1 -> mult_pad >= 8 (level 0)
  p=2147483587: nullity_p([E; ev_pad]) = 1 -> mult_pad >= 8 (level 0)
  p=2147483579: nullity_p([E; ev_pad]) = 1 -> mult_pad >= 8 (level 0)
  p=2147483563: nullity_p([E; ev_pad]) = 1 -> mult_pad >= 8 (level 0)
  (13, 10, 6, 1, 1, 1) d8 [pad]: 1 exact rational vectors, E v = 0 over Z, max |coeff| 1280, (★) holds on every support monomial
V2 PASS (13, 10, 6, 1, 1, 1) d8: a=9, mult_pad=8 reproduced; 1 exact vector(s), (★) holds, max|coeff| 1280
V2/V3 complete
