  p=2147483647: nullity 5, pivots (35, 214, 717, 743, 767)
  p=2147483629: nullity 5, pivots (35, 214, 717, 743, 767)
mult_red = 8 PROVED: 5 independent integer HWVs in I(R_r) exhibited (E v = 0 over Z, support in M_star), max |coeff| 235008; secs 1142
{"lam": [15, 9, 9, 1, 1, 1], "delta": 9, "a": 13, "nullity": 5, "primes": [2147483647, 2147483629], "max_coeff": 235008, "file": "results/s42_certs/15_9_9_1_1_1_d9.txt", "verdict": "mult_red = 8 PROVED: 5 independent integer HWVs in I(R_r) exhibited (E v = 0 over Z, support in M_star), max |coeff| 235008; secs 1142"}
loaded 5 integer vectors from results/s42_certs/15_9_9_1_1_1_d9.txt
  n_red=17211 constrained indices (lam_i >= delta) = [0, 1, 2]
  vector 0: 14198 red orbits, 169122 monomials, (star) holds on every one for every i in [0, 1, 2]
  vector 1: 11405 red orbits, 135714 monomials, (star) holds on every one for every i in [0, 1, 2]
  vector 2: 12626 red orbits, 150270 monomials, (star) holds on every one for every i in [0, 1, 2]
  vector 3: 12518 red orbits, 149058 monomials, (star) holds on every one for every i in [0, 1, 2]
  vector 4: 11598 red orbits, 138042 monomials, (star) holds on every one for every i in [0, 1, 2]
  E_red v = 0 over Z re-verified for all 5 vectors against 96507 uncompressed rows
  independence: rank = 5 = number of vectors
VERDICT: 5 independent integer HWVs of weight (15, 9, 9, 1, 1, 1) in I(R_6)_9, (star) certified on 742206 monomials; so dim(HWV ∩ span M_star) >= 5 over Q, i.e. mult_red <= a - 5.
  p=2147483647: nullity 4, pivots (63, 132, 141, 154)
  p=2147483629: nullity 4, pivots (63, 132, 141, 154)
mult_red = 26 PROVED: 4 independent integer HWVs in I(R_r) exhibited (E v = 0 over Z, support in M_star), max |coeff| 124416; secs 1381
{"lam": [15, 11, 7, 1, 1, 1], "delta": 9, "a": 30, "nullity": 4, "primes": [2147483647, 2147483629], "max_coeff": 124416, "file": "results/s42_certs/15_11_7_1_1_1_d9.txt", "verdict": "mult_red = 26 PROVED: 4 independent integer HWVs in I(R_r) exhibited (E v = 0 over Z, support in M_star), max |coeff| 124416; secs 1381"}
loaded 4 integer vectors from results/s42_certs/15_11_7_1_1_1_d9.txt
  n_red=27226 constrained indices (lam_i >= delta) = [0, 1]
  vector 0: 22137 red orbits, 132822 monomials, (star) holds on every one for every i in [0, 1]
  vector 1: 21198 red orbits, 127188 monomials, (star) holds on every one for every i in [0, 1]
  vector 2: 22015 red orbits, 132090 monomials, (star) holds on every one for every i in [0, 1]
  vector 3: 21763 red orbits, 130578 monomials, (star) holds on every one for every i in [0, 1]
  E_red v = 0 over Z re-verified for all 4 vectors against 77901 uncompressed rows
  independence: rank = 4 = number of vectors
VERDICT: 4 independent integer HWVs of weight (15, 11, 7, 1, 1, 1) in I(R_6)_9, (star) certified on 522678 monomials; so dim(HWV ∩ span M_star) >= 4 over Q, i.e. mult_red <= a - 4.
