  p=2147483647: nullity 2, pivots (207, 217)
  p=2147483629: nullity 2, pivots (207, 217)
mult_red = 4 PROVED: 2 independent integer HWVs in I(R_r) exhibited (E v = 0 over Z, support in M_star), max |coeff| 43200; secs 278
{"lam": [12, 9, 8, 1, 1, 1], "delta": 8, "a": 6, "nullity": 2, "primes": [2147483647, 2147483629], "max_coeff": 43200, "file": "results/s42_certs/12_9_8_1_1_1_d8.txt", "verdict": "mult_red = 4 PROVED: 2 independent integer HWVs in I(R_r) exhibited (E v = 0 over Z, support in M_star), max |coeff| 43200; secs 278"}
loaded 2 integer vectors from results/s42_certs/12_9_8_1_1_1_d8.txt
  n_red=16032 constrained indices (lam_i >= delta) = [0, 1, 2]
  vector 0: 12219 red orbits, 73314 monomials, (star) holds on every one for every i in [0, 1, 2]
  vector 1: 12432 red orbits, 74592 monomials, (star) holds on every one for every i in [0, 1, 2]
  E_red v = 0 over Z re-verified for all 2 vectors against 46635 uncompressed rows
  independence: rank = 2 = number of vectors
VERDICT: 2 independent integer HWVs of weight (12, 9, 8, 1, 1, 1) in I(R_6)_8, (star) certified on 147906 monomials; so dim(HWV ∩ span M_star) >= 2 over Q, i.e. mult_red <= a - 2.
  p=2147483647: nullity 2, pivots (43, 98)
  p=2147483629: nullity 2, pivots (43, 98)
mult_red = 7 PROVED: 2 independent integer HWVs in I(R_r) exhibited (E v = 0 over Z, support in M_star), max |coeff| 18432; secs 226
{"lam": [12, 10, 7, 1, 1, 1], "delta": 8, "a": 9, "nullity": 2, "primes": [2147483647, 2147483629], "max_coeff": 18432, "file": "results/s42_certs/12_10_7_1_1_1_d8.txt", "verdict": "mult_red = 7 PROVED: 2 independent integer HWVs in I(R_r) exhibited (E v = 0 over Z, support in M_star), max |coeff| 18432; secs 226"}
loaded 2 integer vectors from results/s42_certs/12_10_7_1_1_1_d8.txt
  n_red=14166 constrained indices (lam_i >= delta) = [0, 1]
  vector 0: 6536 red orbits, 39216 monomials, (star) holds on every one for every i in [0, 1]
  vector 1: 10470 red orbits, 62820 monomials, (star) holds on every one for every i in [0, 1]
  E_red v = 0 over Z re-verified for all 2 vectors against 41505 uncompressed rows
  independence: rank = 2 = number of vectors
VERDICT: 2 independent integer HWVs of weight (12, 10, 7, 1, 1, 1) in I(R_6)_8, (star) certified on 102036 monomials; so dim(HWV ∩ span M_star) >= 2 over Q, i.e. mult_red <= a - 2.
  p=2147483647: nullity 1, pivots (39,)
  p=2147483629: nullity 1, pivots (39,)
mult_red = 10 PROVED: 1 independent integer HWVs in I(R_r) exhibited (E v = 0 over Z, support in M_star), max |coeff| 3072; secs 130
{"lam": [13, 9, 7, 1, 1, 1], "delta": 8, "a": 11, "nullity": 1, "primes": [2147483647, 2147483629], "max_coeff": 3072, "file": "results/s42_certs/13_9_7_1_1_1_d8.txt", "verdict": "mult_red = 10 PROVED: 1 independent integer HWVs in I(R_r) exhibited (E v = 0 over Z, support in M_star), max |coeff| 3072; secs 130"}
loaded 1 integer vectors from results/s42_certs/13_9_7_1_1_1_d8.txt
  n_red=12319 constrained indices (lam_i >= delta) = [0, 1]
  vector 0: 4931 red orbits, 29586 monomials, (star) holds on every one for every i in [0, 1]
  E_red v = 0 over Z re-verified for all 1 vectors against 35935 uncompressed rows
  independence: rank = 1 = number of vectors
VERDICT: 1 independent integer HWVs of weight (13, 9, 7, 1, 1, 1) in I(R_6)_8, (star) certified on 29586 monomials; so dim(HWV ∩ span M_star) >= 1 over Q, i.e. mult_red <= a - 1.
  p=2147483647: nullity 1, pivots (32,)
  p=2147483629: nullity 1, pivots (32,)
mult_red = 8 PROVED: 1 independent integer HWVs in I(R_r) exhibited (E v = 0 over Z, support in M_star), max |coeff| 768; secs 101
{"lam": [14, 8, 7, 1, 1, 1], "delta": 8, "a": 9, "nullity": 1, "primes": [2147483647, 2147483629], "max_coeff": 768, "file": "results/s42_certs/14_8_7_1_1_1_d8.txt", "verdict": "mult_red = 8 PROVED: 1 independent integer HWVs in I(R_r) exhibited (E v = 0 over Z, support in M_star), max |coeff| 768; secs 101"}
loaded 1 integer vectors from results/s42_certs/14_8_7_1_1_1_d8.txt
  n_red=9708 constrained indices (lam_i >= delta) = [0, 1]
  vector 0: 2724 red orbits, 16344 monomials, (star) holds on every one for every i in [0, 1]
  E_red v = 0 over Z re-verified for all 1 vectors against 28500 uncompressed rows
  independence: rank = 1 = number of vectors
VERDICT: 1 independent integer HWVs of weight (14, 8, 7, 1, 1, 1) in I(R_6)_8, (star) certified on 16344 monomials; so dim(HWV ∩ span M_star) >= 1 over Q, i.e. mult_red <= a - 1.
