  p=2147483647: nullity 1, pivots (1834,)
  p=2147483629: nullity 1, pivots (1834,)
mult_red = 7 PROVED: 1 independent integer HWVs in I(R_r) exhibited (E v = 0 over Z, support in M_star), max |coeff| 128; secs 194
{"lam": [17, 12, 4, 1, 1, 1], "delta": 9, "a": 8, "nullity": 1, "primes": [2147483647, 2147483629], "max_coeff": 128, "file": "results/s42_certs/17_12_4_1_1_1_d9.txt", "verdict": "mult_red = 7 PROVED: 1 independent integer HWVs in I(R_r) exhibited (E v = 0 over Z, support in M_star), max |coeff| 128; secs 194"}
loaded 1 integer vectors from results/s42_certs/17_12_4_1_1_1_d9.txt
  n_red=6305 constrained indices (lam_i >= delta) = [0, 1]
  vector 0: 1134 red orbits, 6804 monomials, (star) holds on every one for every i in [0, 1]
  E_red v = 0 over Z re-verified for all 1 vectors against 20128 uncompressed rows
  independence: rank = 1 = number of vectors
VERDICT: 1 independent integer HWVs of weight (17, 12, 4, 1, 1, 1) in I(R_6)_9, (star) certified on 6804 monomials; so dim(HWV ∩ span M_star) >= 1 over Q, i.e. mult_red <= a - 1.
  p=2147483647: nullity 1, pivots (2022,)
  p=2147483629: nullity 1, pivots (2022,)
mult_red = 6 PROVED: 1 independent integer HWVs in I(R_r) exhibited (E v = 0 over Z, support in M_star), max |coeff| 512; secs 198
{"lam": [16, 13, 4, 1, 1, 1], "delta": 9, "a": 7, "nullity": 1, "primes": [2147483647, 2147483629], "max_coeff": 512, "file": "results/s42_certs/16_13_4_1_1_1_d9.txt", "verdict": "mult_red = 6 PROVED: 1 independent integer HWVs in I(R_r) exhibited (E v = 0 over Z, support in M_star), max |coeff| 512; secs 198"}
loaded 1 integer vectors from results/s42_certs/16_13_4_1_1_1_d9.txt
  n_red=7111 constrained indices (lam_i >= delta) = [0, 1]
  vector 0: 1869 red orbits, 11214 monomials, (star) holds on every one for every i in [0, 1]
  E_red v = 0 over Z re-verified for all 1 vectors against 22717 uncompressed rows
  independence: rank = 1 = number of vectors
VERDICT: 1 independent integer HWVs of weight (16, 13, 4, 1, 1, 1) in I(R_6)_9, (star) certified on 11214 monomials; so dim(HWV ∩ span M_star) >= 1 over Q, i.e. mult_red <= a - 1.
