[s49 certify] n=4 r=6 d=7 size 661, pencil 0 (seed 20260905+7000+0), box 1e12, shape 756x792
  pencil A_1 first row: [280384905783, -618617955772, -733688707121, -735200739302]
  max ||d_iF||_2^2 = 180172041243598122544593618733421746492340902007757303395216905511054759257358483756111565633305241 (~2^326.4); log2 Hadamard(size 661) <= 107876; need 1740 62-bit primes
    250/1740 primes, ranks [660], 29s
    500/1740 primes, ranks [660], 56s
    750/1740 primes, ranks [660], 83s
    1000/1740 primes, ranks [660], 112s
    1250/1740 primes, ranks [660], 140s
    1500/1740 primes, ranks [660], 169s
    1740/1740 primes, ranks [660], 196s
  -> every 661x661 minor of M_7 is divisible by a product exceeding twice its Hadamard bound, hence zero: rank_Q M_7 <= 660 at this pencil.  With rank_p = 660 as the lower bound, rank_Q = 660 exactly.  CERTIFIED
  house primes: [660, 660]
[s49 certify] n=4 r=6 d=7 size 661, pencil 1 (seed 20260905+7000+5150081), box 1e12, shape 756x792
  pencil A_1 first row: [-583413385731, 547904252223, -323673381631, -898907782746]
  max ||d_iF||_2^2 = 752846684160790651213699880993045886900195819314393929285539065126366407532261524435304377710188358 (~2^328.5); log2 Hadamard(size 661) <= 108557; need 1751 62-bit primes
    250/1751 primes, ranks [660], 29s
    500/1751 primes, ranks [660], 57s
    750/1751 primes, ranks [660], 85s
    1000/1751 primes, ranks [660], 114s
    1250/1751 primes, ranks [660], 143s
    1500/1751 primes, ranks [660], 170s
    1750/1751 primes, ranks [660], 199s
    1751/1751 primes, ranks [660], 200s
  -> every 661x661 minor of M_7 is divisible by a product exceeding twice its Hadamard bound, hence zero: rank_Q M_7 <= 660 at this pencil.  With rank_p = 660 as the lower bound, rank_Q = 660 exactly.  CERTIFIED
  house primes: [660, 660]
[s49 certify] n=4 r=6 d=7 size 661, pencil 2 (seed 20260905+7000+10300162), box 1e12, shape 756x792
  pencil A_1 first row: [-756083074411, 517790611348, -835646797813, 143593745835]
  max ||d_iF||_2^2 = 794995098301412362243314546717575582861165121240419796966063503015645253362706956085099173335807204 (~2^328.5); log2 Hadamard(size 661) <= 108583; need 1752 62-bit primes
    250/1752 primes, ranks [660], 29s
    500/1752 primes, ranks [660], 58s
    750/1752 primes, ranks [660], 85s
    1000/1752 primes, ranks [660], 114s
    1250/1752 primes, ranks [660], 142s
    1500/1752 primes, ranks [660], 171s
    1750/1752 primes, ranks [660], 200s
    1752/1752 primes, ranks [660], 200s
  -> every 661x661 minor of M_7 is divisible by a product exceeding twice its Hadamard bound, hence zero: rank_Q M_7 <= 660 at this pencil.  With rank_p = 660 as the lower bound, rank_Q = 660 exactly.  CERTIFIED
  house primes: [660, 660]
