[chi] results/s42_certs/10_8_7_1_1_1_d7.txt
  wrote results/certs/10_8_7_1_1_1_d7_int.json.gz (0.09 MB)
[chi] results/s42_certs/11_9_9_1_1_1_d8.txt
  wrote results/certs/11_9_9_1_1_1_d8_int.json.gz (0.93 MB)
[chi] results/s42_certs/12_10_7_1_1_1_d8.txt
  wrote results/certs/12_10_7_1_1_1_d8_int.json.gz (0.64 MB)
[chi] results/s42_certs/12_4_4_4_4_d7.txt
  wrote results/certs/12_4_4_4_4_d7_int.json.gz (0.11 MB)
[chi] results/s42_certs/12_8_8_1_1_1_1_d8.txt
  wrote results/certs/12_8_8_1_1_1_1_d8_int.json.gz (1.14 MB)
[chi] results/s42_certs/12_9_8_1_1_1_d8.txt
  wrote results/certs/12_9_8_1_1_1_d8_int.json.gz (0.98 MB)
[chi] results/s42_certs/13_10_6_1_1_1_d8.txt
  wrote results/certs/13_10_6_1_1_1_d8_int.json.gz (0.16 MB)
[chi] results/s42_certs/13_12_4_1_1_1_d8.txt
  wrote results/certs/13_12_4_1_1_1_d8_int.json.gz (0.04 MB)
[chi] results/s42_certs/13_8_8_1_1_1_d8.txt
  wrote results/certs/13_8_8_1_1_1_d8_int.json.gz (0.23 MB)
[chi] results/s42_certs/13_9_7_1_1_1_d8.txt
  wrote results/certs/13_9_7_1_1_1_d8_int.json.gz (0.18 MB)
[chi] results/s42_certs/14_8_7_1_1_1_d8.txt
  wrote results/certs/14_8_7_1_1_1_d8_int.json.gz (0.10 MB)
[chi] results/s42_certs/15_11_7_1_1_1_d9.txt
  wrote results/certs/15_11_7_1_1_1_d9_int.json.gz (3.58 MB)
[chi] results/s42_certs/15_12_6_1_1_1_d9.txt
  wrote results/certs/15_12_6_1_1_1_d9_int.json.gz (1.57 MB)
[chi] results/s42_certs/15_9_9_1_1_1_d9.txt
  wrote /root/s49_bigcerts/15_9_9_1_1_1_d9_int.json.gz (4.97 MB) [scratch: within reach of the 5 MB limit]
[chi] results/s42_certs/16_10_7_1_1_1_d9.txt
  wrote results/certs/16_10_7_1_1_1_d9_int.json.gz (1.60 MB)
[chi] results/s42_certs/16_13_4_1_1_1_d9.txt
  wrote results/certs/16_13_4_1_1_1_d9_int.json.gz (0.07 MB)
[chi] results/s42_certs/17_12_4_1_1_1_d9.txt
  wrote results/certs/17_12_4_1_1_1_d9_int.json.gz (0.04 MB)
[chi] results/s42_certs/8_4_4_4_4_d6.txt
  wrote results/certs/8_4_4_4_4_d6_int.json.gz (0.11 MB)
[chi] results/s42_certs/8_8_8_1_1_1_1_d7.txt
  wrote results/certs/8_8_8_1_1_1_1_d7_int.json.gz (0.23 MB)
[chi] results/s42_certs/8_8_8_2_2_d7.txt
  wrote results/certs/8_8_8_2_2_d7_int.json.gz (0.65 MB)
[chi] results/s42_certs/9_9_8_1_1_d7.txt
  wrote results/certs/9_9_8_1_1_d7_int.json.gz (0.08 MB)
[chi] results/s41_cells/13_10_6_1_1_1_d8_cert_chi.txt
  wrote results/certs/13_10_6_1_1_1_d8_int.json.gz (0.16 MB)
[vec] results/s41_cells/13_10_6_1_1_1_d8_pad_p2147483629_vec1.txt
  wrote results/certs/13_10_6_1_1_1_d8_pad_p2147483629_vec1_modp.json.gz (0.19 MB)
[vec] results/s41_cells/13_10_6_1_1_1_d8_pad_p2147483647_vec1.txt
  wrote results/certs/13_10_6_1_1_1_d8_pad_p2147483647_vec1_modp.json.gz (0.19 MB)
[vec] results/s43_cells/11_10_8_1_1_1_d8_pad_p2147483629_vec1.txt.gz
  wrote results/certs/11_10_8_1_1_1_d8_pad_p2147483629_vec1_modp.json.gz (0.52 MB)
[vec] results/s43_cells/11_10_8_1_1_1_d8_pad_p2147483629_vec2.txt.gz
  wrote results/certs/11_10_8_1_1_1_d8_pad_p2147483629_vec2_modp.json.gz (0.67 MB)
[vec] results/s43_cells/11_10_8_1_1_1_d8_pad_p2147483647_vec1.txt.gz
  wrote results/certs/11_10_8_1_1_1_d8_pad_p2147483647_vec1_modp.json.gz (0.52 MB)
[vec] results/s43_cells/11_10_8_1_1_1_d8_pad_p2147483647_vec2.txt.gz
  wrote results/certs/11_10_8_1_1_1_d8_pad_p2147483647_vec2_modp.json.gz (0.67 MB)
[vec] results/s43_cells/11_9_9_1_1_1_d8_pad_p2147483629_vec1.txt.gz
  wrote results/certs/11_9_9_1_1_1_d8_pad_p2147483629_vec1_modp.json.gz (0.70 MB)
[vec] results/s43_cells/11_9_9_1_1_1_d8_pad_p2147483629_vec2.txt.gz
  wrote results/certs/11_9_9_1_1_1_d8_pad_p2147483629_vec2_modp.json.gz (0.51 MB)
[vec] results/s43_cells/11_9_9_1_1_1_d8_pad_p2147483647_vec1.txt.gz
  wrote results/certs/11_9_9_1_1_1_d8_pad_p2147483647_vec1_modp.json.gz (0.70 MB)
[vec] results/s43_cells/11_9_9_1_1_1_d8_pad_p2147483647_vec2.txt.gz
  wrote results/certs/11_9_9_1_1_1_d8_pad_p2147483647_vec2_modp.json.gz (0.51 MB)
[vec] results/s43_cells/12_10_7_1_1_1_d8_pad_p2147483629_vec1.txt.gz
  wrote results/certs/12_10_7_1_1_1_d8_pad_p2147483629_vec1_modp.json.gz (0.26 MB)
[vec] results/s43_cells/12_10_7_1_1_1_d8_pad_p2147483629_vec2.txt.gz
  wrote results/certs/12_10_7_1_1_1_d8_pad_p2147483629_vec2_modp.json.gz (0.53 MB)
[vec] results/s43_cells/12_10_7_1_1_1_d8_pad_p2147483647_vec1.txt.gz
  wrote results/certs/12_10_7_1_1_1_d8_pad_p2147483647_vec1_modp.json.gz (0.26 MB)
[vec] results/s43_cells/12_10_7_1_1_1_d8_pad_p2147483647_vec2.txt.gz
  wrote results/certs/12_10_7_1_1_1_d8_pad_p2147483647_vec2_modp.json.gz (0.53 MB)
[vec] results/s43_cells/12_9_8_1_1_1_d8_pad_p2147483629_vec1.txt.gz
  wrote results/certs/12_9_8_1_1_1_d8_pad_p2147483629_vec1_modp.json.gz (0.53 MB)
[vec] results/s43_cells/12_9_8_1_1_1_d8_pad_p2147483629_vec2.txt.gz
  wrote results/certs/12_9_8_1_1_1_d8_pad_p2147483629_vec2_modp.json.gz (0.63 MB)
[vec] results/s43_cells/12_9_8_1_1_1_d8_pad_p2147483647_vec1.txt.gz
  wrote results/certs/12_9_8_1_1_1_d8_pad_p2147483647_vec1_modp.json.gz (0.53 MB)
[vec] results/s43_cells/12_9_8_1_1_1_d8_pad_p2147483647_vec2.txt.gz
  wrote results/certs/12_9_8_1_1_1_d8_pad_p2147483647_vec2_modp.json.gz (0.63 MB)
[vec] results/s43_cells/13_12_4_1_1_1_d8_pad_p2147483629_vec1.txt.gz
  wrote results/certs/13_12_4_1_1_1_d8_pad_p2147483629_vec1_modp.json.gz (0.04 MB)
[vec] results/s43_cells/13_12_4_1_1_1_d8_pad_p2147483647_vec1.txt.gz
  wrote results/certs/13_12_4_1_1_1_d8_pad_p2147483647_vec1_modp.json.gz (0.04 MB)
[vec] results/s43_cells/13_8_8_1_1_1_d8_pad_p2147483629_vec1.txt.gz
  wrote results/certs/13_8_8_1_1_1_d8_pad_p2147483629_vec1_modp.json.gz (0.25 MB)
[vec] results/s43_cells/13_8_8_1_1_1_d8_pad_p2147483647_vec1.txt.gz
  wrote results/certs/13_8_8_1_1_1_d8_pad_p2147483647_vec1_modp.json.gz (0.25 MB)
[vec] results/s43_cells/13_9_7_1_1_1_d8_pad_p2147483629_vec1.txt.gz
  wrote results/certs/13_9_7_1_1_1_d8_pad_p2147483629_vec1_modp.json.gz (0.20 MB)
[vec] results/s43_cells/13_9_7_1_1_1_d8_pad_p2147483647_vec1.txt.gz
  wrote results/certs/13_9_7_1_1_1_d8_pad_p2147483647_vec1_modp.json.gz (0.20 MB)
[vec] results/s43_cells/14_8_7_1_1_1_d8_pad_p2147483629_vec1.txt.gz
  wrote results/certs/14_8_7_1_1_1_d8_pad_p2147483629_vec1_modp.json.gz (0.11 MB)
[vec] results/s43_cells/14_8_7_1_1_1_d8_pad_p2147483647_vec1.txt.gz
  wrote results/certs/14_8_7_1_1_1_d8_pad_p2147483647_vec1_modp.json.gz (0.11 MB)
[vec] results/s43_cells/16_13_4_1_1_1_d9_pad_p2147483629_vec1.txt.gz
  wrote results/certs/16_13_4_1_1_1_d9_pad_p2147483629_vec1_modp.json.gz (0.07 MB)
[vec] results/s43_cells/16_13_4_1_1_1_d9_pad_p2147483647_vec1.txt.gz
  wrote results/certs/16_13_4_1_1_1_d9_pad_p2147483647_vec1_modp.json.gz (0.07 MB)
[vec] results/s43_cells/17_12_4_1_1_1_d9_pad_p2147483629_vec1.txt.gz
  wrote results/certs/17_12_4_1_1_1_d9_pad_p2147483629_vec1_modp.json.gz (0.04 MB)
[vec] results/s43_cells/17_12_4_1_1_1_d9_pad_p2147483647_vec1.txt.gz
  wrote results/certs/17_12_4_1_1_1_d9_pad_p2147483647_vec1_modp.json.gz (0.04 MB)
done in 713s
