=== delta=8: 435 length-5 weights a>0 (|lam|=32), sum a=10942, 26.6s ===
  a=  1  lam=(7, 7, 7, 7, 4)
  a=  2  lam=(8, 6, 6, 6, 6)
  a=  1  lam=(8, 7, 6, 6, 5)
  a=  3  lam=(8, 7, 7, 5, 5)
  a=  1  lam=(8, 7, 7, 6, 4)
  a=  2  lam=(8, 7, 7, 7, 3)
  a=  7  lam=(8, 8, 6, 6, 4)
  a=  3  lam=(8, 8, 7, 5, 4)
  a=  5  lam=(8, 8, 7, 6, 3)
  a=  8  lam=(8, 8, 8, 4, 4)
  a=  2  lam=(8, 8, 8, 5, 3)
  a=  7  lam=(8, 8, 8, 6, 2)
  a=  2  lam=(9, 6, 6, 6, 5)
  a=  3  lam=(9, 7, 6, 5, 5)
  a=  5  lam=(9, 7, 6, 6, 4)
  a=  7  lam=(9, 7, 7, 5, 4)
  a=  6  lam=(9, 7, 7, 6, 3)
  a=  3  lam=(9, 7, 7, 7, 2)
  a=  1  lam=(9, 8, 5, 5, 5)
  a= 14  lam=(9, 8, 6, 5, 4)
  a= 12  lam=(9, 8, 6, 6, 3)
  a= 10  lam=(9, 8, 7, 4, 4)
  a= 18  lam=(9, 8, 7, 5, 3)
  a= 13  lam=(9, 8, 7, 6, 2)
  a=  3  lam=(9, 8, 7, 7, 1)
  a= 11  lam=(9, 8, 8, 4, 3)
  a= 12  lam=(9, 8, 8, 5, 2)
  a=  7  lam=(9, 8, 8, 6, 1)
  a=  6  lam=(9, 9, 5, 5, 4)
  a=  5  lam=(9, 9, 6, 4, 4)
  a= 15  lam=(9, 9, 6, 5, 3)
  a=  5  lam=(9, 9, 6, 6, 2)
  a= 14  lam=(9, 9, 7, 4, 3)
  a= 17  lam=(9, 9, 7, 5, 2)
  a=  7  lam=(9, 9, 7, 6, 1)
  a=  8  lam=(9, 9, 8, 3, 3)
  a=  8  lam=(9, 9, 8, 4, 2)
  a=  9  lam=(9, 9, 8, 5, 1)
  a=  3  lam=(9, 9, 9, 3, 2)
  a=  3  lam=(9, 9, 9, 4, 1)
  a=  9  lam=(10, 6, 6, 6, 4)
  a=  3  lam=(10, 7, 5, 5, 5)
  a= 15  lam=(10, 7, 6, 5, 4)
  a= 13  lam=(10, 7, 6, 6, 3)
  a=  5  lam=(10, 7, 7, 4, 4)
  a= 19  lam=(10, 7, 7, 5, 3)
  a=  8  lam=(10, 7, 7, 6, 2)
  a=  4  lam=(10, 7, 7, 7, 1)
  a=  7  lam=(10, 8, 5, 5, 4)
  a= 31  lam=(10, 8, 6, 4, 4)
  a= 32  lam=(10, 8, 6, 5, 3)
  a= 29  lam=(10, 8, 6, 6, 2)
  a= 35  lam=(10, 8, 7, 4, 3)
  a= 34  lam=(10, 8, 7, 5, 2)
  a= 18  lam=(10, 8, 7, 6, 1)
  a=  4  lam=(10, 8, 8, 3, 3)
  a= 33  lam=(10, 8, 8, 4, 2)
  a= 15  lam=(10, 8, 8, 5, 1)
  a= 15  lam=(10, 9, 5, 4, 4)
  a= 16  lam=(10, 9, 5, 5, 3)
  a= 39  lam=(10, 9, 6, 4, 3)
  a= 38  lam=(10, 9, 6, 5, 2)
  a= 16  lam=(10, 9, 6, 6, 1)
  a= 21  lam=(10, 9, 7, 3, 3)
  a= 43  lam=(10, 9, 7, 4, 2)
  a= 28  lam=(10, 9, 7, 5, 1)
  a= 24  lam=(10, 9, 8, 3, 2)
  a= 24  lam=(10, 9, 8, 4, 1)
  a=  2  lam=(10, 9, 9, 2, 2)
  a=  8  lam=(10, 9, 9, 3, 1)
  a= 12  lam=(10, 10, 4, 4, 4)
  a= 18  lam=(10, 10, 5, 4, 3)
  a=  7  lam=(10, 10, 5, 5, 2)
  a=  8  lam=(10, 10, 6, 3, 3)
  a= 42  lam=(10, 10, 6, 4, 2)
  a= 18  lam=(10, 10, 6, 5, 1)
  a= 23  lam=(10, 10, 7, 3, 2)
  a= 26  lam=(10, 10, 7, 4, 1)
  a= 17  lam=(10, 10, 8, 2, 2)
  a= 13  lam=(10, 10, 8, 3, 1)
  a=  6  lam=(10, 10, 9, 2, 1)
  a=  9  lam=(11, 6, 6, 5, 4)
  a= 10  lam=(11, 6, 6, 6, 3)
  a= 11  lam=(11, 7, 5, 5, 4)
  a= 22  lam=(11, 7, 6, 4, 4)
  a= 31  lam=(11, 7, 6, 5, 3)
  a= 19  lam=(11, 7, 6, 6, 2)
  a= 25  lam=(11, 7, 7, 4, 3)
  a= 25  lam=(11, 7, 7, 5, 2)
  a= 11  lam=(11, 7, 7, 6, 1)
  a= 26  lam=(11, 8, 5, 4, 4)
  a= 23  lam=(11, 8, 5, 5, 3)
  a= 60  lam=(11, 8, 6, 4, 3)
  a= 58  lam=(11, 8, 6, 5, 2)
  a= 24  lam=(11, 8, 6, 6, 1)
  a= 26  lam=(11, 8, 7, 3, 3)
  a= 64  lam=(11, 8, 7, 4, 2)
  a= 40  lam=(11, 8, 7, 5, 1)
  a= 28  lam=(11, 8, 8, 3, 2)
  a= 30  lam=(11, 8, 8, 4, 1)
  a= 11  lam=(11, 9, 4, 4, 4)
  a= 45  lam=(11, 9, 5, 4, 3)
  a= 33  lam=(11, 9, 5, 5, 2)
  a= 36  lam=(11, 9, 6, 3, 3)
  a= 78  lam=(11, 9, 6, 4, 2)
  a= 46  lam=(11, 9, 6, 5, 1)
  a= 57  lam=(11, 9, 7, 3, 2)
  a= 58  lam=(11, 9, 7, 4, 1)
  a= 20  lam=(11, 9, 8, 2, 2)
  a= 37  lam=(11, 9, 8, 3, 1)
  a=  9  lam=(11, 9, 9, 2, 1)
  a= 21  lam=(11, 10, 4, 4, 3)
  a= 20  lam=(11, 10, 5, 3, 3)
  a= 52  lam=(11, 10, 5, 4, 2)
  a= 20  lam=(11, 10, 5, 5, 1)
  a= 56  lam=(11, 10, 6, 3, 2)
  a= 56  lam=(11, 10, 6, 4, 1)
  a= 30  lam=(11, 10, 7, 2, 2)
  a= 46  lam=(11, 10, 7, 3, 1)
  a= 25  lam=(11, 10, 8, 2, 1)
  a=  5  lam=(11, 10, 9, 1, 1)
  a= 10  lam=(11, 11, 4, 3, 3)
  a= 10  lam=(11, 11, 4, 4, 2)
  a= 26  lam=(11, 11, 5, 3, 2)
  a= 23  lam=(11, 11, 5, 4, 1)
  a= 13  lam=(11, 11, 6, 2, 2)
  a= 30  lam=(11, 11, 6, 3, 1)
  a= 19  lam=(11, 11, 7, 2, 1)
  a=  8  lam=(11, 11, 8, 1, 1)
  a=  4  lam=(12, 6, 5, 5, 4)
  a= 21  lam=(12, 6, 6, 4, 4)
  a= 14  lam=(12, 6, 6, 5, 3)
  a= 17  lam=(12, 6, 6, 6, 2)
  a= 19  lam=(12, 7, 5, 4, 4)
  a= 22  lam=(12, 7, 5, 5, 3)
  a= 49  lam=(12, 7, 6, 4, 3)
  a= 46  lam=(12, 7, 6, 5, 2)
  a= 17  lam=(12, 7, 6, 6, 1)
  a= 23  lam=(12, 7, 7, 3, 3)
  a= 32  lam=(12, 7, 7, 4, 2)
  a= 26  lam=(12, 7, 7, 5, 1)
  a= 25  lam=(12, 8, 4, 4, 4)
  a= 56  lam=(12, 8, 5, 4, 3)
  a= 32  lam=(12, 8, 5, 5, 2)
  a= 32  lam=(12, 8, 6, 3, 3)
  a=109  lam=(12, 8, 6, 4, 2)
  a= 54  lam=(12, 8, 6, 5, 1)
  a= 62  lam=(12, 8, 7, 3, 2)
  a= 65  lam=(12, 8, 7, 4, 1)
  a= 30  lam=(12, 8, 8, 2, 2)
  a= 27  lam=(12, 8, 8, 3, 1)
  a= 33  lam=(12, 9, 4, 4, 3)
  a= 35  lam=(12, 9, 5, 3, 3)
  a= 80  lam=(12, 9, 5, 4, 2)
  a= 32  lam=(12, 9, 5, 5, 1)
  a= 88  lam=(12, 9, 6, 3, 2)
  a= 88  lam=(12, 9, 6, 4, 1)
  a= 41  lam=(12, 9, 7, 2, 2)
  a= 71  lam=(12, 9, 7, 3, 1)
  a= 34  lam=(12, 9, 8, 2, 1)
  a=  7  lam=(12, 9, 9, 1, 1)
  a= 14  lam=(12, 10, 4, 3, 3)
  a= 52  lam=(12, 10, 4, 4, 2)
  a= 63  lam=(12, 10, 5, 3, 2)
  a= 62  lam=(12, 10, 5, 4, 1)
  a= 60  lam=(12, 10, 6, 2, 2)
  a= 71  lam=(12, 10, 6, 3, 1)
  a= 50  lam=(12, 10, 7, 2, 1)
  a=  9  lam=(12, 10, 8, 1, 1)
  a=  2  lam=(12, 11, 3, 3, 3)
  a= 32  lam=(12, 11, 4, 3, 2)
  a= 25  lam=(12, 11, 4, 4, 1)
  a= 32  lam=(12, 11, 5, 2, 2)
  a= 46  lam=(12, 11, 5, 3, 1)
  a= 41  lam=(12, 11, 6, 2, 1)
  a= 15  lam=(12, 11, 7, 1, 1)
  a=  3  lam=(12, 12, 3, 3, 2)
  a= 19  lam=(12, 12, 4, 2, 2)
  a= 13  lam=(12, 12, 4, 3, 1)
  a= 19  lam=(12, 12, 5, 2, 1)
  a=  4  lam=(12, 12, 6, 1, 1)
  a=  1  lam=(13, 5, 5, 5, 4)
  a= 15  lam=(13, 6, 5, 4, 4)
  a=  9  lam=(13, 6, 5, 5, 3)
  a= 26  lam=(13, 6, 6, 4, 3)
  a= 24  lam=(13, 6, 6, 5, 2)
  a= 10  lam=(13, 6, 6, 6, 1)
  a= 17  lam=(13, 7, 4, 4, 4)
  a= 45  lam=(13, 7, 5, 4, 3)
  a= 28  lam=(13, 7, 5, 5, 2)
  a= 30  lam=(13, 7, 6, 3, 3)
  a= 73  lam=(13, 7, 6, 4, 2)
  a= 39  lam=(13, 7, 6, 5, 1)
  a= 34  lam=(13, 7, 7, 3, 2)
  a= 36  lam=(13, 7, 7, 4, 1)
  a= 38  lam=(13, 8, 4, 4, 3)
  a= 33  lam=(13, 8, 5, 3, 3)
  a= 88  lam=(13, 8, 5, 4, 2)
  a= 32  lam=(13, 8, 5, 5, 1)
  a= 91  lam=(13, 8, 6, 3, 2)
  a= 91  lam=(13, 8, 6, 4, 1)
  a= 43  lam=(13, 8, 7, 2, 2)
  a= 65  lam=(13, 8, 7, 3, 1)
  a= 26  lam=(13, 8, 8, 2, 1)
  a= 25  lam=(13, 9, 4, 3, 3)
  a= 55  lam=(13, 9, 4, 4, 2)
  a= 85  lam=(13, 9, 5, 3, 2)
  a= 78  lam=(13, 9, 5, 4, 1)
  a= 62  lam=(13, 9, 6, 2, 2)
  a= 94  lam=(13, 9, 6, 3, 1)
  a= 59  lam=(13, 9, 7, 2, 1)
  a= 15  lam=(13, 9, 8, 1, 1)
  a=  4  lam=(13, 10, 3, 3, 3)
  a= 55  lam=(13, 10, 4, 3, 2)
  a= 46  lam=(13, 10, 4, 4, 1)
  a= 57  lam=(13, 10, 5, 2, 2)
  a= 75  lam=(13, 10, 5, 3, 1)
  a= 69  lam=(13, 10, 6, 2, 1)
  a= 22  lam=(13, 10, 7, 1, 1)
  a= 15  lam=(13, 11, 3, 3, 2)
  a= 32  lam=(13, 11, 4, 2, 2)
  a= 44  lam=(13, 11, 4, 3, 1)
  a= 50  lam=(13, 11, 5, 2, 1)
  a= 22  lam=(13, 11, 6, 1, 1)
  a= 13  lam=(13, 12, 3, 2, 2)
  a=  9  lam=(13, 12, 3, 3, 1)
  a= 26  lam=(13, 12, 4, 2, 1)
  a= 11  lam=(13, 12, 5, 1, 1)
  a=  1  lam=(13, 13, 2, 2, 2)
  a=  6  lam=(13, 13, 3, 2, 1)
  a=  6  lam=(13, 13, 4, 1, 1)
  a=  2  lam=(14, 5, 5, 4, 4)
  a=  3  lam=(14, 5, 5, 5, 3)
  a= 18  lam=(14, 6, 4, 4, 4)
  a= 26  lam=(14, 6, 5, 4, 3)
  a= 11  lam=(14, 6, 5, 5, 2)
  a=  8  lam=(14, 6, 6, 3, 3)
  a= 45  lam=(14, 6, 6, 4, 2)
  a= 17  lam=(14, 6, 6, 5, 1)
  a= 31  lam=(14, 7, 4, 4, 3)
  a= 29  lam=(14, 7, 5, 3, 3)
  a= 63  lam=(14, 7, 5, 4, 2)
  a= 24  lam=(14, 7, 5, 5, 1)
  a= 63  lam=(14, 7, 6, 3, 2)
  a= 62  lam=(14, 7, 6, 4, 1)
  a= 14  lam=(14, 7, 7, 2, 2)
  a= 38  lam=(14, 7, 7, 3, 1)
  a= 18  lam=(14, 8, 4, 3, 3)
  a= 66  lam=(14, 8, 4, 4, 2)
  a= 78  lam=(14, 8, 5, 3, 2)
  a= 76  lam=(14, 8, 5, 4, 1)
  a= 70  lam=(14, 8, 6, 2, 2)
  a= 83  lam=(14, 8, 6, 3, 1)
  a= 51  lam=(14, 8, 7, 2, 1)
  a=  5  lam=(14, 8, 8, 1, 1)
  a=  5  lam=(14, 9, 3, 3, 3)
  a= 63  lam=(14, 9, 4, 3, 2)
  a= 52  lam=(14, 9, 4, 4, 1)
  a= 61  lam=(14, 9, 5, 2, 2)
  a= 85  lam=(14, 9, 5, 3, 1)
  a= 76  lam=(14, 9, 6, 2, 1)
  a= 25  lam=(14, 9, 7, 1, 1)
  a= 15  lam=(14, 10, 3, 3, 2)
  a= 57  lam=(14, 10, 4, 2, 2)
  a= 56  lam=(14, 10, 4, 3, 1)
  a= 69  lam=(14, 10, 5, 2, 1)
  a= 23  lam=(14, 10, 6, 1, 1)
  a= 22  lam=(14, 11, 3, 2, 2)
  a= 17  lam=(14, 11, 3, 3, 1)
  a= 46  lam=(14, 11, 4, 2, 1)
  a= 22  lam=(14, 11, 5, 1, 1)
  a= 11  lam=(14, 12, 2, 2, 2)
  a= 18  lam=(14, 12, 3, 2, 1)
  a=  9  lam=(14, 12, 4, 1, 1)
  a=  5  lam=(14, 13, 2, 2, 1)
  a=  4  lam=(14, 13, 3, 1, 1)
  a=  6  lam=(15, 5, 4, 4, 4)
  a=  8  lam=(15, 5, 5, 4, 3)
  a=  2  lam=(15, 5, 5, 5, 2)
  a= 22  lam=(15, 6, 4, 4, 3)
  a= 12  lam=(15, 6, 5, 3, 3)
  a= 38  lam=(15, 6, 5, 4, 2)
  a= 10  lam=(15, 6, 5, 5, 1)
  a= 31  lam=(15, 6, 6, 3, 2)
  a= 30  lam=(15, 6, 6, 4, 1)
  a= 18  lam=(15, 7, 4, 3, 3)
  a= 45  lam=(15, 7, 4, 4, 2)
  a= 57  lam=(15, 7, 5, 3, 2)
  a= 54  lam=(15, 7, 5, 4, 1)
  a= 40  lam=(15, 7, 6, 2, 2)
  a= 57  lam=(15, 7, 6, 3, 1)
  a= 25  lam=(15, 7, 7, 2, 1)
  a=  2  lam=(15, 8, 3, 3, 3)
  a= 58  lam=(15, 8, 4, 3, 2)
  a= 49  lam=(15, 8, 4, 4, 1)
  a= 59  lam=(15, 8, 5, 2, 2)
  a= 74  lam=(15, 8, 5, 3, 1)
  a= 66  lam=(15, 8, 6, 2, 1)
  a= 18  lam=(15, 8, 7, 1, 1)
  a= 19  lam=(15, 9, 3, 3, 2)
  a= 51  lam=(15, 9, 4, 2, 2)
  a= 62  lam=(15, 9, 4, 3, 1)
  a= 70  lam=(15, 9, 5, 2, 1)
  a= 27  lam=(15, 9, 6, 1, 1)
  a= 28  lam=(15, 10, 3, 2, 2)
  a= 19  lam=(15, 10, 3, 3, 1)
  a= 56  lam=(15, 10, 4, 2, 1)
  a= 24  lam=(15, 10, 5, 1, 1)
  a= 11  lam=(15, 11, 2, 2, 2)
  a= 26  lam=(15, 11, 3, 2, 1)
  a= 18  lam=(15, 11, 4, 1, 1)
  a=  9  lam=(15, 12, 2, 2, 1)
  a=  6  lam=(15, 12, 3, 1, 1)
  a=  2  lam=(15, 13, 2, 1, 1)
  a=  7  lam=(16, 4, 4, 4, 4)
  a= 10  lam=(16, 5, 4, 4, 3)
  a=  6  lam=(16, 5, 5, 3, 3)
  a=  8  lam=(16, 5, 5, 4, 2)
  a=  2  lam=(16, 5, 5, 5, 1)
  a=  7  lam=(16, 6, 4, 3, 3)
  a= 36  lam=(16, 6, 4, 4, 2)
  a= 30  lam=(16, 6, 5, 3, 2)
  a= 29  lam=(16, 6, 5, 4, 1)
  a= 27  lam=(16, 6, 6, 2, 2)
  a= 22  lam=(16, 6, 6, 3, 1)
  a=  3  lam=(16, 7, 3, 3, 3)
  a= 42  lam=(16, 7, 4, 3, 2)
  a= 37  lam=(16, 7, 4, 4, 1)
  a= 36  lam=(16, 7, 5, 2, 2)
  a= 54  lam=(16, 7, 5, 3, 1)
  a= 41  lam=(16, 7, 6, 2, 1)
  a= 13  lam=(16, 7, 7, 1, 1)
  a= 13  lam=(16, 8, 3, 3, 2)
  a= 53  lam=(16, 8, 4, 2, 2)
  a= 50  lam=(16, 8, 4, 3, 1)
  a= 60  lam=(16, 8, 5, 2, 1)
  a= 18  lam=(16, 8, 6, 1, 1)
  a= 26  lam=(16, 9, 3, 2, 2)
  a= 19  lam=(16, 9, 3, 3, 1)
  a= 55  lam=(16, 9, 4, 2, 1)
  a= 24  lam=(16, 9, 5, 1, 1)
  a= 17  lam=(16, 10, 2, 2, 2)
  a= 28  lam=(16, 10, 3, 2, 1)
  a= 16  lam=(16, 10, 4, 1, 1)
  a= 11  lam=(16, 11, 2, 2, 1)
  a=  9  lam=(16, 11, 3, 1, 1)
  a=  2  lam=(16, 12, 2, 1, 1)
  a=  5  lam=(17, 4, 4, 4, 3)
  a=  4  lam=(17, 5, 4, 3, 3)
  a= 15  lam=(17, 5, 4, 4, 2)
  a=  8  lam=(17, 5, 5, 3, 2)
  a=  8  lam=(17, 5, 5, 4, 1)
  a= 26  lam=(17, 6, 4, 3, 2)
  a= 24  lam=(17, 6, 4, 4, 1)
  a= 24  lam=(17, 6, 5, 2, 2)
  a= 26  lam=(17, 6, 5, 3, 1)
  a= 18  lam=(17, 6, 6, 2, 1)
  a= 10  lam=(17, 7, 3, 3, 2)
  a= 33  lam=(17, 7, 4, 2, 2)
  a= 38  lam=(17, 7, 4, 3, 1)
  a= 40  lam=(17, 7, 5, 2, 1)
  a= 13  lam=(17, 7, 6, 1, 1)
  a= 24  lam=(17, 8, 3, 2, 2)
  a= 14  lam=(17, 8, 3, 3, 1)
  a= 46  lam=(17, 8, 4, 2, 1)
  a= 18  lam=(17, 8, 5, 1, 1)
  a= 13  lam=(17, 9, 2, 2, 2)
  a= 26  lam=(17, 9, 3, 2, 1)
  a= 17  lam=(17, 9, 4, 1, 1)
  a= 12  lam=(17, 10, 2, 2, 1)
  a=  8  lam=(17, 10, 3, 1, 1)
  a=  3  lam=(17, 11, 2, 1, 1)
  a=  9  lam=(18, 4, 4, 4, 2)
  a= 11  lam=(18, 5, 4, 3, 2)
  a= 11  lam=(18, 5, 4, 4, 1)
  a=  4  lam=(18, 5, 5, 2, 2)
  a=  9  lam=(18, 5, 5, 3, 1)
  a=  4  lam=(18, 6, 3, 3, 2)
  a= 26  lam=(18, 6, 4, 2, 2)
  a= 20  lam=(18, 6, 4, 3, 1)
  a= 21  lam=(18, 6, 5, 2, 1)
  a=  2  lam=(18, 6, 6, 1, 1)
  a= 15  lam=(18, 7, 3, 2, 2)
  a= 10  lam=(18, 7, 3, 3, 1)
  a= 32  lam=(18, 7, 4, 2, 1)
  a= 14  lam=(18, 7, 5, 1, 1)
  a= 14  lam=(18, 8, 2, 2, 2)
  a= 21  lam=(18, 8, 3, 2, 1)
  a= 11  lam=(18, 8, 4, 1, 1)
  a= 11  lam=(18, 9, 2, 2, 1)
  a=  7  lam=(18, 9, 3, 1, 1)
  a=  2  lam=(18, 10, 2, 1, 1)
  a=  4  lam=(19, 4, 4, 3, 2)
  a=  5  lam=(19, 4, 4, 4, 1)
  a=  1  lam=(19, 5, 3, 3, 2)
  a= 10  lam=(19, 5, 4, 2, 2)
  a= 10  lam=(19, 5, 4, 3, 1)
  a=  7  lam=(19, 5, 5, 2, 1)
  a= 11  lam=(19, 6, 3, 2, 2)
  a=  4  lam=(19, 6, 3, 3, 1)
  a= 19  lam=(19, 6, 4, 2, 1)
  a=  5  lam=(19, 6, 5, 1, 1)
  a=  9  lam=(19, 7, 2, 2, 2)
  a= 14  lam=(19, 7, 3, 2, 1)
  a=  9  lam=(19, 7, 4, 1, 1)
  a=  9  lam=(19, 8, 2, 2, 1)
  a=  5  lam=(19, 8, 3, 1, 1)
  a=  2  lam=(19, 9, 2, 1, 1)
  a=  6  lam=(20, 4, 4, 2, 2)
  a=  2  lam=(20, 4, 4, 3, 1)
  a=  4  lam=(20, 5, 3, 2, 2)
  a=  2  lam=(20, 5, 3, 3, 1)
  a=  9  lam=(20, 5, 4, 2, 1)
  a=  3  lam=(20, 5, 5, 1, 1)
  a=  8  lam=(20, 6, 2, 2, 2)
  a=  8  lam=(20, 6, 3, 2, 1)
  a=  3  lam=(20, 6, 4, 1, 1)
  a=  6  lam=(20, 7, 2, 2, 1)
  a=  4  lam=(20, 7, 3, 1, 1)
  a=  1  lam=(20, 8, 2, 1, 1)
  a=  2  lam=(21, 4, 3, 2, 2)
  a=  3  lam=(21, 4, 4, 2, 1)
  a=  4  lam=(21, 5, 2, 2, 2)
  a=  4  lam=(21, 5, 3, 2, 1)
  a=  2  lam=(21, 5, 4, 1, 1)
  a=  4  lam=(21, 6, 2, 2, 1)
  a=  1  lam=(21, 6, 3, 1, 1)
  a=  1  lam=(21, 7, 2, 1, 1)
  a=  3  lam=(22, 4, 2, 2, 2)
  a=  1  lam=(22, 4, 3, 2, 1)
  a=  2  lam=(22, 5, 2, 2, 1)
  a=  1  lam=(22, 5, 3, 1, 1)
  a=  1  lam=(23, 3, 2, 2, 2)
  a=  1  lam=(23, 4, 2, 2, 1)
  a=  1  lam=(24, 2, 2, 2, 2)
=== delta=9: 708 length-5 weights a>0 (|lam|=36), sum a=59298, 69.4s ===
  a=  1  lam=(8, 7, 7, 7, 7)
  a=  6  lam=(8, 8, 8, 6, 6)
  a=  6  lam=(8, 8, 8, 8, 4)
  a=  2  lam=(9, 7, 7, 7, 6)
  a=  5  lam=(9, 8, 7, 6, 6)
  a=  7  lam=(9, 8, 7, 7, 5)
  a= 12  lam=(9, 8, 8, 6, 5)
  a= 11  lam=(9, 8, 8, 7, 4)
  a=  6  lam=(9, 8, 8, 8, 3)
  a=  1  lam=(9, 9, 6, 6, 6)
  a= 13  lam=(9, 9, 7, 6, 5)
  a= 14  lam=(9, 9, 7, 7, 4)
  a= 14  lam=(9, 9, 8, 5, 5)
  a= 16  lam=(9, 9, 8, 6, 4)
  a= 15  lam=(9, 9, 8, 7, 3)
  a=  2  lam=(9, 9, 8, 8, 2)
  a=  7  lam=(9, 9, 9, 5, 4)
  a= 10  lam=(9, 9, 9, 6, 3)
  a=  6  lam=(9, 9, 9, 7, 2)
  a=  1  lam=(9, 9, 9, 8, 1)
  a=  1  lam=(10, 7, 7, 6, 6)
  a=  8  lam=(10, 7, 7, 7, 5)
  a= 14  lam=(10, 8, 6, 6, 6)
  a= 30  lam=(10, 8, 7, 6, 5)
  a= 17  lam=(10, 8, 7, 7, 4)
  a=  9  lam=(10, 8, 8, 5, 5)
  a= 52  lam=(10, 8, 8, 6, 4)
  a= 24  lam=(10, 8, 8, 7, 3)
  a= 16  lam=(10, 8, 8, 8, 2)
  a= 24  lam=(10, 9, 6, 6, 5)
  a= 31  lam=(10, 9, 7, 5, 5)
  a= 59  lam=(10, 9, 7, 6, 4)
  a= 33  lam=(10, 9, 7, 7, 3)
  a= 60  lam=(10, 9, 8, 5, 4)
  a= 69  lam=(10, 9, 8, 6, 3)
  a= 36  lam=(10, 9, 8, 7, 2)
  a=  9  lam=(10, 9, 8, 8, 1)
  a= 12  lam=(10, 9, 9, 4, 4)
  a= 37  lam=(10, 9, 9, 5, 3)
  a= 23  lam=(10, 9, 9, 6, 2)
  a= 10  lam=(10, 9, 9, 7, 1)
  a= 10  lam=(10, 10, 6, 5, 5)
  a= 44  lam=(10, 10, 6, 6, 4)
  a= 48  lam=(10, 10, 7, 5, 4)
  a= 59  lam=(10, 10, 7, 6, 3)
  a= 15  lam=(10, 10, 7, 7, 2)
  a= 50  lam=(10, 10, 8, 4, 4)
  a= 58  lam=(10, 10, 8, 5, 3)
  a= 67  lam=(10, 10, 8, 6, 2)
  a= 18  lam=(10, 10, 8, 7, 1)
  a= 35  lam=(10, 10, 9, 4, 3)
  a= 38  lam=(10, 10, 9, 5, 2)
  a= 22  lam=(10, 10, 9, 6, 1)
  a=  2  lam=(10, 10, 10, 3, 3)
  a= 24  lam=(10, 10, 10, 4, 2)
  a= 10  lam=(10, 10, 10, 5, 1)
  a=  7  lam=(11, 7, 6, 6, 6)
  a= 17  lam=(11, 7, 7, 6, 5)
  a= 13  lam=(11, 7, 7, 7, 4)
  a= 35  lam=(11, 8, 6, 6, 5)
  a= 37  lam=(11, 8, 7, 5, 5)
  a= 82  lam=(11, 8, 7, 6, 4)
  a= 40  lam=(11, 8, 7, 7, 3)
  a= 66  lam=(11, 8, 8, 5, 4)
  a= 77  lam=(11, 8, 8, 6, 3)
  a= 39  lam=(11, 8, 8, 7, 2)
  a= 10  lam=(11, 8, 8, 8, 1)
  a= 40  lam=(11, 9, 6, 5, 5)
  a= 70  lam=(11, 9, 6, 6, 4)
  a=126  lam=(11, 9, 7, 5, 4)
  a=130  lam=(11, 9, 7, 6, 3)
  a= 54  lam=(11, 9, 7, 7, 2)
  a= 69  lam=(11, 9, 8, 4, 4)
  a=143  lam=(11, 9, 8, 5, 3)
  a=111  lam=(11, 9, 8, 6, 2)
  a= 42  lam=(11, 9, 8, 7, 1)
  a= 57  lam=(11, 9, 9, 4, 3)
  a= 64  lam=(11, 9, 9, 5, 2)
  a= 33  lam=(11, 9, 9, 6, 1)
  a= 10  lam=(11, 10, 5, 5, 5)
  a= 96  lam=(11, 10, 6, 5, 4)
  a= 86  lam=(11, 10, 6, 6, 3)
  a= 93  lam=(11, 10, 7, 4, 4)
  a=161  lam=(11, 10, 7, 5, 3)
  a=124  lam=(11, 10, 7, 6, 2)
  a= 33  lam=(11, 10, 7, 7, 1)
  a=136  lam=(11, 10, 8, 4, 3)
  a=154  lam=(11, 10, 8, 5, 2)
  a= 82  lam=(11, 10, 8, 6, 1)
  a= 40  lam=(11, 10, 9, 3, 3)
  a= 96  lam=(11, 10, 9, 4, 2)
  a= 65  lam=(11, 10, 9, 5, 1)
  a= 30  lam=(11, 10, 10, 3, 2)
  a= 31  lam=(11, 10, 10, 4, 1)
  a= 31  lam=(11, 11, 5, 5, 4)
  a= 39  lam=(11, 11, 6, 4, 4)
  a= 83  lam=(11, 11, 6, 5, 3)
  a= 39  lam=(11, 11, 6, 6, 2)
  a= 94  lam=(11, 11, 7, 4, 3)
  a=107  lam=(11, 11, 7, 5, 2)
  a= 49  lam=(11, 11, 7, 6, 1)
  a= 52  lam=(11, 11, 8, 3, 3)
  a= 87  lam=(11, 11, 8, 4, 2)
  a= 68  lam=(11, 11, 8, 5, 1)
  a= 47  lam=(11, 11, 9, 3, 2)
  a= 47  lam=(11, 11, 9, 4, 1)
  a=  8  lam=(11, 11, 10, 2, 2)
  a= 22  lam=(11, 11, 10, 3, 1)
  a=  3  lam=(11, 11, 11, 2, 1)
  a= 10  lam=(12, 6, 6, 6, 6)
  a= 23  lam=(12, 7, 6, 6, 5)
  a= 28  lam=(12, 7, 7, 5, 5)
  a= 36  lam=(12, 7, 7, 6, 4)
  a= 23  lam=(12, 7, 7, 7, 3)
  a= 35  lam=(12, 8, 6, 5, 5)
  a= 99  lam=(12, 8, 6, 6, 4)
  a=123  lam=(12, 8, 7, 5, 4)
  a=133  lam=(12, 8, 7, 6, 3)
  a= 42  lam=(12, 8, 7, 7, 2)
  a= 85  lam=(12, 8, 8, 4, 4)
  a=109  lam=(12, 8, 8, 5, 3)
  a=113  lam=(12, 8, 8, 6, 2)
  a= 31  lam=(12, 8, 8, 7, 1)
  a= 20  lam=(12, 9, 5, 5, 5)
  a=147  lam=(12, 9, 6, 5, 4)
  a=131  lam=(12, 9, 6, 6, 3)
  a=127  lam=(12, 9, 7, 4, 4)
  a=242  lam=(12, 9, 7, 5, 3)
  a=174  lam=(12, 9, 7, 6, 2)
  a= 47  lam=(12, 9, 7, 7, 1)
  a=182  lam=(12, 9, 8, 4, 3)
  a=207  lam=(12, 9, 8, 5, 2)
  a=109  lam=(12, 9, 8, 6, 1)
  a= 54  lam=(12, 9, 9, 3, 3)
  a= 86  lam=(12, 9, 9, 4, 2)
  a= 66  lam=(12, 9, 9, 5, 1)
  a= 56  lam=(12, 10, 5, 5, 4)
  a=151  lam=(12, 10, 6, 4, 4)
  a=202  lam=(12, 10, 6, 5, 3)
  a=150  lam=(12, 10, 6, 6, 2)
  a=246  lam=(12, 10, 7, 4, 3)
  a=257  lam=(12, 10, 7, 5, 2)
  a=129  lam=(12, 10, 7, 6, 1)
  a= 92  lam=(12, 10, 8, 3, 3)
  a=270  lam=(12, 10, 8, 4, 2)
  a=161  lam=(12, 10, 8, 5, 1)
  a=110  lam=(12, 10, 9, 3, 2)
  a=113  lam=(12, 10, 9, 4, 1)
  a= 36  lam=(12, 10, 10, 2, 2)
  a= 36  lam=(12, 10, 10, 3, 1)
  a= 63  lam=(12, 11, 5, 4, 4)
  a= 77  lam=(12, 11, 5, 5, 3)
  a=178  lam=(12, 11, 6, 4, 3)
  a=178  lam=(12, 11, 6, 5, 2)
  a= 69  lam=(12, 11, 6, 6, 1)
  a=102  lam=(12, 11, 7, 3, 3)
  a=228  lam=(12, 11, 7, 4, 2)
  a=149  lam=(12, 11, 7, 5, 1)
  a=150  lam=(12, 11, 8, 3, 2)
  a=151  lam=(12, 11, 8, 4, 1)
  a= 48  lam=(12, 11, 9, 2, 2)
  a= 87  lam=(12, 11, 9, 3, 1)
  a= 31  lam=(12, 11, 10, 2, 1)
  a=  6  lam=(12, 11, 11, 1, 1)
  a= 28  lam=(12, 12, 4, 4, 4)
  a= 62  lam=(12, 12, 5, 4, 3)
  a= 37  lam=(12, 12, 5, 5, 2)
  a= 40  lam=(12, 12, 6, 3, 3)
  a=135  lam=(12, 12, 6, 4, 2)
  a= 65  lam=(12, 12, 6, 5, 1)
  a= 93  lam=(12, 12, 7, 3, 2)
  a= 95  lam=(12, 12, 7, 4, 1)
  a= 59  lam=(12, 12, 8, 2, 2)
  a= 62  lam=(12, 12, 8, 3, 1)
  a= 32  lam=(12, 12, 9, 2, 1)
  a=  3  lam=(12, 12, 10, 1, 1)
  a= 13  lam=(13, 6, 6, 6, 5)
  a= 27  lam=(13, 7, 6, 5, 5)
  a= 55  lam=(13, 7, 6, 6, 4)
  a= 63  lam=(13, 7, 7, 5, 4)
  a= 63  lam=(13, 7, 7, 6, 3)
  a= 21  lam=(13, 7, 7, 7, 2)
  a= 15  lam=(13, 8, 5, 5, 5)
  a=143  lam=(13, 8, 6, 5, 4)
  a=127  lam=(13, 8, 6, 6, 3)
  a=122  lam=(13, 8, 7, 4, 4)
  a=207  lam=(13, 8, 7, 5, 3)
  a=155  lam=(13, 8, 7, 6, 2)
  a= 38  lam=(13, 8, 7, 7, 1)
  a=131  lam=(13, 8, 8, 4, 3)
  a=149  lam=(13, 8, 8, 5, 2)
  a= 78  lam=(13, 8, 8, 6, 1)
  a= 79  lam=(13, 9, 5, 5, 4)
  a=158  lam=(13, 9, 6, 4, 4)
  a=253  lam=(13, 9, 6, 5, 3)
  a=157  lam=(13, 9, 6, 6, 2)
  a=284  lam=(13, 9, 7, 4, 3)
  a=304  lam=(13, 9, 7, 5, 2)
  a=145  lam=(13, 9, 7, 6, 1)
  a=115  lam=(13, 9, 8, 3, 3)
  a=261  lam=(13, 9, 8, 4, 2)
  a=174  lam=(13, 9, 8, 5, 1)
  a= 88  lam=(13, 9, 9, 3, 2)
  a= 87  lam=(13, 9, 9, 4, 1)
  a=112  lam=(13, 10, 5, 4, 4)
  a=120  lam=(13, 10, 5, 5, 3)
  a=295  lam=(13, 10, 6, 4, 3)
  a=292  lam=(13, 10, 6, 5, 2)
  a=116  lam=(13, 10, 6, 6, 1)
  a=161  lam=(13, 10, 7, 3, 3)
  a=377  lam=(13, 10, 7, 4, 2)
  a=234  lam=(13, 10, 7, 5, 1)
  a=235  lam=(13, 10, 8, 3, 2)
  a=236  lam=(13, 10, 8, 4, 1)
  a= 76  lam=(13, 10, 9, 2, 2)
  a=119  lam=(13, 10, 9, 3, 1)
  a= 35  lam=(13, 10, 10, 2, 1)
  a= 39  lam=(13, 11, 4, 4, 4)
  a=167  lam=(13, 11, 5, 4, 3)
  a=127  lam=(13, 11, 5, 5, 2)
  a=140  lam=(13, 11, 6, 3, 3)
  a=303  lam=(13, 11, 6, 4, 2)
  a=178  lam=(13, 11, 6, 5, 1)
  a=247  lam=(13, 11, 7, 3, 2)
  a=243  lam=(13, 11, 7, 4, 1)
  a=107  lam=(13, 11, 8, 2, 2)
  a=180  lam=(13, 11, 8, 3, 1)
  a= 79  lam=(13, 11, 9, 2, 1)
  a= 17  lam=(13, 11, 10, 1, 1)
  a= 58  lam=(13, 12, 4, 4, 3)
  a= 65  lam=(13, 12, 5, 3, 3)
  a=152  lam=(13, 12, 5, 4, 2)
  a= 61  lam=(13, 12, 5, 5, 1)
  a=172  lam=(13, 12, 6, 3, 2)
  a=165  lam=(13, 12, 6, 4, 1)
  a= 97  lam=(13, 12, 7, 2, 2)
  a=146  lam=(13, 12, 7, 3, 1)
  a= 86  lam=(13, 12, 8, 2, 1)
  a= 20  lam=(13, 12, 9, 1, 1)
  a= 24  lam=(13, 13, 4, 3, 3)
  a= 29  lam=(13, 13, 4, 4, 2)
  a= 66  lam=(13, 13, 5, 3, 2)
  a= 55  lam=(13, 13, 5, 4, 1)
  a= 37  lam=(13, 13, 6, 2, 2)
  a= 74  lam=(13, 13, 6, 3, 1)
  a= 47  lam=(13, 13, 7, 2, 1)
  a= 19  lam=(13, 13, 8, 1, 1)
  a=  5  lam=(14, 6, 6, 5, 5)
  a= 34  lam=(14, 6, 6, 6, 4)
  a= 12  lam=(14, 7, 5, 5, 5)
  a= 88  lam=(14, 7, 6, 5, 4)
  a= 75  lam=(14, 7, 6, 6, 3)
  a= 45  lam=(14, 7, 7, 4, 4)
  a=104  lam=(14, 7, 7, 5, 3)
  a= 59  lam=(14, 7, 7, 6, 2)
  a= 17  lam=(14, 7, 7, 7, 1)
  a= 60  lam=(14, 8, 5, 5, 4)
  a=163  lam=(14, 8, 6, 4, 4)
  a=211  lam=(14, 8, 6, 5, 3)
  a=155  lam=(14, 8, 6, 6, 2)
  a=228  lam=(14, 8, 7, 4, 3)
  a=234  lam=(14, 8, 7, 5, 2)
  a=114  lam=(14, 8, 7, 6, 1)
  a= 55  lam=(14, 8, 8, 3, 3)
  a=190  lam=(14, 8, 8, 4, 2)
  a=105  lam=(14, 8, 8, 5, 1)
  a=117  lam=(14, 9, 5, 4, 4)
  a=132  lam=(14, 9, 5, 5, 3)
  a=312  lam=(14, 9, 6, 4, 3)
  a=306  lam=(14, 9, 6, 5, 2)
  a=120  lam=(14, 9, 6, 6, 1)
  a=171  lam=(14, 9, 7, 3, 3)
  a=369  lam=(14, 9, 7, 4, 2)
  a=236  lam=(14, 9, 7, 5, 1)
  a=215  lam=(14, 9, 8, 3, 2)
  a=215  lam=(14, 9, 8, 4, 1)
  a= 40  lam=(14, 9, 9, 2, 2)
  a= 86  lam=(14, 9, 9, 3, 1)
  a= 75  lam=(14, 10, 4, 4, 4)
  a=225  lam=(14, 10, 5, 4, 3)
  a=148  lam=(14, 10, 5, 5, 2)
  a=161  lam=(14, 10, 6, 3, 3)
  a=437  lam=(14, 10, 6, 4, 2)
  a=231  lam=(14, 10, 6, 5, 1)
  a=316  lam=(14, 10, 7, 3, 2)
  a=318  lam=(14, 10, 7, 4, 1)
  a=160  lam=(14, 10, 8, 2, 2)
  a=212  lam=(14, 10, 8, 3, 1)
  a= 91  lam=(14, 10, 9, 2, 1)
  a=  9  lam=(14, 10, 10, 1, 1)
  a= 99  lam=(14, 11, 4, 4, 3)
  a=116  lam=(14, 11, 5, 3, 3)
  a=259  lam=(14, 11, 5, 4, 2)
  a=107  lam=(14, 11, 5, 5, 1)
  a=293  lam=(14, 11, 6, 3, 2)
  a=281  lam=(14, 11, 6, 4, 1)
  a=157  lam=(14, 11, 7, 2, 2)
  a=251  lam=(14, 11, 7, 3, 1)
  a=142  lam=(14, 11, 8, 2, 1)
  a= 37  lam=(14, 11, 9, 1, 1)
  a= 42  lam=(14, 12, 4, 3, 3)
  a=120  lam=(14, 12, 4, 4, 2)
  a=170  lam=(14, 12, 5, 3, 2)
  a=156  lam=(14, 12, 5, 4, 1)
  a=148  lam=(14, 12, 6, 2, 2)
  a=188  lam=(14, 12, 6, 3, 1)
  a=135  lam=(14, 12, 7, 2, 1)
  a= 32  lam=(14, 12, 8, 1, 1)
  a=  7  lam=(14, 13, 3, 3, 3)
  a= 71  lam=(14, 13, 4, 3, 2)
  a= 53  lam=(14, 13, 4, 4, 1)
  a= 70  lam=(14, 13, 5, 2, 2)
  a= 97  lam=(14, 13, 5, 3, 1)
  a= 89  lam=(14, 13, 6, 2, 1)
  a= 31  lam=(14, 13, 7, 1, 1)
  a=  6  lam=(14, 14, 3, 3, 2)
  a= 33  lam=(14, 14, 4, 2, 2)
  a= 26  lam=(14, 14, 4, 3, 1)
  a= 35  lam=(14, 14, 5, 2, 1)
  a=  9  lam=(14, 14, 6, 1, 1)
  a=  2  lam=(15, 6, 5, 5, 5)
  a= 35  lam=(15, 6, 6, 5, 4)
  a= 35  lam=(15, 6, 6, 6, 3)
  a= 42  lam=(15, 7, 5, 5, 4)
  a= 90  lam=(15, 7, 6, 4, 4)
  a=127  lam=(15, 7, 6, 5, 3)
  a= 81  lam=(15, 7, 6, 6, 2)
  a=104  lam=(15, 7, 7, 4, 3)
  a=102  lam=(15, 7, 7, 5, 2)
  a= 46  lam=(15, 7, 7, 6, 1)
  a=105  lam=(15, 8, 5, 4, 4)
  a=103  lam=(15, 8, 5, 5, 3)
  a=256  lam=(15, 8, 6, 4, 3)
  a=248  lam=(15, 8, 6, 5, 2)
  a= 98  lam=(15, 8, 6, 6, 1)
  a=116  lam=(15, 8, 7, 3, 3)
  a=281  lam=(15, 8, 7, 4, 2)
  a=171  lam=(15, 8, 7, 5, 1)
  a=128  lam=(15, 8, 8, 3, 2)
  a=128  lam=(15, 8, 8, 4, 1)
  a= 62  lam=(15, 9, 4, 4, 4)
  a=219  lam=(15, 9, 5, 4, 3)
  a=155  lam=(15, 9, 5, 5, 2)
  a=171  lam=(15, 9, 6, 3, 3)
  a=398  lam=(15, 9, 6, 4, 2)
  a=221  lam=(15, 9, 6, 5, 1)
  a=290  lam=(15, 9, 7, 3, 2)
  a=287  lam=(15, 9, 7, 4, 1)
  a=118  lam=(15, 9, 8, 2, 2)
  a=183  lam=(15, 9, 8, 3, 1)
  a= 54  lam=(15, 9, 9, 2, 1)
  a=121  lam=(15, 10, 4, 4, 3)
  a=128  lam=(15, 10, 5, 3, 3)
  a=307  lam=(15, 10, 5, 4, 2)
  a=120  lam=(15, 10, 5, 5, 1)
  a=340  lam=(15, 10, 6, 3, 2)
  a=327  lam=(15, 10, 6, 4, 1)
  a=185  lam=(15, 10, 7, 2, 2)
  a=278  lam=(15, 10, 7, 3, 1)
  a=154  lam=(15, 10, 8, 2, 1)
  a= 32  lam=(15, 10, 9, 1, 1)
  a= 71  lam=(15, 11, 4, 3, 3)
  a=144  lam=(15, 11, 4, 4, 2)
  a=242  lam=(15, 11, 5, 3, 2)
  a=215  lam=(15, 11, 5, 4, 1)
  a=179  lam=(15, 11, 6, 2, 2)
  a=268  lam=(15, 11, 6, 3, 1)
  a=183  lam=(15, 11, 7, 2, 1)
  a= 54  lam=(15, 11, 8, 1, 1)
  a= 11  lam=(15, 12, 3, 3, 3)
  a=126  lam=(15, 12, 4, 3, 2)
  a= 97  lam=(15, 12, 4, 4, 1)
  a=130  lam=(15, 12, 5, 2, 2)
  a=170  lam=(15, 12, 5, 3, 1)
  a=156  lam=(15, 12, 6, 2, 1)
  a= 51  lam=(15, 12, 7, 1, 1)
  a= 30  lam=(15, 13, 3, 3, 2)
  a= 62  lam=(15, 13, 4, 2, 2)
  a= 83  lam=(15, 13, 4, 3, 1)
  a= 94  lam=(15, 13, 5, 2, 1)
  a= 41  lam=(15, 13, 6, 1, 1)
  a= 22  lam=(15, 14, 3, 2, 2)
  a= 16  lam=(15, 14, 3, 3, 1)
  a= 43  lam=(15, 14, 4, 2, 1)
  a= 19  lam=(15, 14, 5, 1, 1)
  a=  2  lam=(15, 15, 2, 2, 2)
  a=  9  lam=(15, 15, 3, 2, 1)
  a=  9  lam=(15, 15, 4, 1, 1)
  a=  1  lam=(16, 5, 5, 5, 5)
  a= 14  lam=(16, 6, 5, 5, 4)
  a= 51  lam=(16, 6, 6, 4, 4)
  a= 44  lam=(16, 6, 6, 5, 3)
  a= 42  lam=(16, 6, 6, 6, 2)
  a= 61  lam=(16, 7, 5, 4, 4)
  a= 65  lam=(16, 7, 5, 5, 3)
  a=150  lam=(16, 7, 6, 4, 3)
  a=139  lam=(16, 7, 6, 5, 2)
  a= 52  lam=(16, 7, 6, 6, 1)
  a= 64  lam=(16, 7, 7, 3, 3)
  a=108  lam=(16, 7, 7, 4, 2)
  a= 75  lam=(16, 7, 7, 5, 1)
  a= 68  lam=(16, 8, 4, 4, 4)
  a=176  lam=(16, 8, 5, 4, 3)
  a=109  lam=(16, 8, 5, 5, 2)
  a=114  lam=(16, 8, 6, 3, 3)
  a=329  lam=(16, 8, 6, 4, 2)
  a=166  lam=(16, 8, 6, 5, 1)
  a=201  lam=(16, 8, 7, 3, 2)
  a=203  lam=(16, 8, 7, 4, 1)
  a= 84  lam=(16, 8, 8, 2, 2)
  a= 92  lam=(16, 8, 8, 3, 1)
  a=112  lam=(16, 9, 4, 4, 3)
  a=122  lam=(16, 9, 5, 3, 3)
  a=276  lam=(16, 9, 5, 4, 2)
  a=109  lam=(16, 9, 5, 5, 1)
  a=304  lam=(16, 9, 6, 3, 2)
  a=292  lam=(16, 9, 6, 4, 1)
  a=148  lam=(16, 9, 7, 2, 2)
  a=241  lam=(16, 9, 7, 3, 1)
  a=119  lam=(16, 9, 8, 2, 1)
  a= 23  lam=(16, 9, 9, 1, 1)
  a= 66  lam=(16, 10, 4, 3, 3)
  a=178  lam=(16, 10, 4, 4, 2)
  a=251  lam=(16, 10, 5, 3, 2)
  a=231  lam=(16, 10, 5, 4, 1)
  a=211  lam=(16, 10, 6, 2, 2)
  a=274  lam=(16, 10, 6, 3, 1)
  a=188  lam=(16, 10, 7, 2, 1)
  a= 43  lam=(16, 10, 8, 1, 1)
  a= 14  lam=(16, 11, 3, 3, 3)
  a=154  lam=(16, 11, 4, 3, 2)
  a=118  lam=(16, 11, 4, 4, 1)
  a=153  lam=(16, 11, 5, 2, 2)
  a=212  lam=(16, 11, 5, 3, 1)
  a=190  lam=(16, 11, 6, 2, 1)
  a= 66  lam=(16, 11, 7, 1, 1)
  a= 36  lam=(16, 12, 3, 3, 2)
  a=109  lam=(16, 12, 4, 2, 2)
  a=112  lam=(16, 12, 4, 3, 1)
  a=138  lam=(16, 12, 5, 2, 1)
  a= 48  lam=(16, 12, 6, 1, 1)
  a= 38  lam=(16, 13, 3, 2, 2)
  a= 30  lam=(16, 13, 3, 3, 1)
  a= 77  lam=(16, 13, 4, 2, 1)
  a= 36  lam=(16, 13, 5, 1, 1)
  a= 16  lam=(16, 14, 2, 2, 2)
  a= 27  lam=(16, 14, 3, 2, 1)
  a= 14  lam=(16, 14, 4, 1, 1)
  a=  6  lam=(16, 15, 2, 2, 1)
  a=  5  lam=(16, 15, 3, 1, 1)
  a=  2  lam=(17, 5, 5, 5, 4)
  a= 35  lam=(17, 6, 5, 4, 4)
  a= 23  lam=(17, 6, 5, 5, 3)
  a= 61  lam=(17, 6, 6, 4, 3)
  a= 56  lam=(17, 6, 6, 5, 2)
  a= 22  lam=(17, 6, 6, 6, 1)
  a= 40  lam=(17, 7, 4, 4, 4)
  a=109  lam=(17, 7, 5, 4, 3)
  a= 66  lam=(17, 7, 5, 5, 2)
  a= 72  lam=(17, 7, 6, 3, 3)
  a=177  lam=(17, 7, 6, 4, 2)
  a= 92  lam=(17, 7, 6, 5, 1)
  a= 83  lam=(17, 7, 7, 3, 2)
  a= 84  lam=(17, 7, 7, 4, 1)
  a= 93  lam=(17, 8, 4, 4, 3)
  a= 85  lam=(17, 8, 5, 3, 3)
  a=216  lam=(17, 8, 5, 4, 2)
  a= 78  lam=(17, 8, 5, 5, 1)
  a=225  lam=(17, 8, 6, 3, 2)
  a=218  lam=(17, 8, 6, 4, 1)
  a=107  lam=(17, 8, 7, 2, 2)
  a=158  lam=(17, 8, 7, 3, 1)
  a= 63  lam=(17, 8, 8, 2, 1)
  a= 64  lam=(17, 9, 4, 3, 3)
  a=146  lam=(17, 9, 4, 4, 2)
  a=221  lam=(17, 9, 5, 3, 2)
  a=199  lam=(17, 9, 5, 4, 1)
  a=166  lam=(17, 9, 6, 2, 2)
  a=238  lam=(17, 9, 6, 3, 1)
  a=151  lam=(17, 9, 7, 2, 1)
  a= 37  lam=(17, 9, 8, 1, 1)
  a= 11  lam=(17, 10, 3, 3, 3)
  a=155  lam=(17, 10, 4, 3, 2)
  a=122  lam=(17, 10, 4, 4, 1)
  a=158  lam=(17, 10, 5, 2, 2)
  a=206  lam=(17, 10, 5, 3, 1)
  a=188  lam=(17, 10, 6, 2, 1)
  a= 59  lam=(17, 10, 7, 1, 1)
  a= 45  lam=(17, 11, 3, 3, 2)
  a=109  lam=(17, 11, 4, 2, 2)
  a=132  lam=(17, 11, 4, 3, 1)
  a=153  lam=(17, 11, 5, 2, 1)
  a= 62  lam=(17, 11, 6, 1, 1)
  a= 51  lam=(17, 12, 3, 2, 2)
  a= 36  lam=(17, 12, 3, 3, 1)
  a= 99  lam=(17, 12, 4, 2, 1)
  a= 43  lam=(17, 12, 5, 1, 1)
  a= 16  lam=(17, 13, 2, 2, 2)
  a= 40  lam=(17, 13, 3, 2, 1)
  a= 27  lam=(17, 13, 4, 1, 1)
  a= 12  lam=(17, 14, 2, 2, 1)
  a=  9  lam=(17, 14, 3, 1, 1)
  a=  3  lam=(17, 15, 2, 1, 1)
  a=  5  lam=(18, 5, 5, 4, 4)
  a=  6  lam=(18, 5, 5, 5, 3)
  a= 32  lam=(18, 6, 4, 4, 4)
  a= 51  lam=(18, 6, 5, 4, 3)
  a= 24  lam=(18, 6, 5, 5, 2)
  a= 19  lam=(18, 6, 6, 3, 3)
  a= 83  lam=(18, 6, 6, 4, 2)
  a= 32  lam=(18, 6, 6, 5, 1)
  a= 61  lam=(18, 7, 4, 4, 3)
  a= 56  lam=(18, 7, 5, 3, 3)
  a=125  lam=(18, 7, 5, 4, 2)
  a= 46  lam=(18, 7, 5, 5, 1)
  a=124  lam=(18, 7, 6, 3, 2)
  a=120  lam=(18, 7, 6, 4, 1)
  a= 32  lam=(18, 7, 7, 2, 2)
  a= 71  lam=(18, 7, 7, 3, 1)
  a= 39  lam=(18, 8, 4, 3, 3)
  a=127  lam=(18, 8, 4, 4, 2)
  a=159  lam=(18, 8, 5, 3, 2)
  a=149  lam=(18, 8, 5, 4, 1)
  a=135  lam=(18, 8, 6, 2, 2)
  a=164  lam=(18, 8, 6, 3, 1)
  a=100  lam=(18, 8, 7, 2, 1)
  a= 12  lam=(18, 8, 8, 1, 1)
  a= 11  lam=(18, 9, 3, 3, 3)
  a=131  lam=(18, 9, 4, 3, 2)
  a=105  lam=(18, 9, 4, 4, 1)
  a=128  lam=(18, 9, 5, 2, 2)
  a=173  lam=(18, 9, 5, 3, 1)
  a=153  lam=(18, 9, 6, 2, 1)
  a= 49  lam=(18, 9, 7, 1, 1)
  a= 36  lam=(18, 10, 3, 3, 2)
  a=118  lam=(18, 10, 4, 2, 2)
  a=121  lam=(18, 10, 4, 3, 1)
  a=146  lam=(18, 10, 5, 2, 1)
  a= 50  lam=(18, 10, 6, 1, 1)
  a= 52  lam=(18, 11, 3, 2, 2)
  a= 39  lam=(18, 11, 3, 3, 1)
  a=105  lam=(18, 11, 4, 2, 1)
  a= 48  lam=(18, 11, 5, 1, 1)
  a= 26  lam=(18, 12, 2, 2, 2)
  a= 46  lam=(18, 12, 3, 2, 1)
  a= 26  lam=(18, 12, 4, 1, 1)
  a= 16  lam=(18, 13, 2, 2, 1)
  a= 12  lam=(18, 13, 3, 1, 1)
  a=  2  lam=(18, 14, 2, 1, 1)
  a= 11  lam=(19, 5, 4, 4, 4)
  a= 13  lam=(19, 5, 5, 4, 3)
  a=  3  lam=(19, 5, 5, 5, 2)
  a= 36  lam=(19, 6, 4, 4, 3)
  a= 20  lam=(19, 6, 5, 3, 3)
  a= 63  lam=(19, 6, 5, 4, 2)
  a= 17  lam=(19, 6, 5, 5, 1)
  a= 51  lam=(19, 6, 6, 3, 2)
  a= 48  lam=(19, 6, 6, 4, 1)
  a= 29  lam=(19, 7, 4, 3, 3)
  a= 76  lam=(19, 7, 4, 4, 2)
  a= 94  lam=(19, 7, 5, 3, 2)
  a= 88  lam=(19, 7, 5, 4, 1)
  a= 67  lam=(19, 7, 6, 2, 2)
  a= 92  lam=(19, 7, 6, 3, 1)
  a= 40  lam=(19, 7, 7, 2, 1)
  a=  4  lam=(19, 8, 3, 3, 3)
  a= 97  lam=(19, 8, 4, 3, 2)
  a= 81  lam=(19, 8, 4, 4, 1)
  a= 99  lam=(19, 8, 5, 2, 2)
  a=122  lam=(19, 8, 5, 3, 1)
  a=108  lam=(19, 8, 6, 2, 1)
  a= 29  lam=(19, 8, 7, 1, 1)
  a= 32  lam=(19, 9, 3, 3, 2)
  a= 90  lam=(19, 9, 4, 2, 2)
  a=103  lam=(19, 9, 4, 3, 1)
  a=118  lam=(19, 9, 5, 2, 1)
  a= 44  lam=(19, 9, 6, 1, 1)
  a= 50  lam=(19, 10, 3, 2, 2)
  a= 33  lam=(19, 10, 3, 3, 1)
  a= 97  lam=(19, 10, 4, 2, 1)
  a= 41  lam=(19, 10, 5, 1, 1)
  a= 22  lam=(19, 11, 2, 2, 2)
  a= 47  lam=(19, 11, 3, 2, 1)
  a= 31  lam=(19, 11, 4, 1, 1)
  a= 18  lam=(19, 12, 2, 2, 1)
  a= 12  lam=(19, 12, 3, 1, 1)
  a=  4  lam=(19, 13, 2, 1, 1)
  a=  9  lam=(20, 4, 4, 4, 4)
  a= 14  lam=(20, 5, 4, 4, 3)
  a=  8  lam=(20, 5, 5, 3, 3)
  a= 12  lam=(20, 5, 5, 4, 2)
  a=  3  lam=(20, 5, 5, 5, 1)
  a= 10  lam=(20, 6, 4, 3, 3)
  a= 50  lam=(20, 6, 4, 4, 2)
  a= 43  lam=(20, 6, 5, 3, 2)
  a= 41  lam=(20, 6, 5, 4, 1)
  a= 37  lam=(20, 6, 6, 2, 2)
  a= 31  lam=(20, 6, 6, 3, 1)
  a=  3  lam=(20, 7, 3, 3, 3)
  a= 60  lam=(20, 7, 4, 3, 2)
  a= 51  lam=(20, 7, 4, 4, 1)
  a= 53  lam=(20, 7, 5, 2, 2)
  a= 75  lam=(20, 7, 5, 3, 1)
  a= 58  lam=(20, 7, 6, 2, 1)
  a= 17  lam=(20, 7, 7, 1, 1)
  a= 19  lam=(20, 8, 3, 3, 2)
  a= 76  lam=(20, 8, 4, 2, 2)
  a= 71  lam=(20, 8, 4, 3, 1)
  a= 85  lam=(20, 8, 5, 2, 1)
  a= 25  lam=(20, 8, 6, 1, 1)
  a= 39  lam=(20, 9, 3, 2, 2)
  a= 27  lam=(20, 9, 3, 3, 1)
  a= 79  lam=(20, 9, 4, 2, 1)
  a= 34  lam=(20, 9, 5, 1, 1)
  a= 25  lam=(20, 10, 2, 2, 2)
  a= 42  lam=(20, 10, 3, 2, 1)
  a= 23  lam=(20, 10, 4, 1, 1)
  a= 17  lam=(20, 11, 2, 2, 1)
  a= 13  lam=(20, 11, 3, 1, 1)
  a=  3  lam=(20, 12, 2, 1, 1)
  a=  6  lam=(21, 4, 4, 4, 3)
  a=  4  lam=(21, 5, 4, 3, 3)
  a= 19  lam=(21, 5, 4, 4, 2)
  a= 10  lam=(21, 5, 5, 3, 2)
  a= 10  lam=(21, 5, 5, 4, 1)
  a= 32  lam=(21, 6, 4, 3, 2)
  a= 30  lam=(21, 6, 4, 4, 1)
  a= 31  lam=(21, 6, 5, 2, 2)
  a= 32  lam=(21, 6, 5, 3, 1)
  a= 22  lam=(21, 6, 6, 2, 1)
  a= 12  lam=(21, 7, 3, 3, 2)
  a= 43  lam=(21, 7, 4, 2, 2)
  a= 46  lam=(21, 7, 4, 3, 1)
  a= 50  lam=(21, 7, 5, 2, 1)
  a= 16  lam=(21, 7, 6, 1, 1)
  a= 31  lam=(21, 8, 3, 2, 2)
  a= 17  lam=(21, 8, 3, 3, 1)
  a= 58  lam=(21, 8, 4, 2, 1)
  a= 22  lam=(21, 8, 5, 1, 1)
  a= 18  lam=(21, 9, 2, 2, 2)
  a= 33  lam=(21, 9, 3, 2, 1)
  a= 21  lam=(21, 9, 4, 1, 1)
  a= 16  lam=(21, 10, 2, 2, 1)
  a= 10  lam=(21, 10, 3, 1, 1)
  a=  4  lam=(21, 11, 2, 1, 1)
  a= 10  lam=(22, 4, 4, 4, 2)
  a= 12  lam=(22, 5, 4, 3, 2)
  a= 12  lam=(22, 5, 4, 4, 1)
  a=  5  lam=(22, 5, 5, 2, 2)
  a= 10  lam=(22, 5, 5, 3, 1)
  a=  4  lam=(22, 6, 3, 3, 2)
  a= 30  lam=(22, 6, 4, 2, 2)
  a= 22  lam=(22, 6, 4, 3, 1)
  a= 24  lam=(22, 6, 5, 2, 1)
  a=  2  lam=(22, 6, 6, 1, 1)
  a= 18  lam=(22, 7, 3, 2, 2)
  a= 11  lam=(22, 7, 3, 3, 1)
  a= 36  lam=(22, 7, 4, 2, 1)
  a= 15  lam=(22, 7, 5, 1, 1)
  a= 17  lam=(22, 8, 2, 2, 2)
  a= 24  lam=(22, 8, 3, 2, 1)
  a= 12  lam=(22, 8, 4, 1, 1)
  a= 13  lam=(22, 9, 2, 2, 1)
  a=  8  lam=(22, 9, 3, 1, 1)
  a=  2  lam=(22, 10, 2, 1, 1)
  a=  4  lam=(23, 4, 4, 3, 2)
  a=  5  lam=(23, 4, 4, 4, 1)
  a=  1  lam=(23, 5, 3, 3, 2)
  a= 11  lam=(23, 5, 4, 2, 2)
  a= 10  lam=(23, 5, 4, 3, 1)
  a=  7  lam=(23, 5, 5, 2, 1)
  a= 12  lam=(23, 6, 3, 2, 2)
  a=  4  lam=(23, 6, 3, 3, 1)
  a= 20  lam=(23, 6, 4, 2, 1)
  a=  5  lam=(23, 6, 5, 1, 1)
  a= 10  lam=(23, 7, 2, 2, 2)
  a= 15  lam=(23, 7, 3, 2, 1)
  a=  9  lam=(23, 7, 4, 1, 1)
  a= 10  lam=(23, 8, 2, 2, 1)
  a=  5  lam=(23, 8, 3, 1, 1)
  a=  2  lam=(23, 9, 2, 1, 1)
  a=  6  lam=(24, 4, 4, 2, 2)
  a=  2  lam=(24, 4, 4, 3, 1)
  a=  4  lam=(24, 5, 3, 2, 2)
  a=  2  lam=(24, 5, 3, 3, 1)
  a=  9  lam=(24, 5, 4, 2, 1)
  a=  3  lam=(24, 5, 5, 1, 1)
  a=  9  lam=(24, 6, 2, 2, 2)
  a=  8  lam=(24, 6, 3, 2, 1)
  a=  3  lam=(24, 6, 4, 1, 1)
  a=  6  lam=(24, 7, 2, 2, 1)
  a=  4  lam=(24, 7, 3, 1, 1)
  a=  1  lam=(24, 8, 2, 1, 1)
  a=  2  lam=(25, 4, 3, 2, 2)
  a=  3  lam=(25, 4, 4, 2, 1)
  a=  4  lam=(25, 5, 2, 2, 2)
  a=  4  lam=(25, 5, 3, 2, 1)
  a=  2  lam=(25, 5, 4, 1, 1)
  a=  4  lam=(25, 6, 2, 2, 1)
  a=  1  lam=(25, 6, 3, 1, 1)
  a=  1  lam=(25, 7, 2, 1, 1)
  a=  3  lam=(26, 4, 2, 2, 2)
  a=  1  lam=(26, 4, 3, 2, 1)
  a=  2  lam=(26, 5, 2, 2, 1)
  a=  1  lam=(26, 5, 3, 1, 1)
  a=  1  lam=(27, 3, 2, 2, 2)
  a=  1  lam=(27, 4, 2, 2, 1)
  a=  1  lam=(28, 2, 2, 2, 2)
wrote results/s54_length5_census.json
CENSUS_DONE rc=0
