[     1.3s] weight (16,): nb=1 r=1 (Q ok) nb-r=0 | multilinear 0 rank k=0 = Kostka 0 | 1.0s
[     2.6s] weight (15, 1): nb=1 r=1 (Q ok) nb-r=0 | multilinear 0 rank k=0 = Kostka 0 | 1.0s
[     4.8s] weight (14, 2): nb=2 r=2 (Q ok) nb-r=0 | multilinear 0 rank k=0 = Kostka 0 | 2.0s
[     7.1s] weight (14, 1, 1): nb=2 r=2 (Q ok) nb-r=0 | multilinear 0 rank k=0 = Kostka 0 | 2.0s
[    10.4s] weight (13, 3): nb=3 r=3 (Q ok) nb-r=0 | multilinear 0 rank k=0 = Kostka 0 | 3.0s
[    14.6s] weight (13, 2, 1): nb=4 r=4 (Q ok) nb-r=0 | multilinear 0 rank k=0 = Kostka 0 | 4.0s
[    19.8s] weight (13, 1, 1, 1): nb=5 r=5 (Q ok) nb-r=0 | multilinear 0 rank k=0 = Kostka 0 | 4.9s
[    25.3s] weight (12, 4): nb=5 r=5 (Q ok) nb-r=0 | multilinear 0 rank k=0 = Kostka 0 | 5.2s
[    33.1s] weight (12, 3, 1): nb=7 r=7 (Q ok) nb-r=0 | multilinear 0 rank k=0 = Kostka 0 | 7.4s
[    43.3s] weight (12, 2, 2): nb=9 r=9 (Q ok) nb-r=0 | multilinear 0 rank k=0 = Kostka 0 | 9.7s
[    60.8s] weight (12, 2, 1, 1): nb=11 r=11 (Q ok) nb-r=0 | multilinear 0 rank k=0 = Kostka 0 | 11.7s
[    68.8s] weight (11, 5): nb=5 r=5 (Q ok) nb-r=0 | multilinear 0 rank k=0 = Kostka 0 | 5.4s
[    84.4s] weight (11, 4, 1): nb=10 r=10 (Q ok) nb-r=0 | multilinear 0 rank k=0 = Kostka 0 | 10.8s
[   100.2s] weight (11, 3, 2): nb=14 r=14 (Q ok) nb-r=0 | multilinear 0 rank k=0 = Kostka 0 | 15.4s
[   121.5s] weight (11, 3, 1, 1): nb=19 r=19 (Q ok) nb-r=0 | multilinear 0 rank k=0 = Kostka 0 | 20.7s
[   148.0s] weight (11, 2, 2, 1): nb=24 r=24 (Q ok) nb-r=0 | multilinear 0 rank k=0 = Kostka 0 | 26.0s
[   155.7s] weight (10, 6): nb=7 r=7 (Q ok) nb-r=0 | multilinear 0 rank k=0 = Kostka 0 | 7.4s
[   170.0s] weight (10, 5, 1): nb=13 r=13 (Q ok) nb-r=0 | multilinear 0 rank k=0 = Kostka 0 | 14.0s
[   195.5s] weight (10, 4, 2): nb=22 r=22 (Q ok) nb-r=0 | multilinear 0 rank k=0 = Kostka 0 | 25.1s
[   228.6s] weight (10, 4, 1, 1): nb=29 r=29 (Q ok) nb-r=0 | multilinear 0 rank k=0 = Kostka 0 | 32.5s
[   256.8s] weight (10, 3, 3): nb=24 r=24 (Q ok) nb-r=0 | multilinear 0 rank k=0 = Kostka 0 | 27.5s
[   305.7s] weight (10, 3, 2, 1): nb=42 r=42 (Q ok) nb-r=0 | multilinear 0 rank k=0 = Kostka 0 | 48.2s
[   370.1s] weight (10, 2, 2, 2): nb=55 r=55 (Q ok) nb-r=0 | multilinear 0 rank k=0 = Kostka 0 | 63.8s
[   377.9s] weight (9, 7): nb=7 r=7 (Q ok) nb-r=0 | multilinear 0 rank k=0 = Kostka 0 | 7.5s
[   396.2s] weight (9, 6, 1): nb=16 r=16 (Q ok) nb-r=0 | multilinear 0 rank k=0 = Kostka 0 | 18.0s
[   428.4s] weight (9, 5, 2): nb=27 r=27 (Q ok) nb-r=0 | multilinear 0 rank k=0 = Kostka 0 | 31.6s
[   474.6s] weight (9, 5, 1, 1): nb=38 r=38 (Q ok) nb-r=0 | multilinear 0 rank k=0 = Kostka 0 | 45.4s
[   518.2s] weight (9, 4, 3): nb=35 r=35 (Q ok) nb-r=0 | multilinear 0 rank k=0 = Kostka 0 | 43.0s
[   597.6s] weight (9, 4, 2, 1): nb=63 r=63 (Q ok) nb-r=0 | multilinear 0 rank k=0 = Kostka 0 | 78.4s
[   688.4s] weight (9, 3, 3, 1): nb=72 r=72 (Q ok) nb-r=0 | multilinear 0 rank k=0 = Kostka 0 | 89.8s
[   804.6s] weight (9, 3, 2, 2): nb=92 r=92 (Q ok) nb-r=0 | multilinear 0 rank k=0 = Kostka 0 | 114.7s
[   813.8s] weight (8, 8): nb=8 r=8 (Q ok) nb-r=0 | multilinear 0 rank k=0 = Kostka 0 | 8.9s
[   833.9s] weight (8, 7, 1): nb=17 r=17 (Q ok) nb-r=0 | multilinear 0 rank k=0 = Kostka 0 | 19.7s
[   875.1s] weight (8, 6, 2): nb=33 r=33 (Q ok) nb-r=0 | multilinear 0 rank k=0 = Kostka 0 | 40.5s
[   930.4s] weight (8, 6, 1, 1): nb=45 r=45 (Q ok) nb-r=0 | multilinear 0 rank k=0 = Kostka 0 | 54.5s
[   983.9s] weight (8, 5, 3): nb=43 r=43 (Q ok) nb-r=0 | multilinear 0 rank k=0 = Kostka 0 | 52.8s
[  1086.1s] weight (8, 5, 2, 1): nb=80 r=80 (Q ok) nb-r=0 | multilinear 0 rank k=0 = Kostka 0 | 101.1s
[  1151.2s] weight (8, 4, 4): nb=51 r=51 (Q ok) nb-r=0 | multilinear 0 rank k=0 = Kostka 0 | 64.3s
[  1283.6s] weight (8, 4, 3, 1): nb=104 r=104 (Q ok) nb-r=0 | multilinear 0 rank k=0 = Kostka 0 | 131.0s
[  1458.6s] weight (8, 4, 2, 2): nb=136 r=136 (Q ok) nb-r=0 | multilinear 0 rank k=0 = Kostka 0 | 173.2s
[  1657.4s] weight (8, 3, 3, 2): nb=153 r=153 (Q ok) nb-r=0 | multilinear 0 rank k=0 = Kostka 0 | 197.0s
[  1698.8s] weight (7, 7, 2): nb=33 r=33 (Q ok) nb-r=0 | multilinear 0 rank k=0 = Kostka 0 | 40.9s
[  1757.0s] weight (7, 7, 1, 1): nb=47 r=47 (Q ok) nb-r=0 | multilinear 0 rank k=0 = Kostka 0 | 57.6s
[  1820.5s] weight (7, 6, 3): nb=49 r=49 (Q ok) nb-r=0 | multilinear 0 rank k=0 = Kostka 0 | 62.8s
[  1939.4s] weight (7, 6, 2, 1): nb=91 r=91 (Q ok) nb-r=0 | multilinear 0 rank k=0 = Kostka 0 | 117.8s
[  2015.8s] weight (7, 5, 4): nb=59 r=59 (Q ok) nb-r=0 | multilinear 0 rank k=0 = Kostka 0 | 75.7s
[  2183.4s] weight (7, 5, 3, 1): nb=127 r=127 (Q ok) nb-r=0 | multilinear 0 rank k=0 = Kostka 0 | 166.7s
[  2396.5s] weight (7, 5, 2, 2): nb=164 r=164 (Q ok) nb-r=0 | multilinear 0 rank k=0 = Kostka 0 | 212.8s
[  2589.9s] weight (7, 4, 4, 1): nb=145 r=145 (Q ok) nb-r=0 | multilinear 0 rank k=0 = Kostka 0 | 193.2s
[  2878.1s] weight (7, 4, 3, 2): nb=214 r=214 (Q ok) nb-r=0 | multilinear 0 rank k=0 = Kostka 0 | 287.8s
[  3210.3s] weight (7, 3, 3, 3): nb=246 r=246 (Q ok) nb-r=0 | multilinear 0 rank k=0 = Kostka 0 | 331.9s
[  3296.2s] weight (6, 6, 4): nb=66 r=66 (Q ok) nb-r=0 | multilinear 0 rank k=0 = Kostka 0 | 85.7s
[  3481.4s] weight (6, 6, 3, 1): nb=138 r=138 (Q ok) nb-r=0 | multilinear 0 rank k=0 = Kostka 0 | 184.9s
[  3725.0s] weight (6, 6, 2, 2): nb=180 r=180 (Q ok) nb-r=0 | multilinear 0 rank k=0 = Kostka 0 | 243.2s
[  3814.2s] weight (6, 5, 5): nb=68 r=68 (Q ok) nb-r=0 | multilinear 0 rank k=0 = Kostka 0 | 89.0s
[  4044.4s] weight (6, 5, 4, 1): nb=169 r=169 (Q ok) nb-r=0 | multilinear 0 rank k=0 = Kostka 0 | 229.9s
[  4381.0s] weight (6, 5, 3, 2): nb=250 r=250 (Q ok) nb-r=0 | multilinear 0 rank k=0 = Kostka 0 | 336.2s
[  4764.1s] weight (6, 4, 4, 2): nb=288 r=288 (Q ok) nb-r=0 | multilinear 0 rank k=0 = Kostka 0 | 382.7s
[  5203.0s] weight (6, 4, 3, 3): nb=328 r=328 (Q ok) nb-r=0 | multilinear 0 rank k=0 = Kostka 0 | 438.4s
[  5446.8s] weight (5, 5, 5, 1): nb=182 r=182 (Q ok) nb-r=0 | multilinear 0 rank k=0 = Kostka 0 | 243.5s
[  5869.0s] weight (5, 5, 4, 2): nb=308 r=308 (Q ok) nb-r=0 | multilinear 0 rank k=0 = Kostka 0 | 421.8s
[  6354.1s] weight (5, 5, 3, 3): nb=354 r=354 (Q ok) nb-r=0 | multilinear 0 rank k=0 = Kostka 0 | 484.6s
[  6901.2s] weight (5, 4, 4, 3): nb=404 r=404 (Q ok) nb-r=0 | multilinear 0 rank k=0 = Kostka 0 | 546.5s
[  7552.3s] weight (4, 4, 4, 4): nb=465 r=465 (Q ok) nb-r=0 | multilinear 1 rank k=1 = Kostka 1 | 650.5s
[  7552.7s] cell (16,): a=1 m=1 sk=1
[  7552.7s] cell (14, 2): a=1 m=1 sk=1
[  7552.7s] cell (13, 3): a=1 m=1 sk=1
[  7552.7s] cell (12, 4): a=2 m=2 sk=2
[  7552.7s] cell (12, 2, 2): a=1 m=1 sk=2
[  7552.7s] cell (11, 4, 1): a=1 m=1 sk=1
[  7552.7s] cell (11, 3, 2): a=1 m=1 sk=2
[  7552.7s] cell (10, 6): a=2 m=2 sk=2
[  7552.7s] cell (10, 5, 1): a=1 m=1 sk=1
[  7552.7s] cell (10, 4, 2): a=2 m=2 sk=4
[  7552.7s] cell (10, 2, 2, 2): a=1 m=1 sk=5
[  7552.7s] cell (9, 6, 1): a=1 m=1 sk=1
[  7552.7s] cell (9, 5, 2): a=1 m=1 sk=2
[  7552.7s] cell (9, 4, 3): a=1 m=1 sk=2
[  7552.7s] cell (9, 4, 2, 1): a=1 m=1 sk=5
[  7552.7s] cell (8, 8): a=1 m=1 sk=1
[  7552.7s] cell (8, 6, 2): a=2 m=2 sk=4
[  7552.7s] cell (8, 5, 2, 1): a=1 m=1 sk=5
[  7552.8s] cell (8, 4, 4): a=2 m=2 sk=5
[  7552.8s] cell (8, 4, 2, 2): a=1 m=1 sk=11
[  7552.8s] cell (7, 7, 1, 1): a=1 m=1 sk=1
[  7552.8s] cell (7, 6, 3): a=1 m=1 sk=2
[  7552.8s] cell (7, 5, 3, 1): a=1 m=1 sk=5
[  7552.8s] cell (7, 4, 4, 1): a=1 m=1 sk=5
[  7552.8s] cell (6, 6, 4): a=1 m=1 sk=3
[  7552.8s] cell (6, 6, 2, 2): a=1 m=1 sk=7
[  7552.8s] cell (6, 4, 4, 2): a=1 m=1 sk=10
[  7552.8s] cell (4, 4, 4, 4): a=1 m=1 sk=4
[  7552.8s] sum a f = 2627625, sum m f = 2627625, |H| = 2627625
[  7552.8s] written s56_weights_d4.json
