PASS        results/certs/s56_beta_d2.json  (0.0s)  Foulkes engine delta=2: beta = K compose K (35x35), Gram of Theta^+(pi)=eps_pi(x)eps_pi, full rank 35 = |H_(4,2)|; Theta^+ injective so i_det=0, mult_det=a at every delta=2 cell
    [ok  ] shape — 35x35
    [ok  ] rank over Q (exact, multimodular certificate) — computed 35 (0 certificate primes), claimed 35
    [ok  ] rank mod 2147483647 — computed 35, claimed 35
    [ok  ] rank mod 2147483629 — computed 35, claimed 35
    [ok  ] mod-p ranks do not exceed the rank over Q
    [ok  ] minor 35x35 is nonzero over Z — det = 7473976755568905166499307382176673587773702342333583444359272618448228720825577606007765171037825076232742843717084182919892033759829032960000000000000000000000000000000000000000000000000000000
PASS        results/certs/s56_bmu_d3_4_4_4.json  (0.0s)  Foulkes engine delta=3, weight (4, 4, 4): b^mu = Gram of Theta^+ on the 23 weight-(4, 4, 4) monomials of H_(4,3), full rank 23; Theta^+ injective on this weight space (i_det=0)
    [ok  ] shape — 23x23
    [ok  ] rank over Q (exact, multimodular certificate) — computed 23 (0 certificate primes), claimed 23
    [ok  ] rank mod 2147483647 — computed 23, claimed 23
    [ok  ] rank mod 2147483629 — computed 23, claimed 23
    [ok  ] mod-p ranks do not exceed the rank over Q
    [ok  ] minor 23x23 is nonzero over Z — det = 10215991977768247249458740778012740710288179389177216870508580760341422632778461390211864018162327151075630374505789442528627423645466309427200000000000000000000000000000000000000000000000000000000
PASS        results/certs/s56_bmu_d3_6_4_2.json  (0.0s)  Foulkes engine delta=3, weight (6, 4, 2): b^mu = Gram of Theta^+ on the 15 weight-(6, 4, 2) monomials of H_(4,3), full rank 15; Theta^+ injective on this weight space (i_det=0)
    [ok  ] shape — 15x15
    [ok  ] rank over Q (exact, multimodular certificate) — computed 15 (0 certificate primes), claimed 15
    [ok  ] rank mod 2147483647 — computed 15, claimed 15
    [ok  ] rank mod 2147483629 — computed 15, claimed 15
    [ok  ] mod-p ranks do not exceed the rank over Q
    [ok  ] minor 15x15 is nonzero over Z — det = 1510109146520613053706341232496545228489363910986112349141817921159021490180432192343994531840000000000000000000000000000000000000
PASS        results/certs/s56_bmu_d3_8_2_2.json  (0.0s)  Foulkes engine delta=3, weight (8, 2, 2): b^mu = Gram of Theta^+ on the 8 weight-(8, 2, 2) monomials of H_(4,3), full rank 8; Theta^+ injective on this weight space (i_det=0)
    [ok  ] shape — 8x8
    [ok  ] rank over Q (exact, multimodular certificate) — computed 8 (0 certificate primes), claimed 8
    [ok  ] rank mod 2147483647 — computed 8, claimed 8
    [ok  ] rank mod 2147483629 — computed 8, claimed 8
    [ok  ] mod-p ranks do not exceed the rank over Q
    [ok  ] minor 8x8 is nonzero over Z — det = 16457678946039767385213370361947638753123467526144000000000000000000000
PASS        results/certs/s56_bmu_d4_4_4_4_4.json  (0.4s)  Foulkes engine delta=4, weight (4, 4, 4, 4): b^mu = Gram of Theta^+ on the 465 weight-(4, 4, 4, 4) monomials of H_(4,4), full rank 465; Theta^+ injective on this weight space (i_det=0)
    [ok  ] shape — 465x465
    [ok  ] rank over Q (exact, multimodular certificate) — computed 465 (1 certificate primes), claimed 465
    [ok  ] rank mod 2147483647 — computed 465, claimed 465
    [ok  ] rank mod 2147483629 — computed 465, claimed 465
    [ok  ] mod-p ranks do not exceed the rank over Q
    [ok  ] nullity zero modulo 2147483647 — rank 465 of 465 columns at prime 2147483647
PASS        results/certs/s56_bmu_d4_6_4_4_2.json  (0.1s)  Foulkes engine delta=4, weight (6, 4, 4, 2): b^mu = Gram of Theta^+ on the 288 weight-(6, 4, 4, 2) monomials of H_(4,4), full rank 288; Theta^+ injective on this weight space (i_det=0)
    [ok  ] shape — 288x288
    [ok  ] rank over Q (exact, multimodular certificate) — computed 288 (1 certificate primes), claimed 288
    [ok  ] rank mod 2147483647 — computed 288, claimed 288
    [ok  ] rank mod 2147483629 — computed 288, claimed 288
    [ok  ] mod-p ranks do not exceed the rank over Q
    [ok  ] nullity zero modulo 2147483647 — rank 288 of 288 columns at prime 2147483647
PASS        results/certs/s56_bmu_d4_8_4_4.json  (0.0s)  Foulkes engine delta=4, weight (8, 4, 4): b^mu = Gram of Theta^+ on the 51 weight-(8, 4, 4) monomials of H_(4,4), full rank 51; Theta^+ injective on this weight space (i_det=0)
    [ok  ] shape — 51x51
    [ok  ] rank over Q (exact, multimodular certificate) — computed 51 (1 certificate primes), claimed 51
    [ok  ] rank mod 2147483647 — computed 51, claimed 51
    [ok  ] rank mod 2147483629 — computed 51, claimed 51
    [ok  ] mod-p ranks do not exceed the rank over Q
    [ok  ] minor 51x51 is nonzero over Z — det = 130888591796396541521178868764435494596861803042034541961609361316431340942109903197888593159462882127091267019681492374810930297309242585767662311411827973538897049989033974155754218496808845568934542356313349358171039213202515927208252794713067338384681504749790650158444369458450863907688707313124003015499285365936470643543387620609733615234072209197303452153256211388968658582603918895268110669941418231333732329668578823240175448027771699200000000000000000000000000000000000000000000000000000000000000000000000000000000000000000000000000000000000000000000000000000000000000000000000000000000000
PASS        results/certs/s56_signedK_d2.json  (0.0s)  Foulkes engine delta=2: signed Gram matrix K(pi,pi')=<eps_pi,eps_pi'> (35x35) has rank f_(2^4)=14 = dim[2^4]; H_(4,2) surjects onto the rectangular Specht module
    [ok  ] shape — 35x35
    [ok  ] rank over Q (exact, multimodular certificate) — computed 14 (0 certificate primes), claimed 14
    [ok  ] rank mod 2147483647 — computed 14, claimed 14
    [ok  ] rank mod 2147483629 — computed 14, claimed 14
    [ok  ] mod-p ranks do not exceed the rank over Q
    [ok  ] minor 14x14 is nonzero over Z — det = 323108661091869508239360000000000000
PASS        results/certs/10_8_7_1_1_1_d7_int.json.gz  (1.5s)  s42/s47 lift: 1 integer HWV(s) of weight (10, 8, 7, 1, 1, 1) in degree 7 in I(R_6)
    [ok  ] cell: n = 4 — n = 4
    [ok  ] cell: length(lambda) = r — lambda (10, 8, 7, 1, 1, 1), r 6
    [ok  ] cell: lambda weakly decreasing
    [ok  ] cell: |lambda| = n*delta — 28 vs 4*7
    [ok  ] cell: a recomputed (Weyl alternation) — recomputed 3, claimed 3
    [ok  ] vectors parsed — 1 vector(s), supports [16344], integer coefficients
    [ok  ] vector 0: shape, degree, canonical terms, weight = lambda
    [ok  ] vector 0: annihilated by every E_(i,i+1) over Z
    [ok  ] vectors linearly independent — rank 1 over Q (flint, exact)
    [ok  ] vector 0: (star) support for k = 1 (Theorem (star): lies in I({l^1 c}))
    [ok  ] vanishes at 6 fresh padded_permanent points (seed 20260905)
    [ok  ] vanishes at 6 fresh reducible points (seed 20260905)
    [ok  ] evaluation at 6 fresh generic points (seed 20260905) has full row rank — rank 1 of 1
    [ok  ] evaluation at 6 fresh det_pencil points (seed 20260905) has full row rank — rank 1 of 1
PASS        results/certs/11_10_8_1_1_1_d8_pad_p2147483629_vec1_modp.json.gz  (7.9s)  s41/s43 pad-side kernel vector: mod-2147483629 HWV of weight (11, 10, 8, 1, 1, 1) in degree 8 vanishing on the pad side (11_10_8_1_1_1_d8_pad_p2147483629_vec1)
    [ok  ] cell: n = 4 — n = 4
    [ok  ] cell: length(lambda) = r — lambda (11, 10, 8, 1, 1, 1), r 6
    [ok  ] cell: lambda weakly decreasing
    [ok  ] cell: |lambda| = n*delta — 32 vs 4*8
    [ok  ] cell: a recomputed (Weyl alternation) — recomputed 4, claimed 4
    [ok  ] vectors parsed — 1 vector(s), supports [72948], modulus 2147483629
    [ok  ] vector 0: shape, degree, canonical terms, weight = lambda
    [ok  ] vector 0: annihilated by every E_(i,i+1) mod 2147483629
    [ok  ] vectors linearly independent — rank 1 mod 2147483629
    [ok  ] vector 0: (star) support for k = 1 (Theorem (star): lies in I({l^1 c}))
    [ok  ] vanishes at 6 fresh padded_permanent points (seed 20260905)
    [ok  ] vanishes at 6 fresh reducible points (seed 20260905)
    [ok  ] evaluation at 6 fresh generic points (seed 20260905) has full row rank — rank 1 of 1
    [ok  ] evaluation at 6 fresh det_pencil points (seed 20260905) has full row rank — rank 1 of 1
PASS        results/certs/11_10_8_1_1_1_d8_pad_p2147483629_vec2_modp.json.gz  (8.5s)  s41/s43 pad-side kernel vector: mod-2147483629 HWV of weight (11, 10, 8, 1, 1, 1) in degree 8 vanishing on the pad side (11_10_8_1_1_1_d8_pad_p2147483629_vec2)
    [ok  ] cell: n = 4 — n = 4
    [ok  ] cell: length(lambda) = r — lambda (11, 10, 8, 1, 1, 1), r 6
    [ok  ] cell: lambda weakly decreasing
    [ok  ] cell: |lambda| = n*delta — 32 vs 4*8
    [ok  ] cell: a recomputed (Weyl alternation) — recomputed 4, claimed 4
    [ok  ] vectors parsed — 1 vector(s), supports [84720], modulus 2147483629
    [ok  ] vector 0: shape, degree, canonical terms, weight = lambda
    [ok  ] vector 0: annihilated by every E_(i,i+1) mod 2147483629
    [ok  ] vectors linearly independent — rank 1 mod 2147483629
    [ok  ] vector 0: (star) support for k = 1 (Theorem (star): lies in I({l^1 c}))
    [ok  ] vanishes at 6 fresh padded_permanent points (seed 20260905)
    [ok  ] vanishes at 6 fresh reducible points (seed 20260905)
    [ok  ] evaluation at 6 fresh generic points (seed 20260905) has full row rank — rank 1 of 1
    [ok  ] evaluation at 6 fresh det_pencil points (seed 20260905) has full row rank — rank 1 of 1
PASS        results/certs/11_10_8_1_1_1_d8_pad_p2147483647_vec1_modp.json.gz  (7.1s)  s41/s43 pad-side kernel vector: mod-2147483647 HWV of weight (11, 10, 8, 1, 1, 1) in degree 8 vanishing on the pad side (11_10_8_1_1_1_d8_pad_p2147483647_vec1)
    [ok  ] cell: n = 4 — n = 4
    [ok  ] cell: length(lambda) = r — lambda (11, 10, 8, 1, 1, 1), r 6
    [ok  ] cell: lambda weakly decreasing
    [ok  ] cell: |lambda| = n*delta — 32 vs 4*8
    [ok  ] cell: a recomputed (Weyl alternation) — recomputed 4, claimed 4
    [ok  ] vectors parsed — 1 vector(s), supports [72948], modulus 2147483647
    [ok  ] vector 0: shape, degree, canonical terms, weight = lambda
    [ok  ] vector 0: annihilated by every E_(i,i+1) mod 2147483647
    [ok  ] vectors linearly independent — rank 1 mod 2147483647
    [ok  ] vector 0: (star) support for k = 1 (Theorem (star): lies in I({l^1 c}))
    [ok  ] vanishes at 6 fresh padded_permanent points (seed 20260905)
    [ok  ] vanishes at 6 fresh reducible points (seed 20260905)
    [ok  ] evaluation at 6 fresh generic points (seed 20260905) has full row rank — rank 1 of 1
    [ok  ] evaluation at 6 fresh det_pencil points (seed 20260905) has full row rank — rank 1 of 1
PASS        results/certs/11_10_8_1_1_1_d8_pad_p2147483647_vec2_modp.json.gz  (8.2s)  s41/s43 pad-side kernel vector: mod-2147483647 HWV of weight (11, 10, 8, 1, 1, 1) in degree 8 vanishing on the pad side (11_10_8_1_1_1_d8_pad_p2147483647_vec2)
    [ok  ] cell: n = 4 — n = 4
    [ok  ] cell: length(lambda) = r — lambda (11, 10, 8, 1, 1, 1), r 6
    [ok  ] cell: lambda weakly decreasing
    [ok  ] cell: |lambda| = n*delta — 32 vs 4*8
    [ok  ] cell: a recomputed (Weyl alternation) — recomputed 4, claimed 4
    [ok  ] vectors parsed — 1 vector(s), supports [84720], modulus 2147483647
    [ok  ] vector 0: shape, degree, canonical terms, weight = lambda
    [ok  ] vector 0: annihilated by every E_(i,i+1) mod 2147483647
    [ok  ] vectors linearly independent — rank 1 mod 2147483647
    [ok  ] vector 0: (star) support for k = 1 (Theorem (star): lies in I({l^1 c}))
    [ok  ] vanishes at 6 fresh padded_permanent points (seed 20260905)
    [ok  ] vanishes at 6 fresh reducible points (seed 20260905)
    [ok  ] evaluation at 6 fresh generic points (seed 20260905) has full row rank — rank 1 of 1
    [ok  ] evaluation at 6 fresh det_pencil points (seed 20260905) has full row rank — rank 1 of 1
PASS        results/certs/11_9_9_1_1_1_d8_int.json.gz  (14.4s)  s42/s47 lift: 2 integer HWV(s) of weight (11, 9, 9, 1, 1, 1) in degree 8 in I(R_6)
    [ok  ] cell: n = 4 — n = 4
    [ok  ] cell: length(lambda) = r — lambda (11, 9, 9, 1, 1, 1), r 6
    [ok  ] cell: lambda weakly decreasing
    [ok  ] cell: |lambda| = n*delta — 32 vs 4*8
    [ok  ] cell: a recomputed (Weyl alternation) — recomputed 3, claimed 3
    [ok  ] vectors parsed — 2 vector(s), supports [85296, 66756], integer coefficients
    [ok  ] vector 0: shape, degree, canonical terms, weight = lambda
    [ok  ] vector 0: annihilated by every E_(i,i+1) over Z
    [ok  ] vector 1: shape, degree, canonical terms, weight = lambda
    [ok  ] vector 1: annihilated by every E_(i,i+1) over Z
    [ok  ] vectors linearly independent — rank 2 over Q (flint, exact)
    [ok  ] vector 0: (star) support for k = 1 (Theorem (star): lies in I({l^1 c}))
    [ok  ] vector 1: (star) support for k = 1 (Theorem (star): lies in I({l^1 c}))
    [ok  ] vanishes at 6 fresh padded_permanent points (seed 20260905)
    [ok  ] vanishes at 6 fresh reducible points (seed 20260905)
    [ok  ] evaluation at 6 fresh generic points (seed 20260905) has full row rank — rank 2 of 2
    [ok  ] evaluation at 6 fresh det_pencil points (seed 20260905) has full row rank — rank 2 of 2
PASS        results/certs/11_9_9_1_1_1_d8_pad_p2147483629_vec1_modp.json.gz  (8.3s)  s41/s43 pad-side kernel vector: mod-2147483629 HWV of weight (11, 9, 9, 1, 1, 1) in degree 8 vanishing on the pad side (11_9_9_1_1_1_d8_pad_p2147483629_vec1)
    [ok  ] cell: n = 4 — n = 4
    [ok  ] cell: length(lambda) = r — lambda (11, 9, 9, 1, 1, 1), r 6
    [ok  ] cell: lambda weakly decreasing
    [ok  ] cell: |lambda| = n*delta — 32 vs 4*8
    [ok  ] cell: a recomputed (Weyl alternation) — recomputed 3, claimed 3
    [ok  ] vectors parsed — 1 vector(s), supports [85746], modulus 2147483629
    [ok  ] vector 0: shape, degree, canonical terms, weight = lambda
    [ok  ] vector 0: annihilated by every E_(i,i+1) mod 2147483629
    [ok  ] vectors linearly independent — rank 1 mod 2147483629
    [ok  ] vector 0: (star) support for k = 1 (Theorem (star): lies in I({l^1 c}))
    [ok  ] vanishes at 6 fresh padded_permanent points (seed 20260905)
    [ok  ] vanishes at 6 fresh reducible points (seed 20260905)
    [ok  ] evaluation at 6 fresh generic points (seed 20260905) has full row rank — rank 1 of 1
    [ok  ] evaluation at 6 fresh det_pencil points (seed 20260905) has full row rank — rank 1 of 1
PASS        results/certs/11_9_9_1_1_1_d8_pad_p2147483629_vec2_modp.json.gz  (7.2s)  s41/s43 pad-side kernel vector: mod-2147483629 HWV of weight (11, 9, 9, 1, 1, 1) in degree 8 vanishing on the pad side (11_9_9_1_1_1_d8_pad_p2147483629_vec2)
    [ok  ] cell: n = 4 — n = 4
    [ok  ] cell: length(lambda) = r — lambda (11, 9, 9, 1, 1, 1), r 6
    [ok  ] cell: lambda weakly decreasing
    [ok  ] cell: |lambda| = n*delta — 32 vs 4*8
    [ok  ] cell: a recomputed (Weyl alternation) — recomputed 3, claimed 3
    [ok  ] vectors parsed — 1 vector(s), supports [73278], modulus 2147483629
    [ok  ] vector 0: shape, degree, canonical terms, weight = lambda
    [ok  ] vector 0: annihilated by every E_(i,i+1) mod 2147483629
    [ok  ] vectors linearly independent — rank 1 mod 2147483629
    [ok  ] vector 0: (star) support for k = 1 (Theorem (star): lies in I({l^1 c}))
    [ok  ] vanishes at 6 fresh padded_permanent points (seed 20260905)
    [ok  ] vanishes at 6 fresh reducible points (seed 20260905)
    [ok  ] evaluation at 6 fresh generic points (seed 20260905) has full row rank — rank 1 of 1
    [ok  ] evaluation at 6 fresh det_pencil points (seed 20260905) has full row rank — rank 1 of 1
PASS        results/certs/11_9_9_1_1_1_d8_pad_p2147483647_vec1_modp.json.gz  (8.2s)  s41/s43 pad-side kernel vector: mod-2147483647 HWV of weight (11, 9, 9, 1, 1, 1) in degree 8 vanishing on the pad side (11_9_9_1_1_1_d8_pad_p2147483647_vec1)
    [ok  ] cell: n = 4 — n = 4
    [ok  ] cell: length(lambda) = r — lambda (11, 9, 9, 1, 1, 1), r 6
    [ok  ] cell: lambda weakly decreasing
    [ok  ] cell: |lambda| = n*delta — 32 vs 4*8
    [ok  ] cell: a recomputed (Weyl alternation) — recomputed 3, claimed 3
    [ok  ] vectors parsed — 1 vector(s), supports [85746], modulus 2147483647
    [ok  ] vector 0: shape, degree, canonical terms, weight = lambda
    [ok  ] vector 0: annihilated by every E_(i,i+1) mod 2147483647
    [ok  ] vectors linearly independent — rank 1 mod 2147483647
    [ok  ] vector 0: (star) support for k = 1 (Theorem (star): lies in I({l^1 c}))
    [ok  ] vanishes at 6 fresh padded_permanent points (seed 20260905)
    [ok  ] vanishes at 6 fresh reducible points (seed 20260905)
    [ok  ] evaluation at 6 fresh generic points (seed 20260905) has full row rank — rank 1 of 1
    [ok  ] evaluation at 6 fresh det_pencil points (seed 20260905) has full row rank — rank 1 of 1
PASS        results/certs/11_9_9_1_1_1_d8_pad_p2147483647_vec2_modp.json.gz  (7.0s)  s41/s43 pad-side kernel vector: mod-2147483647 HWV of weight (11, 9, 9, 1, 1, 1) in degree 8 vanishing on the pad side (11_9_9_1_1_1_d8_pad_p2147483647_vec2)
    [ok  ] cell: n = 4 — n = 4
    [ok  ] cell: length(lambda) = r — lambda (11, 9, 9, 1, 1, 1), r 6
    [ok  ] cell: lambda weakly decreasing
    [ok  ] cell: |lambda| = n*delta — 32 vs 4*8
    [ok  ] cell: a recomputed (Weyl alternation) — recomputed 3, claimed 3
    [ok  ] vectors parsed — 1 vector(s), supports [73278], modulus 2147483647
    [ok  ] vector 0: shape, degree, canonical terms, weight = lambda
    [ok  ] vector 0: annihilated by every E_(i,i+1) mod 2147483647
    [ok  ] vectors linearly independent — rank 1 mod 2147483647
    [ok  ] vector 0: (star) support for k = 1 (Theorem (star): lies in I({l^1 c}))
    [ok  ] vanishes at 6 fresh padded_permanent points (seed 20260905)
    [ok  ] vanishes at 6 fresh reducible points (seed 20260905)
    [ok  ] evaluation at 6 fresh generic points (seed 20260905) has full row rank — rank 1 of 1
    [ok  ] evaluation at 6 fresh det_pencil points (seed 20260905) has full row rank — rank 1 of 1
PASS        results/certs/12_10_7_1_1_1_d8_int.json.gz  (9.1s)  s42/s47 lift: 2 integer HWV(s) of weight (12, 10, 7, 1, 1, 1) in degree 8 in I(R_6)
    [ok  ] cell: n = 4 — n = 4
    [ok  ] cell: length(lambda) = r — lambda (12, 10, 7, 1, 1, 1), r 6
    [ok  ] cell: lambda weakly decreasing
    [ok  ] cell: |lambda| = n*delta — 32 vs 4*8
    [ok  ] cell: a recomputed (Weyl alternation) — recomputed 9, claimed 9
    [ok  ] vectors parsed — 2 vector(s), supports [39216, 62820], integer coefficients
    [ok  ] vector 0: shape, degree, canonical terms, weight = lambda
    [ok  ] vector 0: annihilated by every E_(i,i+1) over Z
    [ok  ] vector 1: shape, degree, canonical terms, weight = lambda
    [ok  ] vector 1: annihilated by every E_(i,i+1) over Z
    [ok  ] vectors linearly independent — rank 2 over Q (flint, exact)
    [ok  ] vector 0: (star) support for k = 1 (Theorem (star): lies in I({l^1 c}))
    [ok  ] vector 1: (star) support for k = 1 (Theorem (star): lies in I({l^1 c}))
    [ok  ] vanishes at 6 fresh padded_permanent points (seed 20260905)
    [ok  ] vanishes at 6 fresh reducible points (seed 20260905)
    [ok  ] evaluation at 6 fresh generic points (seed 20260905) has full row rank — rank 2 of 2
    [ok  ] evaluation at 6 fresh det_pencil points (seed 20260905) has full row rank — rank 2 of 2
PASS        results/certs/12_10_7_1_1_1_d8_pad_p2147483629_vec1_modp.json.gz  (3.9s)  s41/s43 pad-side kernel vector: mod-2147483629 HWV of weight (12, 10, 7, 1, 1, 1) in degree 8 vanishing on the pad side (12_10_7_1_1_1_d8_pad_p2147483629_vec1)
    [ok  ] cell: n = 4 — n = 4
    [ok  ] cell: length(lambda) = r — lambda (12, 10, 7, 1, 1, 1), r 6
    [ok  ] cell: lambda weakly decreasing
    [ok  ] cell: |lambda| = n*delta — 32 vs 4*8
    [ok  ] cell: a recomputed (Weyl alternation) — recomputed 9, claimed 9
    [ok  ] vectors parsed — 1 vector(s), supports [39216], modulus 2147483629
    [ok  ] vector 0: shape, degree, canonical terms, weight = lambda
    [ok  ] vector 0: annihilated by every E_(i,i+1) mod 2147483629
    [ok  ] vectors linearly independent — rank 1 mod 2147483629
    [ok  ] vector 0: (star) support for k = 1 (Theorem (star): lies in I({l^1 c}))
    [ok  ] vanishes at 6 fresh padded_permanent points (seed 20260905)
    [ok  ] vanishes at 6 fresh reducible points (seed 20260905)
    [ok  ] evaluation at 6 fresh generic points (seed 20260905) has full row rank — rank 1 of 1
    [ok  ] evaluation at 6 fresh det_pencil points (seed 20260905) has full row rank — rank 1 of 1
PASS        results/certs/12_10_7_1_1_1_d8_pad_p2147483629_vec2_modp.json.gz  (6.6s)  s41/s43 pad-side kernel vector: mod-2147483629 HWV of weight (12, 10, 7, 1, 1, 1) in degree 8 vanishing on the pad side (12_10_7_1_1_1_d8_pad_p2147483629_vec2)
    [ok  ] cell: n = 4 — n = 4
    [ok  ] cell: length(lambda) = r — lambda (12, 10, 7, 1, 1, 1), r 6
    [ok  ] cell: lambda weakly decreasing
    [ok  ] cell: |lambda| = n*delta — 32 vs 4*8
    [ok  ] cell: a recomputed (Weyl alternation) — recomputed 9, claimed 9
    [ok  ] vectors parsed — 1 vector(s), supports [66798], modulus 2147483629
    [ok  ] vector 0: shape, degree, canonical terms, weight = lambda
    [ok  ] vector 0: annihilated by every E_(i,i+1) mod 2147483629
    [ok  ] vectors linearly independent — rank 1 mod 2147483629
    [ok  ] vector 0: (star) support for k = 1 (Theorem (star): lies in I({l^1 c}))
    [ok  ] vanishes at 6 fresh padded_permanent points (seed 20260905)
    [ok  ] vanishes at 6 fresh reducible points (seed 20260905)
    [ok  ] evaluation at 6 fresh generic points (seed 20260905) has full row rank — rank 1 of 1
    [ok  ] evaluation at 6 fresh det_pencil points (seed 20260905) has full row rank — rank 1 of 1
PASS        results/certs/12_10_7_1_1_1_d8_pad_p2147483647_vec1_modp.json.gz  (4.0s)  s41/s43 pad-side kernel vector: mod-2147483647 HWV of weight (12, 10, 7, 1, 1, 1) in degree 8 vanishing on the pad side (12_10_7_1_1_1_d8_pad_p2147483647_vec1)
    [ok  ] cell: n = 4 — n = 4
    [ok  ] cell: length(lambda) = r — lambda (12, 10, 7, 1, 1, 1), r 6
    [ok  ] cell: lambda weakly decreasing
    [ok  ] cell: |lambda| = n*delta — 32 vs 4*8
    [ok  ] cell: a recomputed (Weyl alternation) — recomputed 9, claimed 9
    [ok  ] vectors parsed — 1 vector(s), supports [39216], modulus 2147483647
    [ok  ] vector 0: shape, degree, canonical terms, weight = lambda
    [ok  ] vector 0: annihilated by every E_(i,i+1) mod 2147483647
    [ok  ] vectors linearly independent — rank 1 mod 2147483647
    [ok  ] vector 0: (star) support for k = 1 (Theorem (star): lies in I({l^1 c}))
    [ok  ] vanishes at 6 fresh padded_permanent points (seed 20260905)
    [ok  ] vanishes at 6 fresh reducible points (seed 20260905)
    [ok  ] evaluation at 6 fresh generic points (seed 20260905) has full row rank — rank 1 of 1
    [ok  ] evaluation at 6 fresh det_pencil points (seed 20260905) has full row rank — rank 1 of 1
PASS        results/certs/12_10_7_1_1_1_d8_pad_p2147483647_vec2_modp.json.gz  (6.8s)  s41/s43 pad-side kernel vector: mod-2147483647 HWV of weight (12, 10, 7, 1, 1, 1) in degree 8 vanishing on the pad side (12_10_7_1_1_1_d8_pad_p2147483647_vec2)
    [ok  ] cell: n = 4 — n = 4
    [ok  ] cell: length(lambda) = r — lambda (12, 10, 7, 1, 1, 1), r 6
    [ok  ] cell: lambda weakly decreasing
    [ok  ] cell: |lambda| = n*delta — 32 vs 4*8
    [ok  ] cell: a recomputed (Weyl alternation) — recomputed 9, claimed 9
    [ok  ] vectors parsed — 1 vector(s), supports [66798], modulus 2147483647
    [ok  ] vector 0: shape, degree, canonical terms, weight = lambda
    [ok  ] vector 0: annihilated by every E_(i,i+1) mod 2147483647
    [ok  ] vectors linearly independent — rank 1 mod 2147483647
    [ok  ] vector 0: (star) support for k = 1 (Theorem (star): lies in I({l^1 c}))
    [ok  ] vanishes at 6 fresh padded_permanent points (seed 20260905)
    [ok  ] vanishes at 6 fresh reducible points (seed 20260905)
    [ok  ] evaluation at 6 fresh generic points (seed 20260905) has full row rank — rank 1 of 1
    [ok  ] evaluation at 6 fresh det_pencil points (seed 20260905) has full row rank — rank 1 of 1
PASS        results/certs/12_4_4_4_4_d7_int.json.gz  (1.4s)  s42/s47 lift: 1 integer HWV(s) of weight (12, 4, 4, 4, 4) in degree 7 in I(R_5)
    [ok  ] cell: n = 4 — n = 4
    [ok  ] cell: length(lambda) = r — lambda (12, 4, 4, 4, 4), r 5
    [ok  ] cell: lambda weakly decreasing
    [ok  ] cell: |lambda| = n*delta — 28 vs 4*7
    [ok  ] cell: a recomputed (Weyl alternation) — recomputed 4, claimed 4
    [ok  ] vectors parsed — 1 vector(s), supports [19834], integer coefficients
    [ok  ] vector 0: shape, degree, canonical terms, weight = lambda
    [ok  ] vector 0: annihilated by every E_(i,i+1) over Z
    [ok  ] vectors linearly independent — rank 1 over Q (flint, exact)
    [ok  ] vector 0: (star) support for k = 1 (Theorem (star): lies in I({l^1 c}))
    [ok  ] vanishes at 6 fresh padded_permanent points (seed 20260905)
    [ok  ] vanishes at 6 fresh reducible points (seed 20260905)
    [ok  ] evaluation at 6 fresh generic points (seed 20260905) has full row rank — rank 1 of 1
    [ok  ] evaluation at 6 fresh det_pencil points (seed 20260905) has full row rank — rank 1 of 1
PASS        results/certs/12_8_8_1_1_1_1_d8_int.json.gz  (21.2s)  s42/s47 lift: 2 integer HWV(s) of weight (12, 8, 8, 1, 1, 1, 1) in degree 8 in I(R_7)
    [ok  ] cell: n = 4 — n = 4
    [ok  ] cell: length(lambda) = r — lambda (12, 8, 8, 1, 1, 1, 1), r 7
    [ok  ] cell: lambda weakly decreasing
    [ok  ] cell: |lambda| = n*delta — 32 vs 4*8
    [ok  ] cell: a recomputed (Weyl alternation) — recomputed 2, claimed 2
    [ok  ] vectors parsed — 2 vector(s), supports [82848, 107160], integer coefficients
    [ok  ] vector 0: shape, degree, canonical terms, weight = lambda
    [ok  ] vector 0: annihilated by every E_(i,i+1) over Z
    [ok  ] vector 1: shape, degree, canonical terms, weight = lambda
    [ok  ] vector 1: annihilated by every E_(i,i+1) over Z
    [ok  ] vectors linearly independent — rank 2 over Q (lower bound from primes [2, 2]; equals the count so exact)
    [ok  ] vector 0: (star) support for k = 1 (Theorem (star): lies in I({l^1 c}))
    [ok  ] vector 1: (star) support for k = 1 (Theorem (star): lies in I({l^1 c}))
    [ok  ] vanishes at 6 fresh padded_permanent points (seed 20260905)
    [ok  ] vanishes at 6 fresh reducible points (seed 20260905)
    [ok  ] evaluation at 6 fresh generic points (seed 20260905) has full row rank — rank 2 of 2
PASS        results/certs/12_9_8_1_1_1_d8_int.json.gz  (13.1s)  s42/s47 lift: 2 integer HWV(s) of weight (12, 9, 8, 1, 1, 1) in degree 8 in I(R_6)
    [ok  ] cell: n = 4 — n = 4
    [ok  ] cell: length(lambda) = r — lambda (12, 9, 8, 1, 1, 1), r 6
    [ok  ] cell: lambda weakly decreasing
    [ok  ] cell: |lambda| = n*delta — 32 vs 4*8
    [ok  ] cell: a recomputed (Weyl alternation) — recomputed 6, claimed 6
    [ok  ] vectors parsed — 2 vector(s), supports [73314, 74592], integer coefficients
    [ok  ] vector 0: shape, degree, canonical terms, weight = lambda
    [ok  ] vector 0: annihilated by every E_(i,i+1) over Z
    [ok  ] vector 1: shape, degree, canonical terms, weight = lambda
    [ok  ] vector 1: annihilated by every E_(i,i+1) over Z
    [ok  ] vectors linearly independent — rank 2 over Q (flint, exact)
    [ok  ] vector 0: (star) support for k = 1 (Theorem (star): lies in I({l^1 c}))
    [ok  ] vector 1: (star) support for k = 1 (Theorem (star): lies in I({l^1 c}))
    [ok  ] vanishes at 6 fresh padded_permanent points (seed 20260905)
    [ok  ] vanishes at 6 fresh reducible points (seed 20260905)
    [ok  ] evaluation at 6 fresh generic points (seed 20260905) has full row rank — rank 2 of 2
    [ok  ] evaluation at 6 fresh det_pencil points (seed 20260905) has full row rank — rank 2 of 2
PASS        results/certs/12_9_8_1_1_1_d8_pad_p2147483629_vec1_modp.json.gz  (6.6s)  s41/s43 pad-side kernel vector: mod-2147483629 HWV of weight (12, 9, 8, 1, 1, 1) in degree 8 vanishing on the pad side (12_9_8_1_1_1_d8_pad_p2147483629_vec1)
    [ok  ] cell: n = 4 — n = 4
    [ok  ] cell: length(lambda) = r — lambda (12, 9, 8, 1, 1, 1), r 6
    [ok  ] cell: lambda weakly decreasing
    [ok  ] cell: |lambda| = n*delta — 32 vs 4*8
    [ok  ] cell: a recomputed (Weyl alternation) — recomputed 6, claimed 6
    [ok  ] vectors parsed — 1 vector(s), supports [67656], modulus 2147483629
    [ok  ] vector 0: shape, degree, canonical terms, weight = lambda
    [ok  ] vector 0: annihilated by every E_(i,i+1) mod 2147483629
    [ok  ] vectors linearly independent — rank 1 mod 2147483629
    [ok  ] vector 0: (star) support for k = 1 (Theorem (star): lies in I({l^1 c}))
    [ok  ] vanishes at 6 fresh padded_permanent points (seed 20260905)
    [ok  ] vanishes at 6 fresh reducible points (seed 20260905)
    [ok  ] evaluation at 6 fresh generic points (seed 20260905) has full row rank — rank 1 of 1
    [ok  ] evaluation at 6 fresh det_pencil points (seed 20260905) has full row rank — rank 1 of 1
PASS        results/certs/12_9_8_1_1_1_d8_pad_p2147483629_vec2_modp.json.gz  (7.2s)  s41/s43 pad-side kernel vector: mod-2147483629 HWV of weight (12, 9, 8, 1, 1, 1) in degree 8 vanishing on the pad side (12_9_8_1_1_1_d8_pad_p2147483629_vec2)
    [ok  ] cell: n = 4 — n = 4
    [ok  ] cell: length(lambda) = r — lambda (12, 9, 8, 1, 1, 1), r 6
    [ok  ] cell: lambda weakly decreasing
    [ok  ] cell: |lambda| = n*delta — 32 vs 4*8
    [ok  ] cell: a recomputed (Weyl alternation) — recomputed 6, claimed 6
    [ok  ] vectors parsed — 1 vector(s), supports [74436], modulus 2147483629
    [ok  ] vector 0: shape, degree, canonical terms, weight = lambda
    [ok  ] vector 0: annihilated by every E_(i,i+1) mod 2147483629
    [ok  ] vectors linearly independent — rank 1 mod 2147483629
    [ok  ] vector 0: (star) support for k = 1 (Theorem (star): lies in I({l^1 c}))
    [ok  ] vanishes at 6 fresh padded_permanent points (seed 20260905)
    [ok  ] vanishes at 6 fresh reducible points (seed 20260905)
    [ok  ] evaluation at 6 fresh generic points (seed 20260905) has full row rank — rank 1 of 1
    [ok  ] evaluation at 6 fresh det_pencil points (seed 20260905) has full row rank — rank 1 of 1
PASS        results/certs/12_9_8_1_1_1_d8_pad_p2147483647_vec1_modp.json.gz  (6.8s)  s41/s43 pad-side kernel vector: mod-2147483647 HWV of weight (12, 9, 8, 1, 1, 1) in degree 8 vanishing on the pad side (12_9_8_1_1_1_d8_pad_p2147483647_vec1)
    [ok  ] cell: n = 4 — n = 4
    [ok  ] cell: length(lambda) = r — lambda (12, 9, 8, 1, 1, 1), r 6
    [ok  ] cell: lambda weakly decreasing
    [ok  ] cell: |lambda| = n*delta — 32 vs 4*8
    [ok  ] cell: a recomputed (Weyl alternation) — recomputed 6, claimed 6
    [ok  ] vectors parsed — 1 vector(s), supports [67656], modulus 2147483647
    [ok  ] vector 0: shape, degree, canonical terms, weight = lambda
    [ok  ] vector 0: annihilated by every E_(i,i+1) mod 2147483647
    [ok  ] vectors linearly independent — rank 1 mod 2147483647
    [ok  ] vector 0: (star) support for k = 1 (Theorem (star): lies in I({l^1 c}))
    [ok  ] vanishes at 6 fresh padded_permanent points (seed 20260905)
    [ok  ] vanishes at 6 fresh reducible points (seed 20260905)
    [ok  ] evaluation at 6 fresh generic points (seed 20260905) has full row rank — rank 1 of 1
    [ok  ] evaluation at 6 fresh det_pencil points (seed 20260905) has full row rank — rank 1 of 1
PASS        results/certs/12_9_8_1_1_1_d8_pad_p2147483647_vec2_modp.json.gz  (7.3s)  s41/s43 pad-side kernel vector: mod-2147483647 HWV of weight (12, 9, 8, 1, 1, 1) in degree 8 vanishing on the pad side (12_9_8_1_1_1_d8_pad_p2147483647_vec2)
    [ok  ] cell: n = 4 — n = 4
    [ok  ] cell: length(lambda) = r — lambda (12, 9, 8, 1, 1, 1), r 6
    [ok  ] cell: lambda weakly decreasing
    [ok  ] cell: |lambda| = n*delta — 32 vs 4*8
    [ok  ] cell: a recomputed (Weyl alternation) — recomputed 6, claimed 6
    [ok  ] vectors parsed — 1 vector(s), supports [74436], modulus 2147483647
    [ok  ] vector 0: shape, degree, canonical terms, weight = lambda
    [ok  ] vector 0: annihilated by every E_(i,i+1) mod 2147483647
    [ok  ] vectors linearly independent — rank 1 mod 2147483647
    [ok  ] vector 0: (star) support for k = 1 (Theorem (star): lies in I({l^1 c}))
    [ok  ] vanishes at 6 fresh padded_permanent points (seed 20260905)
    [ok  ] vanishes at 6 fresh reducible points (seed 20260905)
    [ok  ] evaluation at 6 fresh generic points (seed 20260905) has full row rank — rank 1 of 1
    [ok  ] evaluation at 6 fresh det_pencil points (seed 20260905) has full row rank — rank 1 of 1
PASS        results/certs/13_10_6_1_1_1_d8_int.json.gz  (2.7s)  integrator lift (s41 cell): 1 integer HWV(s) of weight (13, 10, 6, 1, 1, 1) in degree 8 in I(R_6)
    [ok  ] cell: n = 4 — n = 4
    [ok  ] cell: length(lambda) = r — lambda (13, 10, 6, 1, 1, 1), r 6
    [ok  ] cell: lambda weakly decreasing
    [ok  ] cell: |lambda| = n*delta — 32 vs 4*8
    [ok  ] cell: a recomputed (Weyl alternation) — recomputed 9, claimed 9
    [ok  ] vectors parsed — 1 vector(s), supports [28248], integer coefficients
    [ok  ] vector 0: shape, degree, canonical terms, weight = lambda
    [ok  ] vector 0: annihilated by every E_(i,i+1) over Z
    [ok  ] vectors linearly independent — rank 1 over Q (flint, exact)
    [ok  ] vector 0: (star) support for k = 1 (Theorem (star): lies in I({l^1 c}))
    [ok  ] vanishes at 6 fresh padded_permanent points (seed 20260905)
    [ok  ] vanishes at 6 fresh reducible points (seed 20260905)
    [ok  ] evaluation at 6 fresh generic points (seed 20260905) has full row rank — rank 1 of 1
    [ok  ] evaluation at 6 fresh det_pencil points (seed 20260905) has full row rank — rank 1 of 1
PASS        results/certs/13_10_6_1_1_1_d8_pad_p2147483629_vec1_modp.json.gz  (2.9s)  s41/s43 pad-side kernel vector: mod-2147483629 HWV of weight (13, 10, 6, 1, 1, 1) in degree 8 vanishing on the pad side (13_10_6_1_1_1_d8_pad_p2147483629_vec1)
    [ok  ] cell: n = 4 — n = 4
    [ok  ] cell: length(lambda) = r — lambda (13, 10, 6, 1, 1, 1), r 6
    [ok  ] cell: lambda weakly decreasing
    [ok  ] cell: |lambda| = n*delta — 32 vs 4*8
    [ok  ] cell: a recomputed (Weyl alternation) — recomputed 9, claimed 9
    [ok  ] vectors parsed — 1 vector(s), supports [28248], modulus 2147483629
    [ok  ] vector 0: shape, degree, canonical terms, weight = lambda
    [ok  ] vector 0: annihilated by every E_(i,i+1) mod 2147483629
    [ok  ] vectors linearly independent — rank 1 mod 2147483629
    [ok  ] vector 0: (star) support for k = 1 (Theorem (star): lies in I({l^1 c}))
    [ok  ] vanishes at 6 fresh padded_permanent points (seed 20260905)
    [ok  ] vanishes at 6 fresh reducible points (seed 20260905)
    [ok  ] evaluation at 6 fresh generic points (seed 20260905) has full row rank — rank 1 of 1
    [ok  ] evaluation at 6 fresh det_pencil points (seed 20260905) has full row rank — rank 1 of 1
PASS        results/certs/13_10_6_1_1_1_d8_pad_p2147483647_vec1_modp.json.gz  (2.9s)  s41/s43 pad-side kernel vector: mod-2147483647 HWV of weight (13, 10, 6, 1, 1, 1) in degree 8 vanishing on the pad side (13_10_6_1_1_1_d8_pad_p2147483647_vec1)
    [ok  ] cell: n = 4 — n = 4
    [ok  ] cell: length(lambda) = r — lambda (13, 10, 6, 1, 1, 1), r 6
    [ok  ] cell: lambda weakly decreasing
    [ok  ] cell: |lambda| = n*delta — 32 vs 4*8
    [ok  ] cell: a recomputed (Weyl alternation) — recomputed 9, claimed 9
    [ok  ] vectors parsed — 1 vector(s), supports [28248], modulus 2147483647
    [ok  ] vector 0: shape, degree, canonical terms, weight = lambda
    [ok  ] vector 0: annihilated by every E_(i,i+1) mod 2147483647
    [ok  ] vectors linearly independent — rank 1 mod 2147483647
    [ok  ] vector 0: (star) support for k = 1 (Theorem (star): lies in I({l^1 c}))
    [ok  ] vanishes at 6 fresh padded_permanent points (seed 20260905)
    [ok  ] vanishes at 6 fresh reducible points (seed 20260905)
    [ok  ] evaluation at 6 fresh generic points (seed 20260905) has full row rank — rank 1 of 1
    [ok  ] evaluation at 6 fresh det_pencil points (seed 20260905) has full row rank — rank 1 of 1
PASS        results/certs/13_12_4_1_1_1_d8_int.json.gz  (0.9s)  s42/s47 lift: 1 integer HWV(s) of weight (13, 12, 4, 1, 1, 1) in degree 8 in I(R_6)
    [ok  ] cell: n = 4 — n = 4
    [ok  ] cell: length(lambda) = r — lambda (13, 12, 4, 1, 1, 1), r 6
    [ok  ] cell: lambda weakly decreasing
    [ok  ] cell: |lambda| = n*delta — 32 vs 4*8
    [ok  ] cell: a recomputed (Weyl alternation) — recomputed 3, claimed 3
    [ok  ] vectors parsed — 1 vector(s), supports [6804], integer coefficients
    [ok  ] vector 0: shape, degree, canonical terms, weight = lambda
    [ok  ] vector 0: annihilated by every E_(i,i+1) over Z
    [ok  ] vectors linearly independent — rank 1 over Q (flint, exact)
    [ok  ] vector 0: (star) support for k = 1 (Theorem (star): lies in I({l^1 c}))
    [ok  ] vanishes at 6 fresh padded_permanent points (seed 20260905)
    [ok  ] vanishes at 6 fresh reducible points (seed 20260905)
    [ok  ] evaluation at 6 fresh generic points (seed 20260905) has full row rank — rank 1 of 1
    [ok  ] evaluation at 6 fresh det_pencil points (seed 20260905) has full row rank — rank 1 of 1
PASS        results/certs/13_12_4_1_1_1_d8_pad_p2147483629_vec1_modp.json.gz  (1.0s)  s41/s43 pad-side kernel vector: mod-2147483629 HWV of weight (13, 12, 4, 1, 1, 1) in degree 8 vanishing on the pad side (13_12_4_1_1_1_d8_pad_p2147483629_vec1)
    [ok  ] cell: n = 4 — n = 4
    [ok  ] cell: length(lambda) = r — lambda (13, 12, 4, 1, 1, 1), r 6
    [ok  ] cell: lambda weakly decreasing
    [ok  ] cell: |lambda| = n*delta — 32 vs 4*8
    [ok  ] cell: a recomputed (Weyl alternation) — recomputed 3, claimed 3
    [ok  ] vectors parsed — 1 vector(s), supports [6804], modulus 2147483629
    [ok  ] vector 0: shape, degree, canonical terms, weight = lambda
    [ok  ] vector 0: annihilated by every E_(i,i+1) mod 2147483629
    [ok  ] vectors linearly independent — rank 1 mod 2147483629
    [ok  ] vector 0: (star) support for k = 1 (Theorem (star): lies in I({l^1 c}))
    [ok  ] vanishes at 6 fresh padded_permanent points (seed 20260905)
    [ok  ] vanishes at 6 fresh reducible points (seed 20260905)
    [ok  ] evaluation at 6 fresh generic points (seed 20260905) has full row rank — rank 1 of 1
    [ok  ] evaluation at 6 fresh det_pencil points (seed 20260905) has full row rank — rank 1 of 1
PASS        results/certs/13_12_4_1_1_1_d8_pad_p2147483647_vec1_modp.json.gz  (0.9s)  s41/s43 pad-side kernel vector: mod-2147483647 HWV of weight (13, 12, 4, 1, 1, 1) in degree 8 vanishing on the pad side (13_12_4_1_1_1_d8_pad_p2147483647_vec1)
    [ok  ] cell: n = 4 — n = 4
    [ok  ] cell: length(lambda) = r — lambda (13, 12, 4, 1, 1, 1), r 6
    [ok  ] cell: lambda weakly decreasing
    [ok  ] cell: |lambda| = n*delta — 32 vs 4*8
    [ok  ] cell: a recomputed (Weyl alternation) — recomputed 3, claimed 3
    [ok  ] vectors parsed — 1 vector(s), supports [6804], modulus 2147483647
    [ok  ] vector 0: shape, degree, canonical terms, weight = lambda
    [ok  ] vector 0: annihilated by every E_(i,i+1) mod 2147483647
    [ok  ] vectors linearly independent — rank 1 mod 2147483647
    [ok  ] vector 0: (star) support for k = 1 (Theorem (star): lies in I({l^1 c}))
    [ok  ] vanishes at 6 fresh padded_permanent points (seed 20260905)
    [ok  ] vanishes at 6 fresh reducible points (seed 20260905)
    [ok  ] evaluation at 6 fresh generic points (seed 20260905) has full row rank — rank 1 of 1
    [ok  ] evaluation at 6 fresh det_pencil points (seed 20260905) has full row rank — rank 1 of 1
PASS        results/certs/13_8_8_1_1_1_d8_int.json.gz  (3.7s)  s42/s47 lift: 1 integer HWV(s) of weight (13, 8, 8, 1, 1, 1) in degree 8 in I(R_6)
    [ok  ] cell: n = 4 — n = 4
    [ok  ] cell: length(lambda) = r — lambda (13, 8, 8, 1, 1, 1), r 6
    [ok  ] cell: lambda weakly decreasing
    [ok  ] cell: |lambda| = n*delta — 32 vs 4*8
    [ok  ] cell: a recomputed (Weyl alternation) — recomputed 3, claimed 3
    [ok  ] vectors parsed — 1 vector(s), supports [39768], integer coefficients
    [ok  ] vector 0: shape, degree, canonical terms, weight = lambda
    [ok  ] vector 0: annihilated by every E_(i,i+1) over Z
    [ok  ] vectors linearly independent — rank 1 over Q (flint, exact)
    [ok  ] vector 0: (star) support for k = 1 (Theorem (star): lies in I({l^1 c}))
    [ok  ] vanishes at 6 fresh padded_permanent points (seed 20260905)
    [ok  ] vanishes at 6 fresh reducible points (seed 20260905)
    [ok  ] evaluation at 6 fresh generic points (seed 20260905) has full row rank — rank 1 of 1
    [ok  ] evaluation at 6 fresh det_pencil points (seed 20260905) has full row rank — rank 1 of 1
PASS        results/certs/13_8_8_1_1_1_d8_pad_p2147483629_vec1_modp.json.gz  (3.9s)  s41/s43 pad-side kernel vector: mod-2147483629 HWV of weight (13, 8, 8, 1, 1, 1) in degree 8 vanishing on the pad side (13_8_8_1_1_1_d8_pad_p2147483629_vec1)
    [ok  ] cell: n = 4 — n = 4
    [ok  ] cell: length(lambda) = r — lambda (13, 8, 8, 1, 1, 1), r 6
    [ok  ] cell: lambda weakly decreasing
    [ok  ] cell: |lambda| = n*delta — 32 vs 4*8
    [ok  ] cell: a recomputed (Weyl alternation) — recomputed 3, claimed 3
    [ok  ] vectors parsed — 1 vector(s), supports [39768], modulus 2147483629
    [ok  ] vector 0: shape, degree, canonical terms, weight = lambda
    [ok  ] vector 0: annihilated by every E_(i,i+1) mod 2147483629
    [ok  ] vectors linearly independent — rank 1 mod 2147483629
    [ok  ] vector 0: (star) support for k = 1 (Theorem (star): lies in I({l^1 c}))
    [ok  ] vanishes at 6 fresh padded_permanent points (seed 20260905)
    [ok  ] vanishes at 6 fresh reducible points (seed 20260905)
    [ok  ] evaluation at 6 fresh generic points (seed 20260905) has full row rank — rank 1 of 1
    [ok  ] evaluation at 6 fresh det_pencil points (seed 20260905) has full row rank — rank 1 of 1
PASS        results/certs/13_8_8_1_1_1_d8_pad_p2147483647_vec1_modp.json.gz  (3.9s)  s41/s43 pad-side kernel vector: mod-2147483647 HWV of weight (13, 8, 8, 1, 1, 1) in degree 8 vanishing on the pad side (13_8_8_1_1_1_d8_pad_p2147483647_vec1)
    [ok  ] cell: n = 4 — n = 4
    [ok  ] cell: length(lambda) = r — lambda (13, 8, 8, 1, 1, 1), r 6
    [ok  ] cell: lambda weakly decreasing
    [ok  ] cell: |lambda| = n*delta — 32 vs 4*8
    [ok  ] cell: a recomputed (Weyl alternation) — recomputed 3, claimed 3
    [ok  ] vectors parsed — 1 vector(s), supports [39768], modulus 2147483647
    [ok  ] vector 0: shape, degree, canonical terms, weight = lambda
    [ok  ] vector 0: annihilated by every E_(i,i+1) mod 2147483647
    [ok  ] vectors linearly independent — rank 1 mod 2147483647
    [ok  ] vector 0: (star) support for k = 1 (Theorem (star): lies in I({l^1 c}))
    [ok  ] vanishes at 6 fresh padded_permanent points (seed 20260905)
    [ok  ] vanishes at 6 fresh reducible points (seed 20260905)
    [ok  ] evaluation at 6 fresh generic points (seed 20260905) has full row rank — rank 1 of 1
    [ok  ] evaluation at 6 fresh det_pencil points (seed 20260905) has full row rank — rank 1 of 1
PASS        results/certs/13_9_7_1_1_1_d8_int.json.gz  (2.7s)  s42/s47 lift: 1 integer HWV(s) of weight (13, 9, 7, 1, 1, 1) in degree 8 in I(R_6)
    [ok  ] cell: n = 4 — n = 4
    [ok  ] cell: length(lambda) = r — lambda (13, 9, 7, 1, 1, 1), r 6
    [ok  ] cell: lambda weakly decreasing
    [ok  ] cell: |lambda| = n*delta — 32 vs 4*8
    [ok  ] cell: a recomputed (Weyl alternation) — recomputed 11, claimed 11
    [ok  ] vectors parsed — 1 vector(s), supports [29586], integer coefficients
    [ok  ] vector 0: shape, degree, canonical terms, weight = lambda
    [ok  ] vector 0: annihilated by every E_(i,i+1) over Z
    [ok  ] vectors linearly independent — rank 1 over Q (flint, exact)
    [ok  ] vector 0: (star) support for k = 1 (Theorem (star): lies in I({l^1 c}))
    [ok  ] vanishes at 6 fresh padded_permanent points (seed 20260905)
    [ok  ] vanishes at 6 fresh reducible points (seed 20260905)
    [ok  ] evaluation at 6 fresh generic points (seed 20260905) has full row rank — rank 1 of 1
    [ok  ] evaluation at 6 fresh det_pencil points (seed 20260905) has full row rank — rank 1 of 1
PASS        results/certs/13_9_7_1_1_1_d8_pad_p2147483629_vec1_modp.json.gz  (3.0s)  s41/s43 pad-side kernel vector: mod-2147483629 HWV of weight (13, 9, 7, 1, 1, 1) in degree 8 vanishing on the pad side (13_9_7_1_1_1_d8_pad_p2147483629_vec1)
    [ok  ] cell: n = 4 — n = 4
    [ok  ] cell: length(lambda) = r — lambda (13, 9, 7, 1, 1, 1), r 6
    [ok  ] cell: lambda weakly decreasing
    [ok  ] cell: |lambda| = n*delta — 32 vs 4*8
    [ok  ] cell: a recomputed (Weyl alternation) — recomputed 11, claimed 11
    [ok  ] vectors parsed — 1 vector(s), supports [29586], modulus 2147483629
    [ok  ] vector 0: shape, degree, canonical terms, weight = lambda
    [ok  ] vector 0: annihilated by every E_(i,i+1) mod 2147483629
    [ok  ] vectors linearly independent — rank 1 mod 2147483629
    [ok  ] vector 0: (star) support for k = 1 (Theorem (star): lies in I({l^1 c}))
    [ok  ] vanishes at 6 fresh padded_permanent points (seed 20260905)
    [ok  ] vanishes at 6 fresh reducible points (seed 20260905)
    [ok  ] evaluation at 6 fresh generic points (seed 20260905) has full row rank — rank 1 of 1
    [ok  ] evaluation at 6 fresh det_pencil points (seed 20260905) has full row rank — rank 1 of 1
PASS        results/certs/13_9_7_1_1_1_d8_pad_p2147483647_vec1_modp.json.gz  (3.0s)  s41/s43 pad-side kernel vector: mod-2147483647 HWV of weight (13, 9, 7, 1, 1, 1) in degree 8 vanishing on the pad side (13_9_7_1_1_1_d8_pad_p2147483647_vec1)
    [ok  ] cell: n = 4 — n = 4
    [ok  ] cell: length(lambda) = r — lambda (13, 9, 7, 1, 1, 1), r 6
    [ok  ] cell: lambda weakly decreasing
    [ok  ] cell: |lambda| = n*delta — 32 vs 4*8
    [ok  ] cell: a recomputed (Weyl alternation) — recomputed 11, claimed 11
    [ok  ] vectors parsed — 1 vector(s), supports [29586], modulus 2147483647
    [ok  ] vector 0: shape, degree, canonical terms, weight = lambda
    [ok  ] vector 0: annihilated by every E_(i,i+1) mod 2147483647
    [ok  ] vectors linearly independent — rank 1 mod 2147483647
    [ok  ] vector 0: (star) support for k = 1 (Theorem (star): lies in I({l^1 c}))
    [ok  ] vanishes at 6 fresh padded_permanent points (seed 20260905)
    [ok  ] vanishes at 6 fresh reducible points (seed 20260905)
    [ok  ] evaluation at 6 fresh generic points (seed 20260905) has full row rank — rank 1 of 1
    [ok  ] evaluation at 6 fresh det_pencil points (seed 20260905) has full row rank — rank 1 of 1
PASS        results/certs/14_8_7_1_1_1_d8_int.json.gz  (1.7s)  s42/s47 lift: 1 integer HWV(s) of weight (14, 8, 7, 1, 1, 1) in degree 8 in I(R_6)
    [ok  ] cell: n = 4 — n = 4
    [ok  ] cell: length(lambda) = r — lambda (14, 8, 7, 1, 1, 1), r 6
    [ok  ] cell: lambda weakly decreasing
    [ok  ] cell: |lambda| = n*delta — 32 vs 4*8
    [ok  ] cell: a recomputed (Weyl alternation) — recomputed 9, claimed 9
    [ok  ] vectors parsed — 1 vector(s), supports [16344], integer coefficients
    [ok  ] vector 0: shape, degree, canonical terms, weight = lambda
    [ok  ] vector 0: annihilated by every E_(i,i+1) over Z
    [ok  ] vectors linearly independent — rank 1 over Q (flint, exact)
    [ok  ] vector 0: (star) support for k = 1 (Theorem (star): lies in I({l^1 c}))
    [ok  ] vanishes at 6 fresh padded_permanent points (seed 20260905)
    [ok  ] vanishes at 6 fresh reducible points (seed 20260905)
    [ok  ] evaluation at 6 fresh generic points (seed 20260905) has full row rank — rank 1 of 1
    [ok  ] evaluation at 6 fresh det_pencil points (seed 20260905) has full row rank — rank 1 of 1
PASS        results/certs/14_8_7_1_1_1_d8_pad_p2147483629_vec1_modp.json.gz  (1.8s)  s41/s43 pad-side kernel vector: mod-2147483629 HWV of weight (14, 8, 7, 1, 1, 1) in degree 8 vanishing on the pad side (14_8_7_1_1_1_d8_pad_p2147483629_vec1)
    [ok  ] cell: n = 4 — n = 4
    [ok  ] cell: length(lambda) = r — lambda (14, 8, 7, 1, 1, 1), r 6
    [ok  ] cell: lambda weakly decreasing
    [ok  ] cell: |lambda| = n*delta — 32 vs 4*8
    [ok  ] cell: a recomputed (Weyl alternation) — recomputed 9, claimed 9
    [ok  ] vectors parsed — 1 vector(s), supports [16344], modulus 2147483629
    [ok  ] vector 0: shape, degree, canonical terms, weight = lambda
    [ok  ] vector 0: annihilated by every E_(i,i+1) mod 2147483629
    [ok  ] vectors linearly independent — rank 1 mod 2147483629
    [ok  ] vector 0: (star) support for k = 1 (Theorem (star): lies in I({l^1 c}))
    [ok  ] vanishes at 6 fresh padded_permanent points (seed 20260905)
    [ok  ] vanishes at 6 fresh reducible points (seed 20260905)
    [ok  ] evaluation at 6 fresh generic points (seed 20260905) has full row rank — rank 1 of 1
    [ok  ] evaluation at 6 fresh det_pencil points (seed 20260905) has full row rank — rank 1 of 1
PASS        results/certs/14_8_7_1_1_1_d8_pad_p2147483647_vec1_modp.json.gz  (1.8s)  s41/s43 pad-side kernel vector: mod-2147483647 HWV of weight (14, 8, 7, 1, 1, 1) in degree 8 vanishing on the pad side (14_8_7_1_1_1_d8_pad_p2147483647_vec1)
    [ok  ] cell: n = 4 — n = 4
    [ok  ] cell: length(lambda) = r — lambda (14, 8, 7, 1, 1, 1), r 6
    [ok  ] cell: lambda weakly decreasing
    [ok  ] cell: |lambda| = n*delta — 32 vs 4*8
    [ok  ] cell: a recomputed (Weyl alternation) — recomputed 9, claimed 9
    [ok  ] vectors parsed — 1 vector(s), supports [16344], modulus 2147483647
    [ok  ] vector 0: shape, degree, canonical terms, weight = lambda
    [ok  ] vector 0: annihilated by every E_(i,i+1) mod 2147483647
    [ok  ] vectors linearly independent — rank 1 mod 2147483647
    [ok  ] vector 0: (star) support for k = 1 (Theorem (star): lies in I({l^1 c}))
    [ok  ] vanishes at 6 fresh padded_permanent points (seed 20260905)
    [ok  ] vanishes at 6 fresh reducible points (seed 20260905)
    [ok  ] evaluation at 6 fresh generic points (seed 20260905) has full row rank — rank 1 of 1
    [ok  ] evaluation at 6 fresh det_pencil points (seed 20260905) has full row rank — rank 1 of 1
PASS        results/certs/15_11_7_1_1_1_d9_int.json.gz  (56.6s)  s42/s47 lift: 4 integer HWV(s) of weight (15, 11, 7, 1, 1, 1) in degree 9 in I(R_6)
    [ok  ] cell: n = 4 — n = 4
    [ok  ] cell: length(lambda) = r — lambda (15, 11, 7, 1, 1, 1), r 6
    [ok  ] cell: lambda weakly decreasing
    [ok  ] cell: |lambda| = n*delta — 36 vs 4*9
    [ok  ] cell: a recomputed (Weyl alternation) — recomputed 30, claimed 30
    [ok  ] vectors parsed — 4 vector(s), supports [132822, 127188, 132090, 130578], integer coefficients
    [ok  ] vector 0: shape, degree, canonical terms, weight = lambda
    [ok  ] vector 0: annihilated by every E_(i,i+1) over Z
    [ok  ] vector 1: shape, degree, canonical terms, weight = lambda
    [ok  ] vector 1: annihilated by every E_(i,i+1) over Z
    [ok  ] vector 2: shape, degree, canonical terms, weight = lambda
    [ok  ] vector 2: annihilated by every E_(i,i+1) over Z
    [ok  ] vector 3: shape, degree, canonical terms, weight = lambda
    [ok  ] vector 3: annihilated by every E_(i,i+1) over Z
    [ok  ] vectors linearly independent — rank 4 over Q (lower bound from primes [4, 4]; equals the count so exact)
    [ok  ] vector 0: (star) support for k = 1 (Theorem (star): lies in I({l^1 c}))
    [ok  ] vector 1: (star) support for k = 1 (Theorem (star): lies in I({l^1 c}))
    [ok  ] vector 2: (star) support for k = 1 (Theorem (star): lies in I({l^1 c}))
    [ok  ] vector 3: (star) support for k = 1 (Theorem (star): lies in I({l^1 c}))
    [ok  ] vanishes at 6 fresh padded_permanent points (seed 20260905)
    [ok  ] vanishes at 6 fresh reducible points (seed 20260905)
    [ok  ] evaluation at 6 fresh generic points (seed 20260905) has full row rank — rank 4 of 4
PASS        results/certs/15_12_6_1_1_1_d9_int.json.gz  (23.3s)  s42/s47 lift: 3 integer HWV(s) of weight (15, 12, 6, 1, 1, 1) in degree 9 in I(R_6)
    [ok  ] cell: n = 4 — n = 4
    [ok  ] cell: length(lambda) = r — lambda (15, 12, 6, 1, 1, 1), r 6
    [ok  ] cell: lambda weakly decreasing
    [ok  ] cell: |lambda| = n*delta — 36 vs 4*9
    [ok  ] cell: a recomputed (Weyl alternation) — recomputed 21, claimed 21
    [ok  ] vectors parsed — 3 vector(s), supports [82350, 83364, 74568], integer coefficients
    [ok  ] vector 0: shape, degree, canonical terms, weight = lambda
    [ok  ] vector 0: annihilated by every E_(i,i+1) over Z
    [ok  ] vector 1: shape, degree, canonical terms, weight = lambda
    [ok  ] vector 1: annihilated by every E_(i,i+1) over Z
    [ok  ] vector 2: shape, degree, canonical terms, weight = lambda
    [ok  ] vector 2: annihilated by every E_(i,i+1) over Z
    [ok  ] vectors linearly independent — rank 3 over Q (lower bound from primes [3, 3]; equals the count so exact)
    [ok  ] vector 0: (star) support for k = 1 (Theorem (star): lies in I({l^1 c}))
    [ok  ] vector 1: (star) support for k = 1 (Theorem (star): lies in I({l^1 c}))
    [ok  ] vector 2: (star) support for k = 1 (Theorem (star): lies in I({l^1 c}))
    [ok  ] vanishes at 6 fresh padded_permanent points (seed 20260905)
    [ok  ] vanishes at 6 fresh reducible points (seed 20260905)
    [ok  ] evaluation at 6 fresh generic points (seed 20260905) has full row rank — rank 3 of 3
PASS        results/certs/16_10_7_1_1_1_d9_int.json.gz  (25.7s)  s42/s47 lift: 4 integer HWV(s) of weight (16, 10, 7, 1, 1, 1) in degree 9 in I(R_6)
    [ok  ] cell: n = 4 — n = 4
    [ok  ] cell: length(lambda) = r — lambda (16, 10, 7, 1, 1, 1), r 6
    [ok  ] cell: lambda weakly decreasing
    [ok  ] cell: |lambda| = n*delta — 36 vs 4*9
    [ok  ] cell: a recomputed (Weyl alternation) — recomputed 30, claimed 30
    [ok  ] vectors parsed — 4 vector(s), supports [31542, 50826, 88920, 81690], integer coefficients
    [ok  ] vector 0: shape, degree, canonical terms, weight = lambda
    [ok  ] vector 0: annihilated by every E_(i,i+1) over Z
    [ok  ] vector 1: shape, degree, canonical terms, weight = lambda
    [ok  ] vector 1: annihilated by every E_(i,i+1) over Z
    [ok  ] vector 2: shape, degree, canonical terms, weight = lambda
    [ok  ] vector 2: annihilated by every E_(i,i+1) over Z
    [ok  ] vector 3: shape, degree, canonical terms, weight = lambda
    [ok  ] vector 3: annihilated by every E_(i,i+1) over Z
    [ok  ] vectors linearly independent — rank 4 over Q (lower bound from primes [4, 4]; equals the count so exact)
    [ok  ] vector 0: (star) support for k = 1 (Theorem (star): lies in I({l^1 c}))
    [ok  ] vector 1: (star) support for k = 1 (Theorem (star): lies in I({l^1 c}))
    [ok  ] vector 2: (star) support for k = 1 (Theorem (star): lies in I({l^1 c}))
    [ok  ] vector 3: (star) support for k = 1 (Theorem (star): lies in I({l^1 c}))
    [ok  ] vanishes at 6 fresh padded_permanent points (seed 20260905)
    [ok  ] vanishes at 6 fresh reducible points (seed 20260905)
    [ok  ] evaluation at 6 fresh generic points (seed 20260905) has full row rank — rank 4 of 4
PASS        results/certs/16_13_4_1_1_1_d9_int.json.gz  (1.5s)  s42/s47 lift: 1 integer HWV(s) of weight (16, 13, 4, 1, 1, 1) in degree 9 in I(R_6)
    [ok  ] cell: n = 4 — n = 4
    [ok  ] cell: length(lambda) = r — lambda (16, 13, 4, 1, 1, 1), r 6
    [ok  ] cell: lambda weakly decreasing
    [ok  ] cell: |lambda| = n*delta — 36 vs 4*9
    [ok  ] cell: a recomputed (Weyl alternation) — recomputed 7, claimed 7
    [ok  ] vectors parsed — 1 vector(s), supports [11214], integer coefficients
    [ok  ] vector 0: shape, degree, canonical terms, weight = lambda
    [ok  ] vector 0: annihilated by every E_(i,i+1) over Z
    [ok  ] vectors linearly independent — rank 1 over Q (flint, exact)
    [ok  ] vector 0: (star) support for k = 1 (Theorem (star): lies in I({l^1 c}))
    [ok  ] vanishes at 6 fresh padded_permanent points (seed 20260905)
    [ok  ] vanishes at 6 fresh reducible points (seed 20260905)
    [ok  ] evaluation at 6 fresh generic points (seed 20260905) has full row rank — rank 1 of 1
    [ok  ] evaluation at 6 fresh det_pencil points (seed 20260905) has full row rank — rank 1 of 1
PASS        results/certs/16_13_4_1_1_1_d9_pad_p2147483629_vec1_modp.json.gz  (1.7s)  s41/s43 pad-side kernel vector: mod-2147483629 HWV of weight (16, 13, 4, 1, 1, 1) in degree 9 vanishing on the pad side (16_13_4_1_1_1_d9_pad_p2147483629_vec1)
    [ok  ] cell: n = 4 — n = 4
    [ok  ] cell: length(lambda) = r — lambda (16, 13, 4, 1, 1, 1), r 6
    [ok  ] cell: lambda weakly decreasing
    [ok  ] cell: |lambda| = n*delta — 36 vs 4*9
    [ok  ] cell: a recomputed (Weyl alternation) — recomputed 7, claimed 7
    [ok  ] vectors parsed — 1 vector(s), supports [11214], modulus 2147483629
    [ok  ] vector 0: shape, degree, canonical terms, weight = lambda
    [ok  ] vector 0: annihilated by every E_(i,i+1) mod 2147483629
    [ok  ] vectors linearly independent — rank 1 mod 2147483629
    [ok  ] vector 0: (star) support for k = 1 (Theorem (star): lies in I({l^1 c}))
    [ok  ] vanishes at 6 fresh padded_permanent points (seed 20260905)
    [ok  ] vanishes at 6 fresh reducible points (seed 20260905)
    [ok  ] evaluation at 6 fresh generic points (seed 20260905) has full row rank — rank 1 of 1
    [ok  ] evaluation at 6 fresh det_pencil points (seed 20260905) has full row rank — rank 1 of 1
PASS        results/certs/16_13_4_1_1_1_d9_pad_p2147483647_vec1_modp.json.gz  (1.7s)  s41/s43 pad-side kernel vector: mod-2147483647 HWV of weight (16, 13, 4, 1, 1, 1) in degree 9 vanishing on the pad side (16_13_4_1_1_1_d9_pad_p2147483647_vec1)
    [ok  ] cell: n = 4 — n = 4
    [ok  ] cell: length(lambda) = r — lambda (16, 13, 4, 1, 1, 1), r 6
    [ok  ] cell: lambda weakly decreasing
    [ok  ] cell: |lambda| = n*delta — 36 vs 4*9
    [ok  ] cell: a recomputed (Weyl alternation) — recomputed 7, claimed 7
    [ok  ] vectors parsed — 1 vector(s), supports [11214], modulus 2147483647
    [ok  ] vector 0: shape, degree, canonical terms, weight = lambda
    [ok  ] vector 0: annihilated by every E_(i,i+1) mod 2147483647
    [ok  ] vectors linearly independent — rank 1 mod 2147483647
    [ok  ] vector 0: (star) support for k = 1 (Theorem (star): lies in I({l^1 c}))
    [ok  ] vanishes at 6 fresh padded_permanent points (seed 20260905)
    [ok  ] vanishes at 6 fresh reducible points (seed 20260905)
    [ok  ] evaluation at 6 fresh generic points (seed 20260905) has full row rank — rank 1 of 1
    [ok  ] evaluation at 6 fresh det_pencil points (seed 20260905) has full row rank — rank 1 of 1
PASS        results/certs/17_12_4_1_1_1_d9_int.json.gz  (1.1s)  s42/s47 lift: 1 integer HWV(s) of weight (17, 12, 4, 1, 1, 1) in degree 9 in I(R_6)
    [ok  ] cell: n = 4 — n = 4
    [ok  ] cell: length(lambda) = r — lambda (17, 12, 4, 1, 1, 1), r 6
    [ok  ] cell: lambda weakly decreasing
    [ok  ] cell: |lambda| = n*delta — 36 vs 4*9
    [ok  ] cell: a recomputed (Weyl alternation) — recomputed 8, claimed 8
    [ok  ] vectors parsed — 1 vector(s), supports [6804], integer coefficients
    [ok  ] vector 0: shape, degree, canonical terms, weight = lambda
    [ok  ] vector 0: annihilated by every E_(i,i+1) over Z
    [ok  ] vectors linearly independent — rank 1 over Q (flint, exact)
    [ok  ] vector 0: (star) support for k = 1 (Theorem (star): lies in I({l^1 c}))
    [ok  ] vanishes at 6 fresh padded_permanent points (seed 20260905)
    [ok  ] vanishes at 6 fresh reducible points (seed 20260905)
    [ok  ] evaluation at 6 fresh generic points (seed 20260905) has full row rank — rank 1 of 1
    [ok  ] evaluation at 6 fresh det_pencil points (seed 20260905) has full row rank — rank 1 of 1
PASS        results/certs/17_12_4_1_1_1_d9_pad_p2147483629_vec1_modp.json.gz  (1.2s)  s41/s43 pad-side kernel vector: mod-2147483629 HWV of weight (17, 12, 4, 1, 1, 1) in degree 9 vanishing on the pad side (17_12_4_1_1_1_d9_pad_p2147483629_vec1)
    [ok  ] cell: n = 4 — n = 4
    [ok  ] cell: length(lambda) = r — lambda (17, 12, 4, 1, 1, 1), r 6
    [ok  ] cell: lambda weakly decreasing
    [ok  ] cell: |lambda| = n*delta — 36 vs 4*9
    [ok  ] cell: a recomputed (Weyl alternation) — recomputed 8, claimed 8
    [ok  ] vectors parsed — 1 vector(s), supports [6804], modulus 2147483629
    [ok  ] vector 0: shape, degree, canonical terms, weight = lambda
    [ok  ] vector 0: annihilated by every E_(i,i+1) mod 2147483629
    [ok  ] vectors linearly independent — rank 1 mod 2147483629
    [ok  ] vector 0: (star) support for k = 1 (Theorem (star): lies in I({l^1 c}))
    [ok  ] vanishes at 6 fresh padded_permanent points (seed 20260905)
    [ok  ] vanishes at 6 fresh reducible points (seed 20260905)
    [ok  ] evaluation at 6 fresh generic points (seed 20260905) has full row rank — rank 1 of 1
    [ok  ] evaluation at 6 fresh det_pencil points (seed 20260905) has full row rank — rank 1 of 1
PASS        results/certs/17_12_4_1_1_1_d9_pad_p2147483647_vec1_modp.json.gz  (1.2s)  s41/s43 pad-side kernel vector: mod-2147483647 HWV of weight (17, 12, 4, 1, 1, 1) in degree 9 vanishing on the pad side (17_12_4_1_1_1_d9_pad_p2147483647_vec1)
    [ok  ] cell: n = 4 — n = 4
    [ok  ] cell: length(lambda) = r — lambda (17, 12, 4, 1, 1, 1), r 6
    [ok  ] cell: lambda weakly decreasing
    [ok  ] cell: |lambda| = n*delta — 36 vs 4*9
    [ok  ] cell: a recomputed (Weyl alternation) — recomputed 8, claimed 8
    [ok  ] vectors parsed — 1 vector(s), supports [6804], modulus 2147483647
    [ok  ] vector 0: shape, degree, canonical terms, weight = lambda
    [ok  ] vector 0: annihilated by every E_(i,i+1) mod 2147483647
    [ok  ] vectors linearly independent — rank 1 mod 2147483647
    [ok  ] vector 0: (star) support for k = 1 (Theorem (star): lies in I({l^1 c}))
    [ok  ] vanishes at 6 fresh padded_permanent points (seed 20260905)
    [ok  ] vanishes at 6 fresh reducible points (seed 20260905)
    [ok  ] evaluation at 6 fresh generic points (seed 20260905) has full row rank — rank 1 of 1
    [ok  ] evaluation at 6 fresh det_pencil points (seed 20260905) has full row rank — rank 1 of 1
PASS        results/certs/8_4_4_4_4_d6_int.json.gz  (1.3s)  s42/s47 lift: 1 integer HWV(s) of weight (8, 4, 4, 4, 4) in degree 6 in I(R_5)
    [ok  ] cell: n = 4 — n = 4
    [ok  ] cell: length(lambda) = r — lambda (8, 4, 4, 4, 4), r 5
    [ok  ] cell: lambda weakly decreasing
    [ok  ] cell: |lambda| = n*delta — 24 vs 4*6
    [ok  ] cell: a recomputed (Weyl alternation) — recomputed 2, claimed 2
    [ok  ] vectors parsed — 1 vector(s), supports [19834], integer coefficients
    [ok  ] vector 0: shape, degree, canonical terms, weight = lambda
    [ok  ] vector 0: annihilated by every E_(i,i+1) over Z
    [ok  ] vectors linearly independent — rank 1 over Q (flint, exact)
    [ok  ] vector 0: (star) support for k = 1 (Theorem (star): lies in I({l^1 c}))
    [ok  ] vanishes at 6 fresh padded_permanent points (seed 20260905)
    [ok  ] vanishes at 6 fresh reducible points (seed 20260905)
    [ok  ] evaluation at 6 fresh generic points (seed 20260905) has full row rank — rank 1 of 1
    [ok  ] evaluation at 6 fresh det_pencil points (seed 20260905) has full row rank — rank 1 of 1
PASS        results/certs/8_8_8_1_1_1_1_d7_int.json.gz  (6.3s)  s42/s47 lift: 1 integer HWV(s) of weight (8, 8, 8, 1, 1, 1, 1) in degree 7 in I(R_7)
    [ok  ] cell: n = 4 — n = 4
    [ok  ] cell: length(lambda) = r — lambda (8, 8, 8, 1, 1, 1, 1), r 7
    [ok  ] cell: lambda weakly decreasing
    [ok  ] cell: |lambda| = n*delta — 28 vs 4*7
    [ok  ] cell: a recomputed (Weyl alternation) — recomputed 1, claimed 1
    [ok  ] vectors parsed — 1 vector(s), supports [39528], integer coefficients
    [ok  ] vector 0: shape, degree, canonical terms, weight = lambda
    [ok  ] vector 0: annihilated by every E_(i,i+1) over Z
    [ok  ] vectors linearly independent — rank 1 over Q (flint, exact)
    [ok  ] vector 0: (star) support for k = 1 (Theorem (star): lies in I({l^1 c}))
    [ok  ] vanishes at 6 fresh padded_permanent points (seed 20260905)
    [ok  ] vanishes at 6 fresh reducible points (seed 20260905)
    [ok  ] evaluation at 6 fresh generic points (seed 20260905) has full row rank — rank 1 of 1
PASS        results/certs/8_8_8_2_2_d7_int.json.gz  (8.1s)  s42/s47 lift: 1 integer HWV(s) of weight (8, 8, 8, 2, 2) in degree 7 in I(R_5)
    [ok  ] cell: n = 4 — n = 4
    [ok  ] cell: length(lambda) = r — lambda (8, 8, 8, 2, 2), r 5
    [ok  ] cell: lambda weakly decreasing
    [ok  ] cell: |lambda| = n*delta — 28 vs 4*7
    [ok  ] cell: a recomputed (Weyl alternation) — recomputed 3, claimed 3
    [ok  ] vectors parsed — 1 vector(s), supports [100140], integer coefficients
    [ok  ] vector 0: shape, degree, canonical terms, weight = lambda
    [ok  ] vector 0: annihilated by every E_(i,i+1) over Z
    [ok  ] vectors linearly independent — rank 1 over Q (flint, exact)
    [ok  ] vector 0: (star) support for k = 1 (Theorem (star): lies in I({l^1 c}))
    [ok  ] vanishes at 6 fresh padded_permanent points (seed 20260905)
    [ok  ] vanishes at 6 fresh reducible points (seed 20260905)
    [ok  ] evaluation at 6 fresh generic points (seed 20260905) has full row rank — rank 1 of 1
    [ok  ] evaluation at 6 fresh det_pencil points (seed 20260905) has full row rank — rank 1 of 1
PASS        results/certs/9_9_8_1_1_d7_int.json.gz  (0.9s)  s42/s47 lift: 1 integer HWV(s) of weight (9, 9, 8, 1, 1) in degree 7 in I(R_5)
    [ok  ] cell: n = 4 — n = 4
    [ok  ] cell: length(lambda) = r — lambda (9, 9, 8, 1, 1), r 5
    [ok  ] cell: lambda weakly decreasing
    [ok  ] cell: |lambda| = n*delta — 28 vs 4*7
    [ok  ] cell: a recomputed (Weyl alternation) — recomputed 2, claimed 2
    [ok  ] vectors parsed — 1 vector(s), supports [13128], integer coefficients
    [ok  ] vector 0: shape, degree, canonical terms, weight = lambda
    [ok  ] vector 0: annihilated by every E_(i,i+1) over Z
    [ok  ] vectors linearly independent — rank 1 over Q (flint, exact)
    [ok  ] vector 0: (star) support for k = 1 (Theorem (star): lies in I({l^1 c}))
    [ok  ] vanishes at 6 fresh padded_permanent points (seed 20260905)
    [ok  ] vanishes at 6 fresh reducible points (seed 20260905)
    [ok  ] evaluation at 6 fresh generic points (seed 20260905) has full row rank — rank 1 of 1
    [ok  ] evaluation at 6 fresh det_pencil points (seed 20260905) has full row rank — rank 1 of 1
PASS 58, FAIL 0, UNPARSEABLE 0, ERROR 0
