[     0.0s] weight (12,): nb=1 r=1 (Q ok) nb-r=0 | multilinear 0 rank k=0 = Kostka 0 | 0.0s
[     0.0s] weight (11, 1): nb=1 r=1 (Q ok) nb-r=0 | multilinear 0 rank k=0 = Kostka 0 | 0.0s
[     0.1s] weight (10, 2): nb=2 r=2 (Q ok) nb-r=0 | multilinear 0 rank k=0 = Kostka 0 | 0.0s
[     0.1s] weight (10, 1, 1): nb=2 r=2 (Q ok) nb-r=0 | multilinear 0 rank k=0 = Kostka 0 | 0.0s
[     0.1s] weight (9, 3): nb=3 r=3 (Q ok) nb-r=0 | multilinear 0 rank k=0 = Kostka 0 | 0.0s
[     0.1s] weight (9, 2, 1): nb=4 r=4 (Q ok) nb-r=0 | multilinear 0 rank k=0 = Kostka 0 | 0.0s
[     0.1s] weight (8, 4): nb=4 r=4 (Q ok) nb-r=0 | multilinear 0 rank k=0 = Kostka 0 | 0.0s
[     0.1s] weight (8, 3, 1): nb=6 r=6 (Q ok) nb-r=0 | multilinear 0 rank k=0 = Kostka 0 | 0.0s
[     0.2s] weight (8, 2, 2): nb=8 r=8 (Q ok) nb-r=0 | multilinear 0 rank k=0 = Kostka 0 | 0.0s
[     0.2s] weight (7, 5): nb=4 r=4 (Q ok) nb-r=0 | multilinear 0 rank k=0 = Kostka 0 | 0.0s
[     0.2s] weight (7, 4, 1): nb=8 r=8 (Q ok) nb-r=0 | multilinear 0 rank k=0 = Kostka 0 | 0.0s
[     0.2s] weight (7, 3, 2): nb=11 r=11 (Q ok) nb-r=0 | multilinear 0 rank k=0 = Kostka 0 | 0.0s
[     0.3s] weight (6, 6): nb=5 r=5 (Q ok) nb-r=0 | multilinear 0 rank k=0 = Kostka 0 | 0.0s
[     0.3s] weight (6, 5, 1): nb=9 r=9 (Q ok) nb-r=0 | multilinear 0 rank k=0 = Kostka 0 | 0.0s
[     0.3s] weight (6, 4, 2): nb=15 r=15 (Q ok) nb-r=0 | multilinear 0 rank k=0 = Kostka 0 | 0.0s
[     0.3s] weight (6, 3, 3): nb=16 r=16 (Q ok) nb-r=0 | multilinear 0 rank k=0 = Kostka 0 | 0.0s
[     0.4s] weight (5, 5, 2): nb=15 r=15 (Q ok) nb-r=0 | multilinear 0 rank k=0 = Kostka 0 | 0.0s
[     0.4s] weight (5, 4, 3): nb=19 r=19 (Q ok) nb-r=0 | multilinear 0 rank k=0 = Kostka 0 | 0.0s
[     0.5s] weight (4, 4, 4): nb=23 r=23 (Q ok) nb-r=0 | multilinear 0 rank k=0 = Kostka 0 | 0.0s
[     0.5s] weight (9, 1, 1, 1): nb=5 r=5 (Q ok) nb-r=0 | multilinear 0 rank k=0 = Kostka 0 | 0.0s
[     0.6s] weight (7, 1, 1, 1, 1, 1): nb=40 r=40 (Q ok) nb-r=0 | multilinear 0 rank k=0 = Kostka 0 | 0.1s
[     0.7s] weight (6, 2, 1, 1, 1, 1): nb=76 r=76 (Q ok) nb-r=0 | multilinear 0 rank k=0 = Kostka 0 | 0.1s
[     0.8s] weight (5, 3, 2, 2): nb=48 r=48 (Q ok) nb-r=0 | multilinear 0 rank k=0 = Kostka 0 | 0.1s
[     1.5s] weight (5, 1, 1, 1, 1, 1, 1, 1): nb=315 r=315 (Q ok) nb-r=0 | multilinear 0 rank k=0 = Kostka 0 | 0.5s
[     1.7s] weight (4, 3, 3, 1, 1): nb=93 r=93 (Q ok) nb-r=0 | multilinear 0 rank k=0 = Kostka 0 | 0.2s
[     2.6s] weight (4, 2, 2, 1, 1, 1, 1): nb=337 r=337 (Q ok) nb-r=0 | multilinear 0 rank k=0 = Kostka 0 | 0.6s
[     3.2s] weight (3, 3, 2, 2, 1, 1): nb=255 r=255 (Q ok) nb-r=0 | multilinear 3 rank k=2 = Kostka 2 | 0.5s
[     3.2s] cell (12,): a=1 m=1 sk=1
[     3.2s] cell (10, 2): a=1 m=1 sk=1
[     3.2s] cell (9, 3): a=1 m=1 sk=1
[     3.2s] cell (8, 4): a=1 m=1 sk=1
[     3.2s] cell (8, 2, 2): a=1 m=1 sk=2
[     3.2s] cell (7, 4, 1): a=1 m=1 sk=1
[     3.2s] cell (6, 6): a=1 m=1 sk=1
[     3.2s] cell (6, 4, 2): a=1 m=1 sk=2
[     3.2s] cell (4, 4, 4): a=1 m=1 sk=2
[     3.2s] sum a f = 5775, sum m f = 5775, |H| = 5775
[     3.2s] written s56_weights_d3.json
