[    0.0s] delta=2 N=8 |H|=35
[    0.0s] labelled margin-4 matrices: 5; double cosets W\S_N/W: 3
[    0.0s] relation matrix built
[    0.0s] |K_d| by double coset: {0: 576, 1: 144, 2: 96}
[    0.0s] signed Gram matrix built
[    0.3s] sign formula validated on 200 random pairs by direct evaluation
[    0.3s] beta = K∘K agrees with the double-coset lookup at every pair
[    0.3s] P2 rank K = (14, 14) over Q 14 (f_rect = 14)
[    0.3s] rank beta (= rank Theta^+) = (35, 35), over Q 35; |H| = 35
[    0.3s] |W| = 1152
[    0.3s] coset cycle-type histograms done
[    0.3s] lambda=(8,) f=1 a=1 sk=1 g=1 m=1
[    0.3s] lambda=(6, 2) f=20 a=1 sk=1 g=1 m=1
[    0.3s] lambda=(4, 4) f=14 a=1 sk=1 g=1 m=1
[    0.3s] sum a f = 35 (|H| 35); sum m f = 35 (rank beta 35)
[    0.3s] weight (8,): nb=1 r=1 | multilinear 0 rank k=0 = Kostka 0
[    0.3s] weight (7, 1): nb=1 r=1 | multilinear 0 rank k=0 = Kostka 0
[    0.3s] weight (6, 2): nb=2 r=2 | multilinear 0 rank k=0 = Kostka 0
[    0.3s] weight (5, 3): nb=2 r=2 | multilinear 0 rank k=0 = Kostka 0
[    0.3s] weight (4, 4): nb=3 r=3 | multilinear 0 rank k=0 = Kostka 0
[    0.3s] weight (5, 1, 1, 1) (Specht check only): nb=4 r=4 | multilinear 0 rank k=0 = Kostka 0
[    0.3s] weight (4, 2, 1, 1) (Specht check only): nb=6 r=6 | multilinear 0 rank k=0 = Kostka 0
[    0.3s] weight (4, 1, 1, 1, 1) (Specht check only): nb=8 r=8 | multilinear 0 rank k=0 = Kostka 0
[    0.3s] weight (3, 3, 1, 1) (Specht check only): nb=7 r=7 | multilinear 0 rank k=0 = Kostka 0
[    0.3s] weight (3, 2, 2, 1) (Specht check only): nb=8 r=8 | multilinear 0 rank k=0 = Kostka 0
[    0.3s] weight (3, 2, 1, 1, 1) (Specht check only): nb=11 r=11 | multilinear 0 rank k=0 = Kostka 0
[    0.3s] weight (3, 1, 1, 1, 1, 1) (Specht check only): nb=15 r=15 | multilinear 0 rank k=0 = Kostka 0
[    0.3s] weight (2, 2, 2, 2) (Specht check only): nb=10 r=10 | multilinear 1 rank k=1 = Kostka 1
[    0.3s] weight (2, 2, 2, 1, 1) (Specht check only): nb=13 r=13 | multilinear 1 rank k=1 = Kostka 1
[    0.3s] weight (2, 2, 1, 1, 1, 1) (Specht check only): nb=18 r=18 | multilinear 3 rank k=2 = Kostka 2
[    0.3s] weight (2, 1, 1, 1, 1, 1, 1) (Specht check only): nb=25 r=25 | multilinear 10 rank k=5 = Kostka 5
[    0.3s] weight (1, 1, 1, 1, 1, 1, 1, 1) (Specht check only): nb=35 r=35 | multilinear 35 rank k=14 = Kostka 14
[    0.3s] P4: route (b) agrees with route (a) at every weight (m and a)
[    0.3s] written
