[ok] MN characters agree with house at N=8 (22^2 values): got 0 want 0
[ok] orthogonality at N=8, rho=(4, 1, 1, 1, 1): got 96 want 96
[ok] sum f^2 = N! at N=8: got 40320 want 40320
[ok] MN characters agree with house at N=12 (77^2 values): got 0 want 0
[ok] orthogonality at N=12, rho=(5, 3, 1, 1, 1, 1): got 360 want 360
[ok] sum f^2 = N! at N=12: got 479001600 want 479001600
[ok] K_{mu,mu}=1 at (4, 4): got 1 want 1
[ok] sum_nu K f = multinomial at (4, 4): got 70 want 70
[ok] K_{mu,mu}=1 at (6, 2): got 1 want 1
[ok] sum_nu K f = multinomial at (6, 2): got 28 want 28
[ok] K_{mu,mu}=1 at (4, 4, 4): got 1 want 1
[ok] sum_nu K f = multinomial at (4, 4, 4): got 34650 want 34650
[ok] K_{mu,mu}=1 at (8, 2, 2): got 1 want 1
[ok] sum_nu K f = multinomial at (8, 2, 2): got 2970 want 2970
[ok] K_{mu,mu}=1 at (4, 4, 4, 4): got 1 want 1
[ok] sum_nu K f = multinomial at (4, 4, 4, 4): got 63063000 want 63063000
[ok] K_{mu,mu}=1 at (7, 5, 3, 1): got 1 want 1
[ok] sum_nu K f = multinomial at (7, 5, 3, 1): got 5765760 want 5765760
[ok] K_{mu,mu}=1 at (4, 4, 4, 4, 4): got 1 want 1
[ok] sum_nu K f = multinomial at (4, 4, 4, 4, 4): got 305540235000 want 305540235000
[ok] K_{(3,2,1),(2,2,1,1)} = 4: got 4 want 4
[ok] K_{(4,2),(2,2,1,1)} = 4 (hand enumeration: rows 2 in {22,23,24,34}): got 4 want 4
[ok] P6 sk == house m_det at delta=2 (3 cells): got [] want []
[ok] P6 sk == house m_det at delta=3 (9 cells): got [] want []
[ok] P6 sk == house m_det at delta=4 (28 cells): got [] want []
[ok] P6 sk == occurrence_screen m_det at delta=5 (23 rows): got [] want []
[ok] g >= sk at all delta=5 rows: got True want True
[ok] |H_{4,2}|: got 35 want 35
[ok] K(pi0,pi0) = 24^2: got 576 want 576
[ok] |H_{4,3}|: got 5775 want 5775
[ok] K(pi0,pi0) = 24^3: got 13824 want 13824
setup checks done in 0.8s, failures = 0
