[    0.0s] delta=3 N=12 |H|=5775
[    0.1s] labelled margin-4 matrices: 120; double cosets W\S_N/W: 9
[   21.0s] relation matrix built
[   22.9s] |K_d| by double coset: {0: 13824, 1: 3456, 2: 2304, 3: 864, 4: 864, 5: 576, 6: 384, 7: 384, 8: 96}
[   40.7s] signed Gram matrix built
[   42.3s] sign formula validated on 40 random pairs by direct evaluation
[   53.6s] beta = K∘K agrees with the double-coset lookup at every pair
[  188.8s] P2 rank K = (462, 462) over Q 462 (f_rect = 462)
[  320.2s] rank beta (= rank Theta^+) = (5775, 5775), over Q 5775; |H| = 5775
[  320.4s] |W| = 82944
[  322.4s] coset cycle-type histograms done
[  689.8s] lambda=(12,) f=1 a=1 sk=1 g=1 m=1
[ 1031.6s] lambda=(10, 2) f=54 a=1 sk=1 g=1 m=1
[ 1061.4s] lambda=(9, 3) f=154 a=1 sk=1 g=1 m=1
[ 1095.0s] lambda=(8, 4) f=275 a=1 sk=1 g=1 m=1
[ 1137.7s] lambda=(8, 2, 2) f=616 a=1 sk=2 g=2 m=1
[ 1196.6s] lambda=(7, 4, 1) f=1408 a=1 sk=1 g=1 m=1
[ 1225.0s] lambda=(6, 6) f=132 a=1 sk=1 g=1 m=1
[ 1299.3s] lambda=(6, 4, 2) f=2673 a=1 sk=2 g=2 m=1
[ 1338.4s] lambda=(4, 4, 4) f=462 a=1 sk=2 g=2 m=1
[ 1338.4s] sum a f = 5775 (|H| 5775); sum m f = 5775 (rank beta 5775)
[ 1338.5s] weight (12,): nb=1 r=1 | multilinear 0 rank k=0 = Kostka 0
[ 1338.6s] weight (11, 1): nb=1 r=1 | multilinear 0 rank k=0 = Kostka 0
[ 1338.7s] weight (10, 2): nb=2 r=2 | multilinear 0 rank k=0 = Kostka 0
[ 1338.7s] weight (10, 1, 1): nb=2 r=2 | multilinear 0 rank k=0 = Kostka 0
[ 1338.8s] weight (9, 3): nb=3 r=3 | multilinear 0 rank k=0 = Kostka 0
[ 1338.9s] weight (9, 2, 1): nb=4 r=4 | multilinear 0 rank k=0 = Kostka 0
[ 1339.0s] weight (8, 4): nb=4 r=4 | multilinear 0 rank k=0 = Kostka 0
[ 1339.1s] weight (8, 3, 1): nb=6 r=6 | multilinear 0 rank k=0 = Kostka 0
[ 1339.1s] weight (8, 2, 2): nb=8 r=8 | multilinear 0 rank k=0 = Kostka 0
[ 1339.2s] weight (7, 5): nb=4 r=4 | multilinear 0 rank k=0 = Kostka 0
[ 1339.3s] weight (7, 4, 1): nb=8 r=8 | multilinear 0 rank k=0 = Kostka 0
[ 1339.4s] weight (7, 3, 2): nb=11 r=11 | multilinear 0 rank k=0 = Kostka 0
[ 1339.5s] weight (6, 6): nb=5 r=5 | multilinear 0 rank k=0 = Kostka 0
[ 1339.6s] weight (6, 5, 1): nb=9 r=9 | multilinear 0 rank k=0 = Kostka 0
[ 1339.7s] weight (6, 4, 2): nb=15 r=15 | multilinear 0 rank k=0 = Kostka 0
[ 1339.7s] weight (6, 3, 3): nb=16 r=16 | multilinear 0 rank k=0 = Kostka 0
[ 1339.8s] weight (5, 5, 2): nb=15 r=15 | multilinear 0 rank k=0 = Kostka 0
[ 1339.9s] weight (5, 4, 3): nb=19 r=19 | multilinear 0 rank k=0 = Kostka 0
[ 1340.0s] weight (4, 4, 4): nb=23 r=23 | multilinear 0 rank k=0 = Kostka 0
[ 1340.1s] weight (9, 1, 1, 1) (Specht check only): nb=5 r=5 | multilinear 0 rank k=0 = Kostka 0
[ 1340.2s] weight (7, 2, 2, 1) (Specht check only): nb=19 r=19 | multilinear 0 rank k=0 = Kostka 0
[ 1340.3s] weight (6, 3, 2, 1) (Specht check only): nb=28 r=28 | multilinear 0 rank k=0 = Kostka 0
[ 1340.5s] weight (6, 2, 1, 1, 1, 1) (Specht check only): nb=76 r=76 | multilinear 0 rank k=0 = Kostka 0
[ 1340.6s] weight (5, 4, 1, 1, 1) (Specht check only): nb=50 r=50 | multilinear 0 rank k=0 = Kostka 0
[ 1340.8s] weight (5, 3, 1, 1, 1, 1) (Specht check only): nb=108 r=108 | multilinear 0 rank k=0 = Kostka 0
[ 1341.8s] weight (5, 1, 1, 1, 1, 1, 1, 1) (Specht check only): nb=315 r=315 | multilinear 0 rank k=0 = Kostka 0
[ 1342.1s] weight (4, 4, 1, 1, 1, 1) (Specht check only): nb=122 r=122 | multilinear 0 rank k=0 = Kostka 0
[ 1342.5s] weight (4, 3, 2, 1, 1, 1) (Specht check only): nb=176 r=176 | multilinear 0 rank k=0 = Kostka 0
[ 1343.7s] weight (4, 2, 2, 1, 1, 1, 1) (Specht check only): nb=337 r=337 | multilinear 0 rank k=0 = Kostka 0
[ 1344.3s] weight (3, 3, 3, 1, 1, 1) (Specht check only): nb=205 r=205 | multilinear 1 rank k=1 = Kostka 1
[ 1347.7s] weight (3, 3, 1, 1, 1, 1, 1, 1) (Specht check only): nb=610 r=610 | multilinear 15 rank k=5 = Kostka 5
[ 1349.5s] weight (2, 2, 2, 2, 2, 2) (Specht check only): nb=405 r=405 | multilinear 15 rank k=5 = Kostka 5
[ 1349.5s] P4: route (b) agrees with route (a) at every weight (m and a)
[ 1350.8s] written
