23:21:49 [d17] 9 family cells: F2_l6:(58, 2, 2, 2, 2, 2), F2_l7:(56, 2, 2, 2, 2, 2, 2), F2_l8:(54, 2, 2, 2, 2, 2, 2, 2), F2_l9:(52, 2, 2, 2, 2, 2, 2, 2, 2), F2_l10:(50, 2, 2, 2, 2, 2, 2, 2, 2, 2), F3_k3:(49, 11, 2, 2, 2, 2) ...
23:21:49 [d17] F2_l6 (58, 2, 2, 2, 2, 2): a=1 (engine None, weyl 1) bal=56 stab=120
23:21:49 [d17] F2_l6 (58, 2, 2, 2, 2, 2): N_S=8269 (exact) n_chi~=69
23:21:51 [d17] F2_l7 (56, 2, 2, 2, 2, 2, 2): a=1 (engine None, weyl 1) bal=54 stab=720
23:21:51 [d17] F2_l7 (56, 2, 2, 2, 2, 2, 2): N_S=140443 (exact) n_chi~=196
23:22:00 [d17] F2_l8 (54, 2, 2, 2, 2, 2, 2, 2): a=1 (engine None, weyl 1) bal=52 stab=5040
23:22:00 [d17] F2_l8 (54, 2, 2, 2, 2, 2, 2, 2): N_S=2923716 (exact) n_chi~=581
23:22:31 [d17] F2_l9 (52, 2, 2, 2, 2, 2, 2, 2, 2): a=1 (engine None, weyl 1) bal=50 stab=40320
23:22:32 [d17] F2_l9 (52, 2, 2, 2, 2, 2, 2, 2, 2): N_S=72605788 (exact) n_chi~=1801
23:22:32 [d17] F2_l10 (50, 2, 2, 2, 2, 2, 2, 2, 2, 2): a=None (engine None, weyl None) bal=48 stab=362880
23:22:33 [d17] F3_k3 (49, 11, 2, 2, 2, 2): a=49 (engine None, weyl 49) bal=47 stab=24
23:22:34 [d17] F3_k3 (49, 11, 2, 2, 2, 2): N_S=933395 (exact) n_chi~=38892
23:22:41 [d17] F3_k4 (45, 13, 2, 2, 2, 2, 2): a=93 (engine None, weyl 93) bal=43 stab=120
23:22:41 [d17] F3_k4 (45, 13, 2, 2, 2, 2, 2): N_S=43877481 (exact) n_chi~=365646
23:23:21 [d17] F3_k5 (41, 15, 2, 2, 2, 2, 2, 2): a=156 (engine None, weyl 156) bal=39 stab=720
23:23:21 [d17] F3_k5 (41, 15, 2, 2, 2, 2, 2, 2): N_S=2406982722 (exact) n_chi~=3343032
23:23:21 [d17] F3_k7 (33, 19, 2, 2, 2, 2, 2, 2, 2, 2): a=None (engine None, weyl None) bal=31 stab=40320
23:23:21 [d17] family cells done [93s]
23:23:21 [d18] 9 family cells: F2_l6:(62, 2, 2, 2, 2, 2), F2_l7:(60, 2, 2, 2, 2, 2, 2), F2_l8:(58, 2, 2, 2, 2, 2, 2, 2), F2_l9:(56, 2, 2, 2, 2, 2, 2, 2, 2), F2_l10:(54, 2, 2, 2, 2, 2, 2, 2, 2, 2), F3_k3:(53, 11, 2, 2, 2, 2) ...
23:23:22 [d18] F2_l6 (62, 2, 2, 2, 2, 2): a=1 (engine None, weyl 1) bal=60 stab=120
23:23:22 [d18] F2_l6 (62, 2, 2, 2, 2, 2): N_S=8269 (exact) n_chi~=69
23:23:24 [d18] F2_l7 (60, 2, 2, 2, 2, 2, 2): a=1 (engine None, weyl 1) bal=58 stab=720
23:23:24 [d18] F2_l7 (60, 2, 2, 2, 2, 2, 2): N_S=140443 (exact) n_chi~=196
23:23:33 [d18] F2_l8 (58, 2, 2, 2, 2, 2, 2, 2): a=1 (engine None, weyl 1) bal=56 stab=5040
23:23:33 [d18] F2_l8 (58, 2, 2, 2, 2, 2, 2, 2): N_S=2923716 (exact) n_chi~=581
23:24:09 [d18] F2_l9 (56, 2, 2, 2, 2, 2, 2, 2, 2): a=1 (engine None, weyl 1) bal=54 stab=40320
23:24:09 [d18] F2_l9 (56, 2, 2, 2, 2, 2, 2, 2, 2): N_S=72605788 (exact) n_chi~=1801
23:24:09 [d18] F2_l10 (54, 2, 2, 2, 2, 2, 2, 2, 2, 2): a=None (engine None, weyl None) bal=52 stab=362880
23:24:11 [d18] F3_k3 (53, 11, 2, 2, 2, 2): a=49 (engine None, weyl 49) bal=51 stab=24
23:24:11 [d18] F3_k3 (53, 11, 2, 2, 2, 2): N_S=933410 (exact) n_chi~=38893
23:24:19 [d18] F3_k4 (49, 13, 2, 2, 2, 2, 2): a=94 (engine None, weyl 94) bal=47 stab=120
23:24:20 [d18] F3_k4 (49, 13, 2, 2, 2, 2, 2): N_S=43925585 (exact) n_chi~=366047
23:25:02 [d18] F3_k5 (45, 15, 2, 2, 2, 2, 2, 2): a=161 (engine None, weyl 161) bal=43 stab=720
23:25:03 [d18] F3_k5 (45, 15, 2, 2, 2, 2, 2, 2): N_S=2429008496 (exact) n_chi~=3373623
23:25:03 [d18] F3_k7 (37, 19, 2, 2, 2, 2, 2, 2, 2, 2): a=None (engine None, weyl None) bal=35 stab=40320
23:25:03 [d18] family cells done [101s]
23:25:03 [d19] 9 family cells: F2_l6:(66, 2, 2, 2, 2, 2), F2_l7:(64, 2, 2, 2, 2, 2, 2), F2_l8:(62, 2, 2, 2, 2, 2, 2, 2), F2_l9:(60, 2, 2, 2, 2, 2, 2, 2, 2), F2_l10:(58, 2, 2, 2, 2, 2, 2, 2, 2, 2), F3_k3:(57, 11, 2, 2, 2, 2) ...
23:25:03 [d19] F2_l6 (66, 2, 2, 2, 2, 2): a=1 (engine None, weyl 1) bal=64 stab=120
23:25:03 [d19] F2_l6 (66, 2, 2, 2, 2, 2): N_S=8269 (exact) n_chi~=69
23:25:06 [d19] F2_l7 (64, 2, 2, 2, 2, 2, 2): a=1 (engine None, weyl 1) bal=62 stab=720
23:25:06 [d19] F2_l7 (64, 2, 2, 2, 2, 2, 2): N_S=140443 (exact) n_chi~=196
23:25:15 [d19] F2_l8 (62, 2, 2, 2, 2, 2, 2, 2): a=1 (engine None, weyl 1) bal=60 stab=5040
23:25:15 [d19] F2_l8 (62, 2, 2, 2, 2, 2, 2, 2): N_S=2923716 (exact) n_chi~=581
23:25:50 [d19] F2_l9 (60, 2, 2, 2, 2, 2, 2, 2, 2): a=1 (engine None, weyl 1) bal=58 stab=40320
23:25:50 [d19] F2_l9 (60, 2, 2, 2, 2, 2, 2, 2, 2): N_S=72605788 (exact) n_chi~=1801
23:25:50 [d19] F2_l10 (58, 2, 2, 2, 2, 2, 2, 2, 2, 2): a=None (engine None, weyl None) bal=56 stab=362880
23:25:52 [d19] F3_k3 (57, 11, 2, 2, 2, 2): a=49 (engine None, weyl 49) bal=55 stab=24
23:25:52 [d19] F3_k3 (57, 11, 2, 2, 2, 2): N_S=933411 (exact) n_chi~=38893
23:26:00 [d19] F3_k4 (53, 13, 2, 2, 2, 2, 2): a=94 (engine None, weyl 94) bal=51 stab=120
23:26:00 [d19] F3_k4 (53, 13, 2, 2, 2, 2, 2): N_S=43936954 (exact) n_chi~=366142
23:26:47 [d19] F3_k5 (49, 15, 2, 2, 2, 2, 2, 2): a=164 (engine None, weyl 164) bal=47 stab=720
23:26:48 [d19] F3_k5 (49, 15, 2, 2, 2, 2, 2, 2): N_S=2438068287 (exact) n_chi~=3386206
23:26:48 [d19] F3_k7 (41, 19, 2, 2, 2, 2, 2, 2, 2, 2): a=None (engine None, weyl None) bal=39 stab=40320
23:26:48 [d19] family cells done [105s]
23:26:48 [d20] 9 family cells: F2_l6:(70, 2, 2, 2, 2, 2), F2_l7:(68, 2, 2, 2, 2, 2, 2), F2_l8:(66, 2, 2, 2, 2, 2, 2, 2), F2_l9:(64, 2, 2, 2, 2, 2, 2, 2, 2), F2_l10:(62, 2, 2, 2, 2, 2, 2, 2, 2, 2), F3_k3:(61, 11, 2, 2, 2, 2) ...
23:26:49 [d20] F2_l6 (70, 2, 2, 2, 2, 2): a=1 (engine None, weyl 1) bal=68 stab=120
23:26:49 [d20] F2_l6 (70, 2, 2, 2, 2, 2): N_S=8269 (exact) n_chi~=69
23:26:52 [d20] F2_l7 (68, 2, 2, 2, 2, 2, 2): a=1 (engine None, weyl 1) bal=66 stab=720
23:26:52 [d20] F2_l7 (68, 2, 2, 2, 2, 2, 2): N_S=140443 (exact) n_chi~=196
23:27:02 [d20] F2_l8 (66, 2, 2, 2, 2, 2, 2, 2): a=1 (engine None, weyl 1) bal=64 stab=5040
23:27:02 [d20] F2_l8 (66, 2, 2, 2, 2, 2, 2, 2): N_S=2923716 (exact) n_chi~=581
23:27:41 [d20] F2_l9 (64, 2, 2, 2, 2, 2, 2, 2, 2): a=1 (engine None, weyl 1) bal=62 stab=40320
23:27:42 [d20] F2_l9 (64, 2, 2, 2, 2, 2, 2, 2, 2): N_S=72605788 (exact) n_chi~=1801
23:27:42 [d20] F2_l10 (62, 2, 2, 2, 2, 2, 2, 2, 2, 2): a=None (engine None, weyl None) bal=60 stab=362880
23:27:44 [d20] F3_k3 (61, 11, 2, 2, 2, 2): a=49 (engine None, weyl 49) bal=59 stab=24
23:27:44 [d20] F3_k3 (61, 11, 2, 2, 2, 2): N_S=933411 (exact) n_chi~=38893
23:27:53 [d20] F3_k4 (57, 13, 2, 2, 2, 2, 2): a=94 (engine None, weyl 94) bal=55 stab=120
23:27:53 [d20] F3_k4 (57, 13, 2, 2, 2, 2, 2): N_S=43938957 (exact) n_chi~=366158
23:28:42 [d20] F3_k5 (53, 15, 2, 2, 2, 2, 2, 2): a=165 (engine None, weyl 165) bal=51 stab=720
23:28:43 [d20] F3_k5 (53, 15, 2, 2, 2, 2, 2, 2): N_S=2441229473 (exact) n_chi~=3390597
23:28:43 [d20] F3_k7 (45, 19, 2, 2, 2, 2, 2, 2, 2, 2): a=None (engine None, weyl None) bal=43 stab=40320
23:28:43 [d20] family cells done [115s]
23:28:43 [d21] 9 family cells: F2_l6:(74, 2, 2, 2, 2, 2), F2_l7:(72, 2, 2, 2, 2, 2, 2), F2_l8:(70, 2, 2, 2, 2, 2, 2, 2), F2_l9:(68, 2, 2, 2, 2, 2, 2, 2, 2), F2_l10:(66, 2, 2, 2, 2, 2, 2, 2, 2, 2), F3_k3:(65, 11, 2, 2, 2, 2) ...
23:28:44 [d21] F2_l6 (74, 2, 2, 2, 2, 2): a=1 (engine None, weyl 1) bal=72 stab=120
23:28:44 [d21] F2_l6 (74, 2, 2, 2, 2, 2): N_S=8269 (exact) n_chi~=69
23:28:47 [d21] F2_l7 (72, 2, 2, 2, 2, 2, 2): a=1 (engine None, weyl 1) bal=70 stab=720
23:28:47 [d21] F2_l7 (72, 2, 2, 2, 2, 2, 2): N_S=140443 (exact) n_chi~=196
23:28:58 [d21] F2_l8 (70, 2, 2, 2, 2, 2, 2, 2): a=1 (engine None, weyl 1) bal=68 stab=5040
23:28:58 [d21] F2_l8 (70, 2, 2, 2, 2, 2, 2, 2): N_S=2923716 (exact) n_chi~=581
23:29:39 [d21] F2_l9 (68, 2, 2, 2, 2, 2, 2, 2, 2): a=1 (engine None, weyl 1) bal=66 stab=40320
23:29:40 [d21] F2_l9 (68, 2, 2, 2, 2, 2, 2, 2, 2): N_S=72605788 (exact) n_chi~=1801
23:29:40 [d21] F2_l10 (66, 2, 2, 2, 2, 2, 2, 2, 2, 2): a=None (engine None, weyl None) bal=64 stab=362880
23:29:41 [d21] F3_k3 (65, 11, 2, 2, 2, 2): a=49 (engine None, weyl 49) bal=63 stab=24
23:29:42 [d21] F3_k3 (65, 11, 2, 2, 2, 2): N_S=933411 (exact) n_chi~=38893
23:29:51 [d21] F3_k4 (61, 13, 2, 2, 2, 2, 2): a=94 (engine None, weyl 94) bal=59 stab=120
23:29:51 [d21] F3_k4 (61, 13, 2, 2, 2, 2, 2): N_S=43939209 (exact) n_chi~=366161
23:30:39 [d21] F3_k5 (57, 15, 2, 2, 2, 2, 2, 2): a=166 (engine None, weyl 166) bal=55 stab=720
23:30:40 [d21] F3_k5 (57, 15, 2, 2, 2, 2, 2, 2): N_S=2442133394 (exact) n_chi~=3391852
23:30:40 [d21] F3_k7 (49, 19, 2, 2, 2, 2, 2, 2, 2, 2): a=None (engine None, weyl None) bal=47 stab=40320
23:30:40 [d21] family cells done [117s]
23:30:40 [d22] 9 family cells: F2_l6:(78, 2, 2, 2, 2, 2), F2_l7:(76, 2, 2, 2, 2, 2, 2), F2_l8:(74, 2, 2, 2, 2, 2, 2, 2), F2_l9:(72, 2, 2, 2, 2, 2, 2, 2, 2), F2_l10:(70, 2, 2, 2, 2, 2, 2, 2, 2, 2), F3_k3:(69, 11, 2, 2, 2, 2) ...
23:30:41 [d22] F2_l6 (78, 2, 2, 2, 2, 2): a=1 (engine None, weyl 1) bal=76 stab=120
23:30:41 [d22] F2_l6 (78, 2, 2, 2, 2, 2): N_S=8269 (exact) n_chi~=69
23:30:44 [d22] F2_l7 (76, 2, 2, 2, 2, 2, 2): a=1 (engine None, weyl 1) bal=74 stab=720
23:30:44 [d22] F2_l7 (76, 2, 2, 2, 2, 2, 2): N_S=140443 (exact) n_chi~=196
23:30:54 [d22] F2_l8 (74, 2, 2, 2, 2, 2, 2, 2): a=1 (engine None, weyl 1) bal=72 stab=5040
23:30:55 [d22] F2_l8 (74, 2, 2, 2, 2, 2, 2, 2): N_S=2923716 (exact) n_chi~=581
23:31:35 [d22] F2_l9 (72, 2, 2, 2, 2, 2, 2, 2, 2): a=1 (engine None, weyl 1) bal=70 stab=40320
23:31:36 [d22] F2_l9 (72, 2, 2, 2, 2, 2, 2, 2, 2): N_S=72605788 (exact) n_chi~=1801
23:31:36 [d22] F2_l10 (70, 2, 2, 2, 2, 2, 2, 2, 2, 2): a=None (engine None, weyl None) bal=68 stab=362880
23:31:37 [d22] F3_k3 (69, 11, 2, 2, 2, 2): a=49 (engine None, weyl 49) bal=67 stab=24
23:31:38 [d22] F3_k3 (69, 11, 2, 2, 2, 2): N_S=933411 (exact) n_chi~=38893
23:31:47 [d22] F3_k4 (65, 13, 2, 2, 2, 2, 2): a=94 (engine None, weyl 94) bal=63 stab=120
23:31:47 [d22] F3_k4 (65, 13, 2, 2, 2, 2, 2): N_S=43939230 (exact) n_chi~=366161
23:32:39 [d22] F3_k5 (61, 15, 2, 2, 2, 2, 2, 2): a=166 (engine None, weyl 166) bal=59 stab=720
23:32:40 [d22] F3_k5 (61, 15, 2, 2, 2, 2, 2, 2): N_S=2442338249 (exact) n_chi~=3392137
23:32:40 [d22] F3_k7 (53, 19, 2, 2, 2, 2, 2, 2, 2, 2): a=None (engine None, weyl None) bal=51 stab=40320
23:32:40 [d22] family cells done [120s]
23:32:40 [d23] 9 family cells: F2_l6:(82, 2, 2, 2, 2, 2), F2_l7:(80, 2, 2, 2, 2, 2, 2), F2_l8:(78, 2, 2, 2, 2, 2, 2, 2), F2_l9:(76, 2, 2, 2, 2, 2, 2, 2, 2), F2_l10:(74, 2, 2, 2, 2, 2, 2, 2, 2, 2), F3_k3:(73, 11, 2, 2, 2, 2) ...
23:32:41 [d23] F2_l6 (82, 2, 2, 2, 2, 2): a=1 (engine None, weyl 1) bal=80 stab=120
23:32:41 [d23] F2_l6 (82, 2, 2, 2, 2, 2): N_S=8269 (exact) n_chi~=69
23:32:44 [d23] F2_l7 (80, 2, 2, 2, 2, 2, 2): a=1 (engine None, weyl 1) bal=78 stab=720
23:32:44 [d23] F2_l7 (80, 2, 2, 2, 2, 2, 2): N_S=140443 (exact) n_chi~=196
23:32:55 [d23] F2_l8 (78, 2, 2, 2, 2, 2, 2, 2): a=1 (engine None, weyl 1) bal=76 stab=5040
23:32:55 [d23] F2_l8 (78, 2, 2, 2, 2, 2, 2, 2): N_S=2923716 (exact) n_chi~=581
23:33:52 [d23] F2_l9 (76, 2, 2, 2, 2, 2, 2, 2, 2): a=1 (engine None, weyl 1) bal=74 stab=40320
23:33:53 [d23] F2_l9 (76, 2, 2, 2, 2, 2, 2, 2, 2): N_S=72605788 (exact) n_chi~=1801
23:33:53 [d23] F2_l10 (74, 2, 2, 2, 2, 2, 2, 2, 2, 2): a=None (engine None, weyl None) bal=72 stab=362880
23:33:56 [d23] F3_k3 (73, 11, 2, 2, 2, 2): a=49 (engine None, weyl 49) bal=71 stab=24
23:33:56 [d23] F3_k3 (73, 11, 2, 2, 2, 2): N_S=933411 (exact) n_chi~=38893
23:34:12 [d23] F3_k4 (69, 13, 2, 2, 2, 2, 2): a=94 (engine None, weyl 94) bal=67 stab=120
23:34:12 [d23] F3_k4 (69, 13, 2, 2, 2, 2, 2): N_S=43939231 (exact) n_chi~=366161
23:35:35 [d23] F3_k5 (65, 15, 2, 2, 2, 2, 2, 2): a=166 (engine None, weyl 166) bal=63 stab=720
23:35:36 [d23] F3_k5 (65, 15, 2, 2, 2, 2, 2, 2): N_S=2442374010 (exact) n_chi~=3392187
23:35:36 [d23] F3_k7 (57, 19, 2, 2, 2, 2, 2, 2, 2, 2): a=None (engine None, weyl None) bal=55 stab=40320
23:35:36 [d23] family cells done [176s]
23:35:36 [d24] 9 family cells: F2_l6:(86, 2, 2, 2, 2, 2), F2_l7:(84, 2, 2, 2, 2, 2, 2), F2_l8:(82, 2, 2, 2, 2, 2, 2, 2), F2_l9:(80, 2, 2, 2, 2, 2, 2, 2, 2), F2_l10:(78, 2, 2, 2, 2, 2, 2, 2, 2, 2), F3_k3:(77, 11, 2, 2, 2, 2) ...
23:35:37 [d24] F2_l6 (86, 2, 2, 2, 2, 2): a=1 (engine None, weyl 1) bal=84 stab=120
23:35:37 [d24] F2_l6 (86, 2, 2, 2, 2, 2): N_S=8269 (exact) n_chi~=69
23:35:42 [d24] F2_l7 (84, 2, 2, 2, 2, 2, 2): a=1 (engine None, weyl 1) bal=82 stab=720
23:35:42 [d24] F2_l7 (84, 2, 2, 2, 2, 2, 2): N_S=140443 (exact) n_chi~=196
23:36:00 [d24] F2_l8 (82, 2, 2, 2, 2, 2, 2, 2): a=1 (engine None, weyl 1) bal=80 stab=5040
23:36:01 [d24] F2_l8 (82, 2, 2, 2, 2, 2, 2, 2): N_S=2923716 (exact) n_chi~=581
23:37:09 [d24] F2_l9 (80, 2, 2, 2, 2, 2, 2, 2, 2): a=1 (engine None, weyl 1) bal=78 stab=40320
23:37:10 [d24] F2_l9 (80, 2, 2, 2, 2, 2, 2, 2, 2): N_S=72605788 (exact) n_chi~=1801
23:37:10 [d24] F2_l10 (78, 2, 2, 2, 2, 2, 2, 2, 2, 2): a=None (engine None, weyl None) bal=76 stab=362880
23:37:14 [d24] F3_k3 (77, 11, 2, 2, 2, 2): a=49 (engine None, weyl 49) bal=75 stab=24
23:37:14 [d24] F3_k3 (77, 11, 2, 2, 2, 2): N_S=933411 (exact) n_chi~=38893
23:37:29 [d24] F3_k4 (73, 13, 2, 2, 2, 2, 2): a=94 (engine None, weyl 94) bal=71 stab=120
23:37:29 [d24] F3_k4 (73, 13, 2, 2, 2, 2, 2): N_S=43939231 (exact) n_chi~=366161
23:38:55 [d24] F3_k5 (69, 15, 2, 2, 2, 2, 2, 2): a=166 (engine None, weyl 166) bal=67 stab=720
23:38:56 [d24] F3_k5 (69, 15, 2, 2, 2, 2, 2, 2): N_S=2442378688 (exact) n_chi~=3392193
23:38:56 [d24] F3_k7 (61, 19, 2, 2, 2, 2, 2, 2, 2, 2): a=None (engine None, weyl None) bal=59 stab=40320
23:38:56 [d24] family cells done [200s]
rc=0
