00:09:52 ell 6: 150 tails
00:09:57 ell 7: 125 tails
00:10:06 ell 8: 94 tails
00:10:18 ell 9: 67 tails
00:10:33 ell 10: 45 tails
00:10:33 ell 6: 150 ladders with |tail| <= 16; permanently dead 31; touched by the record 48; untouched 102
00:10:33 ell 7: 125 ladders with |tail| <= 16; permanently dead 0; touched by the record 0; untouched 125
00:10:33 ell 8: 94 ladders with |tail| <= 16; permanently dead 0; touched by the record 0; untouched 94
00:10:33 ell 9: 67 ladders with |tail| <= 16; permanently dead 0; touched by the record 0; untouched 67
00:10:33 ell 10: 45 ladders with |tail| <= 16; permanently dead 0; touched by the record 0; untouched 45
| ell | tail | size | a_inf | record cells (delta:a, * = dead) | permanently dead | first stable region cell | a | sk | n_chi~ | reach | K_inf/|Stab'| |
|---|---|---|---|---|---|---|---|---|---|---|---|
| 6 | `(1, 1, 1, 1, 1)` | 5 | 0 | 8:0, 9:0, 10:0, 11:0, 12:0 | no | `(35, 1, 1, 1, 1, 1)` δ=10 | 0 | None | 1 (exact) | dense | 1 |
| 6 | `(2, 1, 1, 1, 1)` | 6 | 0 | 8:0, 9:0, 10:0, 11:0, 12:0 | no | `(34, 2, 1, 1, 1, 1)` δ=10 | 0 | None | 6 (exact) | dense | 2 |
| 6 | `(3, 1, 1, 1, 1)` | 7 | 0 | 8:0, 9:0, 10:0, 11:0, 12:0 | no | `(33, 3, 1, 1, 1, 1)` δ=10 | 0 | None | 12 (exact) | dense | 2 |
| 6 | `(2, 2, 1, 1, 1)` | 7 | 0 | 8:0, 9:0, 10:0, 11:0, 12:0 | no | `(33, 2, 2, 1, 1, 1)` δ=10 | 0 | None | 29 (exact) | dense | 5 |
| 6 | `(4, 1, 1, 1, 1)` | 8 | 0 | 8:0, 9:0, 10:0, 11:0, 12:0 | no | `(32, 4, 1, 1, 1, 1)` δ=10 | 0 | None | 21 (exact) | dense | 4 |
| 6 | `(3, 2, 1, 1, 1)` | 8 | 0 | 8:0, 9:0, 10:0, 11:0, 12:0 | no | `(32, 3, 2, 1, 1, 1)` δ=10 | 0 | None | 123 (exact) | dense | 21 |
| 6 | `(2, 2, 2, 1, 1)` | 8 | 0 | 8:0, 9:0, 10:0, 11:0, 12:0 | no | `(32, 2, 2, 2, 1, 1)` δ=10 | 0 | None | 79 (exact) | dense | 14 |
| 6 | `(5, 1, 1, 1, 1)` | 9 | 0 | 8:0, 9:0, 10:0, 11:0, 12:0 | no | `(31, 5, 1, 1, 1, 1)` δ=10 | 0 | None | 35 (exact) | dense | 6 |
| 6 | `(4, 2, 1, 1, 1)` | 9 | 0 | 8:0, 9:0, 10:0, 11:0, 12:0 | no | `(31, 4, 2, 1, 1, 1)` δ=10 | 0 | None | 234 (exact) | dense | 36 |
| 6 | `(3, 3, 1, 1, 1)` | 9 | 0 | 8:0, 9:0, 10:0, 11:0, 12:0 | no | `(31, 3, 3, 1, 1, 1)` δ=10 | 0 | None | 136 (exact) | dense | 21 |
| 6 | `(3, 2, 2, 1, 1)` | 9 | 0 | 8:0, 9:0, 10:0, 11:0, 12:0 | no | `(31, 3, 2, 2, 1, 1)` δ=10 | 0 | None | 527 (exact) | dense | 81 |
| 6 | `(2, 2, 2, 2, 1)` | 9 | 0 | 8:0, 9:0, 10:0, 11:0, 12:0 | no | `(31, 2, 2, 2, 2, 1)` δ=10 | 0 | None | 114 (exact) | dense | 18 |
| 6 | `(6, 1, 1, 1, 1)` | 10 | 0 | 8:0, 9:0, 10:0, 11:0, 12:0 | no | `(30, 6, 1, 1, 1, 1)` δ=10 | 0 | None | 55 (exact) | dense | 8 |
| 6 | `(5, 2, 1, 1, 1)` | 10 | 0 | 8:0, 9:0, 10:0, 11:0, 12:0 | no | `(30, 5, 2, 1, 1, 1)` δ=10 | 0 | None | 402 (exact) | dense | 59 |
| 6 | `(4, 3, 1, 1, 1)` | 10 | 0 | 8:0, 9:0, 10:0, 11:0, 12:0 | no | `(30, 4, 3, 1, 1, 1)` δ=10 | 0 | None | 533 (exact) | dense | 79 |
| 6 | `(4, 2, 2, 1, 1)` | 10 | 0 | 8:0, 9:0, 10:0, 11:0, 12:0 | no | `(30, 4, 2, 2, 1, 1)` δ=10 | 0 | None | 1037 (exact) | dense | 154 |
| 6 | `(3, 3, 2, 1, 1)` | 10 | 0 | 8:0, 9:0, 10:0, 11:0, 12:0 | no | `(30, 3, 3, 2, 1, 1)` δ=10 | 0 | None | 1215 (exact) | dense | 180 |
| 6 | `(3, 2, 2, 2, 1)` | 10 | 0 | 8:0, 9:0, 10:0, 11:0, 12:0 | no | `(30, 3, 2, 2, 2, 1)` δ=10 | 0 | None | 1055 (exact) | dense | 157 |
| 6 | `(2, 2, 2, 2, 2)` | 10 | 1 | 6:1*, 7:1*, 8:1*, 9:1*, 10:1*, 11:1, 12:1 | yes @6 | `(30, 2, 2, 2, 2, 2)` δ=10 | 1 | 13 | 69 (exact) | dense | 11 |
| 6 | `(7, 1, 1, 1, 1)` | 11 | 0 | 8:0, 9:0, 10:0, 11:0, 12:0 | no | `(29, 7, 1, 1, 1, 1)` δ=10 | 0 | None | 81 (exact) | dense | 11 |
| 6 | `(6, 2, 1, 1, 1)` | 11 | 0 | 8:0, 9:0, 10:0, 11:0, 12:0 | no | `(29, 6, 2, 1, 1, 1)` δ=10 | 0 | None | 646 (exact) | dense | 85 |
| 6 | `(5, 3, 1, 1, 1)` | 11 | 0 | 8:0, 9:0, 10:0, 11:0, 12:0 | no | `(29, 5, 3, 1, 1, 1)` δ=10 | 0 | None | 938 (exact) | dense | 125 |
| 6 | `(5, 2, 2, 1, 1)` | 11 | 0 | 8:0, 9:0, 10:0, 11:0, 12:0 | no | `(29, 5, 2, 2, 1, 1)` δ=10 | 0 | None | 1833 (exact) | dense | 244 |
| 6 | `(4, 4, 1, 1, 1)` | 11 | 0 | 8:0, 9:0, 10:0, 11:0, 12:0 | no | `(29, 4, 4, 1, 1, 1)` δ=10 | 0 | None | 532 (exact) | dense | 71 |
| 6 | `(4, 3, 2, 1, 1)` | 11 | 0 | 8:0, 9:0, 10:0, 11:0, 12:0 | no | `(29, 4, 3, 2, 1, 1)` δ=10 | 0 | None | 4895 (exact) | dense | 656 |
| 6 | `(4, 2, 2, 2, 1)` | 11 | 1 | 6:1*, 7:1*, 8:1*, 9:1*, 10:1*, 11:1, 12:1 | yes @6 | `(29, 4, 2, 2, 2, 1)` δ=10 | 1 | 78 | 2134 (exact) | dense | 287 |
| 6 | `(3, 3, 3, 1, 1)` | 11 | 0 | 8:0, 9:0, 10:0, 11:0, 12:0 | no | `(29, 3, 3, 3, 1, 1)` δ=10 | 0 | None | 962 (exact) | dense | 129 |
| 6 | `(3, 3, 2, 2, 1)` | 11 | 0 | 8:0, 9:0, 10:0, 11:0, 12:0 | no | `(29, 3, 3, 2, 2, 1)` δ=10 | 0 | None | 3773 (exact) | dense | 508 |
| 6 | `(3, 2, 2, 2, 2)` | 11 | 1 | 7:1*, 8:1*, 9:1*, 10:1*, 11:1, 12:1 | yes @7 | `(29, 3, 2, 2, 2, 2)` δ=10 | 1 | 30 | 825 (exact) | dense | 112 |
| 6 | `(8, 1, 1, 1, 1)` | 12 | 0 | 8:0, 9:0, 10:0, 11:0, 12:0 | no | `(28, 8, 1, 1, 1, 1)` δ=10 | 0 | None | 114 (exact) | dense | 15 |
| 6 | `(7, 2, 1, 1, 1)` | 12 | 0 | 8:0, 9:0, 10:0, 11:0, 12:0 | no | `(28, 7, 2, 1, 1, 1)` δ=10 | 0 | None | 978 (exact) | dense | 124 |
| 6 | `(6, 3, 1, 1, 1)` | 12 | 0 | 8:0, 9:0, 10:0, 11:0, 12:0 | no | `(28, 6, 3, 1, 1, 1)` δ=10 | 0 | None | 1538 (exact) | dense | 196 |
| 6 | `(6, 2, 2, 1, 1)` | 12 | 0 | 8:0, 9:0, 10:0, 11:0, 12:0 | no | `(28, 6, 2, 2, 1, 1)` δ=10 | 0 | None | 3016 (exact) | dense | 385 |
| 6 | `(5, 4, 1, 1, 1)` | 12 | 0 | 8:0, 9:0, 10:0, 11:0, 12:0 | no | `(28, 5, 4, 1, 1, 1)` δ=10 | 0 | None | 1912 (exact) | dense | 245 |
| 6 | `(5, 3, 2, 1, 1)` | 12 | 1 | 7:1*, 8:1*, 9:1*, 10:1*, 11:1, 12:1 | yes @7 | `(28, 5, 3, 2, 1, 1)` δ=10 | 1 | 375 | 8861 (exact) | dense | 1133 |
| 6 | `(5, 2, 2, 2, 1)` | 12 | 2 | 6:1*, 7:2*, 8:2*, 9:2*, 10:2, 11:2, 12:2 | yes @7 | `(28, 5, 2, 2, 2, 1)` δ=10 | 2 | 169 | 3876 (exact) | dense | 498 |
| 6 | `(4, 4, 2, 1, 1)` | 12 | 0 | 8:0, 9:0, 10:0, 11:0, 12:0 | no | `(28, 4, 4, 2, 1, 1)` δ=10 | 0 | None | 5039 (exact) | dense | 648 |
| 6 | `(4, 3, 3, 1, 1)` | 12 | 0 | 8:0, 9:0, 10:0, 11:0, 12:0 | no | `(28, 4, 3, 3, 1, 1)` δ=10 | 0 | None | 5958 (exact) | dense | 765 |
| 6 | `(4, 3, 2, 2, 1)` | 12 | 1 | 7:1*, 8:1*, 9:1*, 10:1*, 11:1, 12:1 | yes @7 | `(28, 4, 3, 2, 2, 1)` δ=10 | 1 | 260 | 15650 (exact) | dense | 2015 |
| 6 | `(4, 2, 2, 2, 2)` | 12 | 3 | 6:1*, 7:2*, 8:3*, 9:3*, 10:3, 11:3, 12:3 | yes @8 | `(28, 4, 2, 2, 2, 2)` δ=10 | 3 | 105 | 1717 (exact) | dense | 223 |
| 6 | `(3, 3, 3, 2, 1)` | 12 | 0 | 8:0, 9:0, 10:0, 11:0, 12:0 | no | `(28, 3, 3, 3, 2, 1)` δ=10 | 0 | None | 6180 (exact) | dense | 795 |
| 6 | `(3, 3, 2, 2, 2)` | 12 | 0 | 8:0, 9:0, 10:0, 11:0, 12:0 | no | `(28, 3, 3, 2, 2, 2)` δ=10 | 0 | None | 4068 (exact) | dense | 525 |
| 6 | `(9, 1, 1, 1, 1)` | 13 | 0 | 8:0, 9:0, 10:0, 11:0, 12:0 | no | `(27, 9, 1, 1, 1, 1)` δ=10 | 0 | None | 155 (exact) | dense | 18 |
| 6 | `(8, 2, 1, 1, 1)` | 13 | 0 | 8:0, 9:0, 10:0, 11:0, 12:0 | no | `(27, 8, 2, 1, 1, 1)` δ=10 | 0 | None | 1408 (exact) | dense | 164 |
| 6 | `(7, 3, 1, 1, 1)` | 13 | 0 | 8:0, 9:0, 10:0, 11:0, 12:0 | no | `(27, 7, 3, 1, 1, 1)` δ=10 | 0 | None | 2366 (exact) | dense | 277 |
| 6 | `(7, 2, 2, 1, 1)` | 13 | 1 | 6:1*, 7:1*, 8:1*, 9:1*, 10:1*, 11:1, 12:1 | yes @6 | `(27, 7, 2, 2, 1, 1)` δ=10 | 1 | 257 | 4650 (exact) | dense | 546 |
| 6 | `(6, 4, 1, 1, 1)` | 13 | 0 | 8:0, 9:0, 10:0, 11:0, 12:0 | no | `(27, 6, 4, 1, 1, 1)` δ=10 | 0 | None | 3187 (exact) | dense | 377 |
| 6 | `(6, 3, 2, 1, 1)` | 13 | 2 | 7:2*, 8:2*, 9:2*, 10:2, 11:2, 12:2 | yes @7 | `(27, 6, 3, 2, 1, 1)` δ=10 | 2 | 726 | 14852 (exact) | dense | 1757 |
| 6 | `(6, 2, 2, 2, 1)` | 13 | 4 | 7:3*, 8:4*, 9:4*, 10:4, 11:4, 12:4 | yes @8 | `(27, 6, 2, 2, 2, 1)` δ=10 | 4 | 322 | 6515 (exact) | dense | 773 |
| 6 | `(5, 5, 1, 1, 1)` | 13 | 1 | 6:1*, 7:1*, 8:1*, 9:1*, 10:1*, 11:1, 12:1 | yes @6 | `(27, 5, 5, 1, 1, 1)` δ=10 | 1 | 199 | 1749 (exact) | dense | 207 |
| 6 | `(5, 4, 2, 1, 1)` | 13 | 2 | 7:2*, 8:2*, 9:2, 10:2, 11:2, 12:2 | yes @7 | `(27, 5, 4, 2, 1, 1)` δ=10 | 2 | 701 | 18583 (exact) | dense | 2210 |
| 6 | `(5, 3, 3, 1, 1)` | 13 | 1 | 7:1*, 8:1*, 9:1*, 10:1*, 11:1, 12:1 | yes @7 | `(27, 5, 3, 3, 1, 1)` δ=10 | 1 | 578 | 11024 (exact) | dense | 1310 |
| 6 | `(5, 3, 2, 2, 1)` | 13 | 4 | 8:4, 9:4, 10:4, 11:4, 12:4 | no | `(27, 5, 3, 2, 2, 1)` δ=10 | 4 | 692 | 29052 (exact) | sparse | 3461 |
| 6 | `(5, 2, 2, 2, 2)` | 13 | 4 | 7:2*, 8:3*, 9:4*, 10:4, 11:4, 12:4 | yes @9 | `(27, 5, 2, 2, 2, 2)` δ=10 | 4 | 197 | 3196 (exact) | dense | 382 |
| 6 | `(4, 4, 3, 1, 1)` | 13 | 0 | 8:0, 9:0, 10:0, 11:0, 12:0 | no | `(27, 4, 4, 3, 1, 1)` δ=10 | 0 | None | 12562 (exact) | dense | 1499 |
| 6 | `(4, 4, 2, 2, 1)` | 13 | 3 | 7:2*, 8:3*, 9:3, 10:3, 11:3, 12:3 | yes @8 | `(27, 4, 4, 2, 2, 1)` δ=10 | 3 | 426 | 16564 (exact) | dense | 1982 |
| 6 | `(4, 3, 3, 2, 1)` | 13 | 0 | 8:0, 9:0, 10:0, 11:0, 12:0 | no | `(27, 4, 3, 3, 2, 1)` δ=10 | 0 | None | 39379 (exact) | sparse | 4709 |
| 6 | `(4, 3, 2, 2, 2)` | 13 | 2 | 7:1*, 8:2, 9:2, 10:2, 11:2, 12:2 | no | `(27, 4, 3, 2, 2, 2)` δ=10 | 2 | 270 | 17344 (exact) | dense | 2080 |
| 6 | `(3, 3, 3, 3, 1)` | 13 | 0 | 8:0, 9:0, 10:0, 11:0, 12:0 | no | `(27, 3, 3, 3, 3, 1)` δ=10 | 0 | None | 3907 (exact) | dense | 468 |
| 6 | `(3, 3, 3, 2, 2)` | 13 | 0 | 8:0, 9:0, 10:0, 11:0, 12:0 | no | `(27, 3, 3, 3, 2, 2)` δ=10 | 0 | None | 10326 (exact) | dense | 1238 |
| 6 | `(10, 1, 1, 1, 1)` | 14 | 0 | 8:0, 9:0, 10:0, 11:0, 12:0 | no | `(26, 10, 1, 1, 1, 1)` δ=10 | 0 | None | 202 (exact) | dense | 23 |
| 6 | `(9, 2, 1, 1, 1)` | 14 | 0 | 8:0, 9:0, 10:0, 11:0, 12:0 | no | `(26, 9, 2, 1, 1, 1)` δ=10 | 0 | None | 1935 (exact) | dense | 217 |
| 6 | `(8, 3, 1, 1, 1)` | 14 | 1 | 6:1*, 7:1*, 8:1*, 9:1*, 10:1*, 11:1, 12:1 | yes @6 | `(26, 8, 3, 1, 1, 1)` δ=10 | 1 | 486 | 3451 (exact) | dense | 388 |
| 6 | `(8, 2, 2, 1, 1)` | 14 | 1 | 7:1*, 8:1*, 9:1*, 10:1*, 11:1, 12:1 | yes @7 | `(26, 8, 2, 2, 1, 1)` δ=10 | 1 | 361 | 6799 (exact) | dense | 765 |
| 6 | `(7, 4, 1, 1, 1)` | 14 | 1 | 6:1*, 7:1*, 8:1*, 9:1*, 10:1*, 11:1, 12:1 | yes @6 | `(26, 7, 4, 1, 1, 1)` δ=10 | 1 | 672 | 4966 (exact) | dense | 561 |
| 6 | `(7, 3, 2, 1, 1)` | 14 | 5 | 7:4*, 8:5*, 9:5, 10:5, 11:5, 12:5 | yes @8 | `(26, 7, 3, 2, 1, 1)` δ=10 | 5 | 1265 | 23261 (exact) | sparse | 2622 |
| 6 | `(7, 2, 2, 2, 1)` | 14 | 7 | 7:4*, 8:6*, 9:7, 10:7, 11:7, 12:7 | no | `(26, 7, 2, 2, 2, 1)` δ=10 | 7 | 533 | 10228 (exact) | dense | 1156 |
| 6 | `(6, 5, 1, 1, 1)` | 14 | 1 | 7:1*, 8:1*, 9:1*, 10:1*, 11:1, 12:1 | yes @7 | `(26, 6, 5, 1, 1, 1)` δ=10 | 1 | 550 | 5907 (exact) | dense | 669 |
| 6 | `(6, 4, 2, 1, 1)` | 14 | 5 | 7:4*, 8:5, 9:5, 10:5, 11:5, 12:5 | no | `(26, 6, 4, 2, 1, 1)` δ=10 | 5 | 1607 | 31622 (exact) | sparse | 3589 |
| 6 | `(6, 3, 3, 1, 1)` | 14 | 3 | 7:2*, 8:3*, 9:3, 10:3, 11:3, 12:3 | yes @8 | `(26, 6, 3, 3, 1, 1)` δ=10 | 3 | 1230 | 18807 (exact) | dense | 2129 |
| 6 | `(6, 3, 2, 2, 1)` | 14 | 9 | 8:8, 9:9, 10:9, 11:9, 12:9 | no | `(26, 6, 3, 2, 2, 1)` δ=10 | 9 | 1466 | 49708 (exact) | sparse | 5639 |
| 6 | `(6, 2, 2, 2, 2)` | 14 | 9 | 6:1*, 7:4*, 8:7*, 9:8*, 10:9, 11:9, 12:9 | no | `(26, 6, 2, 2, 2, 2)` δ=10 | 9 | 410 | 5485 (exact) | dense | 625 |
| 6 | `(5, 5, 2, 1, 1)` | 14 | 5 | 6:2*, 7:4*, 8:5*, 9:5, 10:5, 11:5, 12:5 | yes @8 | `(26, 5, 5, 2, 1, 1)` δ=10 | 5 | 873 | 17414 (exact) | dense | 1976 |
| 6 | `(5, 4, 3, 1, 1)` | 14 | 4 | 8:4, 9:4, 10:4, 11:4, 12:4 | no | `(26, 5, 4, 3, 1, 1)` δ=10 | 4 | 1457 | 47319 (exact) | sparse | 5376 |
| 6 | `(5, 4, 2, 2, 1)` | 14 | 9 | 8:8, 9:9, 10:9, 11:9, 12:9 | no | `(26, 5, 4, 2, 2, 1)` δ=10 | 9 | 1535 | 62597 (exact) | sparse | 7128 |
| 6 | `(5, 3, 3, 2, 1)` | 14 | 2 | 7:1*, 8:2, 9:2, 10:2, 11:2, 12:2 | no | `(26, 5, 3, 3, 2, 1)` δ=10 | 2 | 1385 | 74650 (exact) | sparse | 8483 |
| 6 | `(5, 3, 2, 2, 2)` | 14 | 4 | 7:1*, 8:3, 9:4, 10:4, 11:4, 12:4 | no | `(26, 5, 3, 2, 2, 2)` δ=10 | 4 | 724 | 32981 (exact) | sparse | 3758 |
| 6 | `(4, 4, 4, 1, 1)` | 14 | 0 | 8:0, 9:0, 10:0, 11:0, 12:0 | no | `(26, 4, 4, 4, 1, 1)` δ=10 | 0 | None | 9006 (exact) | dense | 1027 |
| 6 | `(4, 4, 3, 2, 1)` | 14 | 2 | 7:1*, 8:2, 9:2, 10:2, 11:2, 12:2 | no | `(26, 4, 4, 3, 2, 1)` δ=10 | 2 | 1019 | 85309 (exact) | sparse | 9731 |
| 6 | `(4, 4, 2, 2, 2)` | 14 | 6 | 7:3*, 8:5, 9:6, 10:6, 11:6, 12:6 | no | `(26, 4, 4, 2, 2, 2)` δ=10 | 6 | 539 | 18859 (exact) | dense | 2159 |
| 6 | `(4, 3, 3, 3, 1)` | 14 | 0 | 8:0, 9:0, 10:0, 11:0, 12:0 | no | `(26, 4, 3, 3, 3, 1)` δ=10 | 0 | None | 33960 (exact) | sparse | 3868 |
| 6 | `(4, 3, 3, 2, 2)` | 14 | 0 | 8:0, 9:0, 10:0, 11:0, 12:0 | no | `(26, 4, 3, 3, 2, 2)` δ=10 | 0 | None | 67583 (exact) | sparse | 7715 |
| 6 | `(3, 3, 3, 3, 2)` | 14 | 0 | 8:0, 9:0, 10:0, 11:0, 12:0 | no | `(26, 3, 3, 3, 3, 2)` δ=10 | 0 | None | 13473 (exact) | dense | 1537 |
| 6 | `(11, 1, 1, 1, 1)` | 15 | 0 | 8:0, 9:0, 10:0, 11:0, 12:0 | no | `(25, 11, 1, 1, 1, 1)` δ=10 | 0 | None | 254 (exact) | dense | 27 |
| 6 | `(10, 2, 1, 1, 1)` | 15 | 0 | 8:0, 9:0, 10:0, 11:0, 12:0 | no | `(25, 10, 2, 1, 1, 1)` δ=10 | 0 | None | 2549 (exact) | dense | 270 |
| 6 | `(9, 3, 1, 1, 1)` | 15 | 1 | 7:1*, 8:1*, 9:1*, 10:1*, 11:1, 12:1 | yes @7 | `(25, 9, 3, 1, 1, 1)` δ=10 | 1 | 672 | 4785 (exact) | dense | 506 |
| 6 | `(9, 2, 2, 1, 1)` | 15 | 3 | 6:1*, 7:2*, 8:3*, 9:3*, 10:3, 11:3, 12:3 | yes @8 | `(25, 9, 2, 2, 1, 1)` δ=10 | 3 | 527 | 9446 (exact) | dense | 1000 |
| 6 | `(8, 4, 1, 1, 1)` | 15 | 2 | 7:2*, 8:2*, 9:2*, 10:2, 11:2, 12:2 | yes @7 | `(25, 8, 4, 1, 1, 1)` δ=10 | 2 | 1070 | 7306 (exact) | dense | 776 |
| 6 | `(8, 3, 2, 1, 1)` | 15 | 9 | 7:5*, 8:8, 9:9, 10:9, 11:9, 12:9 | no | `(25, 8, 3, 2, 1, 1)` δ=10 | 9 | 1954 | 34373 (exact) | sparse | 3645 |
| 6 | `(8, 2, 2, 2, 1)` | 15 | 11 | 7:4*, 8:8*, 9:10, 10:11, 11:11, 12:11 | no | `(25, 8, 2, 2, 2, 1)` δ=10 | 11 | 812 | 15148 (exact) | dense | 1609 |
| 6 | `(7, 5, 1, 1, 1)` | 15 | 4 | 7:3*, 8:4*, 9:4*, 10:4, 11:4, 12:4 | yes @8 | `(25, 7, 5, 1, 1, 1)` δ=10 | 4 | 1189 | 9292 (exact) | dense | 989 |
| 6 | `(7, 4, 2, 1, 1)` | 15 | 14 | 6:2*, 8:13, 9:14, 10:14, 11:14, 12:14 | no | `(25, 7, 4, 2, 1, 1)` δ=10 | 14 | 3178 | 50063 (exact) | sparse | 5333 |
| 6 | `(7, 3, 3, 1, 1)` | 15 | 6 | 7:3*, 8:5*, 9:6, 10:6, 11:6, 12:6 | no | `(25, 7, 3, 3, 1, 1)` δ=10 | 6 | 2214 | 29848 (exact) | sparse | 3175 |
| 6 | `(7, 3, 2, 2, 1)` | 15 | 18 | 8:14, 9:17, 10:18, 11:18, 12:18 | no | `(25, 7, 3, 2, 2, 1)` δ=10 | 18 | 2640 | 79085 (exact) | sparse | 8423 |
| 6 | `(7, 2, 2, 2, 2)` | 15 | 12 | 7:3*, 8:7*, 9:10, 10:11, 11:12, 12:12 | no | `(29, 7, 2, 2, 2, 2)` δ=11 | 12 | 640 | 8871 (exact) | dense | 934 |
| 6 | `(6, 6, 1, 1, 1)` | 15 | 0 | 8:0, 9:0, 10:0, 11:0, 12:0 | no | `(25, 6, 6, 1, 1, 1)` δ=10 | 0 | None | 5035 (exact) | dense | 537 |
| 6 | `(6, 5, 2, 1, 1)` | 15 | 11 | 8:10, 9:11, 10:11, 11:11, 12:11 | no | `(25, 6, 5, 2, 1, 1)` δ=10 | 11 | 2684 | 59926 (exact) | sparse | 6398 |
| 6 | `(6, 4, 3, 1, 1)` | 15 | 10 | 8:9, 9:10, 10:10, 11:10, 12:10 | no | `(25, 6, 4, 3, 1, 1)` δ=10 | 10 | 3655 | 81767 (exact) | sparse | 8740 |
| 6 | `(6, 4, 2, 2, 1)` | 15 | 24 | 8:19, 9:23, 10:24, 11:24, 12:24 | no | `(25, 6, 4, 2, 2, 1)` δ=10 | 24 | 3798 | 108479 (exact) | sparse | 11613 |
| 6 | `(6, 3, 3, 2, 1)` | 15 | 6 | 8:5, 9:6, 10:6, 11:6, 12:6 | no | `(25, 6, 3, 3, 2, 1)` δ=10 | 6 | 3144 | 129703 (exact) | beyond | 13867 |
| 6 | `(6, 3, 2, 2, 2)` | 15 | 12 | 8:8, 9:11, 10:12, 11:12, 12:12 | no | `(25, 6, 3, 2, 2, 2)` δ=10 | 12 | 1649 | 57464 (exact) | sparse | 6155 |
| 6 | `(5, 5, 3, 1, 1)` | 15 | 9 | 8:8, 9:9, 10:9, 11:9, 12:9 | no | `(25, 5, 5, 3, 1, 1)` δ=10 | 9 | 2039 | 45171 (exact) | sparse | 4830 |
| 6 | `(5, 5, 2, 2, 1)` | 15 | 8 | 8:6, 9:8, 10:8, 11:8, 12:8 | no | `(25, 5, 5, 2, 2, 1)` δ=10 | 8 | 1830 | 59950 (exact) | sparse | 6420 |
| 6 | `(5, 4, 4, 1, 1)` | 15 | 5 | 8:5, 9:5, 10:5, 11:5, 12:5 | no | `(25, 5, 4, 4, 1, 1)` δ=10 | 5 | 1432 | 51672 (exact) | sparse | 5539 |
| 6 | `(5, 4, 3, 2, 1)` | 15 | 12 | 8:10, 9:12, 10:12, 11:12, 12:12 | no | `(25, 5, 4, 3, 2, 1)` δ=10 | 12 | 4201 | 328444 (exact) | beyond | 35224 |
| 6 | `(5, 4, 2, 2, 2)` | 15 | 11 | 8:7, 9:10, 10:11, 11:11, 12:11 | no | `(25, 5, 4, 2, 2, 2)` δ=10 | 11 | 1788 | 72821 (exact) | sparse | 7825 |
| 6 | `(5, 3, 3, 3, 1)` | 15 | 0 | 8:0, 9:0, 10:0, 11:0, 12:0 | no | `(25, 5, 3, 3, 3, 1)` δ=10 | 0 | None | 65578 (exact) | sparse | 7028 |
| 6 | `(5, 3, 3, 2, 2)` | 15 | 1 | 8:1, 9:1, 10:1, 11:1, 12:1 | no | `(25, 5, 3, 3, 2, 2)` δ=10 | 1 | 1562 | 130918 (exact) | beyond | 14053 |
| 6 | `(4, 4, 4, 2, 1)` | 15 | 5 | 8:4, 9:5, 10:5, 11:5, 12:5 | no | `(25, 4, 4, 4, 2, 1)` δ=10 | 5 | 1051 | 62689 (exact) | sparse | 6742 |
| 6 | `(4, 4, 3, 3, 1)` | 15 | 0 | 8:0, 9:0, 10:0, 11:0, 12:0 | no | `(25, 4, 4, 3, 3, 1)` δ=10 | 0 | None | 112679 (exact) | sparse | 12108 |
| 6 | `(4, 4, 3, 2, 2)` | 15 | 4 | 8:3, 9:4, 10:4, 11:4, 12:4 | no | `(25, 4, 4, 3, 2, 2)` δ=10 | 4 | 1301 | 150043 (exact) | beyond | 16150 |
| 6 | `(4, 3, 3, 3, 2)` | 15 | 0 | 8:0, 9:0, 10:0, 11:0, 12:0 | no | `(25, 4, 3, 3, 3, 2)` δ=10 | 0 | None | 120042 (exact) | beyond | 12912 |
| 6 | `(3, 3, 3, 3, 3)` | 15 | 0 | 8:0, 9:0, 10:0, 11:0, 12:0 | no | `(25, 3, 3, 3, 3, 3)` δ=10 | 0 | None | 7210 (exact) | dense | 776 |
| 6 | `(12, 1, 1, 1, 1)` | 16 | 0 | 8:0, 9:0, 10:0, 11:0, 12:0 | no | `(24, 12, 1, 1, 1, 1)` δ=10 | 0 | None | 308 (exact) | dense | 34 |
| 6 | `(11, 2, 1, 1, 1)` | 16 | 0 | 8:0, 9:0, 10:0, 11:0, 12:0 | no | `(24, 11, 2, 1, 1, 1)` δ=10 | 0 | None | 3222 (exact) | dense | 340 |
| 6 | `(10, 3, 1, 1, 1)` | 16 | 2 | 7:1*, 8:2*, 9:2*, 10:2, 11:2, 12:2 | yes @8 | `(24, 10, 3, 1, 1, 1)` δ=10 | 2 | 854 | 6341 (exact) | dense | 662 |
| 6 | `(10, 2, 2, 1, 1)` | 16 | 3 | 7:1*, 8:2*, 9:3*, 10:3, 11:3, 12:3 | yes @9 | `(24, 10, 2, 2, 1, 1)` δ=10 | 3 | 648 | 12540 (exact) | dense | 1308 |
| 6 | `(9, 4, 1, 1, 1)` | 16 | 4 | 7:2*, 8:4*, 9:4*, 10:4, 11:4, 12:4 | yes @8 | `(24, 9, 4, 1, 1, 1)` δ=10 | 4 | 1578 | 10191 (exact) | dense | 1060 |
| 6 | `(9, 3, 2, 1, 1)` | 16 | 15 | 7:5*, 8:11, 9:14, 10:15, 11:15, 12:15 | no | `(24, 9, 3, 2, 1, 1)` δ=10 | 15 | 2798 | 48134 (exact) | sparse | 4982 |
| 6 | `(9, 2, 2, 2, 1)` | 16 | 17 | 7:4*, 8:10*, 9:14, 10:16, 11:17, 12:17 | no | `(28, 9, 2, 2, 2, 1)` δ=11 | 17 | 1159 | 22049 (exact) | sparse | 2202 |
| 6 | `(8, 5, 1, 1, 1)` | 16 | 8 | 6:1*, 7:4*, 8:7*, 9:8*, 10:8, 11:8, 12:8 | yes @9 | `(24, 8, 5, 1, 1, 1)` δ=10 | 8 | 2057 | 13755 (exact) | dense | 1427 |
| 6 | `(8, 4, 2, 1, 1)` | 16 | 24 | 8:18, 9:23, 10:24, 11:24, 12:24 | no | `(24, 8, 4, 2, 1, 1)` δ=10 | 24 | 5256 | 74536 (exact) | sparse | 7719 |
| 6 | `(8, 3, 3, 1, 1)` | 16 | 14 | 7:5*, 8:11, 9:13, 10:14, 11:14, 12:14 | no | `(24, 8, 3, 3, 1, 1)` δ=10 | 14 | 3604 | 44528 (exact) | sparse | 4595 |
| 6 | `(8, 3, 2, 2, 1)` | 16 | 31 | 8:19, 9:27, 10:30, 11:31, 12:31 | no | `(28, 8, 3, 2, 2, 1)` δ=11 | 31 | 4294 | 121838 (exact) | beyond | 12211 |
| 6 | `(8, 2, 2, 2, 2)` | 16 | 21 | 6:1*, 7:4*, 8:11*, 9:16, 10:19, 11:20, 12:21 | no | `(32, 8, 2, 2, 2, 2)` δ=12 | 21 | 1046 | 13618 (exact) | dense | 1357 |
| 6 | `(7, 6, 1, 1, 1)` | 16 | 4 | 7:2*, 8:4*, 9:4*, 10:4, 11:4, 12:4 | yes @8 | `(24, 7, 6, 1, 1, 1)` δ=10 | 4 | 1467 | 15938 (exact) | dense | 1654 |
| 6 | `(7, 5, 2, 1, 1)` | 16 | 30 | 8:23, 9:29, 10:30, 11:30, 12:30 | no | `(24, 7, 5, 2, 1, 1)` δ=10 | 30 | 6058 | 95636 (exact) | sparse | 9896 |
| 6 | `(7, 4, 3, 1, 1)` | 16 | 26 | 8:20, 9:25, 10:26, 11:26, 12:26 | no | `(24, 7, 4, 3, 1, 1)` δ=10 | 26 | 7481 | 131004 (exact) | beyond | 13538 |
| 6 | `(7, 4, 2, 2, 1)` | 16 | 47 | 8:30, 9:42, 10:46, 11:47, 12:47 | no | `(28, 7, 4, 2, 2, 1)` δ=11 | 47 | 7536 | 178668 (exact) | beyond | 18020 |
| 6 | `(7, 3, 3, 2, 1)` | 16 | 15 | 8:10, 9:14, 10:15, 11:15, 12:15 | no | `(24, 7, 3, 3, 2, 1)` δ=10 | 15 | 6026 | 208818 (exact) | beyond | 21538 |
| 6 | `(7, 3, 2, 2, 2)` | 16 | 21 | 8:11, 9:17, 10:20, 11:21, 12:21 | no | `(28, 7, 3, 2, 2, 2)` δ=11 | 21 | 3034 | 94942 (exact) | sparse | 9575 |
| 6 | `(6, 6, 2, 1, 1)` | 16 | 7 | 8:5, 9:7, 10:7, 11:7, 12:7 | no | `(24, 6, 6, 2, 1, 1)` δ=10 | 7 | 2549 | 51953 (exact) | sparse | 5384 |
| 6 | `(6, 5, 3, 1, 1)` | 16 | 24 | 8:18, 9:23, 10:24, 11:24, 12:24 | no | `(24, 6, 5, 3, 1, 1)` δ=10 | 24 | 6912 | 157619 (exact) | beyond | 16299 |
| 6 | `(6, 5, 2, 2, 1)` | 16 | 33 | 8:22, 9:30, 10:33, 11:33, 12:33 | no | `(24, 6, 5, 2, 2, 1)` δ=10 | 33 | 6379 | 209791 (exact) | beyond | 21712 |
| 6 | `(6, 4, 4, 1, 1)` | 16 | 12 | 8:9, 9:12, 10:12, 11:12, 12:12 | no | `(24, 6, 4, 4, 1, 1)` δ=10 | 12 | 3974 | 90305 (exact) | sparse | 9355 |
| 6 | `(6, 4, 3, 2, 1)` | 16 | 34 | 8:23, 9:32, 10:34, 11:34, 12:34 | no | `(24, 6, 4, 3, 2, 1)` δ=10 | 34 | 11140 | 577153 (exact) | beyond | 59692 |
| 6 | `(6, 4, 2, 2, 2)` | 16 | 33 | 8:19, 9:28, 10:32, 11:33, 12:33 | no | `(28, 6, 4, 2, 2, 2)` δ=11 | 33 | 4692 | 130944 (exact) | beyond | 13296 |
| 6 | `(6, 3, 3, 3, 1)` | 16 | 1 | 8:1, 9:1, 10:1, 11:1, 12:1 | no | `(24, 6, 3, 3, 3, 1)` δ=10 | 1 | 3376 | 115529 (exact) | sparse | 11925 |
| 6 | `(6, 3, 3, 2, 2)` | 16 | 4 | 8:2, 9:4, 10:4, 11:4, 12:4 | no | `(24, 6, 3, 3, 2, 2)` δ=10 | 4 | 3729 | 231283 (exact) | beyond | 23895 |
| 6 | `(5, 5, 4, 1, 1)` | 16 | 13 | 8:10, 9:13, 10:13, 11:13, 12:13 | no | `(24, 5, 5, 4, 1, 1)` δ=10 | 13 | 2875 | 100017 (exact) | sparse | 10354 |
| 6 | `(5, 5, 3, 2, 1)` | 16 | 16 | 8:11, 9:15, 10:16, 11:16, 12:16 | no | `(24, 5, 5, 3, 2, 1)` δ=10 | 16 | 5970 | 319914 (exact) | beyond | 33072 |
| 6 | `(5, 5, 2, 2, 2)` | 16 | 5 | 8:2, 9:4, 10:5, 11:5, 12:5 | no | `(24, 5, 5, 2, 2, 2)` δ=10 | 5 | 2071 | 71152 (exact) | sparse | 7364 |
| 6 | `(5, 4, 4, 2, 1)` | 16 | 19 | 8:13, 9:18, 10:19, 11:19, 12:19 | no | `(24, 5, 4, 4, 2, 1)` δ=10 | 19 | 5000 | 367048 (exact) | beyond | 38017 |
| 6 | `(5, 4, 3, 3, 1)` | 16 | 5 | 8:4, 9:5, 10:5, 11:5, 12:5 | no | `(24, 5, 4, 3, 3, 1)` δ=10 | 5 | 4797 | 441190 (exact) | beyond | 45611 |
| 6 | `(5, 4, 3, 2, 2)` | 16 | 12 | 8:7, 9:11, 10:12, 11:12, 12:12 | no | `(24, 5, 4, 3, 2, 2)` δ=10 | 12 | 5398 | 589328 (exact) | beyond | 60987 |
| 6 | `(5, 3, 3, 3, 2)` | 16 | 0 | 8:0, 9:0, 10:0, 11:0, 12:0 | no | `(24, 5, 3, 3, 3, 2)` δ=10 | 0 | None | 236459 (exact) | beyond | 24432 |
| 6 | `(4, 4, 4, 3, 1)` | 16 | 3 | 8:2, 9:3, 10:3, 11:3, 12:3 | no | `(24, 4, 4, 4, 3, 1)` δ=10 | 3 | 1459 | 168829 (exact) | beyond | 17487 |
| 6 | `(4, 4, 4, 2, 2)` | 16 | 10 | 8:6, 9:9, 10:10, 11:10, 12:10 | no | `(24, 4, 4, 4, 2, 2)` δ=10 | 10 | 1606 | 112820 (exact) | sparse | 11703 |
| 6 | `(4, 4, 3, 3, 2)` | 16 | 0 | 8:0, 9:0, 10:0, 11:0, 12:0 | no | `(24, 4, 4, 3, 3, 2)` δ=10 | 0 | None | 407494 (exact) | beyond | 42183 |
| 6 | `(4, 3, 3, 3, 3)` | 16 | 0 | 8:0, 9:0, 10:0, 11:0, 12:0 | no | `(24, 4, 3, 3, 3, 3)` δ=10 | 0 | None | 81844 (exact) | sparse | 8462 |
| 7 | `(1, 1, 1, 1, 1, 1)` | 6 | 0 | 8:0, 9:0, 10:0, 11:0, 12:0 | no | `(34, 1, 1, 1, 1, 1, 1)` δ=10 | 0 | None | 1 (exact) | dense | 1 |
| 7 | `(2, 1, 1, 1, 1, 1)` | 7 | 0 | 8:0, 9:0, 10:0, 11:0, 12:0 | no | `(33, 2, 1, 1, 1, 1, 1)` δ=10 | 0 | None | 5 (exact) | dense | 1 |
| 7 | `(3, 1, 1, 1, 1, 1)` | 8 | 0 | 8:0, 9:0, 10:0, 11:0, 12:0 | no | `(32, 3, 1, 1, 1, 1, 1)` δ=10 | 0 | None | 10 (exact) | dense | 2 |
| 7 | `(2, 2, 1, 1, 1, 1)` | 8 | 0 | 8:0, 9:0, 10:0, 11:0, 12:0 | no | `(32, 2, 2, 1, 1, 1, 1)` δ=10 | 0 | None | 31 (exact) | dense | 6 |
| 7 | `(4, 1, 1, 1, 1, 1)` | 9 | 0 | 8:0, 9:0, 10:0, 11:0, 12:0 | no | `(31, 4, 1, 1, 1, 1, 1)` δ=10 | 0 | None | 19 (exact) | dense | 3 |
| 7 | `(3, 2, 1, 1, 1, 1)` | 9 | 0 | 8:0, 9:0, 10:0, 11:0, 12:0 | no | `(31, 3, 2, 1, 1, 1, 1)` δ=10 | 0 | None | 140 (exact) | dense | 22 |
| 7 | `(2, 2, 2, 1, 1, 1)` | 9 | 0 | 8:0, 9:0, 10:0, 11:0, 12:0 | no | `(31, 2, 2, 2, 1, 1, 1)` δ=10 | 0 | None | 121 (exact) | dense | 19 |
| 7 | `(5, 1, 1, 1, 1, 1)` | 10 | 0 | 8:0, 9:0, 10:0, 11:0, 12:0 | no | `(30, 5, 1, 1, 1, 1, 1)` δ=10 | 0 | None | 33 (exact) | dense | 5 |
| 7 | `(4, 2, 1, 1, 1, 1)` | 10 | 0 | 8:0, 9:0, 10:0, 11:0, 12:0 | no | `(30, 4, 2, 1, 1, 1, 1)` δ=10 | 0 | None | 278 (exact) | dense | 41 |
| 7 | `(3, 3, 1, 1, 1, 1)` | 10 | 0 | 8:0, 9:0, 10:0, 11:0, 12:0 | no | `(30, 3, 3, 1, 1, 1, 1)` δ=10 | 0 | None | 164 (exact) | dense | 24 |
| 7 | `(3, 2, 2, 1, 1, 1)` | 10 | 0 | 8:0, 9:0, 10:0, 11:0, 12:0 | no | `(30, 3, 2, 2, 1, 1, 1)` δ=10 | 0 | None | 851 (exact) | dense | 124 |
| 7 | `(2, 2, 2, 2, 1, 1)` | 10 | 0 | 8:0, 9:0, 10:0, 11:0, 12:0 | no | `(30, 2, 2, 2, 2, 1, 1)` δ=10 | 0 | None | 278 (exact) | dense | 41 |
| 7 | `(6, 1, 1, 1, 1, 1)` | 11 | 0 | 8:0, 9:0, 10:0, 11:0, 12:0 | no | `(29, 6, 1, 1, 1, 1, 1)` δ=10 | 0 | None | 52 (exact) | dense | 7 |
| 7 | `(5, 2, 1, 1, 1, 1)` | 11 | 0 | 8:0, 9:0, 10:0, 11:0, 12:0 | no | `(29, 5, 2, 1, 1, 1, 1)` δ=10 | 0 | None | 494 (exact) | dense | 66 |
| 7 | `(4, 3, 1, 1, 1, 1)` | 11 | 0 | 8:0, 9:0, 10:0, 11:0, 12:0 | no | `(29, 4, 3, 1, 1, 1, 1)` δ=10 | 0 | None | 663 (exact) | dense | 88 |
| 7 | `(4, 2, 2, 1, 1, 1)` | 11 | 0 | 8:0, 9:0, 10:0, 11:0, 12:0 | no | `(29, 4, 2, 2, 1, 1, 1)` δ=10 | 0 | None | 1734 (exact) | dense | 231 |
| 7 | `(3, 3, 2, 1, 1, 1)` | 11 | 0 | 8:0, 9:0, 10:0, 11:0, 12:0 | no | `(29, 3, 3, 2, 1, 1, 1)` δ=10 | 0 | None | 2052 (exact) | dense | 274 |
| 7 | `(3, 2, 2, 2, 1, 1)` | 11 | 0 | 8:0, 9:0, 10:0, 11:0, 12:0 | no | `(29, 3, 2, 2, 2, 1, 1)` δ=10 | 0 | None | 2691 (exact) | dense | 360 |
| 7 | `(2, 2, 2, 2, 2, 1)` | 11 | 0 | 8:0, 9:0, 10:0, 11:0, 12:0 | no | `(29, 2, 2, 2, 2, 2, 1)` δ=10 | 0 | None | 354 (exact) | dense | 48 |
| 7 | `(7, 1, 1, 1, 1, 1)` | 12 | 0 | 8:0, 9:0, 10:0, 11:0, 12:0 | no | `(28, 7, 1, 1, 1, 1, 1)` δ=10 | 0 | None | 79 (exact) | dense | 10 |
| 7 | `(6, 2, 1, 1, 1, 1)` | 12 | 0 | 8:0, 9:0, 10:0, 11:0, 12:0 | no | `(28, 6, 2, 1, 1, 1, 1)` δ=10 | 0 | None | 818 (exact) | dense | 103 |
| 7 | `(5, 3, 1, 1, 1, 1)` | 12 | 0 | 8:0, 9:0, 10:0, 11:0, 12:0 | no | `(28, 5, 3, 1, 1, 1, 1)` δ=10 | 0 | None | 1209 (exact) | dense | 153 |
| 7 | `(5, 2, 2, 1, 1, 1)` | 12 | 0 | 8:0, 9:0, 10:0, 11:0, 12:0 | no | `(28, 5, 2, 2, 1, 1, 1)` δ=10 | 0 | None | 3173 (exact) | dense | 402 |
| 7 | `(4, 4, 1, 1, 1, 1)` | 12 | 0 | 8:0, 9:0, 10:0, 11:0, 12:0 | no | `(28, 4, 4, 1, 1, 1, 1)` δ=10 | 0 | None | 688 (exact) | dense | 88 |
| 7 | `(4, 3, 2, 1, 1, 1)` | 12 | 0 | 8:0, 9:0, 10:0, 11:0, 12:0 | no | `(28, 4, 3, 2, 1, 1, 1)` δ=10 | 0 | None | 8575 (exact) | dense | 1091 |
| 7 | `(4, 2, 2, 2, 1, 1)` | 12 | 0 | 8:0, 9:0, 10:0, 11:0, 12:0 | no | `(28, 4, 2, 2, 2, 1, 1)` δ=10 | 0 | None | 5645 (exact) | dense | 721 |
| 7 | `(3, 3, 3, 1, 1, 1)` | 12 | 0 | 8:0, 9:0, 10:0, 11:0, 12:0 | no | `(28, 3, 3, 3, 1, 1, 1)` δ=10 | 0 | None | 1699 (exact) | dense | 217 |
| 7 | `(3, 3, 2, 2, 1, 1)` | 12 | 0 | 8:0, 9:0, 10:0, 11:0, 12:0 | no | `(28, 3, 3, 2, 2, 1, 1)` δ=10 | 0 | None | 10070 (exact) | dense | 1284 |
| 7 | `(3, 2, 2, 2, 2, 1)` | 12 | 0 | 8:0, 9:0, 10:0, 11:0, 12:0 | no | `(28, 3, 2, 2, 2, 2, 1)` δ=10 | 0 | None | 4429 (exact) | dense | 567 |
| 7 | `(2, 2, 2, 2, 2, 2)` | 12 | 1 | 8:1, 9:1, 10:1, 11:1, 12:1 | no | `(28, 2, 2, 2, 2, 2, 2)` δ=10 | 1 | 18 | 196 (exact) | dense | 26 |
| 7 | `(8, 1, 1, 1, 1, 1)` | 13 | 0 | 8:0, 9:0, 10:0, 11:0, 12:0 | no | `(27, 8, 1, 1, 1, 1, 1)` δ=10 | 0 | None | 114 (exact) | dense | 14 |
| 7 | `(7, 2, 1, 1, 1, 1)` | 13 | 0 | 8:0, 9:0, 10:0, 11:0, 12:0 | no | `(27, 7, 2, 1, 1, 1, 1)` δ=10 | 0 | None | 1267 (exact) | dense | 147 |
| 7 | `(6, 3, 1, 1, 1, 1)` | 13 | 0 | 8:0, 9:0, 10:0, 11:0, 12:0 | no | `(27, 6, 3, 1, 1, 1, 1)` δ=10 | 0 | None | 2036 (exact) | dense | 239 |
| 7 | `(6, 2, 2, 1, 1, 1)` | 13 | 0 | 8:0, 9:0, 10:0, 11:0, 12:0 | no | `(27, 6, 2, 2, 1, 1, 1)` δ=10 | 0 | None | 5361 (exact) | dense | 629 |
| 7 | `(5, 4, 1, 1, 1, 1)` | 13 | 0 | 8:0, 9:0, 10:0, 11:0, 12:0 | no | `(27, 5, 4, 1, 1, 1, 1)` δ=10 | 0 | None | 2553 (exact) | dense | 301 |
| 7 | `(5, 3, 2, 1, 1, 1)` | 13 | 0 | 8:0, 9:0, 10:0, 11:0, 12:0 | no | `(27, 5, 3, 2, 1, 1, 1)` δ=10 | 0 | None | 16029 (exact) | dense | 1893 |
| 7 | `(5, 2, 2, 2, 1, 1)` | 13 | 0 | 8:0, 9:0, 10:0, 11:0, 12:0 | no | `(27, 5, 2, 2, 2, 1, 1)` δ=10 | 0 | None | 10587 (exact) | dense | 1253 |
| 7 | `(4, 4, 2, 1, 1, 1)` | 13 | 0 | 8:0, 9:0, 10:0, 11:0, 12:0 | no | `(27, 4, 4, 2, 1, 1, 1)` δ=10 | 0 | None | 9143 (exact) | dense | 1084 |
| 7 | `(4, 3, 3, 1, 1, 1)` | 13 | 0 | 8:0, 9:0, 10:0, 11:0, 12:0 | no | `(27, 4, 3, 3, 1, 1, 1)` δ=10 | 0 | None | 10903 (exact) | dense | 1293 |
| 7 | `(4, 3, 2, 2, 1, 1)` | 13 | 0 | 8:0, 9:0, 10:0, 11:0, 12:0 | no | `(27, 4, 3, 2, 2, 1, 1)` δ=10 | 0 | None | 43251 (exact) | sparse | 5140 |
| 7 | `(4, 2, 2, 2, 2, 1)` | 13 | 1 | 8:1, 9:1, 10:1, 11:1, 12:1 | no | `(27, 4, 2, 2, 2, 2, 1)` δ=10 | 1 | 179 | 9545 (exact) | dense | 1137 |
| 7 | `(3, 3, 3, 2, 1, 1)` | 13 | 0 | 8:0, 9:0, 10:0, 11:0, 12:0 | no | `(27, 3, 3, 3, 2, 1, 1)` δ=10 | 0 | None | 17218 (exact) | dense | 2048 |
| 7 | `(3, 3, 2, 2, 2, 1)` | 13 | 0 | 8:0, 9:0, 10:0, 11:0, 12:0 | no | `(27, 3, 3, 2, 2, 2, 1)` δ=10 | 0 | None | 22811 (exact) | sparse | 2719 |
| 7 | `(3, 2, 2, 2, 2, 2)` | 13 | 1 | 8:1, 9:1, 10:1, 11:1, 12:1 | no | `(27, 3, 2, 2, 2, 2, 2)` δ=10 | 1 | 50 | 3026 (exact) | dense | 362 |
| 7 | `(9, 1, 1, 1, 1, 1)` | 14 | 0 | 8:0, 9:0, 10:0, 11:0, 12:0 | no | `(26, 9, 1, 1, 1, 1, 1)` δ=10 | 0 | None | 158 (exact) | dense | 18 |
| 7 | `(8, 2, 1, 1, 1, 1)` | 14 | 0 | 8:0, 9:0, 10:0, 11:0, 12:0 | no | `(26, 8, 2, 1, 1, 1, 1)` δ=10 | 0 | None | 1858 (exact) | dense | 206 |
| 7 | `(7, 3, 1, 1, 1, 1)` | 14 | 0 | 8:0, 9:0, 10:0, 11:0, 12:0 | no | `(26, 7, 3, 1, 1, 1, 1)` δ=10 | 0 | None | 3203 (exact) | dense | 357 |
| 7 | `(7, 2, 2, 1, 1, 1)` | 14 | 0 | 8:0, 9:0, 10:0, 11:0, 12:0 | no | `(26, 7, 2, 2, 1, 1, 1)` δ=10 | 0 | None | 8456 (exact) | dense | 943 |
| 7 | `(6, 4, 1, 1, 1, 1)` | 14 | 0 | 8:0, 9:0, 10:0, 11:0, 12:0 | no | `(26, 6, 4, 1, 1, 1, 1)` δ=10 | 0 | None | 4366 (exact) | dense | 490 |
| 7 | `(6, 3, 2, 1, 1, 1)` | 14 | 0 | 8:0, 9:0, 10:0, 11:0, 12:0 | no | `(26, 6, 3, 2, 1, 1, 1)` δ=10 | 0 | None | 27561 (exact) | sparse | 3090 |
| 7 | `(6, 2, 2, 2, 1, 1)` | 14 | 0 | 8:0, 9:0, 10:0, 11:0, 12:0 | no | `(26, 6, 2, 2, 2, 1, 1)` δ=10 | 0 | None | 18257 (exact) | dense | 2051 |
| 7 | `(5, 5, 1, 1, 1, 1)` | 14 | 0 | 8:0, 9:0, 10:0, 11:0, 12:0 | no | `(26, 5, 5, 1, 1, 1, 1)` δ=10 | 0 | None | 2409 (exact) | dense | 271 |
| 7 | `(5, 4, 2, 1, 1, 1)` | 14 | 0 | 8:0, 9:0, 10:0, 11:0, 12:0 | no | `(26, 5, 4, 2, 1, 1, 1)` δ=10 | 0 | None | 34785 (exact) | sparse | 3917 |
| 7 | `(5, 3, 3, 1, 1, 1)` | 14 | 0 | 8:0, 9:0, 10:0, 11:0, 12:0 | no | `(26, 5, 3, 3, 1, 1, 1)` δ=10 | 0 | None | 20799 (exact) | sparse | 2341 |
| 7 | `(5, 3, 2, 2, 1, 1)` | 14 | 1 | 8:1, 9:1, 10:1, 11:1, 12:1 | no | `(26, 5, 3, 2, 2, 1, 1)` δ=10 | 1 | 1374 | 82783 (exact) | sparse | 9332 |
| 7 | `(5, 2, 2, 2, 2, 1)` | 14 | 2 | 8:2, 9:2, 10:2, 11:2, 12:2 | no | `(26, 5, 2, 2, 2, 2, 1)` δ=10 | 2 | 427 | 18328 (exact) | dense | 2071 |
| 7 | `(4, 4, 3, 1, 1, 1)` | 14 | 0 | 8:0, 9:0, 10:0, 11:0, 12:0 | no | `(26, 4, 4, 3, 1, 1, 1)` δ=10 | 0 | None | 23784 (exact) | sparse | 2686 |
| 7 | `(4, 4, 2, 2, 1, 1)` | 14 | 0 | 8:0, 9:0, 10:0, 11:0, 12:0 | no | `(26, 4, 4, 2, 2, 1, 1)` δ=10 | 0 | None | 47355 (exact) | sparse | 5357 |
| 7 | `(4, 3, 3, 2, 1, 1)` | 14 | 0 | 8:0, 9:0, 10:0, 11:0, 12:0 | no | `(26, 4, 3, 3, 2, 1, 1)` δ=10 | 0 | None | 113461 (exact) | sparse | 12829 |
| 7 | `(4, 3, 2, 2, 2, 1)` | 14 | 1 | 8:1, 9:1, 10:1, 11:1, 12:1 | no | `(26, 4, 3, 2, 2, 2, 1)` δ=10 | 1 | 681 | 100577 (exact) | sparse | 11395 |
| 7 | `(4, 2, 2, 2, 2, 2)` | 14 | 3 | 8:2, 9:3, 10:3, 11:3, 12:3 | no | `(26, 4, 2, 2, 2, 2, 2)` δ=10 | 3 | 179 | 6695 (exact) | dense | 761 |
| 7 | `(3, 3, 3, 3, 1, 1)` | 14 | 0 | 8:0, 9:0, 10:0, 11:0, 12:0 | no | `(26, 3, 3, 3, 3, 1, 1)` δ=10 | 0 | None | 11337 (exact) | dense | 1282 |
| 7 | `(3, 3, 3, 2, 2, 1)` | 14 | 0 | 8:0, 9:0, 10:0, 11:0, 12:0 | no | `(26, 3, 3, 3, 2, 2, 1)` δ=10 | 0 | None | 60331 (exact) | sparse | 6834 |
| 7 | `(3, 3, 2, 2, 2, 2)` | 14 | 0 | 8:0, 9:0, 10:0, 11:0, 12:0 | no | `(26, 3, 3, 2, 2, 2, 2)` δ=10 | 0 | None | 20088 (exact) | sparse | 2281 |
| 7 | `(10, 1, 1, 1, 1, 1)` | 15 | 0 | 8:0, 9:0, 10:0, 11:0, 12:0 | no | `(25, 10, 1, 1, 1, 1, 1)` δ=10 | 0 | None | 208 (exact) | dense | 22 |
| 7 | `(9, 2, 1, 1, 1, 1)` | 15 | 0 | 8:0, 9:0, 10:0, 11:0, 12:0 | no | `(25, 9, 2, 1, 1, 1, 1)` δ=10 | 0 | None | 2591 (exact) | dense | 271 |
| 7 | `(8, 3, 1, 1, 1, 1)` | 15 | 0 | 8:0, 9:0, 10:0, 11:0, 12:0 | no | `(25, 8, 3, 1, 1, 1, 1)` δ=10 | 0 | None | 4750 (exact) | dense | 498 |
| 7 | `(8, 2, 2, 1, 1, 1)` | 15 | 0 | 8:0, 9:0, 10:0, 11:0, 12:0 | no | `(25, 8, 2, 2, 1, 1, 1)` δ=10 | 0 | None | 12571 (exact) | dense | 1319 |
| 7 | `(7, 4, 1, 1, 1, 1)` | 15 | 0 | 8:0, 9:0, 10:0, 11:0, 12:0 | no | `(25, 7, 4, 1, 1, 1, 1)` δ=10 | 0 | None | 6945 (exact) | dense | 732 |
| 7 | `(7, 3, 2, 1, 1, 1)` | 15 | 0 | 8:0, 9:0, 10:0, 11:0, 12:0 | no | `(25, 7, 3, 2, 1, 1, 1)` δ=10 | 0 | None | 44053 (exact) | sparse | 4645 |
| 7 | `(7, 2, 2, 2, 1, 1)` | 15 | 1 | 8:1, 9:1, 10:1, 11:1, 12:1 | no | `(25, 7, 2, 2, 2, 1, 1)` δ=10 | 1 | 966 | 29252 (exact) | sparse | 3089 |
| 7 | `(6, 5, 1, 1, 1, 1)` | 15 | 0 | 8:0, 9:0, 10:0, 11:0, 12:0 | no | `(25, 6, 5, 1, 1, 1, 1)` δ=10 | 0 | None | 8330 (exact) | dense | 881 |
| 7 | `(6, 4, 2, 1, 1, 1)` | 15 | 0 | 8:0, 9:0, 10:0, 11:0, 12:0 | no | `(25, 6, 4, 2, 1, 1, 1)` δ=10 | 0 | None | 60586 (exact) | sparse | 6424 |
| 7 | `(6, 3, 3, 1, 1, 1)` | 15 | 1 | 8:1, 9:1, 10:1, 11:1, 12:1 | no | `(25, 6, 3, 3, 1, 1, 1)` δ=10 | 1 | 2305 | 36315 (exact) | sparse | 3849 |
| 7 | `(6, 3, 2, 2, 1, 1)` | 15 | 2 | 8:2, 9:2, 10:2, 11:2, 12:2 | no | `(25, 6, 3, 2, 2, 1, 1)` δ=10 | 2 | 2942 | 144952 (exact) | beyond | 15384 |
| 7 | `(6, 2, 2, 2, 2, 1)` | 15 | 4 | 8:3, 9:4, 10:4, 11:4, 12:4 | no | `(25, 6, 2, 2, 2, 2, 1)` δ=10 | 4 | 861 | 32180 (exact) | sparse | 3421 |
| 7 | `(5, 5, 2, 1, 1, 1)` | 15 | 1 | 8:1, 9:1, 10:1, 11:1, 12:1 | no | `(25, 5, 5, 2, 1, 1, 1)` δ=10 | 1 | 1592 | 33533 (exact) | sparse | 3559 |
| 7 | `(5, 4, 3, 1, 1, 1)` | 15 | 0 | 8:0, 9:0, 10:0, 11:0, 12:0 | no | `(25, 5, 4, 3, 1, 1, 1)` δ=10 | 0 | None | 92148 (exact) | sparse | 9802 |
| 7 | `(5, 4, 2, 2, 1, 1)` | 15 | 2 | 8:2, 9:2, 10:2, 11:2, 12:2 | no | `(25, 5, 4, 2, 2, 1, 1)` δ=10 | 2 | 3079 | 184067 (exact) | beyond | 19606 |
| 7 | `(5, 3, 3, 2, 1, 1)` | 15 | 1 | 8:1, 9:1, 10:1, 11:1, 12:1 | no | `(25, 5, 3, 3, 2, 1, 1)` δ=10 | 1 | 3007 | 221149 (exact) | beyond | 23555 |
| 7 | `(5, 3, 2, 2, 2, 1)` | 15 | 4 | 8:3, 9:4, 10:4, 11:4, 12:4 | no | `(25, 5, 3, 2, 2, 2, 1)` δ=10 | 4 | 1958 | 196652 (exact) | beyond | 20977 |
| 7 | `(5, 2, 2, 2, 2, 2)` | 15 | 4 | 8:2, 9:3, 10:4, 11:4, 12:4 | no | `(25, 5, 2, 2, 2, 2, 2)` δ=10 | 4 | 385 | 13129 (exact) | dense | 1403 |
| 7 | `(4, 4, 4, 1, 1, 1)` | 15 | 0 | 8:0, 9:0, 10:0, 11:0, 12:0 | no | `(25, 4, 4, 4, 1, 1, 1)` δ=10 | 0 | None | 17600 (exact) | dense | 1877 |
| 7 | `(4, 4, 3, 2, 1, 1)` | 15 | 0 | 8:0, 9:0, 10:0, 11:0, 12:0 | no | `(25, 4, 4, 3, 2, 1, 1)` δ=10 | 0 | None | 253615 (exact) | beyond | 27083 |
| 7 | `(4, 4, 2, 2, 2, 1)` | 15 | 3 | 8:2, 9:3, 10:3, 11:3, 12:3 | no | `(25, 4, 4, 2, 2, 2, 1)` δ=10 | 3 | 1222 | 112812 (exact) | sparse | 12066 |
| 7 | `(4, 3, 3, 3, 1, 1)` | 15 | 0 | 8:0, 9:0, 10:0, 11:0, 12:0 | no | `(25, 4, 3, 3, 3, 1, 1)` δ=10 | 0 | None | 101682 (exact) | sparse | 10861 |
| 7 | `(4, 3, 3, 2, 2, 1)` | 15 | 0 | 8:0, 9:0, 10:0, 11:0, 12:0 | no | `(25, 4, 3, 3, 2, 2, 1)` δ=10 | 0 | None | 407289 (exact) | beyond | 43565 |
| 7 | `(4, 3, 2, 2, 2, 2)` | 15 | 2 | 8:1, 9:2, 10:2, 11:2, 12:2 | no | `(25, 4, 3, 2, 2, 2, 2)` δ=10 | 2 | 568 | 90721 (exact) | sparse | 9720 |
| 7 | `(3, 3, 3, 3, 2, 1)` | 15 | 0 | 8:0, 9:0, 10:0, 11:0, 12:0 | no | `(25, 3, 3, 3, 3, 2, 1)` δ=10 | 0 | None | 81754 (exact) | sparse | 8748 |
| 7 | `(3, 3, 3, 2, 2, 2)` | 15 | 0 | 8:0, 9:0, 10:0, 11:0, 12:0 | no | `(25, 3, 3, 3, 2, 2, 2)` δ=10 | 0 | None | 72879 (exact) | sparse | 7811 |
| 7 | `(11, 1, 1, 1, 1, 1)` | 16 | 0 | 8:0, 9:0, 10:0, 11:0, 12:0 | no | `(24, 11, 1, 1, 1, 1, 1)` δ=10 | 0 | None | 263 (exact) | dense | 28 |
| 7 | `(10, 2, 1, 1, 1, 1)` | 16 | 0 | 8:0, 9:0, 10:0, 11:0, 12:0 | no | `(24, 10, 2, 1, 1, 1, 1)` δ=10 | 0 | None | 3448 (exact) | dense | 354 |
| 7 | `(9, 3, 1, 1, 1, 1)` | 16 | 0 | 8:0, 9:0, 10:0, 11:0, 12:0 | no | `(24, 9, 3, 1, 1, 1, 1)` δ=10 | 0 | None | 6673 (exact) | dense | 681 |
| 7 | `(9, 2, 2, 1, 1, 1)` | 16 | 0 | 8:0, 9:0, 10:0, 11:0, 12:0 | no | `(24, 9, 2, 2, 1, 1, 1)` δ=10 | 0 | None | 17696 (exact) | dense | 1805 |
| 7 | `(8, 4, 1, 1, 1, 1)` | 16 | 0 | 8:0, 9:0, 10:0, 11:0, 12:0 | no | `(24, 8, 4, 1, 1, 1, 1)` δ=10 | 0 | None | 10377 (exact) | dense | 1060 |
| 7 | `(8, 3, 2, 1, 1, 1)` | 16 | 1 | 8:1, 9:1, 10:1, 11:1, 12:1 | no | `(24, 8, 3, 2, 1, 1, 1)` δ=10 | 1 | 3682 | 66106 (exact) | sparse | 6739 |
| 7 | `(8, 2, 2, 2, 1, 1)` | 16 | 1 | 8:1, 9:1, 10:1, 11:1, 12:1 | no | `(24, 8, 2, 2, 2, 1, 1)` δ=10 | 1 | 1473 | 43994 (exact) | sparse | 4487 |
| 7 | `(7, 5, 1, 1, 1, 1)` | 16 | 0 | 8:0, 9:0, 10:0, 11:0, 12:0 | no | `(24, 7, 5, 1, 1, 1, 1)` δ=10 | 0 | None | 13355 (exact) | dense | 1365 |
| 7 | `(7, 4, 2, 1, 1, 1)` | 16 | 1 | 8:1, 9:1, 10:1, 11:1, 12:1 | no | `(24, 7, 4, 2, 1, 1, 1)` δ=10 | 1 | 6123 | 97750 (exact) | sparse | 9991 |
| 7 | `(7, 3, 3, 1, 1, 1)` | 16 | 1 | 8:1, 9:1, 10:1, 11:1, 12:1 | no | `(24, 7, 3, 3, 1, 1, 1)` δ=10 | 1 | 4279 | 58722 (exact) | sparse | 5993 |
| 7 | `(7, 3, 2, 2, 1, 1)` | 16 | 6 | 8:5, 9:6, 10:6, 11:6, 12:6 | no | `(24, 7, 3, 2, 2, 1, 1)` δ=10 | 6 | 5454 | 234971 (exact) | beyond | 23992 |
| 7 | `(7, 2, 2, 2, 2, 1)` | 16 | 7 | 8:4, 9:6, 10:7, 11:7, 12:7 | no | `(24, 7, 2, 2, 2, 2, 1)` δ=10 | 7 | 1506 | 52289 (exact) | sparse | 5344 |
| 7 | `(6, 6, 1, 1, 1, 1)` | 16 | 0 | 8:0, 9:0, 10:0, 11:0, 12:0 | no | `(24, 6, 6, 1, 1, 1, 1)` δ=10 | 0 | None | 7259 (exact) | dense | 743 |
| 7 | `(6, 5, 2, 1, 1, 1)` | 16 | 2 | 8:2, 9:2, 10:2, 11:2, 12:2 | no | `(24, 6, 5, 2, 1, 1, 1)` δ=10 | 2 | 5186 | 117929 (exact) | sparse | 12069 |
| 7 | `(6, 4, 3, 1, 1, 1)` | 16 | 2 | 8:2, 9:2, 10:2, 11:2, 12:2 | no | `(24, 6, 4, 3, 1, 1, 1)` δ=10 | 2 | 7308 | 162712 (exact) | beyond | 16658 |
| 7 | `(6, 4, 2, 2, 1, 1)` | 16 | 5 | 8:4, 9:5, 10:5, 11:5, 12:5 | no | `(24, 6, 4, 2, 2, 1, 1)` δ=10 | 5 | 7724 | 325937 (exact) | beyond | 33389 |
| 7 | `(6, 3, 3, 2, 1, 1)` | 16 | 4 | 8:3, 9:4, 10:4, 11:4, 12:4 | no | `(24, 6, 3, 3, 2, 1, 1)` δ=10 | 4 | 6976 | 392547 (exact) | beyond | 40169 |
| 7 | `(6, 3, 2, 2, 2, 1)` | 16 | 9 | 8:5, 9:8, 10:9, 11:9, 12:9 | no | `(24, 6, 3, 2, 2, 2, 1)` δ=10 | 9 | 4429 | 350024 (exact) | beyond | 35847 |
| 7 | `(6, 2, 2, 2, 2, 2)` | 16 | 9 | 8:4, 9:7, 10:8, 11:9, 12:9 | no | `(28, 6, 2, 2, 2, 2, 2)` δ=11 | 9 | 825 | 23830 (exact) | sparse | 2403 |
| 7 | `(5, 5, 3, 1, 1, 1)` | 16 | 2 | 8:2, 9:2, 10:2, 11:2, 12:2 | no | `(24, 5, 5, 3, 1, 1, 1)` δ=10 | 2 | 3953 | 90306 (exact) | sparse | 9248 |
| 7 | `(5, 5, 2, 2, 1, 1)` | 16 | 5 | 8:4, 9:5, 10:5, 11:5, 12:5 | no | `(24, 5, 5, 2, 2, 1, 1)` δ=10 | 5 | 4012 | 180967 (exact) | beyond | 18543 |
| 7 | `(5, 4, 4, 1, 1, 1)` | 16 | 0 | 8:0, 9:0, 10:0, 11:0, 12:0 | no | `(24, 5, 4, 4, 1, 1, 1)` δ=10 | 0 | None | 103681 (exact) | sparse | 10635 |
| 7 | `(5, 4, 3, 2, 1, 1)` | 16 | 4 | 8:3, 9:4, 10:4, 11:4, 12:4 | no | `(24, 5, 4, 3, 2, 1, 1)` δ=10 | 4 | 9155 | 1002131 (exact) | beyond | 102768 |
| 7 | `(5, 4, 2, 2, 2, 1)` | 16 | 9 | 8:5, 9:8, 10:9, 11:9, 12:9 | no | `(24, 5, 4, 2, 2, 2, 1)` δ=10 | 9 | 4789 | 447148 (exact) | beyond | 45895 |
| 7 | `(5, 3, 3, 3, 1, 1)` | 16 | 0 | 8:0, 9:0, 10:0, 11:0, 12:0 | no | `(24, 5, 3, 3, 3, 1, 1)` δ=10 | 0 | None | 201456 (exact) | beyond | 20647 |
| 7 | `(5, 3, 3, 2, 2, 1)` | 16 | 2 | 8:1, 9:2, 10:2, 11:2, 12:2 | no | `(24, 5, 3, 3, 2, 2, 1)` δ=10 | 2 | 4683 | 809449 (exact) | beyond | 83021 |
| 7 | `(5, 3, 2, 2, 2, 2)` | 16 | 4 | 8:1, 9:3, 10:4, 11:4, 12:4 | no | `(24, 5, 3, 2, 2, 2, 2)` δ=10 | 4 | 1653 | 180845 (exact) | beyond | 18567 |
| 7 | `(4, 4, 4, 2, 1, 1)` | 16 | 0 | 8:0, 9:0, 10:0, 11:0, 12:0 | no | `(24, 4, 4, 4, 2, 1, 1)` δ=10 | 0 | None | 191958 (exact) | beyond | 19721 |
| 7 | `(4, 4, 3, 3, 1, 1)` | 16 | 0 | 8:0, 9:0, 10:0, 11:0, 12:0 | no | `(24, 4, 4, 3, 3, 1, 1)` δ=10 | 0 | None | 347409 (exact) | beyond | 35667 |
| 7 | `(4, 4, 3, 2, 2, 1)` | 16 | 2 | 8:1, 9:2, 10:2, 11:2, 12:2 | no | `(24, 4, 4, 3, 2, 2, 1)` δ=10 | 2 | 3593 | 930983 (exact) | beyond | 95662 |
| 7 | `(4, 4, 2, 2, 2, 2)` | 16 | 6 | 8:3, 9:5, 10:6, 11:6, 12:6 | no | `(24, 4, 4, 2, 2, 2, 2)` δ=10 | 6 | 1160 | 104046 (exact) | sparse | 10704 |
| 7 | `(4, 3, 3, 3, 2, 1)` | 16 | 0 | 8:0, 9:0, 10:0, 11:0, 12:0 | no | `(24, 4, 3, 3, 3, 2, 1)` δ=10 | 0 | None | 749788 (exact) | beyond | 77008 |
| 7 | `(4, 3, 3, 2, 2, 2)` | 16 | 0 | 8:0, 9:0, 10:0, 11:0, 12:0 | no | `(24, 4, 3, 3, 2, 2, 2)` δ=10 | 0 | None | 503020 (exact) | beyond | 51714 |
| 7 | `(3, 3, 3, 3, 3, 1)` | 16 | 0 | 8:0, 9:0, 10:0, 11:0, 12:0 | no | `(24, 3, 3, 3, 3, 3, 1)` δ=10 | 0 | None | 45320 (exact) | sparse | 4654 |
| 7 | `(3, 3, 3, 3, 2, 2)` | 16 | 0 | 8:0, 9:0, 10:0, 11:0, 12:0 | no | `(24, 3, 3, 3, 3, 2, 2)` δ=10 | 0 | None | 152102 (exact) | beyond | 15633 |
| 8 | `(1, 1, 1, 1, 1, 1, 1)` | 7 | 0 | 8:0, 9:0, 10:0, 11:0, 12:0 | no | `(33, 1, 1, 1, 1, 1, 1, 1)` δ=10 | 0 | None | 1 (exact) | dense | 1 |
| 8 | `(2, 1, 1, 1, 1, 1, 1)` | 8 | 0 | 8:0, 9:0, 10:0, 11:0, 12:0 | no | `(32, 2, 1, 1, 1, 1, 1, 1)` δ=10 | 0 | None | 4 (exact) | dense | 1 |
| 8 | `(3, 1, 1, 1, 1, 1, 1)` | 9 | 0 | 8:0, 9:0, 10:0, 11:0, 12:0 | no | `(31, 3, 1, 1, 1, 1, 1, 1)` δ=10 | 0 | None | 8 (exact) | dense | 2 |
| 8 | `(2, 2, 1, 1, 1, 1, 1)` | 9 | 0 | 8:0, 9:0, 10:0, 11:0, 12:0 | no | `(31, 2, 2, 1, 1, 1, 1, 1)` δ=10 | 0 | None | 30 (exact) | dense | 5 |
| 8 | `(4, 1, 1, 1, 1, 1, 1)` | 10 | 0 | 8:0, 9:0, 10:0, 11:0, 12:0 | no | `(30, 4, 1, 1, 1, 1, 1, 1)` δ=10 | 0 | None | 16 (exact) | dense | 3 |
| 8 | `(3, 2, 1, 1, 1, 1, 1)` | 10 | 0 | 8:0, 9:0, 10:0, 11:0, 12:0 | no | `(30, 3, 2, 1, 1, 1, 1, 1)` δ=10 | 0 | None | 139 (exact) | dense | 20 |
| 8 | `(2, 2, 2, 1, 1, 1, 1)` | 10 | 0 | 8:0, 9:0, 10:0, 11:0, 12:0 | no | `(30, 2, 2, 2, 1, 1, 1, 1)` δ=10 | 0 | None | 151 (exact) | dense | 22 |
| 8 | `(5, 1, 1, 1, 1, 1, 1)` | 11 | 0 | 8:0, 9:0, 10:0, 11:0, 12:0 | no | `(29, 5, 1, 1, 1, 1, 1, 1)` δ=10 | 0 | None | 27 (exact) | dense | 4 |
| 8 | `(4, 2, 1, 1, 1, 1, 1)` | 11 | 0 | 8:0, 9:0, 10:0, 11:0, 12:0 | no | `(29, 4, 2, 1, 1, 1, 1, 1)` δ=10 | 0 | None | 285 (exact) | dense | 38 |
| 8 | `(3, 3, 1, 1, 1, 1, 1)` | 11 | 0 | 8:0, 9:0, 10:0, 11:0, 12:0 | no | `(29, 3, 3, 1, 1, 1, 1, 1)` δ=10 | 0 | None | 170 (exact) | dense | 23 |
| 8 | `(3, 2, 2, 1, 1, 1, 1)` | 11 | 0 | 8:0, 9:0, 10:0, 11:0, 12:0 | no | `(29, 3, 2, 2, 1, 1, 1, 1)` δ=10 | 0 | None | 1110 (exact) | dense | 148 |
| 8 | `(2, 2, 2, 2, 1, 1, 1)` | 11 | 0 | 8:0, 9:0, 10:0, 11:0, 12:0 | no | `(29, 2, 2, 2, 2, 1, 1, 1)` δ=10 | 0 | None | 487 (exact) | dense | 65 |
| 8 | `(6, 1, 1, 1, 1, 1, 1)` | 12 | 0 | 8:0, 9:0, 10:0, 11:0, 12:0 | no | `(28, 6, 1, 1, 1, 1, 1, 1)` δ=10 | 0 | None | 45 (exact) | dense | 6 |
| 8 | `(5, 2, 1, 1, 1, 1, 1)` | 12 | 0 | 8:0, 9:0, 10:0, 11:0, 12:0 | no | `(28, 5, 2, 1, 1, 1, 1, 1)` δ=10 | 0 | None | 525 (exact) | dense | 66 |
| 8 | `(4, 3, 1, 1, 1, 1, 1)` | 12 | 0 | 8:0, 9:0, 10:0, 11:0, 12:0 | no | `(28, 4, 3, 1, 1, 1, 1, 1)` δ=10 | 0 | None | 712 (exact) | dense | 90 |
| 8 | `(4, 2, 2, 1, 1, 1, 1)` | 12 | 0 | 8:0, 9:0, 10:0, 11:0, 12:0 | no | `(28, 4, 2, 2, 1, 1, 1, 1)` δ=10 | 0 | None | 2345 (exact) | dense | 297 |
| 8 | `(3, 3, 2, 1, 1, 1, 1)` | 12 | 0 | 8:0, 9:0, 10:0, 11:0, 12:0 | no | `(28, 3, 3, 2, 1, 1, 1, 1)` δ=10 | 0 | None | 2796 (exact) | dense | 354 |
| 8 | `(3, 2, 2, 2, 1, 1, 1)` | 12 | 0 | 8:0, 9:0, 10:0, 11:0, 12:0 | no | `(28, 3, 2, 2, 2, 1, 1, 1)` δ=10 | 0 | None | 4923 (exact) | dense | 625 |
| 8 | `(2, 2, 2, 2, 2, 1, 1)` | 12 | 0 | 8:0, 9:0, 10:0, 11:0, 12:0 | no | `(28, 2, 2, 2, 2, 2, 1, 1)` δ=10 | 0 | None | 977 (exact) | dense | 125 |
| 8 | `(7, 1, 1, 1, 1, 1, 1)` | 13 | 0 | 8:0, 9:0, 10:0, 11:0, 12:0 | no | `(27, 7, 1, 1, 1, 1, 1, 1)` δ=10 | 0 | None | 70 (exact) | dense | 9 |
| 8 | `(6, 2, 1, 1, 1, 1, 1)` | 13 | 0 | 8:0, 9:0, 10:0, 11:0, 12:0 | no | `(27, 6, 2, 1, 1, 1, 1, 1)` δ=10 | 0 | None | 891 (exact) | dense | 104 |
| 8 | `(5, 3, 1, 1, 1, 1, 1)` | 13 | 0 | 8:0, 9:0, 10:0, 11:0, 12:0 | no | `(27, 5, 3, 1, 1, 1, 1, 1)` δ=10 | 0 | None | 1339 (exact) | dense | 157 |
| 8 | `(5, 2, 2, 1, 1, 1, 1)` | 13 | 0 | 8:0, 9:0, 10:0, 11:0, 12:0 | no | `(27, 5, 2, 2, 1, 1, 1, 1)` δ=10 | 0 | None | 4425 (exact) | dense | 520 |
| 8 | `(4, 4, 1, 1, 1, 1, 1)` | 13 | 0 | 8:0, 9:0, 10:0, 11:0, 12:0 | no | `(27, 4, 4, 1, 1, 1, 1, 1)` δ=10 | 0 | None | 764 (exact) | dense | 90 |
| 8 | `(4, 3, 2, 1, 1, 1, 1)` | 13 | 0 | 8:0, 9:0, 10:0, 11:0, 12:0 | no | `(27, 4, 3, 2, 1, 1, 1, 1)` δ=10 | 0 | None | 12088 (exact) | dense | 1428 |
| 8 | `(4, 2, 2, 2, 1, 1, 1)` | 13 | 0 | 8:0, 9:0, 10:0, 11:0, 12:0 | no | `(27, 4, 2, 2, 2, 1, 1, 1)` δ=10 | 0 | None | 10682 (exact) | dense | 1264 |
| 8 | `(3, 3, 3, 1, 1, 1, 1)` | 13 | 0 | 8:0, 9:0, 10:0, 11:0, 12:0 | no | `(27, 3, 3, 3, 1, 1, 1, 1)` δ=10 | 0 | None | 2412 (exact) | dense | 286 |
| 8 | `(3, 3, 2, 2, 1, 1, 1)` | 13 | 0 | 8:0, 9:0, 10:0, 11:0, 12:0 | no | `(27, 3, 3, 2, 2, 1, 1, 1)` δ=10 | 0 | None | 19190 (exact) | dense | 2274 |
| 8 | `(3, 2, 2, 2, 2, 1, 1)` | 13 | 0 | 8:0, 9:0, 10:0, 11:0, 12:0 | no | `(27, 3, 2, 2, 2, 2, 1, 1)` δ=10 | 0 | None | 12740 (exact) | dense | 1513 |
| 8 | `(2, 2, 2, 2, 2, 2, 1)` | 13 | 0 | 8:0, 9:0, 10:0, 11:0, 12:0 | no | `(27, 2, 2, 2, 2, 2, 2, 1)` δ=10 | 0 | None | 1129 (exact) | dense | 135 |
| 8 | `(8, 1, 1, 1, 1, 1, 1)` | 14 | 0 | 8:0, 9:0, 10:0, 11:0, 12:0 | no | `(26, 8, 1, 1, 1, 1, 1, 1)` δ=10 | 0 | None | 103 (exact) | dense | 12 |
| 8 | `(7, 2, 1, 1, 1, 1, 1)` | 14 | 0 | 8:0, 9:0, 10:0, 11:0, 12:0 | no | `(26, 7, 2, 1, 1, 1, 1, 1)` δ=10 | 0 | None | 1412 (exact) | dense | 156 |
| 8 | `(6, 3, 1, 1, 1, 1, 1)` | 14 | 0 | 8:0, 9:0, 10:0, 11:0, 12:0 | no | `(26, 6, 3, 1, 1, 1, 1, 1)` δ=10 | 0 | None | 2312 (exact) | dense | 258 |
| 8 | `(6, 2, 2, 1, 1, 1, 1)` | 14 | 0 | 8:0, 9:0, 10:0, 11:0, 12:0 | no | `(26, 6, 2, 2, 1, 1, 1, 1)` δ=10 | 0 | None | 7666 (exact) | dense | 854 |
| 8 | `(5, 4, 1, 1, 1, 1, 1)` | 14 | 0 | 8:0, 9:0, 10:0, 11:0, 12:0 | no | `(26, 5, 4, 1, 1, 1, 1, 1)` δ=10 | 0 | None | 2924 (exact) | dense | 327 |
| 8 | `(5, 3, 2, 1, 1, 1, 1)` | 14 | 0 | 8:0, 9:0, 10:0, 11:0, 12:0 | no | `(26, 5, 3, 2, 1, 1, 1, 1)` δ=10 | 0 | None | 23270 (exact) | sparse | 2605 |
| 8 | `(5, 2, 2, 2, 1, 1, 1)` | 14 | 0 | 8:0, 9:0, 10:0, 11:0, 12:0 | no | `(26, 5, 2, 2, 2, 1, 1, 1)` δ=10 | 0 | None | 20630 (exact) | sparse | 2313 |
| 8 | `(4, 4, 2, 1, 1, 1, 1)` | 14 | 0 | 8:0, 9:0, 10:0, 11:0, 12:0 | no | `(26, 4, 4, 2, 1, 1, 1, 1)` δ=10 | 0 | None | 13320 (exact) | dense | 1496 |
| 8 | `(4, 3, 3, 1, 1, 1, 1)` | 14 | 0 | 8:0, 9:0, 10:0, 11:0, 12:0 | no | `(26, 4, 3, 3, 1, 1, 1, 1)` δ=10 | 0 | None | 15990 (exact) | dense | 1797 |
| 8 | `(4, 3, 2, 2, 1, 1, 1)` | 14 | 0 | 8:0, 9:0, 10:0, 11:0, 12:0 | no | `(26, 4, 3, 2, 2, 1, 1, 1)` δ=10 | 0 | None | 85145 (exact) | sparse | 9580 |
| 8 | `(4, 2, 2, 2, 2, 1, 1)` | 14 | 0 | 8:0, 9:0, 10:0, 11:0, 12:0 | no | `(26, 4, 2, 2, 2, 2, 1, 1)` δ=10 | 0 | None | 28365 (exact) | sparse | 3198 |
| 8 | `(3, 3, 3, 2, 1, 1, 1)` | 14 | 0 | 8:0, 9:0, 10:0, 11:0, 12:0 | no | `(26, 3, 3, 3, 2, 1, 1, 1)` δ=10 | 0 | None | 34116 (exact) | sparse | 3842 |
| 8 | `(3, 3, 2, 2, 2, 1, 1)` | 14 | 0 | 8:0, 9:0, 10:0, 11:0, 12:0 | no | `(26, 3, 3, 2, 2, 2, 1, 1)` δ=10 | 0 | None | 68230 (exact) | sparse | 7696 |
| 8 | `(3, 2, 2, 2, 2, 2, 1)` | 14 | 0 | 8:0, 9:0, 10:0, 11:0, 12:0 | no | `(26, 3, 2, 2, 2, 2, 2, 1)` δ=10 | 0 | None | 18211 (exact) | dense | 2058 |
| 8 | `(2, 2, 2, 2, 2, 2, 2)` | 14 | 1 | 8:1, 9:1, 10:1, 11:1, 12:1 | no | `(26, 2, 2, 2, 2, 2, 2, 2)` δ=10 | 1 | 21 | 580 (exact) | dense | 66 |
| 8 | `(9, 1, 1, 1, 1, 1, 1)` | 15 | 0 | 8:0, 9:0, 10:0, 11:0, 12:0 | no | `(25, 9, 1, 1, 1, 1, 1, 1)` δ=10 | 0 | None | 144 (exact) | dense | 15 |
| 8 | `(8, 2, 1, 1, 1, 1, 1)` | 15 | 0 | 8:0, 9:0, 10:0, 11:0, 12:0 | no | `(25, 8, 2, 1, 1, 1, 1, 1)` δ=10 | 0 | None | 2106 (exact) | dense | 219 |
| 8 | `(7, 3, 1, 1, 1, 1, 1)` | 15 | 0 | 8:0, 9:0, 10:0, 11:0, 12:0 | no | `(25, 7, 3, 1, 1, 1, 1, 1)` δ=10 | 0 | None | 3711 (exact) | dense | 389 |
| 8 | `(7, 2, 2, 1, 1, 1, 1)` | 15 | 0 | 8:0, 9:0, 10:0, 11:0, 12:0 | no | `(25, 7, 2, 2, 1, 1, 1, 1)` δ=10 | 0 | None | 12335 (exact) | dense | 1293 |
| 8 | `(6, 4, 1, 1, 1, 1, 1)` | 15 | 0 | 8:0, 9:0, 10:0, 11:0, 12:0 | no | `(25, 6, 4, 1, 1, 1, 1, 1)` δ=10 | 0 | None | 5116 (exact) | dense | 539 |
| 8 | `(6, 3, 2, 1, 1, 1, 1)` | 15 | 0 | 8:0, 9:0, 10:0, 11:0, 12:0 | no | `(25, 6, 3, 2, 1, 1, 1, 1)` δ=10 | 0 | None | 40932 (exact) | sparse | 4317 |
| 8 | `(6, 2, 2, 2, 1, 1, 1)` | 15 | 0 | 8:0, 9:0, 10:0, 11:0, 12:0 | no | `(25, 6, 2, 2, 2, 1, 1, 1)` δ=10 | 0 | None | 36390 (exact) | sparse | 3843 |
| 8 | `(5, 5, 1, 1, 1, 1, 1)` | 15 | 0 | 8:0, 9:0, 10:0, 11:0, 12:0 | no | `(25, 5, 5, 1, 1, 1, 1, 1)` δ=10 | 0 | None | 2835 (exact) | dense | 299 |
| 8 | `(5, 4, 2, 1, 1, 1, 1)` | 15 | 0 | 8:0, 9:0, 10:0, 11:0, 12:0 | no | `(25, 5, 4, 2, 1, 1, 1, 1)` δ=10 | 0 | None | 52072 (exact) | sparse | 5513 |
| 8 | `(5, 3, 3, 1, 1, 1, 1)` | 15 | 0 | 8:0, 9:0, 10:0, 11:0, 12:0 | no | `(25, 5, 3, 3, 1, 1, 1, 1)` δ=10 | 0 | None | 31340 (exact) | sparse | 3320 |
| 8 | `(5, 3, 2, 2, 1, 1, 1)` | 15 | 0 | 8:0, 9:0, 10:0, 11:0, 12:0 | no | `(25, 5, 3, 2, 2, 1, 1, 1)` δ=10 | 0 | None | 167408 (exact) | beyond | 17757 |
| 8 | `(5, 2, 2, 2, 2, 1, 1)` | 15 | 0 | 8:0, 9:0, 10:0, 11:0, 12:0 | no | `(25, 5, 2, 2, 2, 2, 1, 1)` δ=10 | 0 | None | 55942 (exact) | sparse | 5943 |
| 8 | `(4, 4, 3, 1, 1, 1, 1)` | 15 | 0 | 8:0, 9:0, 10:0, 11:0, 12:0 | no | `(25, 4, 4, 3, 1, 1, 1, 1)` δ=10 | 0 | None | 35966 (exact) | sparse | 3820 |
| 8 | `(4, 4, 2, 2, 1, 1, 1)` | 15 | 0 | 8:0, 9:0, 10:0, 11:0, 12:0 | no | `(25, 4, 4, 2, 2, 1, 1, 1)` δ=10 | 0 | None | 96100 (exact) | sparse | 10220 |
| 8 | `(4, 3, 3, 2, 1, 1, 1)` | 15 | 0 | 8:0, 9:0, 10:0, 11:0, 12:0 | no | `(25, 4, 3, 3, 2, 1, 1, 1)` δ=10 | 0 | None | 231721 (exact) | beyond | 24658 |
| 8 | `(4, 3, 2, 2, 2, 1, 1)` | 15 | 0 | 8:0, 9:0, 10:0, 11:0, 12:0 | no | `(25, 4, 3, 2, 2, 2, 1, 1)` δ=10 | 0 | None | 310030 (exact) | beyond | 33038 |
| 8 | `(4, 2, 2, 2, 2, 2, 1)` | 15 | 1 | 8:1, 9:1, 10:1, 11:1, 12:1 | no | `(25, 4, 2, 2, 2, 2, 2, 1)` δ=10 | 1 | 282 | 41516 (exact) | sparse | 4431 |
| 8 | `(3, 3, 3, 3, 1, 1, 1)` | 15 | 0 | 8:0, 9:0, 10:0, 11:0, 12:0 | no | `(25, 3, 3, 3, 3, 1, 1, 1)` δ=10 | 0 | None | 23296 (exact) | sparse | 2481 |
| 8 | `(3, 3, 3, 2, 2, 1, 1)` | 15 | 0 | 8:0, 9:0, 10:0, 11:0, 12:0 | no | `(25, 3, 3, 3, 2, 2, 1, 1)` δ=10 | 0 | None | 187116 (exact) | beyond | 19956 |
| 8 | `(3, 3, 2, 2, 2, 2, 1)` | 15 | 0 | 8:0, 9:0, 10:0, 11:0, 12:0 | no | `(25, 3, 3, 2, 2, 2, 2, 1)` δ=10 | 0 | None | 125348 (exact) | beyond | 13389 |
| 8 | `(3, 2, 2, 2, 2, 2, 2)` | 15 | 1 | 8:0, 9:1, 10:1, 11:1, 12:1 | no | `(25, 3, 2, 2, 2, 2, 2, 2)` δ=10 | 1 | 63 | 11205 (exact) | dense | 1199 |
| 8 | `(10, 1, 1, 1, 1, 1, 1)` | 16 | 0 | 8:0, 9:0, 10:0, 11:0, 12:0 | no | `(24, 10, 1, 1, 1, 1, 1, 1)` δ=10 | 0 | None | 192 (exact) | dense | 20 |
| 8 | `(9, 2, 1, 1, 1, 1, 1)` | 16 | 0 | 8:0, 9:0, 10:0, 11:0, 12:0 | no | `(24, 9, 2, 1, 1, 1, 1, 1)` δ=10 | 0 | None | 2973 (exact) | dense | 300 |
| 8 | `(8, 3, 1, 1, 1, 1, 1)` | 16 | 0 | 8:0, 9:0, 10:0, 11:0, 12:0 | no | `(24, 8, 3, 1, 1, 1, 1, 1)` δ=10 | 0 | None | 5587 (exact) | dense | 565 |
| 8 | `(8, 2, 2, 1, 1, 1, 1)` | 16 | 0 | 8:0, 9:0, 10:0, 11:0, 12:0 | no | `(24, 8, 2, 2, 1, 1, 1, 1)` δ=10 | 0 | None | 18613 (exact) | dense | 1881 |
| 8 | `(7, 4, 1, 1, 1, 1, 1)` | 16 | 0 | 8:0, 9:0, 10:0, 11:0, 12:0 | no | `(24, 7, 4, 1, 1, 1, 1, 1)` δ=10 | 0 | None | 8288 (exact) | dense | 840 |
| 8 | `(7, 3, 2, 1, 1, 1, 1)` | 16 | 0 | 8:0, 9:0, 10:0, 11:0, 12:0 | no | `(24, 7, 3, 2, 1, 1, 1, 1)` δ=10 | 0 | None | 66618 (exact) | sparse | 6748 |
| 8 | `(7, 2, 2, 2, 1, 1, 1)` | 16 | 0 | 8:0, 9:0, 10:0, 11:0, 12:0 | no | `(24, 7, 2, 2, 2, 1, 1, 1)` δ=10 | 0 | None | 59370 (exact) | sparse | 6018 |
| 8 | `(6, 5, 1, 1, 1, 1, 1)` | 16 | 0 | 8:0, 9:0, 10:0, 11:0, 12:0 | no | `(24, 6, 5, 1, 1, 1, 1, 1)` δ=10 | 0 | None | 10016 (exact) | dense | 1017 |
| 8 | `(6, 4, 2, 1, 1, 1, 1)` | 16 | 0 | 8:0, 9:0, 10:0, 11:0, 12:0 | no | `(24, 6, 4, 2, 1, 1, 1, 1)` δ=10 | 0 | None | 92623 (exact) | sparse | 9417 |
| 8 | `(6, 3, 3, 1, 1, 1, 1)` | 16 | 0 | 8:0, 9:0, 10:0, 11:0, 12:0 | no | `(24, 6, 3, 3, 1, 1, 1, 1)` δ=10 | 0 | None | 55876 (exact) | sparse | 5679 |
| 8 | `(6, 3, 2, 2, 1, 1, 1)` | 16 | 0 | 8:0, 9:0, 10:0, 11:0, 12:0 | no | `(24, 6, 3, 2, 2, 1, 1, 1)` δ=10 | 0 | None | 299295 (exact) | beyond | 30436 |
| 8 | `(6, 2, 2, 2, 2, 1, 1)` | 16 | 0 | 8:0, 9:0, 10:0, 11:0, 12:0 | no | `(24, 6, 2, 2, 2, 2, 1, 1)` δ=10 | 0 | None | 100283 (exact) | sparse | 10207 |
| 8 | `(5, 5, 2, 1, 1, 1, 1)` | 16 | 0 | 8:0, 9:0, 10:0, 11:0, 12:0 | no | `(24, 5, 5, 2, 1, 1, 1, 1)` δ=10 | 0 | None | 51480 (exact) | sparse | 5238 |
| 8 | `(5, 4, 3, 1, 1, 1, 1)` | 16 | 0 | 8:0, 9:0, 10:0, 11:0, 12:0 | no | `(24, 5, 4, 3, 1, 1, 1, 1)` δ=10 | 0 | None | 142886 (exact) | beyond | 14558 |
| 8 | `(5, 4, 2, 2, 1, 1, 1)` | 16 | 0 | 8:0, 9:0, 10:0, 11:0, 12:0 | no | `(24, 5, 4, 2, 2, 1, 1, 1)` δ=10 | 0 | None | 382981 (exact) | beyond | 39047 |
| 8 | `(5, 3, 3, 2, 1, 1, 1)` | 16 | 0 | 8:0, 9:0, 10:0, 11:0, 12:0 | no | `(24, 5, 3, 3, 2, 1, 1, 1)` δ=10 | 0 | None | 462964 (exact) | beyond | 47197 |
| 8 | `(5, 3, 2, 2, 2, 1, 1)` | 16 | 1 | 8:1, 9:1, 10:1, 11:1, 12:1 | no | `(24, 5, 3, 2, 2, 2, 1, 1)` δ=10 | 1 | 3350 | 621310 (exact) | beyond | 63392 |
| 8 | `(5, 2, 2, 2, 2, 2, 1)` | 16 | 2 | 8:1, 9:2, 10:2, 11:2, 12:2 | no | `(24, 5, 2, 2, 2, 2, 2, 1)` δ=10 | 2 | 722 | 83447 (exact) | sparse | 8523 |
| 8 | `(4, 4, 4, 1, 1, 1, 1)` | 16 | 0 | 8:0, 9:0, 10:0, 11:0, 12:0 | no | `(24, 4, 4, 4, 1, 1, 1, 1)` δ=10 | 0 | None | 27389 (exact) | sparse | 2796 |
| 8 | `(4, 4, 3, 2, 1, 1, 1)` | 16 | 0 | 8:0, 9:0, 10:0, 11:0, 12:0 | no | `(24, 4, 4, 3, 2, 1, 1, 1)` δ=10 | 0 | None | 532836 (exact) | beyond | 54417 |
| 8 | `(4, 4, 2, 2, 2, 1, 1)` | 16 | 0 | 8:0, 9:0, 10:0, 11:0, 12:0 | no | `(24, 4, 4, 2, 2, 2, 1, 1)` δ=10 | 0 | None | 357681 (exact) | beyond | 36561 |
| 8 | `(4, 3, 3, 3, 1, 1, 1)` | 16 | 0 | 8:0, 9:0, 10:0, 11:0, 12:0 | no | `(24, 4, 3, 3, 3, 1, 1, 1)` δ=10 | 0 | None | 214903 (exact) | beyond | 21950 |
| 8 | `(4, 3, 3, 2, 2, 1, 1)` | 16 | 0 | 8:0, 9:0, 10:0, 11:0, 12:0 | no | `(24, 4, 3, 3, 2, 2, 1, 1)` δ=10 | 0 | None | 1299042 (exact) | beyond | 132794 |
| 8 | `(4, 3, 2, 2, 2, 2, 1)` | 16 | 1 | 8:0, 9:1, 10:1, 11:1, 12:1 | no | `(24, 4, 3, 2, 2, 2, 2, 1)` δ=10 | 1 | 1229 | 582103 (exact) | beyond | 59563 |
| 8 | `(4, 2, 2, 2, 2, 2, 2)` | 16 | 3 | 8:1, 9:2, 10:3, 11:3, 12:3 | no | `(24, 4, 2, 2, 2, 2, 2, 2)` δ=10 | 3 | 241 | 26104 (exact) | sparse | 2675 |
| 8 | `(3, 3, 3, 3, 2, 1, 1)` | 16 | 0 | 8:0, 9:0, 10:0, 11:0, 12:0 | no | `(24, 3, 3, 3, 3, 2, 1, 1)` δ=10 | 0 | None | 262258 (exact) | beyond | 26816 |
| 8 | `(3, 3, 3, 2, 2, 2, 1)` | 16 | 0 | 8:0, 9:0, 10:0, 11:0, 12:0 | no | `(24, 3, 3, 3, 2, 2, 2, 1)` δ=10 | 0 | None | 470319 (exact) | beyond | 48136 |
| 8 | `(3, 3, 2, 2, 2, 2, 2)` | 16 | 0 | 8:0, 9:0, 10:0, 11:0, 12:0 | no | `(24, 3, 3, 2, 2, 2, 2, 2)` δ=10 | 0 | None | 94956 (exact) | sparse | 9729 |
| 9 | `(1, 1, 1, 1, 1, 1, 1, 1)` | 8 | 0 | 9:0, 10:0, 11:0, 12:0 | no | `(32, 1, 1, 1, 1, 1, 1, 1, 1)` δ=10 | 0 | None | 1 (exact) | dense | 1 |
| 9 | `(2, 1, 1, 1, 1, 1, 1, 1)` | 9 | 0 | 9:0, 10:0, 11:0, 12:0 | no | `(31, 2, 1, 1, 1, 1, 1, 1, 1)` δ=10 | 0 | None | 3 (exact) | dense | 1 |
| 9 | `(3, 1, 1, 1, 1, 1, 1, 1)` | 10 | 0 | 9:0, 10:0, 11:0, 12:0 | no | `(30, 3, 1, 1, 1, 1, 1, 1, 1)` δ=10 | 0 | None | 6 (exact) | dense | 1 |
| 9 | `(2, 2, 1, 1, 1, 1, 1, 1)` | 10 | 0 | 9:0, 10:0, 11:0, 12:0 | no | `(30, 2, 2, 1, 1, 1, 1, 1, 1)` δ=10 | 0 | None | 25 (exact) | dense | 4 |
| 9 | `(4, 1, 1, 1, 1, 1, 1, 1)` | 11 | 0 | 9:0, 10:0, 11:0, 12:0 | no | `(29, 4, 1, 1, 1, 1, 1, 1, 1)` δ=10 | 0 | None | 12 (exact) | dense | 2 |
| 9 | `(3, 2, 1, 1, 1, 1, 1, 1)` | 11 | 0 | 9:0, 10:0, 11:0, 12:0 | no | `(29, 3, 2, 1, 1, 1, 1, 1, 1)` δ=10 | 0 | None | 124 (exact) | dense | 17 |
| 9 | `(2, 2, 2, 1, 1, 1, 1, 1)` | 11 | 0 | 9:0, 10:0, 11:0, 12:0 | no | `(29, 2, 2, 2, 1, 1, 1, 1, 1)` δ=10 | 0 | None | 162 (exact) | dense | 22 |
| 9 | `(5, 1, 1, 1, 1, 1, 1, 1)` | 12 | 0 | 9:0, 10:0, 11:0, 12:0 | no | `(28, 5, 1, 1, 1, 1, 1, 1, 1)` δ=10 | 0 | None | 21 (exact) | dense | 3 |
| 9 | `(4, 2, 1, 1, 1, 1, 1, 1)` | 12 | 0 | 9:0, 10:0, 11:0, 12:0 | no | `(28, 4, 2, 1, 1, 1, 1, 1, 1)` δ=10 | 0 | None | 262 (exact) | dense | 33 |
| 9 | `(3, 3, 1, 1, 1, 1, 1, 1)` | 12 | 0 | 9:0, 10:0, 11:0, 12:0 | no | `(28, 3, 3, 1, 1, 1, 1, 1, 1)` δ=10 | 0 | None | 157 (exact) | dense | 20 |
| 9 | `(3, 2, 2, 1, 1, 1, 1, 1)` | 12 | 0 | 9:0, 10:0, 11:0, 12:0 | no | `(28, 3, 2, 2, 1, 1, 1, 1, 1)` δ=10 | 0 | None | 1241 (exact) | dense | 157 |
| 9 | `(2, 2, 2, 2, 1, 1, 1, 1)` | 12 | 0 | 9:0, 10:0, 11:0, 12:0 | no | `(28, 2, 2, 2, 2, 1, 1, 1, 1)` δ=10 | 0 | None | 684 (exact) | dense | 87 |
| 9 | `(6, 1, 1, 1, 1, 1, 1, 1)` | 13 | 0 | 9:0, 10:0, 11:0, 12:0 | no | `(27, 6, 1, 1, 1, 1, 1, 1, 1)` δ=10 | 0 | None | 36 (exact) | dense | 5 |
| 9 | `(5, 2, 1, 1, 1, 1, 1, 1)` | 13 | 0 | 9:0, 10:0, 11:0, 12:0 | no | `(27, 5, 2, 1, 1, 1, 1, 1, 1)` δ=10 | 0 | None | 497 (exact) | dense | 59 |
| 9 | `(4, 3, 1, 1, 1, 1, 1, 1)` | 13 | 0 | 9:0, 10:0, 11:0, 12:0 | no | `(27, 4, 3, 1, 1, 1, 1, 1, 1)` δ=10 | 0 | None | 681 (exact) | dense | 80 |
| 9 | `(4, 2, 2, 1, 1, 1, 1, 1)` | 13 | 0 | 9:0, 10:0, 11:0, 12:0 | no | `(27, 4, 2, 2, 1, 1, 1, 1, 1)` δ=10 | 0 | None | 2708 (exact) | dense | 319 |
| 9 | `(3, 3, 2, 1, 1, 1, 1, 1)` | 13 | 0 | 9:0, 10:0, 11:0, 12:0 | no | `(27, 3, 3, 2, 1, 1, 1, 1, 1)` δ=10 | 0 | None | 3249 (exact) | dense | 384 |
| 9 | `(3, 2, 2, 2, 1, 1, 1, 1)` | 13 | 0 | 9:0, 10:0, 11:0, 12:0 | no | `(27, 3, 2, 2, 2, 1, 1, 1, 1)` δ=10 | 0 | None | 7198 (exact) | dense | 851 |
| 9 | `(2, 2, 2, 2, 2, 1, 1, 1)` | 13 | 0 | 9:0, 10:0, 11:0, 12:0 | no | `(27, 2, 2, 2, 2, 2, 1, 1, 1)` δ=10 | 0 | None | 1916 (exact) | dense | 227 |
| 9 | `(7, 1, 1, 1, 1, 1, 1, 1)` | 14 | 0 | 9:0, 10:0, 11:0, 12:0 | no | `(26, 7, 1, 1, 1, 1, 1, 1, 1)` δ=10 | 0 | None | 57 (exact) | dense | 7 |
| 9 | `(6, 2, 1, 1, 1, 1, 1, 1)` | 14 | 0 | 9:0, 10:0, 11:0, 12:0 | no | `(26, 6, 2, 1, 1, 1, 1, 1, 1)` δ=10 | 0 | None | 865 (exact) | dense | 96 |
| 9 | `(5, 3, 1, 1, 1, 1, 1, 1)` | 14 | 0 | 9:0, 10:0, 11:0, 12:0 | no | `(26, 5, 3, 1, 1, 1, 1, 1, 1)` δ=10 | 0 | None | 1317 (exact) | dense | 147 |
| 9 | `(5, 2, 2, 1, 1, 1, 1, 1)` | 14 | 0 | 9:0, 10:0, 11:0, 12:0 | no | `(26, 5, 2, 2, 1, 1, 1, 1, 1)` δ=10 | 0 | None | 5258 (exact) | dense | 587 |
| 9 | `(4, 4, 1, 1, 1, 1, 1, 1)` | 14 | 0 | 9:0, 10:0, 11:0, 12:0 | no | `(26, 4, 4, 1, 1, 1, 1, 1, 1)` δ=10 | 0 | None | 754 (exact) | dense | 85 |
| 9 | `(4, 3, 2, 1, 1, 1, 1, 1)` | 14 | 0 | 9:0, 10:0, 11:0, 12:0 | no | `(26, 4, 3, 2, 1, 1, 1, 1, 1)` δ=10 | 0 | None | 14501 (exact) | dense | 1624 |
| 9 | `(4, 2, 2, 2, 1, 1, 1, 1)` | 14 | 0 | 9:0, 10:0, 11:0, 12:0 | no | `(26, 4, 2, 2, 2, 1, 1, 1, 1)` δ=10 | 0 | None | 16121 (exact) | dense | 1809 |
| 9 | `(3, 3, 3, 1, 1, 1, 1, 1)` | 14 | 0 | 9:0, 10:0, 11:0, 12:0 | no | `(26, 3, 3, 3, 1, 1, 1, 1, 1)` δ=10 | 0 | None | 2910 (exact) | dense | 327 |
| 9 | `(3, 3, 2, 2, 1, 1, 1, 1)` | 14 | 0 | 9:0, 10:0, 11:0, 12:0 | no | `(26, 3, 3, 2, 2, 1, 1, 1, 1)` δ=10 | 0 | None | 29131 (exact) | sparse | 3271 |
| 9 | `(3, 2, 2, 2, 2, 1, 1, 1)` | 14 | 0 | 9:0, 10:0, 11:0, 12:0 | no | `(26, 3, 2, 2, 2, 2, 1, 1, 1)` δ=10 | 0 | None | 25946 (exact) | sparse | 2919 |
| 9 | `(2, 2, 2, 2, 2, 2, 1, 1)` | 14 | 0 | 9:0, 10:0, 11:0, 12:0 | no | `(26, 2, 2, 2, 2, 2, 2, 1, 1)` δ=10 | 0 | None | 3470 (exact) | dense | 391 |
| 9 | `(8, 1, 1, 1, 1, 1, 1, 1)` | 15 | 0 | 9:0, 10:0, 11:0, 12:0 | no | `(25, 8, 1, 1, 1, 1, 1, 1, 1)` δ=10 | 0 | None | 85 (exact) | dense | 9 |
| 9 | `(7, 2, 1, 1, 1, 1, 1, 1)` | 15 | 0 | 9:0, 10:0, 11:0, 12:0 | no | `(25, 7, 2, 1, 1, 1, 1, 1, 1)` δ=10 | 0 | None | 1396 (exact) | dense | 146 |
| 9 | `(6, 3, 1, 1, 1, 1, 1, 1)` | 15 | 0 | 9:0, 10:0, 11:0, 12:0 | no | `(25, 6, 3, 1, 1, 1, 1, 1, 1)` δ=10 | 0 | None | 2326 (exact) | dense | 245 |
| 9 | `(6, 2, 2, 1, 1, 1, 1, 1)` | 15 | 0 | 9:0, 10:0, 11:0, 12:0 | no | `(25, 6, 2, 2, 1, 1, 1, 1, 1)` δ=10 | 0 | None | 9314 (exact) | dense | 979 |
| 9 | `(5, 4, 1, 1, 1, 1, 1, 1)` | 15 | 0 | 9:0, 10:0, 11:0, 12:0 | no | `(25, 5, 4, 1, 1, 1, 1, 1, 1)` δ=10 | 0 | None | 2963 (exact) | dense | 313 |
| 9 | `(5, 3, 2, 1, 1, 1, 1, 1)` | 15 | 0 | 9:0, 10:0, 11:0, 12:0 | no | `(25, 5, 3, 2, 1, 1, 1, 1, 1)` δ=10 | 0 | None | 28657 (exact) | sparse | 3028 |
| 9 | `(5, 2, 2, 2, 1, 1, 1, 1)` | 15 | 0 | 9:0, 10:0, 11:0, 12:0 | no | `(25, 5, 2, 2, 2, 1, 1, 1, 1)` δ=10 | 0 | None | 31958 (exact) | sparse | 3381 |
| 9 | `(4, 4, 2, 1, 1, 1, 1, 1)` | 15 | 0 | 9:0, 10:0, 11:0, 12:0 | no | `(25, 4, 4, 2, 1, 1, 1, 1, 1)` δ=10 | 0 | None | 16462 (exact) | dense | 1744 |
| 9 | `(4, 3, 3, 1, 1, 1, 1, 1)` | 15 | 0 | 9:0, 10:0, 11:0, 12:0 | no | `(25, 4, 3, 3, 1, 1, 1, 1, 1)` δ=10 | 0 | None | 19877 (exact) | dense | 2108 |
| 9 | `(4, 3, 2, 2, 1, 1, 1, 1)` | 15 | 0 | 9:0, 10:0, 11:0, 12:0 | no | `(25, 4, 3, 2, 2, 1, 1, 1, 1)` δ=10 | 0 | None | 133120 (exact) | beyond | 14132 |
| 9 | `(4, 2, 2, 2, 2, 1, 1, 1)` | 15 | 0 | 9:0, 10:0, 11:0, 12:0 | no | `(25, 4, 2, 2, 2, 2, 1, 1, 1)` δ=10 | 0 | None | 59485 (exact) | sparse | 6324 |
| 9 | `(3, 3, 3, 2, 1, 1, 1, 1)` | 15 | 0 | 9:0, 10:0, 11:0, 12:0 | no | `(25, 3, 3, 3, 2, 1, 1, 1, 1)` δ=10 | 0 | None | 53638 (exact) | sparse | 5701 |
| 9 | `(3, 3, 2, 2, 2, 1, 1, 1)` | 15 | 0 | 9:0, 10:0, 11:0, 12:0 | no | `(25, 3, 3, 2, 2, 2, 1, 1, 1)` δ=10 | 0 | None | 143888 (exact) | beyond | 15314 |
| 9 | `(3, 2, 2, 2, 2, 2, 1, 1)` | 15 | 0 | 9:0, 10:0, 11:0, 12:0 | no | `(25, 3, 2, 2, 2, 2, 2, 1, 1)` δ=10 | 0 | None | 57941 (exact) | sparse | 6176 |
| 9 | `(2, 2, 2, 2, 2, 2, 2, 1)` | 15 | 0 | 9:0, 10:0, 11:0, 12:0 | no | `(25, 2, 2, 2, 2, 2, 2, 2, 1)` δ=10 | 0 | None | 3707 (exact) | dense | 396 |
| 9 | `(9, 1, 1, 1, 1, 1, 1, 1)` | 16 | 0 | 9:0, 10:0, 11:0, 12:0 | no | `(24, 9, 1, 1, 1, 1, 1, 1, 1)` δ=10 | 0 | None | 120 (exact) | dense | 12 |
| 9 | `(8, 2, 1, 1, 1, 1, 1, 1)` | 16 | 0 | 9:0, 10:0, 11:0, 12:0 | no | `(24, 8, 2, 1, 1, 1, 1, 1, 1)` δ=10 | 0 | None | 2114 (exact) | dense | 212 |
| 9 | `(7, 3, 1, 1, 1, 1, 1, 1)` | 16 | 0 | 9:0, 10:0, 11:0, 12:0 | no | `(24, 7, 3, 1, 1, 1, 1, 1, 1)` δ=10 | 0 | None | 3799 (exact) | dense | 383 |
| 9 | `(7, 2, 2, 1, 1, 1, 1, 1)` | 16 | 0 | 9:0, 10:0, 11:0, 12:0 | no | `(24, 7, 2, 2, 1, 1, 1, 1, 1)` δ=10 | 0 | None | 15253 (exact) | dense | 1537 |
| 9 | `(6, 4, 1, 1, 1, 1, 1, 1)` | 16 | 0 | 9:0, 10:0, 11:0, 12:0 | no | `(24, 6, 4, 1, 1, 1, 1, 1, 1)` δ=10 | 0 | None | 5293 (exact) | dense | 536 |
| 9 | `(6, 3, 2, 1, 1, 1, 1, 1)` | 16 | 0 | 9:0, 10:0, 11:0, 12:0 | no | `(24, 6, 3, 2, 1, 1, 1, 1, 1)` δ=10 | 0 | None | 51448 (exact) | sparse | 5205 |
| 9 | `(6, 2, 2, 2, 1, 1, 1, 1)` | 16 | 0 | 9:0, 10:0, 11:0, 12:0 | no | `(24, 6, 2, 2, 2, 1, 1, 1, 1)` δ=10 | 0 | None | 57528 (exact) | sparse | 5825 |
| 9 | `(5, 5, 1, 1, 1, 1, 1, 1)` | 16 | 0 | 9:0, 10:0, 11:0, 12:0 | no | `(24, 5, 5, 1, 1, 1, 1, 1, 1)` δ=10 | 0 | None | 2945 (exact) | dense | 298 |
| 9 | `(5, 4, 2, 1, 1, 1, 1, 1)` | 16 | 0 | 9:0, 10:0, 11:0, 12:0 | no | `(24, 5, 4, 2, 1, 1, 1, 1, 1)` δ=10 | 0 | None | 65934 (exact) | sparse | 6690 |
| 9 | `(5, 3, 3, 1, 1, 1, 1, 1)` | 16 | 0 | 9:0, 10:0, 11:0, 12:0 | no | `(24, 5, 3, 3, 1, 1, 1, 1, 1)` δ=10 | 0 | None | 39907 (exact) | sparse | 4050 |
| 9 | `(5, 3, 2, 2, 1, 1, 1, 1)` | 16 | 0 | 9:0, 10:0, 11:0, 12:0 | no | `(24, 5, 3, 2, 2, 1, 1, 1, 1)` δ=10 | 0 | None | 268087 (exact) | beyond | 27229 |
| 9 | `(5, 2, 2, 2, 2, 1, 1, 1)` | 16 | 0 | 9:0, 10:0, 11:0, 12:0 | no | `(24, 5, 2, 2, 2, 2, 1, 1, 1)` δ=10 | 0 | None | 120153 (exact) | beyond | 12215 |
| 9 | `(4, 4, 3, 1, 1, 1, 1, 1)` | 16 | 0 | 9:0, 10:0, 11:0, 12:0 | no | `(24, 4, 4, 3, 1, 1, 1, 1, 1)` δ=10 | 0 | None | 45961 (exact) | sparse | 4673 |
| 9 | `(4, 4, 2, 2, 1, 1, 1, 1)` | 16 | 0 | 9:0, 10:0, 11:0, 12:0 | no | `(24, 4, 4, 2, 2, 1, 1, 1, 1)` δ=10 | 0 | None | 154435 (exact) | beyond | 15715 |
| 9 | `(4, 3, 3, 2, 1, 1, 1, 1)` | 16 | 0 | 9:0, 10:0, 11:0, 12:0 | no | `(24, 4, 3, 3, 2, 1, 1, 1, 1)` δ=10 | 0 | None | 374419 (exact) | beyond | 38116 |
| 9 | `(4, 3, 2, 2, 2, 1, 1, 1)` | 16 | 0 | 9:0, 10:0, 11:0, 12:0 | no | `(24, 4, 3, 2, 2, 2, 1, 1, 1)` δ=10 | 0 | None | 671839 (exact) | beyond | 68457 |
| 9 | `(4, 2, 2, 2, 2, 2, 1, 1)` | 16 | 0 | 9:0, 10:0, 11:0, 12:0 | no | `(24, 4, 2, 2, 2, 2, 2, 1, 1)` δ=10 | 0 | None | 135715 (exact) | beyond | 13843 |
| 9 | `(3, 3, 3, 3, 1, 1, 1, 1)` | 16 | 0 | 9:0, 10:0, 11:0, 12:0 | no | `(24, 3, 3, 3, 3, 1, 1, 1, 1)` δ=10 | 0 | None | 37843 (exact) | sparse | 3855 |
| 9 | `(3, 3, 3, 2, 2, 1, 1, 1)` | 16 | 0 | 9:0, 10:0, 11:0, 12:0 | no | `(24, 3, 3, 3, 2, 2, 1, 1, 1)` δ=10 | 0 | None | 407632 (exact) | beyond | 41560 |
| 9 | `(3, 3, 2, 2, 2, 2, 1, 1)` | 16 | 0 | 9:0, 10:0, 11:0, 12:0 | no | `(24, 3, 3, 2, 2, 2, 2, 1, 1)` δ=10 | 0 | None | 411927 (exact) | beyond | 42040 |
| 9 | `(3, 2, 2, 2, 2, 2, 2, 1)` | 16 | 0 | 9:0, 10:0, 11:0, 12:0 | no | `(24, 3, 2, 2, 2, 2, 2, 2, 1)` δ=10 | 0 | None | 74053 (exact) | sparse | 7566 |
| 9 | `(2, 2, 2, 2, 2, 2, 2, 2)` | 16 | 1 | 9:1, 10:1, 11:1, 12:1 | no | `(24, 2, 2, 2, 2, 2, 2, 2, 2)` δ=10 | 1 | 21 | 1785 (exact) | dense | 183 |
| 10 | `(1, 1, 1, 1, 1, 1, 1, 1, 1)` | 9 | 0 | 10:0, 11:0, 12:0 | no | `(31, 1, 1, 1, 1, 1, 1, 1, 1, 1)` δ=10 | 0 | None | 1 (exact) | dense | 1 |
| 10 | `(2, 1, 1, 1, 1, 1, 1, 1, 1)` | 10 | 0 | 10:0, 11:0, 12:0 | no | `(30, 2, 1, 1, 1, 1, 1, 1, 1, 1)` δ=10 | 0 | None | 2 (exact) | dense | 1 |
| 10 | `(3, 1, 1, 1, 1, 1, 1, 1, 1)` | 11 | 0 | 10:0, 11:0, 12:0 | no | `(29, 3, 1, 1, 1, 1, 1, 1, 1, 1)` δ=10 | 0 | None | 4 (exact) | dense | 1 |
| 10 | `(2, 2, 1, 1, 1, 1, 1, 1, 1)` | 11 | 0 | 10:0, 11:0, 12:0 | no | `(29, 2, 2, 1, 1, 1, 1, 1, 1, 1)` δ=10 | 0 | None | 20 (exact) | dense | 3 |
| 10 | `(4, 1, 1, 1, 1, 1, 1, 1, 1)` | 12 | 0 | 10:0, 11:0, 12:0 | no | `(28, 4, 1, 1, 1, 1, 1, 1, 1, 1)` δ=10 | 0 | None | 8 (exact) | dense | 1 |
| 10 | `(3, 2, 1, 1, 1, 1, 1, 1, 1)` | 12 | 0 | 10:0, 11:0, 12:0 | no | `(28, 3, 2, 1, 1, 1, 1, 1, 1, 1)` δ=10 | 0 | None | 100 (exact) | dense | 13 |
| 10 | `(2, 2, 2, 1, 1, 1, 1, 1, 1)` | 12 | 0 | 10:0, 11:0, 12:0 | no | `(28, 2, 2, 2, 1, 1, 1, 1, 1, 1)` δ=10 | 0 | None | 155 (exact) | dense | 20 |
| 10 | `(5, 1, 1, 1, 1, 1, 1, 1, 1)` | 13 | 0 | 10:0, 11:0, 12:0 | no | `(27, 5, 1, 1, 1, 1, 1, 1, 1, 1)` δ=10 | 0 | None | 16 (exact) | dense | 2 |
| 10 | `(4, 2, 1, 1, 1, 1, 1, 1, 1)` | 13 | 0 | 10:0, 11:0, 12:0 | no | `(27, 4, 2, 1, 1, 1, 1, 1, 1, 1)` δ=10 | 0 | None | 220 (exact) | dense | 26 |
| 10 | `(3, 3, 1, 1, 1, 1, 1, 1, 1)` | 13 | 0 | 10:0, 11:0, 12:0 | no | `(27, 3, 3, 1, 1, 1, 1, 1, 1, 1)` δ=10 | 0 | None | 132 (exact) | dense | 16 |
| 10 | `(3, 2, 2, 1, 1, 1, 1, 1, 1)` | 13 | 0 | 10:0, 11:0, 12:0 | no | `(27, 3, 2, 2, 1, 1, 1, 1, 1, 1)` δ=10 | 0 | None | 1227 (exact) | dense | 145 |
| 10 | `(2, 2, 2, 2, 1, 1, 1, 1, 1)` | 13 | 0 | 10:0, 11:0, 12:0 | no | `(27, 2, 2, 2, 2, 1, 1, 1, 1, 1)` δ=10 | 0 | None | 817 (exact) | dense | 97 |
| 10 | `(6, 1, 1, 1, 1, 1, 1, 1, 1)` | 14 | 0 | 10:0, 11:0, 12:0 | no | `(26, 6, 1, 1, 1, 1, 1, 1, 1, 1)` δ=10 | 0 | None | 27 (exact) | dense | 3 |
| 10 | `(5, 2, 1, 1, 1, 1, 1, 1, 1)` | 14 | 0 | 10:0, 11:0, 12:0 | no | `(26, 5, 2, 1, 1, 1, 1, 1, 1, 1)` δ=10 | 0 | None | 428 (exact) | dense | 48 |
| 10 | `(4, 3, 1, 1, 1, 1, 1, 1, 1)` | 14 | 0 | 10:0, 11:0, 12:0 | no | `(26, 4, 3, 1, 1, 1, 1, 1, 1, 1)` δ=10 | 0 | None | 591 (exact) | dense | 66 |
| 10 | `(4, 2, 2, 1, 1, 1, 1, 1, 1)` | 14 | 0 | 10:0, 11:0, 12:0 | no | `(26, 4, 2, 2, 1, 1, 1, 1, 1, 1)` δ=10 | 0 | None | 2762 (exact) | dense | 309 |
| 10 | `(3, 3, 2, 1, 1, 1, 1, 1, 1)` | 14 | 0 | 10:0, 11:0, 12:0 | no | `(26, 3, 3, 2, 1, 1, 1, 1, 1, 1)` δ=10 | 0 | None | 3332 (exact) | dense | 373 |
| 10 | `(3, 2, 2, 2, 1, 1, 1, 1, 1)` | 14 | 0 | 10:0, 11:0, 12:0 | no | `(26, 3, 2, 2, 2, 1, 1, 1, 1, 1)` δ=10 | 0 | None | 8912 (exact) | dense | 1000 |
| 10 | `(2, 2, 2, 2, 2, 1, 1, 1, 1)` | 14 | 0 | 10:0, 11:0, 12:0 | no | `(26, 2, 2, 2, 2, 2, 1, 1, 1, 1)` δ=10 | 0 | None | 2983 (exact) | dense | 335 |
| 10 | `(7, 1, 1, 1, 1, 1, 1, 1, 1)` | 15 | 0 | 10:0, 11:0, 12:0 | no | `(25, 7, 1, 1, 1, 1, 1, 1, 1, 1)` δ=10 | 0 | None | 43 (exact) | dense | 5 |
| 10 | `(6, 2, 1, 1, 1, 1, 1, 1, 1)` | 15 | 0 | 10:0, 11:0, 12:0 | no | `(25, 6, 2, 1, 1, 1, 1, 1, 1, 1)` δ=10 | 0 | None | 761 (exact) | dense | 80 |
| 10 | `(5, 3, 1, 1, 1, 1, 1, 1, 1)` | 15 | 0 | 10:0, 11:0, 12:0 | no | `(25, 5, 3, 1, 1, 1, 1, 1, 1, 1)` δ=10 | 0 | None | 1174 (exact) | dense | 124 |
| 10 | `(5, 2, 2, 1, 1, 1, 1, 1, 1)` | 15 | 0 | 10:0, 11:0, 12:0 | no | `(25, 5, 2, 2, 1, 1, 1, 1, 1, 1)` δ=10 | 0 | None | 5502 (exact) | dense | 581 |
| 10 | `(4, 4, 1, 1, 1, 1, 1, 1, 1)` | 15 | 0 | 10:0, 11:0, 12:0 | no | `(25, 4, 4, 1, 1, 1, 1, 1, 1, 1)` δ=10 | 0 | None | 675 (exact) | dense | 72 |
| 10 | `(4, 3, 2, 1, 1, 1, 1, 1, 1)` | 15 | 0 | 10:0, 11:0, 12:0 | no | `(25, 4, 3, 2, 1, 1, 1, 1, 1, 1)` δ=10 | 0 | None | 15307 (exact) | dense | 1621 |
| 10 | `(4, 2, 2, 2, 1, 1, 1, 1, 1)` | 15 | 0 | 10:0, 11:0, 12:0 | no | `(25, 4, 2, 2, 2, 1, 1, 1, 1, 1)` δ=10 | 0 | None | 20542 (exact) | sparse | 2178 |
| 10 | `(3, 3, 3, 1, 1, 1, 1, 1, 1)` | 15 | 0 | 10:0, 11:0, 12:0 | no | `(25, 3, 3, 3, 1, 1, 1, 1, 1, 1)` δ=10 | 0 | None | 3088 (exact) | dense | 328 |
| 10 | `(3, 3, 2, 2, 1, 1, 1, 1, 1)` | 15 | 0 | 10:0, 11:0, 12:0 | no | `(25, 3, 3, 2, 2, 1, 1, 1, 1, 1)` δ=10 | 0 | None | 37313 (exact) | sparse | 3961 |
| 10 | `(3, 2, 2, 2, 2, 1, 1, 1, 1)` | 15 | 0 | 10:0, 11:0, 12:0 | no | `(25, 3, 2, 2, 2, 2, 1, 1, 1, 1)` δ=10 | 0 | None | 41781 (exact) | sparse | 4442 |
| 10 | `(2, 2, 2, 2, 2, 2, 1, 1, 1)` | 15 | 0 | 10:0, 11:0, 12:0 | no | `(25, 2, 2, 2, 2, 2, 2, 1, 1, 1)` δ=10 | 0 | None | 7491 (exact) | dense | 798 |
| 10 | `(8, 1, 1, 1, 1, 1, 1, 1, 1)` | 16 | 0 | 10:0, 11:0, 12:0 | no | `(24, 8, 1, 1, 1, 1, 1, 1, 1, 1)` δ=10 | 0 | None | 65 (exact) | dense | 7 |
| 10 | `(7, 2, 1, 1, 1, 1, 1, 1, 1)` | 16 | 0 | 10:0, 11:0, 12:0 | no | `(24, 7, 2, 1, 1, 1, 1, 1, 1, 1)` δ=10 | 0 | None | 1250 (exact) | dense | 126 |
| 10 | `(6, 3, 1, 1, 1, 1, 1, 1, 1)` | 16 | 0 | 10:0, 11:0, 12:0 | no | `(24, 6, 3, 1, 1, 1, 1, 1, 1, 1)` δ=10 | 0 | None | 2115 (exact) | dense | 214 |
| 10 | `(6, 2, 2, 1, 1, 1, 1, 1, 1)` | 16 | 0 | 10:0, 11:0, 12:0 | no | `(24, 6, 2, 2, 1, 1, 1, 1, 1, 1)` δ=10 | 0 | None | 9943 (exact) | dense | 1003 |
| 10 | `(5, 4, 1, 1, 1, 1, 1, 1, 1)` | 16 | 0 | 10:0, 11:0, 12:0 | no | `(24, 5, 4, 1, 1, 1, 1, 1, 1, 1)` δ=10 | 0 | None | 2714 (exact) | dense | 275 |
| 10 | `(5, 3, 2, 1, 1, 1, 1, 1, 1)` | 16 | 0 | 10:0, 11:0, 12:0 | no | `(24, 5, 3, 2, 1, 1, 1, 1, 1, 1)` δ=10 | 0 | None | 30969 (exact) | sparse | 3135 |
| 10 | `(5, 2, 2, 2, 1, 1, 1, 1, 1)` | 16 | 0 | 10:0, 11:0, 12:0 | no | `(24, 5, 2, 2, 2, 1, 1, 1, 1, 1)` δ=10 | 0 | None | 41684 (exact) | sparse | 4224 |
| 10 | `(4, 4, 2, 1, 1, 1, 1, 1, 1)` | 16 | 0 | 10:0, 11:0, 12:0 | no | `(24, 4, 4, 2, 1, 1, 1, 1, 1, 1)` δ=10 | 0 | None | 17852 (exact) | dense | 1811 |
| 10 | `(4, 3, 3, 1, 1, 1, 1, 1, 1)` | 16 | 0 | 10:0, 11:0, 12:0 | no | `(24, 4, 3, 3, 1, 1, 1, 1, 1, 1)` δ=10 | 0 | None | 21665 (exact) | sparse | 2199 |
| 10 | `(4, 3, 2, 2, 1, 1, 1, 1, 1)` | 16 | 0 | 10:0, 11:0, 12:0 | no | `(24, 4, 3, 2, 2, 1, 1, 1, 1, 1)` δ=10 | 0 | None | 175116 (exact) | beyond | 17788 |
| 10 | `(4, 2, 2, 2, 2, 1, 1, 1, 1)` | 16 | 0 | 10:0, 11:0, 12:0 | no | `(24, 4, 2, 2, 2, 2, 1, 1, 1, 1)` δ=10 | 0 | None | 98364 (exact) | sparse | 10002 |
| 10 | `(3, 3, 3, 2, 1, 1, 1, 1, 1)` | 16 | 0 | 10:0, 11:0, 12:0 | no | `(24, 3, 3, 3, 2, 1, 1, 1, 1, 1)` δ=10 | 0 | None | 70912 (exact) | sparse | 7209 |
| 10 | `(3, 3, 2, 2, 2, 1, 1, 1, 1)` | 16 | 0 | 10:0, 11:0, 12:0 | no | `(24, 3, 3, 2, 2, 2, 1, 1, 1, 1)` δ=10 | 0 | None | 239105 (exact) | beyond | 24333 |
| 10 | `(3, 2, 2, 2, 2, 2, 1, 1, 1)` | 16 | 0 | 10:0, 11:0, 12:0 | no | `(24, 3, 2, 2, 2, 2, 2, 1, 1, 1)` δ=10 | 0 | None | 129080 (exact) | beyond | 13150 |
| 10 | `(2, 2, 2, 2, 2, 2, 2, 1, 1)` | 16 | 0 | 10:0, 11:0, 12:0 | no | `(24, 2, 2, 2, 2, 2, 2, 2, 1, 1)` δ=10 | 0 | None | 12452 (exact) | dense | 1270 |
rc=0
