22:41:17 [d13] 25 family cells: F4_l6:(13, 8, 8, 8, 8, 7), F4_l6:(13, 9, 8, 8, 7, 7), F4_l6:(13, 9, 9, 7, 7, 7), F4_l6:(13, 10, 8, 7, 7, 7), F4_l6:(13, 11, 7, 7, 7, 7), F4_l7:(13, 7, 7, 7, 6, 6, 6) ...
22:41:24 [d13] PlethEngine d=4 built, support 31573 [7s]
22:41:24 [d13] PlethEngine d=3 built, support 5586 [7s]
  [MdetEngine delta=13 n=4] N=52: 281589 classes, W-support 233561, f^rect=65166105157299311029200  [13s]
22:41:38 [d13] MdetEngine built [21s]
22:52:03 [d13] F4_l6 (13, 8, 8, 8, 8, 7): a=165 (engine 165, weyl 165) bal=6 stab=24
22:52:07 [d13] F4_l6 (13, 8, 8, 8, 8, 7): sk=2486173 (g=4964561, T=7785) [3.7s]
22:52:07 [d13] F4_l6 (13, 8, 8, 8, 8, 7): h_pad=0
22:52:10 [d13] F4_l6 (13, 8, 8, 8, 8, 7): N_S=10183104815436 (exact) n_chi~=424296033977
22:56:46 [d13] F4_l6 (13, 9, 8, 8, 7, 7): a=912 (engine 912, weyl 912) bal=6 stab=4
22:56:48 [d13] F4_l6 (13, 9, 8, 8, 7, 7): sk=15660925 (g=31339321, T=-17471) [2.6s]
22:56:48 [d13] F4_l6 (13, 9, 8, 8, 7, 7): h_pad=0
22:56:51 [d13] F4_l6 (13, 9, 8, 8, 7, 7): N_S=9446761571901 (exact) n_chi~=2361690392976
22:58:44 [d13] F4_l6 (13, 9, 9, 7, 7, 7): a=842 (engine 842, weyl 842) bal=6 stab=12
22:58:46 [d13] F4_l6 (13, 9, 9, 7, 7, 7): sk=14641971 (g=29249744, T=34198) [2.0s]
22:58:46 [d13] F4_l6 (13, 9, 9, 7, 7, 7): h_pad=1
22:58:48 [d13] F4_l6 (13, 9, 9, 7, 7, 7): N_S=8764083026876 (exact) n_chi~=730340252240
23:00:46 [d13] F4_l6 (13, 10, 8, 7, 7, 7): a=1453 (engine 1453, weyl 1453) bal=6 stab=6
23:00:50 [d13] F4_l6 (13, 10, 8, 7, 7, 7): sk=25649469 (g=51315751, T=-16813) [4.4s]
23:00:50 [d13] F4_l6 (13, 10, 8, 7, 7, 7): h_pad=0
23:00:52 [d13] F4_l6 (13, 10, 8, 7, 7, 7): N_S=8214168614931 (exact) n_chi~=1369028102489
23:02:18 [d13] F4_l6 (13, 11, 7, 7, 7, 7): a=663 (engine 663, weyl 663) bal=6 stab=24
23:02:21 [d13] F4_l6 (13, 11, 7, 7, 7, 7): sk=11727005 (g=23431863, T=22147) [2.8s]
23:02:21 [d13] F4_l6 (13, 11, 7, 7, 7, 7): h_pad=0
23:02:23 [d13] F4_l6 (13, 11, 7, 7, 7, 7): N_S=6750601535495 (exact) n_chi~=281275063979
23:02:24 [d13] F4_l7 (13, 7, 7, 7, 6, 6, 6): a=82 (engine 82, weyl None) bal=7 stab=36
23:02:29 [d13] F4_l7 (13, 7, 7, 7, 6, 6, 6): sk=5989101 (g=11993519, T=-15317) [5.1s]
23:02:29 [d13] F4_l7 (13, 7, 7, 7, 6, 6, 6): h_pad=0
23:02:42 [d13] F4_l7 (13, 7, 7, 7, 6, 6, 6): N_S=742212085212849 (exact) n_chi~=20617002367024
23:02:43 [d13] F4_l7 (13, 8, 7, 6, 6, 6, 6): a=301 (engine 301, weyl None) bal=7 stab=24
23:02:46 [d13] F4_l7 (13, 8, 7, 6, 6, 6, 6): sk=16381726 (g=32757462, T=5990) [2.4s]
23:02:46 [d13] F4_l7 (13, 8, 7, 6, 6, 6, 6): h_pad=0
23:02:58 [d13] F4_l7 (13, 8, 7, 6, 6, 6, 6): N_S=678222703899970 (exact) n_chi~=28259279329166
23:02:58 [d13] F4_l7 (13, 9, 6, 6, 6, 6, 6): a=227 (engine 227, weyl None) bal=7 stab=120
23:03:02 [d13] F4_l7 (13, 9, 6, 6, 6, 6, 6): sk=10283445 (g=20547328, T=19562) [3.3s]
23:03:02 [d13] F4_l7 (13, 9, 6, 6, 6, 6, 6): h_pad=2
23:03:13 [d13] F4_l7 (13, 9, 6, 6, 6, 6, 6): N_S=573949316415204 (exact) n_chi~=4782910970127
rc=143
