21:37:23 [d13] 9 family cells: F1:(21, 17, 2, 2, 2, 2, 2, 2, 2), F2_l6:(42, 2, 2, 2, 2, 2), F2_l7:(40, 2, 2, 2, 2, 2, 2), F2_l8:(38, 2, 2, 2, 2, 2, 2, 2), F2_l9:(36, 2, 2, 2, 2, 2, 2, 2, 2), F2_l10:(34, 2, 2, 2, 2, 2, 2, 2, 2, 2) ...
21:37:27 [d13] PlethEngine d=4 built, support 31573 [4s]
21:37:28 [d13] PlethEngine d=3 built, support 5586 [4s]
  [MdetEngine delta=13 n=4] N=52: 281589 classes, W-support 233561, f^rect=65166105157299311029200  [11s]
21:37:38 [d13] MdetEngine built [15s]
21:41:20 [d13] F1 (21, 17, 2, 2, 2, 2, 2, 2, 2): a=39 (engine 39, weyl 39) bal=19 stab=5040
21:41:22 [d13] F1 (21, 17, 2, 2, 2, 2, 2, 2, 2): sk=15383 (g=29326, T=1440) [2.0s]
21:41:22 [d13] F1 (21, 17, 2, 2, 2, 2, 2, 2, 2): h_pad=73
21:41:25 [d13] F1 (21, 17, 2, 2, 2, 2, 2, 2, 2): N_S=80921422068 (exact) n_chi~=16055838
21:41:26 [d13] F2_l6 (42, 2, 2, 2, 2, 2): a=1 (engine 1, weyl 1) bal=40 stab=120
21:41:27 [d13] F2_l6 (42, 2, 2, 2, 2, 2): sk=13 (g=13, T=13) [0.6s]
21:41:27 [d13] F2_l6 (42, 2, 2, 2, 2, 2): h_pad=2
21:41:27 [d13] F2_l6 (42, 2, 2, 2, 2, 2): N_S=8269 (exact) n_chi~=69
21:41:30 [d13] F2_l7 (40, 2, 2, 2, 2, 2, 2): a=1 (engine 1, weyl 1) bal=38 stab=720
21:41:36 [d13] F2_l7 (40, 2, 2, 2, 2, 2, 2): sk=18 (g=19, T=17) [5.9s]
21:41:36 [d13] F2_l7 (40, 2, 2, 2, 2, 2, 2): h_pad=2
21:41:36 [d13] F2_l7 (40, 2, 2, 2, 2, 2, 2): N_S=140443 (exact) n_chi~=196
21:41:47 [d13] F2_l8 (38, 2, 2, 2, 2, 2, 2, 2): a=1 (engine 1, weyl 1) bal=36 stab=5040
21:41:48 [d13] F2_l8 (38, 2, 2, 2, 2, 2, 2, 2): sk=21 (g=22, T=20) [0.9s]
21:41:48 [d13] F2_l8 (38, 2, 2, 2, 2, 2, 2, 2): h_pad=2
21:41:48 [d13] F2_l8 (38, 2, 2, 2, 2, 2, 2, 2): N_S=2923715 (exact) n_chi~=581
21:42:28 [d13] F2_l9 (36, 2, 2, 2, 2, 2, 2, 2, 2): a=1 (engine 1, weyl 1) bal=34 stab=40320
21:42:29 [d13] F2_l9 (36, 2, 2, 2, 2, 2, 2, 2, 2): sk=21 (g=22, T=20) [1.0s]
21:42:29 [d13] F2_l9 (36, 2, 2, 2, 2, 2, 2, 2, 2): h_pad=2
21:42:30 [d13] F2_l9 (36, 2, 2, 2, 2, 2, 2, 2, 2): N_S=72605037 (exact) n_chi~=1801
21:45:07 [d13] F2_l10 (34, 2, 2, 2, 2, 2, 2, 2, 2, 2): a=1 (engine 1, weyl 1) bal=32 stab=362880
21:45:08 [d13] F2_l10 (34, 2, 2, 2, 2, 2, 2, 2, 2, 2): sk=18 (g=19, T=17) [1.1s]
21:45:08 [d13] F2_l10 (34, 2, 2, 2, 2, 2, 2, 2, 2, 2): h_pad=2
21:45:10 [d13] F2_l10 (34, 2, 2, 2, 2, 2, 2, 2, 2, 2): N_S=2107327699 (exact) n_chi~=5808
21:45:12 [d13] F3_k3 (33, 11, 2, 2, 2, 2): a=47 (engine 47, weyl 47) bal=31 stab=24
21:45:13 [d13] F3_k3 (33, 11, 2, 2, 2, 2): sk=2617 (g=4581, T=653) [1.2s]
21:45:14 [d13] F3_k3 (33, 11, 2, 2, 2, 2): h_pad=129
21:45:14 [d13] F3_k3 (33, 11, 2, 2, 2, 2): N_S=920203 (exact) n_chi~=38342
21:45:24 [d13] F3_k4 (29, 13, 2, 2, 2, 2, 2): a=75 (engine 75, weyl 75) bal=27 stab=120
21:45:25 [d13] F3_k4 (29, 13, 2, 2, 2, 2, 2): sk=10006 (g=18390, T=1622) [1.4s]
21:45:26 [d13] F3_k4 (29, 13, 2, 2, 2, 2, 2): h_pad=179
21:45:26 [d13] F3_k4 (29, 13, 2, 2, 2, 2, 2): N_S=40435103 (exact) n_chi~=336960
21:46:16 [d13] F3_k5 (25, 15, 2, 2, 2, 2, 2, 2): a=82 (engine 82, weyl 82) bal=23 stab=720
21:46:18 [d13] F3_k5 (25, 15, 2, 2, 2, 2, 2, 2): sk=19687 (g=37366, T=2008) [2.0s]
21:46:18 [d13] F3_k5 (25, 15, 2, 2, 2, 2, 2, 2): h_pad=165
21:46:19 [d13] F3_k5 (25, 15, 2, 2, 2, 2, 2, 2): N_S=1867796647 (exact) n_chi~=2594163
21:46:19 [d13] family cells done [536s]
21:46:19 [d14] 10 family cells: F1:(25, 17, 2, 2, 2, 2, 2, 2, 2), F2_l6:(46, 2, 2, 2, 2, 2), F2_l7:(44, 2, 2, 2, 2, 2, 2), F2_l8:(42, 2, 2, 2, 2, 2, 2, 2), F2_l9:(40, 2, 2, 2, 2, 2, 2, 2, 2), F2_l10:(38, 2, 2, 2, 2, 2, 2, 2, 2, 2) ...
21:46:33 [d14] PlethEngine d=4 built, support 52157 [14s]
21:46:34 [d14] PlethEngine d=3 built, support 8667 [15s]
  [MdetEngine delta=14 n=4] N=56: 526823 classes, W-support 453764, f^rect=10056663345892631910888600  [29s]
21:47:03 [d14] MdetEngine built [44s]
21:52:19 [d14] F1 (25, 17, 2, 2, 2, 2, 2, 2, 2): a=93 (engine 93, weyl 93) bal=23 stab=5040
21:52:24 [d14] F1 (25, 17, 2, 2, 2, 2, 2, 2, 2): sk=26654 (g=50660, T=2648) [4.3s]
21:52:25 [d14] F1 (25, 17, 2, 2, 2, 2, 2, 2, 2): h_pad=159
21:52:29 [d14] F1 (25, 17, 2, 2, 2, 2, 2, 2, 2): N_S=106429467326 (exact) n_chi~=21116958
21:52:30 [d14] F2_l6 (46, 2, 2, 2, 2, 2): a=1 (engine 1, weyl 1) bal=44 stab=120
21:52:31 [d14] F2_l6 (46, 2, 2, 2, 2, 2): sk=13 (g=13, T=13) [1.3s]
21:52:31 [d14] F2_l6 (46, 2, 2, 2, 2, 2): h_pad=2
21:52:32 [d14] F2_l6 (46, 2, 2, 2, 2, 2): N_S=8269 (exact) n_chi~=69
21:52:35 [d14] F2_l7 (44, 2, 2, 2, 2, 2, 2): a=1 (engine 1, weyl 1) bal=42 stab=720
21:52:37 [d14] F2_l7 (44, 2, 2, 2, 2, 2, 2): sk=18 (g=19, T=17) [1.7s]
21:52:37 [d14] F2_l7 (44, 2, 2, 2, 2, 2, 2): h_pad=2
21:52:37 [d14] F2_l7 (44, 2, 2, 2, 2, 2, 2): N_S=140443 (exact) n_chi~=196
21:52:49 [d14] F2_l8 (42, 2, 2, 2, 2, 2, 2, 2): a=1 (engine 1, weyl 1) bal=40 stab=5040
21:52:51 [d14] F2_l8 (42, 2, 2, 2, 2, 2, 2, 2): sk=21 (g=22, T=20) [2.3s]
21:52:51 [d14] F2_l8 (42, 2, 2, 2, 2, 2, 2, 2): h_pad=2
21:52:51 [d14] F2_l8 (42, 2, 2, 2, 2, 2, 2, 2): N_S=2923716 (exact) n_chi~=581
21:53:35 [d14] F2_l9 (40, 2, 2, 2, 2, 2, 2, 2, 2): a=1 (engine 1, weyl 1) bal=38 stab=40320
21:53:37 [d14] F2_l9 (40, 2, 2, 2, 2, 2, 2, 2, 2): sk=21 (g=22, T=20) [1.9s]
21:53:37 [d14] F2_l9 (40, 2, 2, 2, 2, 2, 2, 2, 2): h_pad=2
21:53:38 [d14] F2_l9 (40, 2, 2, 2, 2, 2, 2, 2, 2): N_S=72605751 (exact) n_chi~=1801
21:57:05 [d14] F2_l10 (38, 2, 2, 2, 2, 2, 2, 2, 2, 2): a=1 (engine 1, weyl 1) bal=36 stab=362880
21:57:07 [d14] F2_l10 (38, 2, 2, 2, 2, 2, 2, 2, 2, 2): sk=18 (g=19, T=17) [2.4s]
21:57:07 [d14] F2_l10 (38, 2, 2, 2, 2, 2, 2, 2, 2, 2): h_pad=2
21:57:10 [d14] F2_l10 (38, 2, 2, 2, 2, 2, 2, 2, 2, 2): N_S=2107546162 (exact) n_chi~=5808
21:57:12 [d14] F3_k3 (37, 11, 2, 2, 2, 2): a=48 (engine 48, weyl 48) bal=35 stab=24
21:57:14 [d14] F3_k3 (37, 11, 2, 2, 2, 2): sk=2628 (g=4594, T=662) [1.8s]
21:57:14 [d14] F3_k3 (37, 11, 2, 2, 2, 2): h_pad=132
21:57:15 [d14] F3_k3 (37, 11, 2, 2, 2, 2): N_S=929489 (exact) n_chi~=38729
21:57:26 [d14] F3_k4 (33, 13, 2, 2, 2, 2, 2): a=84 (engine 84, weyl 84) bal=31 stab=120
21:57:29 [d14] F3_k4 (33, 13, 2, 2, 2, 2, 2): sk=10548 (g=19332, T=1764) [3.0s]
21:57:30 [d14] F3_k4 (33, 13, 2, 2, 2, 2, 2): h_pad=201
21:57:30 [d14] F3_k4 (33, 13, 2, 2, 2, 2, 2): N_S=42339627 (exact) n_chi~=352831
21:58:26 [d14] F3_k5 (29, 15, 2, 2, 2, 2, 2, 2): a=111 (engine 111, weyl 111) bal=27 stab=720
21:58:30 [d14] F3_k5 (29, 15, 2, 2, 2, 2, 2, 2): sk=23869 (g=45200, T=2538) [3.4s]
21:58:31 [d14] F3_k5 (29, 15, 2, 2, 2, 2, 2, 2): h_pad=226
21:58:31 [d14] F3_k5 (29, 15, 2, 2, 2, 2, 2, 2): N_S=2115920952 (exact) n_chi~=2938780
