22:11:27 50/100 tails [4s]
22:11:30 100/100 tails [7s]
(2, 2, 2, 2, 2) a_inf = 1 threshold delta >= 10
(3, 2, 2, 2, 2) a_inf = 1 threshold delta >= 11
(4, 2, 2, 2, 1) a_inf = 1 threshold delta >= 11
(4, 2, 2, 2, 2) a_inf = 3 threshold delta >= 12
(4, 3, 2, 2, 1) a_inf = 1 threshold delta >= 12
(4, 3, 2, 2, 2) a_inf = 2 threshold delta >= 13
(4, 4, 2, 2, 1) a_inf = 3 threshold delta >= 13
(4, 4, 2, 2, 2) a_inf = 6 threshold delta >= 14
(4, 4, 3, 2, 1) a_inf = 2 threshold delta >= 14
(4, 4, 4, 4, 4) a_inf = 13 threshold delta >= 20
(5, 2, 2, 2, 1) a_inf = 2 threshold delta >= 12
(5, 2, 2, 2, 2) a_inf = 4 threshold delta >= 13
(5, 3, 2, 1, 1) a_inf = 1 threshold delta >= 12
(5, 3, 2, 2, 2) a_inf = 4 threshold delta >= 14
(5, 3, 3, 1, 1) a_inf = 1 threshold delta >= 13
(5, 3, 3, 2, 1) a_inf = 2 threshold delta >= 14
(5, 4, 2, 1, 1) a_inf = 2 threshold delta >= 13
(5, 5, 1, 1, 1) a_inf = 1 threshold delta >= 13
(5, 5, 2, 1, 1) a_inf = 5 threshold delta >= 14
(6, 2, 2, 2, 1) a_inf = 4 threshold delta >= 13
(6, 2, 2, 2, 2) a_inf = 9 threshold delta >= 14
(6, 3, 2, 1, 1) a_inf = 2 threshold delta >= 13
(6, 3, 3, 1, 1) a_inf = 3 threshold delta >= 14
(6, 4, 2, 1, 1) a_inf = 5 threshold delta >= 14
(6, 5, 1, 1, 1) a_inf = 1 threshold delta >= 14
(6, 6, 6, 2, 2) a_inf = 177 threshold delta >= 22
(7, 2, 2, 1, 1) a_inf = 1 threshold delta >= 13
(7, 2, 2, 2, 1) a_inf = 7 threshold delta >= 14
(7, 2, 2, 2, 2) a_inf = 12 threshold delta >= 15
(7, 3, 2, 1, 1) a_inf = 5 threshold delta >= 14
(7, 3, 3, 1, 1) a_inf = 6 threshold delta >= 15
(7, 4, 1, 1, 1) a_inf = 1 threshold delta >= 14
(7, 4, 2, 1, 1) a_inf = 14 threshold delta >= 15
(7, 4, 4, 1, 1) a_inf = 35 threshold delta >= 17
(7, 5, 1, 1, 1) a_inf = 4 threshold delta >= 15
(7, 6, 1, 1, 1) a_inf = 4 threshold delta >= 16
(7, 6, 6, 1, 1) a_inf = 117 threshold delta >= 21
(7, 7, 1, 1, 1) a_inf = 7 threshold delta >= 17
(7, 7, 4, 1, 1) a_inf = 176 threshold delta >= 20
(8, 2, 2, 1, 1) a_inf = 1 threshold delta >= 14
(8, 2, 2, 2, 1) a_inf = 11 threshold delta >= 15
(8, 2, 2, 2, 2) a_inf = 21 threshold delta >= 16
(8, 3, 1, 1, 1) a_inf = 1 threshold delta >= 14
(8, 3, 2, 1, 1) a_inf = 9 threshold delta >= 15
(8, 3, 3, 1, 1) a_inf = 14 threshold delta >= 16
(8, 4, 1, 1, 1) a_inf = 2 threshold delta >= 15
(8, 5, 1, 1, 1) a_inf = 8 threshold delta >= 16
(8, 5, 5, 1, 1) a_inf = 186 threshold delta >= 20
(8, 6, 1, 1, 1) a_inf = 9 threshold delta >= 17
(8, 6, 2, 2, 2) a_inf = 291 threshold delta >= 20
(8, 6, 4, 1, 1) a_inf = 349 threshold delta >= 20
(8, 7, 1, 1, 1) a_inf = 17 threshold delta >= 18
(8, 7, 2, 2, 1) a_inf = 280 threshold delta >= 20
(8, 7, 3, 1, 1) a_inf = 276 threshold delta >= 20
(8, 8, 1, 1, 1) a_inf = 10 threshold delta >= 19
(9, 2, 2, 1, 1) a_inf = 3 threshold delta >= 15
(9, 2, 2, 2, 1) a_inf = 17 threshold delta >= 16
(9, 2, 2, 2, 2) a_inf = 26 threshold delta >= 17
(9, 3, 1, 1, 1) a_inf = 1 threshold delta >= 15
(9, 3, 2, 1, 1) a_inf = 15 threshold delta >= 16
(9, 3, 3, 2, 2) a_inf = 52 threshold delta >= 19
(9, 4, 1, 1, 1) a_inf = 4 threshold delta >= 16
(9, 4, 4, 1, 1) a_inf = 118 threshold delta >= 19
(9, 5, 1, 1, 1) a_inf = 13 threshold delta >= 17
(9, 6, 1, 1, 1) a_inf = 20 threshold delta >= 18
(9, 6, 2, 1, 1) a_inf = 159 threshold delta >= 19
(9, 7, 1, 1, 1) a_inf = 35 threshold delta >= 19
(9, 8, 1, 1, 1) a_inf = 35 threshold delta >= 20
(9, 9, 1, 1, 1) a_inf = 33 threshold delta >= 21
(9, 9, 3, 1, 1) a_inf = 573 threshold delta >= 23
(10, 2, 2, 1, 1) a_inf = 3 threshold delta >= 16
(10, 2, 2, 2, 1) a_inf = 24 threshold delta >= 17
(10, 2, 2, 2, 2) a_inf = 41 threshold delta >= 18
(10, 3, 1, 1, 1) a_inf = 2 threshold delta >= 16
(10, 3, 3, 1, 1) a_inf = 35 threshold delta >= 18
(10, 4, 1, 1, 1) a_inf = 6 threshold delta >= 17
(10, 4, 2, 1, 1) a_inf = 64 threshold delta >= 18
(10, 5, 1, 1, 1) a_inf = 20 threshold delta >= 18
(10, 6, 1, 1, 1) a_inf = 32 threshold delta >= 19
(10, 7, 1, 1, 1) a_inf = 59 threshold delta >= 20
(10, 8, 1, 1, 1) a_inf = 68 threshold delta >= 21
(11, 2, 2, 1, 1) a_inf = 6 threshold delta >= 17
(11, 3, 1, 1, 1) a_inf = 2 threshold delta >= 17
(11, 4, 1, 1, 1) a_inf = 9 threshold delta >= 18
(11, 5, 1, 1, 1) a_inf = 30 threshold delta >= 19
(11, 6, 1, 1, 1) a_inf = 52 threshold delta >= 20
(11, 7, 1, 1, 1) a_inf = 95 threshold delta >= 21
(12, 2, 2, 1, 1) a_inf = 6 threshold delta >= 18
(12, 2, 2, 2, 2) a_inf = 70 threshold delta >= 20
(12, 3, 1, 1, 1) a_inf = 4 threshold delta >= 18
(12, 3, 3, 1, 1) a_inf = 70 threshold delta >= 20
(12, 4, 1, 1, 1) a_inf = 13 threshold delta >= 19
(12, 5, 1, 1, 1) a_inf = 41 threshold delta >= 20
(13, 2, 2, 1, 1) a_inf = 10 threshold delta >= 19
(13, 3, 1, 1, 1) a_inf = 4 threshold delta >= 19
(13, 4, 1, 1, 1) a_inf = 17 threshold delta >= 20
(14, 3, 1, 1, 1) a_inf = 6 threshold delta >= 20
(14, 4, 1, 1, 1) a_inf = 21 threshold delta >= 21
(14, 5, 1, 1, 1) a_inf = 70 threshold delta >= 22
(15, 2, 2, 1, 1) a_inf = 15 threshold delta >= 21
rc=0
