00:09:36 a known at 80482 cells; negative record 326 cells on 166 ladders
00:09:36 record cells implied by a lower dead cell with equal a: 93 (six-row 59 of 210, length-5 34 of 116)
00:09:37   delta 10 ell 6: dead_by_transport 34, bounded 66, unconstrained 1693
00:09:37   delta 10 ell 7: dead_by_transport 0, bounded 0, unconstrained 2330
00:09:37   delta 10 ell 8: dead_by_transport 0, bounded 0, unconstrained 2460
00:09:37   delta 10 ell 9: dead_by_transport 0, bounded 0, unconstrained 2074
00:09:37   delta 10 ell 10: dead_by_transport 0, bounded 0, unconstrained 1318
00:09:37   delta 11 ell 6: dead_by_transport 34, bounded 66, unconstrained 2717
00:09:37   delta 11 ell 7: dead_by_transport 0, bounded 0, unconstrained 3955
00:09:37   delta 11 ell 8: dead_by_transport 0, bounded 0, unconstrained 4593
00:09:37   delta 11 ell 9: dead_by_transport 0, bounded 0, unconstrained 4486
00:09:37   delta 11 ell 10: dead_by_transport 0, bounded 0, unconstrained 3701
00:09:37   delta 12 ell 6: dead_by_transport 34, bounded 66, unconstrained 4148
00:09:37   delta 12 ell 7: dead_by_transport 0, bounded 0, unconstrained 6388
00:09:37   delta 12 ell 8: dead_by_transport 0, bounded 0, unconstrained 7917
00:09:37   delta 12 ell 9: dead_by_transport 0, bounded 0, unconstrained 8437
00:09:37   delta 12 ell 10: dead_by_transport 0, bounded 0, unconstrained 7840
00:09:37   delta 13 ell 6: dead_by_transport 1, bounded 0, unconstrained 6
00:09:37   delta 13 ell 7: dead_by_transport 0, bounded 0, unconstrained 6
00:09:37   delta 13 ell 8: dead_by_transport 0, bounded 0, unconstrained 2
00:09:37   delta 13 ell 9: dead_by_transport 0, bounded 0, unconstrained 2
00:09:37   delta 13 ell 10: dead_by_transport 0, bounded 0, unconstrained 1
00:09:37   delta 14 ell 6: dead_by_transport 1, bounded 0, unconstrained 1
00:09:37   delta 14 ell 7: dead_by_transport 0, bounded 0, unconstrained 2
00:09:37   delta 14 ell 8: dead_by_transport 0, bounded 0, unconstrained 2
00:09:37   delta 14 ell 9: dead_by_transport 0, bounded 0, unconstrained 2
00:09:37   delta 14 ell 10: dead_by_transport 0, bounded 0, unconstrained 2
00:09:37   delta 15 ell 6: dead_by_transport 1, bounded 0, unconstrained 1
00:09:37   delta 15 ell 7: dead_by_transport 0, bounded 0, unconstrained 2
00:09:37   delta 15 ell 8: dead_by_transport 0, bounded 0, unconstrained 2
00:09:37   delta 15 ell 9: dead_by_transport 0, bounded 0, unconstrained 2
00:09:37   delta 15 ell 10: dead_by_transport 0, bounded 0, unconstrained 2
00:09:37   delta 16 ell 6: dead_by_transport 1, bounded 0, unconstrained 1
00:09:37   delta 16 ell 7: dead_by_transport 0, bounded 0, unconstrained 2
00:09:37   delta 16 ell 8: dead_by_transport 0, bounded 0, unconstrained 2
00:09:37   delta 16 ell 9: dead_by_transport 0, bounded 0, unconstrained 2
00:09:37   delta 16 ell 10: dead_by_transport 0, bounded 0, unconstrained 2
00:09:37   delta 17 ell 6: dead_by_transport 1, bounded 0, unconstrained 1
00:09:37   delta 17 ell 7: dead_by_transport 0, bounded 0, unconstrained 2
00:09:37   delta 17 ell 8: dead_by_transport 0, bounded 0, unconstrained 2
00:09:37   delta 17 ell 9: dead_by_transport 0, bounded 0, unconstrained 2
00:09:37   delta 18 ell 6: dead_by_transport 1, bounded 0, unconstrained 1
00:09:37   delta 18 ell 7: dead_by_transport 0, bounded 0, unconstrained 2
00:09:37   delta 18 ell 8: dead_by_transport 0, bounded 0, unconstrained 2
00:09:37   delta 18 ell 9: dead_by_transport 0, bounded 0, unconstrained 2
00:09:37   delta 19 ell 6: dead_by_transport 1, bounded 0, unconstrained 1
00:09:37   delta 19 ell 7: dead_by_transport 0, bounded 0, unconstrained 2
00:09:37   delta 19 ell 8: dead_by_transport 0, bounded 0, unconstrained 2
00:09:37   delta 19 ell 9: dead_by_transport 0, bounded 0, unconstrained 2
00:09:37   delta 20 ell 6: dead_by_transport 1, bounded 0, unconstrained 1
00:09:37   delta 20 ell 7: dead_by_transport 0, bounded 0, unconstrained 2
00:09:37   delta 20 ell 8: dead_by_transport 0, bounded 0, unconstrained 2
00:09:37   delta 20 ell 9: dead_by_transport 0, bounded 0, unconstrained 2
00:09:37   delta 21 ell 6: dead_by_transport 1, bounded 0, unconstrained 1
00:09:37   delta 21 ell 7: dead_by_transport 0, bounded 0, unconstrained 2
00:09:37   delta 21 ell 8: dead_by_transport 0, bounded 0, unconstrained 2
00:09:37   delta 21 ell 9: dead_by_transport 0, bounded 0, unconstrained 2
00:09:37   delta 22 ell 6: dead_by_transport 1, bounded 0, unconstrained 1
00:09:37   delta 22 ell 7: dead_by_transport 0, bounded 0, unconstrained 2
00:09:37   delta 22 ell 8: dead_by_transport 0, bounded 0, unconstrained 2
00:09:37   delta 22 ell 9: dead_by_transport 0, bounded 0, unconstrained 2
00:09:37   delta 23 ell 6: dead_by_transport 1, bounded 0, unconstrained 1
00:09:37   delta 23 ell 7: dead_by_transport 0, bounded 0, unconstrained 2
00:09:37   delta 23 ell 8: dead_by_transport 0, bounded 0, unconstrained 2
00:09:37   delta 23 ell 9: dead_by_transport 0, bounded 0, unconstrained 2
00:09:37   delta 24 ell 6: dead_by_transport 1, bounded 0, unconstrained 1
00:09:37   delta 24 ell 7: dead_by_transport 0, bounded 0, unconstrained 2
00:09:37   delta 24 ell 8: dead_by_transport 0, bounded 0, unconstrained 2
00:09:37   delta 24 ell 9: dead_by_transport 0, bounded 0, unconstrained 2
00:09:37 LMR ladder a-profile: 12:2, 13:39, 14:93, 15:145, 16:188, 17:219, 18:241, 19:255, 20:264, 21:269, 22:272, 23:273, 24:274
00:09:37   i_det >= 1 forced at delta in [24] (a equal to a(24) = 274)
00:09:38 record ladders with a stable value: 100; permanently dead (a(top dead) = a_inf): 34; with room above: 66
00:09:39 written ladder_status.json, ladder_profiles_l6.json
rc=0
