22:14:22 [d14] 10 family cells: F1:(25, 17, 2, 2, 2, 2, 2, 2, 2), F2_l6:(46, 2, 2, 2, 2, 2), F2_l7:(44, 2, 2, 2, 2, 2, 2), F2_l8:(42, 2, 2, 2, 2, 2, 2, 2), F2_l9:(40, 2, 2, 2, 2, 2, 2, 2, 2), F2_l10:(38, 2, 2, 2, 2, 2, 2, 2, 2, 2) ...
22:14:35 [d14] PlethEngine d=4 built, support 52157 [13s]
22:14:36 [d14] PlethEngine d=3 built, support 8667 [14s]
  [MdetEngine delta=14 n=4] N=56: 526823 classes, W-support 453764, f^rect=10056663345892631910888600  [35s]
22:15:11 [d14] MdetEngine built [49s]
22:15:11 [d14] F1 (25, 17, 2, 2, 2, 2, 2, 2, 2): a=93 (engine 93, weyl 93) bal=23 stab=5040
22:15:11 [d14] F2_l6 (46, 2, 2, 2, 2, 2): a=1 (engine 1, weyl 1) bal=44 stab=120
22:15:11 [d14] F2_l7 (44, 2, 2, 2, 2, 2, 2): a=1 (engine 1, weyl 1) bal=42 stab=720
22:15:11 [d14] F2_l8 (42, 2, 2, 2, 2, 2, 2, 2): a=1 (engine 1, weyl 1) bal=40 stab=5040
22:15:11 [d14] F2_l9 (40, 2, 2, 2, 2, 2, 2, 2, 2): a=1 (engine 1, weyl 1) bal=38 stab=40320
22:15:11 [d14] F2_l10 (38, 2, 2, 2, 2, 2, 2, 2, 2, 2): a=1 (engine 1, weyl 1) bal=36 stab=362880
22:15:11 [d14] F3_k3 (37, 11, 2, 2, 2, 2): a=48 (engine 48, weyl 48) bal=35 stab=24
22:15:11 [d14] F3_k4 (33, 13, 2, 2, 2, 2, 2): a=84 (engine 84, weyl 84) bal=31 stab=120
22:15:11 [d14] F3_k5 (29, 15, 2, 2, 2, 2, 2, 2): a=111 (engine 111, weyl 111) bal=27 stab=720
22:15:11 [d14] F3_k7 (21, 19, 2, 2, 2, 2, 2, 2, 2, 2): a=24 (engine 24, weyl None) bal=19 stab=40320
22:15:20 [d14] F3_k7 (21, 19, 2, 2, 2, 2, 2, 2, 2, 2): sk=8960 (g=17164, T=756) [8.2s]
22:15:20 [d14] F3_k7 (21, 19, 2, 2, 2, 2, 2, 2, 2, 2): h_pad=45
22:15:37 [d14] F3_k7 (21, 19, 2, 2, 2, 2, 2, 2, 2, 2): N_S=4822544691175 (exact) n_chi~=119606764
22:15:37 [d14] family cells done [75s]
22:15:37 [d15] 10 family cells: F1:(29, 17, 2, 2, 2, 2, 2, 2, 2), F2_l6:(50, 2, 2, 2, 2, 2), F2_l7:(48, 2, 2, 2, 2, 2, 2), F2_l8:(46, 2, 2, 2, 2, 2, 2, 2), F2_l9:(44, 2, 2, 2, 2, 2, 2, 2, 2), F2_l10:(42, 2, 2, 2, 2, 2, 2, 2, 2, 2) ...
22:16:01 [d15] PlethEngine d=4 built, support 84842 [24s]
22:16:03 [d15] PlethEngine d=3 built, support 13237 [26s]
  [MdetEngine delta=15 n=4] N=60: 966467 classes, W-support 817306, f^rect=1602608179958939072505281850  [58s]
22:17:02 [d15] MdetEngine built [85s]
22:23:05 [d15] F1 (29, 17, 2, 2, 2, 2, 2, 2, 2): a=145 (engine 145, weyl 145) bal=27 stab=5040
22:23:12 [d15] F1 (29, 17, 2, 2, 2, 2, 2, 2, 2): sk=35340 (g=67035, T=3645) [7.7s]
22:23:15 [d15] F1 (29, 17, 2, 2, 2, 2, 2, 2, 2): h_pad=251
22:23:18 [d15] F1 (29, 17, 2, 2, 2, 2, 2, 2, 2): N_S=125518117912 (exact) n_chi~=24904389
22:23:20 [d15] F2_l6 (50, 2, 2, 2, 2, 2): a=1 (engine 1, weyl 1) bal=48 stab=120
22:23:21 [d15] F2_l6 (50, 2, 2, 2, 2, 2): sk=13 (g=13, T=13) [1.9s]
22:23:21 [d15] F2_l6 (50, 2, 2, 2, 2, 2): h_pad=2
22:23:22 [d15] F2_l6 (50, 2, 2, 2, 2, 2): N_S=8269 (exact) n_chi~=69
22:23:25 [d15] F2_l7 (48, 2, 2, 2, 2, 2, 2): a=1 (engine 1, weyl 1) bal=46 stab=720
22:23:27 [d15] F2_l7 (48, 2, 2, 2, 2, 2, 2): sk=18 (g=19, T=17) [2.3s]
22:23:27 [d15] F2_l7 (48, 2, 2, 2, 2, 2, 2): h_pad=2
22:23:27 [d15] F2_l7 (48, 2, 2, 2, 2, 2, 2): N_S=140443 (exact) n_chi~=196
22:23:39 [d15] F2_l8 (46, 2, 2, 2, 2, 2, 2, 2): a=1 (engine 1, weyl 1) bal=44 stab=5040
22:23:42 [d15] F2_l8 (46, 2, 2, 2, 2, 2, 2, 2): sk=21 (g=22, T=20) [3.2s]
22:23:42 [d15] F2_l8 (46, 2, 2, 2, 2, 2, 2, 2): h_pad=2
22:23:43 [d15] F2_l8 (46, 2, 2, 2, 2, 2, 2, 2): N_S=2923716 (exact) n_chi~=581
22:24:25 [d15] F2_l9 (44, 2, 2, 2, 2, 2, 2, 2, 2): a=1 (engine 1, weyl 1) bal=42 stab=40320
22:24:28 [d15] F2_l9 (44, 2, 2, 2, 2, 2, 2, 2, 2): sk=21 (g=22, T=20) [3.1s]
22:24:28 [d15] F2_l9 (44, 2, 2, 2, 2, 2, 2, 2, 2): h_pad=2
22:24:29 [d15] F2_l9 (44, 2, 2, 2, 2, 2, 2, 2, 2): N_S=72605787 (exact) n_chi~=1801
22:24:30 [d15] F2_l10 (42, 2, 2, 2, 2, 2, 2, 2, 2, 2): a=1 (engine 1, weyl None) bal=40 stab=362880
22:24:34 [d15] F2_l10 (42, 2, 2, 2, 2, 2, 2, 2, 2, 2): sk=18 (g=19, T=17) [4.2s]
22:24:34 [d15] F2_l10 (42, 2, 2, 2, 2, 2, 2, 2, 2, 2): h_pad=2
22:24:36 [d15] F2_l10 (42, 2, 2, 2, 2, 2, 2, 2, 2, 2): N_S=2107564510 (exact) n_chi~=5808
22:24:38 [d15] F3_k3 (41, 11, 2, 2, 2, 2): a=49 (engine 49, weyl 49) bal=39 stab=24
22:24:41 [d15] F3_k3 (41, 11, 2, 2, 2, 2): sk=2630 (g=4596, T=664) [2.6s]
22:24:42 [d15] F3_k3 (41, 11, 2, 2, 2, 2): h_pad=133
22:24:42 [d15] F3_k3 (41, 11, 2, 2, 2, 2): N_S=932517 (exact) n_chi~=38855
22:24:53 [d15] F3_k4 (37, 13, 2, 2, 2, 2, 2): a=89 (engine 89, weyl 89) bal=35 stab=120
22:24:58 [d15] F3_k4 (37, 13, 2, 2, 2, 2, 2): sk=10752 (g=19668, T=1836) [4.9s]
22:25:00 [d15] F3_k4 (37, 13, 2, 2, 2, 2, 2): h_pad=214
22:25:00 [d15] F3_k4 (37, 13, 2, 2, 2, 2, 2): N_S=43296980 (exact) n_chi~=360809
22:25:53 [d15] F3_k5 (33, 15, 2, 2, 2, 2, 2, 2): a=133 (engine 133, weyl 133) bal=31 stab=720
22:26:01 [d15] F3_k5 (33, 15, 2, 2, 2, 2, 2, 2): sk=26417 (g=49925, T=2909) [7.5s]
22:26:03 [d15] F3_k5 (33, 15, 2, 2, 2, 2, 2, 2): h_pad=274
22:26:04 [d15] F3_k5 (33, 15, 2, 2, 2, 2, 2, 2): N_S=2270955450 (exact) n_chi~=3154105
22:26:06 [d15] F3_k7 (25, 19, 2, 2, 2, 2, 2, 2, 2, 2): a=90 (engine 90, weyl None) bal=23 stab=40320
22:26:19 [d15] F3_k7 (25, 19, 2, 2, 2, 2, 2, 2, 2, 2): sk=21124 (g=40289, T=1959) [12.9s]
22:26:20 [d15] F3_k7 (25, 19, 2, 2, 2, 2, 2, 2, 2, 2): h_pad=136
22:26:38 [d15] F3_k7 (25, 19, 2, 2, 2, 2, 2, 2, 2, 2): N_S=6737570956355 (exact) n_chi~=167102455
22:26:38 [d15] family cells done [661s]
22:26:38 [d16] 10 family cells: F1:(33, 17, 2, 2, 2, 2, 2, 2, 2), F2_l6:(54, 2, 2, 2, 2, 2), F2_l7:(52, 2, 2, 2, 2, 2, 2), F2_l8:(50, 2, 2, 2, 2, 2, 2, 2), F2_l9:(48, 2, 2, 2, 2, 2, 2, 2, 2), F2_l10:(46, 2, 2, 2, 2, 2, 2, 2, 2, 2) ...
22:27:25 [d16] PlethEngine d=4 built, support 136083 [47s]
22:27:28 [d16] PlethEngine d=3 built, support 20016 [50s]
  [MdetEngine delta=16 n=4] N=64: 1741630 classes, W-support 1519538, f^rect=262708662267696303439658400600  [115s]
22:29:23 [d16] MdetEngine built [165s]
22:34:48 [d16] F1 (33, 17, 2, 2, 2, 2, 2, 2, 2): a=188 (engine 188, weyl 188) bal=31 stab=5040
22:35:10 [d16] F1 (33, 17, 2, 2, 2, 2, 2, 2, 2): sk=41463 (g=78520, T=4406) [22.6s]
22:35:16 [d16] F1 (33, 17, 2, 2, 2, 2, 2, 2, 2): h_pad=331
22:35:20 [d16] F1 (33, 17, 2, 2, 2, 2, 2, 2, 2): N_S=138517107150 (exact) n_chi~=27483554
22:35:21 [d16] F2_l6 (54, 2, 2, 2, 2, 2): a=1 (engine 1, weyl 1) bal=52 stab=120
22:35:26 [d16] F2_l6 (54, 2, 2, 2, 2, 2): sk=13 (g=13, T=13) [4.3s]
22:35:26 [d16] F2_l6 (54, 2, 2, 2, 2, 2): h_pad=2
22:35:26 [d16] F2_l6 (54, 2, 2, 2, 2, 2): N_S=8269 (exact) n_chi~=69
22:35:29 [d16] F2_l7 (52, 2, 2, 2, 2, 2, 2): a=1 (engine 1, weyl 1) bal=50 stab=720
22:35:35 [d16] F2_l7 (52, 2, 2, 2, 2, 2, 2): sk=18 (g=19, T=17) [5.4s]
22:35:35 [d16] F2_l7 (52, 2, 2, 2, 2, 2, 2): h_pad=2
22:35:35 [d16] F2_l7 (52, 2, 2, 2, 2, 2, 2): N_S=140443 (exact) n_chi~=196
22:35:48 [d16] F2_l8 (50, 2, 2, 2, 2, 2, 2, 2): a=1 (engine 1, weyl 1) bal=48 stab=5040
22:35:54 [d16] F2_l8 (50, 2, 2, 2, 2, 2, 2, 2): sk=21 (g=22, T=20) [6.0s]
22:35:54 [d16] F2_l8 (50, 2, 2, 2, 2, 2, 2, 2): h_pad=2
22:35:55 [d16] F2_l8 (50, 2, 2, 2, 2, 2, 2, 2): N_S=2923716 (exact) n_chi~=581
22:36:41 [d16] F2_l9 (48, 2, 2, 2, 2, 2, 2, 2, 2): a=1 (engine 1, weyl 1) bal=46 stab=40320
22:36:46 [d16] F2_l9 (48, 2, 2, 2, 2, 2, 2, 2, 2): sk=21 (g=22, T=20) [5.6s]
22:36:46 [d16] F2_l9 (48, 2, 2, 2, 2, 2, 2, 2, 2): h_pad=2
22:36:47 [d16] F2_l9 (48, 2, 2, 2, 2, 2, 2, 2, 2): N_S=72605788 (exact) n_chi~=1801
22:36:48 [d16] F2_l10 (46, 2, 2, 2, 2, 2, 2, 2, 2, 2): a=1 (engine 1, weyl None) bal=44 stab=362880
22:36:56 [d16] F2_l10 (46, 2, 2, 2, 2, 2, 2, 2, 2, 2): sk=18 (g=19, T=17) [7.8s]
22:36:56 [d16] F2_l10 (46, 2, 2, 2, 2, 2, 2, 2, 2, 2): h_pad=2
22:36:59 [d16] F2_l10 (46, 2, 2, 2, 2, 2, 2, 2, 2, 2): N_S=2107565620 (exact) n_chi~=5808
22:37:02 [d16] F3_k3 (45, 11, 2, 2, 2, 2): a=49 (engine 49, weyl 49) bal=43 stab=24
22:37:08 [d16] F3_k3 (45, 11, 2, 2, 2, 2): sk=2630 (g=4596, T=664) [6.6s]
22:37:10 [d16] F3_k3 (45, 11, 2, 2, 2, 2): h_pad=133
22:37:10 [d16] F3_k3 (45, 11, 2, 2, 2, 2): N_S=933264 (exact) n_chi~=38886
22:37:22 [d16] F3_k4 (41, 13, 2, 2, 2, 2, 2): a=92 (engine 92, weyl 92) bal=39 stab=120
22:37:31 [d16] F3_k4 (41, 13, 2, 2, 2, 2, 2): sk=10804 (g=19745, T=1863) [9.3s]
22:37:34 [d16] F3_k4 (41, 13, 2, 2, 2, 2, 2): h_pad=221
22:37:34 [d16] F3_k4 (41, 13, 2, 2, 2, 2, 2): N_S=43719350 (exact) n_chi~=364328
22:38:35 [d16] F3_k5 (37, 15, 2, 2, 2, 2, 2, 2): a=147 (engine 147, weyl 147) bal=35 stab=720
22:38:48 [d16] F3_k5 (37, 15, 2, 2, 2, 2, 2, 2): sk=27707 (g=52274, T=3140) [13.2s]
22:38:52 [d16] F3_k5 (37, 15, 2, 2, 2, 2, 2, 2): h_pad=307
22:38:53 [d16] F3_k5 (37, 15, 2, 2, 2, 2, 2, 2): N_S=2360156544 (exact) n_chi~=3277996
22:38:56 [d16] F3_k7 (29, 19, 2, 2, 2, 2, 2, 2, 2, 2): a=167 (engine 167, weyl None) bal=27 stab=40320
22:39:28 [d16] F3_k7 (29, 19, 2, 2, 2, 2, 2, 2, 2, 2): sk=31314 (g=59601, T=3027) [31.6s]
22:39:31 [d16] F3_k7 (29, 19, 2, 2, 2, 2, 2, 2, 2, 2): h_pad=248
22:39:52 [d16] F3_k7 (29, 19, 2, 2, 2, 2, 2, 2, 2, 2): N_S=8295953918937 (exact) n_chi~=205752826
22:39:52 [d16] family cells done [794s]
