22:26:53 [d17] 1 family cells: F1:(37, 17, 2, 2, 2, 2, 2, 2, 2)
22:26:53 [d17] F1 (37, 17, 2, 2, 2, 2, 2, 2, 2): a=219 (engine None, weyl 219) bal=35 stab=5040
22:26:57 [d17] F1 (37, 17, 2, 2, 2, 2, 2, 2, 2): N_S=146747901321 (exact) n_chi~=29116648
22:26:57 [d17] family cells done [4s]
22:26:57 [d18] 1 family cells: F1:(41, 17, 2, 2, 2, 2, 2, 2, 2)
22:32:59 [d18] F1 (41, 17, 2, 2, 2, 2, 2, 2, 2): a=241 (engine None, weyl 241) bal=39 stab=5040
22:33:03 [d18] F1 (41, 17, 2, 2, 2, 2, 2, 2, 2): N_S=151601110197 (exact) n_chi~=30079586
22:33:03 [d18] family cells done [366s]
22:33:03 [d19] 1 family cells: F1:(45, 17, 2, 2, 2, 2, 2, 2, 2)
22:39:25 [d19] F1 (45, 17, 2, 2, 2, 2, 2, 2, 2): a=255 (engine None, weyl 255) bal=43 stab=5040
22:39:29 [d19] F1 (45, 17, 2, 2, 2, 2, 2, 2, 2): N_S=154241641664 (exact) n_chi~=30603501
22:39:29 [d19] family cells done [386s]
22:39:29 [d20] 1 family cells: F1:(49, 17, 2, 2, 2, 2, 2, 2, 2)
22:45:33 [d20] F1 (49, 17, 2, 2, 2, 2, 2, 2, 2): a=264 (engine None, weyl 264) bal=47 stab=5040
22:45:38 [d20] F1 (49, 17, 2, 2, 2, 2, 2, 2, 2): N_S=155547925215 (exact) n_chi~=30862684
22:45:38 [d20] family cells done [368s]
22:45:38 [d21] 1 family cells: F1:(53, 17, 2, 2, 2, 2, 2, 2, 2)
22:53:13 [d21] F1 (53, 17, 2, 2, 2, 2, 2, 2, 2): a=269 (engine None, weyl 269) bal=51 stab=5040
22:53:18 [d21] F1 (53, 17, 2, 2, 2, 2, 2, 2, 2): N_S=156124593451 (exact) n_chi~=30977102
22:53:18 [d21] family cells done [460s]
22:53:18 [d22] 1 family cells: F1:(57, 17, 2, 2, 2, 2, 2, 2, 2)
23:00:54 [d22] F1 (57, 17, 2, 2, 2, 2, 2, 2, 2): a=272 (engine None, weyl 272) bal=55 stab=5040
23:01:00 [d22] F1 (57, 17, 2, 2, 2, 2, 2, 2, 2): N_S=156346649229 (exact) n_chi~=31021161
23:01:00 [d22] family cells done [462s]
23:01:00 [d23] 1 family cells: F1:(61, 17, 2, 2, 2, 2, 2, 2, 2)
23:08:58 [d23] F1 (61, 17, 2, 2, 2, 2, 2, 2, 2): a=273 (engine None, weyl 273) bal=59 stab=5040
23:09:05 [d23] F1 (61, 17, 2, 2, 2, 2, 2, 2, 2): N_S=156419279221 (exact) n_chi~=31035572
23:09:05 [d23] family cells done [485s]
23:09:05 [d24] 1 family cells: F1:(65, 17, 2, 2, 2, 2, 2, 2, 2)
23:17:18 [d24] F1 (65, 17, 2, 2, 2, 2, 2, 2, 2): a=274 (engine None, weyl 274) bal=63 stab=5040
23:17:25 [d24] F1 (65, 17, 2, 2, 2, 2, 2, 2, 2): N_S=156438903314 (exact) n_chi~=31039465
23:17:25 [d24] family cells done [500s]
