21:29:32 s39 table: 69967 cells with a >= 1, 9288 with a = 0
21:29:32 [d10] cubic plethysm engine built (1371 classes) [0s]
21:31:08 [d10 l6] 500 new cells (0 banked before) cubic table 558 [96s]
21:32:06 [d10 l6] 1000 new cells (0 banked before) cubic table 778 [154s]
21:32:41 [d10 l6] 1500 new cells (0 banked before) cubic table 879 [189s]
21:32:53 [d10 l6] chunk complete: 1874 cells, 1874 new [201s]
21:33:38 [d10 l7] 500 new cells (0 banked before) cubic table 1201 [45s]
21:34:34 [d10 l7] 1000 new cells (0 banked before) cubic table 1385 [101s]
21:35:39 [d10 l7] 1500 new cells (0 banked before) cubic table 1459 [166s]
21:36:45 [d10 l7] 2000 new cells (0 banked before) cubic table 1510 [232s]
21:37:16 [d10 l7] chunk complete: 2491 cells, 2491 new [263s]
21:37:48 [d10 l8] 500 new cells (0 banked before) cubic table 1691 [32s]
21:38:18 [d10 l8] 1000 new cells (0 banked before) cubic table 1985 [63s]
21:38:58 [d10 l8] 1500 new cells (0 banked before) cubic table 2081 [103s]
21:39:50 [d10 l8] 2000 new cells (0 banked before) cubic table 2117 [155s]
21:41:01 [d10 l8] 2500 new cells (0 banked before) cubic table 2139 [225s]
21:41:27 [d10 l8] chunk complete: 2793 cells, 2793 new [251s]
21:42:12 [d10 l9] 500 new cells (0 banked before) cubic table 2238 [45s]
21:43:06 [d10 l9] 1000 new cells (0 banked before) cubic table 2535 [99s]
21:44:23 [d10 l9] 1500 new cells (0 banked before) cubic table 2654 [176s]
21:45:56 [d10 l9] 2000 new cells (0 banked before) cubic table 2682 [270s]
21:47:54 [d10 l9] 2500 new cells (0 banked before) cubic table 2687 [387s]
21:48:19 [d10 l9] chunk complete: 2773 cells, 2773 new [412s]
21:49:08 [d10 l10] 500 new cells (0 banked before) cubic table 2756 [49s]
21:50:14 [d10 l10] 1000 new cells (0 banked before) cubic table 3001 [115s]
21:52:11 [d10 l10] 1500 new cells (0 banked before) cubic table 3096 [232s]
21:56:25 [d10 l10] 2000 new cells (0 banked before) cubic table 3113 [486s]
21:58:49 [d10 l10] 2500 new cells (0 banked before) cubic table 3113 [630s]
21:58:49 [d10 l10] chunk complete: 2533 cells, 2533 new [630s]
21:58:49 [d10] done; cubic coefficients tabulated: 3113 [1757s]
21:58:49 [d11] cubic plethysm engine built (2223 classes) [0s]
22:01:20 [d11 l6] 500 new cells (0 banked before) cubic table 589 [151s]
22:02:58 [d11 l6] 1000 new cells (0 banked before) cubic table 938 [248s]
22:04:21 [d11 l6] 1500 new cells (0 banked before) cubic table 1117 [331s]
22:05:20 [d11 l6] 2000 new cells (0 banked before) cubic table 1256 [391s]
22:06:00 [d11 l6] 2500 new cells (0 banked before) cubic table 1330 [430s]
22:06:14 [d11 l6] chunk complete: 2902 cells, 2902 new [445s]
22:06:59 [d11 l7] 500 new cells (0 banked before) cubic table 1528 [45s]
22:07:45 [d11 l7] 1000 new cells (0 banked before) cubic table 1913 [90s]
22:08:31 [d11 l7] 1500 new cells (0 banked before) cubic table 2103 [136s]
22:09:45 [d11 l7] 2000 new cells (0 banked before) cubic table 2231 [211s]
22:11:18 [d11 l7] 2500 new cells (0 banked before) cubic table 2266 [303s]
22:12:48 [d11 l7] 3000 new cells (0 banked before) cubic table 2312 [393s]
22:14:15 [d11 l7] 3500 new cells (0 banked before) cubic table 2343 [480s]
22:15:31 [d11 l7] 4000 new cells (0 banked before) cubic table 2352 [556s]
22:15:34 [d11 l7] chunk complete: 4123 cells, 4123 new [559s]
22:16:39 [d11 l8] 500 new cells (0 banked before) cubic table 2352 [65s]
22:17:59 [d11 l8] 1000 new cells (0 banked before) cubic table 2832 [145s]
22:19:15 [d11 l8] 1500 new cells (0 banked before) cubic table 3089 [221s]
22:20:30 [d11 l8] 2000 new cells (0 banked before) cubic table 3235 [296s]
22:21:28 [d11 l8] 2500 new cells (0 banked before) cubic table 3308 [354s]
22:22:19 [d11 l8] 3000 new cells (0 banked before) cubic table 3347 [405s]
22:23:18 [d11 l8] 3500 new cells (0 banked before) cubic table 3396 [465s]
22:24:11 [d11 l8] 4000 new cells (0 banked before) cubic table 3422 [518s]
22:25:18 [d11 l8] 4500 new cells (0 banked before) cubic table 3433 [584s]
22:26:04 [d11 l8] chunk complete: 4902 cells, 4902 new [630s]
22:27:02 [d11 l9] 500 new cells (0 banked before) cubic table 3433 [58s]
22:28:03 [d11 l9] 1000 new cells (0 banked before) cubic table 3765 [119s]
22:28:58 [d11 l9] 1500 new cells (0 banked before) cubic table 4157 [174s]
22:29:51 [d11 l9] 2000 new cells (0 banked before) cubic table 4329 [227s]
22:30:48 [d11 l9] 2500 new cells (0 banked before) cubic table 4345 [284s]
22:31:42 [d11 l9] 3000 new cells (0 banked before) cubic table 4392 [338s]
22:32:50 [d11 l9] 3500 new cells (0 banked before) cubic table 4443 [406s]
22:34:17 [d11 l9] 4000 new cells (0 banked before) cubic table 4457 [493s]
22:35:56 [d11 l9] 4500 new cells (0 banked before) cubic table 4473 [592s]
22:37:50 [d11 l9] 5000 new cells (0 banked before) cubic table 4473 [706s]
22:37:54 [d11 l9] chunk complete: 5116 cells, 5116 new [711s]
22:38:48 [d11 l10] 500 new cells (0 banked before) cubic table 4473 [54s]
22:39:32 [d11 l10] 1000 new cells (0 banked before) cubic table 4721 [98s]
22:40:10 [d11 l10] 1500 new cells (0 banked before) cubic table 5122 [136s]
22:40:39 [d11 l10] 2000 new cells (0 banked before) cubic table 5201 [165s]
22:41:18 [d11 l10] 2500 new cells (0 banked before) cubic table 5276 [204s]
22:42:18 [d11 l10] 3000 new cells (0 banked before) cubic table 5326 [264s]
22:43:22 [d11 l10] 3500 new cells (0 banked before) cubic table 5359 [328s]
22:45:14 [d11 l10] 4000 new cells (0 banked before) cubic table 5369 [440s]
22:49:20 [d11 l10] 4500 new cells (0 banked before) cubic table 5369 [685s]
22:51:13 [d11 l10] chunk complete: 4882 cells, 4882 new [798s]
22:51:13 [d11] done; cubic coefficients tabulated: 5369 [3143s]
22:51:13 [d12] cubic plethysm engine built (3560 classes) [0s]
22:54:09 [d12 l6] 500 new cells (0 banked before) cubic table 676 [175s]
22:56:50 [d12 l6] 1000 new cells (0 banked before) cubic table 1078 [337s]
22:59:23 [d12 l6] 1500 new cells (0 banked before) cubic table 1448 [490s]
23:01:57 [d12 l6] 2000 new cells (0 banked before) cubic table 1562 [644s]
23:04:29 [d12 l6] 2500 new cells (0 banked before) cubic table 1719 [796s]
23:06:33 [d12 l6] 3000 new cells (0 banked before) cubic table 1795 [920s]
23:07:59 [d12 l6] 3500 new cells (0 banked before) cubic table 1887 [1006s]
23:09:04 [d12 l6] 4000 new cells (0 banked before) cubic table 1943 [1071s]
23:09:23 [d12 l6] chunk complete: 4337 cells, 4337 new [1090s]
23:11:06 [d12 l7] 500 new cells (0 banked before) cubic table 1986 [103s]
23:12:41 [d12 l7] 1000 new cells (0 banked before) cubic table 2486 [198s]
23:14:08 [d12 l7] 1500 new cells (0 banked before) cubic table 2817 [285s]
23:15:29 [d12 l7] 2000 new cells (0 banked before) cubic table 3046 [366s]
23:16:50 [d12 l7] 2500 new cells (0 banked before) cubic table 3210 [447s]
23:17:54 [d12 l7] 3000 new cells (0 banked before) cubic table 3301 [511s]
23:18:44 [d12 l7] 3500 new cells (0 banked before) cubic table 3360 [561s]
23:19:36 [d12 l7] 4000 new cells (0 banked before) cubic table 3404 [613s]
23:20:31 [d12 l7] 4500 new cells (0 banked before) cubic table 3439 [669s]
23:21:26 [d12 l7] 5000 new cells (0 banked before) cubic table 3465 [723s]
23:22:29 [d12 l7] 5500 new cells (0 banked before) cubic table 3499 [786s]
23:23:31 [d12 l7] 6000 new cells (0 banked before) cubic table 3522 [849s]
23:24:21 [d12 l7] 6500 new cells (0 banked before) cubic table 3525 [898s]
23:24:21 [d12 l7] chunk complete: 6561 cells, 6561 new [898s]
23:25:23 [d12 l8] 500 new cells (0 banked before) cubic table 3525 [62s]
23:26:20 [d12 l8] 1000 new cells (0 banked before) cubic table 3726 [119s]
23:27:20 [d12 l8] 1500 new cells (0 banked before) cubic table 4226 [179s]
23:28:09 [d12 l8] 2000 new cells (0 banked before) cubic table 4585 [228s]
23:29:00 [d12 l8] 2500 new cells (0 banked before) cubic table 4786 [279s]
23:29:44 [d12 l8] 3000 new cells (0 banked before) cubic table 4940 [323s]
23:30:27 [d12 l8] 3500 new cells (0 banked before) cubic table 5075 [365s]
23:31:07 [d12 l8] 4000 new cells (0 banked before) cubic table 5075 [406s]
23:31:44 [d12 l8] 4500 new cells (0 banked before) cubic table 5145 [443s]
23:32:23 [d12 l8] 5000 new cells (0 banked before) cubic table 5194 [481s]
23:33:02 [d12 l8] 5500 new cells (0 banked before) cubic table 5230 [521s]
23:33:56 [d12 l8] 6000 new cells (0 banked before) cubic table 5258 [575s]
23:34:53 [d12 l8] 6500 new cells (0 banked before) cubic table 5281 [631s]
23:35:43 [d12 l8] 7000 new cells (0 banked before) cubic table 5296 [682s]
23:36:40 [d12 l8] 7500 new cells (0 banked before) cubic table 5314 [739s]
23:38:01 [d12 l8] 8000 new cells (0 banked before) cubic table 5318 [820s]
23:38:22 [d12 l8] chunk complete: 8235 cells, 8235 new [841s]
23:39:33 [d12 l9] 500 new cells (0 banked before) cubic table 5318 [71s]
23:40:28 [d12 l9] 1000 new cells (0 banked before) cubic table 5318 [126s]
23:41:21 [d12 l9] 1500 new cells (0 banked before) cubic table 5735 [179s]
23:42:19 [d12 l9] 2000 new cells (0 banked before) cubic table 6235 [236s]
23:43:04 [d12 l9] 2500 new cells (0 banked before) cubic table 6559 [282s]
23:43:52 [d12 l9] 3000 new cells (0 banked before) cubic table 6673 [330s]
23:44:34 [d12 l9] 3500 new cells (0 banked before) cubic table 6870 [372s]
23:45:16 [d12 l9] 4000 new cells (0 banked before) cubic table 6877 [414s]
23:45:55 [d12 l9] 4500 new cells (0 banked before) cubic table 6970 [453s]
23:46:33 [d12 l9] 5000 new cells (0 banked before) cubic table 6971 [491s]
23:47:15 [d12 l9] 5500 new cells (0 banked before) cubic table 7024 [533s]
23:47:54 [d12 l9] 6000 new cells (0 banked before) cubic table 7064 [572s]
23:48:30 [d12 l9] 6500 new cells (0 banked before) cubic table 7093 [608s]
23:49:04 [d12 l9] 7000 new cells (0 banked before) cubic table 7115 [642s]
23:49:45 [d12 l9] 7500 new cells (0 banked before) cubic table 7130 [682s]
23:50:34 [d12 l9] 8000 new cells (0 banked before) cubic table 7140 [732s]
23:51:39 [d12 l9] 8500 new cells (0 banked before) cubic table 7145 [797s]
23:52:44 [d12 l9] 9000 new cells (0 banked before) cubic table 7145 [862s]
23:52:44 [d12 l9] chunk complete: 9018 cells, 9018 new [862s]
23:53:39 [d12 l10] 500 new cells (0 banked before) cubic table 7145 [55s]
23:54:29 [d12 l10] 1000 new cells (0 banked before) cubic table 7145 [105s]
23:55:14 [d12 l10] 1500 new cells (0 banked before) cubic table 7397 [150s]
23:56:08 [d12 l10] 2000 new cells (0 banked before) cubic table 7885 [204s]
23:56:54 [d12 l10] 2500 new cells (0 banked before) cubic table 8371 [250s]
23:57:39 [d12 l10] 3000 new cells (0 banked before) cubic table 8442 [295s]
23:58:20 [d12 l10] 3500 new cells (0 banked before) cubic table 8545 [336s]
23:58:58 [d12 l10] 4000 new cells (0 banked before) cubic table 8644 [373s]
23:59:34 [d12 l10] 4500 new cells (0 banked before) cubic table 8663 [409s]
00:00:10 [d12 l10] 5000 new cells (0 banked before) cubic table 8724 [446s]
00:00:49 [d12 l10] 5500 new cells (0 banked before) cubic table 8767 [485s]
00:01:20 [d12 l10] 6000 new cells (0 banked before) cubic table 8767 [516s]
00:02:00 [d12 l10] 6500 new cells (0 banked before) cubic table 8796 [556s]
00:02:38 [d12 l10] 7000 new cells (0 banked before) cubic table 8817 [593s]
00:03:11 [d12 l10] 7500 new cells (0 banked before) cubic table 8830 [627s]
00:04:08 [d12 l10] 8000 new cells (0 banked before) cubic table 8837 [684s]
00:05:38 [d12 l10] 8500 new cells (0 banked before) cubic table 8837 [774s]
00:07:39 [d12 l10] chunk complete: 8961 cells, 8961 new [895s]
00:07:39 [d12] done; cubic coefficients tabulated: 8837 [4587s]
