00:39:18 V1b: (16, 8, 5, 5, 3, 2, 1) delta 10: s39 617 weyl 617 [24s]
00:39:21 V1b: (16, 11, 7, 2, 2, 1, 1) delta 10: s39 370 weyl 370 [26s]
00:39:29 V1b: (22, 4, 4, 3, 3, 3, 1) delta 10: s39 0 weyl 0 [35s]
00:39:36 V1b: (15, 9, 7, 5, 2, 1, 1) delta 10: s39 1279 weyl 1279 [42s]
00:39:57 V1b: (13, 13, 5, 4, 2, 1, 1, 1) delta 10: s39 79 weyl 79 [62s]
00:40:09 V1b: (17, 11, 3, 3, 3, 1, 1, 1) delta 10: s39 21 weyl 21 [74s]
00:44:45 V1b: (14, 7, 5, 4, 3, 3, 3, 1) delta 10: s39 22 weyl 22 [351s]
00:44:46 V1b: (17, 9, 9, 1, 1, 1, 1, 1) delta 10: s39 0 weyl 0 [352s]
00:50:18 V1b: (14, 6, 6, 5, 4, 2, 1, 1, 1) delta 10: s39 40 weyl 40 [683s]
00:50:39 V1b: (16, 12, 3, 3, 2, 1, 1, 1, 1) delta 10: s39 3 weyl 3 [705s]
00:53:05 V1b: (12, 12, 5, 2, 2, 2, 2, 2, 1) delta 10: s39 8 weyl 8 [850s]
00:53:50 V1b: (16, 6, 6, 5, 2, 2, 1, 1, 1) delta 10: s39 18 weyl 18 [895s]
00:55:48 V1b: (16, 7, 7, 2, 2, 2, 1, 1, 1, 1) delta 10: s39 0 weyl 0 [1014s]
00:58:47 V1b: (11, 11, 8, 2, 2, 2, 1, 1, 1, 1) delta 10: s39 1 weyl 1 [1193s]
00:59:05 V1b: (15, 12, 6, 5, 4, 2) delta 11: s39 5988 weyl 5988 [1211s]
00:59:06 V1b: (21, 10, 10, 1, 1, 1) delta 11: s39 33 weyl 33 [1211s]
00:59:42 V1b: (11, 11, 8, 8, 3, 3) delta 11: s39 480 weyl 480 [1247s]
00:59:45 V1b: (19, 11, 5, 5, 3, 1) delta 11: s39 2257 weyl 2257 [1251s]
01:06:58 V1b: (15, 7, 5, 5, 4, 4, 4) delta 11: s39 93 weyl 93 [1683s]
01:07:18 V1b: (18, 8, 6, 6, 2, 2, 2) delta 11: s39 988 weyl 988 [1703s]
01:08:05 V1b: (12, 11, 11, 3, 3, 3, 1) delta 11: s39 188 weyl 188 [1750s]
01:08:06 V1b: (20, 15, 4, 2, 1, 1, 1) delta 11: s39 32 weyl 32 [1752s]
01:10:33 V1b: (15, 12, 5, 4, 4, 2, 1, 1) delta 11: s39 1845 weyl 1845 [1899s]
01:11:48 V1b: (17, 8, 7, 6, 2, 2, 1, 1) delta 11: s39 1549 weyl 1549 [1973s]
01:16:57 V1b: (13, 9, 8, 5, 5, 2, 1, 1) delta 11: s39 3392 weyl 3392 [2282s]
01:24:25 V1b: (11, 8, 8, 7, 6, 2, 1, 1) delta 11: s39 618 weyl 618 [2730s]
