  ...500/627 [10s]
N=20 n=4 delta=5: 627 partitions, f^mu=1662804
  sum f^lam sk = 1382459402610  vs f^mu(f^mu+1)/2 = 1382459402610  ok
  sum f^lam g  = 2764917142416  vs (f^mu)^2       = 2764917142416  ok
  brute force at every lam: 0 mismatches
  [19s]
  ...500/1575 [21s]
  ...1000/1575 [50s]
  ...1500/1575 [99s]
N=24 n=4 delta=6: 1575 partitions, f^mu=140229804
  sum f^lam sk = 9832199035054110  vs f^mu(f^mu+1)/2 = 9832199035054110  ok
  sum f^lam g  = 19664397929878416  vs (f^mu)^2       = 19664397929878416  ok
  brute force at every lam: 0 mismatches
  [212s]
  ...500/3718 [3s]
  ...1000/3718 [11s]
  ...1500/3718 [24s]
  ...2000/3718 [49s]
  ...2500/3718 [87s]
  ...3000/3718 [150s]
  ...3500/3718 [361s]
Terminated
