      level 1: 27 prefixes
      level 2: 263 prefixes
      level 3: 1534 prefixes
      level 4: 7046 prefixes
      level 5: 19877 prefixes
      level 6: 35080 prefixes
      level 7: 40951 prefixes
      level 8: 40951 prefixes
  lam=(12, 11, 7, 1, 1): N_S=40951 |Stab|=2 n_chi=15926 (orbits dropped: 9099) [lean, 0s, HWM 0.07 GB]
    E_01: |H|=2 targets 38291 canonical rows 14862 nnz 71763 (obstructed fixed targets cancelled: 2332) [0s, HWM 0.07 GB]
    E_12: |H|=2 targets 31933 canonical rows 12297 nnz 57394 (obstructed fixed targets cancelled: 1905) [0s, HWM 0.07 GB]
    E_23: |H|=1 targets 10890 canonical rows 10868 nnz 31852 (obstructed fixed targets cancelled: 0) [0s, HWM 0.07 GB]
    E_34: |H|=1 targets 25025 canonical rows 0 nnz 0 (obstructed fixed targets cancelled: 0) [0s, HWM 0.07 GB]
  built (12, 11, 7, 1, 1) d8: N_S=40951 |Stab|=2 n_chi=15926 rows=38027 nnz=161009 (0s: mono 0s orbits 0s rows 0s; HWM 0.07 GB)
    level 0 (3,2): 19037 rows, nnz 527279 (full: 38050 rows, nnz 527307)
    level 0 (3,2): 19037 rows, nnz 527264 (full: 38050 rows, nnz 527307)
    wied[c12_11_7_1_1d8_det p=2147483647 lvl=0 seed=1 k=0]: NONSINGULAR SEQ n=15926 nrows=19037 nnz=527264 k=0 len=31852 secs=49.6 | BM deg=15926 f0=1310398397 secs=53.0 (53s)
    level 0 (3,2): 18253 rows, nnz 151147 (full: 36505 rows, nnz 151193); floor k0=0
    wied[c12_11_7_1_1d8_det p=2147483629 lvl=0 seed=1 k=0]: NONSINGULAR SEQ n=15926 nrows=19037 nnz=527279 k=0 len=31852 secs=49.6 | BM deg=15926 f0=1485105230 secs=53.1 (53s)
    level 0 (3,2): 18253 rows, nnz 151159 (full: 36505 rows, nnz 151193); floor k0=0
    wied[c12_11_7_1_1d8_star p=2147483629 lvl=0 seed=101 k_extra=0 exhibited=0]: NONSINGULAR SEQ n=14934 nrows=18253 nnz=151159 k=0 len=29868 secs=15.7 | BM deg=14934 f0=804119134 secs=18.7 (19s)
    wied[c12_11_7_1_1d8_star p=2147483647 lvl=0 seed=101 k_extra=0 exhibited=0]: NONSINGULAR SEQ n=14934 nrows=18253 nnz=151147 k=0 len=29868 secs=15.9 | BM deg=14934 f0=1531900074 secs=18.9 (19s)
  RESULT (12, 11, 7, 1, 1) d8: a=15 n_chi=15926 route=sparse mult_det=15 mult_red(star)=15 mult_red(pts)=None D=0  (73.0s, HWM 0.08 GB)
