      level 1: 31 prefixes
      level 2: 222 prefixes
      level 3: 764 prefixes
      level 4: 2107 prefixes
      level 5: 4179 prefixes
      level 6: 5521 prefixes
      level 7: 5932 prefixes
      level 8: 5977 prefixes
      level 9: 5977 prefixes
      level 10: 5977 prefixes
      level 11: 5977 prefixes
  lam=(27, 13, 2, 1, 1): N_S=5977 |Stab|=2 n_chi=2122 (orbits dropped: 1733) [lean, 0s, HWM 0.06 GB]
    E_01: |H|=2 targets 4978 canonical rows 1753 nnz 8664 (obstructed fixed targets cancelled: 556) [0s, HWM 0.06 GB]
    E_12: |H|=2 targets 2268 canonical rows 782 nnz 3253 (obstructed fixed targets cancelled: 193) [0s, HWM 0.06 GB]
    E_23: |H|=1 targets 2953 canonical rows 2797 nnz 4244 (obstructed fixed targets cancelled: 0) [0s, HWM 0.06 GB]
    E_34: |H|=1 targets 3855 canonical rows 0 nnz 0 (obstructed fixed targets cancelled: 0) [0s, HWM 0.06 GB]
  built (27, 13, 2, 1, 1) d11: N_S=5977 |Stab|=2 n_chi=2122 rows=5332 nnz=16161 (0s: mono 0s orbits 0s rows 0s; HWM 0.06 GB)
    dense kernel [compressed] p=2147483647: nullity 6 = a, rank 2116, all vectors verified on the full E (3s, HWM 0.16 GB)
    dense kernel [compressed] p=2147483629: nullity 6 = a, rank 2116, all vectors verified on the full E (3s, HWM 0.16 GB)
  RESULT (27, 13, 2, 1, 1) d11: a=6 n_chi=2122 route=dense mult_det=6 mult_red(star)=6 mult_red(pts)=6 D=0  (3.9s, HWM 0.16 GB)
