      level 1: 35 prefixes
      level 2: 413 prefixes
      level 3: 2581 prefixes
      level 4: 8768 prefixes
      level 5: 14651 prefixes
      level 6: 16316 prefixes
      level 7: 16447 prefixes
      level 8: 16447 prefixes
      level 9: 16447 prefixes
  lam=(21, 7, 6, 1, 1): N_S=16447 |Stab|=2 n_chi=6167 (orbits dropped: 4113) [lean, 0s, HWM 0.07 GB]
    E_01: |H|=2 targets 10867 canonical rows 4013 nnz 20783 (obstructed fixed targets cancelled: 1017) [0s, HWM 0.07 GB]
    E_12: |H|=2 targets 14247 canonical rows 5323 nnz 19466 (obstructed fixed targets cancelled: 641) [0s, HWM 0.07 GB]
    E_23: |H|=1 targets 4940 canonical rows 4917 nnz 12334 (obstructed fixed targets cancelled: 0) [0s, HWM 0.07 GB]
    E_34: |H|=1 targets 10280 canonical rows 0 nnz 0 (obstructed fixed targets cancelled: 0) [0s, HWM 0.07 GB]
  built (21, 7, 6, 1, 1) d9: N_S=16447 |Stab|=2 n_chi=6167 rows=14253 nnz=52583 (0s: mono 0s orbits 0s rows 0s; HWM 0.07 GB)
    level 0 (3,2): 7151 rows, nnz 200568 (full: 14277 rows, nnz 200591)
    level 0 (3,2): 7151 rows, nnz 200567 (full: 14277 rows, nnz 200591)
    wied[c21_7_6_1_1d9_det p=2147483647 lvl=0 seed=1 k=0]: NONSINGULAR SEQ n=6167 nrows=7151 nnz=200567 k=0 len=12334 secs=7.3 | BM deg=6167 f0=1492012797 secs=7.8 (8s)
    level 0 (3,2): 5740 rows, nnz 39077 (full: 11480 rows, nnz 39103); floor k0=0
    wied[c21_7_6_1_1d9_star p=2147483647 lvl=0 seed=101 k_extra=0 exhibited=0]: NONSINGULAR SEQ n=4571 nrows=5740 nnz=39077 k=0 len=9142 secs=1.3 | BM deg=4571 f0=2077380196 secs=1.6 (2s)
    level 0 (3,2): 7151 rows, nnz 200561 (full: 14277 rows, nnz 200591); floor k0=0
    wied[c21_7_6_1_1d9_det p=2147483629 lvl=0 seed=1 k=0]: KERNEL SEQ n=6167 nrows=7151 nnz=200568 k=0 len=12334 secs=7.1 | BM deg=6161 f0=0 secs=7.6 | DONE secs=11.7 (12s)
    (kernel vector of the compressed matrix is not in ker[E; ev]: escalate)
    level 1 (12,2): 7151 rows, nnz 200561 (full: 14277 rows, nnz 200591)
    wied[c21_7_6_1_1d9_redpts p=2147483647 lvl=0 seed=201 k_extra=0 exhibited=0]: NONSINGULAR SEQ n=6167 nrows=7151 nnz=200561 k=0 len=12334 secs=7.2 | BM deg=6167 f0=976593061 secs=7.7 (8s)
    wied[c21_7_6_1_1d9_det p=2147483629 lvl=1 seed=2 k=0]: NONSINGULAR SEQ n=6167 nrows=7151 nnz=200561 k=0 len=12334 secs=7.2 | BM deg=6167 f0=2083269377 secs=7.7 (20s)
    level 0 (3,2): 5740 rows, nnz 39083 (full: 11480 rows, nnz 39103); floor k0=0
    wied[c21_7_6_1_1d9_star p=2147483629 lvl=0 seed=101 k_extra=0 exhibited=0]: NONSINGULAR SEQ n=4571 nrows=5740 nnz=39083 k=0 len=9142 secs=1.3 | BM deg=4571 f0=1291157605 secs=1.6 (2s)
    level 0 (3,2): 7151 rows, nnz 200568 (full: 14277 rows, nnz 200591); floor k0=0
    wied[c21_7_6_1_1d9_redpts p=2147483629 lvl=0 seed=201 k_extra=0 exhibited=0]: NONSINGULAR SEQ n=6167 nrows=7151 nnz=200568 k=0 len=12334 secs=7.2 | BM deg=6167 f0=533093483 secs=7.7 (8s)
  RESULT (21, 7, 6, 1, 1) d9: a=16 n_chi=6167 route=sparse mult_det=16 mult_red(star)=16 mult_red(pts)=16 D=0  (29.3s, HWM 0.07 GB)
