      level 1: 56 prefixes
      level 2: 1052 prefixes
      level 3: 8282 prefixes
      level 4: 26903 prefixes
      level 5: 39208 prefixes
      level 6: 41097 prefixes
      level 7: 41144 prefixes
      level 8: 41144 prefixes
  lam=(18, 6, 3, 3, 2): N_S=41144 |Stab|=2 n_chi=19608 (orbits dropped: 1928) [lean, 0s, HWM 0.07 GB]
    E_01: |H|=2 targets 25456 canonical rows 12103 nnz 64269 (obstructed fixed targets cancelled: 836) [0s, HWM 0.07 GB]
    E_12: |H|=1 targets 25284 canonical rows 25251 nnz 85786 (obstructed fixed targets cancelled: 0) [0s, HWM 0.07 GB]
    E_23: |H|=1 targets 34650 canonical rows 34153 nnz 78540 (obstructed fixed targets cancelled: 0) [0s, HWM 0.08 GB]
    E_34: |H|=1 targets 26199 canonical rows 26163 nnz 65002 (obstructed fixed targets cancelled: 0) [0s, HWM 0.08 GB]
  built (18, 6, 3, 3, 2) d8: N_S=41144 |Stab|=2 n_chi=19608 rows=97670 nnz=293597 (0s: mono 0s orbits 0s rows 0s; HWM 0.08 GB)
    level 0 (3,2): 29456 rows, nnz 412341 (full: 97682 rows, nnz 528893)
    level 0 (3,2): 29456 rows, nnz 412029 (full: 97682 rows, nnz 528893)
    wied[c18_6_3_3_2d8_det p=2147483647 lvl=0 seed=1 k=0]: NONSINGULAR SEQ n=19608 nrows=29456 nnz=412341 k=0 len=39216 secs=52.1 | BM deg=19608 f0=1541157039 secs=57.4 (113s)
    level 0 (3,2): 20725 rows, nnz 117927 (full: 72203 rows, nnz 205775); floor k0=0
    wied[c18_6_3_3_2d8_det p=2147483629 lvl=0 seed=1 k=0]: NONSINGULAR SEQ n=19608 nrows=29456 nnz=412029 k=0 len=39216 secs=52.0 | BM deg=19608 f0=1356424589 secs=57.2 (114s)
    level 0 (3,2): 20725 rows, nnz 118104 (full: 72203 rows, nnz 205775); floor k0=0
    wied[c18_6_3_3_2d8_star p=2147483647 lvl=0 seed=101 k_extra=0 exhibited=0]: NONSINGULAR SEQ n=13795 nrows=20725 nnz=117927 k=0 len=27590 secs=14.3 | BM deg=13795 f0=1205375976 secs=17.0 (34s)
    wied[c18_6_3_3_2d8_star p=2147483629 lvl=0 seed=101 k_extra=0 exhibited=0]: KERNEL SEQ n=13795 nrows=20725 nnz=118104 k=0 len=27590 secs=14.4 | BM deg=13795 f0=0 secs=17.0 | DONE secs=26.2 (43s)
    (kernel vector of the compressed matrix is not in ker F: escalate)
    level 1 (12,2): 36102 rows, nnz 205723 (full: 72203 rows, nnz 205775); floor k0=0
    wied[c18_6_3_3_2d8_star p=2147483629 lvl=1 seed=102 k_extra=0 exhibited=0]: NONSINGULAR SEQ n=13795 nrows=36102 nnz=205723 k=0 len=27590 secs=21.1 | BM deg=13795 f0=1966420361 secs=23.6 (67s)
  RESULT (18, 6, 3, 3, 2) d8: a=4 n_chi=19608 route=sparse mult_det=4 mult_red(star)=4 mult_red(pts)=None D=0  (181.2s, HWM 0.08 GB)
