[s60_b] 1: d7 (18, 4, 2, 2, 2) a=3 h_pad=9 n_chi~606 N_S=2565 red_points=always ...
[s60_b] banked d7 (18, 4, 2, 2, 2): measured route=dense mult_det=3 mult_red(star)=3 mult_red(pts)=3 D=0 ok=True (1.5s, HWM 0.14 GB) [2s elapsed]
[s60_b] 2: d8 (22, 4, 2, 2, 2) a=3 h_pad=9 n_chi~625 N_S=2625 red_points=always ...
[s60_b] banked d8 (22, 4, 2, 2, 2): measured route=dense mult_det=3 mult_red(star)=3 mult_red(pts)=3 D=0 ok=True (1.5s, HWM 0.14 GB) [4s elapsed]
[s60_b] 3: d9 (26, 4, 2, 2, 2) a=3 h_pad=9 n_chi~629 N_S=2635 red_points=always ...
[s60_b] banked d9 (26, 4, 2, 2, 2): measured route=dense mult_det=3 mult_red(star)=3 mult_red(pts)=3 D=0 ok=True (1.6s, HWM 0.14 GB) [5s elapsed]
[s60_b] 4: d7 (16, 5, 5, 1, 1) a=3 h_pad=7 n_chi~663 N_S=3575 red_points=always ...
[s60_b] banked d7 (16, 5, 5, 1, 1): measured route=dense mult_det=3 mult_red(star)=3 mult_red(pts)=3 D=0 ok=True (1.3s, HWM 0.11 GB) [7s elapsed]
[s60_b] 5: d8 (20, 5, 5, 1, 1) a=3 h_pad=7 n_chi~726 N_S=3946 red_points=always ...
[s60_b] banked d8 (20, 5, 5, 1, 1): measured route=dense mult_det=3 mult_red(star)=3 mult_red(pts)=3 D=0 ok=True (1.6s, HWM 0.12 GB) [9s elapsed]
[s60_b] 6: d9 (24, 5, 5, 1, 1) a=3 h_pad=7 n_chi~747 N_S=4080 red_points=always ...
[s60_b] banked d9 (24, 5, 5, 1, 1): measured route=dense mult_det=3 mult_red(star)=3 mult_red(pts)=3 D=0 ok=True (1.6s, HWM 0.13 GB) [11s elapsed]
[s60_b] 7: d8 (18, 10, 2, 1, 1) a=2 h_pad=9 n_chi~899 N_S=2558 red_points=always ...
[s60_b] banked d8 (18, 10, 2, 1, 1): measured route=dense mult_det=2 mult_red(star)=2 mult_red(pts)=2 D=0 ok=True (1.0s, HWM 0.11 GB) [12s elapsed]
[s60_b] 8: d8 (20, 7, 3, 1, 1) a=4 h_pad=14 n_chi~962 N_S=2688 red_points=always ...
[s60_b] banked d8 (20, 7, 3, 1, 1): measured route=dense mult_det=4 mult_red(star)=4 mult_red(pts)=4 D=0 ok=True (1.1s, HWM 0.11 GB) [14s elapsed]
[s60_b] 9: d7 (17, 5, 2, 2, 2) a=3 h_pad=15 n_chi~978 N_S=4306 red_points=always ...
[s60_b] banked d7 (17, 5, 2, 2, 2): measured route=dense mult_det=3 mult_red(star)=3 mult_red(pts)=3 D=0 ok=True (1.1s, HWM 0.08 GB) [15s elapsed]
[s60_b] 10: d9 (22, 10, 2, 1, 1) a=2 h_pad=11 n_chi~1010 N_S=2885 red_points=always ...
[s60_b] banked d9 (22, 10, 2, 1, 1): measured route=dense mult_det=2 mult_red(star)=2 mult_red(pts)=2 D=0 ok=True (1.3s, HWM 0.12 GB) [16s elapsed]
[s60_b] 11: d9 (24, 7, 3, 1, 1) a=4 h_pad=14 n_chi~999 N_S=2804 red_points=always ...
[s60_b] banked d9 (24, 7, 3, 1, 1): measured route=dense mult_det=4 mult_red(star)=4 mult_red(pts)=4 D=0 ok=True (1.2s, HWM 0.12 GB) [18s elapsed]
[s60_b] 12: d8 (21, 5, 2, 2, 2) a=4 h_pad=16 n_chi~1040 N_S=4538 red_points=always ...
[s60_b] banked d8 (21, 5, 2, 2, 2): measured route=dense mult_det=4 mult_red(star)=4 mult_red(pts)=4 D=0 ok=True (1.3s, HWM 0.08 GB) [19s elapsed]
[s60_b] 13: d8 (17, 11, 2, 1, 1) a=3 h_pad=9 n_chi~1060 N_S=2980 red_points=always ...
[s60_b] banked d8 (17, 11, 2, 1, 1): measured route=dense mult_det=3 mult_red(star)=3 mult_red(pts)=3 D=0 ok=True (1.5s, HWM 0.13 GB) [21s elapsed]
[s60_b] 14: d9 (25, 5, 2, 2, 2) a=4 h_pad=16 n_chi~1059 N_S=4598 red_points=always ...
[s60_b] banked d9 (25, 5, 2, 2, 2): measured route=dense mult_det=4 mult_red(star)=4 mult_red(pts)=4 D=0 ok=True (1.3s, HWM 0.08 GB) [23s elapsed]
[s60_b] 15: d7 (15, 8, 3, 1, 1) a=4 h_pad=15 n_chi~1137 N_S=3127 red_points=always ...
[s60_b] banked d7 (15, 8, 3, 1, 1): measured route=dense mult_det=4 mult_red(star)=4 mult_red(pts)=4 D=0 ok=True (2.2s, HWM 0.14 GB) [25s elapsed]
[s60_b] 16: d8 (16, 12, 2, 1, 1) a=2 h_pad=7 n_chi~1182 N_S=3331 red_points=always ...
[s60_b] banked d8 (16, 12, 2, 1, 1): measured route=dense mult_det=2 mult_red(star)=2 mult_red(pts)=2 D=0 ok=True (2.2s, HWM 0.15 GB) [28s elapsed]
[s60_b] 17: d7 (16, 6, 4, 1, 1) a=3 h_pad=17 n_chi~1177 N_S=3264 red_points=always ...
[s60_b] banked d7 (16, 6, 4, 1, 1): measured route=dense mult_det=3 mult_red(star)=3 mult_red(pts)=3 D=0 ok=True (2.0s, HWM 0.14 GB) [30s elapsed]
[s60_b] 18: d8 (15, 13, 2, 1, 1) a=2 h_pad=5 n_chi~1271 N_S=3553 red_points=always ...
[s60_b] banked d8 (15, 13, 2, 1, 1): measured route=dense mult_det=2 mult_red(star)=2 mult_red(pts)=2 D=0 ok=True (2.5s, HWM 0.17 GB) [33s elapsed]
[s60_b] 19: d9 (21, 11, 2, 1, 1) a=4 h_pad=12 n_chi~1243 N_S=3510 red_points=always ...
[s60_b] banked d9 (21, 11, 2, 1, 1): measured route=dense mult_det=4 mult_red(star)=4 mult_red(pts)=4 D=0 ok=True (2.4s, HWM 0.16 GB) [36s elapsed]
[s60_b] 20: d8 (20, 6, 4, 1, 1) a=3 h_pad=18 n_chi~1293 N_S=3611 red_points=always ...
[s60_b] banked d8 (20, 6, 4, 1, 1): measured route=dense mult_det=3 mult_red(star)=3 mult_red(pts)=3 D=0 ok=True (2.6s, HWM 0.16 GB) [39s elapsed]
[s60_b] 21: d9 (24, 6, 4, 1, 1) a=3 h_pad=18 n_chi~1334 N_S=3742 red_points=always ...
[s60_b] banked d9 (24, 6, 4, 1, 1): measured route=dense mult_det=3 mult_red(star)=3 mult_red(pts)=3 D=0 ok=True (2.9s, HWM 0.17 GB) [42s elapsed]
[s60_b] 22: d8 (19, 8, 3, 1, 1) a=5 h_pad=19 n_chi~1327 N_S=3673 red_points=always ...
[s60_b] banked d8 (19, 8, 3, 1, 1): measured route=dense mult_det=5 mult_red(star)=5 mult_red(pts)=5 D=0 ok=True (3.0s, HWM 0.17 GB) [45s elapsed]
[s60_b] 23: d7 (14, 6, 6, 1, 1) a=1 h_pad=9 n_chi~1471 N_S=7964 red_points=always ...
[s60_b] banked d7 (14, 6, 6, 1, 1): measured route=dense mult_det=1 mult_red(star)=1 mult_red(pts)=1 D=0 ok=True (1.6s, HWM 0.1 GB) [47s elapsed]
[s60_b] 24: d7 (14, 9, 3, 1, 1) a=5 h_pad=15 n_chi~1386 N_S=3782 red_points=always ...
[s60_b] banked d7 (14, 9, 3, 1, 1): measured route=dense mult_det=5 mult_red(star)=5 mult_red(pts)=5 D=0 ok=True (3.4s, HWM 0.19 GB) [50s elapsed]
[s60_b] 25: d9 (20, 12, 2, 1, 1) a=3 h_pad=12 n_chi~1459 N_S=4120 red_points=always ...
[s60_b] banked d9 (20, 12, 2, 1, 1): measured route=dense mult_det=3 mult_red(star)=3 mult_red(pts)=3 D=0 ok=True (3.6s, HWM 0.21 GB) [54s elapsed]
[s60_b] 26: d9 (23, 8, 3, 1, 1) a=5 h_pad=20 n_chi~1419 N_S=3948 red_points=always ...
[s60_b] banked d9 (23, 8, 3, 1, 1): measured route=dense mult_det=5 mult_red(star)=5 mult_red(pts)=5 D=0 ok=True (3.4s, HWM 0.19 GB) [58s elapsed]
[s60_b] 27: d7 (11, 11, 4, 1, 1) a=4 h_pad=7 n_chi~1502 N_S=7865 red_points=always ...
[s60_b] banked d7 (11, 11, 4, 1, 1): measured route=dense mult_det=4 mult_red(star)=4 mult_red(pts)=4 D=0 ok=True (3.0s, HWM 0.1 GB) [61s elapsed]
[s60_b] 28: d7 (16, 6, 2, 2, 2) a=7 h_pad=23 n_chi~1486 N_S=6602 red_points=always ...
[s60_b] banked d7 (16, 6, 2, 2, 2): measured route=dense mult_det=7 mult_red(star)=7 mult_red(pts)=7 D=0 ok=True (2.8s, HWM 0.11 GB) [64s elapsed]
[s60_b] 29: d7 (13, 10, 3, 1, 1) a=4 h_pad=12 n_chi~1578 N_S=4289 red_points=always ...
[s60_b] banked d7 (13, 10, 3, 1, 1): measured route=dense mult_det=4 mult_red(star)=4 mult_red(pts)=4 D=0 ok=True (2.1s, HWM 0.11 GB) [67s elapsed]
[s60_b] 30: d7 (12, 11, 3, 1, 1) a=3 h_pad=7 n_chi~1683 N_S=4562 red_points=always ...
[s60_b] banked d7 (12, 11, 3, 1, 1): measured route=dense mult_det=3 mult_red(star)=3 mult_red(pts)=3 D=0 ok=True (2.1s, HWM 0.12 GB) [69s elapsed]
[s60_b] 31: d9 (19, 13, 2, 1, 1) a=4 h_pad=11 n_chi~1661 N_S=4653 red_points=always ...
[s60_b] banked d9 (19, 13, 2, 1, 1): measured route=dense mult_det=4 mult_red(star)=4 mult_red(pts)=4 D=0 ok=True (2.2s, HWM 0.12 GB) [72s elapsed]
[s60_b] 32: d8 (20, 6, 2, 2, 2) a=8 h_pad=26 n_chi~1647 N_S=7256 red_points=always ...
[s60_b] banked d8 (20, 6, 2, 2, 2): measured route=dense mult_det=8 mult_red(star)=8 mult_red(pts)=8 D=0 ok=True (3.8s, HWM 0.12 GB) [76s elapsed]
[s60_b] 33: d7 (15, 7, 4, 1, 1) a=8 h_pad=25 n_chi~1658 N_S=4510 red_points=always ...
[s60_b] banked d7 (15, 7, 4, 1, 1): measured route=dense mult_det=8 mult_red(star)=8 mult_red(pts)=8 D=0 ok=True (2.8s, HWM 0.12 GB) [79s elapsed]
[s60_b] 34: d9 (18, 14, 2, 1, 1) a=2 h_pad=9 n_chi~1811 N_S=5081 red_points=always ...
[s60_b] banked d9 (18, 14, 2, 1, 1): measured route=dense mult_det=2 mult_red(star)=2 mult_red(pts)=2 D=0 ok=True (2.2s, HWM 0.13 GB) [81s elapsed]
[s60_b] 35: d8 (18, 6, 6, 1, 1) a=2 h_pad=13 n_chi~1816 N_S=9883 red_points=always ...
[s60_b] banked d8 (18, 6, 6, 1, 1): measured route=dense mult_det=2 mult_red(star)=2 mult_red(pts)=2 D=0 ok=True (2.8s, HWM 0.13 GB) [84s elapsed]
[s60_b] 36: d7 (16, 7, 2, 2, 1) a=5 h_pad=22 n_chi~1759 N_S=3154 red_points=always ...
[s60_b] banked d7 (16, 7, 2, 2, 1): measured route=dense mult_det=5 mult_red(star)=5 mult_red(pts)=5 D=0 ok=True (2.5s, HWM 0.12 GB) [87s elapsed]
[s60_b] 37: d8 (18, 9, 3, 1, 1) a=7 h_pad=22 n_chi~1724 N_S=4730 red_points=always ...
[s60_b] banked d8 (18, 9, 3, 1, 1): measured route=dense mult_det=7 mult_red(star)=7 mult_red(pts)=7 D=0 ok=True (2.7s, HWM 0.12 GB) [90s elapsed]
[s60_b] 38: d9 (24, 6, 2, 2, 2) a=9 h_pad=27 n_chi~1710 N_S=7489 red_points=always ...
[s60_b] banked d9 (24, 6, 2, 2, 2): measured route=dense mult_det=9 mult_red(star)=9 mult_red(pts)=9 D=0 ok=True (4.2s, HWM 0.13 GB) [95s elapsed]
[s60_b] 39: d9 (17, 15, 2, 1, 1) a=3 h_pad=6 n_chi~1917 N_S=5349 red_points=always ...
[s60_b] banked d9 (17, 15, 2, 1, 1): measured route=dense mult_det=3 mult_red(star)=3 mult_red(pts)=3 D=0 ok=True (3.0s, HWM 0.14 GB) [98s elapsed]
[s60_b] 40: d9 (22, 6, 6, 1, 1) a=2 h_pad=14 n_chi~1987 N_S=10867 red_points=always ...
[s60_b] banked d9 (22, 6, 6, 1, 1): measured route=dense mult_det=2 mult_red(star)=2 mult_red(pts)=2 D=0 ok=True (3.3s, HWM 0.14 GB) [102s elapsed]
[s60_b] 41: d7 (17, 4, 4, 2, 1) a=3 h_pad=14 n_chi~1958 N_S=3753 red_points=always ...
[s60_b] banked d7 (17, 4, 4, 2, 1): measured route=dense mult_det=3 mult_red(star)=3 mult_red(pts)=3 D=0 ok=True (2.9s, HWM 0.14 GB) [105s elapsed]
[s60_b] 42: d7 (15, 6, 5, 1, 1) a=4 h_pad=15 n_chi~1988 N_S=5368 red_points=always ...
[s60_b] banked d7 (15, 6, 5, 1, 1): measured route=dense mult_det=4 mult_red(star)=4 mult_red(pts)=4 D=0 ok=True (3.4s, HWM 0.14 GB) [108s elapsed]
[s60_b] 43: d8 (20, 7, 2, 2, 1) a=6 h_pad=25 n_chi~1961 N_S=3505 red_points=always ...
[s60_b] banked d8 (20, 7, 2, 2, 1): measured route=dense mult_det=6 mult_red(star)=6 mult_red(pts)=6 D=0 ok=True (3.3s, HWM 0.14 GB) [112s elapsed]
[s60_b] 44: d9 (22, 9, 3, 1, 1) a=8 h_pad=26 n_chi~1915 N_S=5280 red_points=always ...
[s60_b] banked d9 (22, 9, 3, 1, 1): measured route=dense mult_det=8 mult_red(star)=8 mult_red(pts)=8 D=0 ok=True (3.3s, HWM 0.14 GB) [116s elapsed]
[s60_b] 45: d8 (21, 4, 4, 2, 1) a=3 h_pad=14 n_chi~2064 N_S=3950 red_points=always ...
[s60_b] banked d8 (21, 4, 4, 2, 1): measured route=dense mult_det=3 mult_red(star)=3 mult_red(pts)=3 D=0 ok=True (3.4s, HWM 0.15 GB) [119s elapsed]
[s60_b] 46: d8 (19, 7, 4, 1, 1) a=9 h_pad=30 n_chi~1922 N_S=5265 red_points=always ...
[s60_b] banked d8 (19, 7, 4, 1, 1): measured route=dense mult_det=9 mult_red(star)=9 mult_red(pts)=9 D=0 ok=True (3.7s, HWM 0.14 GB) [123s elapsed]
[s60_b] 47: d9 (25, 4, 4, 2, 1) a=3 h_pad=14 n_chi~2093 N_S=4000 red_points=always ...
[s60_b] banked d9 (25, 4, 4, 2, 1): measured route=dense mult_det=3 mult_red(star)=3 mult_red(pts)=3 D=0 ok=True (3.4s, HWM 0.16 GB) [127s elapsed]
[s60_b] 48: d7 (15, 7, 2, 2, 2) a=6 h_pad=27 n_chi~2023 N_S=9196 red_points=always ...
[s60_b] banked d7 (15, 7, 2, 2, 2): measured route=dense mult_det=6 mult_red(star)=6 mult_red(pts)=6 D=0 ok=True (4.9s, HWM 0.16 GB) [132s elapsed]
[s60_b] 49: d9 (24, 7, 2, 2, 1) a=6 h_pad=26 n_chi~2047 N_S=3651 red_points=always ...
[s60_b] banked d9 (24, 7, 2, 2, 1): measured route=dense mult_det=6 mult_red(star)=6 mult_red(pts)=6 D=0 ok=True (3.5s, HWM 0.15 GB) [136s elapsed]
[s60_b] 50: d9 (23, 7, 4, 1, 1) a=9 h_pad=31 n_chi~2039 N_S=5616 red_points=always ...
[s60_b] banked d9 (23, 7, 4, 1, 1): measured route=dense mult_det=9 mult_red(star)=9 mult_red(pts)=9 D=0 ok=True (4.3s, HWM 0.15 GB) [140s elapsed]
[s60_b] 51: d7 (14, 8, 4, 1, 1) a=7 h_pad=28 n_chi~2133 N_S=5777 red_points=always ...
[s60_b] banked d7 (14, 8, 4, 1, 1): measured route=dense mult_det=7 mult_red(star)=7 mult_red(pts)=7 D=0 ok=True (4.4s, HWM 0.16 GB) [145s elapsed]
[s60_b] 52: d8 (17, 10, 3, 1, 1) a=8 h_pad=24 n_chi~2114 N_S=5767 red_points=always ...
[s60_b] banked d8 (17, 10, 3, 1, 1): measured route=dense mult_det=8 mult_red(star)=8 mult_red(pts)=8 D=0 ok=True (4.4s, HWM 0.16 GB) [150s elapsed]
[s60_b] 53: d8 (19, 6, 5, 1, 1) a=5 h_pad=18 n_chi~2298 N_S=6250 red_points=always ...
[s60_b] banked d8 (19, 6, 5, 1, 1): measured route=dense mult_det=5 mult_red(star)=5 mult_red(pts)=5 D=0 ok=True (4.7s, HWM 0.18 GB) [155s elapsed]
[s60_b] 54: d7 (15, 8, 2, 2, 1) a=7 h_pad=26 n_chi~2277 N_S=4098 red_points=always ...
[s60_b] banked d7 (15, 8, 2, 2, 1): measured route=dense mult_det=7 mult_red(star)=7 mult_red(pts)=7 D=0 ok=True (4.7s, HWM 0.17 GB) [160s elapsed]
[s60_b] 55: d9 (23, 6, 5, 1, 1) a=5 h_pad=18 n_chi~2427 N_S=6637 red_points=always ...
[s60_b] banked d9 (23, 6, 5, 1, 1): measured route=dense mult_det=5 mult_red(star)=5 mult_red(pts)=5 D=0 ok=True (5.4s, HWM 0.19 GB) [165s elapsed]
[s60_b] 56: d8 (19, 7, 2, 2, 2) a=9 h_pad=34 n_chi~2365 N_S=10666 red_points=always ...
[s60_b] banked d8 (19, 7, 2, 2, 2): measured route=dense mult_det=9 mult_red(star)=9 mult_red(pts)=9 D=0 ok=True (7.9s, HWM 0.19 GB) [174s elapsed]
[s60_b] 57: d8 (16, 11, 3, 1, 1) a=9 h_pad=22 n_chi~2459 N_S=6675 red_points=always ...
[s60_b] banked d8 (16, 11, 3, 1, 1): measured route=dense mult_det=9 mult_red(star)=9 mult_red(pts)=9 D=0 ok=True (6.2s, HWM 0.2 GB) [180s elapsed]
[s60_b] 58: d9 (21, 10, 3, 1, 1) a=10 h_pad=31 n_chi~2456 N_S=6731 red_points=always ...
[s60_b] banked d9 (21, 10, 3, 1, 1): measured route=dense mult_det=10 mult_red(star)=10 mult_red(pts)=10 D=0 ok=True (6.0s, HWM 0.2 GB) [186s elapsed]
[s60_b] 59: d9 (23, 7, 2, 2, 2) a=10 h_pad=37 n_chi~2528 N_S=11324 red_points=always ...
[s60_b] banked d9 (23, 7, 2, 2, 2): measured route=dense mult_det=10 mult_red(star)=10 mult_red(pts)=10 D=0 ok=True (9.3s, HWM 0.22 GB) [196s elapsed]
[s60_b] 60: d7 (13, 9, 4, 1, 1) a=10 h_pad=25 n_chi~2561 N_S=6863 red_points=always ...
[s60_b] banked d7 (13, 9, 4, 1, 1): measured route=dense mult_det=10 mult_red(star)=10 mult_red(pts)=10 D=0 ok=True (7.2s, HWM 0.21 GB) [203s elapsed]
[s60_b] 61: d8 (13, 13, 4, 1, 1) a=6 h_pad=10 n_chi~2701 N_S=14133 red_points=always ...
[s60_b] banked d8 (13, 13, 4, 1, 1): measured route=dense mult_det=6 mult_red(star)=6 mult_red(pts)=6 D=0 ok=True (9.4s, HWM 0.23 GB) [213s elapsed]
[s60_b] 62: d7 (14, 8, 2, 2, 2) a=9 h_pad=29 n_chi~2600 N_S=11875 red_points=always ...
[s60_b] banked d7 (14, 8, 2, 2, 2): measured route=dense mult_det=9 mult_red(star)=9 mult_red(pts)=9 D=0 ok=True (9.4s, HWM 0.21 GB) [223s elapsed]
[s60_b] 63: d7 (10, 10, 6, 1, 1) a=1 h_pad=6 n_chi~2924 N_S=15469 red_points=always ...
[s60_b] banked d7 (10, 10, 6, 1, 1): measured route=dense mult_det=1 mult_red(star)=1 mult_red(pts)=1 D=0 ok=True (7.3s, HWM 0.26 GB) [231s elapsed]
[s60_b] 64: d8 (15, 12, 3, 1, 1) a=6 h_pad=16 n_chi~2718 N_S=7359 red_points=always ...
[s60_b] banked d8 (15, 12, 3, 1, 1): measured route=dense mult_det=6 mult_red(star)=6 mult_red(pts)=6 D=0 ok=True (6.9s, HWM 0.23 GB) [238s elapsed]
[s60_b] 65: d7 (12, 7, 7, 1, 1) a=7 h_pad=10 n_chi~2712 N_S=14024 red_points=always ...
[s60_b] banked d7 (12, 7, 7, 1, 1): measured route=dense mult_det=7 mult_red(star)=7 mult_red(pts)=7 D=0 ok=True (10.1s, HWM 0.23 GB) [248s elapsed]
[s60_b] 66: d8 (14, 13, 3, 1, 1) a=4 h_pad=10 n_chi~2857 N_S=7723 red_points=always ...
[s60_b] banked d8 (14, 13, 3, 1, 1): measured route=dense mult_det=4 mult_red(star)=4 mult_red(pts)=4 D=0 ok=True (6.8s, HWM 0.25 GB) [255s elapsed]
[s60_b] 67: d8 (19, 8, 2, 2, 1) a=9 h_pad=33 n_chi~2676 N_S=4803 red_points=always ...
[s60_b] banked d8 (19, 8, 2, 2, 1): measured route=dense mult_det=9 mult_red(star)=9 mult_red(pts)=9 D=0 ok=True (6.7s, HWM 0.22 GB) [262s elapsed]
[s60_b] 68: d7 (14, 9, 2, 2, 1) a=7 h_pad=24 n_chi~2750 N_S=4966 red_points=always ...
[s60_b] banked d7 (14, 9, 2, 2, 1): measured route=dense mult_det=7 mult_red(star)=7 mult_red(pts)=7 D=0 ok=True (7.1s, HWM 0.23 GB) [270s elapsed]
[s60_b] 69: d8 (13, 13, 2, 2, 2) a=1 h_pad=8 n_chi~3009 N_S=29372 red_points=always ...
[s60_b] banked d8 (13, 13, 2, 2, 2): measured route=dense mult_det=1 mult_red(star)=1 mult_red(pts)=1 D=0 ok=True (9.3s, HWM 0.29 GB) [279s elapsed]
[s60_b] 70: d7 (12, 10, 4, 1, 1) a=5 h_pad=18 n_chi~2840 N_S=7613 red_points=always ...
[s60_b] banked d7 (12, 10, 4, 1, 1): measured route=dense mult_det=5 mult_red(star)=5 mult_red(pts)=5 D=0 ok=True (7.6s, HWM 0.24 GB) [287s elapsed]
[s60_b] 71: d8 (18, 8, 4, 1, 1) a=11 h_pad=40 n_chi~2640 N_S=7191 red_points=always ...
[s60_b] banked d8 (18, 8, 4, 1, 1): measured route=dense mult_det=11 mult_red(star)=11 mult_red(pts)=11 D=0 ok=True (7.6s, HWM 0.22 GB) [295s elapsed]
[s60_b] 72: d7 (15, 4, 4, 4, 1) a=4 h_pad=13 n_chi~2966 N_S=16239 red_points=always ...
[s60_b] banked d7 (15, 4, 4, 4, 1): measured route=dense mult_det=4 mult_red(star)=4 mult_red(pts)=4 D=0 ok=True (11.5s, HWM 0.28 GB) [307s elapsed]
[s60_b] 73: d7 (14, 7, 5, 1, 1) a=10 h_pad=25 n_chi~2751 N_S=7336 red_points=always ...
[s60_b] banked d7 (14, 7, 5, 1, 1): measured route=dense mult_det=10 mult_red(star)=10 mult_red(pts)=10 D=0 ok=True (8.4s, HWM 0.23 GB) [315s elapsed]
[s60_b] 74: d7 (17, 4, 3, 2, 2) a=2 h_pad=10 n_chi~3197 N_S=5768 red_points=always ...
[s60_b] banked d7 (17, 4, 3, 2, 2): measured route=dense mult_det=2 mult_red(star)=2 mult_red(pts)=2 D=0 ok=True (8.7s, HWM 0.3 GB) [324s elapsed]
[s60_b] 75: d9 (23, 8, 2, 2, 1) a=10 h_pad=36 n_chi~2879 N_S=5155 red_points=always ...
[s60_b] banked d9 (23, 8, 2, 2, 1): measured route=dense mult_det=10 mult_red(star)=10 mult_red(pts)=10 D=0 ok=True (8.2s, HWM 0.25 GB) [333s elapsed]
[s60_b] 76: d7 (13, 9, 2, 2, 2) a=6 h_pad=26 n_chi~3063 N_S=14164 red_points=always ...
[s60_b] banked d7 (13, 9, 2, 2, 2): measured route=dense mult_det=6 mult_red(star)=6 mult_red(pts)=6 D=0 ok=True (12.2s, HWM 0.27 GB) [345s elapsed]
[s60_b] 77: d7 (13, 10, 2, 2, 1) a=6 h_pad=19 n_chi~3118 N_S=5640 red_points=always ...
[s60_b] banked d7 (13, 10, 2, 2, 1): measured route=dense mult_det=6 mult_red(star)=6 mult_red(pts)=6 D=0 ok=True (9.7s, HWM 0.28 GB) [355s elapsed]
[s60_b] 78: d9 (22, 8, 4, 1, 1) a=12 h_pad=45 n_chi~2908 N_S=7962 red_points=always ...
[s60_b] banked d9 (22, 8, 4, 1, 1): measured route=dense mult_det=12 mult_red(star)=12 mult_red(pts)=12 D=0 ok=True (9.8s, HWM 0.25 GB) [365s elapsed]
[s60_b] 79: d8 (21, 4, 3, 2, 2) a=2 h_pad=10 n_chi~3360 N_S=6044 red_points=always ...
[s60_b] banked d8 (21, 4, 3, 2, 2): measured route=dense mult_det=2 mult_red(star)=2 mult_red(pts)=2 D=0 ok=True (9.4s, HWM 0.32 GB) [375s elapsed]
[s60_b] 80: d7 (12, 11, 2, 2, 1) a=3 h_pad=11 n_chi~3315 N_S=6003 red_points=always ...
[s60_b] banked d7 (12, 11, 2, 2, 1): measured route=dense mult_det=3 mult_red(star)=3 mult_red(pts)=3 D=0 ok=True (9.7s, HWM 0.31 GB) [385s elapsed]
[s60_b] 81: d7 (17, 5, 3, 2, 1) a=4 h_pad=19 n_chi~3291 N_S=3291 red_points=always ...
[s60_b] banked d7 (17, 5, 3, 2, 1): measured route=dense mult_det=4 mult_red(star)=4 mult_red(pts)=4 D=0 ok=True (9.2s, HWM 0.31 GB) [395s elapsed]
[s60_b] 82: d7 (16, 4, 4, 2, 2) a=5 h_pad=15 n_chi~3250 N_S=11158 red_points=always ...
[s60_b] banked d7 (16, 4, 4, 2, 2): measured route=dense mult_det=5 mult_red(star)=5 mult_red(pts)=5 D=0 ok=True (11.5s, HWM 0.31 GB) [406s elapsed]
[s60_b] 83: d9 (25, 4, 3, 2, 2) a=2 h_pad=10 n_chi~3401 N_S=6108 red_points=always ...
[s60_b] banked d9 (25, 4, 3, 2, 2): measured route=dense mult_det=2 mult_red(star)=2 mult_red(pts)=2 D=0 ok=True (9.7s, HWM 0.33 GB) [416s elapsed]
[s60_b] 84: d9 (20, 11, 3, 1, 1) a=13 h_pad=34 n_chi~3009 N_S=8198 red_points=always ...
[s60_b] banked d9 (20, 11, 3, 1, 1): measured route=dense mult_det=13 mult_red(star)=13 mult_red(pts)=13 D=0 ok=True (10.2s, HWM 0.27 GB) [427s elapsed]
[s60_b] 85: d7 (16, 5, 3, 3, 1) a=2 h_pad=10 n_chi~3504 N_S=7419 red_points=always ...
[s60_b] banked d7 (16, 5, 3, 3, 1): measured route=dense mult_det=2 mult_red(star)=2 mult_red(pts)=2 D=0 ok=True (11.1s, HWM 0.35 GB) [438s elapsed]
[s60_b] 86: d8 (19, 4, 4, 4, 1) a=5 h_pad=15 n_chi~3411 N_S=18630 red_points=always ...
[s60_b] banked d8 (19, 4, 4, 4, 1): measured route=dense mult_det=5 mult_red(star)=5 mult_red(pts)=5 D=0 ok=True (16.2s, HWM 0.35 GB) [455s elapsed]
[s60_b] 87: d8 (21, 5, 3, 2, 1) a=4 h_pad=19 n_chi~3475 N_S=3475 red_points=always ...
[s60_b] banked d8 (21, 5, 3, 2, 1): measured route=dense mult_det=4 mult_red(star)=4 mult_red(pts)=4 D=0 ok=True (10.6s, HWM 0.34 GB) [466s elapsed]
[s60_b] 88: d9 (25, 5, 3, 2, 1) a=4 h_pad=19 n_chi~3524 N_S=3524 red_points=always ...
[s60_b] banked d9 (25, 5, 3, 2, 1): measured route=dense mult_det=4 mult_red(star)=4 mult_red(pts)=4 D=0 ok=True (10.6s, HWM 0.35 GB) [476s elapsed]
[s60_b] 89: d7 (12, 10, 2, 2, 2) a=7 h_pad=17 n_chi~3414 N_S=15771 red_points=always ...
[s60_b] banked d7 (12, 10, 2, 2, 2): measured route=dense mult_det=7 mult_red(star)=7 mult_red(pts)=7 D=0 ok=True (15.6s, HWM 0.32 GB) [492s elapsed]
[s60_b] 90: d9 (23, 4, 4, 4, 1) a=5 h_pad=15 n_chi~3587 N_S=19525 red_points=always ...
[s60_b] banked d9 (23, 4, 4, 4, 1): measured route=dense mult_det=5 mult_red(star)=5 mult_red(pts)=5 D=0 ok=True (17.7s, HWM 0.35 GB) [510s elapsed]
[s60_b] 91: d8 (20, 4, 4, 2, 2) a=6 h_pad=16 n_chi~3553 N_S=12141 red_points=always ...
[s60_b] banked d8 (20, 4, 4, 2, 2): measured route=dense mult_det=6 mult_red(star)=6 mult_red(pts)=6 D=0 ok=True (14.6s, HWM 0.36 GB) [525s elapsed]
[s60_b] 92: d8 (18, 8, 2, 2, 2) a=14 h_pad=43 n_chi~3238 N_S=14694 red_points=always ...
[s60_b] banked d8 (18, 8, 2, 2, 2): measured route=dense mult_det=14 mult_red(star)=14 mult_red(pts)=14 D=0 ok=True (17.0s, HWM 0.3 GB) [542s elapsed]
[s60_b] 93: d8 (20, 5, 3, 3, 1) a=2 h_pad=10 n_chi~3821 N_S=8111 red_points=always ...
[s60_b] banked d8 (20, 5, 3, 3, 1): measured route=dense mult_det=2 mult_red(star)=2 mult_red(pts)=2 D=0 ok=True (13.4s, HWM 0.4 GB) [556s elapsed]
[s60_b] 94: d9 (24, 4, 4, 2, 2) a=6 h_pad=16 n_chi~3651 N_S=12436 red_points=always ...
[s60_b] banked d9 (24, 4, 4, 2, 2): measured route=dense mult_det=6 mult_red(star)=6 mult_red(pts)=6 D=0 ok=True (15.0s, HWM 0.37 GB) [571s elapsed]
[s60_b] 95: d8 (18, 9, 2, 2, 1) a=11 h_pad=37 n_chi~3440 N_S=6198 red_points=always ...
[s60_b] banked d8 (18, 9, 2, 2, 1): measured route=dense mult_det=11 mult_red(star)=11 mult_red(pts)=11 D=0 ok=True (12.5s, HWM 0.34 GB) [584s elapsed]
[s60_b] 96: d7 (13, 8, 5, 1, 1) a=10 h_pad=27 n_chi~3485 N_S=9228 red_points=always ...
[s60_b] banked d7 (13, 8, 5, 1, 1): measured route=dense mult_det=10 mult_red(star)=10 mult_red(pts)=10 D=0 ok=True (13.8s, HWM 0.34 GB) [598s elapsed]
[s60_b] 97: d9 (24, 5, 3, 3, 1) a=2 h_pad=10 n_chi~3920 N_S=8336 red_points=always ...
[s60_b] banked d9 (24, 5, 3, 3, 1): measured route=dense mult_det=2 mult_red(star)=2 mult_red(pts)=2 D=0 ok=True (14.2s, HWM 0.42 GB) [613s elapsed]
[s60_b] 98: d7 (9, 9, 8, 1, 1) a=2 h_pad=1 n_chi~3969 N_S=20299 red_points=always ...
[s60_b] banked d7 (9, 9, 8, 1, 1): measured route=dense mult_det=2 mult_red(star)=1 mult_red(pts)=1 D=-1 ok=True (16.2s, HWM 0.43 GB) [629s elapsed]
[s60_b] 99: d8 (18, 7, 5, 1, 1) a=14 h_pad=35 n_chi~3394 N_S=9110 red_points=always ...
[s60_b] banked d8 (18, 7, 5, 1, 1): measured route=dense mult_det=14 mult_red(star)=14 mult_red(pts)=14 D=0 ok=True (14.1s, HWM 0.33 GB) [643s elapsed]
[s60_b] 100: d9 (19, 12, 3, 1, 1) a=12 h_pad=32 n_chi~3531 N_S=9587 red_points=always ...
[s60_b] banked d9 (19, 12, 3, 1, 1): measured route=dense mult_det=12 mult_red(star)=12 mult_red(pts)=12 D=0 ok=True (15.6s, HWM 0.35 GB) [659s elapsed]
[s60_b] 101: d8 (17, 9, 4, 1, 1) a=17 h_pad=46 n_chi~3419 N_S=9203 red_points=always ...
[s60_b] banked d8 (17, 9, 4, 1, 1): measured route=dense mult_det=17 mult_red(star)=17 mult_red(pts)=17 D=0 ok=True (15.8s, HWM 0.33 GB) [675s elapsed]
[s60_b] 102: d9 (22, 8, 2, 2, 2) a=17 h_pad=50 n_chi~3588 N_S=16184 red_points=always ...
[s60_b] banked d9 (22, 8, 2, 2, 2): measured route=dense mult_det=17 mult_red(star)=17 mult_red(pts)=17 D=0 ok=True (22.0s, HWM 0.36 GB) [698s elapsed]
[s60_b] 103: d7 (16, 4, 4, 3, 1) a=2 h_pad=13 n_chi~4384 N_S=8475 red_points=always ...
[s60_b] banked d7 (16, 4, 4, 3, 1): measured route=sparse mult_det=2 mult_red(star)=2 mult_red(pts)=2 D=0 ok=True (7.1s, HWM 0.07 GB) [705s elapsed]
[s60_b] 104: d9 (22, 7, 5, 1, 1) a=15 h_pad=38 n_chi~3718 N_S=10036 red_points=always ...
[s60_b] banked d9 (22, 7, 5, 1, 1): measured route=dense mult_det=15 mult_red(star)=15 mult_red(pts)=15 D=0 ok=True (17.2s, HWM 0.38 GB) [723s elapsed]
[s60_b] 105: d7 (13, 7, 6, 1, 1) a=8 h_pad=19 n_chi~4052 N_S=10686 red_points=always ...
[s60_b] banked d7 (13, 7, 6, 1, 1): measured route=sparse mult_det=8 mult_red(star)=8 mult_red(pts)=8 D=0 ok=True (5.9s, HWM 0.07 GB) [729s elapsed]
[s60_b] 106: d9 (22, 9, 2, 2, 1) a=13 h_pad=44 n_chi~3842 N_S=6907 red_points=always ...
[s60_b] banked d9 (22, 9, 2, 2, 1): measured route=dense mult_det=13 mult_red(star)=13 mult_red(pts)=13 D=0 ok=True (16.0s, HWM 0.41 GB) [745s elapsed]
[s60_b] 107: d7 (12, 9, 5, 1, 1) a=10 h_pad=23 n_chi~4072 N_S=10724 red_points=always ...
[s60_b] banked d7 (12, 9, 5, 1, 1): measured route=sparse mult_det=10 mult_red(star)=10 mult_red(pts)=10 D=0 ok=True (6.7s, HWM 0.07 GB) [752s elapsed]
[s60_b] 108: d9 (18, 13, 3, 1, 1) a=12 h_pad=29 n_chi~3978 N_S=10766 red_points=always ...
[s60_b] banked d9 (18, 13, 3, 1, 1): measured route=dense mult_det=12 mult_red(star)=12 mult_red(pts)=12 D=0 ok=True (18.4s, HWM 0.43 GB) [771s elapsed]
[s60_b] 109: d8 (16, 7, 7, 1, 1) a=13 h_pad=21 n_chi~3946 N_S=20517 red_points=always ...
[s60_b] banked d8 (16, 7, 7, 1, 1): measured route=dense mult_det=13 mult_red(star)=13 mult_red(pts)=13 D=0 ok=True (25.2s, HWM 0.43 GB) [796s elapsed]
[s60_b] 110: d7 (11, 10, 5, 1, 1) a=6 h_pad=14 n_chi~4398 N_S=11555 red_points=always ...
[s60_b] banked d7 (11, 10, 5, 1, 1): measured route=sparse mult_det=6 mult_red(star)=6 mult_red(pts)=6 D=0 ok=True (6.9s, HWM 0.07 GB) [803s elapsed]
[s60_b] 111: d9 (16, 15, 3, 1, 1) a=5 h_pad=11 n_chi~4478 N_S=12085 red_points=always ...
[s60_b] banked d9 (16, 15, 3, 1, 1): measured route=sparse mult_det=5 mult_red(star)=5 mult_red(pts)=5 D=0 ok=True (6.9s, HWM 0.07 GB) [811s elapsed]
[s60_b] 112: d9 (17, 14, 3, 1, 1) a=9 h_pad=22 n_chi~4304 N_S=11627 red_points=always ...
[s60_b] banked d9 (17, 14, 3, 1, 1): measured route=sparse mult_det=9 mult_red(star)=9 mult_red(pts)=9 D=0 ok=True (7.0s, HWM 0.07 GB) [818s elapsed]
[s60_b] 113: d8 (17, 9, 2, 2, 2) a=13 h_pad=46 n_chi~4107 N_S=18911 red_points=always ...
[s60_b] banked d8 (17, 9, 2, 2, 2): measured route=sparse mult_det=13 mult_red(star)=13 mult_red(pts)=13 D=0 ok=True (22.1s, HWM 0.07 GB) [840s elapsed]
[s60_b] 114: d8 (20, 4, 4, 3, 1) a=2 h_pad=13 n_chi~4787 N_S=9241 red_points=always ...
[s60_b] banked d8 (20, 4, 4, 3, 1): measured route=sparse mult_det=2 mult_red(star)=2 mult_red(pts)=2 D=0 ok=True (8.2s, HWM 0.07 GB) [849s elapsed]
[s60_b] 115: d8 (17, 10, 2, 2, 1) a=12 h_pad=38 n_chi~4192 N_S=7572 red_points=always ...
[s60_b] banked d8 (17, 10, 2, 2, 1): measured route=sparse mult_det=12 mult_red(star)=12 mult_red(pts)=12 D=0 ok=True (7.4s, HWM 0.07 GB) [856s elapsed]
[s60_b] 116: d9 (15, 15, 4, 1, 1) a=9 h_pad=12 n_chi~4415 N_S=23136 red_points=always ...
[s60_b] banked d9 (15, 15, 4, 1, 1): measured route=sparse mult_det=9 mult_red(star)=8 mult_red(pts)=8 D=-1 ok=True (17.2s, HWM 0.07 GB) [874s elapsed]
[s60_b] 117: d9 (24, 4, 4, 3, 1) a=2 h_pad=13 n_chi~4916 N_S=9479 red_points=always ...
[s60_b] banked d9 (24, 4, 4, 3, 1): measured route=sparse mult_det=2 mult_red(star)=2 mult_red(pts)=2 D=0 ok=True (7.4s, HWM 0.07 GB) [881s elapsed]
[s60_b] 118: d9 (15, 15, 2, 2, 2) a=2 h_pad=12 n_chi~4964 N_S=48120 red_points=always ...
[s60_b] banked d9 (15, 15, 2, 2, 2): measured route=sparse mult_det=2 mult_red(star)=2 mult_red(pts)=2 D=0 ok=True (19.2s, HWM 0.08 GB) [901s elapsed]
[s60_b] 119: d8 (16, 10, 4, 1, 1) a=16 h_pad=46 n_chi~4145 N_S=11130 red_points=always ...
[s60_b] banked d8 (16, 10, 4, 1, 1): measured route=sparse mult_det=16 mult_red(star)=16 mult_red(pts)=16 D=0 ok=True (8.0s, HWM 0.07 GB) [909s elapsed]
[s60_b] 120: d9 (21, 9, 4, 1, 1) a=21 h_pad=58 n_chi~3940 N_S=10662 red_points=always ...
[s60_b] banked d9 (21, 9, 4, 1, 1): measured route=dense mult_det=21 mult_red(star)=21 mult_red(pts)=21 D=0 ok=True (21.3s, HWM 0.43 GB) [931s elapsed]
[s60_b] 121: d7 (15, 5, 5, 2, 1) a=5 h_pad=22 n_chi~5106 N_S=10472 red_points=always ...
[s60_b] banked d7 (15, 5, 5, 2, 1): measured route=sparse mult_det=5 mult_red(star)=5 mult_red(pts)=5 D=0 ok=True (9.1s, HWM 0.07 GB) [940s elapsed]
[s60_b] 122: d7 (12, 8, 6, 1, 1) a=7 h_pad=21 n_chi~5001 N_S=13143 red_points=always ...
[s60_b] banked d7 (12, 8, 6, 1, 1): measured route=sparse mult_det=7 mult_red(star)=7 mult_red(pts)=7 D=0 ok=True (9.3s, HWM 0.07 GB) [950s elapsed]
[s60_b] 123: d7 (16, 6, 3, 2, 1) a=7 h_pad=32 n_chi~5022 N_S=5022 red_points=always ...
[s60_b] banked d7 (16, 6, 3, 2, 1): measured route=sparse mult_det=7 mult_red(star)=7 mult_red(pts)=7 D=0 ok=True (8.3s, HWM 0.07 GB) [958s elapsed]
[s60_b] 124: d7 (15, 6, 3, 3, 1) a=3 h_pad=18 n_chi~5343 N_S=11269 red_points=always ...
[s60_b] banked d7 (15, 6, 3, 3, 1): measured route=sparse mult_det=3 mult_red(star)=3 mult_red(pts)=3 D=0 ok=True (11.1s, HWM 0.07 GB) [970s elapsed]
[s60_b] 125: d7 (16, 5, 3, 2, 2) a=3 h_pad=21 n_chi~5356 N_S=9750 red_points=always ...
[s60_b] banked d7 (16, 5, 3, 2, 2): measured route=sparse mult_det=3 mult_red(star)=3 mult_red(pts)=3 D=0 ok=True (10.0s, HWM 0.07 GB) [980s elapsed]
[s60_b] 126: d8 (16, 11, 2, 2, 1) a=11 h_pad=34 n_chi~4848 N_S=8776 red_points=always ...
[s60_b] banked d8 (16, 11, 2, 2, 1): measured route=sparse mult_det=11 mult_red(star)=11 mult_red(pts)=11 D=0 ok=True (11.8s, HWM 0.07 GB) [992s elapsed]
[s60_b] 127: d8 (17, 8, 5, 1, 1) a=18 h_pad=48 n_chi~4644 N_S=12360 red_points=always ...
[s60_b] banked d8 (17, 8, 5, 1, 1): measured route=sparse mult_det=18 mult_red(star)=18 mult_red(pts)=18 D=0 ok=True (10.2s, HWM 0.07 GB) [1003s elapsed]
[s60_b] 128: d8 (14, 12, 4, 1, 1) a=9 h_pad=26 n_chi~5163 N_S=13771 red_points=always ...
[s60_b] banked d8 (14, 12, 4, 1, 1): measured route=sparse mult_det=9 mult_red(star)=9 mult_red(pts)=9 D=0 ok=True (10.1s, HWM 0.07 GB) [1013s elapsed]
[s60_b] 129: d9 (20, 7, 7, 1, 1) a=17 h_pad=29 n_chi~4753 N_S=24865 red_points=always ...
[s60_b] banked d9 (20, 7, 7, 1, 1): measured route=sparse mult_det=17 mult_red(star)=17 mult_red(pts)=17 D=0 ok=True (12.0s, HWM 0.07 GB) [1025s elapsed]
[s60_b] 130: d9 (21, 9, 2, 2, 2) a=18 h_pad=60 n_chi~4764 N_S=21793 red_points=always ...
[s60_b] banked d9 (21, 9, 2, 2, 2): measured route=sparse mult_det=18 mult_red(star)=18 mult_red(pts)=18 D=0 ok=True (32.3s, HWM 0.07 GB) [1058s elapsed]
[s60_b] 131: d8 (15, 11, 4, 1, 1) a=18 h_pad=40 n_chi~4767 N_S=12706 red_points=always ...
[s60_b] banked d8 (15, 11, 4, 1, 1): measured route=sparse mult_det=18 mult_red(star)=18 mult_red(pts)=18 D=0 ok=True (11.3s, HWM 0.07 GB) [1070s elapsed]
[s60_b] 132: d8 (14, 13, 2, 2, 1) a=5 h_pad=14 n_chi~5606 N_S=10167 red_points=always ...
[s60_b] banked d8 (14, 13, 2, 2, 1): measured route=sparse mult_det=5 mult_red(star)=5 mult_red(pts)=5 D=0 ok=True (11.3s, HWM 0.07 GB) [1081s elapsed]
[s60_b] 133: d9 (21, 10, 2, 2, 1) a=16 h_pad=51 n_chi~4894 N_S=8822 red_points=always ...
[s60_b] banked d9 (21, 10, 2, 2, 1): measured route=sparse mult_det=16 mult_red(star)=16 mult_red(pts)=16 D=0 ok=True (11.3s, HWM 0.07 GB) [1093s elapsed]
[s60_b] 134: d8 (15, 12, 2, 2, 1) a=9 h_pad=26 n_chi~5343 N_S=9683 red_points=always ...
[s60_b] banked d8 (15, 12, 2, 2, 1): measured route=sparse mult_det=9 mult_red(star)=9 mult_red(pts)=9 D=0 ok=True (11.2s, HWM 0.07 GB) [1104s elapsed]
[s60_b] 135: d8 (20, 6, 3, 2, 1) a=8 h_pad=35 n_chi~5531 N_S=5531 red_points=always ...
[s60_b] banked d8 (20, 6, 3, 2, 1): measured route=sparse mult_det=8 mult_red(star)=8 mult_red(pts)=8 D=0 ok=True (10.2s, HWM 0.07 GB) [1115s elapsed]
[s60_b] 136: d8 (16, 10, 2, 2, 2) a=17 h_pad=45 n_chi~4983 N_S=22999 red_points=always ...
[s60_b] banked d8 (16, 10, 2, 2, 2): measured route=sparse mult_det=17 mult_red(star)=17 mult_red(pts)=17 D=0 ok=True (36.1s, HWM 0.07 GB) [1151s elapsed]
[s60_b] 137: d8 (20, 5, 3, 2, 2) a=4 h_pad=23 n_chi~5863 N_S=10638 red_points=always ...
[s60_b] banked d8 (20, 5, 3, 2, 2): measured route=sparse mult_det=4 mult_red(star)=4 mult_red(pts)=4 D=0 ok=True (10.7s, HWM 0.07 GB) [1162s elapsed]
[s60_b] 138: d9 (24, 5, 3, 2, 2) a=4 h_pad=23 n_chi~6029 N_S=10918 red_points=always ...
[s60_b] banked d9 (24, 5, 3, 2, 2): measured route=sparse mult_det=4 mult_red(star)=4 mult_red(pts)=4 D=0 ok=True (11.2s, HWM 0.07 GB) [1173s elapsed]
[s60_b] 139: d9 (24, 6, 3, 2, 1) a=8 h_pad=35 n_chi~5716 N_S=5716 red_points=always ...
[s60_b] banked d9 (24, 6, 3, 2, 1): measured route=sparse mult_det=8 mult_red(star)=8 mult_red(pts)=8 D=0 ok=True (10.6s, HWM 0.07 GB) [1184s elapsed]
[s60_b] 140: d8 (17, 7, 6, 1, 1) a=13 h_pad=33 n_chi~5395 N_S=14304 red_points=always ...
[s60_b] banked d8 (17, 7, 6, 1, 1): measured route=sparse mult_det=13 mult_red(star)=13 mult_red(pts)=13 D=0 ok=True (12.2s, HWM 0.07 GB) [1197s elapsed]
[s60_b] 141: d8 (12, 12, 6, 1, 1) a=4 h_pad=11 n_chi~6089 N_S=31933 red_points=always ...
[s60_b] banked d8 (12, 12, 6, 1, 1): measured route=sparse mult_det=4 mult_red(star)=4 mult_red(pts)=4 D=0 ok=True (15.2s, HWM 0.07 GB) [1212s elapsed]
[s60_b] 142: d7 (11, 9, 6, 1, 1) a=9 h_pad=16 n_chi~5687 N_S=14837 red_points=always ...
[s60_b] banked d7 (11, 9, 6, 1, 1): measured route=sparse mult_det=9 mult_red(star)=9 mult_red(pts)=9 D=0 ok=True (12.8s, HWM 0.07 GB) [1225s elapsed]
[s60_b] 143: d7 (11, 11, 3, 2, 1) a=4 h_pad=12 n_chi~6101 N_S=12310 red_points=always ...
[s60_b] banked d7 (11, 11, 3, 2, 1): measured route=sparse mult_det=4 mult_red(star)=4 mult_red(pts)=4 D=0 ok=True (13.9s, HWM 0.07 GB) [1239s elapsed]
[s60_b] 144: d8 (19, 5, 5, 2, 1) a=7 h_pad=26 n_chi~5895 N_S=12095 red_points=always ...
[s60_b] banked d8 (19, 5, 5, 2, 1): measured route=sparse mult_det=7 mult_red(star)=7 mult_red(pts)=7 D=0 ok=True (13.0s, HWM 0.07 GB) [1253s elapsed]
[s60_b] 145: d8 (19, 6, 3, 3, 1) a=4 h_pad=21 n_chi~6154 N_S=13005 red_points=always ...
[s60_b] banked d8 (19, 6, 3, 3, 1): measured route=sparse mult_det=4 mult_red(star)=4 mult_red(pts)=4 D=0 ok=True (12.4s, HWM 0.07 GB) [1266s elapsed]
[s60_b] 146: d8 (15, 11, 2, 2, 2) a=11 h_pad=37 n_chi~5653 N_S=26335 red_points=always ...
[s60_b] banked d8 (15, 11, 2, 2, 2): measured route=sparse mult_det=11 mult_red(star)=11 mult_red(pts)=11 D=0 ok=True (42.4s, HWM 0.07 GB) [1308s elapsed]
[s60_b] 147: d9 (20, 10, 4, 1, 1) a=23 h_pad=68 n_chi~5040 N_S=13587 red_points=always ...
[s60_b] banked d9 (20, 10, 4, 1, 1): measured route=sparse mult_det=23 mult_red(star)=23 mult_red(pts)=23 D=0 ok=True (13.7s, HWM 0.07 GB) [1322s elapsed]
[s60_b] 148: d9 (23, 5, 5, 2, 1) a=7 h_pad=26 n_chi~6208 N_S=12749 red_points=always ...
[s60_b] banked d9 (23, 5, 5, 2, 1): measured route=sparse mult_det=7 mult_red(star)=7 mult_red(pts)=7 D=0 ok=True (17.2s, HWM 0.07 GB) [1340s elapsed]
[s60_b] 149: d9 (23, 6, 3, 3, 1) a=4 h_pad=21 n_chi~6477 N_S=13715 red_points=always ...
[s60_b] banked d9 (23, 6, 3, 3, 1): measured route=sparse mult_det=4 mult_red(star)=4 mult_red(pts)=4 D=0 ok=True (27.1s, HWM 0.07 GB) [1367s elapsed]
[s60_b] 150: d9 (21, 8, 5, 1, 1) a=22 h_pad=59 n_chi~5323 N_S=14247 red_points=always ...
[s60_b] banked d9 (21, 8, 5, 1, 1): measured route=sparse mult_det=22 mult_red(star)=22 mult_red(pts)=22 D=0 ok=True (35.0s, HWM 0.07 GB) [1402s elapsed]
[s60_b] 151: d7 (11, 8, 7, 1, 1) a=6 h_pad=12 n_chi~6452 N_S=16757 red_points=always ...
[s60_b] banked d7 (11, 8, 7, 1, 1): measured route=sparse mult_det=6 mult_red(star)=6 mult_red(pts)=6 D=0 ok=True (15.5s, HWM 0.07 GB) [1418s elapsed]
[s60_b] 152: d7 (16, 5, 4, 2, 1) a=8 h_pad=34 n_chi~6290 N_S=6290 red_points=always ...
[s60_b] banked d7 (16, 5, 4, 2, 1): measured route=sparse mult_det=8 mult_red(star)=8 mult_red(pts)=8 D=0 ok=True (13.5s, HWM 0.07 GB) [1432s elapsed]
[s60_b] 153: d8 (14, 12, 2, 2, 2) a=11 h_pad=25 n_chi~6151 N_S=28617 red_points=always ...
[s60_b] banked d8 (14, 12, 2, 2, 2): measured route=sparse mult_det=11 mult_red(star)=11 mult_red(pts)=11 D=0 ok=True (50.3s, HWM 0.07 GB) [1483s elapsed]
[s60_b] 154: d8 (14, 8, 8, 1, 1) a=5 h_pad=15 n_chi~6791 N_S=35388 red_points=always ...
[s60_b] banked d8 (14, 8, 8, 1, 1): measured route=sparse mult_det=5 mult_red(star)=5 mult_red(pts)=5 D=0 ok=True (18.9s, HWM 0.08 GB) [1502s elapsed]
[s60_b] 155: d9 (20, 11, 2, 2, 1) a=17 h_pad=53 n_chi~5954 N_S=10761 red_points=always ...
[s60_b] banked d9 (20, 11, 2, 2, 1): measured route=sparse mult_det=17 mult_red(star)=17 mult_red(pts)=17 D=0 ok=True (17.3s, HWM 0.07 GB) [1519s elapsed]
[s60_b] 156: d7 (10, 9, 7, 1, 1) a=4 h_pad=7 n_chi~7068 N_S=18305 red_points=always ...
[s60_b] banked d7 (10, 9, 7, 1, 1): measured route=sparse mult_det=4 mult_red(star)=4 mult_red(pts)=4 D=0 ok=True (17.7s, HWM 0.07 GB) [1537s elapsed]
[s60_b] 157: d9 (21, 7, 6, 1, 1) a=16 h_pad=40 n_chi~6167 N_S=16447 red_points=always ...
[s60_b] banked d9 (21, 7, 6, 1, 1): measured route=sparse mult_det=16 mult_red(star)=16 mult_red(pts)=16 D=0 ok=True (29.3s, HWM 0.07 GB) [1567s elapsed]
[s60_b] 158: d8 (20, 5, 4, 2, 1) a=9 h_pad=36 n_chi~6894 N_S=6894 red_points=always ...
[s60_b] banked d8 (20, 5, 4, 2, 1): measured route=sparse mult_det=9 mult_red(star)=9 mult_red(pts)=9 D=0 ok=True (16.2s, HWM 0.07 GB) [1583s elapsed]
[s60_b] 159: d8 (16, 9, 5, 1, 1) a=24 h_pad=54 n_chi~5937 N_S=15684 red_points=always ...
[s60_b] banked d8 (16, 9, 5, 1, 1): measured route=sparse mult_det=24 mult_red(star)=24 mult_red(pts)=24 D=0 ok=True (19.5s, HWM 0.07 GB) [1603s elapsed]
[s60_b] 160: d9 (24, 5, 4, 2, 1) a=9 h_pad=36 n_chi~7095 N_S=7095 red_points=always ...
[s60_b] banked d9 (24, 5, 4, 2, 1): measured route=sparse mult_det=9 mult_red(star)=9 mult_red(pts)=9 D=0 ok=True (17.3s, HWM 0.07 GB) [1621s elapsed]
[s60_b] 161: d7 (15, 7, 3, 2, 1) a=11 h_pad=44 n_chi~6983 N_S=6983 red_points=always ...
[s60_b] banked d7 (15, 7, 3, 2, 1): measured route=sparse mult_det=11 mult_red(star)=11 mult_red(pts)=11 D=0 ok=True (19.0s, HWM 0.07 GB) [1640s elapsed]
[s60_b] 162: d7 (14, 7, 3, 3, 1) a=7 h_pad=26 n_chi~7398 N_S=15542 red_points=always ...
[s60_b] banked d7 (14, 7, 3, 3, 1): measured route=sparse mult_det=7 mult_red(star)=7 mult_red(pts)=7 D=0 ok=True (20.6s, HWM 0.07 GB) [1661s elapsed]
[s60_b] 163: d9 (20, 10, 2, 2, 2) a=25 h_pad=66 n_chi~6079 N_S=27936 red_points=always ...
[s60_b] banked d9 (20, 10, 2, 2, 2): measured route=sparse mult_det=25 mult_red(star)=25 mult_red(pts)=25 D=0 ok=True (61.5s, HWM 0.07 GB) [1723s elapsed]
[s60_b] 164: d7 (14, 5, 5, 2, 2) a=2 h_pad=20 n_chi~8151 N_S=31165 red_points=always ...
[s60_b] banked d7 (14, 5, 5, 2, 2): measured route=sparse mult_det=2 mult_red(star)=2 mult_red(pts)=2 D=0 ok=True (29.6s, HWM 0.07 GB) [1753s elapsed]
[s60_b] 165: d9 (19, 11, 4, 1, 1) a=31 h_pad=71 n_chi~6162 N_S=16483 red_points=always ...
[s60_b] banked d9 (19, 11, 4, 1, 1): measured route=sparse mult_det=31 mult_red(star)=31 mult_red(pts)=31 D=0 ok=True (23.7s, HWM 0.07 GB) [1777s elapsed]
[s60_b] 166: d9 (19, 12, 2, 2, 1) a=18 h_pad=51 n_chi~6960 N_S=12599 red_points=always ...
[s60_b] banked d9 (19, 12, 2, 2, 1): measured route=sparse mult_det=18 mult_red(star)=18 mult_red(pts)=18 D=0 ok=True (29.0s, HWM 0.07 GB) [1806s elapsed]
[s60_b] 167: d7 (15, 6, 3, 2, 2) a=8 h_pad=36 n_chi~8123 N_S=14862 red_points=always ...
[s60_b] banked d7 (15, 6, 3, 2, 2): measured route=sparse mult_det=8 mult_red(star)=8 mult_red(pts)=8 D=0 ok=True (24.4s, HWM 0.07 GB) [1831s elapsed]
[s60_b] 168: d8 (16, 8, 6, 1, 1) a=18 h_pad=48 n_chi~7294 N_S=19226 red_points=always ...
[s60_b] banked d8 (16, 8, 6, 1, 1): measured route=sparse mult_det=18 mult_red(star)=18 mult_red(pts)=18 D=0 ok=True (26.4s, HWM 0.07 GB) [1857s elapsed]
[s60_b] 169: d8 (15, 10, 5, 1, 1) a=24 h_pad=53 n_chi~7113 N_S=18702 red_points=always ...
[s60_b] banked d8 (15, 10, 5, 1, 1): measured route=sparse mult_det=24 mult_red(star)=24 mult_red(pts)=24 D=0 ok=True (28.5s, HWM 0.07 GB) [1886s elapsed]
[s60_b] 170: d9 (16, 15, 2, 2, 1) a=6 h_pad=17 n_chi~8764 N_S=15908 red_points=always ...
[s60_b] banked d9 (16, 15, 2, 2, 1): measured route=sparse mult_det=6 mult_red(star)=6 mult_red(pts)=6 D=0 ok=True (28.8s, HWM 0.07 GB) [1915s elapsed]
[s60_b] 171: d9 (19, 11, 2, 2, 2) a=22 h_pad=67 n_chi~7332 N_S=34024 red_points=always ...
[s60_b] banked d9 (19, 11, 2, 2, 2): measured route=sparse mult_det=22 mult_red(star)=22 mult_red(pts)=22 D=0 ok=True (86.6s, HWM 0.08 GB) [2002s elapsed]
[s60_b] 172: d7 (14, 4, 4, 4, 2) a=6 h_pad=15 n_chi~8812 N_S=48844 red_points=always ...
[s60_b] banked d7 (14, 4, 4, 4, 2): measured route=sparse mult_det=6 mult_red(star)=6 mult_red(pts)=6 D=0 ok=True (67.7s, HWM 0.08 GB) [2070s elapsed]
[s60_b] 173: d9 (18, 13, 2, 2, 1) a=16 h_pad=44 n_chi~7811 N_S=14160 red_points=always ...
[s60_b] banked d9 (18, 13, 2, 2, 1): measured route=sparse mult_det=16 mult_red(star)=16 mult_red(pts)=16 D=0 ok=True (29.8s, HWM 0.07 GB) [2100s elapsed]
[s60_b] 174: d9 (18, 12, 4, 1, 1) a=26 h_pad=66 n_chi~7168 N_S=19147 red_points=always ...
[s60_b] banked d9 (18, 12, 4, 1, 1): measured route=sparse mult_det=26 mult_red(star)=26 mult_red(pts)=26 D=0 ok=True (29.6s, HWM 0.07 GB) [2130s elapsed]
[s60_b] 175: d8 (19, 7, 3, 2, 1) a=14 h_pad=54 n_chi~8117 N_S=8117 red_points=always ...
[s60_b] banked d8 (19, 7, 3, 2, 1): measured route=sparse mult_det=14 mult_red(star)=14 mult_red(pts)=14 D=0 ok=True (28.1s, HWM 0.07 GB) [2159s elapsed]
[s60_b] 176: d8 (13, 12, 5, 1, 1) a=11 h_pad=22 n_chi~8503 N_S=22246 red_points=always ...
[s60_b] banked d8 (13, 12, 5, 1, 1): measured route=sparse mult_det=11 mult_red(star)=11 mult_red(pts)=11 D=0 ok=True (31.1s, HWM 0.07 GB) [2190s elapsed]
[s60_b] 177: d9 (17, 14, 2, 2, 1) a=12 h_pad=33 n_chi~8434 N_S=15302 red_points=always ...
[s60_b] banked d9 (17, 14, 2, 2, 1): measured route=sparse mult_det=12 mult_red(star)=12 mult_red(pts)=12 D=0 ok=True (32.1s, HWM 0.07 GB) [2222s elapsed]
[s60_b] 178: d9 (16, 14, 4, 1, 1) a=14 h_pad=36 n_chi~8523 N_S=22666 red_points=always ...
[s60_b] banked d9 (16, 14, 4, 1, 1): measured route=sparse mult_det=14 mult_red(star)=14 mult_red(pts)=14 D=0 ok=True (33.9s, HWM 0.07 GB) [2257s elapsed]
[s60_b] 179: d7 (12, 4, 4, 4, 4) a=4 h_pad=4 n_chi~9738 N_S=205616 red_points=always ...
[s60_b] banked d7 (12, 4, 4, 4, 4): measured route=sparse mult_det=4 mult_red(star)=3 mult_red(pts)=3 D=-1 ok=True (173.7s, HWM 0.14 GB) [2430s elapsed]
[s60_b] 180: d7 (13, 8, 3, 3, 1) a=7 h_pad=27 n_chi~9385 N_S=19678 red_points=always ...
[s60_b] banked d7 (13, 8, 3, 3, 1): measured route=sparse mult_det=7 mult_red(star)=7 mult_red(pts)=7 D=0 ok=True (34.3s, HWM 0.07 GB) [2465s elapsed]
[s60_b] 181: d9 (20, 9, 5, 1, 1) a=34 h_pad=78 n_chi~7183 N_S=19068 red_points=always ...
[s60_b] banked d9 (20, 9, 5, 1, 1): measured route=sparse mult_det=34 mult_red(star)=34 mult_red(pts)=34 D=0 ok=True (79.1s, HWM 0.08 GB) [2544s elapsed]
[s60_b] 182: d8 (18, 7, 3, 3, 1) a=10 h_pad=36 n_chi~9105 N_S=19159 red_points=always ...
[s60_b] banked d8 (18, 7, 3, 3, 1): measured route=sparse mult_det=10 mult_red(star)=10 mult_red(pts)=10 D=0 ok=True (33.3s, HWM 0.07 GB) [2578s elapsed]
[s60_b] 183: d8 (14, 11, 5, 1, 1) a=22 h_pad=43 n_chi~8013 N_S=20993 red_points=always ...
[s60_b] banked d8 (14, 11, 5, 1, 1): measured route=sparse mult_det=22 mult_red(star)=22 mult_red(pts)=22 D=0 ok=True (35.0s, HWM 0.07 GB) [2613s elapsed]
[s60_b] 184: d9 (23, 7, 3, 2, 1) a=15 h_pad=57 n_chi~8630 N_S=8630 red_points=always ...
[s60_b] banked d9 (23, 7, 3, 2, 1): measured route=sparse mult_det=15 mult_red(star)=15 mult_red(pts)=15 D=0 ok=True (31.5s, HWM 0.07 GB) [2645s elapsed]
[s60_b] 185: d8 (18, 5, 5, 2, 2) a=4 h_pad=29 n_chi~10016 N_S=38185 red_points=always ...
[s60_b] banked d8 (18, 5, 5, 2, 2): measured route=sparse mult_det=4 mult_red(star)=4 mult_red(pts)=4 D=0 ok=True (43.9s, HWM 0.08 GB) [2689s elapsed]
[s60_b] 186: d7 (15, 5, 3, 3, 2) a=1 h_pad=9 n_chi~10592 N_S=22234 red_points=always ...
[s60_b] banked d7 (15, 5, 3, 3, 2): measured route=sparse mult_det=1 mult_red(star)=1 mult_red(pts)=1 D=0 ok=True (34.0s, HWM 0.07 GB) [2724s elapsed]
[s60_b] 187: d8 (12, 9, 9, 1, 1) a=7 h_pad=6 n_chi~9800 N_S=49820 red_points=always ...
[s60_b] banked d8 (12, 9, 9, 1, 1): measured route=sparse mult_det=7 mult_red(star)=5 mult_red(pts)=5 D=-2 ok=True (131.1s, HWM 0.08 GB) [2855s elapsed]
[s60_b] 188: d7 (14, 8, 3, 2, 1) a=14 h_pad=50 n_chi~8987 N_S=8987 red_points=always ...
[s60_b] banked d7 (14, 8, 3, 2, 1): measured route=sparse mult_det=14 mult_red(star)=14 mult_red(pts)=14 D=0 ok=True (35.5s, HWM 0.07 GB) [2891s elapsed]
[s60_b] 189: d8 (11, 11, 8, 1, 1) a=8 h_pad=8 n_chi~9684 N_S=49204 red_points=always ...
[s60_b] banked d8 (11, 11, 8, 1, 1): measured route=sparse mult_det=8 mult_red(star)=7 mult_red(pts)=7 D=-1 ok=True (87.9s, HWM 0.08 GB) [2979s elapsed]
[s60_b] 190: d8 (19, 6, 3, 2, 2) a=11 h_pad=44 n_chi~9382 N_S=17114 red_points=always ...
[s60_b] banked d8 (19, 6, 3, 2, 2): measured route=sparse mult_det=11 mult_red(star)=11 mult_red(pts)=11 D=0 ok=True (40.4s, HWM 0.07 GB) [3020s elapsed]
[s60_b] 191: d9 (17, 13, 4, 1, 1) a=27 h_pad=55 n_chi~8001 N_S=21268 red_points=always ...
[s60_b] banked d9 (17, 13, 4, 1, 1): measured route=sparse mult_det=27 mult_red(star)=27 mult_red(pts)=27 D=0 ok=True (38.0s, HWM 0.07 GB) [3058s elapsed]
[s60_b] 192: d9 (18, 8, 8, 1, 1) a=12 h_pad=32 n_chi~9398 N_S=49071 red_points=always ...
[s60_b] banked d9 (18, 8, 8, 1, 1): measured route=sparse mult_det=12 mult_red(star)=12 mult_red(pts)=12 D=0 ok=True (44.8s, HWM 0.08 GB) [3103s elapsed]
[s60_b] 193: d7 (15, 5, 4, 2, 2) a=7 h_pad=34 n_chi~10216 N_S=18734 red_points=always ...
[s60_b] banked d7 (15, 5, 4, 2, 2): measured route=sparse mult_det=7 mult_red(star)=7 mult_red(pts)=7 D=0 ok=True (37.4s, HWM 0.07 GB) [3141s elapsed]
[s60_b] 194: d7 (12, 5, 5, 5, 1) a=1 h_pad=3 n_chi~11243 N_S=70510 red_points=always ...
[s60_b] banked d7 (12, 5, 5, 5, 1): measured route=sparse mult_det=1 mult_red(star)=1 mult_red(pts)=1 D=0 ok=True (120.1s, HWM 0.09 GB) [3261s elapsed]
[s60_b] 195: d9 (22, 7, 3, 3, 1) a=11 h_pad=39 n_chi~9939 N_S=20951 red_points=always ...
[s60_b] banked d9 (22, 7, 3, 3, 1): measured route=sparse mult_det=11 mult_red(star)=11 mult_red(pts)=11 D=0 ok=True (41.2s, HWM 0.07 GB) [3303s elapsed]
[s60_b] 196: d7 (15, 6, 4, 2, 1) a=15 h_pad=58 n_chi~9524 N_S=9524 red_points=always ...
[s60_b] banked d7 (15, 6, 4, 2, 1): measured route=sparse mult_det=15 mult_red(star)=15 mult_red(pts)=15 D=0 ok=True (40.1s, HWM 0.07 GB) [3343s elapsed]
[s60_b] 197: d9 (18, 12, 2, 2, 2) a=26 h_pad=62 n_chi~8538 N_S=39670 red_points=always ...
[s60_b] banked d9 (18, 12, 2, 2, 2): measured route=sparse mult_det=26 mult_red(star)=26 mult_red(pts)=26 D=0 ok=True (128.4s, HWM 0.09 GB) [3472s elapsed]
[s60_b] 198: d9 (17, 13, 2, 2, 2) a=16 h_pad=49 n_chi~9442 N_S=44152 red_points=always ...
[s60_b] banked d9 (17, 13, 2, 2, 2): measured route=sparse mult_det=16 mult_red(star)=16 mult_red(pts)=16 D=0 ok=True (134.4s, HWM 0.08 GB) [3607s elapsed]
[s60_b] 199: d9 (23, 6, 3, 2, 2) a=12 h_pad=46 n_chi~9903 N_S=18022 red_points=always ...
[s60_b] banked d9 (23, 6, 3, 2, 2): measured route=sparse mult_det=12 mult_red(star)=12 mult_red(pts)=12 D=0 ok=True (40.4s, HWM 0.07 GB) [3647s elapsed]
[s60_b] 200: d9 (22, 5, 5, 2, 2) a=5 h_pad=31 n_chi~10869 N_S=41357 red_points=always ...
[s60_b] banked d9 (22, 5, 5, 2, 2): measured route=sparse mult_det=5 mult_red(star)=5 mult_red(pts)=5 D=0 ok=True (41.7s, HWM 0.08 GB) [3689s elapsed]
[s60_b] 201: d9 (20, 8, 6, 1, 1) a=25 h_pad=68 n_chi~8802 N_S=23316 red_points=always ...
[s60_b] banked d9 (20, 8, 6, 1, 1): measured route=sparse mult_det=25 mult_red(star)=25 mult_red(pts)=25 D=0 ok=True (161.5s, HWM 0.08 GB) [3851s elapsed]
[s60_b] 202: d8 (13, 13, 3, 2, 1) a=6 h_pad=16 n_chi~11011 N_S=22168 red_points=always ...
[s60_b] banked d8 (13, 13, 3, 2, 1): measured route=sparse mult_det=6 mult_red(star)=6 mult_red(pts)=6 D=0 ok=True (51.1s, HWM 0.07 GB) [3903s elapsed]
[s60_b] 203: d7 (12, 9, 3, 3, 1) a=7 h_pad=23 n_chi~10972 N_S=22969 red_points=always ...
[s60_b] banked d7 (12, 9, 3, 3, 1): measured route=sparse mult_det=7 mult_red(star)=7 mult_red(pts)=7 D=0 ok=True (49.2s, HWM 0.07 GB) [3952s elapsed]
[s60_b] 204: d8 (18, 4, 4, 4, 2) a=9 h_pad=21 n_chi~10766 N_S=59569 red_points=always ...
[s60_b] banked d8 (18, 4, 4, 4, 2): measured route=sparse mult_det=9 mult_red(star)=9 mult_red(pts)=9 D=0 ok=True (107.5s, HWM 0.09 GB) [4060s elapsed]
[s60_b] 205: d8 (19, 5, 3, 3, 2) a=1 h_pad=10 n_chi~12103 N_S=25456 red_points=always ...
[s60_b] banked d8 (19, 5, 3, 3, 2): measured route=sparse mult_det=1 mult_red(star)=1 mult_red(pts)=None D=0 ok=True (34.1s, HWM 0.07 GB) [4094s elapsed]
[s60_b] 206: d7 (8, 8, 8, 2, 2) a=3 h_pad=2 n_chi~11778 N_S=127004 red_points=always ...
[s60_b] banked d7 (8, 8, 8, 2, 2): measured route=sparse mult_det=3 mult_red(star)=2 mult_red(pts)=2 D=-1 ok=True (160.1s, HWM 0.11 GB) [4255s elapsed]
[s60_b] 207: d9 (16, 14, 2, 2, 2) a=16 h_pad=32 n_chi~10089 N_S=47139 red_points=always ...
[s60_b] banked d9 (16, 14, 2, 2, 2): measured route=sparse mult_det=16 mult_red(star)=16 mult_red(pts)=16 D=0 ok=True (154.3s, HWM 0.09 GB) [4409s elapsed]
[s60_b] 208: d7 (11, 10, 3, 3, 1) a=4 h_pad=13 n_chi~11856 N_S=24802 red_points=always ...
[s60_b] banked d7 (11, 10, 3, 3, 1): measured route=sparse mult_det=4 mult_red(star)=4 mult_red(pts)=4 D=0 ok=True (52.2s, HWM 0.07 GB) [4462s elapsed]
[s60_b] 209: d7 (14, 5, 5, 3, 1) a=6 h_pad=22 n_chi~11536 N_S=23524 red_points=always ...
[s60_b] banked d7 (14, 5, 5, 3, 1): measured route=sparse mult_det=6 mult_red(star)=6 mult_red(pts)=6 D=0 ok=True (51.5s, HWM 0.07 GB) [4513s elapsed]
[s60_b] 210: d8 (15, 9, 6, 1, 1) a=27 h_pad=54 n_chi~9207 N_S=24048 red_points=always ...
[s60_b] banked d8 (15, 9, 6, 1, 1): measured route=sparse mult_det=27 mult_red(star)=27 mult_red(pts)=27 D=0 ok=True (50.9s, HWM 0.08 GB) [4565s elapsed]
[s60_b] 211: d9 (14, 14, 6, 1, 1) a=9 h_pad=22 n_chi~11173 N_S=58246 red_points=always ...
[s60_b] banked d9 (14, 14, 6, 1, 1): measured route=sparse mult_det=9 mult_red(star)=9 mult_red(pts)=9 D=0 ok=True (62.2s, HWM 0.08 GB) [4627s elapsed]
[s60_b] 212: d7 (14, 7, 3, 2, 2) a=9 h_pad=44 n_chi~11179 N_S=20552 red_points=always ...
[s60_b] banked d7 (14, 7, 3, 2, 2): measured route=sparse mult_det=9 mult_red(star)=9 mult_red(pts)=9 D=0 ok=True (60.3s, HWM 0.07 GB) [4688s elapsed]
[s60_b] 213: d7 (13, 9, 3, 2, 1) a=13 h_pad=44 n_chi~10712 N_S=10712 red_points=always ...
[s60_b] banked d7 (13, 9, 3, 2, 1): measured route=sparse mult_det=13 mult_red(star)=13 mult_red(pts)=13 D=0 ok=True (51.3s, HWM 0.07 GB) [4739s elapsed]
[s60_b] 214: d9 (23, 5, 3, 3, 2) a=1 h_pad=10 n_chi~12643 N_S=26643 red_points=always ...
[s60_b] banked d9 (23, 5, 3, 3, 2): measured route=sparse mult_det=1 mult_red(star)=1 mult_red(pts)=None D=0 ok=True (26.7s, HWM 0.07 GB) [4766s elapsed]
[s60_b] 215: d8 (15, 8, 7, 1, 1) a=18 h_pad=36 n_chi~10450 N_S=27182 red_points=always ...
[s60_b] banked d8 (15, 8, 7, 1, 1): measured route=sparse mult_det=18 mult_red(star)=18 mult_red(pts)=18 D=0 ok=True (55.4s, HWM 0.07 GB) [4822s elapsed]
[s60_b] 216: d9 (22, 4, 4, 4, 2) a=10 h_pad=22 n_chi~11620 N_S=64127 red_points=always ...
[s60_b] banked d9 (22, 4, 4, 4, 2): measured route=sparse mult_det=10 mult_red(star)=10 mult_red(pts)=10 D=0 ok=True (124.1s, HWM 0.1 GB) [4946s elapsed]
[s60_b] 217: d7 (13, 6, 6, 2, 1) a=10 h_pad=30 n_chi~11697 N_S=23037 red_points=always ...
[s60_b] banked d7 (13, 6, 6, 2, 1): measured route=sparse mult_det=10 mult_red(star)=10 mult_red(pts)=10 D=0 ok=True (62.5s, HWM 0.07 GB) [5009s elapsed]
[s60_b] 218: d8 (19, 5, 4, 2, 2) a=10 h_pad=41 n_chi~11758 N_S=21496 red_points=always ...
[s60_b] banked d8 (19, 5, 4, 2, 2): measured route=sparse mult_det=10 mult_red(star)=10 mult_red(pts)=10 D=0 ok=True (54.4s, HWM 0.07 GB) [5064s elapsed]
[s60_b] 219: d7 (15, 4, 4, 3, 2) a=3 h_pad=14 n_chi~13100 N_S=25465 red_points=always ...
[s60_b] banked d7 (15, 4, 4, 3, 2): measured route=sparse mult_det=3 mult_red(star)=3 mult_red(pts)=None D=0 ok=True (46.0s, HWM 0.07 GB) [5110s elapsed]
[s60_b] 220: d7 (12, 10, 3, 2, 1) a=10 h_pad=31 n_chi~11906 N_S=11906 red_points=always ...
[s60_b] banked d7 (12, 10, 3, 2, 1): measured route=sparse mult_det=10 mult_red(star)=10 mult_red(pts)=10 D=0 ok=True (59.1s, HWM 0.07 GB) [5170s elapsed]
[s60_b] 221: d8 (19, 6, 4, 2, 1) a=19 h_pad=70 n_chi~11015 N_S=11015 red_points=always ...
[s60_b] banked d8 (19, 6, 4, 2, 1): measured route=sparse mult_det=19 mult_red(star)=19 mult_red(pts)=19 D=0 ok=True (58.6s, HWM 0.07 GB) [5229s elapsed]
[s60_b] 222: d9 (19, 10, 5, 1, 1) a=41 h_pad=91 n_chi~9163 N_S=24190 red_points=always ...
[s60_b] banked d9 (19, 10, 5, 1, 1): measured route=sparse mult_det=41 mult_red(star)=41 mult_red(pts)=41 D=0 ok=True (233.8s, HWM 0.09 GB) [5463s elapsed]
[s60_b] 223: d8 (14, 10, 6, 1, 1) a=23 h_pad=50 n_chi~10814 N_S=28181 red_points=always ...
[s60_b] banked d8 (14, 10, 6, 1, 1): measured route=sparse mult_det=23 mult_red(star)=23 mult_red(pts)=23 D=0 ok=True (66.9s, HWM 0.08 GB) [5530s elapsed]
[s60_b] 224: d9 (23, 5, 4, 2, 2) a=11 h_pad=42 n_chi~12358 N_S=22539 red_points=always ...
[s60_b] banked d9 (23, 5, 4, 2, 2): measured route=sparse mult_det=11 mult_red(star)=11 mult_red(pts)=None D=0 ok=True (41.8s, HWM 0.07 GB) [5572s elapsed]
[s60_b] 225: d8 (18, 8, 3, 2, 1) a=21 h_pad=72 n_chi~11144 N_S=11144 red_points=always ...
[s60_b] banked d8 (18, 8, 3, 2, 1): measured route=sparse mult_det=21 mult_red(star)=21 mult_red(pts)=21 D=0 ok=True (63.0s, HWM 0.08 GB) [5635s elapsed]
[s60_b] 226: d9 (23, 6, 4, 2, 1) a=20 h_pad=72 n_chi~11637 N_S=11637 red_points=always ...
[s60_b] banked d9 (23, 6, 4, 2, 1): measured route=sparse mult_det=20 mult_red(star)=20 mult_red(pts)=20 D=0 ok=True (66.2s, HWM 0.08 GB) [5702s elapsed]
[s60_b] 227: d8 (17, 8, 3, 3, 1) a=14 h_pad=48 n_chi~12493 N_S=26219 red_points=always ...
[s60_b] banked d8 (17, 8, 3, 3, 1): measured route=sparse mult_det=14 mult_red(star)=14 mult_red(pts)=None D=0 ok=True (41.0s, HWM 0.08 GB) [5743s elapsed]
[s60_b] 228: d7 (14, 5, 4, 4, 1) a=7 h_pad=27 n_chi~13838 N_S=26952 red_points=always ...
[s60_b] banked d7 (14, 5, 4, 4, 1): measured route=sparse mult_det=7 mult_red(star)=7 mult_red(pts)=None D=0 ok=True (42.1s, HWM 0.07 GB) [5785s elapsed]
[s60_b] 229: d7 (12, 7, 3, 3, 3) a=1 h_pad=3 n_chi~15132 N_S=100940 red_points=always ...
[s60_b] banked d7 (12, 7, 3, 3, 3): measured route=sparse mult_det=1 mult_red(star)=1 mult_red(pts)=None D=0 ok=True (120.5s, HWM 0.1 GB) [5906s elapsed]
[s60_b] 230: d8 (13, 11, 6, 1, 1) a=22 h_pad=36 n_chi~11927 N_S=30933 red_points=always ...
[s60_b] banked d8 (13, 11, 6, 1, 1): measured route=sparse mult_det=22 mult_red(star)=22 mult_red(pts)=22 D=0 ok=True (79.7s, HWM 0.08 GB) [5986s elapsed]
[s60_b] 231: d8 (16, 4, 4, 4, 4) a=7 h_pad=10 n_chi~14148 N_S=299333 red_points=always ...
[s60_b] banked d8 (16, 4, 4, 4, 4): measured route=sparse mult_det=7 mult_red(star)=6 mult_red(pts)=None D=-1 ok=True (333.3s, HWM 0.16 GB) [6320s elapsed]
[s60_b] 232: d8 (19, 4, 4, 3, 2) a=4 h_pad=16 n_chi~14980 N_S=29093 red_points=always ...
[s60_b] banked d8 (19, 4, 4, 3, 2): measured route=sparse mult_det=4 mult_red(star)=4 mult_red(pts)=None D=0 ok=True (57.0s, HWM 0.07 GB) [6377s elapsed]
[s60_b] 233: d7 (15, 5, 4, 3, 1) a=8 h_pad=32 n_chi~14189 N_S=14189 red_points=always ...
[s60_b] banked d7 (15, 5, 4, 3, 1): measured route=sparse mult_det=8 mult_red(star)=8 mult_red(pts)=None D=0 ok=True (40.6s, HWM 0.07 GB) [6418s elapsed]
[s60_b] 234: d8 (18, 5, 5, 3, 1) a=9 h_pad=30 n_chi~14156 N_S=28877 red_points=always ...
[s60_b] banked d8 (18, 5, 5, 3, 1): measured route=sparse mult_det=9 mult_red(star)=9 mult_red(pts)=None D=0 ok=True (46.3s, HWM 0.08 GB) [6464s elapsed]
[s60_b] 235: d9 (22, 8, 3, 2, 1) a=24 h_pad=82 n_chi~12296 N_S=12296 red_points=always ...
[s60_b] banked d9 (22, 8, 3, 2, 1): measured route=sparse mult_det=24 mult_red(star)=24 mult_red(pts)=None D=0 ok=True (43.6s, HWM 0.08 GB) [6508s elapsed]
[s60_b] 236: d7 (14, 6, 3, 3, 2) a=2 h_pad=17 n_chi~16041 N_S=33610 red_points=always ...
[s60_b] banked d7 (14, 6, 3, 3, 2): measured route=sparse mult_det=2 mult_red(star)=2 mult_red(pts)=None D=0 ok=True (73.2s, HWM 0.07 GB) [6582s elapsed]
[s60_b] 237: d9 (23, 4, 4, 3, 2) a=4 h_pad=16 n_chi~15664 N_S=30386 red_points=always ...
[s60_b] banked d9 (23, 4, 4, 3, 2): measured route=sparse mult_det=4 mult_red(star)=4 mult_red(pts)=None D=0 ok=True (61.6s, HWM 0.08 GB) [6644s elapsed]
[s60_b] 238: d7 (13, 8, 3, 2, 2) a=12 h_pad=47 n_chi~14147 N_S=26078 red_points=always ...
[s60_b] banked d7 (13, 8, 3, 2, 2): measured route=sparse mult_det=12 mult_red(star)=12 mult_red(pts)=None D=0 ok=True (71.7s, HWM 0.08 GB) [6716s elapsed]
[s60_b] 239: d8 (18, 7, 3, 2, 2) a=15 h_pad=63 n_chi~13789 N_S=25284 red_points=always ...
[s60_b] banked d8 (18, 7, 3, 2, 2): measured route=sparse mult_det=15 mult_red(star)=15 mult_red(pts)=None D=0 ok=True (62.1s, HWM 0.08 GB) [6778s elapsed]
[s60_b] 240: d8 (16, 5, 5, 5, 1) a=2 h_pad=7 n_chi~16402 N_S=102820 red_points=always ...
[s60_b] banked d8 (16, 5, 5, 5, 1): measured route=sparse mult_det=2 mult_red(star)=2 mult_red(pts)=None D=0 ok=True (155.9s, HWM 0.12 GB) [6934s elapsed]
[s60_b] 241: d7 (14, 7, 4, 2, 1) a=21 h_pad=76 n_chi~13100 N_S=13100 red_points=always ...
[s60_b] banked d7 (14, 7, 4, 2, 1): measured route=sparse mult_det=21 mult_red(star)=21 mult_red(pts)=None D=0 ok=True (48.7s, HWM 0.08 GB) [6983s elapsed]
[s60_b] 242: d8 (14, 9, 7, 1, 1) a=25 h_pad=41 n_chi~12925 N_S=33416 red_points=always ...
[s60_b] banked d8 (14, 9, 7, 1, 1): measured route=sparse mult_det=25 mult_red(star)=25 mult_red(pts)=None D=0 ok=True (55.7s, HWM 0.08 GB) [7039s elapsed]
[s60_b] 243: d7 (10, 10, 5, 2, 1) a=8 h_pad=19 n_chi~15577 N_S=30931 red_points=always ...
[s60_b] banked d7 (10, 10, 5, 2, 1): measured route=sparse mult_det=8 mult_red(star)=8 mult_red(pts)=None D=0 ok=True (65.7s, HWM 0.08 GB) [7105s elapsed]
[s60_b] 244: d7 (10, 10, 4, 2, 2) a=9 h_pad=17 n_chi~15454 N_S=56427 red_points=always ...
[s60_b] banked d7 (10, 10, 4, 2, 2): measured route=sparse mult_det=9 mult_red(star)=9 mult_red(pts)=None D=0 ok=True (102.1s, HWM 0.08 GB) [7208s elapsed]
[s60_b] 245: d9 (22, 5, 5, 3, 1) a=10 h_pad=31 n_chi~15350 N_S=31332 red_points=always ...
[s60_b] banked d9 (22, 5, 5, 3, 1): measured route=sparse mult_det=10 mult_red(star)=10 mult_red(pts)=None D=0 ok=True (55.9s, HWM 0.08 GB) [7264s elapsed]
[s60_b] 246: d9 (21, 8, 3, 3, 1) a=17 h_pad=58 n_chi~14272 N_S=30002 red_points=always ...
[s60_b] banked d9 (21, 8, 3, 3, 1): measured route=sparse mult_det=17 mult_red(star)=17 mult_red(pts)=None D=0 ok=True (56.6s, HWM 0.08 GB) [7321s elapsed]
[s60_b] 247: d9 (18, 11, 5, 1, 1) a=48 h_pad=94 n_chi~11096 N_S=29148 red_points=always ...
[s60_b] banked d9 (18, 11, 5, 1, 1): measured route=sparse mult_det=48 mult_red(star)=48 mult_red(pts)=48 D=0 ok=True (309.0s, HWM 0.11 GB) [7630s elapsed]
[s60_b] 248: d9 (19, 9, 6, 1, 1) a=44 h_pad=91 n_chi~11834 N_S=31048 red_points=always ...
[s60_b] banked d9 (19, 9, 6, 1, 1): measured route=sparse mult_det=44 mult_red(star)=44 mult_red(pts)=44 D=0 ok=True (409.1s, HWM 0.11 GB) [8039s elapsed]
[s60_b] 249: d9 (15, 14, 5, 1, 1) a=19 h_pad=34 n_chi~14717 N_S=38413 red_points=always ...
[s60_b] banked d9 (15, 14, 5, 1, 1): measured route=sparse mult_det=19 mult_red(star)=19 mult_red(pts)=None D=0 ok=True (95.9s, HWM 0.08 GB) [8135s elapsed]
[s60_b] 250: d7 (12, 9, 3, 2, 2) a=9 h_pad=38 n_chi~16499 N_S=30477 red_points=always ...
[s60_b] banked d7 (12, 9, 3, 2, 2): measured route=sparse mult_det=9 mult_red(star)=9 mult_red(pts)=None D=0 ok=True (135.8s, HWM 0.08 GB) [8272s elapsed]
[s60_b] 251: d9 (19, 8, 7, 1, 1) a=29 h_pad=60 n_chi~13419 N_S=35068 red_points=always ...
[s60_b] banked d9 (19, 8, 7, 1, 1): measured route=sparse mult_det=29 mult_red(star)=29 mult_red(pts)=None D=0 ok=True (275.0s, HWM 0.1 GB) [8547s elapsed]
[s60_b] 252: d8 (19, 5, 4, 3, 1) a=10 h_pad=37 n_chi~16315 N_S=16315 red_points=always ...
[s60_b] banked d8 (19, 5, 4, 3, 1): measured route=sparse mult_det=10 mult_red(star)=10 mult_red(pts)=None D=0 ok=True (114.2s, HWM 0.08 GB) [8662s elapsed]
[s60_b] 253: d7 (14, 6, 5, 2, 1) a=14 h_pad=50 n_chi~15677 N_S=15677 red_points=always ...
[s60_b] banked d7 (14, 6, 5, 2, 1): measured route=sparse mult_det=14 mult_red(star)=14 mult_red(pts)=None D=0 ok=True (100.5s, HWM 0.08 GB) [8762s elapsed]
[s60_b] 254: d9 (20, 4, 4, 4, 4) a=9 h_pad=13 n_chi~16732 N_S=353074 red_points=always ...
[s60_b] banked d9 (20, 4, 4, 4, 4): measured route=sparse mult_det=9 mult_red(star)=8 mult_red(pts)=None D=-1 ok=True (535.1s, HWM 0.17 GB) [9298s elapsed]
[s60_b] 255: d9 (22, 7, 3, 2, 2) a=18 h_pad=71 n_chi~15088 N_S=27600 red_points=always ...
[s60_b] banked d9 (22, 7, 3, 2, 2): measured route=sparse mult_det=18 mult_red(star)=18 mult_red(pts)=None D=0 ok=True (61.8s, HWM 0.08 GB) [9360s elapsed]
[s60_b] 256: d7 (14, 6, 4, 2, 2) a=17 h_pad=58 n_chi~15358 N_S=28258 red_points=always ...
[s60_b] banked d7 (14, 6, 4, 2, 2): measured route=sparse mult_det=17 mult_red(star)=17 mult_red(pts)=None D=0 ok=True (66.4s, HWM 0.08 GB) [9427s elapsed]
[s60_b] 257: d8 (12, 11, 7, 1, 1) a=15 h_pad=21 n_chi~15926 N_S=40951 red_points=always ...
[s60_b] banked d8 (12, 11, 7, 1, 1): measured route=sparse mult_det=15 mult_red(star)=15 mult_red(pts)=None D=0 ok=True (73.0s, HWM 0.08 GB) [9500s elapsed]
[s60_b] 258: d7 (11, 10, 3, 2, 2) a=6 h_pad=21 n_chi~17813 N_S=32934 red_points=always ...
[s60_b] banked d7 (11, 10, 3, 2, 2): measured route=sparse mult_det=6 mult_red(star)=6 mult_red(pts)=None D=0 ok=True (73.0s, HWM 0.08 GB) [9573s elapsed]
[s60_b] 259: d8 (13, 10, 7, 1, 1) a=22 h_pad=36 n_chi~14862 N_S=38291 red_points=always ...
[s60_b] banked d8 (13, 10, 7, 1, 1): measured route=sparse mult_det=22 mult_red(star)=22 mult_red(pts)=None D=0 ok=True (70.9s, HWM 0.09 GB) [9644s elapsed]
[s60_b] 260: d8 (17, 9, 3, 2, 1) a=26 h_pad=81 n_chi~14325 N_S=14325 red_points=always ...
[s60_b] banked d8 (17, 9, 3, 2, 1): measured route=sparse mult_det=26 mult_red(star)=26 mult_red(pts)=None D=0 ok=True (63.8s, HWM 0.09 GB) [9708s elapsed]
[s60_b] 261: d8 (17, 6, 6, 2, 1) a=18 h_pad=53 n_chi~15576 N_S=30685 red_points=always ...
[s60_b] banked d8 (17, 6, 6, 2, 1): measured route=sparse mult_det=18 mult_red(star)=18 mult_red(pts)=None D=0 ok=True (71.8s, HWM 0.09 GB) [9781s elapsed]
[s60_b] 262: d9 (23, 5, 4, 3, 1) a=10 h_pad=37 n_chi~17133 N_S=17133 red_points=always ...
[s60_b] banked d9 (23, 5, 4, 3, 1): measured route=sparse mult_det=10 mult_red(star)=10 mult_red(pts)=None D=0 ok=True (60.5s, HWM 0.08 GB) [9841s elapsed]
[s60_b] 263: d8 (18, 5, 4, 4, 1) a=11 h_pad=37 n_chi~16973 N_S=33034 red_points=always ...
[s60_b] banked d8 (18, 5, 4, 4, 1): measured route=sparse mult_det=11 mult_red(star)=11 mult_red(pts)=None D=0 ok=True (69.2s, HWM 0.08 GB) [9911s elapsed]
[s60_b] 264: d9 (17, 12, 5, 1, 1) a=43 h_pad=83 n_chi~12785 N_S=33483 red_points=always ...
[s60_b] banked d9 (17, 12, 5, 1, 1): measured route=sparse mult_det=43 mult_red(star)=43 mult_red(pts)=None D=0 ok=True (69.5s, HWM 0.1 GB) [9981s elapsed]
[s60_b] 265: d8 (13, 9, 8, 1, 1) a=15 h_pad=21 n_chi~16556 N_S=42539 red_points=always ...
[s60_b] banked d8 (13, 9, 8, 1, 1): measured route=sparse mult_det=15 mult_red(star)=13 mult_red(pts)=None D=-2 ok=True (211.6s, HWM 0.08 GB) [10192s elapsed]
[s60_b] 266: d8 (16, 9, 3, 3, 1) a=19 h_pad=54 n_chi~16000 N_S=33501 red_points=always ...
[s60_b] banked d8 (16, 9, 3, 3, 1): measured route=sparse mult_det=19 mult_red(star)=19 mult_red(pts)=None D=0 ok=True (104.4s, HWM 0.09 GB) [10297s elapsed]
[s60_b] 267: d9 (20, 5, 5, 5, 1) a=3 h_pad=9 n_chi~19514 N_S=122467 red_points=always ...
[s60_b] banked d9 (20, 5, 5, 5, 1): measured route=sparse mult_det=3 mult_red(star)=3 mult_red(pts)=None D=0 ok=True (235.0s, HWM 0.13 GB) [10532s elapsed]
[s60_b] 268: d7 (10, 9, 3, 3, 3) a=1 h_pad=2 n_chi~20177 N_S=133855 red_points=dense ...
[s60_b] banked d7 (10, 9, 3, 3, 3): measured route=sparse mult_det=1 mult_red(star)=1 mult_red(pts)=None D=0 ok=True (379.3s, HWM 0.11 GB) [10912s elapsed]
[s60_b] 269: d7 (13, 4, 4, 4, 3) a=3 h_pad=8 n_chi~19579 N_S=110498 red_points=always ...
[s60_b] banked d7 (13, 4, 4, 4, 3): measured route=sparse mult_det=3 mult_red(star)=3 mult_red(pts)=None D=0 ok=True (217.0s, HWM 0.12 GB) [11129s elapsed]
[s60_b] 270: d9 (15, 15, 3, 2, 1) a=9 h_pad=21 n_chi~18062 N_S=36314 red_points=always ...
[s60_b] banked d9 (15, 15, 3, 2, 1): measured route=sparse mult_det=9 mult_red(star)=9 mult_red(pts)=None D=0 ok=True (89.2s, HWM 0.09 GB) [11219s elapsed]
[s60_b] 271: d9 (16, 13, 5, 1, 1) a=36 h_pad=64 n_chi~14046 N_S=36700 red_points=always ...
[s60_b] banked d9 (16, 13, 5, 1, 1): measured route=sparse mult_det=36 mult_red(star)=36 mult_red(pts)=None D=0 ok=True (112.3s, HWM 0.1 GB) [11331s elapsed]
[s60_b] 272: d8 (18, 6, 3, 3, 2) a=4 h_pad=24 n_chi~19608 N_S=41144 red_points=always ...
[s60_b] banked d8 (18, 6, 3, 3, 2): measured route=sparse mult_det=4 mult_red(star)=4 mult_red(pts)=None D=0 ok=True (181.2s, HWM 0.08 GB) [11513s elapsed]
[s60_b] 273: d8 (12, 10, 8, 1, 1) a=9 h_pad=17 n_chi~18503 N_S=47488 red_points=always ...
[s60_b] banked d8 (12, 10, 8, 1, 1): measured route=sparse mult_det=9 mult_red(star)=9 mult_red(pts)=None D=0 ok=True (173.5s, HWM 0.08 GB) [11687s elapsed]
[s60_b] 274: d9 (16, 9, 9, 1, 1) a=23 h_pad=25 n_chi~16217 N_S=82581 red_points=always ...
