      level 1: 46 prefixes
      level 2: 674 prefixes
      level 3: 4301 prefixes
      level 4: 12774 prefixes
      level 5: 18260 prefixes
      level 6: 19135 prefixes
      level 7: 19159 prefixes
      level 8: 19159 prefixes
  lam=(18, 7, 3, 3, 1): N_S=19159 |Stab|=2 n_chi=9105 (orbits dropped: 949) [lean, 0s, HWM 0.07 GB]
    E_01: |H|=2 targets 13005 canonical rows 6154 nnz 31784 (obstructed fixed targets cancelled: 467) [0s, HWM 0.07 GB]
    E_12: |H|=1 targets 11144 canonical rows 11137 nnz 39383 (obstructed fixed targets cancelled: 0) [0s, HWM 0.07 GB]
    E_23: |H|=1 targets 16177 canonical rows 15899 nnz 35874 (obstructed fixed targets cancelled: 0) [0s, HWM 0.07 GB]
    E_34: |H|=1 targets 7664 canonical rows 7663 nnz 18210 (obstructed fixed targets cancelled: 0) [0s, HWM 0.07 GB]
  built (18, 7, 3, 3, 1) d8: N_S=19159 |Stab|=2 n_chi=9105 rows=40853 nnz=125251 (0s: mono 0s orbits 0s rows 0s; HWM 0.07 GB)
    level 0 (3,2): 13708 rows, nnz 247820 (full: 40871 rows, nnz 289141)
    level 0 (3,2): 13708 rows, nnz 247944 (full: 40871 rows, nnz 289141)
    wied[c18_7_3_3_1d8_det p=2147483647 lvl=0 seed=1 k=0]: NONSINGULAR SEQ n=9105 nrows=13708 nnz=247820 k=0 len=18210 secs=13.2 | BM deg=9105 f0=85783212 secs=14.3 (14s)
    level 0 (3,2): 9749 rows, nnz 56370 (full: 30698 rows, nnz 88882); floor k0=0
    wied[c18_7_3_3_1d8_det p=2147483629 lvl=0 seed=1 k=0]: NONSINGULAR SEQ n=9105 nrows=13708 nnz=247944 k=0 len=18210 secs=13.2 | BM deg=9105 f0=857399698 secs=14.3 (14s)
    level 0 (3,2): 9749 rows, nnz 56324 (full: 30698 rows, nnz 88882); floor k0=0
    wied[c18_7_3_3_1d8_star p=2147483647 lvl=0 seed=101 k_extra=0 exhibited=0]: NONSINGULAR SEQ n=6478 nrows=9749 nnz=56370 k=0 len=12956 secs=3.0 | BM deg=6478 f0=179470379 secs=3.5 (4s)
    level 0 (3,2): 13708 rows, nnz 247816 (full: 40871 rows, nnz 289141); floor k0=0
    wied[c18_7_3_3_1d8_star p=2147483629 lvl=0 seed=101 k_extra=0 exhibited=0]: NONSINGULAR SEQ n=6478 nrows=9749 nnz=56324 k=0 len=12956 secs=3.0 | BM deg=6478 f0=1139569094 secs=3.6 (4s)
    level 0 (3,2): 13708 rows, nnz 247796 (full: 40871 rows, nnz 289141); floor k0=0
    wied[c18_7_3_3_1d8_redpts p=2147483647 lvl=0 seed=201 k_extra=0 exhibited=0]: NONSINGULAR SEQ n=9105 nrows=13708 nnz=247816 k=0 len=18210 secs=13.5 | BM deg=9105 f0=1102633922 secs=14.7 (15s)
    wied[c18_7_3_3_1d8_redpts p=2147483629 lvl=0 seed=201 k_extra=0 exhibited=0]: NONSINGULAR SEQ n=9105 nrows=13708 nnz=247796 k=0 len=18210 secs=13.5 | BM deg=9105 f0=1560439103 secs=14.7 (15s)
  RESULT (18, 7, 3, 3, 1) d8: a=10 n_chi=9105 route=sparse mult_det=10 mult_red(star)=10 mult_red(pts)=10 D=0  (33.3s, HWM 0.07 GB)
