tails: 1075
50 tails scored 5 s
100 tails scored 26 s
150 tails scored 53 s
200 tails scored 89 s
250 tails scored 96 s
300 tails scored 102 s
350 tails scored 109 s
400 tails scored 115 s
450 tails scored 121 s
500 tails scored 130 s
550 tails scored 134 s
600 tails scored 147 s
650 tails scored 151 s
700 tails scored 165 s
750 tails scored 171 s
800 tails scored 189 s
850 tails scored 195 s
900 tails scored 218 s
950 tails scored 236 s
1000 tails scored 252 s
1050 tails scored 289 s
closing rungs: 1075 a>0: 1075
  n_chi<=3000: 33 tails, covering 154 census rungs (98 informative)
  n_chi<=10000: 68 tails, covering 302 census rungs (246 informative)
  n_chi<=30000: 124 tails, covering 505 census rungs (449 informative)
  n_chi<=100000: 195 tails, covering 760 census rungs (704 informative)
  n_chi<=300000: 292 tails, covering 1061 census rungs (1005 informative)
  n_chi<=1000000: 408 tails, covering 1383 census rungs (1327 informative)
largest: [90, 9, 8, 7, 6] 3688907332
  [24, 2, 2, 2, 2] d 8 a 1 h_pad 2 n_chi 66 rungs [6, 7, 8, 9, 10]
  [27, 3, 2, 2, 2] d 9 a 1 h_pad 4 n_chi 327 rungs [6, 7, 8, 9, 10]
  [30, 5, 3, 1, 1] d 10 a 1 h_pad 5 n_chi 412 rungs [6, 7, 8, 9, 10]
  [33, 7, 2, 1, 1] d 11 a 1 h_pad 5 n_chi 421 rungs [6, 7, 8, 9, 10]
  [27, 4, 2, 2, 1] d 9 a 1 h_pad 6 n_chi 516 rungs [6, 7, 8, 9, 10]
  [36, 8, 2, 1, 1] d 12 a 1 h_pad 7 n_chi 598 rungs [6, 7, 8, 9, 10]
  [30, 4, 2, 2, 2] d 10 a 3 h_pad 9 n_chi 630 rungs [6, 7, 8, 9, 10]
  [33, 6, 3, 1, 1] d 11 a 1 h_pad 8 n_chi 664 rungs [6, 7, 8, 9, 10]
  [36, 5, 5, 1, 1] d 12 a 3 h_pad 7 n_chi 753 rungs [6, 7, 8, 9, 10]
  [33, 5, 4, 1, 1] d 11 a 2 h_pad 10 n_chi 823 rungs [6, 7, 8, 9, 10]
