      level 1: 46 prefixes
      level 2: 785 prefixes
      level 3: 5767 prefixes
      level 4: 18202 prefixes
      level 5: 25969 prefixes
      level 6: 26952 prefixes
      level 7: 26952 prefixes
  lam=(14, 5, 4, 4, 1): N_S=26952 |Stab|=2 n_chi=13838 (orbits dropped: 0) [lean, 0s, HWM 0.07 GB]
    E_01: |H|=2 targets 16239 canonical rows 8370 nnz 41343 (obstructed fixed targets cancelled: 0) [0s, HWM 0.07 GB]
    E_12: |H|=1 targets 21323 canonical rows 21323 nnz 70701 (obstructed fixed targets cancelled: 0) [0s, HWM 0.07 GB]
    E_23: |H|=1 targets 23524 canonical rows 23524 nnz 68873 (obstructed fixed targets cancelled: 0) [0s, HWM 0.07 GB]
    E_34: |H|=1 targets 9233 canonical rows 9233 nnz 26952 (obstructed fixed targets cancelled: 0) [0s, HWM 0.07 GB]
  built (14, 5, 4, 4, 1) d7: N_S=26952 |Stab|=2 n_chi=13838 rows=62450 nnz=207869 (0s: mono 0s orbits 0s rows 0s; HWM 0.07 GB)
    level 0 (3,2): 20804 rows, nnz 345754 (full: 62465 rows, nnz 415439)
    level 0 (3,2): 20804 rows, nnz 345944 (full: 62465 rows, nnz 415439)
    wied[c14_5_4_4_1d7_det p=2147483647 lvl=0 seed=1 k=0]: NONSINGULAR SEQ n=13838 nrows=20804 nnz=345754 k=0 len=27676 secs=28.8 | BM deg=13838 f0=180504087 secs=31.4 (31s)
    level 0 (3,2): 15748 rows, nnz 99853 (full: 49472 rows, nnz 156836); floor k0=0
    wied[c14_5_4_4_1d7_det p=2147483629 lvl=0 seed=1 k=0]: NONSINGULAR SEQ n=13838 nrows=20804 nnz=345944 k=0 len=27676 secs=28.9 | BM deg=13838 f0=776376733 secs=31.5 (32s)
    level 0 (3,2): 15748 rows, nnz 99813 (full: 49472 rows, nnz 156836); floor k0=0
    wied[c14_5_4_4_1d7_star p=2147483647 lvl=0 seed=101 k_extra=0 exhibited=0]: NONSINGULAR SEQ n=10477 nrows=15748 nnz=99853 k=0 len=20954 secs=8.4 | BM deg=10477 f0=1893512672 secs=10.0 (10s)
    wied[c14_5_4_4_1d7_star p=2147483629 lvl=0 seed=101 k_extra=0 exhibited=0]: NONSINGULAR SEQ n=10477 nrows=15748 nnz=99813 k=0 len=20954 secs=8.4 | BM deg=10477 f0=624579549 secs=10.0 (10s)
  RESULT (14, 5, 4, 4, 1) d7: a=7 n_chi=13838 route=sparse mult_det=7 mult_red(star)=7 mult_red(pts)=None D=0  (42.1s, HWM 0.07 GB)
