      level 1: 35 prefixes
      level 2: 369 prefixes
      level 3: 1827 prefixes
      level 4: 5784 prefixes
      level 5: 10917 prefixes
      level 6: 13223 prefixes
      level 7: 13575 prefixes
      level 8: 13587 prefixes
      level 9: 13587 prefixes
  lam=(20, 10, 4, 1, 1): N_S=13587 |Stab|=2 n_chi=5040 (orbits dropped: 3507) [lean, 0s, HWM 0.07 GB]
    E_01: |H|=2 targets 10662 canonical rows 3940 nnz 20075 (obstructed fixed targets cancelled: 977) [0s, HWM 0.07 GB]
    E_12: |H|=2 targets 8198 canonical rows 3009 nnz 12502 (obstructed fixed targets cancelled: 516) [0s, HWM 0.07 GB]
    E_23: |H|=1 targets 4862 canonical rows 4792 nnz 10080 (obstructed fixed targets cancelled: 0) [0s, HWM 0.07 GB]
    E_34: |H|=1 targets 8547 canonical rows 0 nnz 0 (obstructed fixed targets cancelled: 0) [0s, HWM 0.07 GB]
  built (20, 10, 4, 1, 1) d9: N_S=13587 |Stab|=2 n_chi=5040 rows=11741 nnz=42657 (0s: mono 0s orbits 0s rows 0s; HWM 0.07 GB)
    level 0 (3,2): 5902 rows, nnz 198874 (full: 11772 rows, nnz 198897)
    level 0 (3,2): 5902 rows, nnz 198861 (full: 11772 rows, nnz 198897)
    wied[c20_10_4_1_1d9_det p=2147483629 lvl=0 seed=1 k=0]: NONSINGULAR SEQ n=5040 nrows=5902 nnz=198861 k=0 len=10080 secs=5.4 | BM deg=5040 f0=1663484689 secs=5.7 (6s)
    level 0 (3,2): 4962 rows, nnz 33454 (full: 9924 rows, nnz 33488); floor k0=0
    wied[c20_10_4_1_1d9_det p=2147483647 lvl=0 seed=1 k=0]: NONSINGULAR SEQ n=5040 nrows=5902 nnz=198874 k=0 len=10080 secs=5.4 | BM deg=5040 f0=231293095 secs=5.8 (6s)
    level 0 (3,2): 4962 rows, nnz 33456 (full: 9924 rows, nnz 33488); floor k0=0
    wied[c20_10_4_1_1d9_star p=2147483629 lvl=0 seed=101 k_extra=0 exhibited=0]: NONSINGULAR SEQ n=3930 nrows=4962 nnz=33454 k=0 len=7860 secs=0.9 | BM deg=3930 f0=694191786 secs=1.1 (1s)
    level 0 (3,2): 5902 rows, nnz 198873 (full: 11772 rows, nnz 198897); floor k0=0
    wied[c20_10_4_1_1d9_star p=2147483647 lvl=0 seed=101 k_extra=0 exhibited=0]: NONSINGULAR SEQ n=3930 nrows=4962 nnz=33456 k=0 len=7860 secs=0.9 | BM deg=3930 f0=125229611 secs=1.1 (1s)
    level 0 (3,2): 5902 rows, nnz 198863 (full: 11772 rows, nnz 198897); floor k0=0
    wied[c20_10_4_1_1d9_redpts p=2147483629 lvl=0 seed=201 k_extra=0 exhibited=0]: NONSINGULAR SEQ n=5040 nrows=5902 nnz=198873 k=0 len=10080 secs=5.7 | BM deg=5040 f0=1493615612 secs=6.0 (6s)
    wied[c20_10_4_1_1d9_redpts p=2147483647 lvl=0 seed=201 k_extra=0 exhibited=0]: NONSINGULAR SEQ n=5040 nrows=5902 nnz=198863 k=0 len=10080 secs=5.7 | BM deg=5040 f0=286567013 secs=6.1 (6s)
  RESULT (20, 10, 4, 1, 1) d9: a=23 n_chi=5040 route=sparse mult_det=23 mult_red(star)=23 mult_red(pts)=23 D=0  (13.7s, HWM 0.07 GB)
