      level 1: 44 prefixes
      level 2: 620 prefixes
      level 3: 3989 prefixes
      level 4: 18070 prefixes
      level 5: 43280 prefixes
      level 6: 56427 prefixes
      level 7: 56427 prefixes
  lam=(10, 10, 4, 2, 2): N_S=56427 |Stab|=4 n_chi=15454 (orbits dropped: 0) [lean, 0s, HWM 0.07 GB]
    E_01: |H|=2 targets 54023 canonical rows 29083 nnz 132825 (obstructed fixed targets cancelled: 0) [0s, HWM 0.08 GB]
    E_12: |H|=2 targets 32934 canonical rows 17813 nnz 80174 (obstructed fixed targets cancelled: 0) [0s, HWM 0.08 GB]
    E_23: |H|=2 targets 30931 canonical rows 15577 nnz 47264 (obstructed fixed targets cancelled: 0) [0s, HWM 0.08 GB]
    E_34: |H|=2 targets 42357 canonical rows 21310 nnz 41604 (obstructed fixed targets cancelled: 0) [0s, HWM 0.08 GB]
  built (10, 10, 4, 2, 2) d7: N_S=56427 |Stab|=4 n_chi=15454 rows=83783 nnz=301867 (1s: mono 0s orbits 0s rows 0s; HWM 0.08 GB)
    level 0 (3,2): 23230 rows, nnz 429894 (full: 83800 rows, nnz 564585)
    level 0 (3,2): 23230 rows, nnz 429983 (full: 83800 rows, nnz 564585)
    wied[c10_10_4_2_2d7_det p=2147483647 lvl=0 seed=1 k=0]: NONSINGULAR SEQ n=15454 nrows=23230 nnz=429983 k=0 len=30908 secs=41.2 | BM deg=15454 f0=1149120401 secs=44.5 (45s)
    level 0 (3,2): 21028 rows, nnz 146130 (full: 78694 rows, nnz 273036); floor k0=0
    wied[c10_10_4_2_2d7_det p=2147483629 lvl=0 seed=1 k=0]: NONSINGULAR SEQ n=15454 nrows=23230 nnz=429894 k=0 len=30908 secs=41.4 | BM deg=15454 f0=27875687 secs=44.7 (45s)
    level 0 (3,2): 21028 rows, nnz 145915 (full: 78694 rows, nnz 273036); floor k0=0
    wied[c10_10_4_2_2d7_star p=2147483629 lvl=0 seed=101 k_extra=0 exhibited=0]: NONSINGULAR SEQ n=13997 nrows=21028 nnz=145915 k=0 len=27994 secs=15.4 | BM deg=13997 f0=375675693 secs=18.1 (18s)
    wied[c10_10_4_2_2d7_star p=2147483647 lvl=0 seed=101 k_extra=0 exhibited=0]: KERNEL SEQ n=13997 nrows=21028 nnz=146130 k=0 len=27994 secs=15.4 | BM deg=13993 f0=0 secs=18.1 | DONE secs=27.9 (28s)
    (kernel vector of the compressed matrix is not in ker F: escalate)
    level 1 (12,2): 39347 rows, nnz 272971 (full: 78694 rows, nnz 273036); floor k0=0
    wied[c10_10_4_2_2d7_star p=2147483647 lvl=1 seed=102 k_extra=0 exhibited=0]: NONSINGULAR SEQ n=13997 nrows=39347 nnz=272971 k=0 len=27994 secs=25.9 | BM deg=13997 f0=1615522507 secs=28.6 (57s)
  RESULT (10, 10, 4, 2, 2) d7: a=9 n_chi=15454 route=sparse mult_det=9 mult_red(star)=9 mult_red(pts)=None D=0  (102.1s, HWM 0.08 GB)
