      level 1: 34 prefixes
      level 2: 381 prefixes
      level 3: 1901 prefixes
      level 4: 4340 prefixes
      level 5: 5294 prefixes
      level 6: 5368 prefixes
      level 7: 5368 prefixes
  lam=(15, 6, 5, 1, 1): N_S=5368 |Stab|=2 n_chi=1988 (orbits dropped: 1392) [lean, 0s, HWM 0.06 GB]
    E_01: |H|=2 targets 3575 canonical rows 1307 nnz 6103 (obstructed fixed targets cancelled: 310) [0s, HWM 0.06 GB]
    E_12: |H|=2 targets 4510 canonical rows 1658 nnz 5598 (obstructed fixed targets cancelled: 206) [0s, HWM 0.06 GB]
    E_23: |H|=1 targets 1770 canonical rows 1770 nnz 3976 (obstructed fixed targets cancelled: 0) [0s, HWM 0.06 GB]
    E_34: |H|=1 targets 3380 canonical rows 0 nnz 0 (obstructed fixed targets cancelled: 0) [0s, HWM 0.06 GB]
  built (15, 6, 5, 1, 1) d7: N_S=5368 |Stab|=2 n_chi=1988 rows=4735 nnz=15677 (0s: mono 0s orbits 0s rows 0s; HWM 0.06 GB)
    level 0 (3,2): 2380 rows, nnz 39500 (full: 4747 rows, nnz 39533)
    level 0 (3,2): 2380 rows, nnz 39507 (full: 4747 rows, nnz 39533)
    wied[c15_6_5_1_1d7_det p=2147483629 lvl=0 seed=1 k=0]: NONSINGULAR SEQ n=1988 nrows=2380 nnz=39500 k=0 len=3976 secs=0.4 | BM deg=1988 f0=698724137 secs=0.5 (1s)
    wied[c15_6_5_1_1d7_det p=2147483647 lvl=0 seed=1 k=0]: NONSINGULAR SEQ n=1988 nrows=2380 nnz=39507 k=0 len=3976 secs=0.4 | BM deg=1988 f0=1683671199 secs=0.5 (1s)
    level 0 (3,2): 1857 rows, nnz 11119 (full: 3714 rows, nnz 11138)
    level 0 (3,2): 1857 rows, nnz 11117 (full: 3714 rows, nnz 11138)
    wied[c15_6_5_1_1d7_star p=2147483629 lvl=0 seed=101 k=0]: NONSINGULAR SEQ n=1416 nrows=1857 nnz=11119 k=0 len=2832 secs=0.1 | BM deg=1416 f0=1735658366 secs=0.1 (0s)
    level 0 (3,2): 2380 rows, nnz 39499 (full: 4747 rows, nnz 39533)
    wied[c15_6_5_1_1d7_star p=2147483647 lvl=0 seed=101 k=0]: NONSINGULAR SEQ n=1416 nrows=1857 nnz=11117 k=0 len=2832 secs=0.1 | BM deg=1416 f0=2126169538 secs=0.1 (0s)
    level 0 (3,2): 2380 rows, nnz 39507 (full: 4747 rows, nnz 39533)
    wied[c15_6_5_1_1d7_redpts p=2147483629 lvl=0 seed=201 k=0]: NONSINGULAR SEQ n=1988 nrows=2380 nnz=39499 k=0 len=3976 secs=0.4 | BM deg=1988 f0=430386151 secs=0.5 (1s)
    wied[c15_6_5_1_1d7_redpts p=2147483647 lvl=0 seed=201 k=0]: NONSINGULAR SEQ n=1988 nrows=2380 nnz=39507 k=0 len=3976 secs=0.4 | BM deg=1988 f0=836174010 secs=0.5 (1s)
  RESULT (15, 6, 5, 1, 1) d7: a=4 n_chi=1988 route=sparse mult_det=4 mult_red(star)=4 mult_red(pts)=4 D=0  (2.4s, HWM 0.06 GB)
