      level 1: 35 prefixes
      level 2: 318 prefixes
      level 3: 1412 prefixes
      level 4: 4323 prefixes
      level 5: 7842 prefixes
      level 6: 9436 prefixes
      level 7: 9708 prefixes
      level 8: 9717 prefixes
      level 9: 9717 prefixes
      level 10: 9717 prefixes
      level 11: 9717 prefixes
  lam=(28, 11, 3, 1, 1): N_S=9717 |Stab|=2 n_chi=3543 (orbits dropped: 2631) [lean, 0s, HWM 0.07 GB]
    E_01: |H|=2 targets 7557 canonical rows 2739 nnz 13968 (obstructed fixed targets cancelled: 771) [0s, HWM 0.07 GB]
    E_12: |H|=2 targets 4978 canonical rows 1753 nnz 7192 (obstructed fixed targets cancelled: 366) [0s, HWM 0.07 GB]
    E_23: |H|=1 targets 4054 canonical rows 4028 nnz 7086 (obstructed fixed targets cancelled: 0) [0s, HWM 0.07 GB]
    E_34: |H|=1 targets 6174 canonical rows 0 nnz 0 (obstructed fixed targets cancelled: 0) [0s, HWM 0.07 GB]
  built (28, 11, 3, 1, 1) d11: N_S=9717 |Stab|=2 n_chi=3543 rows=8520 nnz=28246 (0s: mono 0s orbits 0s rows 0s; HWM 0.07 GB)
    dense kernel [compressed] p=2147483647: nullity 16 = a, rank 3527, all vectors verified on the full E (10s, HWM 0.35 GB)
    dense kernel [compressed] p=2147483629: nullity 16 = a, rank 3527, all vectors verified on the full E (10s, HWM 0.35 GB)
  RESULT (28, 11, 3, 1, 1) d11: a=16 n_chi=3543 route=dense mult_det=16 mult_red(star)=16 mult_red(pts)=16 D=0  (15.5s, HWM 0.35 GB)
