      level 1: 34 prefixes
      level 2: 359 prefixes
      level 3: 1774 prefixes
      level 4: 5508 prefixes
      level 5: 11635 prefixes
      level 6: 15502 prefixes
      level 7: 16422 prefixes
      level 8: 16483 prefixes
      level 9: 16483 prefixes
  lam=(19, 11, 4, 1, 1): N_S=16483 |Stab|=2 n_chi=6162 (orbits dropped: 4159) [lean, 0s, HWM 0.07 GB]
    E_01: |H|=2 targets 13587 canonical rows 5040 nnz 25830 (obstructed fixed targets cancelled: 1217) [0s, HWM 0.07 GB]
    E_12: |H|=2 targets 9587 canonical rows 3531 nnz 15341 (obstructed fixed targets cancelled: 639) [0s, HWM 0.07 GB]
    E_23: |H|=1 targets 5854 canonical rows 5778 nnz 12324 (obstructed fixed targets cancelled: 0) [0s, HWM 0.07 GB]
    E_34: |H|=1 targets 10321 canonical rows 0 nnz 0 (obstructed fixed targets cancelled: 0) [0s, HWM 0.07 GB]
  built (19, 11, 4, 1, 1) d9: N_S=16483 |Stab|=2 n_chi=6162 rows=14349 nnz=53495 (0s: mono 0s orbits 0s rows 0s; HWM 0.07 GB)
    level 0 (3,2): 7214 rows, nnz 293786 (full: 14388 rows, nnz 293813)
    level 0 (3,2): 7214 rows, nnz 293782 (full: 14388 rows, nnz 293813)
    wied[c19_11_4_1_1d9_det p=2147483629 lvl=0 seed=1 k=0]: NONSINGULAR SEQ n=6162 nrows=7214 nnz=293782 k=0 len=12324 secs=10.1 | BM deg=6162 f0=1060876399 secs=10.6 (11s)
    level 0 (3,2): 6253 rows, nnz 43832 (full: 12505 rows, nnz 43859); floor k0=0
    wied[c19_11_4_1_1d9_det p=2147483647 lvl=0 seed=1 k=0]: NONSINGULAR SEQ n=6162 nrows=7214 nnz=293786 k=0 len=12324 secs=10.1 | BM deg=6162 f0=233172640 secs=10.7 (11s)
    level 0 (3,2): 6253 rows, nnz 43832 (full: 12505 rows, nnz 43859); floor k0=0
    wied[c19_11_4_1_1d9_star p=2147483629 lvl=0 seed=101 k_extra=0 exhibited=0]: NONSINGULAR SEQ n=5018 nrows=6253 nnz=43832 k=0 len=10036 secs=1.5 | BM deg=5018 f0=1169563228 secs=1.8 (2s)
    wied[c19_11_4_1_1d9_star p=2147483647 lvl=0 seed=101 k_extra=0 exhibited=0]: NONSINGULAR SEQ n=5018 nrows=6253 nnz=43832 k=0 len=10036 secs=1.5 | BM deg=5018 f0=532157604 secs=1.8 (2s)
    level 0 (3,2): 7214 rows, nnz 293473 (full: 14388 rows, nnz 293509); floor k0=0
    level 0 (3,2): 7214 rows, nnz 293470 (full: 14388 rows, nnz 293509); floor k0=0
    wied[c19_11_4_1_1d9_redpts p=2147483647 lvl=0 seed=201 k_extra=0 exhibited=0]: NONSINGULAR SEQ n=6162 nrows=7214 nnz=293470 k=0 len=12324 secs=10.0 | BM deg=6162 f0=256682577 secs=10.5 (11s)
    wied[c19_11_4_1_1d9_redpts p=2147483629 lvl=0 seed=201 k_extra=0 exhibited=0]: NONSINGULAR SEQ n=6162 nrows=7214 nnz=293473 k=0 len=12324 secs=10.0 | BM deg=6162 f0=388447594 secs=10.6 (11s)
  RESULT (19, 11, 4, 1, 1) d9: a=31 n_chi=6162 route=sparse mult_det=31 mult_red(star)=31 mult_red(pts)=31 D=0  (23.7s, HWM 0.07 GB)
