      level 1: 50 prefixes
      level 2: 689 prefixes
      level 3: 4137 prefixes
      level 4: 11579 prefixes
      level 5: 16256 prefixes
      level 6: 17052 prefixes
      level 7: 17076 prefixes
      level 8: 17076 prefixes
      level 9: 17076 prefixes
      level 10: 17076 prefixes
      level 11: 17076 prefixes
  lam=(30, 8, 2, 2, 2): N_S=17076 |Stab|=6 n_chi=3815 (orbits dropped: 0) [lean, 0s, HWM 0.07 GB]
    E_01: |H|=6 targets 11617 canonical rows 2610 nnz 12972 (obstructed fixed targets cancelled: 0) [0s, HWM 0.07 GB]
    E_12: |H|=2 targets 7405 canonical rows 4131 nnz 15011 (obstructed fixed targets cancelled: 0) [0s, HWM 0.07 GB]
    E_23: |H|=1 targets 12995 canonical rows 12995 nnz 23975 (obstructed fixed targets cancelled: 0) [0s, HWM 0.07 GB]
    E_34: |H|=1 targets 12995 canonical rows 12995 nnz 23975 (obstructed fixed targets cancelled: 0) [0s, HWM 0.07 GB]
  built (30, 8, 2, 2, 2) d11: N_S=17076 |Stab|=6 n_chi=3815 rows=32731 nnz=75933 (0s: mono 0s orbits 0s rows 0s; HWM 0.07 GB)
    dense kernel [compressed] p=2147483629: nullity 19 = a, rank 3796, all vectors verified on the full E (13s, HWM 0.40 GB)
    dense kernel [compressed] p=2147483647: nullity 19 = a, rank 3796, all vectors verified on the full E (13s, HWM 0.40 GB)
  RESULT (30, 8, 2, 2, 2) d11: a=19 n_chi=3815 route=dense mult_det=19 mult_red(star)=19 mult_red(pts)=19 D=0  (27.6s, HWM 0.4 GB)
