      level 1: 31 prefixes
      level 2: 222 prefixes
      level 3: 764 prefixes
      level 4: 2127 prefixes
      level 5: 4731 prefixes
      level 6: 7417 prefixes
      level 7: 8828 prefixes
      level 8: 9239 prefixes
      level 9: 9284 prefixes
      level 10: 9284 prefixes
      level 11: 9284 prefixes
      level 12: 9284 prefixes
      level 13: 9284 prefixes
  lam=(33, 15, 2, 1, 1): N_S=9284 |Stab|=2 n_chi=3304 (orbits dropped: 2676) [lean, 0s, HWM 0.07 GB]
    E_01: |H|=2 targets 7849 canonical rows 2777 nnz 14110 (obstructed fixed targets cancelled: 881) [0s, HWM 0.07 GB]
    E_12: |H|=2 targets 3404 canonical rows 1176 nnz 5072 (obstructed fixed targets cancelled: 299) [0s, HWM 0.07 GB]
    E_23: |H|=1 targets 4581 canonical rows 4343 nnz 6608 (obstructed fixed targets cancelled: 0) [0s, HWM 0.07 GB]
    E_34: |H|=1 targets 5980 canonical rows 0 nnz 0 (obstructed fixed targets cancelled: 0) [0s, HWM 0.07 GB]
  built (33, 15, 2, 1, 1) d13: N_S=9284 |Stab|=2 n_chi=3304 rows=8296 nnz=25790 (0s: mono 0s orbits 0s rows 0s; HWM 0.07 GB)
    dense kernel [compressed] p=2147483647: nullity 9 = a, rank 3295, all vectors verified on the full E (9s, HWM 0.31 GB)
    dense kernel [compressed] p=2147483629: nullity 9 = a, rank 3295, all vectors verified on the full E (9s, HWM 0.31 GB)
  RESULT (33, 15, 2, 1, 1) d13: a=9 n_chi=3304 route=dense mult_det=9 mult_red(star)=9 mult_red(pts)=9 D=0  (11.4s, HWM 0.31 GB)
