      level 1: 28 prefixes
      level 2: 245 prefixes
      level 3: 1454 prefixes
      level 4: 4981 prefixes
      level 5: 9705 prefixes
      level 6: 11555 prefixes
      level 7: 11555 prefixes
  lam=(11, 10, 5, 1, 1): N_S=11555 |Stab|=2 n_chi=4398 (orbits dropped: 2759) [lean, 0s, HWM 0.06 GB]
    E_01: |H|=2 targets 10724 canonical rows 4072 nnz 18251 (obstructed fixed targets cancelled: 694) [0s, HWM 0.07 GB]
    E_12: |H|=2 targets 7865 canonical rows 2950 nnz 12715 (obstructed fixed targets cancelled: 502) [0s, HWM 0.07 GB]
    E_23: |H|=1 targets 3670 canonical rows 3670 nnz 8796 (obstructed fixed targets cancelled: 0) [0s, HWM 0.07 GB]
    E_34: |H|=1 targets 7157 canonical rows 0 nnz 0 (obstructed fixed targets cancelled: 0) [0s, HWM 0.07 GB]
  built (11, 10, 5, 1, 1) d7: N_S=11555 |Stab|=2 n_chi=4398 rows=10692 nnz=39762 (0s: mono 0s orbits 0s rows 0s; HWM 0.07 GB)
    level 0 (3,2): 5360 rows, nnz 101301 (full: 10706 rows, nnz 101334)
    level 0 (3,2): 5360 rows, nnz 101302 (full: 10706 rows, nnz 101334)
    wied[c11_10_5_1_1d7_det p=2147483629 lvl=0 seed=1 k=0]: NONSINGULAR SEQ n=4398 nrows=5360 nnz=101302 k=0 len=8796 secs=2.5 | BM deg=4398 f0=1098453548 secs=2.7 (3s)
    level 0 (3,2): 4932 rows, nnz 35077 (full: 9863 rows, nnz 35123); floor k0=0
    wied[c11_10_5_1_1d7_det p=2147483647 lvl=0 seed=1 k=0]: NONSINGULAR SEQ n=4398 nrows=5360 nnz=101301 k=0 len=8796 secs=2.5 | BM deg=4398 f0=1186786172 secs=2.7 (3s)
    level 0 (3,2): 4932 rows, nnz 35093 (full: 9863 rows, nnz 35123); floor k0=0
    wied[c11_10_5_1_1d7_star p=2147483629 lvl=0 seed=101 k_extra=0 exhibited=0]: NONSINGULAR SEQ n=3886 nrows=4932 nnz=35077 k=0 len=7772 secs=1.0 | BM deg=3886 f0=374211456 secs=1.1 (1s)
    level 0 (3,2): 5360 rows, nnz 101302 (full: 10706 rows, nnz 101334); floor k0=0
    wied[c11_10_5_1_1d7_star p=2147483647 lvl=0 seed=101 k_extra=0 exhibited=0]: NONSINGULAR SEQ n=3886 nrows=4932 nnz=35093 k=0 len=7772 secs=0.9 | BM deg=3886 f0=1208148297 secs=1.1 (1s)
    level 0 (3,2): 5360 rows, nnz 101300 (full: 10706 rows, nnz 101334); floor k0=0
    wied[c11_10_5_1_1d7_redpts p=2147483629 lvl=0 seed=201 k_extra=0 exhibited=0]: NONSINGULAR SEQ n=4398 nrows=5360 nnz=101302 k=0 len=8796 secs=2.5 | BM deg=4398 f0=1156034770 secs=2.7 (3s)
    wied[c11_10_5_1_1d7_redpts p=2147483647 lvl=0 seed=201 k_extra=0 exhibited=0]: NONSINGULAR SEQ n=4398 nrows=5360 nnz=101300 k=0 len=8796 secs=2.5 | BM deg=4398 f0=1837880078 secs=2.8 (3s)
  RESULT (11, 10, 5, 1, 1) d7: a=6 n_chi=4398 route=sparse mult_det=6 mult_red(star)=6 mult_red(pts)=6 D=0  (6.9s, HWM 0.07 GB)
