      level 1: 27 prefixes
      level 2: 261 prefixes
      level 3: 1395 prefixes
      level 4: 6570 prefixes
      level 5: 23189 prefixes
      level 6: 55255 prefixes
      level 7: 89165 prefixes
      level 8: 101838 prefixes
      level 9: 101838 prefixes
  lam=(13, 13, 8, 1, 1): N_S=101838 |Stab|=4 n_chi=20099 (orbits dropped: 11122) [lean, 0s, HWM 0.09 GB]
    E_01: |H|=2 targets 99005 canonical rows 38803 nnz 196998 (obstructed fixed targets cancelled: 5935) [0s, HWM 0.10 GB]
    E_12: |H|=2 targets 79556 canonical rows 31058 nnz 157186 (obstructed fixed targets cancelled: 4821) [1s, HWM 0.10 GB]
    E_23: |H|=2 targets 25137 canonical rows 12461 nnz 39711 (obstructed fixed targets cancelled: 169) [1s, HWM 0.10 GB]
    E_34: |H|=2 targets 61853 canonical rows 0 nnz 0 (obstructed fixed targets cancelled: 256) [1s, HWM 0.10 GB]
  built (13, 13, 8, 1, 1) d9: N_S=101838 |Stab|=4 n_chi=20099 rows=82322 nnz=393895 (1s: mono 0s orbits 0s rows 1s; HWM 0.10 GB)
    level 0 (3,2): 30208 rows, nnz 831532 (full: 82349 rows, nnz 936568)
    level 0 (3,2): 30208 rows, nnz 831355 (full: 82349 rows, nnz 936568)
    wied[c13_13_8_1_1d9_det p=2147483647 lvl=0 seed=1 k=0]: NONSINGULAR SEQ n=20099 nrows=30208 nnz=831532 k=0 len=40198 secs=100.7 | BM deg=20099 f0=2139001257 secs=106.5 (108s)
    level 0 (3,2): 28858 rows, nnz 270616 (full: 80389 rows, nnz 376934)
    wied[c13_13_8_1_1d9_det p=2147483629 lvl=0 seed=1 k=0]: NONSINGULAR SEQ n=20099 nrows=30208 nnz=831355 k=0 len=40198 secs=101.0 | BM deg=20099 f0=384646251 secs=106.7 (108s)
    level 0 (3,2): 28858 rows, nnz 270438 (full: 80389 rows, nnz 376934)
    wied[c13_13_8_1_1d9_star p=2147483647 lvl=0 seed=101 k=0]: KERNEL SEQ n=19217 nrows=28858 nnz=270616 k=0 len=38434 secs=36.7 | BM deg=19214 f0=0 secs=42.0 | DONE secs=64.3 (65s)
    wied[c13_13_8_1_1d9_star p=2147483629 lvl=0 seed=101 k=0]: KERNEL SEQ n=19217 nrows=28858 nnz=270438 k=0 len=38434 secs=36.7 | BM deg=19214 f0=0 secs=42.0 | DONE secs=64.7 (66s)
    wied[c13_13_8_1_1d9_star p=2147483647 lvl=0 seed=102 k=1]: KERNEL SEQ n=19217 nrows=28858 nnz=270616 k=1 len=38434 secs=40.6 | BM deg=19215 f0=0 secs=45.8 | DONE secs=70.2 (136s)
    wied[c13_13_8_1_1d9_star p=2147483629 lvl=0 seed=102 k=1]: KERNEL SEQ n=19217 nrows=28858 nnz=270438 k=1 len=38434 secs=40.6 | BM deg=19215 f0=0 secs=45.8 | DONE secs=70.1 (136s)
    wied[c13_13_8_1_1d9_star p=2147483647 lvl=0 seed=103 k=2]: KERNEL SEQ n=19217 nrows=28858 nnz=270616 k=2 len=38434 secs=43.9 | BM deg=19216 f0=0 secs=49.1 | DONE secs=74.8 (211s)
    wied[c13_13_8_1_1d9_star p=2147483629 lvl=0 seed=103 k=2]: KERNEL SEQ n=19217 nrows=28858 nnz=270438 k=2 len=38434 secs=43.7 | BM deg=19216 f0=0 secs=48.8 | DONE secs=74.5 (211s)
    wied[c13_13_8_1_1d9_star p=2147483647 lvl=0 seed=104 k=3]: KERNEL SEQ n=19217 nrows=28858 nnz=270616 k=3 len=38434 secs=47.4 | BM deg=19217 f0=0 secs=52.7 | DONE secs=80.5 (292s)
    wied[c13_13_8_1_1d9_star p=2147483629 lvl=0 seed=104 k=3]: KERNEL SEQ n=19217 nrows=28858 nnz=270438 k=3 len=38434 secs=47.4 | BM deg=19217 f0=0 secs=52.7 | DONE secs=80.3 (292s)
    wied[c13_13_8_1_1d9_star p=2147483647 lvl=0 seed=105 k=4]: NONSINGULAR SEQ n=19217 nrows=28858 nnz=270616 k=4 len=38434 secs=51.8 | BM deg=19217 f0=1312213677 secs=57.0 (350s)
    wied[c13_13_8_1_1d9_star p=2147483629 lvl=0 seed=105 k=4]: NONSINGULAR SEQ n=19217 nrows=28858 nnz=270438 k=4 len=38434 secs=52.0 | BM deg=19217 f0=1048429363 secs=57.2 (349s)
  RESULT (13, 13, 8, 1, 1) d9: a=19 n_chi=20099 route=sparse mult_det=19 mult_red(star)=15 mult_red(pts)=None D=-4  (459.2s, HWM 0.11 GB)
