      level 1: 28 prefixes
      level 2: 264 prefixes
      level 3: 1384 prefixes
      level 4: 4306 prefixes
      level 5: 9248 prefixes
      level 6: 12915 prefixes
      level 7: 13771 prefixes
      level 8: 13771 prefixes
  lam=(14, 12, 4, 1, 1): N_S=13771 |Stab|=2 n_chi=5163 (orbits dropped: 3445) [lean, 0s, HWM 0.07 GB]
    E_01: |H|=2 targets 12706 canonical rows 4767 nnz 22868 (obstructed fixed targets cancelled: 970) [0s, HWM 0.07 GB]
    E_12: |H|=2 targets 7723 canonical rows 2857 nnz 12933 (obstructed fixed targets cancelled: 561) [0s, HWM 0.07 GB]
    E_23: |H|=1 targets 4849 canonical rows 4782 nnz 10326 (obstructed fixed targets cancelled: 0) [0s, HWM 0.07 GB]
    E_34: |H|=1 targets 8608 canonical rows 0 nnz 0 (obstructed fixed targets cancelled: 0) [0s, HWM 0.07 GB]
  built (14, 12, 4, 1, 1) d8: N_S=13771 |Stab|=2 n_chi=5163 rows=12406 nnz=46127 (0s: mono 0s orbits 0s rows 0s; HWM 0.07 GB)
    level 0 (3,2): 6220 rows, nnz 133871 (full: 12423 rows, nnz 133898)
    level 0 (3,2): 6220 rows, nnz 133879 (full: 12423 rows, nnz 133898)
    wied[c14_12_4_1_1d8_det p=2147483647 lvl=0 seed=1 k=0]: NONSINGULAR SEQ n=5163 nrows=6220 nnz=133879 k=0 len=10326 secs=3.8 | BM deg=5163 f0=44645167 secs=4.2 (4s)
    level 0 (3,2): 5616 rows, nnz 39781 (full: 11231 rows, nnz 39811); floor k0=0
    wied[c14_12_4_1_1d8_det p=2147483629 lvl=0 seed=1 k=0]: NONSINGULAR SEQ n=5163 nrows=6220 nnz=133871 k=0 len=10326 secs=3.8 | BM deg=5163 f0=973464973 secs=4.2 (4s)
    level 0 (3,2): 5616 rows, nnz 39787 (full: 11231 rows, nnz 39811); floor k0=0
    wied[c14_12_4_1_1d8_star p=2147483647 lvl=0 seed=101 k_extra=0 exhibited=0]: NONSINGULAR SEQ n=4446 nrows=5616 nnz=39781 k=0 len=8892 secs=1.2 | BM deg=4446 f0=1704431070 secs=1.5 (1s)
    level 0 (3,2): 6220 rows, nnz 133866 (full: 12423 rows, nnz 133898); floor k0=0
    wied[c14_12_4_1_1d8_star p=2147483629 lvl=0 seed=101 k_extra=0 exhibited=0]: NONSINGULAR SEQ n=4446 nrows=5616 nnz=39787 k=0 len=8892 secs=1.2 | BM deg=4446 f0=1951121999 secs=1.5 (1s)
    level 0 (3,2): 6220 rows, nnz 133860 (full: 12423 rows, nnz 133898); floor k0=0
    wied[c14_12_4_1_1d8_redpts p=2147483647 lvl=0 seed=201 k_extra=0 exhibited=0]: NONSINGULAR SEQ n=5163 nrows=6220 nnz=133866 k=0 len=10326 secs=3.8 | BM deg=5163 f0=591912673 secs=4.1 (4s)
    wied[c14_12_4_1_1d8_redpts p=2147483629 lvl=0 seed=201 k_extra=0 exhibited=0]: NONSINGULAR SEQ n=5163 nrows=6220 nnz=133860 k=0 len=10326 secs=3.8 | BM deg=5163 f0=1941274639 secs=4.1 (4s)
  RESULT (14, 12, 4, 1, 1) d8: a=9 n_chi=5163 route=sparse mult_det=9 mult_red(star)=9 mult_red(pts)=9 D=0  (10.1s, HWM 0.07 GB)
