      level 1: 47 prefixes
      level 2: 708 prefixes
      level 3: 4489 prefixes
      level 4: 10932 prefixes
      level 5: 13509 prefixes
      level 6: 13715 prefixes
      level 7: 13715 prefixes
      level 8: 13715 prefixes
      level 9: 13715 prefixes
  lam=(23, 6, 3, 3, 1): N_S=13715 |Stab|=2 n_chi=6477 (orbits dropped: 761) [lean, 0s, HWM 0.07 GB]
    E_01: |H|=2 targets 8336 canonical rows 3920 nnz 20252 (obstructed fixed targets cancelled: 344) [0s, HWM 0.07 GB]
    E_12: |H|=1 targets 8630 canonical rows 8616 nnz 27655 (obstructed fixed targets cancelled: 0) [0s, HWM 0.07 GB]
    E_23: |H|=1 targets 11637 canonical rows 11402 nnz 25100 (obstructed fixed targets cancelled: 0) [0s, HWM 0.07 GB]
    E_34: |H|=1 targets 5596 canonical rows 5594 nnz 12954 (obstructed fixed targets cancelled: 0) [0s, HWM 0.07 GB]
  built (23, 6, 3, 3, 1) d9: N_S=13715 |Stab|=2 n_chi=6477 rows=29532 nnz=85961 (0s: mono 0s orbits 0s rows 0s; HWM 0.07 GB)
    level 0 (3,2): 9760 rows, nnz 134543 (full: 29544 rows, nnz 163685)
    level 0 (3,2): 9760 rows, nnz 134492 (full: 29544 rows, nnz 163685)
    wied[c23_6_3_3_1d9_det p=2147483647 lvl=0 seed=1 k=0]: NONSINGULAR SEQ n=6477 nrows=9760 nnz=134543 k=0 len=12954 secs=5.3 | BM deg=6477 f0=1482130195 secs=5.9 (12s)
    wied[c23_6_3_3_1d9_det p=2147483629 lvl=0 seed=1 k=0]: NONSINGULAR SEQ n=6477 nrows=9760 nnz=134492 k=0 len=12954 secs=5.4 | BM deg=6477 f0=65631301 secs=5.9 (12s)
    level 0 (3,2): 6134 rows, nnz 33121 (full: 19778 rows, nnz 53830); floor k0=0
    level 0 (3,2): 6134 rows, nnz 33285 (full: 19778 rows, nnz 53830); floor k0=0
    wied[c23_6_3_3_1d9_star p=2147483629 lvl=0 seed=101 k_extra=0 exhibited=0]: NONSINGULAR SEQ n=4068 nrows=6134 nnz=33285 k=0 len=8136 secs=1.1 | BM deg=4068 f0=553233070 secs=1.3 (3s)
    wied[c23_6_3_3_1d9_star p=2147483647 lvl=0 seed=101 k_extra=0 exhibited=0]: NONSINGULAR SEQ n=4068 nrows=6134 nnz=33121 k=0 len=8136 secs=1.1 | BM deg=4068 f0=889135697 secs=1.3 (3s)
    level 0 (3,2): 9760 rows, nnz 134442 (full: 29544 rows, nnz 163685); floor k0=0
    level 0 (3,2): 9760 rows, nnz 134479 (full: 29544 rows, nnz 163685); floor k0=0
    wied[c23_6_3_3_1d9_redpts p=2147483629 lvl=0 seed=201 k_extra=0 exhibited=0]: NONSINGULAR SEQ n=6477 nrows=9760 nnz=134442 k=0 len=12954 secs=5.4 | BM deg=6477 f0=1136878052 secs=6.0 (12s)
    wied[c23_6_3_3_1d9_redpts p=2147483647 lvl=0 seed=201 k_extra=0 exhibited=0]: NONSINGULAR SEQ n=6477 nrows=9760 nnz=134479 k=0 len=12954 secs=5.4 | BM deg=6477 f0=2040755290 secs=6.0 (12s)
  RESULT (23, 6, 3, 3, 1) d9: a=4 n_chi=6477 route=sparse mult_det=4 mult_red(star)=4 mult_red(pts)=4 D=0  (27.1s, HWM 0.07 GB)
