      level 1: 56 prefixes
      level 2: 1053 prefixes
      level 3: 7693 prefixes
      level 4: 20035 prefixes
      level 5: 25059 prefixes
      level 6: 25456 prefixes
      level 7: 25456 prefixes
      level 8: 25456 prefixes
  lam=(19, 5, 3, 3, 2): N_S=25456 |Stab|=2 n_chi=12103 (orbits dropped: 1250) [lean, 0s, HWM 0.07 GB]
    E_01: |H|=2 targets 14301 canonical rows 6736 nnz 35139 (obstructed fixed targets cancelled: 569) [0s, HWM 0.07 GB]
    E_12: |H|=1 targets 17114 canonical rows 17114 nnz 52433 (obstructed fixed targets cancelled: 0) [0s, HWM 0.07 GB]
    E_23: |H|=1 targets 21496 canonical rows 21154 nnz 47828 (obstructed fixed targets cancelled: 0) [0s, HWM 0.07 GB]
    E_34: |H|=1 targets 16315 canonical rows 16291 nnz 39858 (obstructed fixed targets cancelled: 0) [0s, HWM 0.07 GB]
  built (19, 5, 3, 3, 2) d8: N_S=25456 |Stab|=2 n_chi=12103 rows=61295 nnz=175258 (0s: mono 0s orbits 0s rows 0s; HWM 0.07 GB)
    level 0 (3,2): 18196 rows, nnz 213211 (full: 61304 rows, nnz 284185)
    level 0 (3,2): 18196 rows, nnz 212996 (full: 61304 rows, nnz 284185)
    wied[c19_5_3_3_2d8_det p=2147483629 lvl=0 seed=1 k=0]: NONSINGULAR SEQ n=12103 nrows=18196 nnz=212996 k=0 len=24206 secs=16.6 | BM deg=12103 f0=771118108 secs=18.6 (19s)
    level 0 (3,2): 11663 rows, nnz 62502 (full: 41570 rows, nnz 111520); floor k0=0
    wied[c19_5_3_3_2d8_det p=2147483647 lvl=0 seed=1 k=0]: NONSINGULAR SEQ n=12103 nrows=18196 nnz=213211 k=0 len=24206 secs=16.8 | BM deg=12103 f0=1473072607 secs=18.8 (19s)
    level 0 (3,2): 11663 rows, nnz 62618 (full: 41570 rows, nnz 111520); floor k0=0
    wied[c19_5_3_3_2d8_star p=2147483647 lvl=0 seed=101 k_extra=0 exhibited=0]: NONSINGULAR SEQ n=7754 nrows=11663 nnz=62618 k=0 len=15508 secs=4.2 | BM deg=7754 f0=1583594463 secs=5.0 (5s)
    wied[c19_5_3_3_2d8_star p=2147483629 lvl=0 seed=101 k_extra=0 exhibited=0]: KERNEL SEQ n=7754 nrows=11663 nnz=62502 k=0 len=15508 secs=4.1 | BM deg=7753 f0=0 secs=4.9 | DONE secs=7.7 (8s)
    (kernel vector of the compressed matrix is not in ker F: escalate)
    level 1 (12,2): 20785 rows, nnz 111471 (full: 41570 rows, nnz 111520); floor k0=0
    wied[c19_5_3_3_2d8_star p=2147483629 lvl=1 seed=102 k_extra=0 exhibited=0]: NONSINGULAR SEQ n=7754 nrows=20785 nnz=111471 k=0 len=15508 secs=6.4 | BM deg=7754 f0=1989408974 secs=7.2 (15s)
  RESULT (19, 5, 3, 3, 2) d8: a=1 n_chi=12103 route=sparse mult_det=1 mult_red(star)=1 mult_red(pts)=None D=0  (34.1s, HWM 0.07 GB)
