      level 1: 28 prefixes
      level 2: 245 prefixes
      level 3: 1471 prefixes
      level 4: 5425 prefixes
      level 5: 12974 prefixes
      level 6: 20135 prefixes
      level 7: 22246 prefixes
      level 8: 22246 prefixes
  lam=(13, 12, 5, 1, 1): N_S=22246 |Stab|=2 n_chi=8503 (orbits dropped: 5240) [lean, 0s, HWM 0.07 GB]
    E_01: |H|=2 targets 20993 canonical rows 8013 nnz 38590 (obstructed fixed targets cancelled: 1438) [0s, HWM 0.07 GB]
    E_12: |H|=2 targets 14133 canonical rows 5318 nnz 24747 (obstructed fixed targets cancelled: 970) [0s, HWM 0.07 GB]
    E_23: |H|=1 targets 7014 canonical rows 7014 nnz 17006 (obstructed fixed targets cancelled: 0) [0s, HWM 0.07 GB]
    E_34: |H|=1 targets 13743 canonical rows 0 nnz 0 (obstructed fixed targets cancelled: 0) [0s, HWM 0.07 GB]
  built (13, 12, 5, 1, 1) d8: N_S=22246 |Stab|=2 n_chi=8503 rows=20345 nnz=80343 (0s: mono 0s orbits 0s rows 0s; HWM 0.07 GB)
    level 0 (3,2): 10192 rows, nnz 241867 (full: 20364 rows, nnz 241900)
    level 0 (3,2): 10192 rows, nnz 241872 (full: 20364 rows, nnz 241900)
    wied[c13_12_5_1_1d8_det p=2147483629 lvl=0 seed=1 k=0]: NONSINGULAR SEQ n=8503 nrows=10192 nnz=241867 k=0 len=17006 secs=12.1 | BM deg=8503 f0=1316129029 secs=13.1 (13s)
    level 0 (3,2): 9449 rows, nnz 71885 (full: 18897 rows, nnz 71912); floor k0=0
    wied[c13_12_5_1_1d8_det p=2147483647 lvl=0 seed=1 k=0]: NONSINGULAR SEQ n=8503 nrows=10192 nnz=241872 k=0 len=17006 secs=12.2 | BM deg=8503 f0=357530896 secs=13.2 (13s)
    level 0 (3,2): 9449 rows, nnz 71878 (full: 18897 rows, nnz 71912); floor k0=0
    wied[c13_12_5_1_1d8_star p=2147483629 lvl=0 seed=101 k_extra=0 exhibited=0]: NONSINGULAR SEQ n=7605 nrows=9449 nnz=71885 k=0 len=15210 secs=3.8 | BM deg=7605 f0=786095238 secs=4.5 (5s)
    level 0 (3,2): 10192 rows, nnz 241862 (full: 20364 rows, nnz 241900); floor k0=0
    wied[c13_12_5_1_1d8_star p=2147483647 lvl=0 seed=101 k_extra=0 exhibited=0]: NONSINGULAR SEQ n=7605 nrows=9449 nnz=71878 k=0 len=15210 secs=3.8 | BM deg=7605 f0=453995360 secs=4.5 (5s)
    level 0 (3,2): 10192 rows, nnz 241859 (full: 20364 rows, nnz 241900); floor k0=0
    wied[c13_12_5_1_1d8_redpts p=2147483647 lvl=0 seed=201 k_extra=0 exhibited=0]: NONSINGULAR SEQ n=8503 nrows=10192 nnz=241859 k=0 len=17006 secs=11.9 | BM deg=8503 f0=581487442 secs=12.9 (13s)
    wied[c13_12_5_1_1d8_redpts p=2147483629 lvl=0 seed=201 k_extra=0 exhibited=0]: NONSINGULAR SEQ n=8503 nrows=10192 nnz=241862 k=0 len=17006 secs=11.9 | BM deg=8503 f0=160339661 secs=12.9 (13s)
  RESULT (13, 12, 5, 1, 1) d8: a=11 n_chi=8503 route=sparse mult_det=11 mult_red(star)=11 mult_red(pts)=11 D=0  (31.1s, HWM 0.07 GB)
