      level 1: 27 prefixes
      level 2: 256 prefixes
      level 3: 1623 prefixes
      level 4: 7855 prefixes
      level 5: 23069 prefixes
      level 6: 42189 prefixes
      level 7: 49820 prefixes
      level 8: 49820 prefixes
  lam=(12, 9, 9, 1, 1): N_S=49820 |Stab|=4 n_chi=9800 (orbits dropped: 5603) [lean, 0s, HWM 0.08 GB]
    E_01: |H|=2 targets 42539 canonical rows 16556 nnz 80359 (obstructed fixed targets cancelled: 2566) [0s, HWM 0.08 GB]
    E_12: |H|=2 targets 47488 canonical rows 18503 nnz 80201 (obstructed fixed targets cancelled: 2328) [0s, HWM 0.08 GB]
    E_23: |H|=1 targets 11873 canonical rows 11873 nnz 38856 (obstructed fixed targets cancelled: 0) [0s, HWM 0.08 GB]
    E_34: |H|=2 targets 30343 canonical rows 0 nnz 0 (obstructed fixed targets cancelled: 172) [0s, HWM 0.08 GB]
  built (12, 9, 9, 1, 1) d8: N_S=49820 |Stab|=4 n_chi=9800 rows=46932 nnz=199416 (0s: mono 0s orbits 0s rows 0s; HWM 0.08 GB)
    level 0 (3,2): 14747 rows, nnz 272125 (full: 46947 rows, nnz 346416)
    level 0 (3,2): 14747 rows, nnz 272199 (full: 46947 rows, nnz 346416)
    wied[c12_9_9_1_1d8_det p=2147483647 lvl=0 seed=77 k=0]: NONSINGULAR SEQ n=9800 nrows=14747 nnz=272125 k=0 len=19600 secs=15.9 | BM deg=9800 f0=1202921388 secs=17.2 (35s)
    level 0 (3,2): 14026 rows, nnz 117276 (full: 45427 rows, nnz 190468); floor k0=1
    wied[c12_9_9_1_1d8_det p=2147483629 lvl=0 seed=77 k=0]: NONSINGULAR SEQ n=9800 nrows=14747 nnz=272199 k=0 len=19600 secs=15.9 | BM deg=9800 f0=1268539255 secs=17.1 (35s)
    level 0 (3,2): 14026 rows, nnz 117432 (full: 45427 rows, nnz 190468); floor k0=1
    wied[c12_9_9_1_1d8_star p=2147483647 lvl=0 seed=177 k_extra=1 exhibited=0]: KERNEL SEQ n=9329 nrows=14026 nnz=117276 k=1 len=18658 secs=8.5 | BM deg=9329 f0=0 secs=9.7 | DONE secs=14.8 (30s)
    wied[c12_9_9_1_1d8_star p=2147483629 lvl=0 seed=177 k_extra=1 exhibited=0]: KERNEL SEQ n=9329 nrows=14026 nnz=117432 k=1 len=18658 secs=8.4 | BM deg=9329 f0=0 secs=9.6 | DONE secs=14.6 (29s)
    wied[c12_9_9_1_1d8_star p=2147483647 lvl=0 seed=178 k_extra=1 exhibited=1]: KERNEL SEQ n=9329 nrows=14026 nnz=117276 k=1 len=18658 secs=8.5 | BM deg=9329 f0=0 secs=9.6 | DONE secs=14.9 (59s)
    wied[c12_9_9_1_1d8_star p=2147483629 lvl=0 seed=178 k_extra=1 exhibited=1]: KERNEL SEQ n=9329 nrows=14026 nnz=117432 k=1 len=18658 secs=8.5 | BM deg=9329 f0=0 secs=9.7 | DONE secs=14.9 (59s)
    wied[c12_9_9_1_1d8_star p=2147483647 lvl=0 seed=179 k_extra=2 exhibited=2]: NONSINGULAR SEQ n=9329 nrows=14026 nnz=117276 k=2 len=18658 secs=9.4 | BM deg=9329 f0=2103802144 secs=10.5 (81s)
    level 0 (3,2): 14747 rows, nnz 268214 (full: 46947 rows, nnz 342432); floor k0=1
    wied[c12_9_9_1_1d8_star p=2147483629 lvl=0 seed=179 k_extra=2 exhibited=2]: NONSINGULAR SEQ n=9329 nrows=14026 nnz=117432 k=2 len=18658 secs=9.3 | BM deg=9329 f0=1597735886 secs=10.5 (81s)
    level 0 (3,2): 14747 rows, nnz 268213 (full: 46947 rows, nnz 342432); floor k0=1
    wied[c12_9_9_1_1d8_redpts p=2147483647 lvl=0 seed=277 k_extra=1 exhibited=0]: KERNEL SEQ n=9800 nrows=14747 nnz=268214 k=1 len=19600 secs=17.0 | BM deg=9800 f0=0 secs=18.3 | DONE secs=27.7 (56s)
    wied[c12_9_9_1_1d8_redpts p=2147483629 lvl=0 seed=277 k_extra=1 exhibited=0]: KERNEL SEQ n=9800 nrows=14747 nnz=268213 k=1 len=19600 secs=17.1 | BM deg=9800 f0=0 secs=18.4 | DONE secs=27.7 (56s)
    wied[c12_9_9_1_1d8_redpts p=2147483629 lvl=0 seed=278 k_extra=1 exhibited=1]: KERNEL SEQ n=9800 nrows=14747 nnz=268213 k=1 len=19600 secs=16.6 | BM deg=9800 f0=0 secs=18.0 | DONE secs=27.6 (111s)
    wied[c12_9_9_1_1d8_redpts p=2147483647 lvl=0 seed=278 k_extra=1 exhibited=1]: KERNEL SEQ n=9800 nrows=14747 nnz=268214 k=1 len=19600 secs=16.9 | BM deg=9800 f0=0 secs=18.3 | DONE secs=27.9 (113s)
    wied[c12_9_9_1_1d8_redpts p=2147483629 lvl=0 seed=279 k_extra=2 exhibited=2]: NONSINGULAR SEQ n=9800 nrows=14747 nnz=268213 k=2 len=19600 secs=17.5 | BM deg=9800 f0=1279723740 secs=18.9 (149s)
    wied[c12_9_9_1_1d8_redpts p=2147483647 lvl=0 seed=279 k_extra=2 exhibited=2]: NONSINGULAR SEQ n=9800 nrows=14747 nnz=268214 k=2 len=19600 secs=17.6 | BM deg=9800 f0=735789381 secs=19.0 (150s)
  RESULT (12, 9, 9, 1, 1) d8: a=7 n_chi=9800 route=sparse mult_det=7 mult_red(star)=5 mult_red(pts)=5 D=-2  (266.2s, HWM 0.08 GB)
RESULT {"lam": [12, 9, 9, 1, 1], "delta": 8, "ell": 5, "a": 7, "K": 15, "N_S": 49820, "stab": 4, "n_chi": 9800, "n_red": 9329, "nrows": 46932, "nnz": 199416, "nfixed": 5066, "build_secs": 0.5, "build_hwm_gb": 0.08, "route": "sparse", "levels": "cheap", "seeds": {"det": 1011, "red": 2029, "wied": 77}, "bound": 40, "primes": [2147483647, 2147483629], "h_pad": 6, "floor_red_nullity": 1, "per_prime": {"2147483647": {"sides": {"det": {"nullity": 0, "level": 0, "diag": [{"level": 0, "seed": 77, "status": "NONSINGULAR", "note": "SEQ n=9800 nrows=14747 nnz=272125 k=0 len=19600 secs=15.9 | BM deg=9800 f0=1202921388 secs=17.2", "rows": 14747, "nnz": 272125}], "secs": 34.6, "instrument": "sparse [E; ev_det]", "mult": 7, "exact": true}, "red_star": {"nullity": 2, "level": 0, "diag": [{"level": 0, "seed": 177, "k_extra": 1, "exhibited": 0, "status": "KERNEL", "note": "SEQ n=9329 nrows=14026 nnz=117276 k=1 len=18658 secs=8.5 | BM deg=9329 f0=0 secs=9.7 | DONE secs=14.8", "rows": 14026, "nnz": 117276}, {"level": 0, "seed": 178, "k_extra": 1, "exhibited": 1, "status": "KERNEL", "note": "SEQ n=9329 nrows=14026 nnz=117276 k=1 len=18658 secs=8.5 | BM deg=9329 f0=0 secs=9.6 | DONE secs=14.9", "rows": 14026, "nnz": 117276}, {"level": 0, "seed": 179, "k_extra": 2, "exhibited": 2, "status": "NONSINGULAR", "note": "SEQ n=9329 nrows=14026 nnz=117276 k=2 len=18658 secs=9.4 | BM deg=9329 f0=2103802144 secs=10.5", "rows": 14026, "nnz": 117276}], "exact": true, "floor": 1, "secs": 80.7, "instrument": "sparse (star) E_red with floor a-h_pad=1", "mult": 5, "rows": 45427, "nnz": 190468}, "red_pts": {"nullity": 2, "level": 0, "diag": [{"level": 0, "seed": 277, "k_extra": 1, "exhibited": 0, "status": "KERNEL", "note": "SEQ n=9800 nrows=14747 nnz=268214 k=1 len=19600 secs=17.0 | BM deg=9800 f0=0 secs=18.3 | DONE secs=27.7", "rows": 14747, "nnz": 268214}, {"level": 0, "seed": 278, "k_extra": 1, "exhibited": 1, "status": "KERNEL", "note": "SEQ n=9800 nrows=14747 nnz=268214 k=1 len=19600 secs=16.9 | BM deg=9800 f0=0 secs=18.3 | DONE secs=27.9", "rows": 14747, "nnz": 268214}, {"level": 0, "seed": 279, "k_extra": 2, "exhibited": 2, "status": "NONSINGULAR", "note": "SEQ n=9800 nrows=14747 nnz=268214 k=2 len=19600 secs=17.6 | BM deg=9800 f0=735789381 secs=19.0", "rows": 14747, "nnz": 268214}], "exact": true, "floor": 1, "secs": 150.1, "instrument": "sparse [E; ev_red] with floor a-h_pad=1", "mult": 5}}, "ev_secs": 0.3, "n_red": 9329, "secs": 265.6, "hwm_gb": 0.08}, "2147483629": {"sides": {"det": {"nullity": 0, "level": 0, "diag": [{"level": 0, "seed": 77, "status": "NONSINGULAR", "note": "SEQ n=9800 nrows=14747 nnz=272199 k=0 len=19600 secs=15.9 | BM deg=9800 f0=1268539255 secs=17.1", "rows": 14747, "nnz": 272199}], "secs": 34.9, "instrument": "sparse [E; ev_det]", "mult": 7, "exact": true}, "red_star": {"nullity": 2, "level": 0, "diag": [{"level": 0, "seed": 177, "k_extra": 1, "exhibited": 0, "status": "KERNEL", "note": "SEQ n=9329 nrows=14026 nnz=117432 k=1 len=18658 secs=8.4 | BM deg=9329 f0=0 secs=9.6 | DONE secs=14.6", "rows": 14026, "nnz": 117432}, {"level": 0, "seed": 178, "k_extra": 1, "exhibited": 1, "status": "KERNEL", "note": "SEQ n=9329 nrows=14026 nnz=117432 k=1 len=18658 secs=8.5 | BM deg=9329 f0=0 secs=9.7 | DONE secs=14.9", "rows": 14026, "nnz": 117432}, {"level": 0, "seed": 179, "k_extra": 2, "exhibited": 2, "status": "NONSINGULAR", "note": "SEQ n=9329 nrows=14026 nnz=117432 k=2 len=18658 secs=9.3 | BM deg=9329 f0=1597735886 secs=10.5", "rows": 14026, "nnz": 117432}], "exact": true, "floor": 1, "secs": 80.6, "instrument": "sparse (star) E_red with floor a-h_pad=1", "mult": 5, "rows": 45427, "nnz": 190468}, "red_pts": {"nullity": 2, "level": 0, "diag": [{"level": 0, "seed": 277, "k_extra": 1, "exhibited": 0, "status": "KERNEL", "note": "SEQ n=9800 nrows=14747 nnz=268213 k=1 len=19600 secs=17.1 | BM deg=9800 f0=0 secs=18.4 | DONE secs=27.7", "rows": 14747, "nnz": 268213}, {"level": 0, "seed": 278, "k_extra": 1, "exhibited": 1, "status": "KERNEL", "note": "SEQ n=9800 nrows=14747 nnz=268213 k=1 len=19600 secs=16.6 | BM deg=9800 f0=0 secs=18.0 | DONE secs=27.6", "rows": 14747, "nnz": 268213}, {"level": 0, "seed": 279, "k_extra": 2, "exhibited": 2, "status": "NONSINGULAR", "note": "SEQ n=9800 nrows=14747 nnz=268213 k=2 len=19600 secs=17.5 | BM deg=9800 f0=1279723740 secs=18.9", "rows": 14747, "nnz": 268213}], "exact": true, "floor": 1, "secs": 149.1, "instrument": "sparse [E; ev_red] with floor a-h_pad=1", "mult": 5}}, "ev_secs": 0.3, "n_red": 9329, "secs": 264.9, "hwm_gb": 0.08}}, "sides": {"det": {"mult": 7, "per_prime": {"2147483647": 7, "2147483629": 7}, "primes_agree": true, "exact": true, "instrument": "sparse [E; ev_det]", "status": "proved (nullity 0 at both primes)"}, "red_star": {"mult": 5, "per_prime": {"2147483647": 5, "2147483629": 5}, "primes_agree": true, "exact": true, "instrument": "sparse (star) E_red with floor a-h_pad=1", "status": "measured (nullity 2, two primes); mult >= 5 proved"}, "red_pts": {"mult": 5, "per_prime": {"2147483647": 5, "2147483629": 5}, "primes_agree": true, "exact": true, "instrument": "sparse [E; ev_red] with floor a-h_pad=1", "status": "measured (nullity 2, two primes); mult >= 5 proved"}}, "mult_det": 7, "mult_red_star": 5, "mult_red_pts": 5, "mult_red": 5, "star_eq_pts": true, "D": -2, "refute": false, "ok": true, "secs": 266.2, "hwm_gb": 0.08}
