=== s60_scan_dense_24_7_3_1_1_d9 21:29:51
rc=0 21:29:53
  RESULT (24, 7, 3, 1, 1) d9: a=4 n_chi=999 route=dense mult_det=4 mult_red(star)=4 mult_red(pts)=4 D=0  (1.4s, HWM 0.12 GB)
=== s60_scan_dense_15_6_5_1_1_d7 21:29:53
rc=0 21:30:01
  RESULT (15, 6, 5, 1, 1) d7: a=4 n_chi=1988 route=dense mult_det=4 mult_red(star)=4 mult_red(pts)=4 D=0  (7.7s, HWM 0.32 GB)
=== s60_scan_dense_13_13_2_2_2_d8 21:30:01
rc=0 21:30:10
  RESULT (13, 13, 2, 2, 2) d8: a=1 n_chi=3009 route=dense mult_det=1 mult_red(star)=1 mult_red(pts)=1 D=0  (9.4s, HWM 0.29 GB)
=== s60_scan_dense_18_13_3_1_1_d9 21:30:10
rc=0 21:30:43
  RESULT (18, 13, 3, 1, 1) d9: a=12 n_chi=3978 route=dense mult_det=12 mult_red(star)=12 mult_red(pts)=12 D=0  (32.7s, HWM 0.43 GB)
=== s60_scan_dense_24_5_3_2_2_d9 21:30:43
rc=0 21:32:19
  RESULT (24, 5, 3, 2, 2) d9: a=4 n_chi=6029 route=dense mult_det=4 mult_red(star)=4 mult_red(pts)=4 D=0  (95.1s, HWM 0.91 GB)
=== s60_scan_sparse_24_7_3_1_1_d9 21:32:19
rc=0 21:32:20
  RESULT (24, 7, 3, 1, 1) d9: a=4 n_chi=999 route=sparse mult_det=4 mult_red(star)=4 mult_red(pts)=4 D=0  (0.7s, HWM 0.06 GB)
=== s60_scan_sparse_15_6_5_1_1_d7 21:32:20
rc=0 21:32:23
  RESULT (15, 6, 5, 1, 1) d7: a=4 n_chi=1988 route=sparse mult_det=4 mult_red(star)=4 mult_red(pts)=4 D=0  (2.4s, HWM 0.06 GB)
=== s60_scan_sparse_13_13_2_2_2_d8 21:32:23
rc=0 21:32:37
  RESULT (13, 13, 2, 2, 2) d8: a=1 n_chi=3009 route=sparse mult_det=1 mult_red(star)=1 mult_red(pts)=1 D=0  (14.2s, HWM 0.07 GB)
=== s60_scan_sparse_18_13_3_1_1_d9 21:32:37
rc=0 21:32:51
  RESULT (18, 13, 3, 1, 1) d9: a=12 n_chi=3978 route=sparse mult_det=12 mult_red(star)=12 mult_red(pts)=12 D=0  (13.4s, HWM 0.07 GB)
=== s60_scan_sparse_24_5_3_2_2_d9 21:32:51
rc=0 21:33:15
  RESULT (24, 5, 3, 2, 2) d9: a=4 n_chi=6029 route=sparse mult_det=4 mult_red(star)=4 mult_red(pts)=4 D=0  (23.3s, HWM 0.07 GB)
=== s60_scan_sparse_17_13_4_1_1_d9 21:33:15
rc=0 21:34:22
  RESULT (17, 13, 4, 1, 1) d9: a=27 n_chi=8001 route=sparse mult_det=27 mult_red(star)=27 mult_red(pts)=27 D=0  (67.5s, HWM 0.07 GB)
=== s60_scan_sparse_8_6_6_3_1_d6 21:34:22
rc=0 21:35:42
  RESULT (8, 6, 6, 3, 1) d6: a=1 n_chi=11955 route=sparse mult_det=1 mult_red(star)=1 mult_red(pts)=1 D=0  (79.1s, HWM 0.07 GB)
=== s60_scan_sparse_13_13_8_1_1_d9 21:35:42
rc=0 21:43:21
  RESULT (13, 13, 8, 1, 1) d9: a=19 n_chi=20099 route=sparse mult_det=19 mult_red(star)=15 mult_red(pts)=None D=-4  (459.2s, HWM 0.11 GB)
=== s60_scan_sparse_9_6_4_3_2_d6 21:43:21
rc=143 21:44:18
=== s60_scan_sparse_7_6_5_4_2_d6 21:44:18
