      level 1: 34 prefixes
      level 2: 392 prefixes
      level 3: 2221 prefixes
      level 4: 7715 prefixes
      level 5: 17006 prefixes
      level 6: 22811 prefixes
      level 7: 24112 prefixes
      level 8: 24190 prefixes
      level 9: 24190 prefixes
  lam=(19, 10, 5, 1, 1): N_S=24190 |Stab|=2 n_chi=9163 (orbits dropped: 5864) [lean, 0s, HWM 0.07 GB]
    E_01: |H|=2 targets 19068 canonical rows 7183 nnz 37541 (obstructed fixed targets cancelled: 1611) [0s, HWM 0.07 GB]
    E_12: |H|=2 targets 16483 canonical rows 6162 nnz 26408 (obstructed fixed targets cancelled: 977) [0s, HWM 0.07 GB]
    E_23: |H|=1 targets 7743 canonical rows 7741 nnz 18326 (obstructed fixed targets cancelled: 0) [0s, HWM 0.07 GB]
    E_34: |H|=1 targets 15027 canonical rows 0 nnz 0 (obstructed fixed targets cancelled: 0) [0s, HWM 0.07 GB]
  built (19, 10, 5, 1, 1) d9: N_S=24190 |Stab|=2 n_chi=9163 rows=21086 nnz=82275 (0s: mono 0s orbits 0s rows 0s; HWM 0.07 GB)
    level 0 (3,2): 10592 rows, nnz 531225 (full: 21135 rows, nnz 531262)
    level 0 (3,2): 10592 rows, nnz 531225 (full: 21135 rows, nnz 531262)
    wied[c19_10_5_1_1d9_det p=2147483647 lvl=0 seed=1 k=0]: NONSINGULAR SEQ n=9163 nrows=10592 nnz=531225 k=0 len=18326 secs=27.3 | BM deg=9163 f0=206923313 secs=28.5 (29s)
    level 0 (3,2): 9232 rows, nnz 68007 (full: 18464 rows, nnz 68044); floor k0=0
    wied[c19_10_5_1_1d9_star p=2147483647 lvl=0 seed=101 k_extra=0 exhibited=0]: NONSINGULAR SEQ n=7537 nrows=9232 nnz=68007 k=0 len=15074 secs=3.6 | BM deg=7537 f0=1763029280 secs=4.4 (4s)
    level 0 (3,2): 10592 rows, nnz 530503 (full: 21135 rows, nnz 530529); floor k0=0
    wied[c19_10_5_1_1d9_det p=2147483629 lvl=0 seed=1 k=0]: KERNEL SEQ n=9163 nrows=10592 nnz=531225 k=0 len=18326 secs=27.3 | BM deg=9112 f0=0 secs=28.5 | DONE secs=42.8 (43s)
    (kernel vector of the compressed matrix is not in ker[E; ev]: escalate)
    level 1 (12,2): 10592 rows, nnz 531224 (full: 21135 rows, nnz 531262)
    wied[c19_10_5_1_1d9_redpts p=2147483647 lvl=0 seed=201 k_extra=0 exhibited=0]: KERNEL SEQ n=9163 nrows=10592 nnz=530503 k=0 len=18326 secs=27.1 | BM deg=9139 f0=0 secs=28.2 | DONE secs=42.7 (43s)
    (kernel vector of the compressed matrix is not in ker F: escalate)
    level 1 (12,2): 10592 rows, nnz 530499 (full: 21135 rows, nnz 530529); floor k0=0
    wied[c19_10_5_1_1d9_det p=2147483629 lvl=1 seed=2 k=0]: KERNEL SEQ n=9163 nrows=10592 nnz=531224 k=0 len=18326 secs=27.5 | BM deg=9158 f0=0 secs=28.7 | DONE secs=43.3 (87s)
    (kernel vector of the compressed matrix is not in ker[E; ev]: escalate)
    level 2 (None,1): 21135 rows, nnz 531262 (full: 21135 rows, nnz 531262)
    wied[c19_10_5_1_1d9_det p=2147483629 lvl=2 seed=3 k=0]: NONSINGULAR SEQ n=9163 nrows=21135 nnz=531262 k=0 len=18326 secs=27.0 | BM deg=9163 f0=337769386 secs=28.2 (115s)
    level 0 (3,2): 9232 rows, nnz 68020 (full: 18464 rows, nnz 68044); floor k0=0
    wied[c19_10_5_1_1d9_redpts p=2147483647 lvl=1 seed=202 k_extra=0 exhibited=0]: KERNEL SEQ n=9163 nrows=10592 nnz=530499 k=0 len=18326 secs=27.1 | BM deg=9141 f0=0 secs=28.3 | DONE secs=42.8 (86s)
    (kernel vector of the compressed matrix is not in ker F: escalate)
    level 2 (None,1): 21135 rows, nnz 530529 (full: 21135 rows, nnz 530529); floor k0=0
    wied[c19_10_5_1_1d9_star p=2147483629 lvl=0 seed=101 k_extra=0 exhibited=0]: NONSINGULAR SEQ n=7537 nrows=9232 nnz=68020 k=0 len=15074 secs=3.7 | BM deg=7537 f0=1507448998 secs=4.4 (4s)
    level 0 (3,2): 10592 rows, nnz 530495 (full: 21135 rows, nnz 530529); floor k0=0
    wied[c19_10_5_1_1d9_redpts p=2147483647 lvl=2 seed=203 k_extra=0 exhibited=0]: NONSINGULAR SEQ n=9163 nrows=21135 nnz=530529 k=0 len=18326 secs=27.0 | BM deg=9163 f0=1340807711 secs=28.1 (115s)
    wied[c19_10_5_1_1d9_redpts p=2147483629 lvl=0 seed=201 k_extra=0 exhibited=0]: KERNEL SEQ n=9163 nrows=10592 nnz=530495 k=0 len=18326 secs=27.2 | BM deg=9118 f0=0 secs=28.3 | DONE secs=42.5 (43s)
    (kernel vector of the compressed matrix is not in ker F: escalate)
    level 1 (12,2): 10592 rows, nnz 530505 (full: 21135 rows, nnz 530529); floor k0=0
    wied[c19_10_5_1_1d9_redpts p=2147483629 lvl=1 seed=202 k_extra=0 exhibited=0]: KERNEL SEQ n=9163 nrows=10592 nnz=530505 k=0 len=18326 secs=27.3 | BM deg=9139 f0=0 secs=28.5 | DONE secs=42.9 (86s)
    (kernel vector of the compressed matrix is not in ker F: escalate)
    level 2 (None,1): 21135 rows, nnz 530529 (full: 21135 rows, nnz 530529); floor k0=0
    wied[c19_10_5_1_1d9_redpts p=2147483629 lvl=2 seed=203 k_extra=0 exhibited=0]: NONSINGULAR SEQ n=9163 nrows=21135 nnz=530529 k=0 len=18326 secs=26.8 | BM deg=9163 f0=1869358959 secs=27.9 (114s)
  RESULT (19, 10, 5, 1, 1) d9: a=41 n_chi=9163 route=sparse mult_det=41 mult_red(star)=41 mult_red(pts)=41 D=0  (233.8s, HWM 0.09 GB)
