      level 1: 42 prefixes
      level 2: 511 prefixes
      level 3: 2404 prefixes
      level 4: 4522 prefixes
      level 5: 5005 prefixes
      level 6: 5022 prefixes
      level 7: 5022 prefixes
  lam=(16, 6, 3, 2, 1): N_S=5022 |Stab|=1 n_chi=5022 (orbits dropped: 0) [lean, 0s, HWM 0.06 GB]
    E_01: |H|=1 targets 3291 canonical rows 3291 nnz 15832 (obstructed fixed targets cancelled: 0) [0s, HWM 0.06 GB]
    E_12: |H|=1 targets 3154 canonical rows 3154 nnz 10616 (obstructed fixed targets cancelled: 0) [0s, HWM 0.06 GB]
    E_23: |H|=1 targets 3264 canonical rows 3264 nnz 8090 (obstructed fixed targets cancelled: 0) [0s, HWM 0.06 GB]
    E_34: |H|=1 targets 2428 canonical rows 2428 nnz 5022 (obstructed fixed targets cancelled: 0) [0s, HWM 0.06 GB]
  built (16, 6, 3, 2, 1) d7: N_S=5022 |Stab|=1 n_chi=5022 rows=12137 nnz=39560 (0s: mono 0s orbits 0s rows 0s; HWM 0.06 GB)
    level 0 (3,2): 6084 rows, nnz 114872 (full: 12152 rows, nnz 114890)
    level 0 (3,2): 6084 rows, nnz 114866 (full: 12152 rows, nnz 114890)
    wied[c16_6_3_2_1d7_det p=2147483647 lvl=0 seed=1 k=0]: NONSINGULAR SEQ n=5022 nrows=6084 nnz=114872 k=0 len=10044 secs=3.3 | BM deg=5022 f0=101129611 secs=3.6 (4s)
    level 0 (3,2): 4367 rows, nnz 24420 (full: 8733 rows, nnz 24450); floor k0=0
    wied[c16_6_3_2_1d7_det p=2147483629 lvl=0 seed=1 k=0]: NONSINGULAR SEQ n=5022 nrows=6084 nnz=114866 k=0 len=10044 secs=3.3 | BM deg=5022 f0=36701114 secs=3.7 (4s)
    level 0 (3,2): 4367 rows, nnz 24422 (full: 8733 rows, nnz 24450); floor k0=0
    wied[c16_6_3_2_1d7_star p=2147483647 lvl=0 seed=101 k_extra=0 exhibited=0]: NONSINGULAR SEQ n=3135 nrows=4367 nnz=24420 k=0 len=6270 secs=0.6 | BM deg=3135 f0=1532056827 secs=0.7 (1s)
    level 0 (3,2): 6084 rows, nnz 114861 (full: 12152 rows, nnz 114890); floor k0=0
    wied[c16_6_3_2_1d7_star p=2147483629 lvl=0 seed=101 k_extra=0 exhibited=0]: NONSINGULAR SEQ n=3135 nrows=4367 nnz=24422 k=0 len=6270 secs=0.6 | BM deg=3135 f0=111365975 secs=0.7 (1s)
    level 0 (3,2): 6084 rows, nnz 114860 (full: 12152 rows, nnz 114890); floor k0=0
    wied[c16_6_3_2_1d7_redpts p=2147483647 lvl=0 seed=201 k_extra=0 exhibited=0]: NONSINGULAR SEQ n=5022 nrows=6084 nnz=114861 k=0 len=10044 secs=3.3 | BM deg=5022 f0=2047972829 secs=3.7 (4s)
    wied[c16_6_3_2_1d7_redpts p=2147483629 lvl=0 seed=201 k_extra=0 exhibited=0]: NONSINGULAR SEQ n=5022 nrows=6084 nnz=114860 k=0 len=10044 secs=3.4 | BM deg=5022 f0=344068448 secs=3.7 (4s)
  RESULT (16, 6, 3, 2, 1) d7: a=7 n_chi=5022 route=sparse mult_det=7 mult_red(star)=7 mult_red(pts)=7 D=0  (8.3s, HWM 0.07 GB)
