[s60_close] 1: d5 (12, 2, 2, 2, 2) a=1 h_pad=2 n_chi~56 N_S=553 red_points=always ...
[s60_close] banked d5 (12, 2, 2, 2, 2): measured route=dense mult_det=1 mult_red(star)=1 mult_red(pts)=1 D=0 ok=True (0.1s, HWM 0.06 GB) [0s elapsed]
[s60_close] 2: d5 (9, 7, 2, 1, 1) a=1 h_pad=2 n_chi~218 N_S=621 red_points=always ...
[s60_close] banked d5 (9, 7, 2, 1, 1): measured route=dense mult_det=1 mult_red(star)=1 mult_red(pts)=1 D=0 ok=True (0.1s, HWM 0.06 GB) [1s elapsed]
[s60_close] 3: d5 (10, 5, 3, 1, 1) a=1 h_pad=4 n_chi~276 N_S=774 red_points=always ...
[s60_close] banked d5 (10, 5, 3, 1, 1): measured route=dense mult_det=1 mult_red(star)=1 mult_red(pts)=1 D=0 ok=True (0.1s, HWM 0.06 GB) [1s elapsed]
[s60_close] 4: d6 (15, 3, 2, 2, 2) a=1 h_pad=4 n_chi~304 N_S=1280 red_points=always ...
[s60_close] banked d6 (15, 3, 2, 2, 2): measured route=dense mult_det=1 mult_red(star)=1 mult_red(pts)=1 D=0 ok=True (0.4s, HWM 0.07 GB) [2s elapsed]
[s60_close] 5: d6 (12, 8, 2, 1, 1) a=1 h_pad=4 n_chi~391 N_S=1121 red_points=always ...
[s60_close] banked d6 (12, 8, 2, 1, 1): measured route=dense mult_det=1 mult_red(star)=1 mult_red(pts)=1 D=0 ok=True (0.2s, HWM 0.06 GB) [2s elapsed]
[s60_close] 6: d5 (11, 4, 2, 2, 1) a=1 h_pad=5 n_chi~399 N_S=705 red_points=always ...
[s60_close] banked d5 (11, 4, 2, 2, 1): measured route=dense mult_det=1 mult_red(star)=1 mult_red(pts)=1 D=0 ok=True (0.3s, HWM 0.06 GB) [3s elapsed]
[s60_close] 7: d6 (13, 6, 3, 1, 1) a=1 h_pad=7 n_chi~524 N_S=1463 red_points=always ...
[s60_close] banked d6 (13, 6, 3, 1, 1): measured route=dense mult_det=1 mult_red(star)=1 mult_red(pts)=1 D=0 ok=True (0.4s, HWM 0.07 GB) [4s elapsed]
[s60_close] 8: d7 (15, 9, 2, 1, 1) a=2 h_pad=6 n_chi~622 N_S=1761 red_points=always ...
[s60_close] banked d7 (15, 9, 2, 1, 1): measured route=dense mult_det=2 mult_red(star)=2 mult_red(pts)=2 D=0 ok=True (0.5s, HWM 0.07 GB) [4s elapsed]
[s60_close] 9: d6 (13, 5, 4, 1, 1) a=2 h_pad=9 n_chi~658 N_S=1824 red_points=always ...
[s60_close] banked d6 (13, 5, 4, 1, 1): measured route=dense mult_det=2 mult_red(star)=2 mult_red(pts)=2 D=0 ok=True (0.5s, HWM 0.08 GB) [5s elapsed]
[s60_close] 10: d6 (14, 5, 2, 2, 1) a=2 h_pad=10 n_chi~752 N_S=1337 red_points=always ...
[s60_close] banked d6 (14, 5, 2, 2, 1): measured route=dense mult_det=2 mult_red(star)=2 mult_red(pts)=2 D=0 ok=True (1.0s, HWM 0.11 GB) [6s elapsed]
[s60_close] 11: d7 (16, 7, 3, 1, 1) a=4 h_pad=13 n_chi~870 N_S=2414 red_points=always ...
[s60_close] banked d7 (16, 7, 3, 1, 1): measured route=dense mult_det=4 mult_red(star)=4 mult_red(pts)=4 D=0 ok=True (1.0s, HWM 0.1 GB) [8s elapsed]
[s60_close] 12: d7 (17, 6, 2, 2, 1) a=4 h_pad=17 n_chi~1267 N_S=2257 red_points=always ...
[s60_close] banked d7 (17, 6, 2, 2, 1): measured route=dense mult_det=4 mult_red(star)=4 mult_red(pts)=4 D=0 ok=True (0.9s, HWM 0.09 GB) [9s elapsed]
[s60_close] 13: d10 (24, 12, 2, 1, 1) a=4 h_pad=15 n_chi~1642 N_S=4651 red_points=always ...
[s60_close] banked d10 (24, 12, 2, 1, 1): measured route=dense mult_det=4 mult_red(star)=4 mult_red(pts)=4 D=0 ok=True (2.2s, HWM 0.11 GB) [11s elapsed]
[s60_close] 14: d6 (14, 4, 3, 2, 1) a=1 h_pad=8 n_chi~1785 N_S=1785 red_points=always ...
[s60_close] banked d6 (14, 4, 3, 2, 1): measured route=dense mult_det=1 mult_red(star)=1 mult_red(pts)=1 D=0 ok=True (1.9s, HWM 0.13 GB) [14s elapsed]
[s60_close] 15: d11 (27, 13, 2, 1, 1) a=6 h_pad=19 n_chi~2122 N_S=5977 red_points=always ...
[s60_close] banked d11 (27, 13, 2, 1, 1): measured route=dense mult_det=6 mult_red(star)=6 mult_red(pts)=6 D=0 ok=True (3.9s, HWM 0.16 GB) [18s elapsed]
[s60_close] 16: d12 (30, 14, 2, 1, 1) a=6 h_pad=23 n_chi~2666 N_S=7522 red_points=always ...
[s60_close] banked d12 (30, 14, 2, 1, 1): measured route=dense mult_det=6 mult_red(star)=6 mult_red(pts)=6 D=0 ok=True (6.7s, HWM 0.22 GB) [25s elapsed]
[s60_close] 17: d10 (27, 7, 2, 2, 2) a=11 h_pad=38 n_chi~2591 N_S=11557 red_points=always ...
[s60_close] banked d10 (27, 7, 2, 2, 2): measured route=dense mult_det=11 mult_red(star)=11 mult_red(pts)=11 D=0 ok=True (10.4s, HWM 0.21 GB) [35s elapsed]
[s60_close] 18: d10 (25, 10, 3, 1, 1) a=11 h_pad=35 n_chi~2647 N_S=7282 red_points=always ...
[s60_close] banked d10 (25, 10, 3, 1, 1): measured route=dense mult_det=11 mult_red(star)=11 mult_red(pts)=11 D=0 ok=True (7.3s, HWM 0.22 GB) [43s elapsed]
[s60_close] 19: d13 (33, 15, 2, 1, 1) a=9 h_pad=27 n_chi~3304 N_S=9284 red_points=always ...
[s60_close] banked d13 (33, 15, 2, 1, 1): measured route=dense mult_det=9 mult_red(star)=9 mult_red(pts)=9 D=0 ok=True (11.4s, HWM 0.31 GB) [55s elapsed]
[s60_close] 20: d11 (28, 11, 3, 1, 1) a=16 h_pad=45 n_chi~3543 N_S=9717 red_points=always ...
[s60_close] banked d11 (28, 11, 3, 1, 1): measured route=dense mult_det=16 mult_red(star)=16 mult_red(pts)=16 D=0 ok=True (15.5s, HWM 0.35 GB) [70s elapsed]
[s60_close] 21: d14 (36, 16, 2, 1, 1) a=9 h_pad=32 n_chi~4016 N_S=11298 red_points=always ...
[s60_close] banked d14 (36, 16, 2, 1, 1): measured route=sparse mult_det=9 mult_red(star)=9 mult_red(pts)=9 D=0 ok=True (6.1s, HWM 0.07 GB) [77s elapsed]
[s60_close] 22: d11 (30, 8, 2, 2, 2) a=19 h_pad=54 n_chi~3815 N_S=17076 red_points=always ...
[s60_close] banked d11 (30, 8, 2, 2, 2): measured route=dense mult_det=19 mult_red(star)=19 mult_red(pts)=19 D=0 ok=True (27.6s, HWM 0.4 GB) [105s elapsed]
[s60_close] 23: d10 (26, 9, 2, 2, 1) a=14 h_pad=47 n_chi~4045 N_S=7259 red_points=always ...
[s60_close] banked d10 (26, 9, 2, 2, 1): measured route=sparse mult_det=14 mult_red(star)=14 mult_red(pts)=14 D=0 ok=True (8.0s, HWM 0.07 GB) [113s elapsed]
[s60_close] 24: d10 (25, 9, 4, 1, 1) a=22 h_pad=63 n_chi~4209 N_S=11437 red_points=always ...
[s60_close] banked d10 (25, 9, 4, 1, 1): measured route=sparse mult_det=22 mult_red(star)=22 mult_red(pts)=22 D=0 ok=True (9.1s, HWM 0.07 GB) [122s elapsed]
[s60_close] 25: d15 (39, 17, 2, 1, 1) a=12 h_pad=37 n_chi~4835 N_S=13557 red_points=always ...
[s60_close] banked d15 (39, 17, 2, 1, 1): measured route=sparse mult_det=12 mult_red(star)=12 mult_red(pts)=12 D=0 ok=True (10.1s, HWM 0.07 GB) [133s elapsed]
[s60_close] 26: d12 (31, 12, 3, 1, 1) a=19 h_pad=55 n_chi~4619 N_S=12646 red_points=always ...
[s60_close] banked d12 (31, 12, 3, 1, 1): measured route=sparse mult_det=19 mult_red(star)=19 mult_red(pts)=19 D=0 ok=True (10.9s, HWM 0.07 GB) [144s elapsed]
[s60_close] 27: d10 (24, 7, 7, 1, 1) a=19 h_pad=32 n_chi~5180 N_S=27232 red_points=always ...
[s60_close] banked d10 (24, 7, 7, 1, 1): measured route=sparse mult_det=19 mult_red(star)=19 mult_red(pts)=19 D=0 ok=True (14.7s, HWM 0.07 GB) [159s elapsed]
[s60_close] 28: d11 (29, 10, 2, 2, 1) a=19 h_pad=61 n_chi~5500 N_S=9884 red_points=always ...
[s60_close] banked d11 (29, 10, 2, 2, 1): measured route=sparse mult_det=19 mult_red(star)=19 mult_red(pts)=19 D=0 ok=True (15.0s, HWM 0.07 GB) [174s elapsed]
[s60_close] 29: d12 (33, 9, 2, 2, 2) a=23 h_pad=71 n_chi~5343 N_S=24179 red_points=always ...
[s60_close] banked d12 (33, 9, 2, 2, 2): measured route=sparse mult_det=23 mult_red(star)=23 mult_red(pts)=23 D=0 ok=True (44.4s, HWM 0.07 GB) [219s elapsed]
[s60_close] 30: d10 (25, 8, 5, 1, 1) a=23 h_pad=62 n_chi~5651 N_S=15189 red_points=always ...
[s60_close] banked d10 (25, 8, 5, 1, 1): measured route=sparse mult_det=23 mult_red(star)=23 mult_red(pts)=23 D=0 ok=True (28.2s, HWM 0.07 GB) [247s elapsed]
[s60_close] 31: d13 (34, 13, 3, 1, 1) a=25 h_pad=68 n_chi~5894 N_S=16102 red_points=always ...
[s60_close] banked d13 (34, 13, 3, 1, 1): measured route=sparse mult_det=25 mult_red(star)=25 mult_red(pts)=25 D=0 ok=True (19.8s, HWM 0.07 GB) [267s elapsed]
[s60_close] 32: d11 (28, 10, 4, 1, 1) a=28 h_pad=85 n_chi~5834 N_S=15838 red_points=always ...
[s60_close] banked d11 (28, 10, 4, 1, 1): measured route=sparse mult_det=28 mult_red(star)=28 mult_red(pts)=28 D=0 ok=True (19.6s, HWM 0.07 GB) [287s elapsed]
[s60_close] 33: d12 (32, 11, 2, 2, 1) a=24 h_pad=76 n_chi~7265 N_S=13077 red_points=always ...
[s60_close] banked d12 (32, 11, 2, 2, 1): measured route=sparse mult_det=24 mult_red(star)=24 mult_red(pts)=24 D=0 ok=True (29.7s, HWM 0.07 GB) [317s elapsed]
[s60_close] 34: d14 (37, 14, 3, 1, 1) a=30 h_pad=81 n_chi~7382 N_S=20138 red_points=always ...
[s60_close] banked d14 (37, 14, 3, 1, 1): measured route=sparse mult_det=30 mult_red(star)=30 mult_red(pts)=30 D=0 ok=True (34.0s, HWM 0.07 GB) [352s elapsed]
[s60_close] 35: d13 (36, 10, 2, 2, 2) a=35 h_pad=91 n_chi~7324 N_S=33225 red_points=always ...
[s60_close] banked d13 (36, 10, 2, 2, 2): measured route=sparse mult_det=35 mult_red(star)=35 mult_red(pts)=35 D=0 ok=True (104.2s, HWM 0.09 GB) [456s elapsed]
[s60_close] 36: d12 (31, 11, 4, 1, 1) a=43 h_pad=110 n_chi~7866 N_S=21240 red_points=always ...
[s60_close] banked d12 (31, 11, 4, 1, 1): measured route=sparse mult_det=43 mult_red(star)=43 mult_red(pts)=43 D=0 ok=True (79.1s, HWM 0.09 GB) [536s elapsed]
[s60_close] 37: d11 (28, 9, 5, 1, 1) a=39 h_pad=92 n_chi~8205 N_S=21946 red_points=always ...
[s60_close] banked d11 (28, 9, 5, 1, 1): measured route=sparse mult_det=39 mult_red(star)=39 mult_red(pts)=39 D=0 ok=True (182.3s, HWM 0.09 GB) [718s elapsed]
[s60_close] 38: d10 (24, 8, 6, 1, 1) a=28 h_pad=76 n_chi~9610 N_S=25572 red_points=always ...
[s60_close] banked d10 (24, 8, 6, 1, 1): measured route=sparse mult_det=28 mult_red(star)=28 mult_red(pts)=28 D=0 ok=True (208.5s, HWM 0.09 GB) [927s elapsed]
[s60_close] 39: d13 (35, 12, 2, 2, 1) a=31 h_pad=93 n_chi~9390 N_S=16919 red_points=always ...
[s60_close] banked d13 (35, 12, 2, 2, 1): measured route=sparse mult_det=31 mult_red(star)=31 mult_red(pts)=31 D=0 ok=True (63.3s, HWM 0.08 GB) [991s elapsed]
[s60_close] 40: d15 (40, 15, 3, 1, 1) a=37 h_pad=95 n_chi~9104 N_S=24796 red_points=always ...
[s60_close] banked d15 (40, 15, 3, 1, 1): measured route=sparse mult_det=37 mult_red(star)=37 mult_red(pts)=37 D=0 ok=True (58.6s, HWM 0.08 GB) [1050s elapsed]
[s60_close] 41: d14 (39, 11, 2, 2, 2) a=40 h_pad=113 n_chi~9694 N_S=44317 red_points=always ...
[s60_close] banked d14 (39, 11, 2, 2, 2): measured route=sparse mult_det=40 mult_red(star)=40 mult_red(pts)=40 D=0 ok=True (199.5s, HWM 0.1 GB) [1249s elapsed]
[s60_close] 42: d11 (26, 8, 8, 1, 1) a=19 h_pad=51 n_chi~12100 N_S=63647 red_points=dense ...
[s60_close] banked d11 (26, 8, 8, 1, 1): measured route=sparse mult_det=19 mult_red(star)=19 mult_red(pts)=None D=0 ok=True (47.2s, HWM 0.09 GB) [1297s elapsed]
[s60_close] 43: d13 (34, 12, 4, 1, 1) a=51 h_pad=137 n_chi~10308 N_S=27816 red_points=always ...
[s60_close] banked d13 (34, 12, 4, 1, 1): measured route=sparse mult_det=51 mult_red(star)=51 mult_red(pts)=51 D=0 ok=True (424.9s, HWM 0.11 GB) [1722s elapsed]
[s60_close] 44: d16 (43, 16, 3, 1, 1) a=43 h_pad=111 n_chi~11074 N_S=30128 red_points=always ...
[s60_close] banked d16 (43, 16, 3, 1, 1): measured route=sparse mult_det=43 mult_red(star)=43 mult_red(pts)=43 D=0 ok=True (187.3s, HWM 0.1 GB) [1910s elapsed]
[s60_close] 45: d10 (26, 8, 3, 2, 1) a=25 h_pad=85 n_chi~12810 N_S=12810 red_points=dense ...
[s60_close] banked d10 (26, 8, 3, 2, 1): measured route=sparse mult_det=25 mult_red(star)=25 mult_red(pts)=None D=0 ok=True (94.0s, HWM 0.08 GB) [2004s elapsed]
[s60_close] 46: d14 (38, 13, 2, 2, 1) a=38 h_pad=111 n_chi~11893 N_S=21453 red_points=always ...
[s60_close] banked d14 (38, 13, 2, 2, 1): measured route=sparse mult_det=38 mult_red(star)=38 mult_red(pts)=38 D=0 ok=True (202.9s, HWM 0.09 GB) [2207s elapsed]
[s60_close] 47: d10 (25, 8, 3, 3, 1) a=18 h_pad=61 n_chi~15112 N_S=31812 red_points=dense ...
[s60_close] banked d10 (25, 8, 3, 3, 1): measured route=sparse mult_det=18 mult_red(star)=18 mult_red(pts)=None D=0 ok=True (145.3s, HWM 0.09 GB) [2353s elapsed]
[s60_close] 48: d12 (31, 10, 5, 1, 1) a=56 h_pad=130 n_chi~11472 N_S=30586 red_points=always ...
[s60_close] banked d12 (31, 10, 5, 1, 1): measured route=sparse mult_det=56 mult_red(star)=56 mult_red(pts)=56 D=0 ok=True (501.5s, HWM 0.12 GB) [2855s elapsed]
[s60_close] 49: d10 (26, 7, 3, 2, 2) a=19 h_pad=73 n_chi~15612 N_S=28512 red_points=dense ...
[s60_close] banked d10 (26, 7, 3, 2, 2): measured route=sparse mult_det=19 mult_red(star)=19 mult_red(pts)=None D=0 ok=True (81.7s, HWM 0.09 GB) [2937s elapsed]
[s60_close] 50: d10 (24, 4, 4, 4, 4) a=10 h_pad=14 n_chi~17896 N_S=375953 red_points=dense ...
[s60_close] banked d10 (24, 4, 4, 4, 4): measured route=sparse mult_det=10 mult_red(star)=9 mult_red(pts)=None D=-1 ok=True (482.6s, HWM 0.17 GB) [3420s elapsed]
[s60_close] 51: d15 (42, 12, 2, 2, 2) a=56 h_pad=139 n_chi~12641 N_S=57864 red_points=dense ...
[s60_close] banked d15 (42, 12, 2, 2, 2): measured route=sparse mult_det=56 mult_red(star)=56 mult_red(pts)=None D=0 ok=True (245.9s, HWM 0.13 GB) [3666s elapsed]
[s60_close] 52: d9 (22, 5, 4, 4, 1) a=12 h_pad=39 n_chi~18396 N_S=35768 red_points=dense ...
[s60_close] banked d9 (22, 5, 4, 4, 1): measured route=sparse mult_det=12 mult_red(star)=12 mult_red(pts)=None D=0 ok=True (222.2s, HWM 0.09 GB) [3888s elapsed]
[s60_close] 53: d17 (46, 17, 3, 1, 1) a=51 h_pad=128 n_chi~13312 N_S=36172 red_points=dense ...
[s60_close] banked d17 (46, 17, 3, 1, 1): measured route=sparse mult_det=51 mult_red(star)=51 mult_red(pts)=None D=0 ok=True (165.9s, HWM 0.11 GB) [4055s elapsed]
[s60_close] 54: d8 (16, 7, 3, 3, 3) a=3 h_pad=8 n_chi~21991 N_S=146934 red_points=dense ...
[s60_close] banked d8 (16, 7, 3, 3, 3): measured route=sparse mult_det=3 mult_red(star)=3 mult_red(pts)=None D=0 ok=True (506.7s, HWM 0.12 GB) [4562s elapsed]
[s60_close] 55: d15 (41, 14, 2, 2, 1) a=46 h_pad=132 n_chi~14818 N_S=26750 red_points=dense ...
[s60_close] banked d15 (41, 14, 2, 2, 1): measured route=sparse mult_det=46 mult_red(star)=46 mult_red(pts)=None D=0 ok=True (193.1s, HWM 0.11 GB) [4755s elapsed]
[s60_close] 56: d11 (27, 8, 7, 1, 1) a=37 h_pad=78 n_chi~16079 N_S=42368 red_points=dense ...
[s60_close] banked d11 (27, 8, 7, 1, 1): measured route=sparse mult_det=37 mult_red(star)=37 mult_red(pts)=None D=0 ok=True (617.5s, HWM 0.12 GB) [5373s elapsed]
[s60_close] 57: d11 (27, 9, 6, 1, 1) a=56 h_pad=122 n_chi~14251 N_S=37691 red_points=dense ...
[s60_close] banked d11 (27, 9, 6, 1, 1): measured route=sparse mult_det=56 mult_red(star)=56 mult_red(pts)=None D=0 ok=True (359.0s, HWM 0.13 GB) [5732s elapsed]
[s60_close] 58: d14 (37, 13, 4, 1, 1) a=71 h_pad=169 n_chi~13252 N_S=35626 red_points=dense ...
