      level 1: 36 prefixes
      level 2: 389 prefixes
      level 3: 2049 prefixes
      level 4: 6859 prefixes
      level 5: 12809 prefixes
      level 6: 15425 prefixes
      level 7: 15826 prefixes
      level 8: 15838 prefixes
      level 9: 15838 prefixes
      level 10: 15838 prefixes
      level 11: 15838 prefixes
  lam=(28, 10, 4, 1, 1): N_S=15838 |Stab|=2 n_chi=5834 (orbits dropped: 4170) [lean, 0s, HWM 0.07 GB]
    E_01: |H|=2 targets 11789 canonical rows 4326 nnz 22657 (obstructed fixed targets cancelled: 1165) [0s, HWM 0.07 GB]
    E_12: |H|=2 targets 9717 canonical rows 3543 nnz 14373 (obstructed fixed targets cancelled: 588) [0s, HWM 0.07 GB]
    E_23: |H|=1 targets 5734 canonical rows 5643 nnz 11668 (obstructed fixed targets cancelled: 0) [0s, HWM 0.07 GB]
    E_34: |H|=1 targets 10004 canonical rows 0 nnz 0 (obstructed fixed targets cancelled: 0) [0s, HWM 0.07 GB]
  built (28, 10, 4, 1, 1) d11: N_S=15838 |Stab|=2 n_chi=5834 rows=13512 nnz=48698 (0s: mono 0s orbits 0s rows 0s; HWM 0.07 GB)
    level 0 (3,2): 6792 rows, nnz 258687 (full: 13548 rows, nnz 258722)
    level 0 (3,2): 6792 rows, nnz 258694 (full: 13548 rows, nnz 258722)
    wied[c28_10_4_1_1d11_det p=2147483647 lvl=0 seed=1 k=0]: NONSINGULAR SEQ n=5834 nrows=6792 nnz=258687 k=0 len=11668 secs=8.2 | BM deg=5834 f0=868497283 secs=8.7 (9s)
    level 0 (3,2): 5462 rows, nnz 36274 (full: 10923 rows, nnz 36304); floor k0=0
    wied[c28_10_4_1_1d11_det p=2147483629 lvl=0 seed=1 k=0]: NONSINGULAR SEQ n=5834 nrows=6792 nnz=258694 k=0 len=11668 secs=8.3 | BM deg=5834 f0=1185346282 secs=8.8 (9s)
    level 0 (3,2): 5462 rows, nnz 36275 (full: 10923 rows, nnz 36304); floor k0=0
    wied[c28_10_4_1_1d11_star p=2147483647 lvl=0 seed=101 k_extra=0 exhibited=0]: NONSINGULAR SEQ n=4303 nrows=5462 nnz=36274 k=0 len=8606 secs=1.1 | BM deg=4303 f0=1634237864 secs=1.3 (1s)
    level 0 (3,2): 6792 rows, nnz 258411 (full: 13548 rows, nnz 258454); floor k0=0
    wied[c28_10_4_1_1d11_star p=2147483629 lvl=0 seed=101 k_extra=0 exhibited=0]: NONSINGULAR SEQ n=4303 nrows=5462 nnz=36275 k=0 len=8606 secs=1.1 | BM deg=4303 f0=1486444829 secs=1.3 (1s)
    level 0 (3,2): 6792 rows, nnz 258424 (full: 13548 rows, nnz 258454); floor k0=0
    wied[c28_10_4_1_1d11_redpts p=2147483647 lvl=0 seed=201 k_extra=0 exhibited=0]: NONSINGULAR SEQ n=5834 nrows=6792 nnz=258411 k=0 len=11668 secs=8.4 | BM deg=5834 f0=164846830 secs=8.8 (9s)
    wied[c28_10_4_1_1d11_redpts p=2147483629 lvl=0 seed=201 k_extra=0 exhibited=0]: NONSINGULAR SEQ n=5834 nrows=6792 nnz=258424 k=0 len=11668 secs=8.3 | BM deg=5834 f0=795403265 secs=8.8 (9s)
  RESULT (28, 10, 4, 1, 1) d11: a=28 n_chi=5834 route=sparse mult_det=28 mult_red(star)=28 mult_red(pts)=28 D=0  (19.6s, HWM 0.07 GB)
