      level 1: 37 prefixes
      level 2: 343 prefixes
      level 3: 1498 prefixes
      level 4: 4099 prefixes
      level 5: 7271 prefixes
      level 6: 8600 prefixes
      level 7: 8776 prefixes
      level 8: 8776 prefixes
  lam=(16, 11, 2, 2, 1): N_S=8776 |Stab|=2 n_chi=4848 (orbits dropped: 0) [lean, 0s, HWM 0.06 GB]
    E_01: |H|=2 targets 7572 canonical rows 4192 nnz 20291 (obstructed fixed targets cancelled: 0) [0s, HWM 0.06 GB]
    E_12: |H|=1 targets 3331 canonical rows 3331 nnz 14174 (obstructed fixed targets cancelled: 0) [0s, HWM 0.06 GB]
    E_23: |H|=1 targets 6675 canonical rows 6675 nnz 12319 (obstructed fixed targets cancelled: 0) [0s, HWM 0.07 GB]
    E_34: |H|=1 targets 4216 canonical rows 4216 nnz 8776 (obstructed fixed targets cancelled: 0) [0s, HWM 0.07 GB]
  built (16, 11, 2, 2, 1) d8: N_S=8776 |Stab|=2 n_chi=4848 rows=18414 nnz=55560 (0s: mono 0s orbits 0s rows 0s; HWM 0.07 GB)
    level 0 (3,2): 7323 rows, nnz 136098 (full: 18433 rows, nnz 147672)
    level 0 (3,2): 7323 rows, nnz 136249 (full: 18433 rows, nnz 147672)
    wied[c16_11_2_2_1d8_det p=2147483647 lvl=0 seed=1 k=0]: NONSINGULAR SEQ n=4848 nrows=7323 nnz=136249 k=0 len=9696 secs=3.9 | BM deg=4848 f0=812272566 secs=4.2 (4s)
    wied[c16_11_2_2_1d8_det p=2147483629 lvl=0 seed=1 k=0]: NONSINGULAR SEQ n=4848 nrows=7323 nnz=136098 k=0 len=9696 secs=3.9 | BM deg=4848 f0=940929397 secs=4.2 (4s)
    level 0 (3,2): 5695 rows, nnz 32482 (full: 15257 rows, nnz 43647); floor k0=0
    level 0 (3,2): 5695 rows, nnz 32574 (full: 15257 rows, nnz 43647); floor k0=0
    wied[c16_11_2_2_1d8_star p=2147483629 lvl=0 seed=101 k_extra=0 exhibited=0]: NONSINGULAR SEQ n=3775 nrows=5695 nnz=32574 k=0 len=7550 secs=1.0 | BM deg=3775 f0=291850492 secs=1.2 (1s)
    level 0 (3,2): 7323 rows, nnz 136107 (full: 18433 rows, nnz 147672); floor k0=0
    wied[c16_11_2_2_1d8_star p=2147483647 lvl=0 seed=101 k_extra=0 exhibited=0]: KERNEL SEQ n=3775 nrows=5695 nnz=32482 k=0 len=7550 secs=1.0 | BM deg=3775 f0=0 secs=1.2 | DONE secs=1.8 (2s)
    (kernel vector of the compressed matrix is not in ker F: escalate)
    level 1 (12,2): 7629 rows, nnz 43620 (full: 15257 rows, nnz 43647); floor k0=0
    wied[c16_11_2_2_1d8_star p=2147483647 lvl=1 seed=102 k_extra=0 exhibited=0]: NONSINGULAR SEQ n=3775 nrows=7629 nnz=43620 k=0 len=7550 secs=1.2 | BM deg=3775 f0=1247137379 secs=1.4 (3s)
    level 0 (3,2): 7323 rows, nnz 136211 (full: 18433 rows, nnz 147672); floor k0=0
    wied[c16_11_2_2_1d8_redpts p=2147483629 lvl=0 seed=201 k_extra=0 exhibited=0]: NONSINGULAR SEQ n=4848 nrows=7323 nnz=136107 k=0 len=9696 secs=4.0 | BM deg=4848 f0=350119517 secs=4.3 (4s)
    wied[c16_11_2_2_1d8_redpts p=2147483647 lvl=0 seed=201 k_extra=0 exhibited=0]: NONSINGULAR SEQ n=4848 nrows=7323 nnz=136211 k=0 len=9696 secs=3.9 | BM deg=4848 f0=25077028 secs=4.2 (4s)
  RESULT (16, 11, 2, 2, 1) d8: a=11 n_chi=4848 route=sparse mult_det=11 mult_red(star)=11 mult_red(pts)=11 D=0  (11.8s, HWM 0.07 GB)
