      level 1: 31 prefixes
      level 2: 222 prefixes
      level 3: 764 prefixes
      level 4: 2123 prefixes
      level 5: 4523 prefixes
      level 6: 6526 prefixes
      level 7: 7351 prefixes
      level 8: 7515 prefixes
      level 9: 7522 prefixes
      level 10: 7522 prefixes
      level 11: 7522 prefixes
      level 12: 7522 prefixes
  lam=(30, 14, 2, 1, 1): N_S=7522 |Stab|=2 n_chi=2666 (orbits dropped: 2190) [lean, 0s, HWM 0.06 GB]
    E_01: |H|=2 targets 6304 canonical rows 2233 nnz 11175 (obstructed fixed targets cancelled: 697) [0s, HWM 0.07 GB]
    E_12: |H|=2 targets 2801 canonical rows 967 nnz 4096 (obstructed fixed targets cancelled: 242) [0s, HWM 0.07 GB]
    E_23: |H|=1 targets 3715 canonical rows 3514 nnz 5332 (obstructed fixed targets cancelled: 0) [0s, HWM 0.07 GB]
    E_34: |H|=1 targets 4856 canonical rows 0 nnz 0 (obstructed fixed targets cancelled: 0) [0s, HWM 0.07 GB]
  built (30, 14, 2, 1, 1) d12: N_S=7522 |Stab|=2 n_chi=2666 rows=6714 nnz=20603 (0s: mono 0s orbits 0s rows 0s; HWM 0.07 GB)
    dense kernel [compressed] p=2147483629: nullity 6 = a, rank 2660, all vectors verified on the full E (5s, HWM 0.22 GB)
    dense kernel [compressed] p=2147483647: nullity 6 = a, rank 2660, all vectors verified on the full E (5s, HWM 0.22 GB)
  RESULT (30, 14, 2, 1, 1) d12: a=6 n_chi=2666 route=dense mult_det=6 mult_red(star)=6 mult_red(pts)=6 D=0  (6.7s, HWM 0.22 GB)
