      level 1: 53 prefixes
      level 2: 841 prefixes
      level 3: 4839 prefixes
      level 4: 9524 prefixes
      level 5: 10607 prefixes
      level 6: 10638 prefixes
      level 7: 10638 prefixes
      level 8: 10638 prefixes
  lam=(20, 5, 3, 2, 2): N_S=10638 |Stab|=2 n_chi=5863 (orbits dropped: 0) [lean, 0s, HWM 0.06 GB]
    E_01: |H|=2 targets 6044 canonical rows 3360 nnz 16577 (obstructed fixed targets cancelled: 0) [0s, HWM 0.07 GB]
    E_12: |H|=2 targets 7256 canonical rows 4043 nnz 12303 (obstructed fixed targets cancelled: 0) [0s, HWM 0.07 GB]
    E_23: |H|=1 targets 6894 canonical rows 6894 nnz 17213 (obstructed fixed targets cancelled: 0) [0s, HWM 0.07 GB]
    E_34: |H|=1 targets 8111 canonical rows 8111 nnz 14947 (obstructed fixed targets cancelled: 0) [0s, HWM 0.07 GB]
  built (20, 5, 3, 2, 2) d8: N_S=10638 |Stab|=2 n_chi=5863 rows=22408 nnz=61040 (0s: mono 0s orbits 0s rows 0s; HWM 0.07 GB)
    level 0 (3,2): 8839 rows, nnz 118516 (full: 22420 rows, nnz 131396)
    level 0 (3,2): 8839 rows, nnz 118396 (full: 22420 rows, nnz 131396)
    wied[c20_5_3_2_2d8_det p=2147483629 lvl=0 seed=1 k=0]: NONSINGULAR SEQ n=5863 nrows=8839 nnz=118516 k=0 len=11726 secs=4.3 | BM deg=5863 f0=151336246 secs=4.7 (5s)
    level 0 (3,2): 5081 rows, nnz 24900 (full: 14255 rows, nnz 34954); floor k0=0
    wied[c20_5_3_2_2d8_det p=2147483647 lvl=0 seed=1 k=0]: NONSINGULAR SEQ n=5863 nrows=8839 nnz=118396 k=0 len=11726 secs=4.3 | BM deg=5863 f0=1626317073 secs=4.7 (5s)
    level 0 (3,2): 5081 rows, nnz 24875 (full: 14255 rows, nnz 34954); floor k0=0
    wied[c20_5_3_2_2d8_star p=2147483629 lvl=0 seed=101 k_extra=0 exhibited=0]: NONSINGULAR SEQ n=3366 nrows=5081 nnz=24900 k=0 len=6732 secs=0.7 | BM deg=3366 f0=1906398863 secs=0.8 (1s)
    level 0 (3,2): 8839 rows, nnz 118455 (full: 22420 rows, nnz 131396); floor k0=0
    wied[c20_5_3_2_2d8_star p=2147483647 lvl=0 seed=101 k_extra=0 exhibited=0]: NONSINGULAR SEQ n=3366 nrows=5081 nnz=24875 k=0 len=6732 secs=0.7 | BM deg=3366 f0=1066148277 secs=0.9 (1s)
    level 0 (3,2): 8839 rows, nnz 118448 (full: 22420 rows, nnz 131396); floor k0=0
    wied[c20_5_3_2_2d8_redpts p=2147483629 lvl=0 seed=201 k_extra=0 exhibited=0]: NONSINGULAR SEQ n=5863 nrows=8839 nnz=118455 k=0 len=11726 secs=4.2 | BM deg=5863 f0=906859542 secs=4.6 (5s)
    wied[c20_5_3_2_2d8_redpts p=2147483647 lvl=0 seed=201 k_extra=0 exhibited=0]: NONSINGULAR SEQ n=5863 nrows=8839 nnz=118448 k=0 len=11726 secs=4.3 | BM deg=5863 f0=1093203428 secs=4.7 (5s)
  RESULT (20, 5, 3, 2, 2) d8: a=4 n_chi=5863 route=sparse mult_det=4 mult_red(star)=4 mult_red(pts)=4 D=0  (10.7s, HWM 0.07 GB)
