      level 1: 44 prefixes
      level 2: 657 prefixes
      level 3: 5417 prefixes
      level 4: 17721 prefixes
      level 5: 25456 prefixes
      level 6: 25456 prefixes
  lam=(9, 6, 5, 2, 2): N_S=25456 |Stab|=2 n_chi=13733 (orbits dropped: 0) [lean, 0s, HWM 0.07 GB]
    E_01: |H|=2 targets 19751 canonical rows 10685 nnz 45462 (obstructed fixed targets cancelled: 0) [0s, HWM 0.07 GB]
    E_12: |H|=2 targets 21215 canonical rows 11473 nnz 41103 (obstructed fixed targets cancelled: 0) [0s, HWM 0.07 GB]
    E_23: |H|=1 targets 12788 canonical rows 12788 nnz 42342 (obstructed fixed targets cancelled: 0) [0s, HWM 0.07 GB]
    E_34: |H|=1 targets 19188 canonical rows 19188 nnz 37114 (obstructed fixed targets cancelled: 0) [0s, HWM 0.07 GB]
  built (9, 6, 5, 2, 2) d6: N_S=25456 |Stab|=2 n_chi=13733 rows=54134 nnz=166021 (0s: mono 0s orbits 0s rows 0s; HWM 0.07 GB)
    level 0 (3,2): 20643 rows, nnz 277381 (full: 54145 rows, nnz 317084)
    level 0 (3,2): 20643 rows, nnz 277697 (full: 54145 rows, nnz 317084)
    wied[c9_6_5_2_2d6_det p=2147483629 lvl=0 seed=1 k=0]: NONSINGULAR SEQ n=13733 nrows=20643 nnz=277381 k=0 len=27466 secs=25.3 | BM deg=13733 f0=183338547 secs=27.9 (28s)
    level 0 (3,2): 18472 rows, nnz 110564 (full: 49773 rows, nnz 148995); floor k0=0
    wied[c9_6_5_2_2d6_det p=2147483647 lvl=0 seed=1 k=0]: NONSINGULAR SEQ n=13733 nrows=20643 nnz=277697 k=0 len=27466 secs=25.4 | BM deg=13733 f0=336110634 secs=28.0 (28s)
    level 0 (3,2): 18472 rows, nnz 110630 (full: 49773 rows, nnz 148995); floor k0=0
    wied[c9_6_5_2_2d6_star p=2147483629 lvl=0 seed=101 k_extra=0 exhibited=0]: NONSINGULAR SEQ n=12293 nrows=18472 nnz=110564 k=0 len=24586 secs=11.5 | BM deg=12293 f0=469759645 secs=13.7 (14s)
    wied[c9_6_5_2_2d6_star p=2147483647 lvl=0 seed=101 k_extra=0 exhibited=0]: NONSINGULAR SEQ n=12293 nrows=18472 nnz=110630 k=0 len=24586 secs=11.5 | BM deg=12293 f0=1716624810 secs=13.6 (14s)
    level 0 (3,2): 20643 rows, nnz 277784 (full: 54145 rows, nnz 317084); floor k0=0
    level 0 (3,2): 20643 rows, nnz 277620 (full: 54145 rows, nnz 317084); floor k0=0
    wied[c9_6_5_2_2d6_redpts p=2147483647 lvl=0 seed=201 k_extra=0 exhibited=0]: NONSINGULAR SEQ n=13733 nrows=20643 nnz=277620 k=0 len=27466 secs=25.0 | BM deg=13733 f0=720496129 secs=27.7 (28s)
    wied[c9_6_5_2_2d6_redpts p=2147483629 lvl=0 seed=201 k_extra=0 exhibited=0]: NONSINGULAR SEQ n=13733 nrows=20643 nnz=277784 k=0 len=27466 secs=25.0 | BM deg=13733 f0=1709359663 secs=27.7 (28s)
  RESULT (9, 6, 5, 2, 2) d6: a=3 n_chi=13733 route=sparse mult_det=3 mult_red(star)=3 mult_red(pts)=3 D=0  (70.3s, HWM 0.07 GB)
