      level 1: 27 prefixes
      level 2: 261 prefixes
      level 3: 1395 prefixes
      level 4: 6570 prefixes
      level 5: 23189 prefixes
      level 6: 55255 prefixes
      level 7: 89165 prefixes
      level 8: 101838 prefixes
      level 9: 101838 prefixes
  lam=(13, 13, 8, 1, 1): N_S=101838 |Stab|=4 n_chi=20099 (orbits dropped: 11122) [lean, 0s, HWM 0.09 GB]
    E_01: |H|=2 targets 99005 canonical rows 38803 nnz 196998 (obstructed fixed targets cancelled: 5935) [0s, HWM 0.09 GB]
    E_12: |H|=2 targets 79556 canonical rows 31058 nnz 157186 (obstructed fixed targets cancelled: 4821) [1s, HWM 0.09 GB]
    E_23: |H|=2 targets 25137 canonical rows 12461 nnz 39711 (obstructed fixed targets cancelled: 169) [1s, HWM 0.09 GB]
    E_34: |H|=2 targets 61853 canonical rows 0 nnz 0 (obstructed fixed targets cancelled: 256) [1s, HWM 0.09 GB]
  built (13, 13, 8, 1, 1) d9: N_S=101838 |Stab|=4 n_chi=20099 rows=82322 nnz=393895 (1s: mono 0s orbits 0s rows 1s; HWM 0.09 GB)
    level 0 (3,2): 30208 rows, nnz 831459 (full: 82349 rows, nnz 936568)
    level 0 (3,2): 30208 rows, nnz 831780 (full: 82349 rows, nnz 936568)
    wied[c13_13_8_1_1d9_det p=2147483647 lvl=0 seed=77 k=0]: NONSINGULAR SEQ n=20099 nrows=30208 nnz=831459 k=0 len=40198 secs=98.9 | BM deg=20099 f0=730713269 secs=104.5 (210s)
    level 0 (3,2): 28858 rows, nnz 270443 (full: 80389 rows, nnz 376934); floor k0=2
    wied[c13_13_8_1_1d9_det p=2147483629 lvl=0 seed=77 k=0]: NONSINGULAR SEQ n=20099 nrows=30208 nnz=831780 k=0 len=40198 secs=99.3 | BM deg=20099 f0=2140605697 secs=104.8 (211s)
    level 0 (3,2): 28858 rows, nnz 270447 (full: 80389 rows, nnz 376934); floor k0=2
    wied[c13_13_8_1_1d9_star p=2147483647 lvl=0 seed=177 k_extra=2 exhibited=0]: KERNEL SEQ n=19217 nrows=28858 nnz=270443 k=2 len=38434 secs=43.4 | BM deg=19216 f0=0 secs=48.5 | DONE secs=73.9 (149s)
    wied[c13_13_8_1_1d9_star p=2147483629 lvl=0 seed=177 k_extra=2 exhibited=0]: KERNEL SEQ n=19217 nrows=28858 nnz=270447 k=2 len=38434 secs=43.5 | BM deg=19216 f0=0 secs=48.6 | DONE secs=74.1 (149s)
    wied[c13_13_8_1_1d9_star p=2147483647 lvl=0 seed=178 k_extra=2 exhibited=1]: KERNEL SEQ n=19217 nrows=28858 nnz=270443 k=2 len=38434 secs=43.8 | BM deg=19216 f0=0 secs=48.8 | DONE secs=74.4 (298s)
    wied[c13_13_8_1_1d9_star p=2147483629 lvl=0 seed=178 k_extra=2 exhibited=1]: KERNEL SEQ n=19217 nrows=28858 nnz=270447 k=2 len=38434 secs=43.8 | BM deg=19216 f0=0 secs=48.9 | DONE secs=74.5 (299s)
    wied[c13_13_8_1_1d9_star p=2147483647 lvl=0 seed=179 k_extra=2 exhibited=2]: KERNEL SEQ n=19217 nrows=28858 nnz=270443 k=2 len=38434 secs=42.8 | BM deg=19216 f0=0 secs=47.9 | DONE secs=73.1 (445s)
    wied[c13_13_8_1_1d9_star p=2147483629 lvl=0 seed=179 k_extra=2 exhibited=2]: KERNEL SEQ n=19217 nrows=28858 nnz=270447 k=2 len=38434 secs=43.2 | BM deg=19216 f0=0 secs=48.2 | DONE secs=73.8 (448s)
    wied[c13_13_8_1_1d9_star p=2147483647 lvl=0 seed=180 k_extra=3 exhibited=3]: KERNEL SEQ n=19217 nrows=28858 nnz=270443 k=3 len=38434 secs=46.8 | BM deg=19217 f0=0 secs=51.9 | DONE secs=79.2 (604s)
    wied[c13_13_8_1_1d9_star p=2147483629 lvl=0 seed=180 k_extra=3 exhibited=3]: KERNEL SEQ n=19217 nrows=28858 nnz=270447 k=3 len=38434 secs=47.0 | BM deg=19217 f0=0 secs=52.1 | DONE secs=79.2 (608s)
    wied[c13_13_8_1_1d9_star p=2147483647 lvl=0 seed=181 k_extra=4 exhibited=4]: NONSINGULAR SEQ n=19217 nrows=28858 nnz=270443 k=4 len=38434 secs=49.8 | BM deg=19217 f0=1519059499 secs=54.9 (715s)
    wied[c13_13_8_1_1d9_star p=2147483629 lvl=0 seed=181 k_extra=4 exhibited=4]: NONSINGULAR SEQ n=19217 nrows=28858 nnz=270447 k=4 len=38434 secs=50.0 | BM deg=19217 f0=902273684 secs=55.1 (717s)
  RESULT (13, 13, 8, 1, 1) d9: a=19 n_chi=20099 route=sparse mult_det=19 mult_red(star)=15 mult_red(pts)=None D=-4  (929.4s, HWM 0.11 GB)
RESULT {"lam": [13, 13, 8, 1, 1], "delta": 9, "ell": 5, "a": 19, "K": 27, "N_S": 101838, "stab": 4, "n_chi": 20099, "n_red": 19217, "nrows": 82322, "nnz": 393895, "nfixed": 11181, "build_secs": 1.2, "build_hwm_gb": 0.09, "route": "sparse", "levels": "cheap", "seeds": {"det": 1011, "red": 2029, "wied": 77}, "bound": 40, "primes": [2147483647, 2147483629], "h_pad": 17, "floor_red_nullity": 2, "per_prime": {"2147483647": {"sides": {"det": {"nullity": 0, "level": 0, "diag": [{"level": 0, "seed": 77, "status": "NONSINGULAR", "note": "SEQ n=20099 nrows=30208 nnz=831459 k=0 len=40198 secs=98.9 | BM deg=20099 f0=730713269 secs=104.5", "rows": 30208, "nnz": 831459}], "secs": 209.8, "instrument": "sparse [E; ev_det]", "mult": 19, "exact": true}, "red_star": {"nullity": 4, "level": 0, "diag": [{"level": 0, "seed": 177, "k_extra": 2, "exhibited": 0, "status": "KERNEL", "note": "SEQ n=19217 nrows=28858 nnz=270443 k=2 len=38434 secs=43.4 | BM deg=19216 f0=0 secs=48.5 | DONE secs=73.9", "rows": 28858, "nnz": 270443}, {"level": 0, "seed": 178, "k_extra": 2, "exhibited": 1, "status": "KERNEL", "note": "SEQ n=19217 nrows=28858 nnz=270443 k=2 len=38434 secs=43.8 | BM deg=19216 f0=0 secs=48.8 | DONE secs=74.4", "rows": 28858, "nnz": 270443}, {"level": 0, "seed": 179, "k_extra": 2, "exhibited": 2, "status": "KERNEL", "note": "SEQ n=19217 nrows=28858 nnz=270443 k=2 len=38434 secs=42.8 | BM deg=19216 f0=0 secs=47.9 | DONE secs=73.1", "rows": 28858, "nnz": 270443}, {"level": 0, "seed": 180, "k_extra": 3, "exhibited": 3, "status": "KERNEL", "note": "SEQ n=19217 nrows=28858 nnz=270443 k=3 len=38434 secs=46.8 | BM deg=19217 f0=0 secs=51.9 | DONE secs=79.2", "rows": 28858, "nnz": 270443}, {"level": 0, "seed": 181, "k_extra": 4, "exhibited": 4, "status": "NONSINGULAR", "note": "SEQ n=19217 nrows=28858 nnz=270443 k=4 len=38434 secs=49.8 | BM deg=19217 f0=1519059499 secs=54.9", "rows": 28858, "nnz": 270443}], "exact": true, "floor": 2, "secs": 715.3, "instrument": "sparse (star) E_red with floor a-h_pad=2", "mult": 15, "rows": 80389, "nnz": 376934}}, "ev_secs": 0.6, "n_red": 19217, "secs": 925.7, "hwm_gb": 0.11}, "2147483629": {"sides": {"det": {"nullity": 0, "level": 0, "diag": [{"level": 0, "seed": 77, "status": "NONSINGULAR", "note": "SEQ n=20099 nrows=30208 nnz=831780 k=0 len=40198 secs=99.3 | BM deg=20099 f0=2140605697 secs=104.8", "rows": 30208, "nnz": 831780}], "secs": 210.9, "instrument": "sparse [E; ev_det]", "mult": 19, "exact": true}, "red_star": {"nullity": 4, "level": 0, "diag": [{"level": 0, "seed": 177, "k_extra": 2, "exhibited": 0, "status": "KERNEL", "note": "SEQ n=19217 nrows=28858 nnz=270447 k=2 len=38434 secs=43.5 | BM deg=19216 f0=0 secs=48.6 | DONE secs=74.1", "rows": 28858, "nnz": 270447}, {"level": 0, "seed": 178, "k_extra": 2, "exhibited": 1, "status": "KERNEL", "note": "SEQ n=19217 nrows=28858 nnz=270447 k=2 len=38434 secs=43.8 | BM deg=19216 f0=0 secs=48.9 | DONE secs=74.5", "rows": 28858, "nnz": 270447}, {"level": 0, "seed": 179, "k_extra": 2, "exhibited": 2, "status": "KERNEL", "note": "SEQ n=19217 nrows=28858 nnz=270447 k=2 len=38434 secs=43.2 | BM deg=19216 f0=0 secs=48.2 | DONE secs=73.8", "rows": 28858, "nnz": 270447}, {"level": 0, "seed": 180, "k_extra": 3, "exhibited": 3, "status": "KERNEL", "note": "SEQ n=19217 nrows=28858 nnz=270447 k=3 len=38434 secs=47.0 | BM deg=19217 f0=0 secs=52.1 | DONE secs=79.2", "rows": 28858, "nnz": 270447}, {"level": 0, "seed": 181, "k_extra": 4, "exhibited": 4, "status": "NONSINGULAR", "note": "SEQ n=19217 nrows=28858 nnz=270447 k=4 len=38434 secs=50.0 | BM deg=19217 f0=902273684 secs=55.1", "rows": 28858, "nnz": 270447}], "exact": true, "floor": 2, "secs": 716.6, "instrument": "sparse (star) E_red with floor a-h_pad=2", "mult": 15, "rows": 80389, "nnz": 376934}}, "ev_secs": 0.6, "n_red": 19217, "secs": 928.1, "hwm_gb": 0.11}}, "sides": {"det": {"mult": 19, "per_prime": {"2147483647": 19, "2147483629": 19}, "primes_agree": true, "exact": true, "instrument": "sparse [E; ev_det]", "status": "proved (nullity 0 at both primes)"}, "red_star": {"mult": 15, "per_prime": {"2147483647": 15, "2147483629": 15}, "primes_agree": true, "exact": true, "instrument": "sparse (star) E_red with floor a-h_pad=2", "status": "measured (nullity 4, two primes); mult >= 15 proved"}}, "mult_det": 19, "mult_red_star": 15, "mult_red_pts": null, "mult_red": 15, "star_eq_pts": null, "D": -4, "refute": false, "ok": true, "secs": 929.4, "hwm_gb": 0.11}
