      level 1: 34 prefixes
      level 2: 402 prefixes
      level 3: 2592 prefixes
      level 4: 10402 prefixes
      level 5: 24397 prefixes
      level 6: 33100 prefixes
      level 7: 34960 prefixes
      level 8: 35068 prefixes
      level 9: 35068 prefixes
  lam=(19, 8, 7, 1, 1): N_S=35068 |Stab|=2 n_chi=13419 (orbits dropped: 8230) [lean, 0s, HWM 0.07 GB]
    E_01: |H|=2 targets 24865 canonical rows 9438 nnz 50191 (obstructed fixed targets cancelled: 2045) [0s, HWM 0.07 GB]
    E_12: |H|=2 targets 31048 canonical rows 11834 nnz 47330 (obstructed fixed targets cancelled: 1436) [0s, HWM 0.07 GB]
    E_23: |H|=1 targets 9598 canonical rows 9579 nnz 26838 (obstructed fixed targets cancelled: 0) [0s, HWM 0.07 GB]
    E_34: |H|=1 targets 21649 canonical rows 0 nnz 0 (obstructed fixed targets cancelled: 0) [0s, HWM 0.07 GB]
  built (19, 8, 7, 1, 1) d9: N_S=35068 |Stab|=2 n_chi=13419 rows=30851 nnz=124359 (0s: mono 0s orbits 0s rows 0s; HWM 0.07 GB)
    level 0 (3,2): 15463 rows, nnz 620834 (full: 30888 rows, nnz 620862)
    level 0 (3,2): 15463 rows, nnz 620830 (full: 30888 rows, nnz 620862)
    wied[c19_8_7_1_1d9_det p=2147483647 lvl=0 seed=1 k=0]: NONSINGULAR SEQ n=13419 nrows=15463 nnz=620834 k=0 len=26838 secs=47.7 | BM deg=13419 f0=189526237 secs=50.0 (101s)
    level 0 (3,2): 13496 rows, nnz 103347 (full: 26992 rows, nnz 103382); floor k0=0
    wied[c19_8_7_1_1d9_star p=2147483647 lvl=0 seed=101 k_extra=0 exhibited=0]: NONSINGULAR SEQ n=11110 nrows=13496 nnz=103347 k=0 len=22220 secs=8.3 | BM deg=11110 f0=1081696608 secs=10.0 (20s)
    wied[c19_8_7_1_1d9_det p=2147483629 lvl=0 seed=1 k=0]: KERNEL SEQ n=13419 nrows=15463 nnz=620830 k=0 len=26838 secs=47.4 | BM deg=13369 f0=0 secs=49.8 | DONE secs=75.1 (136s)
    (kernel vector of the compressed matrix is not in ker[E; ev]: escalate)
    level 1 (12,2): 15463 rows, nnz 620820 (full: 30888 rows, nnz 620862)
    wied[c19_8_7_1_1d9_det p=2147483629 lvl=1 seed=2 k=0]: KERNEL SEQ n=13419 nrows=15463 nnz=620820 k=0 len=26838 secs=47.2 | BM deg=13356 f0=0 secs=49.7 | DONE secs=75.4 (213s)
    (kernel vector of the compressed matrix is not in ker[E; ev]: escalate)
    level 2 (None,1): 30888 rows, nnz 620862 (full: 30888 rows, nnz 620862)
    wied[c19_8_7_1_1d9_det p=2147483629 lvl=2 seed=3 k=0]: NONSINGULAR SEQ n=13419 nrows=30888 nnz=620862 k=0 len=26838 secs=47.9 | BM deg=13419 f0=1027095288 secs=50.4 (264s)
    level 0 (3,2): 13496 rows, nnz 103338 (full: 26992 rows, nnz 103382); floor k0=0
    wied[c19_8_7_1_1d9_star p=2147483629 lvl=0 seed=101 k_extra=0 exhibited=0]: NONSINGULAR SEQ n=11110 nrows=13496 nnz=103338 k=0 len=22220 secs=8.3 | BM deg=11110 f0=246041904 secs=10.0 (10s)
  RESULT (19, 8, 7, 1, 1) d9: a=29 n_chi=13419 route=sparse mult_det=29 mult_red(star)=29 mult_red(pts)=None D=0  (275.0s, HWM 0.1 GB)
