[s60_d6] 1: d6 (12, 5, 5, 1, 1) a=2 h_pad=5 n_chi~524 N_S=2795 red_points=always ...
[s60_d6] banked d6 (12, 5, 5, 1, 1): measured route=dense mult_det=2 mult_red(star)=2 mult_red(pts)=2 D=0 ok=True (0.6s, HWM 0.09 GB) [1s elapsed]
[s60_d6] 2: d6 (9, 9, 4, 1, 1) a=2 h_pad=4 n_chi~736 N_S=3852 red_points=always ...
[s60_d6] banked d6 (9, 9, 4, 1, 1): measured route=dense mult_det=2 mult_red(star)=2 mult_red(pts)=2 D=0 ok=True (1.4s, HWM 0.11 GB) [3s elapsed]
[s60_d6] 3: d6 (13, 5, 2, 2, 2) a=2 h_pad=12 n_chi~825 N_S=3672 red_points=always ...
[s60_d6] banked d6 (13, 5, 2, 2, 2): measured route=dense mult_det=2 mult_red(star)=2 mult_red(pts)=2 D=0 ok=True (3.3s, HWM 0.22 GB) [6s elapsed]
[s60_d6] 4: d6 (12, 6, 4, 1, 1) a=2 h_pad=12 n_chi~927 N_S=2553 red_points=always ...
[s60_d6] banked d6 (12, 6, 4, 1, 1): measured route=dense mult_det=2 mult_red(star)=2 mult_red(pts)=2 D=0 ok=True (1.1s, HWM 0.11 GB) [8s elapsed]
[s60_d6] 5: d6 (12, 6, 2, 2, 2) a=4 h_pad=16 n_chi~1162 N_S=5194 red_points=always ...
[s60_d6] banked d6 (12, 6, 2, 2, 2): measured route=dense mult_det=4 mult_red(star)=4 mult_red(pts)=4 D=0 ok=True (7.6s, HWM 0.39 GB) [15s elapsed]
[s60_d6] 6: d6 (11, 7, 4, 1, 1) a=4 h_pad=14 n_chi~1187 N_S=3209 red_points=always ...
[s60_d6] banked d6 (11, 7, 4, 1, 1): measured route=dense mult_det=4 mult_red(star)=4 mult_red(pts)=4 D=0 ok=True (2.3s, HWM 0.15 GB) [18s elapsed]
[s60_d6] 7: d6 (8, 7, 7, 1, 1) a=2 h_pad=2 n_chi~1300 N_S=6718 red_points=always ...
[s60_d6] banked d6 (8, 7, 7, 1, 1): measured route=dense mult_det=2 mult_red(star)=2 mult_red(pts)=2 D=0 ok=True (5.7s, HWM 0.3 GB) [24s elapsed]
[s60_d6] 8: d6 (10, 8, 4, 1, 1) a=2 h_pad=10 n_chi~1362 N_S=3686 red_points=always ...
[s60_d6] banked d6 (10, 8, 4, 1, 1): measured route=dense mult_det=2 mult_red(star)=2 mult_red(pts)=2 D=0 ok=True (3.0s, HWM 0.18 GB) [27s elapsed]
[s60_d6] 9: d6 (11, 6, 5, 1, 1) a=2 h_pad=8 n_chi~1423 N_S=3818 red_points=always ...
[s60_d6] banked d6 (11, 6, 5, 1, 1): measured route=dense mult_det=2 mult_red(star)=2 mult_red(pts)=2 D=0 ok=True (3.3s, HWM 0.19 GB) [31s elapsed]
[s60_d6] 10: d6 (11, 7, 2, 2, 2) a=2 h_pad=14 n_chi~1435 N_S=6563 red_points=always ...
[s60_d6] banked d6 (11, 7, 2, 2, 2): measured route=dense mult_det=2 mult_red(star)=2 mult_red(pts)=2 D=0 ok=True (13.1s, HWM 0.59 GB) [44s elapsed]
[s60_d6] 11: d6 (11, 8, 2, 2, 1) a=3 h_pad=13 n_chi~1619 N_S=2919 red_points=always ...
[s60_d6] banked d6 (11, 8, 2, 2, 1): measured route=dense mult_det=3 mult_red(star)=3 mult_red(pts)=3 D=0 ok=True (7.1s, HWM 0.35 GB) [52s elapsed]
[s60_d6] 12: d6 (13, 4, 4, 2, 1) a=2 h_pad=12 n_chi~1667 N_S=3199 red_points=always ...
[s60_d6] banked d6 (13, 4, 4, 2, 1): measured route=dense mult_det=2 mult_red(star)=2 mult_red(pts)=2 D=0 ok=True (8.6s, HWM 0.4 GB) [61s elapsed]
[s60_d6] 13: d6 (10, 8, 2, 2, 2) a=3 h_pad=11 n_chi~1661 N_S=7576 red_points=always ...
[s60_d6] banked d6 (10, 8, 2, 2, 2): measured route=dense mult_det=3 mult_red(star)=3 mult_red(pts)=3 D=0 ok=True (20.5s, HWM 0.77 GB) [81s elapsed]
[s60_d6] 14: d6 (10, 9, 2, 2, 1) a=2 h_pad=7 n_chi~1759 N_S=3176 red_points=always ...
[s60_d6] banked d6 (10, 9, 2, 2, 1): measured route=dense mult_det=2 mult_red(star)=2 mult_red(pts)=2 D=0 ok=True (9.1s, HWM 0.4 GB) [91s elapsed]
[s60_d6] 15: d6 (10, 7, 5, 1, 1) a=4 h_pad=10 n_chi~1757 N_S=4672 red_points=always ...
[s60_d6] banked d6 (10, 7, 5, 1, 1): measured route=dense mult_det=4 mult_red(star)=4 mult_red(pts)=4 D=0 ok=True (6.0s, HWM 0.27 GB) [97s elapsed]
[s60_d6] 16: d6 (9, 8, 5, 1, 1) a=2 h_pad=6 n_chi~1947 N_S=5159 red_points=always ...
[s60_d6] banked d6 (9, 8, 5, 1, 1): measured route=dense mult_det=2 mult_red(star)=2 mult_red(pts)=2 D=0 ok=True (7.1s, HWM 0.33 GB) [104s elapsed]
[s60_d6] 17: d6 (11, 4, 4, 4, 1) a=2 h_pad=7 n_chi~2113 N_S=11574 red_points=always ...
[s60_d6] banked d6 (11, 4, 4, 4, 1): measured route=dense mult_det=2 mult_red(star)=2 mult_red(pts)=2 D=0 ok=True (4.7s, HWM 0.17 GB) [109s elapsed]
[s60_d6] 18: d6 (9, 7, 6, 1, 1) a=2 h_pad=5 n_chi~2262 N_S=5967 red_points=always ...
[s60_d6] banked d6 (9, 7, 6, 1, 1): measured route=dense mult_det=2 mult_red(star)=2 mult_red(pts)=2 D=0 ok=True (10.3s, HWM 0.42 GB) [120s elapsed]
[s60_d6] 19: d6 (12, 4, 4, 2, 2) a=3 h_pad=10 n_chi~2561 N_S=8803 red_points=always ...
[s60_d6] banked d6 (12, 4, 4, 2, 2): measured route=dense mult_det=3 mult_red(star)=3 mult_red(pts)=3 D=0 ok=True (6.1s, HWM 0.2 GB) [126s elapsed]
[s60_d6] 20: d6 (13, 4, 3, 2, 2) a=1 h_pad=8 n_chi~2727 N_S=4940 red_points=always ...
[s60_d6] banked d6 (13, 4, 3, 2, 2): measured route=dense mult_det=1 mult_red(star)=1 mult_red(pts)=1 D=0 ok=True (5.9s, HWM 0.23 GB) [133s elapsed]
[s60_d6] 21: d6 (12, 5, 3, 3, 1) a=1 h_pad=7 n_chi~2761 N_S=5837 red_points=always ...
[s60_d6] banked d6 (12, 5, 3, 3, 1): measured route=dense mult_det=1 mult_red(star)=1 mult_red(pts)=1 D=0 ok=True (6.2s, HWM 0.23 GB) [139s elapsed]
[s60_d6] 22: d6 (13, 5, 3, 2, 1) a=3 h_pad=16 n_chi~2800 N_S=2800 red_points=always ...
[s60_d6] banked d6 (13, 5, 3, 2, 1): measured route=dense mult_det=3 mult_red(star)=3 mult_red(pts)=3 D=0 ok=True (5.8s, HWM 0.24 GB) [145s elapsed]
[s60_d6] 23: d6 (9, 9, 3, 2, 1) a=1 h_pad=6 n_chi~2959 N_S=5994 red_points=always ...
[s60_d6] banked d6 (9, 9, 3, 2, 1): measured route=dense mult_det=1 mult_red(star)=1 mult_red(pts)=1 D=0 ok=True (7.4s, HWM 0.26 GB) [153s elapsed]
[s60_d6] 24: d6 (12, 4, 4, 3, 1) a=1 h_pad=9 n_chi~3452 N_S=6675 red_points=always ...
[s60_d6] banked d6 (12, 4, 4, 3, 1): measured route=dense mult_det=1 mult_red(star)=1 mult_red(pts)=1 D=0 ok=True (10.7s, HWM 0.34 GB) [164s elapsed]
[s60_d6] 25: d6 (11, 5, 5, 2, 1) a=2 h_pad=12 n_chi~3637 N_S=7461 red_points=always ...
[s60_d6] banked d6 (11, 5, 5, 2, 1): measured route=dense mult_det=2 mult_red(star)=2 mult_red(pts)=2 D=0 ok=True (12.6s, HWM 0.37 GB) [177s elapsed]
[s60_d6] 26: d6 (11, 6, 3, 3, 1) a=1 h_pad=9 n_chi~3813 N_S=8035 red_points=always ...
[s60_d6] banked d6 (11, 6, 3, 3, 1): measured route=dense mult_det=1 mult_red(star)=1 mult_red(pts)=1 D=0 ok=True (13.4s, HWM 0.4 GB) [190s elapsed]
[s60_d6] 27: d6 (12, 6, 3, 2, 1) a=4 h_pad=22 n_chi~3942 N_S=3942 red_points=always ...
[s60_d6] banked d6 (12, 6, 3, 2, 1): measured route=dense mult_det=4 mult_red(star)=4 mult_red(pts)=4 D=0 ok=True (14.4s, HWM 0.42 GB) [205s elapsed]
[s60_d6] 28: d6 (12, 5, 3, 2, 2) a=1 h_pad=14 n_chi~4209 N_S=7685 red_points=always ...
[s60_d6] banked d6 (12, 5, 3, 2, 2): measured route=sparse mult_det=1 mult_red(star)=1 mult_red(pts)=1 D=0 ok=True (5.3s, HWM 0.07 GB) [211s elapsed]
[s60_d6] 29: d6 (8, 4, 4, 4, 4) a=2 h_pad=1 n_chi~4562 N_S=94675 red_points=always ...
[s60_d6] banked d6 (8, 4, 4, 4, 4): measured route=sparse mult_det=2 mult_red(star)=1 mult_red(pts)=1 D=-1 ok=True (21.2s, HWM 0.09 GB) [232s elapsed]
[s60_d6] 30: d6 (10, 7, 3, 3, 1) a=2 h_pad=10 n_chi~4702 N_S=9882 red_points=always ...
[s60_d6] banked d6 (10, 7, 3, 3, 1): measured route=sparse mult_det=2 mult_red(star)=2 mult_red(pts)=2 D=0 ok=True (7.4s, HWM 0.07 GB) [240s elapsed]
[s60_d6] 31: d6 (9, 8, 3, 3, 1) a=1 h_pad=6 n_chi~5209 N_S=10939 red_points=always ...
[s60_d6] banked d6 (9, 8, 3, 3, 1): measured route=sparse mult_det=1 mult_red(star)=1 mult_red(pts)=1 D=0 ok=True (9.1s, HWM 0.07 GB) [249s elapsed]
[s60_d6] 32: d6 (12, 5, 4, 2, 1) a=5 h_pad=24 n_chi~4942 N_S=4942 red_points=always ...
[s60_d6] banked d6 (12, 5, 4, 2, 1): measured route=sparse mult_det=5 mult_red(star)=5 mult_red(pts)=5 D=0 ok=True (8.0s, HWM 0.06 GB) [258s elapsed]
[s60_d6] 33: d6 (11, 7, 3, 2, 1) a=5 h_pad=24 n_chi~4978 N_S=4978 red_points=always ...
[s60_d6] banked d6 (11, 7, 3, 2, 1): measured route=sparse mult_det=5 mult_red(star)=5 mult_red(pts)=5 D=0 ok=True (8.2s, HWM 0.07 GB) [266s elapsed]
[s60_d6] 34: d6 (10, 4, 4, 4, 2) a=3 h_pad=6 n_chi~5588 N_S=30870 red_points=always ...
[s60_d6] banked d6 (10, 4, 4, 4, 2): measured route=sparse mult_det=3 mult_red(star)=3 mult_red(pts)=3 D=0 ok=True (27.3s, HWM 0.07 GB) [294s elapsed]
[s60_d6] 35: d6 (11, 6, 3, 2, 2) a=3 h_pad=19 n_chi~5785 N_S=10607 red_points=always ...
[s60_d6] banked d6 (11, 6, 3, 2, 2): measured route=sparse mult_det=3 mult_red(star)=3 mult_red(pts)=3 D=0 ok=True (13.7s, HWM 0.07 GB) [308s elapsed]
[s60_d6] 36: d6 (10, 8, 3, 2, 1) a=4 h_pad=18 n_chi~5731 N_S=5731 red_points=always ...
[s60_d6] banked d6 (10, 8, 3, 2, 1): measured route=sparse mult_det=4 mult_red(star)=4 mult_red(pts)=4 D=0 ok=True (10.9s, HWM 0.07 GB) [319s elapsed]
[s60_d6] 37: d6 (8, 8, 5, 2, 1) a=2 h_pad=8 n_chi~6294 N_S=12445 red_points=always ...
[s60_d6] banked d6 (8, 8, 5, 2, 1): measured route=sparse mult_det=2 mult_red(star)=2 mult_red(pts)=2 D=0 ok=True (14.8s, HWM 0.07 GB) [334s elapsed]
[s60_d6] 38: d6 (8, 8, 4, 2, 2) a=3 h_pad=8 n_chi~6247 N_S=22475 red_points=always ...
[s60_d6] banked d6 (8, 8, 4, 2, 2): measured route=sparse mult_det=3 mult_red(star)=3 mult_red(pts)=3 D=0 ok=True (20.4s, HWM 0.07 GB) [355s elapsed]
[s60_d6] 39: d6 (9, 6, 6, 2, 1) a=2 h_pad=8 n_chi~6501 N_S=12788 red_points=always ...
[s60_d6] banked d6 (9, 6, 6, 2, 1): measured route=sparse mult_det=2 mult_red(star)=2 mult_red(pts)=2 D=0 ok=True (21.8s, HWM 0.07 GB) [377s elapsed]
[s60_d6] 40: d6 (10, 7, 3, 2, 2) a=2 h_pad=17 n_chi~7102 N_S=13065 red_points=always ...
[s60_d6] banked d6 (10, 7, 3, 2, 2): measured route=sparse mult_det=2 mult_red(star)=2 mult_red(pts)=2 D=0 ok=True (17.0s, HWM 0.07 GB) [394s elapsed]
[s60_d6] 41: d6 (11, 6, 4, 2, 1) a=7 h_pad=32 n_chi~6789 N_S=6789 red_points=always ...
[s60_d6] banked d6 (11, 6, 4, 2, 1): measured route=sparse mult_det=7 mult_red(star)=7 mult_red(pts)=7 D=0 ok=True (16.8s, HWM 0.07 GB) [411s elapsed]
[s60_d6] 42: d6 (10, 5, 5, 3, 1) a=2 h_pad=9 n_chi~7306 N_S=14912 red_points=always ...
[s60_d6] banked d6 (10, 5, 5, 3, 1): measured route=sparse mult_det=2 mult_red(star)=2 mult_red(pts)=2 D=0 ok=True (19.1s, HWM 0.07 GB) [430s elapsed]
[s60_d6] 43: d6 (11, 5, 4, 2, 2) a=3 h_pad=18 n_chi~7271 N_S=13363 red_points=always ...
[s60_d6] banked d6 (11, 5, 4, 2, 2): measured route=sparse mult_det=3 mult_red(star)=3 mult_red(pts)=3 D=0 ok=True (22.7s, HWM 0.07 GB) [453s elapsed]
[s60_d6] 44: d6 (9, 8, 3, 2, 2) a=2 h_pad=11 n_chi~7860 N_S=14477 red_points=always ...
[s60_d6] banked d6 (9, 8, 3, 2, 2): measured route=sparse mult_det=2 mult_red(star)=2 mult_red(pts)=2 D=0 ok=True (21.0s, HWM 0.07 GB) [475s elapsed]
[s60_d6] 45: d6 (8, 8, 4, 3, 1) a=1 h_pad=7 n_chi~8553 N_S=16933 red_points=always ...
[s60_d6] banked d6 (8, 8, 4, 3, 1): measured route=sparse mult_det=1 mult_red(star)=1 mult_red(pts)=1 D=0 ok=True (27.1s, HWM 0.07 GB) [502s elapsed]
[s60_d6] 46: d6 (8, 6, 6, 2, 2) a=3 h_pad=6 n_chi~8687 N_S=31356 red_points=always ...
[s60_d6] banked d6 (8, 6, 6, 2, 2): measured route=sparse mult_det=3 mult_red(star)=3 mult_red(pts)=3 D=0 ok=True (42.7s, HWM 0.07 GB) [545s elapsed]
[s60_d6] 47: d6 (10, 5, 4, 4, 1) a=3 h_pad=12 n_chi~8773 N_S=17075 red_points=always ...
[s60_d6] banked d6 (10, 5, 4, 4, 1): measured route=sparse mult_det=3 mult_red(star)=3 mult_red(pts)=3 D=0 ok=True (28.2s, HWM 0.07 GB) [574s elapsed]
[s60_d6] 48: d6 (10, 7, 4, 2, 1) a=7 h_pad=31 n_chi~8337 N_S=8337 red_points=always ...
[s60_d6] banked d6 (10, 7, 4, 2, 1): measured route=sparse mult_det=7 mult_red(star)=7 mult_red(pts)=7 D=0 ok=True (26.3s, HWM 0.07 GB) [600s elapsed]
[s60_d6] 49: d6 (11, 4, 4, 3, 2) a=1 h_pad=7 n_chi~9341 N_S=18161 red_points=always ...
[s60_d6] banked d6 (11, 4, 4, 3, 2): measured route=sparse mult_det=1 mult_red(star)=1 mult_red(pts)=1 D=0 ok=True (38.1s, HWM 0.07 GB) [638s elapsed]
[s60_d6] 50: d6 (9, 8, 4, 2, 1) a=5 h_pad=19 n_chi~9224 N_S=9224 red_points=always ...
[s60_d6] banked d6 (9, 8, 4, 2, 1): measured route=sparse mult_det=5 mult_red(star)=5 mult_red(pts)=5 D=0 ok=True (31.0s, HWM 0.07 GB) [670s elapsed]
[s60_d6] 51: d6 (10, 6, 4, 2, 2) a=6 h_pad=24 n_chi~9743 N_S=17932 red_points=always ...
[s60_d6] banked d6 (10, 6, 4, 2, 2): measured route=sparse mult_det=6 mult_red(star)=6 mult_red(pts)=6 D=0 ok=True (36.7s, HWM 0.07 GB) [707s elapsed]
[s60_d6] 52: d6 (10, 6, 5, 2, 1) a=5 h_pad=20 n_chi~9964 N_S=9964 red_points=always ...
[s60_d6] banked d6 (10, 6, 5, 2, 1): measured route=sparse mult_det=5 mult_red(star)=5 mult_red(pts)=5 D=0 ok=True (35.8s, HWM 0.07 GB) [743s elapsed]
[s60_d6] 53: d6 (11, 5, 4, 3, 1) a=4 h_pad=18 n_chi~10113 N_S=10113 red_points=always ...
[s60_d6] banked d6 (11, 5, 4, 3, 1): measured route=sparse mult_det=4 mult_red(star)=4 mult_red(pts)=4 D=0 ok=True (34.9s, HWM 0.07 GB) [778s elapsed]
[s60_d6] 54: d6 (9, 4, 4, 4, 3) a=1 h_pad=2 n_chi~10719 N_S=60305 red_points=always ...
[s60_d6] banked d6 (9, 4, 4, 4, 3): measured route=sparse mult_det=1 mult_red(star)=1 mult_red(pts)=1 D=0 ok=True (108.3s, HWM 0.09 GB) [887s elapsed]
[s60_d6] 55: d6 (9, 7, 4, 2, 2) a=2 h_pad=18 n_chi~11473 N_S=21215 red_points=always ...
[s60_d6] banked d6 (9, 7, 4, 2, 2): measured route=sparse mult_det=2 mult_red(star)=2 mult_red(pts)=2 D=0 ok=True (46.8s, HWM 0.07 GB) [934s elapsed]
[s60_d6] 56: d6 (9, 6, 4, 4, 1) a=4 h_pad=13 n_chi~11280 N_S=21982 red_points=always ...
[s60_d6] banked d6 (9, 6, 4, 4, 1): measured route=sparse mult_det=4 mult_red(star)=4 mult_red(pts)=4 D=0 ok=True (49.5s, HWM 0.07 GB) [984s elapsed]
[s60_d6] 57: d6 (9, 5, 5, 4, 1) a=1 h_pad=5 n_chi~11908 N_S=24258 red_points=always ...
[s60_d6] banked d6 (9, 5, 5, 4, 1): measured route=sparse mult_det=1 mult_red(star)=1 mult_red(pts)=1 D=0 ok=True (52.3s, HWM 0.07 GB) [1036s elapsed]
[s60_d6] 58: d6 (8, 6, 6, 3, 1) a=1 h_pad=4 n_chi~11955 N_S=23592 red_points=always ...
[s60_d6] banked d6 (8, 6, 6, 3, 1): measured route=sparse mult_det=1 mult_red(star)=1 mult_red(pts)=1 D=0 ok=True (79.0s, HWM 0.07 GB) [1115s elapsed]
[s60_d6] 59: d6 (9, 7, 3, 3, 2) a=1 h_pad=5 n_chi~12092 N_S=25246 red_points=always ...
[s60_d6] banked d6 (9, 7, 3, 3, 2): measured route=sparse mult_det=1 mult_red(star)=1 mult_red(pts)=1 D=0 ok=True (50.9s, HWM 0.07 GB) [1167s elapsed]
[s60_d6] 60: d6 (6, 6, 4, 4, 4) a=1 h_pad=1 n_chi~12096 N_S=133366 red_points=always ...
[s60_d6] banked d6 (6, 6, 4, 4, 4): measured route=sparse mult_det=1 mult_red(star)=1 mult_red(pts)=1 D=0 ok=True (152.2s, HWM 0.1 GB) [1319s elapsed]
[s60_d6] 61: d6 (7, 7, 6, 3, 1) a=1 h_pad=3 n_chi~12473 N_S=25213 red_points=always ...
[s60_d6] banked d6 (7, 7, 6, 3, 1): measured route=sparse mult_det=1 mult_red(star)=1 mult_red(pts)=1 D=0 ok=True (60.1s, HWM 0.07 GB) [1380s elapsed]
[s60_d6] 62: d6 (9, 7, 5, 2, 1) a=5 h_pad=19 n_chi~11766 N_S=11766 red_points=always ...
[s60_d6] banked d6 (9, 7, 5, 2, 1): measured route=sparse mult_det=5 mult_red(star)=5 mult_red(pts)=5 D=0 ok=True (52.1s, HWM 0.07 GB) [1432s elapsed]
[s60_d6] 63: d6 (8, 7, 4, 4, 1) a=2 h_pad=8 n_chi~12743 N_S=24857 red_points=always ...
[s60_d6] banked d6 (8, 7, 4, 4, 1): measured route=sparse mult_det=2 mult_red(star)=2 mult_red(pts)=2 D=0 ok=True (87.8s, HWM 0.07 GB) [1520s elapsed]
[s60_d6] 64: d6 (6, 6, 6, 4, 2) a=1 h_pad=1 n_chi~13194 N_S=76288 red_points=always ...
[s60_d6] banked d6 (6, 6, 6, 4, 2): measured route=sparse mult_det=1 mult_red(star)=1 mult_red(pts)=1 D=0 ok=True (189.8s, HWM 0.1 GB) [1710s elapsed]
[s60_d6] 65: d6 (9, 6, 5, 2, 2) a=3 h_pad=14 n_chi~13733 N_S=25456 red_points=always ...
[s60_d6] banked d6 (9, 6, 5, 2, 2): measured route=sparse mult_det=3 mult_red(star)=3 mult_red(pts)=3 D=0 ok=True (70.3s, HWM 0.07 GB) [1781s elapsed]
[s60_d6] 66: d6 (10, 6, 4, 3, 1) a=4 h_pad=21 n_chi~13533 N_S=13533 red_points=always ...
[s60_d6] banked d6 (10, 6, 4, 3, 1): measured route=sparse mult_det=4 mult_red(star)=4 mult_red(pts)=4 D=0 ok=True (64.5s, HWM 0.07 GB) [1846s elapsed]
[s60_d6] 67: d6 (8, 7, 6, 2, 1) a=2 h_pad=8 n_chi~14436 N_S=14436 red_points=always ...
[s60_d6] banked d6 (8, 7, 6, 2, 1): measured route=sparse mult_det=2 mult_red(star)=2 mult_red(pts)=2 D=0 ok=True (73.2s, HWM 0.07 GB) [1919s elapsed]
[s60_d6] 68: d6 (8, 7, 5, 2, 2) a=1 h_pad=9 n_chi~15510 N_S=28802 red_points=always ...
[s60_d6] banked d6 (8, 7, 5, 2, 2): measured route=sparse mult_det=1 mult_red(star)=1 mult_red(pts)=1 D=0 ok=True (86.5s, HWM 0.07 GB) [2006s elapsed]
[s60_d6] 69: d6 (7, 7, 5, 4, 1) a=1 h_pad=3 n_chi~15798 N_S=31917 red_points=always ...
[s60_d6] banked d6 (7, 7, 5, 4, 1): measured route=sparse mult_det=1 mult_red(star)=1 mult_red(pts)=1 D=0 ok=True (96.2s, HWM 0.07 GB) [2102s elapsed]
[s60_d6] 70: d6 (7, 7, 4, 3, 3) a=1 h_pad=1 n_chi~16785 N_S=69495 red_points=always ...
[s60_d6] banked d6 (7, 7, 4, 3, 3): measured route=sparse mult_det=1 mult_red(star)=1 mult_red(pts)=1 D=0 ok=True (163.2s, HWM 0.08 GB) [2266s elapsed]
[s60_d6] 71: d6 (9, 7, 4, 3, 1) a=5 h_pad=19 n_chi~16005 N_S=16005 red_points=always ...
[s60_d6] banked d6 (9, 7, 4, 3, 1): measured route=sparse mult_det=5 mult_red(star)=5 mult_red(pts)=5 D=0 ok=True (98.2s, HWM 0.07 GB) [2364s elapsed]
[s60_d6] 72: d6 (8, 5, 5, 3, 3) a=1 h_pad=1 n_chi~17270 N_S=71858 red_points=always ...
[s60_d6] banked d6 (8, 5, 5, 3, 3): measured route=sparse mult_det=1 mult_red(star)=1 mult_red(pts)=1 D=0 ok=True (180.0s, HWM 0.09 GB) [2545s elapsed]
[s60_d6] 73: d6 (7, 6, 6, 4, 1) a=1 h_pad=2 n_chi~17578 N_S=34726 red_points=always ...
[s60_d6] banked d6 (7, 6, 6, 4, 1): measured route=sparse mult_det=1 mult_red(star)=1 mult_red(pts)=1 D=0 ok=True (121.1s, HWM 0.08 GB) [2666s elapsed]
[s60_d6] 74: d6 (9, 5, 5, 3, 2) a=1 h_pad=5 n_chi~18877 N_S=38401 red_points=always ...
[s60_d6] banked d6 (9, 5, 5, 3, 2): measured route=sparse mult_det=1 mult_red(star)=1 mult_red(pts)=1 D=0 ok=True (131.6s, HWM 0.08 GB) [2798s elapsed]
[s60_d6] 75: d6 (9, 6, 5, 3, 1) a=3 h_pad=12 n_chi~19188 N_S=19188 red_points=always ...
[s60_d6] banked d6 (9, 6, 5, 3, 1): measured route=sparse mult_det=3 mult_red(star)=3 mult_red(pts)=3 D=0 ok=True (135.2s, HWM 0.07 GB) [2933s elapsed]
[s60_d6] 76: d6 (8, 7, 5, 3, 1) a=4 h_pad=10 n_chi~21694 N_S=21694 red_points=dense ...
[s60_d6] banked d6 (8, 7, 5, 3, 1): measured route=sparse mult_det=4 mult_red(star)=4 mult_red(pts)=None D=0 ok=True (112.5s, HWM 0.08 GB) [3046s elapsed]
[s60_d6] 77: d6 (9, 5, 4, 4, 2) a=2 h_pad=9 n_chi~22532 N_S=44031 red_points=dense ...
[s60_d6] banked d6 (9, 5, 4, 4, 2): measured route=sparse mult_det=2 mult_red(star)=2 mult_red(pts)=None D=0 ok=True (195.8s, HWM 0.08 GB) [3242s elapsed]
[s60_d6] 78: d6 (7, 7, 5, 3, 2) a=1 h_pad=3 n_chi~25101 N_S=50668 red_points=dense ...
[s60_d6] banked d6 (7, 7, 5, 3, 2): measured route=sparse mult_det=1 mult_red(star)=1 mult_red(pts)=None D=0 ok=True (153.8s, HWM 0.09 GB) [3396s elapsed]
[s60_d6] 79: d6 (10, 5, 4, 3, 2) a=2 h_pad=12 n_chi~26921 N_S=26921 red_points=dense ...
[s60_d6] banked d6 (10, 5, 4, 3, 2): measured route=sparse mult_det=2 mult_red(star)=2 mult_red(pts)=None D=0 ok=True (153.9s, HWM 0.08 GB) [3551s elapsed]
[s60_d6] 80: d6 (7, 6, 6, 3, 2) a=1 h_pad=2 n_chi~27893 N_S=55158 red_points=dense ...
[s60_d6] banked d6 (7, 6, 6, 3, 2): measured route=sparse mult_det=1 mult_red(star)=1 mult_red(pts)=None D=0 ok=True (352.2s, HWM 0.1 GB) [3903s elapsed]
[s60_d6] 81: d6 (8, 6, 4, 4, 2) a=4 h_pad=9 n_chi~27828 N_S=54343 red_points=dense ...
[s60_d6] banked d6 (8, 6, 4, 4, 2): measured route=sparse mult_det=4 mult_red(star)=4 mult_red(pts)=None D=0 ok=True (346.6s, HWM 0.1 GB) [4250s elapsed]
[s60_d6] 82: d6 (8, 6, 5, 4, 1) a=2 h_pad=6 n_chi~29854 N_S=29854 red_points=dense ...
[s60_d6] banked d6 (8, 6, 5, 4, 1): measured route=sparse mult_det=2 mult_red(star)=2 mult_red(pts)=None D=0 ok=True (224.6s, HWM 0.09 GB) [4475s elapsed]
[s60_d6] 83: d6 (9, 6, 4, 3, 2) a=3 h_pad=13 n_chi~34756 N_S=34756 red_points=dense ...
[s60_d6] banked d6 (9, 6, 4, 3, 2): measured route=sparse mult_det=3 mult_red(star)=3 mult_red(pts)=None D=0 ok=True (282.3s, HWM 0.09 GB) [4758s elapsed]
[s60_d6] 84: d6 (8, 7, 4, 3, 2) a=2 h_pad=9 n_chi~39362 N_S=39362 red_points=dense ...
[s60_d6] banked d6 (8, 7, 4, 3, 2): measured route=sparse mult_det=2 mult_red(star)=2 mult_red(pts)=None D=0 ok=True (386.7s, HWM 0.1 GB) [5145s elapsed]
[s60_d6] 85: d6 (8, 5, 4, 4, 3) a=1 h_pad=3 n_chi~42042 N_S=82457 red_points=dense ...
[s60_d6] banked d6 (8, 5, 4, 4, 3): measured route=sparse mult_det=1 mult_red(star)=1 mult_red(pts)=None D=0 ok=True (768.9s, HWM 0.12 GB) [5914s elapsed]
[s60_d6] 86: d6 (8, 6, 5, 3, 2) a=1 h_pad=6 n_chi~47357 N_S=47357 red_points=dense ...
[s60_d6] banked d6 (8, 6, 5, 3, 2): measured route=sparse mult_det=1 mult_red(star)=1 mult_red(pts)=None D=0 ok=True (535.3s, HWM 0.11 GB) [6450s elapsed]
[s60_d6] 87: d6 (7, 6, 4, 4, 3) a=1 h_pad=2 n_chi~49013 N_S=96185 red_points=dense ...
[s60_d6] banked d6 (7, 6, 4, 4, 3): measured route=sparse mult_det=1 mult_red(star)=1 mult_red(pts)=None D=0 ok=True (1092.4s, HWM 0.13 GB) [7542s elapsed]
[s60_d6] 88: d6 (7, 6, 5, 4, 2) a=1 h_pad=3 n_chi~70027 N_S=70027 red_points=dense ...
[s60_d6] banked d6 (7, 6, 5, 4, 2): measured route=sparse mult_det=1 mult_red(star)=1 mult_red(pts)=None D=0 ok=True (1252.6s, HWM 0.15 GB) [8795s elapsed]
[s60_d6] done: 88 cells this run, 8795s
