      level 1: 45 prefixes
      level 2: 693 prefixes
      level 3: 3864 prefixes
      level 4: 7600 prefixes
      level 5: 8448 prefixes
      level 6: 8475 prefixes
      level 7: 8475 prefixes
  lam=(16, 4, 4, 3, 1): N_S=8475 |Stab|=2 n_chi=4384 (orbits dropped: 0) [lean, 0s, HWM 0.06 GB]
    E_01: |H|=1 targets 4406 canonical rows 4406 nnz 21498 (obstructed fixed targets cancelled: 0) [0s, HWM 0.06 GB]
    E_12: |H|=1 targets 7419 canonical rows 7419 nnz 20864 (obstructed fixed targets cancelled: 0) [0s, HWM 0.07 GB]
    E_23: |H|=1 targets 6290 canonical rows 6290 nnz 18099 (obstructed fixed targets cancelled: 0) [0s, HWM 0.07 GB]
    E_34: |H|=2 targets 3464 canonical rows 1836 nnz 4384 (obstructed fixed targets cancelled: 0) [0s, HWM 0.07 GB]
  built (16, 4, 4, 3, 1) d7: N_S=8475 |Stab|=2 n_chi=4384 rows=19951 nnz=64845 (0s: mono 0s orbits 0s rows 0s; HWM 0.07 GB)
    level 0 (3,2): 6618 rows, nnz 86832 (full: 19961 rows, nnz 108685)
    level 0 (3,2): 6618 rows, nnz 86602 (full: 19961 rows, nnz 108685)
    wied[c16_4_4_3_1d7_det p=2147483629 lvl=0 seed=1 k=0]: NONSINGULAR SEQ n=4384 nrows=6618 nnz=86832 k=0 len=8768 secs=2.3 | BM deg=4384 f0=551709350 secs=2.6 (3s)
    level 0 (3,2): 4061 rows, nnz 22883 (full: 13859 rows, nnz 39299); floor k0=0
    wied[c16_4_4_3_1d7_det p=2147483647 lvl=0 seed=1 k=0]: NONSINGULAR SEQ n=4384 nrows=6618 nnz=86602 k=0 len=8768 secs=2.4 | BM deg=4384 f0=296352963 secs=2.6 (3s)
    level 0 (3,2): 4061 rows, nnz 22967 (full: 13859 rows, nnz 39299); floor k0=0
    wied[c16_4_4_3_1d7_star p=2147483629 lvl=0 seed=101 k_extra=0 exhibited=0]: NONSINGULAR SEQ n=2686 nrows=4061 nnz=22883 k=0 len=5372 secs=0.5 | BM deg=2686 f0=1303973192 secs=0.6 (1s)
    level 0 (3,2): 6618 rows, nnz 86704 (full: 19961 rows, nnz 108685); floor k0=0
    wied[c16_4_4_3_1d7_star p=2147483647 lvl=0 seed=101 k_extra=0 exhibited=0]: KERNEL SEQ n=2686 nrows=4061 nnz=22967 k=0 len=5372 secs=0.5 | BM deg=2686 f0=0 secs=0.6 | DONE secs=0.9 (1s)
    (kernel vector of the compressed matrix is not in ker F: escalate)
    level 1 (12,2): 6930 rows, nnz 39253 (full: 13859 rows, nnz 39299); floor k0=0
    wied[c16_4_4_3_1d7_star p=2147483647 lvl=1 seed=102 k_extra=0 exhibited=0]: NONSINGULAR SEQ n=2686 nrows=6930 nnz=39253 k=0 len=5372 secs=0.7 | BM deg=2686 f0=1502941166 secs=0.8 (2s)
    level 0 (3,2): 6618 rows, nnz 86862 (full: 19961 rows, nnz 108685); floor k0=0
    wied[c16_4_4_3_1d7_redpts p=2147483629 lvl=0 seed=201 k_extra=0 exhibited=0]: NONSINGULAR SEQ n=4384 nrows=6618 nnz=86704 k=0 len=8768 secs=2.3 | BM deg=4384 f0=1459881109 secs=2.6 (3s)
    wied[c16_4_4_3_1d7_redpts p=2147483647 lvl=0 seed=201 k_extra=0 exhibited=0]: NONSINGULAR SEQ n=4384 nrows=6618 nnz=86862 k=0 len=8768 secs=2.3 | BM deg=4384 f0=327685858 secs=2.5 (3s)
  RESULT (16, 4, 4, 3, 1) d7: a=2 n_chi=4384 route=sparse mult_det=2 mult_red(star)=2 mult_red(pts)=2 D=0  (7.1s, HWM 0.07 GB)
