      level 1: 36 prefixes
      level 2: 389 prefixes
      level 3: 2054 prefixes
      level 4: 7340 prefixes
      level 5: 17960 prefixes
      level 6: 29026 prefixes
      level 7: 34332 prefixes
      level 8: 35534 prefixes
      level 9: 35626 prefixes
      level 10: 35626 prefixes
      level 11: 35626 prefixes
      level 12: 35626 prefixes
      level 13: 35626 prefixes
      level 14: 35626 prefixes
  lam=(37, 13, 4, 1, 1): N_S=35626 |Stab|=2 n_chi=13252 (orbits dropped: 9122) [lean, 0s, HWM 0.07 GB]
    E_01: |H|=2 targets 28168 canonical rows 10425 nnz 57424 (obstructed fixed targets cancelled: 2786) [0s, HWM 0.07 GB]
    E_12: |H|=2 targets 20138 canonical rows 7382 nnz 32832 (obstructed fixed targets cancelled: 1344) [0s, HWM 0.07 GB]
    E_23: |H|=1 targets 12793 canonical rows 12617 nnz 26504 (obstructed fixed targets cancelled: 0) [0s, HWM 0.07 GB]
    E_34: |H|=1 targets 22374 canonical rows 0 nnz 0 (obstructed fixed targets cancelled: 0) [0s, HWM 0.08 GB]
  built (37, 13, 4, 1, 1) d14: N_S=35626 |Stab|=2 n_chi=13252 rows=30424 nnz=116760 (1s: mono 0s orbits 0s rows 0s; HWM 0.08 GB)
    level 0 (3,2): 15291 rows, nnz 1163627 (full: 30503 rows, nnz 1163668)
    level 0 (3,2): 15291 rows, nnz 1163635 (full: 30503 rows, nnz 1163668)
