      level 1: 35 prefixes
      level 2: 318 prefixes
      level 3: 1413 prefixes
      level 4: 4502 prefixes
      level 5: 9831 prefixes
      level 6: 14184 prefixes
      level 7: 15821 prefixes
      level 8: 16093 prefixes
      level 9: 16102 prefixes
      level 10: 16102 prefixes
      level 11: 16102 prefixes
      level 12: 16102 prefixes
      level 13: 16102 prefixes
  lam=(34, 13, 3, 1, 1): N_S=16102 |Stab|=2 n_chi=5894 (orbits dropped: 4314) [lean, 0s, HWM 0.07 GB]
    E_01: |H|=2 targets 12921 canonical rows 4711 nnz 24798 (obstructed fixed targets cancelled: 1320) [0s, HWM 0.07 GB]
    E_12: |H|=2 targets 7849 canonical rows 2777 nnz 12006 (obstructed fixed targets cancelled: 605) [0s, HWM 0.07 GB]
    E_23: |H|=1 targets 6691 canonical rows 6645 nnz 11788 (obstructed fixed targets cancelled: 0) [0s, HWM 0.07 GB]
    E_34: |H|=1 targets 10208 canonical rows 0 nnz 0 (obstructed fixed targets cancelled: 0) [0s, HWM 0.07 GB]
  built (34, 13, 3, 1, 1) d13: N_S=16102 |Stab|=2 n_chi=5894 rows=14133 nnz=48592 (0s: mono 0s orbits 0s rows 0s; HWM 0.07 GB)
    level 0 (3,2): 7100 rows, nnz 243068 (full: 14166 rows, nnz 243094)
    level 0 (3,2): 7100 rows, nnz 243070 (full: 14166 rows, nnz 243094)
    wied[c34_13_3_1_1d13_det p=2147483629 lvl=0 seed=1 k=0]: NONSINGULAR SEQ n=5894 nrows=7100 nnz=243068 k=0 len=11788 secs=8.1 | BM deg=5894 f0=1083899715 secs=8.5 (9s)
    level 0 (3,2): 5850 rows, nnz 37705 (full: 11700 rows, nnz 37736); floor k0=0
    wied[c34_13_3_1_1d13_det p=2147483647 lvl=0 seed=1 k=0]: NONSINGULAR SEQ n=5894 nrows=7100 nnz=243070 k=0 len=11788 secs=8.1 | BM deg=5894 f0=1955699616 secs=8.5 (9s)
    level 0 (3,2): 5850 rows, nnz 37706 (full: 11700 rows, nnz 37736); floor k0=0
    wied[c34_13_3_1_1d13_star p=2147483629 lvl=0 seed=101 k_extra=0 exhibited=0]: NONSINGULAR SEQ n=4508 nrows=5850 nnz=37705 k=0 len=9016 secs=1.2 | BM deg=4508 f0=9677119 secs=1.5 (2s)
    level 0 (3,2): 7100 rows, nnz 243060 (full: 14166 rows, nnz 243094); floor k0=0
    wied[c34_13_3_1_1d13_star p=2147483647 lvl=0 seed=101 k_extra=0 exhibited=0]: NONSINGULAR SEQ n=4508 nrows=5850 nnz=37706 k=0 len=9016 secs=1.2 | BM deg=4508 f0=607772164 secs=1.5 (2s)
    level 0 (3,2): 7100 rows, nnz 243063 (full: 14166 rows, nnz 243094); floor k0=0
    wied[c34_13_3_1_1d13_redpts p=2147483629 lvl=0 seed=201 k_extra=0 exhibited=0]: NONSINGULAR SEQ n=5894 nrows=7100 nnz=243060 k=0 len=11788 secs=8.5 | BM deg=5894 f0=188357944 secs=8.9 (9s)
    wied[c34_13_3_1_1d13_redpts p=2147483647 lvl=0 seed=201 k_extra=0 exhibited=0]: NONSINGULAR SEQ n=5894 nrows=7100 nnz=243063 k=0 len=11788 secs=8.5 | BM deg=5894 f0=1301109661 secs=9.0 (9s)
  RESULT (34, 13, 3, 1, 1) d13: a=25 n_chi=5894 route=sparse mult_det=25 mult_red(star)=25 mult_red(pts)=25 D=0  (19.8s, HWM 0.07 GB)
