# msolve run lc_p1073741827_s61_k2_msolve: reducible l*c, l and c random in 10 variables (form seed 10061); slot k=2, chart t0=1, Rabinowitsch variable s for g

--------------- INPUT DATA ---------------
#variables                       4
#equations                       4
#invalid equations               0
field characteristic    1073741827
homogeneous input?               0
signature-based computation      0
monomial order                 DRL
basis hash table resetting     OFF
linear algebra option            2
initial hash table size     131072 (2^17)
max pair selection             ALL
reduce gb                        1
#threads                         1
info level                       2
generate pbm files               0
------------------------------------------

Legend for f4 information
--------------------------------------------------------
deg       current degree of pairs selected in this round
sel       number of pairs selected in this round
pairs     total number of pairs in pair list
mat       matrix dimensions (# rows x # columns)
density   density of the matrix
new data  # new elements for basis in this round
          # zero reductions during linear algebra
time(rd)  time of the current f4 round in seconds given
          for real and cpu time
--------------------------------------------------------

deg     sel   pairs        mat          density            new data         time(rd) in sec (real|cpu)
------------------------------------------------------------------------------------------------------
  3       1       3       2 x 20        100.00%        1 new       0 zero         0.00 | 0.00         
  4       3       3      12 x 55         38.03%        3 new       0 zero         0.00 | 0.00         
  5       4       4      28 x 82         26.87%        4 new       0 zero         0.00 | 0.00         
  6      10      10      48 x 103        24.33%        7 new       3 zero         0.00 | 0.00         
  3       2      14       6 x 20         65.83%        1 new       1 zero         0.00 | 0.00         
  4       3      16      16 x 49         29.72%        2 new       1 zero         0.00 | 0.00         
  5       9      20      38 x 71         25.06%        5 new       4 zero         0.00 | 0.00         
  6      20      21      69 x 89         23.12%        7 new      13 zero         0.02 | 0.00         
  4       4      23      20 x 45         37.44%        3 new       1 zero         0.00 | 0.00         
  4       4      26      25 x 56         31.43%        4 new       0 zero         0.00 | 0.00         
  5      27      29      78 x 91         23.33%        7 new      20 zero         0.00 | 0.00         
  3       3      24      14 x 28         47.45%        1 new       2 zero         0.00 | 0.00         
  4      17      25      50 x 54         32.48%        5 new      13 zero         0.00 | 0.00         
  4      15      19      45 x 50         31.64%        4 new      11 zero         0.00 | 0.00         
  4      10      12      40 x 42         34.46%        1 new      11 zero         0.00 | 0.00         
  3       4       6      24 x 33         41.67%        1 new       3 zero         0.00 | 0.00         
  4       3       5      25 x 34         40.12%        0 new       3 zero         0.00 | 0.00         
  6       2       2     101 x 111        14.02%        0 new       2 zero         0.00 | 0.00         
------------------------------------------------------------------------------------------------------
reduce final basis       15 x 27         53.09%       13 new       0 zeroDimension of quotient: 12
[12, 7], Non trivial / Trivial = 58.33%
Density of non-trivial part 100.00%
Time spent to generate sequence (elapsed): 0.00 sec (0.04 Gops/sec)
Time spent to compute eliminating polynomial (elapsed): 0.00 sec
Elimination polynomial has degree 12.
Time for rational param:          0.03 (elapsed) sec /  0.00 sec (cpu)

------------------------------------------------------------------------------------
msolve overall time           0.03 sec (elapsed) /  0.00 sec (cpu)
------------------------------------------------------------------------------------
         0.00 | 0.00         
------------------------------------------------------------------------------------------------------

---------------- TIMINGS ---------------
overall(elapsed)        0.03 sec
overall(cpu)            0.00 sec
select                  0.00 sec   1.0%
symbolic prep.          0.00 sec   0.7%
update                  0.02 sec  95.1%
convert                 0.00 sec   1.0%
linear algebra          0.00 sec   1.1%
reduce gb               0.00 sec   0.0%
-----------------------------------------

---------- COMPUTATIONAL DATA -----------
size of basis                    13
#terms in basis                 169
#pairs reduced                  141
#GM criterion                  1629
#redundant elements              47
#rows reduced                   301
#zero reductions                 88
max. matrix data                101 x 111 (14.022%)
max. symbolic hash table size  2^11
max. basis hash table size     2^16
-----------------------------------------

MSOLVE_RESULT form=lc p=1073741827 seed=61 k=2 degree=12 rc=0 sec=0
