// ** redefining genericid (LIB "random.lib";) analysis/wk9_s61_sing.sing:7
// ** redefining genericid (LIB "random.lib";) analysis/wk9_s61_sing.sing:7
// ** redefining randomid (LIB "random.lib";) analysis/wk9_s61_sing.sing:7
// ** redefining randomid (LIB "random.lib";) analysis/wk9_s61_sing.sing:7
// ** redefining randommat (LIB "random.lib";) analysis/wk9_s61_sing.sing:7
// ** redefining randommat (LIB "random.lib";) analysis/wk9_s61_sing.sing:7
// ** redefining sparseid (LIB "random.lib";) analysis/wk9_s61_sing.sing:7
// ** redefining sparseid (LIB "random.lib";) analysis/wk9_s61_sing.sing:7
// ** redefining sparseHomogIdeal (LIB "random.lib";) analysis/wk9_s61_sing.sing:7
// ** redefining sparseHomogIdeal (LIB "random.lib";) analysis/wk9_s61_sing.sing:7
// ** redefining sparsemat (LIB "random.lib";) analysis/wk9_s61_sing.sing:7
// ** redefining sparsemat (LIB "random.lib";) analysis/wk9_s61_sing.sing:7
// ** redefining sparsematrix (LIB "random.lib";) analysis/wk9_s61_sing.sing:7
// ** redefining sparsematrix (LIB "random.lib";) analysis/wk9_s61_sing.sing:7
// ** redefining sparsepoly (LIB "random.lib";) analysis/wk9_s61_sing.sing:7
// ** redefining sparsepoly (LIB "random.lib";) analysis/wk9_s61_sing.sing:7
// ** redefining sparsetriag (LIB "random.lib";) analysis/wk9_s61_sing.sing:7
// ** redefining sparsetriag (LIB "random.lib";) analysis/wk9_s61_sing.sing:7
// ** redefining triagmatrix (LIB "random.lib";) analysis/wk9_s61_sing.sing:7
// ** redefining triagmatrix (LIB "random.lib";) analysis/wk9_s61_sing.sing:7
// ** redefining randomLast (LIB "random.lib";) analysis/wk9_s61_sing.sing:7
// ** redefining randomLast (LIB "random.lib";) analysis/wk9_s61_sing.sing:7
// ** redefining randomBinomial (LIB "random.lib";) analysis/wk9_s61_sing.sing:7
// ** redefining randomBinomial (LIB "random.lib";) analysis/wk9_s61_sing.sing:7
per_3 = x(2)*x(4)*x(6)+x(1)*x(5)*x(6)+x(2)*x(3)*x(7)+x(0)*x(5)*x(7)+x(1)*x(3)*x(8)+x(0)*x(4)*x(8)
number of partials: 9
Jacobian scheme: affine dim 3 (projective dim 2), degree 24
number of minimal primes: 15
component 1: proj dim 2, degree 1, generators: x(8),x(7),x(6),x(5),x(4),x(3)
component 2: proj dim 2, degree 2, generators: x(1)*x(3)+x(0)*x(4),x(8),x(7),x(6),x(5),x(2)
component 3: proj dim 2, degree 1, generators: x(8),x(7),x(5),x(4),x(2),x(1)
component 4: proj dim 2, degree 2, generators: x(2)*x(3)+x(0)*x(5),x(8),x(7),x(6),x(4),x(1)
component 5: proj dim 2, degree 2, generators: x(2)*x(4)+x(1)*x(5),x(8),x(7),x(6),x(3),x(0)
component 6: proj dim 2, degree 1, generators: x(8),x(7),x(6),x(2),x(1),x(0)
component 7: proj dim 2, degree 2, generators: x(1)*x(6)+x(0)*x(7),x(8),x(5),x(4),x(3),x(2)
component 8: proj dim 2, degree 1, generators: x(8),x(6),x(5),x(3),x(2),x(0)
component 9: proj dim 2, degree 2, generators: x(4)*x(6)+x(3)*x(7),x(8),x(5),x(2),x(1),x(0)
component 10: proj dim 2, degree 2, generators: x(2)*x(6)+x(0)*x(8),x(7),x(5),x(4),x(3),x(1)
component 11: proj dim 2, degree 1, generators: x(7),x(6),x(4),x(3),x(1),x(0)
component 12: proj dim 2, degree 2, generators: x(5)*x(6)+x(3)*x(8),x(7),x(4),x(2),x(1),x(0)
component 13: proj dim 2, degree 2, generators: x(2)*x(7)+x(1)*x(8),x(6),x(5),x(4),x(3),x(0)
component 14: proj dim 2, degree 1, generators: x(5),x(4),x(3),x(2),x(1),x(0)
component 15: proj dim 2, degree 2, generators: x(5)*x(7)+x(4)*x(8),x(6),x(3),x(2),x(1),x(0)
intersection of minimal primes: degree 24; J radical? 0
  components 1 & 2 meet in a curve of degree 1
  components 1 & 4 meet in a curve of degree 1
  components 1 & 5 meet in a curve of degree 1
  components 1 & 7 meet in a curve of degree 1
  components 1 & 10 meet in a curve of degree 1
  components 1 & 13 meet in a curve of degree 1
  components 2 & 3 meet in a curve of degree 1
  components 2 & 4 meet in a curve of degree 1
  components 2 & 5 meet in a curve of degree 1
  components 2 & 6 meet in a curve of degree 1
  components 2 & 7 meet in a curve of degree 1
  components 2 & 8 meet in a curve of degree 1
  components 2 & 9 meet in a curve of degree 1
  components 3 & 4 meet in a curve of degree 1
  components 3 & 7 meet in a curve of degree 1
  components 3 & 9 meet in a curve of degree 1
  components 3 & 10 meet in a curve of degree 1
  components 3 & 12 meet in a curve of degree 1
  components 4 & 5 meet in a curve of degree 1
  components 4 & 6 meet in a curve of degree 1
  components 4 & 10 meet in a curve of degree 1
  components 4 & 11 meet in a curve of degree 1
  components 4 & 12 meet in a curve of degree 1
  components 5 & 6 meet in a curve of degree 1
  components 5 & 8 meet in a curve of degree 1
  components 5 & 11 meet in a curve of degree 1
  components 5 & 13 meet in a curve of degree 1
  components 5 & 15 meet in a curve of degree 1
  components 6 & 9 meet in a curve of degree 1
  components 6 & 12 meet in a curve of degree 1
  components 6 & 15 meet in a curve of degree 1
  components 7 & 8 meet in a curve of degree 1
  components 7 & 9 meet in a curve of degree 1
  components 7 & 10 meet in a curve of degree 1
  components 7 & 13 meet in a curve of degree 1
  components 7 & 14 meet in a curve of degree 1
  components 8 & 9 meet in a curve of degree 1
  components 8 & 13 meet in a curve of degree 1
  components 8 & 15 meet in a curve of degree 1
  components 9 & 12 meet in a curve of degree 1
  components 9 & 14 meet in a curve of degree 1
  components 9 & 15 meet in a curve of degree 1
  components 10 & 11 meet in a curve of degree 1
  components 10 & 12 meet in a curve of degree 1
  components 10 & 13 meet in a curve of degree 1
  components 10 & 14 meet in a curve of degree 1
  components 11 & 12 meet in a curve of degree 1
  components 11 & 13 meet in a curve of degree 1
  components 11 & 15 meet in a curve of degree 1
  components 12 & 14 meet in a curve of degree 1
  components 12 & 15 meet in a curve of degree 1
  components 13 & 14 meet in a curve of degree 1
  components 13 & 15 meet in a curve of degree 1
  components 14 & 15 meet in a curve of degree 1
pairwise intersections: 81 nonempty, of which 54 curves and 27 finite
Hessian rank of per_3 at a generic point: 9
random smooth point of {per3=0}, trial 1: per3 = 0, Hessian rank = 9 => dim X^* = rank - 2 = 7
// ** redefining ap (  poly ap = a; poly bp = b;) analysis/wk9_s61_sing.sing:71
// ** redefining bp (  poly ap = a; poly bp = b;) analysis/wk9_s61_sing.sing:71
// ** redefining Hp (  matrix Hp = H;) analysis/wk9_s61_sing.sing:75
// ** redefining chk (poly chk = per3; for (i = 0; i <= 8; i++) { chk = subst(chk, x(i), pt[i+1]); }) analysis/wk9_s61_sing.sing:77
random smooth point of {per3=0}, trial 2: per3 = 0, Hessian rank = 9 => dim X^* = rank - 2 = 7
// ** redefining ap (  poly ap = a; poly bp = b;) analysis/wk9_s61_sing.sing:71
// ** redefining bp (  poly ap = a; poly bp = b;) analysis/wk9_s61_sing.sing:71
// ** redefining Hp (  matrix Hp = H;) analysis/wk9_s61_sing.sing:75
// ** redefining chk (poly chk = per3; for (i = 0; i <= 8; i++) { chk = subst(chk, x(i), pt[i+1]); }) analysis/wk9_s61_sing.sing:77
random smooth point of {per3=0}, trial 3: per3 = 0, Hessian rank = 9 => dim X^* = rank - 2 = 7
