PASS        results/certs/10_8_7_1_1_1_d7_int.json.gz  (4.1s)  s42/s47 lift: 1 integer HWV(s) of weight (10, 8, 7, 1, 1, 1) in degree 7 in I(R_6)
    [ok  ] cell: n = 4 — n = 4
    [ok  ] cell: length(lambda) = r — lambda (10, 8, 7, 1, 1, 1), r 6
    [ok  ] cell: lambda weakly decreasing
    [ok  ] cell: |lambda| = n*delta — 28 vs 4*7
    [ok  ] cell: a recomputed (Weyl alternation) — recomputed 3, claimed 3
    [ok  ] vectors parsed — 1 vector(s), supports [16344], integer coefficients
    [ok  ] vector 0: shape, degree, canonical terms, weight = lambda
    [ok  ] vector 0: annihilated by every E_(i,i+1) over Z
    [ok  ] vectors linearly independent — rank 1 over Q (flint, exact)
    [ok  ] vector 0: (star) support for k = 1 (Theorem (star): lies in I({l^1 c}))
    [ok  ] vanishes at 6 fresh padded_permanent points (seed 20260905)
    [ok  ] vanishes at 6 fresh reducible points (seed 20260905)
    [ok  ] evaluation at 6 fresh generic points (seed 20260905) has full row rank — rank 1 of 1
    [ok  ] evaluation at 6 fresh det_pencil points (seed 20260905) has full row rank — rank 1 of 1
PASS        results/certs/11_10_8_1_1_1_d8_pad_p2147483629_vec1_modp.json.gz  (20.6s)  s41/s43 pad-side kernel vector: mod-2147483629 HWV of weight (11, 10, 8, 1, 1, 1) in degree 8 vanishing on the pad side (11_10_8_1_1_1_d8_pad_p2147483629_vec1)
    [ok  ] cell: n = 4 — n = 4
    [ok  ] cell: length(lambda) = r — lambda (11, 10, 8, 1, 1, 1), r 6
    [ok  ] cell: lambda weakly decreasing
    [ok  ] cell: |lambda| = n*delta — 32 vs 4*8
    [ok  ] cell: a recomputed (Weyl alternation) — recomputed 4, claimed 4
    [ok  ] vectors parsed — 1 vector(s), supports [72948], modulus 2147483629
    [ok  ] vector 0: shape, degree, canonical terms, weight = lambda
    [ok  ] vector 0: annihilated by every E_(i,i+1) mod 2147483629
    [ok  ] vectors linearly independent — rank 1 mod 2147483629
    [ok  ] vector 0: (star) support for k = 1 (Theorem (star): lies in I({l^1 c}))
    [ok  ] vanishes at 6 fresh padded_permanent points (seed 20260905)
    [ok  ] vanishes at 6 fresh reducible points (seed 20260905)
    [ok  ] evaluation at 6 fresh generic points (seed 20260905) has full row rank — rank 1 of 1
    [ok  ] evaluation at 6 fresh det_pencil points (seed 20260905) has full row rank — rank 1 of 1
PASS        results/certs/11_10_8_1_1_1_d8_pad_p2147483629_vec2_modp.json.gz  (22.1s)  s41/s43 pad-side kernel vector: mod-2147483629 HWV of weight (11, 10, 8, 1, 1, 1) in degree 8 vanishing on the pad side (11_10_8_1_1_1_d8_pad_p2147483629_vec2)
    [ok  ] cell: n = 4 — n = 4
    [ok  ] cell: length(lambda) = r — lambda (11, 10, 8, 1, 1, 1), r 6
    [ok  ] cell: lambda weakly decreasing
    [ok  ] cell: |lambda| = n*delta — 32 vs 4*8
    [ok  ] cell: a recomputed (Weyl alternation) — recomputed 4, claimed 4
    [ok  ] vectors parsed — 1 vector(s), supports [84720], modulus 2147483629
    [ok  ] vector 0: shape, degree, canonical terms, weight = lambda
    [ok  ] vector 0: annihilated by every E_(i,i+1) mod 2147483629
    [ok  ] vectors linearly independent — rank 1 mod 2147483629
    [ok  ] vector 0: (star) support for k = 1 (Theorem (star): lies in I({l^1 c}))
    [ok  ] vanishes at 6 fresh padded_permanent points (seed 20260905)
    [ok  ] vanishes at 6 fresh reducible points (seed 20260905)
    [ok  ] evaluation at 6 fresh generic points (seed 20260905) has full row rank — rank 1 of 1
    [ok  ] evaluation at 6 fresh det_pencil points (seed 20260905) has full row rank — rank 1 of 1
PASS        results/certs/11_10_8_1_1_1_d8_pad_p2147483647_vec1_modp.json.gz  (21.1s)  s41/s43 pad-side kernel vector: mod-2147483647 HWV of weight (11, 10, 8, 1, 1, 1) in degree 8 vanishing on the pad side (11_10_8_1_1_1_d8_pad_p2147483647_vec1)
    [ok  ] cell: n = 4 — n = 4
    [ok  ] cell: length(lambda) = r — lambda (11, 10, 8, 1, 1, 1), r 6
    [ok  ] cell: lambda weakly decreasing
    [ok  ] cell: |lambda| = n*delta — 32 vs 4*8
    [ok  ] cell: a recomputed (Weyl alternation) — recomputed 4, claimed 4
    [ok  ] vectors parsed — 1 vector(s), supports [72948], modulus 2147483647
    [ok  ] vector 0: shape, degree, canonical terms, weight = lambda
    [ok  ] vector 0: annihilated by every E_(i,i+1) mod 2147483647
    [ok  ] vectors linearly independent — rank 1 mod 2147483647
    [ok  ] vector 0: (star) support for k = 1 (Theorem (star): lies in I({l^1 c}))
    [ok  ] vanishes at 6 fresh padded_permanent points (seed 20260905)
    [ok  ] vanishes at 6 fresh reducible points (seed 20260905)
    [ok  ] evaluation at 6 fresh generic points (seed 20260905) has full row rank — rank 1 of 1
    [ok  ] evaluation at 6 fresh det_pencil points (seed 20260905) has full row rank — rank 1 of 1
PASS        results/certs/11_10_8_1_1_1_d8_pad_p2147483647_vec2_modp.json.gz  (22.6s)  s41/s43 pad-side kernel vector: mod-2147483647 HWV of weight (11, 10, 8, 1, 1, 1) in degree 8 vanishing on the pad side (11_10_8_1_1_1_d8_pad_p2147483647_vec2)
    [ok  ] cell: n = 4 — n = 4
    [ok  ] cell: length(lambda) = r — lambda (11, 10, 8, 1, 1, 1), r 6
    [ok  ] cell: lambda weakly decreasing
    [ok  ] cell: |lambda| = n*delta — 32 vs 4*8
    [ok  ] cell: a recomputed (Weyl alternation) — recomputed 4, claimed 4
    [ok  ] vectors parsed — 1 vector(s), supports [84720], modulus 2147483647
    [ok  ] vector 0: shape, degree, canonical terms, weight = lambda
    [ok  ] vector 0: annihilated by every E_(i,i+1) mod 2147483647
    [ok  ] vectors linearly independent — rank 1 mod 2147483647
    [ok  ] vector 0: (star) support for k = 1 (Theorem (star): lies in I({l^1 c}))
    [ok  ] vanishes at 6 fresh padded_permanent points (seed 20260905)
    [ok  ] vanishes at 6 fresh reducible points (seed 20260905)
    [ok  ] evaluation at 6 fresh generic points (seed 20260905) has full row rank — rank 1 of 1
    [ok  ] evaluation at 6 fresh det_pencil points (seed 20260905) has full row rank — rank 1 of 1
PASS        results/certs/11_9_9_1_1_1_d8_int.json.gz  (39.5s)  s42/s47 lift: 2 integer HWV(s) of weight (11, 9, 9, 1, 1, 1) in degree 8 in I(R_6)
    [ok  ] cell: n = 4 — n = 4
    [ok  ] cell: length(lambda) = r — lambda (11, 9, 9, 1, 1, 1), r 6
    [ok  ] cell: lambda weakly decreasing
    [ok  ] cell: |lambda| = n*delta — 32 vs 4*8
    [ok  ] cell: a recomputed (Weyl alternation) — recomputed 3, claimed 3
    [ok  ] vectors parsed — 2 vector(s), supports [85296, 66756], integer coefficients
    [ok  ] vector 0: shape, degree, canonical terms, weight = lambda
    [ok  ] vector 0: annihilated by every E_(i,i+1) over Z
    [ok  ] vector 1: shape, degree, canonical terms, weight = lambda
    [ok  ] vector 1: annihilated by every E_(i,i+1) over Z
    [ok  ] vectors linearly independent — rank 2 over Q (flint, exact)
    [ok  ] vector 0: (star) support for k = 1 (Theorem (star): lies in I({l^1 c}))
    [ok  ] vector 1: (star) support for k = 1 (Theorem (star): lies in I({l^1 c}))
    [ok  ] vanishes at 6 fresh padded_permanent points (seed 20260905)
    [ok  ] vanishes at 6 fresh reducible points (seed 20260905)
    [ok  ] evaluation at 6 fresh generic points (seed 20260905) has full row rank — rank 2 of 2
    [ok  ] evaluation at 6 fresh det_pencil points (seed 20260905) has full row rank — rank 2 of 2
PASS        results/certs/11_9_9_1_1_1_d8_pad_p2147483629_vec1_modp.json.gz  (22.4s)  s41/s43 pad-side kernel vector: mod-2147483629 HWV of weight (11, 9, 9, 1, 1, 1) in degree 8 vanishing on the pad side (11_9_9_1_1_1_d8_pad_p2147483629_vec1)
    [ok  ] cell: n = 4 — n = 4
    [ok  ] cell: length(lambda) = r — lambda (11, 9, 9, 1, 1, 1), r 6
    [ok  ] cell: lambda weakly decreasing
    [ok  ] cell: |lambda| = n*delta — 32 vs 4*8
    [ok  ] cell: a recomputed (Weyl alternation) — recomputed 3, claimed 3
    [ok  ] vectors parsed — 1 vector(s), supports [85746], modulus 2147483629
    [ok  ] vector 0: shape, degree, canonical terms, weight = lambda
    [ok  ] vector 0: annihilated by every E_(i,i+1) mod 2147483629
    [ok  ] vectors linearly independent — rank 1 mod 2147483629
    [ok  ] vector 0: (star) support for k = 1 (Theorem (star): lies in I({l^1 c}))
    [ok  ] vanishes at 6 fresh padded_permanent points (seed 20260905)
    [ok  ] vanishes at 6 fresh reducible points (seed 20260905)
    [ok  ] evaluation at 6 fresh generic points (seed 20260905) has full row rank — rank 1 of 1
    [ok  ] evaluation at 6 fresh det_pencil points (seed 20260905) has full row rank — rank 1 of 1
PASS        results/certs/11_9_9_1_1_1_d8_pad_p2147483629_vec2_modp.json.gz  (19.4s)  s41/s43 pad-side kernel vector: mod-2147483629 HWV of weight (11, 9, 9, 1, 1, 1) in degree 8 vanishing on the pad side (11_9_9_1_1_1_d8_pad_p2147483629_vec2)
    [ok  ] cell: n = 4 — n = 4
    [ok  ] cell: length(lambda) = r — lambda (11, 9, 9, 1, 1, 1), r 6
    [ok  ] cell: lambda weakly decreasing
    [ok  ] cell: |lambda| = n*delta — 32 vs 4*8
    [ok  ] cell: a recomputed (Weyl alternation) — recomputed 3, claimed 3
    [ok  ] vectors parsed — 1 vector(s), supports [73278], modulus 2147483629
    [ok  ] vector 0: shape, degree, canonical terms, weight = lambda
    [ok  ] vector 0: annihilated by every E_(i,i+1) mod 2147483629
    [ok  ] vectors linearly independent — rank 1 mod 2147483629
    [ok  ] vector 0: (star) support for k = 1 (Theorem (star): lies in I({l^1 c}))
    [ok  ] vanishes at 6 fresh padded_permanent points (seed 20260905)
    [ok  ] vanishes at 6 fresh reducible points (seed 20260905)
    [ok  ] evaluation at 6 fresh generic points (seed 20260905) has full row rank — rank 1 of 1
    [ok  ] evaluation at 6 fresh det_pencil points (seed 20260905) has full row rank — rank 1 of 1
PASS        results/certs/11_9_9_1_1_1_d8_pad_p2147483647_vec1_modp.json.gz  (22.6s)  s41/s43 pad-side kernel vector: mod-2147483647 HWV of weight (11, 9, 9, 1, 1, 1) in degree 8 vanishing on the pad side (11_9_9_1_1_1_d8_pad_p2147483647_vec1)
    [ok  ] cell: n = 4 — n = 4
    [ok  ] cell: length(lambda) = r — lambda (11, 9, 9, 1, 1, 1), r 6
    [ok  ] cell: lambda weakly decreasing
    [ok  ] cell: |lambda| = n*delta — 32 vs 4*8
    [ok  ] cell: a recomputed (Weyl alternation) — recomputed 3, claimed 3
    [ok  ] vectors parsed — 1 vector(s), supports [85746], modulus 2147483647
    [ok  ] vector 0: shape, degree, canonical terms, weight = lambda
    [ok  ] vector 0: annihilated by every E_(i,i+1) mod 2147483647
    [ok  ] vectors linearly independent — rank 1 mod 2147483647
    [ok  ] vector 0: (star) support for k = 1 (Theorem (star): lies in I({l^1 c}))
    [ok  ] vanishes at 6 fresh padded_permanent points (seed 20260905)
    [ok  ] vanishes at 6 fresh reducible points (seed 20260905)
    [ok  ] evaluation at 6 fresh generic points (seed 20260905) has full row rank — rank 1 of 1
    [ok  ] evaluation at 6 fresh det_pencil points (seed 20260905) has full row rank — rank 1 of 1
PASS        results/certs/11_9_9_1_1_1_d8_pad_p2147483647_vec2_modp.json.gz  (19.0s)  s41/s43 pad-side kernel vector: mod-2147483647 HWV of weight (11, 9, 9, 1, 1, 1) in degree 8 vanishing on the pad side (11_9_9_1_1_1_d8_pad_p2147483647_vec2)
    [ok  ] cell: n = 4 — n = 4
    [ok  ] cell: length(lambda) = r — lambda (11, 9, 9, 1, 1, 1), r 6
    [ok  ] cell: lambda weakly decreasing
    [ok  ] cell: |lambda| = n*delta — 32 vs 4*8
    [ok  ] cell: a recomputed (Weyl alternation) — recomputed 3, claimed 3
    [ok  ] vectors parsed — 1 vector(s), supports [73278], modulus 2147483647
    [ok  ] vector 0: shape, degree, canonical terms, weight = lambda
    [ok  ] vector 0: annihilated by every E_(i,i+1) mod 2147483647
    [ok  ] vectors linearly independent — rank 1 mod 2147483647
    [ok  ] vector 0: (star) support for k = 1 (Theorem (star): lies in I({l^1 c}))
    [ok  ] vanishes at 6 fresh padded_permanent points (seed 20260905)
    [ok  ] vanishes at 6 fresh reducible points (seed 20260905)
    [ok  ] evaluation at 6 fresh generic points (seed 20260905) has full row rank — rank 1 of 1
    [ok  ] evaluation at 6 fresh det_pencil points (seed 20260905) has full row rank — rank 1 of 1
PASS        results/certs/12_10_7_1_1_1_d8_int.json.gz  (24.6s)  s42/s47 lift: 2 integer HWV(s) of weight (12, 10, 7, 1, 1, 1) in degree 8 in I(R_6)
    [ok  ] cell: n = 4 — n = 4
    [ok  ] cell: length(lambda) = r — lambda (12, 10, 7, 1, 1, 1), r 6
    [ok  ] cell: lambda weakly decreasing
    [ok  ] cell: |lambda| = n*delta — 32 vs 4*8
    [ok  ] cell: a recomputed (Weyl alternation) — recomputed 9, claimed 9
    [ok  ] vectors parsed — 2 vector(s), supports [39216, 62820], integer coefficients
    [ok  ] vector 0: shape, degree, canonical terms, weight = lambda
    [ok  ] vector 0: annihilated by every E_(i,i+1) over Z
    [ok  ] vector 1: shape, degree, canonical terms, weight = lambda
    [ok  ] vector 1: annihilated by every E_(i,i+1) over Z
    [ok  ] vectors linearly independent — rank 2 over Q (flint, exact)
    [ok  ] vector 0: (star) support for k = 1 (Theorem (star): lies in I({l^1 c}))
    [ok  ] vector 1: (star) support for k = 1 (Theorem (star): lies in I({l^1 c}))
    [ok  ] vanishes at 6 fresh padded_permanent points (seed 20260905)
    [ok  ] vanishes at 6 fresh reducible points (seed 20260905)
    [ok  ] evaluation at 6 fresh generic points (seed 20260905) has full row rank — rank 2 of 2
    [ok  ] evaluation at 6 fresh det_pencil points (seed 20260905) has full row rank — rank 2 of 2
PASS        results/certs/12_10_7_1_1_1_d8_pad_p2147483629_vec1_modp.json.gz  (10.3s)  s41/s43 pad-side kernel vector: mod-2147483629 HWV of weight (12, 10, 7, 1, 1, 1) in degree 8 vanishing on the pad side (12_10_7_1_1_1_d8_pad_p2147483629_vec1)
    [ok  ] cell: n = 4 — n = 4
    [ok  ] cell: length(lambda) = r — lambda (12, 10, 7, 1, 1, 1), r 6
    [ok  ] cell: lambda weakly decreasing
    [ok  ] cell: |lambda| = n*delta — 32 vs 4*8
    [ok  ] cell: a recomputed (Weyl alternation) — recomputed 9, claimed 9
    [ok  ] vectors parsed — 1 vector(s), supports [39216], modulus 2147483629
    [ok  ] vector 0: shape, degree, canonical terms, weight = lambda
    [ok  ] vector 0: annihilated by every E_(i,i+1) mod 2147483629
    [ok  ] vectors linearly independent — rank 1 mod 2147483629
    [ok  ] vector 0: (star) support for k = 1 (Theorem (star): lies in I({l^1 c}))
    [ok  ] vanishes at 6 fresh padded_permanent points (seed 20260905)
    [ok  ] vanishes at 6 fresh reducible points (seed 20260905)
    [ok  ] evaluation at 6 fresh generic points (seed 20260905) has full row rank — rank 1 of 1
    [ok  ] evaluation at 6 fresh det_pencil points (seed 20260905) has full row rank — rank 1 of 1
PASS        results/certs/12_10_7_1_1_1_d8_pad_p2147483629_vec2_modp.json.gz  (17.2s)  s41/s43 pad-side kernel vector: mod-2147483629 HWV of weight (12, 10, 7, 1, 1, 1) in degree 8 vanishing on the pad side (12_10_7_1_1_1_d8_pad_p2147483629_vec2)
    [ok  ] cell: n = 4 — n = 4
    [ok  ] cell: length(lambda) = r — lambda (12, 10, 7, 1, 1, 1), r 6
    [ok  ] cell: lambda weakly decreasing
    [ok  ] cell: |lambda| = n*delta — 32 vs 4*8
    [ok  ] cell: a recomputed (Weyl alternation) — recomputed 9, claimed 9
    [ok  ] vectors parsed — 1 vector(s), supports [66798], modulus 2147483629
    [ok  ] vector 0: shape, degree, canonical terms, weight = lambda
    [ok  ] vector 0: annihilated by every E_(i,i+1) mod 2147483629
    [ok  ] vectors linearly independent — rank 1 mod 2147483629
    [ok  ] vector 0: (star) support for k = 1 (Theorem (star): lies in I({l^1 c}))
    [ok  ] vanishes at 6 fresh padded_permanent points (seed 20260905)
    [ok  ] vanishes at 6 fresh reducible points (seed 20260905)
    [ok  ] evaluation at 6 fresh generic points (seed 20260905) has full row rank — rank 1 of 1
    [ok  ] evaluation at 6 fresh det_pencil points (seed 20260905) has full row rank — rank 1 of 1
PASS        results/certs/12_10_7_1_1_1_d8_pad_p2147483647_vec1_modp.json.gz  (10.5s)  s41/s43 pad-side kernel vector: mod-2147483647 HWV of weight (12, 10, 7, 1, 1, 1) in degree 8 vanishing on the pad side (12_10_7_1_1_1_d8_pad_p2147483647_vec1)
    [ok  ] cell: n = 4 — n = 4
    [ok  ] cell: length(lambda) = r — lambda (12, 10, 7, 1, 1, 1), r 6
    [ok  ] cell: lambda weakly decreasing
    [ok  ] cell: |lambda| = n*delta — 32 vs 4*8
    [ok  ] cell: a recomputed (Weyl alternation) — recomputed 9, claimed 9
    [ok  ] vectors parsed — 1 vector(s), supports [39216], modulus 2147483647
    [ok  ] vector 0: shape, degree, canonical terms, weight = lambda
    [ok  ] vector 0: annihilated by every E_(i,i+1) mod 2147483647
    [ok  ] vectors linearly independent — rank 1 mod 2147483647
    [ok  ] vector 0: (star) support for k = 1 (Theorem (star): lies in I({l^1 c}))
    [ok  ] vanishes at 6 fresh padded_permanent points (seed 20260905)
    [ok  ] vanishes at 6 fresh reducible points (seed 20260905)
    [ok  ] evaluation at 6 fresh generic points (seed 20260905) has full row rank — rank 1 of 1
    [ok  ] evaluation at 6 fresh det_pencil points (seed 20260905) has full row rank — rank 1 of 1
PASS        results/certs/12_10_7_1_1_1_d8_pad_p2147483647_vec2_modp.json.gz  (16.9s)  s41/s43 pad-side kernel vector: mod-2147483647 HWV of weight (12, 10, 7, 1, 1, 1) in degree 8 vanishing on the pad side (12_10_7_1_1_1_d8_pad_p2147483647_vec2)
    [ok  ] cell: n = 4 — n = 4
    [ok  ] cell: length(lambda) = r — lambda (12, 10, 7, 1, 1, 1), r 6
    [ok  ] cell: lambda weakly decreasing
    [ok  ] cell: |lambda| = n*delta — 32 vs 4*8
    [ok  ] cell: a recomputed (Weyl alternation) — recomputed 9, claimed 9
    [ok  ] vectors parsed — 1 vector(s), supports [66798], modulus 2147483647
    [ok  ] vector 0: shape, degree, canonical terms, weight = lambda
    [ok  ] vector 0: annihilated by every E_(i,i+1) mod 2147483647
    [ok  ] vectors linearly independent — rank 1 mod 2147483647
    [ok  ] vector 0: (star) support for k = 1 (Theorem (star): lies in I({l^1 c}))
    [ok  ] vanishes at 6 fresh padded_permanent points (seed 20260905)
    [ok  ] vanishes at 6 fresh reducible points (seed 20260905)
    [ok  ] evaluation at 6 fresh generic points (seed 20260905) has full row rank — rank 1 of 1
    [ok  ] evaluation at 6 fresh det_pencil points (seed 20260905) has full row rank — rank 1 of 1
PASS        results/certs/12_4_4_4_4_d7_int.json.gz  (3.9s)  s42/s47 lift: 1 integer HWV(s) of weight (12, 4, 4, 4, 4) in degree 7 in I(R_5)
    [ok  ] cell: n = 4 — n = 4
    [ok  ] cell: length(lambda) = r — lambda (12, 4, 4, 4, 4), r 5
    [ok  ] cell: lambda weakly decreasing
    [ok  ] cell: |lambda| = n*delta — 28 vs 4*7
    [ok  ] cell: a recomputed (Weyl alternation) — recomputed 4, claimed 4
    [ok  ] vectors parsed — 1 vector(s), supports [19834], integer coefficients
    [ok  ] vector 0: shape, degree, canonical terms, weight = lambda
    [ok  ] vector 0: annihilated by every E_(i,i+1) over Z
    [ok  ] vectors linearly independent — rank 1 over Q (flint, exact)
    [ok  ] vector 0: (star) support for k = 1 (Theorem (star): lies in I({l^1 c}))
    [ok  ] vanishes at 6 fresh padded_permanent points (seed 20260905)
    [ok  ] vanishes at 6 fresh reducible points (seed 20260905)
    [ok  ] evaluation at 6 fresh generic points (seed 20260905) has full row rank — rank 1 of 1
    [ok  ] evaluation at 6 fresh det_pencil points (seed 20260905) has full row rank — rank 1 of 1
PASS        results/certs/12_8_8_1_1_1_1_d8_int.json.gz  (56.0s)  s42/s47 lift: 2 integer HWV(s) of weight (12, 8, 8, 1, 1, 1, 1) in degree 8 in I(R_7)
    [ok  ] cell: n = 4 — n = 4
    [ok  ] cell: length(lambda) = r — lambda (12, 8, 8, 1, 1, 1, 1), r 7
    [ok  ] cell: lambda weakly decreasing
    [ok  ] cell: |lambda| = n*delta — 32 vs 4*8
    [ok  ] cell: a recomputed (Weyl alternation) — recomputed 2, claimed 2
    [ok  ] vectors parsed — 2 vector(s), supports [82848, 107160], integer coefficients
    [ok  ] vector 0: shape, degree, canonical terms, weight = lambda
    [ok  ] vector 0: annihilated by every E_(i,i+1) over Z
    [ok  ] vector 1: shape, degree, canonical terms, weight = lambda
    [ok  ] vector 1: annihilated by every E_(i,i+1) over Z
    [ok  ] vectors linearly independent — rank 2 over Q (lower bound from primes [2, 2]; equals the count so exact)
    [ok  ] vector 0: (star) support for k = 1 (Theorem (star): lies in I({l^1 c}))
    [ok  ] vector 1: (star) support for k = 1 (Theorem (star): lies in I({l^1 c}))
    [ok  ] vanishes at 6 fresh padded_permanent points (seed 20260905)
    [ok  ] vanishes at 6 fresh reducible points (seed 20260905)
    [ok  ] evaluation at 6 fresh generic points (seed 20260905) has full row rank — rank 2 of 2
PASS        results/certs/12_9_8_1_1_1_d8_int.json.gz  (36.7s)  s42/s47 lift: 2 integer HWV(s) of weight (12, 9, 8, 1, 1, 1) in degree 8 in I(R_6)
    [ok  ] cell: n = 4 — n = 4
    [ok  ] cell: length(lambda) = r — lambda (12, 9, 8, 1, 1, 1), r 6
    [ok  ] cell: lambda weakly decreasing
    [ok  ] cell: |lambda| = n*delta — 32 vs 4*8
    [ok  ] cell: a recomputed (Weyl alternation) — recomputed 6, claimed 6
    [ok  ] vectors parsed — 2 vector(s), supports [73314, 74592], integer coefficients
    [ok  ] vector 0: shape, degree, canonical terms, weight = lambda
    [ok  ] vector 0: annihilated by every E_(i,i+1) over Z
    [ok  ] vector 1: shape, degree, canonical terms, weight = lambda
    [ok  ] vector 1: annihilated by every E_(i,i+1) over Z
    [ok  ] vectors linearly independent — rank 2 over Q (flint, exact)
    [ok  ] vector 0: (star) support for k = 1 (Theorem (star): lies in I({l^1 c}))
    [ok  ] vector 1: (star) support for k = 1 (Theorem (star): lies in I({l^1 c}))
    [ok  ] vanishes at 6 fresh padded_permanent points (seed 20260905)
    [ok  ] vanishes at 6 fresh reducible points (seed 20260905)
    [ok  ] evaluation at 6 fresh generic points (seed 20260905) has full row rank — rank 2 of 2
    [ok  ] evaluation at 6 fresh det_pencil points (seed 20260905) has full row rank — rank 2 of 2
PASS        results/certs/12_9_8_1_1_1_d8_pad_p2147483629_vec1_modp.json.gz  (18.6s)  s41/s43 pad-side kernel vector: mod-2147483629 HWV of weight (12, 9, 8, 1, 1, 1) in degree 8 vanishing on the pad side (12_9_8_1_1_1_d8_pad_p2147483629_vec1)
    [ok  ] cell: n = 4 — n = 4
    [ok  ] cell: length(lambda) = r — lambda (12, 9, 8, 1, 1, 1), r 6
    [ok  ] cell: lambda weakly decreasing
    [ok  ] cell: |lambda| = n*delta — 32 vs 4*8
    [ok  ] cell: a recomputed (Weyl alternation) — recomputed 6, claimed 6
    [ok  ] vectors parsed — 1 vector(s), supports [67656], modulus 2147483629
    [ok  ] vector 0: shape, degree, canonical terms, weight = lambda
    [ok  ] vector 0: annihilated by every E_(i,i+1) mod 2147483629
    [ok  ] vectors linearly independent — rank 1 mod 2147483629
    [ok  ] vector 0: (star) support for k = 1 (Theorem (star): lies in I({l^1 c}))
    [ok  ] vanishes at 6 fresh padded_permanent points (seed 20260905)
    [ok  ] vanishes at 6 fresh reducible points (seed 20260905)
    [ok  ] evaluation at 6 fresh generic points (seed 20260905) has full row rank — rank 1 of 1
    [ok  ] evaluation at 6 fresh det_pencil points (seed 20260905) has full row rank — rank 1 of 1
PASS        results/certs/12_9_8_1_1_1_d8_pad_p2147483629_vec2_modp.json.gz  (24.7s)  s41/s43 pad-side kernel vector: mod-2147483629 HWV of weight (12, 9, 8, 1, 1, 1) in degree 8 vanishing on the pad side (12_9_8_1_1_1_d8_pad_p2147483629_vec2)
    [ok  ] cell: n = 4 — n = 4
    [ok  ] cell: length(lambda) = r — lambda (12, 9, 8, 1, 1, 1), r 6
    [ok  ] cell: lambda weakly decreasing
    [ok  ] cell: |lambda| = n*delta — 32 vs 4*8
    [ok  ] cell: a recomputed (Weyl alternation) — recomputed 6, claimed 6
    [ok  ] vectors parsed — 1 vector(s), supports [74436], modulus 2147483629
    [ok  ] vector 0: shape, degree, canonical terms, weight = lambda
    [ok  ] vector 0: annihilated by every E_(i,i+1) mod 2147483629
    [ok  ] vectors linearly independent — rank 1 mod 2147483629
    [ok  ] vector 0: (star) support for k = 1 (Theorem (star): lies in I({l^1 c}))
    [ok  ] vanishes at 6 fresh padded_permanent points (seed 20260905)
    [ok  ] vanishes at 6 fresh reducible points (seed 20260905)
    [ok  ] evaluation at 6 fresh generic points (seed 20260905) has full row rank — rank 1 of 1
    [ok  ] evaluation at 6 fresh det_pencil points (seed 20260905) has full row rank — rank 1 of 1
PASS        results/certs/12_9_8_1_1_1_d8_pad_p2147483647_vec1_modp.json.gz  (21.9s)  s41/s43 pad-side kernel vector: mod-2147483647 HWV of weight (12, 9, 8, 1, 1, 1) in degree 8 vanishing on the pad side (12_9_8_1_1_1_d8_pad_p2147483647_vec1)
    [ok  ] cell: n = 4 — n = 4
    [ok  ] cell: length(lambda) = r — lambda (12, 9, 8, 1, 1, 1), r 6
    [ok  ] cell: lambda weakly decreasing
    [ok  ] cell: |lambda| = n*delta — 32 vs 4*8
    [ok  ] cell: a recomputed (Weyl alternation) — recomputed 6, claimed 6
    [ok  ] vectors parsed — 1 vector(s), supports [67656], modulus 2147483647
    [ok  ] vector 0: shape, degree, canonical terms, weight = lambda
    [ok  ] vector 0: annihilated by every E_(i,i+1) mod 2147483647
    [ok  ] vectors linearly independent — rank 1 mod 2147483647
    [ok  ] vector 0: (star) support for k = 1 (Theorem (star): lies in I({l^1 c}))
    [ok  ] vanishes at 6 fresh padded_permanent points (seed 20260905)
    [ok  ] vanishes at 6 fresh reducible points (seed 20260905)
    [ok  ] evaluation at 6 fresh generic points (seed 20260905) has full row rank — rank 1 of 1
    [ok  ] evaluation at 6 fresh det_pencil points (seed 20260905) has full row rank — rank 1 of 1
PASS        results/certs/12_9_8_1_1_1_d8_pad_p2147483647_vec2_modp.json.gz  (22.0s)  s41/s43 pad-side kernel vector: mod-2147483647 HWV of weight (12, 9, 8, 1, 1, 1) in degree 8 vanishing on the pad side (12_9_8_1_1_1_d8_pad_p2147483647_vec2)
    [ok  ] cell: n = 4 — n = 4
    [ok  ] cell: length(lambda) = r — lambda (12, 9, 8, 1, 1, 1), r 6
    [ok  ] cell: lambda weakly decreasing
    [ok  ] cell: |lambda| = n*delta — 32 vs 4*8
    [ok  ] cell: a recomputed (Weyl alternation) — recomputed 6, claimed 6
    [ok  ] vectors parsed — 1 vector(s), supports [74436], modulus 2147483647
    [ok  ] vector 0: shape, degree, canonical terms, weight = lambda
    [ok  ] vector 0: annihilated by every E_(i,i+1) mod 2147483647
    [ok  ] vectors linearly independent — rank 1 mod 2147483647
    [ok  ] vector 0: (star) support for k = 1 (Theorem (star): lies in I({l^1 c}))
    [ok  ] vanishes at 6 fresh padded_permanent points (seed 20260905)
    [ok  ] vanishes at 6 fresh reducible points (seed 20260905)
    [ok  ] evaluation at 6 fresh generic points (seed 20260905) has full row rank — rank 1 of 1
    [ok  ] evaluation at 6 fresh det_pencil points (seed 20260905) has full row rank — rank 1 of 1
PASS        results/certs/13_10_6_1_1_1_d8_int.json.gz  (7.1s)  integrator lift (s41 cell): 1 integer HWV(s) of weight (13, 10, 6, 1, 1, 1) in degree 8 in I(R_6)
    [ok  ] cell: n = 4 — n = 4
    [ok  ] cell: length(lambda) = r — lambda (13, 10, 6, 1, 1, 1), r 6
    [ok  ] cell: lambda weakly decreasing
    [ok  ] cell: |lambda| = n*delta — 32 vs 4*8
    [ok  ] cell: a recomputed (Weyl alternation) — recomputed 9, claimed 9
    [ok  ] vectors parsed — 1 vector(s), supports [28248], integer coefficients
    [ok  ] vector 0: shape, degree, canonical terms, weight = lambda
    [ok  ] vector 0: annihilated by every E_(i,i+1) over Z
    [ok  ] vectors linearly independent — rank 1 over Q (flint, exact)
    [ok  ] vector 0: (star) support for k = 1 (Theorem (star): lies in I({l^1 c}))
    [ok  ] vanishes at 6 fresh padded_permanent points (seed 20260905)
    [ok  ] vanishes at 6 fresh reducible points (seed 20260905)
    [ok  ] evaluation at 6 fresh generic points (seed 20260905) has full row rank — rank 1 of 1
    [ok  ] evaluation at 6 fresh det_pencil points (seed 20260905) has full row rank — rank 1 of 1
PASS        results/certs/13_10_6_1_1_1_d8_pad_p2147483629_vec1_modp.json.gz  (7.6s)  s41/s43 pad-side kernel vector: mod-2147483629 HWV of weight (13, 10, 6, 1, 1, 1) in degree 8 vanishing on the pad side (13_10_6_1_1_1_d8_pad_p2147483629_vec1)
    [ok  ] cell: n = 4 — n = 4
    [ok  ] cell: length(lambda) = r — lambda (13, 10, 6, 1, 1, 1), r 6
    [ok  ] cell: lambda weakly decreasing
    [ok  ] cell: |lambda| = n*delta — 32 vs 4*8
    [ok  ] cell: a recomputed (Weyl alternation) — recomputed 9, claimed 9
    [ok  ] vectors parsed — 1 vector(s), supports [28248], modulus 2147483629
    [ok  ] vector 0: shape, degree, canonical terms, weight = lambda
    [ok  ] vector 0: annihilated by every E_(i,i+1) mod 2147483629
    [ok  ] vectors linearly independent — rank 1 mod 2147483629
    [ok  ] vector 0: (star) support for k = 1 (Theorem (star): lies in I({l^1 c}))
    [ok  ] vanishes at 6 fresh padded_permanent points (seed 20260905)
    [ok  ] vanishes at 6 fresh reducible points (seed 20260905)
    [ok  ] evaluation at 6 fresh generic points (seed 20260905) has full row rank — rank 1 of 1
    [ok  ] evaluation at 6 fresh det_pencil points (seed 20260905) has full row rank — rank 1 of 1
PASS        results/certs/13_10_6_1_1_1_d8_pad_p2147483647_vec1_modp.json.gz  (7.6s)  s41/s43 pad-side kernel vector: mod-2147483647 HWV of weight (13, 10, 6, 1, 1, 1) in degree 8 vanishing on the pad side (13_10_6_1_1_1_d8_pad_p2147483647_vec1)
    [ok  ] cell: n = 4 — n = 4
    [ok  ] cell: length(lambda) = r — lambda (13, 10, 6, 1, 1, 1), r 6
    [ok  ] cell: lambda weakly decreasing
    [ok  ] cell: |lambda| = n*delta — 32 vs 4*8
    [ok  ] cell: a recomputed (Weyl alternation) — recomputed 9, claimed 9
    [ok  ] vectors parsed — 1 vector(s), supports [28248], modulus 2147483647
    [ok  ] vector 0: shape, degree, canonical terms, weight = lambda
    [ok  ] vector 0: annihilated by every E_(i,i+1) mod 2147483647
    [ok  ] vectors linearly independent — rank 1 mod 2147483647
    [ok  ] vector 0: (star) support for k = 1 (Theorem (star): lies in I({l^1 c}))
    [ok  ] vanishes at 6 fresh padded_permanent points (seed 20260905)
    [ok  ] vanishes at 6 fresh reducible points (seed 20260905)
    [ok  ] evaluation at 6 fresh generic points (seed 20260905) has full row rank — rank 1 of 1
    [ok  ] evaluation at 6 fresh det_pencil points (seed 20260905) has full row rank — rank 1 of 1
PASS        results/certs/13_12_4_1_1_1_d8_int.json.gz  (2.3s)  s42/s47 lift: 1 integer HWV(s) of weight (13, 12, 4, 1, 1, 1) in degree 8 in I(R_6)
    [ok  ] cell: n = 4 — n = 4
    [ok  ] cell: length(lambda) = r — lambda (13, 12, 4, 1, 1, 1), r 6
    [ok  ] cell: lambda weakly decreasing
    [ok  ] cell: |lambda| = n*delta — 32 vs 4*8
    [ok  ] cell: a recomputed (Weyl alternation) — recomputed 3, claimed 3
    [ok  ] vectors parsed — 1 vector(s), supports [6804], integer coefficients
    [ok  ] vector 0: shape, degree, canonical terms, weight = lambda
    [ok  ] vector 0: annihilated by every E_(i,i+1) over Z
    [ok  ] vectors linearly independent — rank 1 over Q (flint, exact)
    [ok  ] vector 0: (star) support for k = 1 (Theorem (star): lies in I({l^1 c}))
    [ok  ] vanishes at 6 fresh padded_permanent points (seed 20260905)
    [ok  ] vanishes at 6 fresh reducible points (seed 20260905)
    [ok  ] evaluation at 6 fresh generic points (seed 20260905) has full row rank — rank 1 of 1
    [ok  ] evaluation at 6 fresh det_pencil points (seed 20260905) has full row rank — rank 1 of 1
PASS        results/certs/13_12_4_1_1_1_d8_pad_p2147483629_vec1_modp.json.gz  (2.4s)  s41/s43 pad-side kernel vector: mod-2147483629 HWV of weight (13, 12, 4, 1, 1, 1) in degree 8 vanishing on the pad side (13_12_4_1_1_1_d8_pad_p2147483629_vec1)
    [ok  ] cell: n = 4 — n = 4
    [ok  ] cell: length(lambda) = r — lambda (13, 12, 4, 1, 1, 1), r 6
    [ok  ] cell: lambda weakly decreasing
    [ok  ] cell: |lambda| = n*delta — 32 vs 4*8
    [ok  ] cell: a recomputed (Weyl alternation) — recomputed 3, claimed 3
    [ok  ] vectors parsed — 1 vector(s), supports [6804], modulus 2147483629
    [ok  ] vector 0: shape, degree, canonical terms, weight = lambda
    [ok  ] vector 0: annihilated by every E_(i,i+1) mod 2147483629
    [ok  ] vectors linearly independent — rank 1 mod 2147483629
    [ok  ] vector 0: (star) support for k = 1 (Theorem (star): lies in I({l^1 c}))
    [ok  ] vanishes at 6 fresh padded_permanent points (seed 20260905)
    [ok  ] vanishes at 6 fresh reducible points (seed 20260905)
    [ok  ] evaluation at 6 fresh generic points (seed 20260905) has full row rank — rank 1 of 1
    [ok  ] evaluation at 6 fresh det_pencil points (seed 20260905) has full row rank — rank 1 of 1
PASS        results/certs/13_12_4_1_1_1_d8_pad_p2147483647_vec1_modp.json.gz  (2.4s)  s41/s43 pad-side kernel vector: mod-2147483647 HWV of weight (13, 12, 4, 1, 1, 1) in degree 8 vanishing on the pad side (13_12_4_1_1_1_d8_pad_p2147483647_vec1)
    [ok  ] cell: n = 4 — n = 4
    [ok  ] cell: length(lambda) = r — lambda (13, 12, 4, 1, 1, 1), r 6
    [ok  ] cell: lambda weakly decreasing
    [ok  ] cell: |lambda| = n*delta — 32 vs 4*8
    [ok  ] cell: a recomputed (Weyl alternation) — recomputed 3, claimed 3
    [ok  ] vectors parsed — 1 vector(s), supports [6804], modulus 2147483647
    [ok  ] vector 0: shape, degree, canonical terms, weight = lambda
    [ok  ] vector 0: annihilated by every E_(i,i+1) mod 2147483647
    [ok  ] vectors linearly independent — rank 1 mod 2147483647
    [ok  ] vector 0: (star) support for k = 1 (Theorem (star): lies in I({l^1 c}))
    [ok  ] vanishes at 6 fresh padded_permanent points (seed 20260905)
    [ok  ] vanishes at 6 fresh reducible points (seed 20260905)
    [ok  ] evaluation at 6 fresh generic points (seed 20260905) has full row rank — rank 1 of 1
    [ok  ] evaluation at 6 fresh det_pencil points (seed 20260905) has full row rank — rank 1 of 1
PASS        results/certs/13_8_8_1_1_1_d8_int.json.gz  (9.7s)  s42/s47 lift: 1 integer HWV(s) of weight (13, 8, 8, 1, 1, 1) in degree 8 in I(R_6)
    [ok  ] cell: n = 4 — n = 4
    [ok  ] cell: length(lambda) = r — lambda (13, 8, 8, 1, 1, 1), r 6
    [ok  ] cell: lambda weakly decreasing
    [ok  ] cell: |lambda| = n*delta — 32 vs 4*8
    [ok  ] cell: a recomputed (Weyl alternation) — recomputed 3, claimed 3
    [ok  ] vectors parsed — 1 vector(s), supports [39768], integer coefficients
    [ok  ] vector 0: shape, degree, canonical terms, weight = lambda
    [ok  ] vector 0: annihilated by every E_(i,i+1) over Z
    [ok  ] vectors linearly independent — rank 1 over Q (flint, exact)
    [ok  ] vector 0: (star) support for k = 1 (Theorem (star): lies in I({l^1 c}))
    [ok  ] vanishes at 6 fresh padded_permanent points (seed 20260905)
    [ok  ] vanishes at 6 fresh reducible points (seed 20260905)
    [ok  ] evaluation at 6 fresh generic points (seed 20260905) has full row rank — rank 1 of 1
    [ok  ] evaluation at 6 fresh det_pencil points (seed 20260905) has full row rank — rank 1 of 1
PASS        results/certs/13_8_8_1_1_1_d8_pad_p2147483629_vec1_modp.json.gz  (10.2s)  s41/s43 pad-side kernel vector: mod-2147483629 HWV of weight (13, 8, 8, 1, 1, 1) in degree 8 vanishing on the pad side (13_8_8_1_1_1_d8_pad_p2147483629_vec1)
    [ok  ] cell: n = 4 — n = 4
    [ok  ] cell: length(lambda) = r — lambda (13, 8, 8, 1, 1, 1), r 6
    [ok  ] cell: lambda weakly decreasing
    [ok  ] cell: |lambda| = n*delta — 32 vs 4*8
    [ok  ] cell: a recomputed (Weyl alternation) — recomputed 3, claimed 3
    [ok  ] vectors parsed — 1 vector(s), supports [39768], modulus 2147483629
    [ok  ] vector 0: shape, degree, canonical terms, weight = lambda
    [ok  ] vector 0: annihilated by every E_(i,i+1) mod 2147483629
    [ok  ] vectors linearly independent — rank 1 mod 2147483629
    [ok  ] vector 0: (star) support for k = 1 (Theorem (star): lies in I({l^1 c}))
    [ok  ] vanishes at 6 fresh padded_permanent points (seed 20260905)
    [ok  ] vanishes at 6 fresh reducible points (seed 20260905)
    [ok  ] evaluation at 6 fresh generic points (seed 20260905) has full row rank — rank 1 of 1
    [ok  ] evaluation at 6 fresh det_pencil points (seed 20260905) has full row rank — rank 1 of 1
PASS        results/certs/13_8_8_1_1_1_d8_pad_p2147483647_vec1_modp.json.gz  (10.1s)  s41/s43 pad-side kernel vector: mod-2147483647 HWV of weight (13, 8, 8, 1, 1, 1) in degree 8 vanishing on the pad side (13_8_8_1_1_1_d8_pad_p2147483647_vec1)
    [ok  ] cell: n = 4 — n = 4
    [ok  ] cell: length(lambda) = r — lambda (13, 8, 8, 1, 1, 1), r 6
    [ok  ] cell: lambda weakly decreasing
    [ok  ] cell: |lambda| = n*delta — 32 vs 4*8
    [ok  ] cell: a recomputed (Weyl alternation) — recomputed 3, claimed 3
    [ok  ] vectors parsed — 1 vector(s), supports [39768], modulus 2147483647
    [ok  ] vector 0: shape, degree, canonical terms, weight = lambda
    [ok  ] vector 0: annihilated by every E_(i,i+1) mod 2147483647
    [ok  ] vectors linearly independent — rank 1 mod 2147483647
    [ok  ] vector 0: (star) support for k = 1 (Theorem (star): lies in I({l^1 c}))
    [ok  ] vanishes at 6 fresh padded_permanent points (seed 20260905)
    [ok  ] vanishes at 6 fresh reducible points (seed 20260905)
    [ok  ] evaluation at 6 fresh generic points (seed 20260905) has full row rank — rank 1 of 1
    [ok  ] evaluation at 6 fresh det_pencil points (seed 20260905) has full row rank — rank 1 of 1
PASS        results/certs/13_9_7_1_1_1_d8_int.json.gz  (7.1s)  s42/s47 lift: 1 integer HWV(s) of weight (13, 9, 7, 1, 1, 1) in degree 8 in I(R_6)
    [ok  ] cell: n = 4 — n = 4
    [ok  ] cell: length(lambda) = r — lambda (13, 9, 7, 1, 1, 1), r 6
    [ok  ] cell: lambda weakly decreasing
    [ok  ] cell: |lambda| = n*delta — 32 vs 4*8
    [ok  ] cell: a recomputed (Weyl alternation) — recomputed 11, claimed 11
    [ok  ] vectors parsed — 1 vector(s), supports [29586], integer coefficients
    [ok  ] vector 0: shape, degree, canonical terms, weight = lambda
    [ok  ] vector 0: annihilated by every E_(i,i+1) over Z
    [ok  ] vectors linearly independent — rank 1 over Q (flint, exact)
    [ok  ] vector 0: (star) support for k = 1 (Theorem (star): lies in I({l^1 c}))
    [ok  ] vanishes at 6 fresh padded_permanent points (seed 20260905)
    [ok  ] vanishes at 6 fresh reducible points (seed 20260905)
    [ok  ] evaluation at 6 fresh generic points (seed 20260905) has full row rank — rank 1 of 1
    [ok  ] evaluation at 6 fresh det_pencil points (seed 20260905) has full row rank — rank 1 of 1
PASS        results/certs/13_9_7_1_1_1_d8_pad_p2147483629_vec1_modp.json.gz  (7.9s)  s41/s43 pad-side kernel vector: mod-2147483629 HWV of weight (13, 9, 7, 1, 1, 1) in degree 8 vanishing on the pad side (13_9_7_1_1_1_d8_pad_p2147483629_vec1)
    [ok  ] cell: n = 4 — n = 4
    [ok  ] cell: length(lambda) = r — lambda (13, 9, 7, 1, 1, 1), r 6
    [ok  ] cell: lambda weakly decreasing
    [ok  ] cell: |lambda| = n*delta — 32 vs 4*8
    [ok  ] cell: a recomputed (Weyl alternation) — recomputed 11, claimed 11
    [ok  ] vectors parsed — 1 vector(s), supports [29586], modulus 2147483629
    [ok  ] vector 0: shape, degree, canonical terms, weight = lambda
    [ok  ] vector 0: annihilated by every E_(i,i+1) mod 2147483629
    [ok  ] vectors linearly independent — rank 1 mod 2147483629
    [ok  ] vector 0: (star) support for k = 1 (Theorem (star): lies in I({l^1 c}))
    [ok  ] vanishes at 6 fresh padded_permanent points (seed 20260905)
    [ok  ] vanishes at 6 fresh reducible points (seed 20260905)
    [ok  ] evaluation at 6 fresh generic points (seed 20260905) has full row rank — rank 1 of 1
    [ok  ] evaluation at 6 fresh det_pencil points (seed 20260905) has full row rank — rank 1 of 1
PASS        results/certs/13_9_7_1_1_1_d8_pad_p2147483647_vec1_modp.json.gz  (8.1s)  s41/s43 pad-side kernel vector: mod-2147483647 HWV of weight (13, 9, 7, 1, 1, 1) in degree 8 vanishing on the pad side (13_9_7_1_1_1_d8_pad_p2147483647_vec1)
    [ok  ] cell: n = 4 — n = 4
    [ok  ] cell: length(lambda) = r — lambda (13, 9, 7, 1, 1, 1), r 6
    [ok  ] cell: lambda weakly decreasing
    [ok  ] cell: |lambda| = n*delta — 32 vs 4*8
    [ok  ] cell: a recomputed (Weyl alternation) — recomputed 11, claimed 11
    [ok  ] vectors parsed — 1 vector(s), supports [29586], modulus 2147483647
    [ok  ] vector 0: shape, degree, canonical terms, weight = lambda
    [ok  ] vector 0: annihilated by every E_(i,i+1) mod 2147483647
    [ok  ] vectors linearly independent — rank 1 mod 2147483647
    [ok  ] vector 0: (star) support for k = 1 (Theorem (star): lies in I({l^1 c}))
    [ok  ] vanishes at 6 fresh padded_permanent points (seed 20260905)
    [ok  ] vanishes at 6 fresh reducible points (seed 20260905)
    [ok  ] evaluation at 6 fresh generic points (seed 20260905) has full row rank — rank 1 of 1
    [ok  ] evaluation at 6 fresh det_pencil points (seed 20260905) has full row rank — rank 1 of 1
PASS        results/certs/14_8_7_1_1_1_d8_int.json.gz  (4.7s)  s42/s47 lift: 1 integer HWV(s) of weight (14, 8, 7, 1, 1, 1) in degree 8 in I(R_6)
    [ok  ] cell: n = 4 — n = 4
    [ok  ] cell: length(lambda) = r — lambda (14, 8, 7, 1, 1, 1), r 6
    [ok  ] cell: lambda weakly decreasing
    [ok  ] cell: |lambda| = n*delta — 32 vs 4*8
    [ok  ] cell: a recomputed (Weyl alternation) — recomputed 9, claimed 9
    [ok  ] vectors parsed — 1 vector(s), supports [16344], integer coefficients
    [ok  ] vector 0: shape, degree, canonical terms, weight = lambda
    [ok  ] vector 0: annihilated by every E_(i,i+1) over Z
    [ok  ] vectors linearly independent — rank 1 over Q (flint, exact)
    [ok  ] vector 0: (star) support for k = 1 (Theorem (star): lies in I({l^1 c}))
    [ok  ] vanishes at 6 fresh padded_permanent points (seed 20260905)
    [ok  ] vanishes at 6 fresh reducible points (seed 20260905)
    [ok  ] evaluation at 6 fresh generic points (seed 20260905) has full row rank — rank 1 of 1
    [ok  ] evaluation at 6 fresh det_pencil points (seed 20260905) has full row rank — rank 1 of 1
PASS        results/certs/14_8_7_1_1_1_d8_pad_p2147483629_vec1_modp.json.gz  (5.1s)  s41/s43 pad-side kernel vector: mod-2147483629 HWV of weight (14, 8, 7, 1, 1, 1) in degree 8 vanishing on the pad side (14_8_7_1_1_1_d8_pad_p2147483629_vec1)
    [ok  ] cell: n = 4 — n = 4
    [ok  ] cell: length(lambda) = r — lambda (14, 8, 7, 1, 1, 1), r 6
    [ok  ] cell: lambda weakly decreasing
    [ok  ] cell: |lambda| = n*delta — 32 vs 4*8
    [ok  ] cell: a recomputed (Weyl alternation) — recomputed 9, claimed 9
    [ok  ] vectors parsed — 1 vector(s), supports [16344], modulus 2147483629
    [ok  ] vector 0: shape, degree, canonical terms, weight = lambda
    [ok  ] vector 0: annihilated by every E_(i,i+1) mod 2147483629
    [ok  ] vectors linearly independent — rank 1 mod 2147483629
    [ok  ] vector 0: (star) support for k = 1 (Theorem (star): lies in I({l^1 c}))
    [ok  ] vanishes at 6 fresh padded_permanent points (seed 20260905)
    [ok  ] vanishes at 6 fresh reducible points (seed 20260905)
    [ok  ] evaluation at 6 fresh generic points (seed 20260905) has full row rank — rank 1 of 1
    [ok  ] evaluation at 6 fresh det_pencil points (seed 20260905) has full row rank — rank 1 of 1
PASS        results/certs/14_8_7_1_1_1_d8_pad_p2147483647_vec1_modp.json.gz  (4.9s)  s41/s43 pad-side kernel vector: mod-2147483647 HWV of weight (14, 8, 7, 1, 1, 1) in degree 8 vanishing on the pad side (14_8_7_1_1_1_d8_pad_p2147483647_vec1)
    [ok  ] cell: n = 4 — n = 4
    [ok  ] cell: length(lambda) = r — lambda (14, 8, 7, 1, 1, 1), r 6
    [ok  ] cell: lambda weakly decreasing
    [ok  ] cell: |lambda| = n*delta — 32 vs 4*8
    [ok  ] cell: a recomputed (Weyl alternation) — recomputed 9, claimed 9
    [ok  ] vectors parsed — 1 vector(s), supports [16344], modulus 2147483647
    [ok  ] vector 0: shape, degree, canonical terms, weight = lambda
    [ok  ] vector 0: annihilated by every E_(i,i+1) mod 2147483647
    [ok  ] vectors linearly independent — rank 1 mod 2147483647
    [ok  ] vector 0: (star) support for k = 1 (Theorem (star): lies in I({l^1 c}))
    [ok  ] vanishes at 6 fresh padded_permanent points (seed 20260905)
    [ok  ] vanishes at 6 fresh reducible points (seed 20260905)
    [ok  ] evaluation at 6 fresh generic points (seed 20260905) has full row rank — rank 1 of 1
    [ok  ] evaluation at 6 fresh det_pencil points (seed 20260905) has full row rank — rank 1 of 1
PASS        results/certs/15_11_7_1_1_1_d9_int.json.gz  (137.9s)  s42/s47 lift: 4 integer HWV(s) of weight (15, 11, 7, 1, 1, 1) in degree 9 in I(R_6)
    [ok  ] cell: n = 4 — n = 4
    [ok  ] cell: length(lambda) = r — lambda (15, 11, 7, 1, 1, 1), r 6
    [ok  ] cell: lambda weakly decreasing
    [ok  ] cell: |lambda| = n*delta — 36 vs 4*9
    [ok  ] cell: a recomputed (Weyl alternation) — recomputed 30, claimed 30
    [ok  ] vectors parsed — 4 vector(s), supports [132822, 127188, 132090, 130578], integer coefficients
    [ok  ] vector 0: shape, degree, canonical terms, weight = lambda
    [ok  ] vector 0: annihilated by every E_(i,i+1) over Z
    [ok  ] vector 1: shape, degree, canonical terms, weight = lambda
    [ok  ] vector 1: annihilated by every E_(i,i+1) over Z
    [ok  ] vector 2: shape, degree, canonical terms, weight = lambda
    [ok  ] vector 2: annihilated by every E_(i,i+1) over Z
    [ok  ] vector 3: shape, degree, canonical terms, weight = lambda
    [ok  ] vector 3: annihilated by every E_(i,i+1) over Z
    [ok  ] vectors linearly independent — rank 4 over Q (lower bound from primes [4, 4]; equals the count so exact)
    [ok  ] vector 0: (star) support for k = 1 (Theorem (star): lies in I({l^1 c}))
    [ok  ] vector 1: (star) support for k = 1 (Theorem (star): lies in I({l^1 c}))
    [ok  ] vector 2: (star) support for k = 1 (Theorem (star): lies in I({l^1 c}))
    [ok  ] vector 3: (star) support for k = 1 (Theorem (star): lies in I({l^1 c}))
    [ok  ] vanishes at 6 fresh padded_permanent points (seed 20260905)
    [ok  ] vanishes at 6 fresh reducible points (seed 20260905)
    [ok  ] evaluation at 6 fresh generic points (seed 20260905) has full row rank — rank 4 of 4
PASS        results/certs/15_12_6_1_1_1_d9_int.json.gz  (64.0s)  s42/s47 lift: 3 integer HWV(s) of weight (15, 12, 6, 1, 1, 1) in degree 9 in I(R_6)
    [ok  ] cell: n = 4 — n = 4
    [ok  ] cell: length(lambda) = r — lambda (15, 12, 6, 1, 1, 1), r 6
    [ok  ] cell: lambda weakly decreasing
    [ok  ] cell: |lambda| = n*delta — 36 vs 4*9
    [ok  ] cell: a recomputed (Weyl alternation) — recomputed 21, claimed 21
    [ok  ] vectors parsed — 3 vector(s), supports [82350, 83364, 74568], integer coefficients
    [ok  ] vector 0: shape, degree, canonical terms, weight = lambda
    [ok  ] vector 0: annihilated by every E_(i,i+1) over Z
    [ok  ] vector 1: shape, degree, canonical terms, weight = lambda
    [ok  ] vector 1: annihilated by every E_(i,i+1) over Z
    [ok  ] vector 2: shape, degree, canonical terms, weight = lambda
    [ok  ] vector 2: annihilated by every E_(i,i+1) over Z
    [ok  ] vectors linearly independent — rank 3 over Q (lower bound from primes [3, 3]; equals the count so exact)
    [ok  ] vector 0: (star) support for k = 1 (Theorem (star): lies in I({l^1 c}))
    [ok  ] vector 1: (star) support for k = 1 (Theorem (star): lies in I({l^1 c}))
    [ok  ] vector 2: (star) support for k = 1 (Theorem (star): lies in I({l^1 c}))
    [ok  ] vanishes at 6 fresh padded_permanent points (seed 20260905)
    [ok  ] vanishes at 6 fresh reducible points (seed 20260905)
    [ok  ] evaluation at 6 fresh generic points (seed 20260905) has full row rank — rank 3 of 3
PASS        results/certs/16_10_7_1_1_1_d9_int.json.gz  (68.2s)  s42/s47 lift: 4 integer HWV(s) of weight (16, 10, 7, 1, 1, 1) in degree 9 in I(R_6)
    [ok  ] cell: n = 4 — n = 4
    [ok  ] cell: length(lambda) = r — lambda (16, 10, 7, 1, 1, 1), r 6
    [ok  ] cell: lambda weakly decreasing
    [ok  ] cell: |lambda| = n*delta — 36 vs 4*9
    [ok  ] cell: a recomputed (Weyl alternation) — recomputed 30, claimed 30
    [ok  ] vectors parsed — 4 vector(s), supports [31542, 50826, 88920, 81690], integer coefficients
    [ok  ] vector 0: shape, degree, canonical terms, weight = lambda
    [ok  ] vector 0: annihilated by every E_(i,i+1) over Z
    [ok  ] vector 1: shape, degree, canonical terms, weight = lambda
    [ok  ] vector 1: annihilated by every E_(i,i+1) over Z
    [ok  ] vector 2: shape, degree, canonical terms, weight = lambda
    [ok  ] vector 2: annihilated by every E_(i,i+1) over Z
    [ok  ] vector 3: shape, degree, canonical terms, weight = lambda
    [ok  ] vector 3: annihilated by every E_(i,i+1) over Z
    [ok  ] vectors linearly independent — rank 4 over Q (lower bound from primes [4, 4]; equals the count so exact)
    [ok  ] vector 0: (star) support for k = 1 (Theorem (star): lies in I({l^1 c}))
    [ok  ] vector 1: (star) support for k = 1 (Theorem (star): lies in I({l^1 c}))
    [ok  ] vector 2: (star) support for k = 1 (Theorem (star): lies in I({l^1 c}))
    [ok  ] vector 3: (star) support for k = 1 (Theorem (star): lies in I({l^1 c}))
    [ok  ] vanishes at 6 fresh padded_permanent points (seed 20260905)
    [ok  ] vanishes at 6 fresh reducible points (seed 20260905)
    [ok  ] evaluation at 6 fresh generic points (seed 20260905) has full row rank — rank 4 of 4
PASS        results/certs/16_13_4_1_1_1_d9_int.json.gz  (3.7s)  s42/s47 lift: 1 integer HWV(s) of weight (16, 13, 4, 1, 1, 1) in degree 9 in I(R_6)
    [ok  ] cell: n = 4 — n = 4
    [ok  ] cell: length(lambda) = r — lambda (16, 13, 4, 1, 1, 1), r 6
    [ok  ] cell: lambda weakly decreasing
    [ok  ] cell: |lambda| = n*delta — 36 vs 4*9
    [ok  ] cell: a recomputed (Weyl alternation) — recomputed 7, claimed 7
    [ok  ] vectors parsed — 1 vector(s), supports [11214], integer coefficients
    [ok  ] vector 0: shape, degree, canonical terms, weight = lambda
    [ok  ] vector 0: annihilated by every E_(i,i+1) over Z
    [ok  ] vectors linearly independent — rank 1 over Q (flint, exact)
    [ok  ] vector 0: (star) support for k = 1 (Theorem (star): lies in I({l^1 c}))
    [ok  ] vanishes at 6 fresh padded_permanent points (seed 20260905)
    [ok  ] vanishes at 6 fresh reducible points (seed 20260905)
    [ok  ] evaluation at 6 fresh generic points (seed 20260905) has full row rank — rank 1 of 1
    [ok  ] evaluation at 6 fresh det_pencil points (seed 20260905) has full row rank — rank 1 of 1
PASS        results/certs/16_13_4_1_1_1_d9_pad_p2147483629_vec1_modp.json.gz  (4.1s)  s41/s43 pad-side kernel vector: mod-2147483629 HWV of weight (16, 13, 4, 1, 1, 1) in degree 9 vanishing on the pad side (16_13_4_1_1_1_d9_pad_p2147483629_vec1)
    [ok  ] cell: n = 4 — n = 4
    [ok  ] cell: length(lambda) = r — lambda (16, 13, 4, 1, 1, 1), r 6
    [ok  ] cell: lambda weakly decreasing
    [ok  ] cell: |lambda| = n*delta — 36 vs 4*9
    [ok  ] cell: a recomputed (Weyl alternation) — recomputed 7, claimed 7
    [ok  ] vectors parsed — 1 vector(s), supports [11214], modulus 2147483629
    [ok  ] vector 0: shape, degree, canonical terms, weight = lambda
    [ok  ] vector 0: annihilated by every E_(i,i+1) mod 2147483629
    [ok  ] vectors linearly independent — rank 1 mod 2147483629
    [ok  ] vector 0: (star) support for k = 1 (Theorem (star): lies in I({l^1 c}))
    [ok  ] vanishes at 6 fresh padded_permanent points (seed 20260905)
    [ok  ] vanishes at 6 fresh reducible points (seed 20260905)
    [ok  ] evaluation at 6 fresh generic points (seed 20260905) has full row rank — rank 1 of 1
    [ok  ] evaluation at 6 fresh det_pencil points (seed 20260905) has full row rank — rank 1 of 1
PASS        results/certs/16_13_4_1_1_1_d9_pad_p2147483647_vec1_modp.json.gz  (4.1s)  s41/s43 pad-side kernel vector: mod-2147483647 HWV of weight (16, 13, 4, 1, 1, 1) in degree 9 vanishing on the pad side (16_13_4_1_1_1_d9_pad_p2147483647_vec1)
    [ok  ] cell: n = 4 — n = 4
    [ok  ] cell: length(lambda) = r — lambda (16, 13, 4, 1, 1, 1), r 6
    [ok  ] cell: lambda weakly decreasing
    [ok  ] cell: |lambda| = n*delta — 36 vs 4*9
    [ok  ] cell: a recomputed (Weyl alternation) — recomputed 7, claimed 7
    [ok  ] vectors parsed — 1 vector(s), supports [11214], modulus 2147483647
    [ok  ] vector 0: shape, degree, canonical terms, weight = lambda
    [ok  ] vector 0: annihilated by every E_(i,i+1) mod 2147483647
    [ok  ] vectors linearly independent — rank 1 mod 2147483647
    [ok  ] vector 0: (star) support for k = 1 (Theorem (star): lies in I({l^1 c}))
    [ok  ] vanishes at 6 fresh padded_permanent points (seed 20260905)
    [ok  ] vanishes at 6 fresh reducible points (seed 20260905)
    [ok  ] evaluation at 6 fresh generic points (seed 20260905) has full row rank — rank 1 of 1
    [ok  ] evaluation at 6 fresh det_pencil points (seed 20260905) has full row rank — rank 1 of 1
PASS        results/certs/17_12_4_1_1_1_d9_int.json.gz  (2.8s)  s42/s47 lift: 1 integer HWV(s) of weight (17, 12, 4, 1, 1, 1) in degree 9 in I(R_6)
    [ok  ] cell: n = 4 — n = 4
    [ok  ] cell: length(lambda) = r — lambda (17, 12, 4, 1, 1, 1), r 6
    [ok  ] cell: lambda weakly decreasing
    [ok  ] cell: |lambda| = n*delta — 36 vs 4*9
    [ok  ] cell: a recomputed (Weyl alternation) — recomputed 8, claimed 8
    [ok  ] vectors parsed — 1 vector(s), supports [6804], integer coefficients
    [ok  ] vector 0: shape, degree, canonical terms, weight = lambda
    [ok  ] vector 0: annihilated by every E_(i,i+1) over Z
    [ok  ] vectors linearly independent — rank 1 over Q (flint, exact)
    [ok  ] vector 0: (star) support for k = 1 (Theorem (star): lies in I({l^1 c}))
    [ok  ] vanishes at 6 fresh padded_permanent points (seed 20260905)
    [ok  ] vanishes at 6 fresh reducible points (seed 20260905)
    [ok  ] evaluation at 6 fresh generic points (seed 20260905) has full row rank — rank 1 of 1
    [ok  ] evaluation at 6 fresh det_pencil points (seed 20260905) has full row rank — rank 1 of 1
PASS        results/certs/17_12_4_1_1_1_d9_pad_p2147483629_vec1_modp.json.gz  (3.0s)  s41/s43 pad-side kernel vector: mod-2147483629 HWV of weight (17, 12, 4, 1, 1, 1) in degree 9 vanishing on the pad side (17_12_4_1_1_1_d9_pad_p2147483629_vec1)
    [ok  ] cell: n = 4 — n = 4
    [ok  ] cell: length(lambda) = r — lambda (17, 12, 4, 1, 1, 1), r 6
    [ok  ] cell: lambda weakly decreasing
    [ok  ] cell: |lambda| = n*delta — 36 vs 4*9
    [ok  ] cell: a recomputed (Weyl alternation) — recomputed 8, claimed 8
    [ok  ] vectors parsed — 1 vector(s), supports [6804], modulus 2147483629
    [ok  ] vector 0: shape, degree, canonical terms, weight = lambda
    [ok  ] vector 0: annihilated by every E_(i,i+1) mod 2147483629
    [ok  ] vectors linearly independent — rank 1 mod 2147483629
    [ok  ] vector 0: (star) support for k = 1 (Theorem (star): lies in I({l^1 c}))
    [ok  ] vanishes at 6 fresh padded_permanent points (seed 20260905)
    [ok  ] vanishes at 6 fresh reducible points (seed 20260905)
    [ok  ] evaluation at 6 fresh generic points (seed 20260905) has full row rank — rank 1 of 1
    [ok  ] evaluation at 6 fresh det_pencil points (seed 20260905) has full row rank — rank 1 of 1
PASS        results/certs/17_12_4_1_1_1_d9_pad_p2147483647_vec1_modp.json.gz  (3.1s)  s41/s43 pad-side kernel vector: mod-2147483647 HWV of weight (17, 12, 4, 1, 1, 1) in degree 9 vanishing on the pad side (17_12_4_1_1_1_d9_pad_p2147483647_vec1)
    [ok  ] cell: n = 4 — n = 4
    [ok  ] cell: length(lambda) = r — lambda (17, 12, 4, 1, 1, 1), r 6
    [ok  ] cell: lambda weakly decreasing
    [ok  ] cell: |lambda| = n*delta — 36 vs 4*9
    [ok  ] cell: a recomputed (Weyl alternation) — recomputed 8, claimed 8
    [ok  ] vectors parsed — 1 vector(s), supports [6804], modulus 2147483647
    [ok  ] vector 0: shape, degree, canonical terms, weight = lambda
    [ok  ] vector 0: annihilated by every E_(i,i+1) mod 2147483647
    [ok  ] vectors linearly independent — rank 1 mod 2147483647
    [ok  ] vector 0: (star) support for k = 1 (Theorem (star): lies in I({l^1 c}))
    [ok  ] vanishes at 6 fresh padded_permanent points (seed 20260905)
    [ok  ] vanishes at 6 fresh reducible points (seed 20260905)
    [ok  ] evaluation at 6 fresh generic points (seed 20260905) has full row rank — rank 1 of 1
    [ok  ] evaluation at 6 fresh det_pencil points (seed 20260905) has full row rank — rank 1 of 1
PASS        results/certs/8_4_4_4_4_d6_int.json.gz  (3.5s)  s42/s47 lift: 1 integer HWV(s) of weight (8, 4, 4, 4, 4) in degree 6 in I(R_5)
    [ok  ] cell: n = 4 — n = 4
    [ok  ] cell: length(lambda) = r — lambda (8, 4, 4, 4, 4), r 5
    [ok  ] cell: lambda weakly decreasing
    [ok  ] cell: |lambda| = n*delta — 24 vs 4*6
    [ok  ] cell: a recomputed (Weyl alternation) — recomputed 2, claimed 2
    [ok  ] vectors parsed — 1 vector(s), supports [19834], integer coefficients
    [ok  ] vector 0: shape, degree, canonical terms, weight = lambda
    [ok  ] vector 0: annihilated by every E_(i,i+1) over Z
    [ok  ] vectors linearly independent — rank 1 over Q (flint, exact)
    [ok  ] vector 0: (star) support for k = 1 (Theorem (star): lies in I({l^1 c}))
    [ok  ] vanishes at 6 fresh padded_permanent points (seed 20260905)
    [ok  ] vanishes at 6 fresh reducible points (seed 20260905)
    [ok  ] evaluation at 6 fresh generic points (seed 20260905) has full row rank — rank 1 of 1
    [ok  ] evaluation at 6 fresh det_pencil points (seed 20260905) has full row rank — rank 1 of 1
PASS        results/certs/8_8_8_1_1_1_1_d7_int.json.gz  (15.3s)  s42/s47 lift: 1 integer HWV(s) of weight (8, 8, 8, 1, 1, 1, 1) in degree 7 in I(R_7)
    [ok  ] cell: n = 4 — n = 4
    [ok  ] cell: length(lambda) = r — lambda (8, 8, 8, 1, 1, 1, 1), r 7
    [ok  ] cell: lambda weakly decreasing
    [ok  ] cell: |lambda| = n*delta — 28 vs 4*7
    [ok  ] cell: a recomputed (Weyl alternation) — recomputed 1, claimed 1
    [ok  ] vectors parsed — 1 vector(s), supports [39528], integer coefficients
    [ok  ] vector 0: shape, degree, canonical terms, weight = lambda
    [ok  ] vector 0: annihilated by every E_(i,i+1) over Z
    [ok  ] vectors linearly independent — rank 1 over Q (flint, exact)
    [ok  ] vector 0: (star) support for k = 1 (Theorem (star): lies in I({l^1 c}))
    [ok  ] vanishes at 6 fresh padded_permanent points (seed 20260905)
    [ok  ] vanishes at 6 fresh reducible points (seed 20260905)
    [ok  ] evaluation at 6 fresh generic points (seed 20260905) has full row rank — rank 1 of 1
PASS        results/certs/8_8_8_2_2_d7_int.json.gz  (20.9s)  s42/s47 lift: 1 integer HWV(s) of weight (8, 8, 8, 2, 2) in degree 7 in I(R_5)
    [ok  ] cell: n = 4 — n = 4
    [ok  ] cell: length(lambda) = r — lambda (8, 8, 8, 2, 2), r 5
    [ok  ] cell: lambda weakly decreasing
    [ok  ] cell: |lambda| = n*delta — 28 vs 4*7
    [ok  ] cell: a recomputed (Weyl alternation) — recomputed 3, claimed 3
    [ok  ] vectors parsed — 1 vector(s), supports [100140], integer coefficients
    [ok  ] vector 0: shape, degree, canonical terms, weight = lambda
    [ok  ] vector 0: annihilated by every E_(i,i+1) over Z
    [ok  ] vectors linearly independent — rank 1 over Q (flint, exact)
    [ok  ] vector 0: (star) support for k = 1 (Theorem (star): lies in I({l^1 c}))
    [ok  ] vanishes at 6 fresh padded_permanent points (seed 20260905)
    [ok  ] vanishes at 6 fresh reducible points (seed 20260905)
    [ok  ] evaluation at 6 fresh generic points (seed 20260905) has full row rank — rank 1 of 1
    [ok  ] evaluation at 6 fresh det_pencil points (seed 20260905) has full row rank — rank 1 of 1
PASS        results/certs/9_9_8_1_1_d7_int.json.gz  (2.4s)  s42/s47 lift: 1 integer HWV(s) of weight (9, 9, 8, 1, 1) in degree 7 in I(R_5)
    [ok  ] cell: n = 4 — n = 4
    [ok  ] cell: length(lambda) = r — lambda (9, 9, 8, 1, 1), r 5
    [ok  ] cell: lambda weakly decreasing
    [ok  ] cell: |lambda| = n*delta — 28 vs 4*7
    [ok  ] cell: a recomputed (Weyl alternation) — recomputed 2, claimed 2
    [ok  ] vectors parsed — 1 vector(s), supports [13128], integer coefficients
    [ok  ] vector 0: shape, degree, canonical terms, weight = lambda
    [ok  ] vector 0: annihilated by every E_(i,i+1) over Z
    [ok  ] vectors linearly independent — rank 1 over Q (flint, exact)
    [ok  ] vector 0: (star) support for k = 1 (Theorem (star): lies in I({l^1 c}))
    [ok  ] vanishes at 6 fresh padded_permanent points (seed 20260905)
    [ok  ] vanishes at 6 fresh reducible points (seed 20260905)
    [ok  ] evaluation at 6 fresh generic points (seed 20260905) has full row rank — rank 1 of 1
    [ok  ] evaluation at 6 fresh det_pencil points (seed 20260905) has full row rank — rank 1 of 1
PASS 50, FAIL 0, UNPARSEABLE 0, ERROR 0
