# msolve run per3_p1000003_s62_k1_msolve: per_3 of the generic 3x3 matrix, 9 variables; slot k=1, chart t0=1, Rabinowitsch variable s for g

--------------- INPUT DATA ---------------
#variables                       3
#equations                       3
#invalid equations               0
field characteristic       1000003
homogeneous input?               0
signature-based computation      0
monomial order                 DRL
basis hash table resetting     OFF
linear algebra option            2
initial hash table size     131072 (2^17)
max pair selection             ALL
reduce gb                        1
#threads                         1
info level                       2
generate pbm files               0
------------------------------------------

Legend for f4 information
--------------------------------------------------------
deg       current degree of pairs selected in this round
sel       number of pairs selected in this round
pairs     total number of pairs in pair list
mat       matrix dimensions (# rows x # columns)
density   density of the matrix
new data  # new elements for basis in this round
          # zero reductions during linear algebra
time(rd)  time of the current f4 round in seconds given
          for real and cpu time
--------------------------------------------------------

deg     sel   pairs        mat          density            new data         time(rd) in sec (real|cpu)
------------------------------------------------------------------------------------------------------
  3       2       2       6 x 16         42.71%        2 new       0 zero         0.00 | 0.00         
  4       3       3      12 x 21         30.16%        3 new       0 zero         0.00 | 0.00         
  4       2       4       8 x 14         47.32%        2 new       0 zero         0.00 | 0.00         
  3       5       6      14 x 18         37.30%        2 new       3 zero         0.00 | 0.00         
  4       5       5      23 x 26         27.76%        1 new       4 zero         0.00 | 0.00         
  3       3       3      12 x 16         43.75%        1 new       2 zero         0.00 | 0.00         
  4       2       2      14 x 18         39.29%        0 new       2 zero         0.00 | 0.00         
------------------------------------------------------------------------------------------------------
reduce final basis        6 x 12         58.33%        6 new       0 zeroDimension of quotient: 6
[6, 3], Non trivial / Trivial = 50.00%
Density of non-trivial part 100.00%
Time spent to generate sequence (elapsed): 0.00 sec (0.01 Gops/sec)
Time spent to compute eliminating polynomial (elapsed): 0.00 sec
Elimination polynomial has degree 6.
Time for rational param:          0.00 (elapsed) sec /  0.00 sec (cpu)

------------------------------------------------------------------------------------
msolve overall time           0.00 sec (elapsed) /  0.00 sec (cpu)
------------------------------------------------------------------------------------
         0.00 | 0.00         
------------------------------------------------------------------------------------------------------

---------------- TIMINGS ---------------
overall(elapsed)        0.00 sec
overall(cpu)            0.00 sec
select                  0.00 sec   7.1%
symbolic prep.          0.00 sec   3.4%
update                  0.00 sec  42.9%
convert                 0.00 sec  14.0%
linear algebra          0.00 sec   7.3%
reduce gb               0.00 sec   0.0%
-----------------------------------------

---------- COMPUTATIONAL DATA -----------
size of basis                     6
#terms in basis                  42
#pairs reduced                   22
#GM criterion                    69
#redundant elements               8
#rows reduced                    50
#zero reductions                 11
max. matrix data                 23 x 26 (27.759%)
max. symbolic hash table size  2^11
max. basis hash table size     2^16
-----------------------------------------

MSOLVE_RESULT form=per3 p=1000003 seed=62 k=1 degree=6 rc=0 sec=0
