# msolve run detpencil10_p1073741827_s61_k6_msolve: det_4(sum_a x_a A_a), ten random integer 4x4 matrices (form seed 10061); slot k=6, chart t0=1, Rabinowitsch variable s for g

--------------- INPUT DATA ---------------
#variables                       8
#equations                       8
#invalid equations               0
field characteristic    1073741827
homogeneous input?               0
signature-based computation      0
monomial order                 DRL
basis hash table resetting     OFF
linear algebra option            2
initial hash table size     131072 (2^17)
max pair selection             ALL
reduce gb                        1
#threads                         1
info level                       2
generate pbm files               0
------------------------------------------

Legend for f4 information
--------------------------------------------------------
deg       current degree of pairs selected in this round
sel       number of pairs selected in this round
pairs     total number of pairs in pair list
mat       matrix dimensions (# rows x # columns)
density   density of the matrix
new data  # new elements for basis in this round
          # zero reductions during linear algebra
time(rd)  time of the current f4 round in seconds given
          for real and cpu time
--------------------------------------------------------

deg     sel   pairs        mat          density            new data         time(rd) in sec (real|cpu)
------------------------------------------------------------------------------------------------------
  3       5       7       6 x 120       100.00%        5 new       0 zero         0.00 | 0.00         
  4       9       9      56 x 450        26.61%        9 new       0 zero         0.00 | 0.00         
  5      24      24     228 x 1067       15.76%       22 new       2 zero         0.03 | 0.00         
  6      82      82     688 x 2158       12.19%       45 new      37 zero         0.07 | 0.02         
  7     234     234    1597 x 3794       10.33%      106 new     128 zero         0.23 | 0.07         
  8     656     656    2829 x 5356       10.29%      200 new     456 zero         0.65 | 0.27         
  5     165     721     510 x 1009       22.87%      153 new      12 zero         0.11 | 0.04         
  5     104    1040     494 x 893        25.60%        6 new      98 zero         0.03 | 0.01         
  6     734     971    1936 x 1793       15.17%      123 new     611 zero         0.27 | 0.11         
  3      51     676     134 x 120        21.04%       17 new      34 zero         0.00 | 0.00         
  4     222     652     585 x 403        14.59%       10 new     212 zero         0.01 | 0.00         
  4      70     500     208 x 168        14.79%       10 new      60 zero         0.01 | 0.00         
  3      64     508     164 x 128        16.88%        8 new      56 zero         0.00 | 0.00         
  3       8     501      90 x 103        20.60%        1 new       7 zero         0.00 | 0.00         
  4      70     500     201 x 151        14.01%        0 new      70 zero         0.00 | 0.00         
  5     148     430     952 x 824         9.68%        0 new     148 zero         0.01 | 0.00         
  6      45     282     887 x 862         4.64%        0 new      45 zero         0.00 | 0.00         
  7     153     237    2793 x 2660        3.71%        0 new     153 zero         0.03 | 0.02         
  8      84      84    2642 x 2578        2.85%        0 new      84 zero         0.03 | 0.01         
------------------------------------------------------------------------------------------------------
reduce final basis       39 x 59         36.03%       39 new       0 zeroDimension of quotient: 20
[20, 11], Non trivial / Trivial = 55.00%
Density of non-trivial part 100.00%
Time spent to generate sequence (elapsed): 0.00 sec (0.05 Gops/sec)
Time spent to compute eliminating polynomial (elapsed): 0.00 sec
Elimination polynomial has degree 20.
Time for rational param:          1.50 (elapsed) sec /  0.57 sec (cpu)

------------------------------------------------------------------------------------
msolve overall time           1.50 sec (elapsed) /  0.57 sec (cpu)
------------------------------------------------------------------------------------
         0.00 | 0.00         
------------------------------------------------------------------------------------------------------

---------------- TIMINGS ---------------
overall(elapsed)        1.49 sec
overall(cpu)            0.57 sec
select                  0.16 sec  11.0%
symbolic prep.          0.13 sec   8.5%
update                  0.19 sec  12.9%
convert                 0.02 sec   1.0%
linear algebra          0.98 sec  66.1%
reduce gb               0.00 sec   0.0%
-----------------------------------------

---------- COMPUTATIONAL DATA -----------
size of basis                    39
#terms in basis                 819
#pairs reduced                 2928
#GM criterion                258075
#redundant elements             684
#rows reduced                  5895
#zero reductions               2213
max. matrix data               2829 x 5356 (10.290%)
max. symbolic hash table size  2^13
max. basis hash table size     2^16
-----------------------------------------

MSOLVE_RESULT form=detpencil10 p=1073741827 seed=61 k=6 degree=20 rc=0 sec=2
