# session 61 polar profile run per3_p2147483647_s61
# form: per_3 of the generic 3x3 matrix, 9 variables
# ks=[0, 1, 2, 3, 4, 5, 6, 7] prime=2147483647 seed=61 range=99 radical=1 sat=both
# timeout 14000s, ulimit -v 6000000 kB
FORM per3 nvars=9 char=2147483647 seed=61 degF=3 npartials=9
EXCESS k=0 dim=0 deg=-1
COUNT form=per3 p=2147483647 seed=61 k=0 dim=1 degp=3 vdA=3 vdB=3 excess_dim=0 excess_deg=-1 sec=0
COUNTG form=per3 p=2147483647 seed=61 k=0 dim=1 degp=3
   ? characteristic is too large(max is 2^29)
   ? error occurred in or before primdec.lib::sep line 3939: `   poly h=gcd(f,diff(f,var(i)));`
   ? expected poly-expression. type 'help poly;'
   ? leaving primdec.lib::sep (3932)
   skipping text from `[` error at token `]`
   ? leaving primdec.lib::zeroRad (4007)
   ? leaving primdec.lib::radicalReduction (6836)
   ? leaving primdec.lib::radicalSLIteration (7005)
   ? leaving primdec.lib::radicalSL (6644)
   ? leaving primdec.lib::radical (6535)
RADICAL form=per3 p=2147483647 seed=61 k=0 degp=3 degr=-1 reduced=0 sec=0
// ** redefining rt1 (int rt1 = rtimer;) /root/gct/results/s61_sing/per3_p2147483647_s61.sing:54
// ** redefining rt2 (int rt2;) /root/gct/results/s61_sing/per3_p2147483647_s61.sing:55
// ** redefining rt3 (int rt3;) /root/gct/results/s61_sing/per3_p2147483647_s61.sing:56
// ** redefining degE (int degE = -1;) /root/gct/results/s61_sing/per3_p2147483647_s61.sing:57
// ** redefining dimE (int dimE = -2;) /root/gct/results/s61_sing/per3_p2147483647_s61.sing:58
// ** redefining degp_g (int degp_g = -1;) /root/gct/results/s61_sing/per3_p2147483647_s61.sing:59
// ** redefining dim_g (int dim_g = -2;) /root/gct/results/s61_sing/per3_p2147483647_s61.sing:60
// ** redefining degr (int degr = -1;) /root/gct/results/s61_sing/per3_p2147483647_s61.sing:61
// ** redefining vdB (int vdB = -1;) /root/gct/results/s61_sing/per3_p2147483647_s61.sing:62
EXCESS k=1 dim=0 deg=-1
// ** redefining L (list L = list(dim(Is), 0, -1);) /root/gct/results/s61_sing/per3_p2147483647_s61.sing:67
COUNT form=per3 p=2147483647 seed=61 k=1 dim=1 degp=6 vdA=6 vdB=6 excess_dim=0 excess_deg=-1 sec=0
// ** redefining Lg (list Lg = polar_count_g(G, Jt, C, ellA, g, 1);) /root/gct/results/s61_sing/per3_p2147483647_s61.sing:73
COUNTG form=per3 p=2147483647 seed=61 k=1 dim=1 degp=6
RADICAL form=per3 p=2147483647 seed=61 k=1 degp=6 degr=6 reduced=1 sec=0
// ** redefining rt1 (int rt1 = rtimer;) /root/gct/results/s61_sing/per3_p2147483647_s61.sing:91
// ** redefining rt2 (int rt2;) /root/gct/results/s61_sing/per3_p2147483647_s61.sing:92
// ** redefining rt3 (int rt3;) /root/gct/results/s61_sing/per3_p2147483647_s61.sing:93
// ** redefining degE (int degE = -1;) /root/gct/results/s61_sing/per3_p2147483647_s61.sing:94
// ** redefining dimE (int dimE = -2;) /root/gct/results/s61_sing/per3_p2147483647_s61.sing:95
// ** redefining degp_g (int degp_g = -1;) /root/gct/results/s61_sing/per3_p2147483647_s61.sing:96
// ** redefining dim_g (int dim_g = -2;) /root/gct/results/s61_sing/per3_p2147483647_s61.sing:97
// ** redefining degr (int degr = -1;) /root/gct/results/s61_sing/per3_p2147483647_s61.sing:98
// ** redefining vdB (int vdB = -1;) /root/gct/results/s61_sing/per3_p2147483647_s61.sing:99
EXCESS k=2 dim=0 deg=-1
// ** redefining L (list L = list(dim(Is), 0, -1);) /root/gct/results/s61_sing/per3_p2147483647_s61.sing:104
COUNT form=per3 p=2147483647 seed=61 k=2 dim=1 degp=12 vdA=12 vdB=12 excess_dim=0 excess_deg=-1 sec=0
// ** redefining Lg (list Lg = polar_count_g(G, Jt, C, ellA, g, 2);) /root/gct/results/s61_sing/per3_p2147483647_s61.sing:110
COUNTG form=per3 p=2147483647 seed=61 k=2 dim=1 degp=12
RADICAL form=per3 p=2147483647 seed=61 k=2 degp=12 degr=12 reduced=1 sec=0
// ** redefining rt1 (int rt1 = rtimer;) /root/gct/results/s61_sing/per3_p2147483647_s61.sing:128
// ** redefining rt2 (int rt2;) /root/gct/results/s61_sing/per3_p2147483647_s61.sing:129
// ** redefining rt3 (int rt3;) /root/gct/results/s61_sing/per3_p2147483647_s61.sing:130
// ** redefining degE (int degE = -1;) /root/gct/results/s61_sing/per3_p2147483647_s61.sing:131
// ** redefining dimE (int dimE = -2;) /root/gct/results/s61_sing/per3_p2147483647_s61.sing:132
// ** redefining degp_g (int degp_g = -1;) /root/gct/results/s61_sing/per3_p2147483647_s61.sing:133
// ** redefining dim_g (int dim_g = -2;) /root/gct/results/s61_sing/per3_p2147483647_s61.sing:134
// ** redefining degr (int degr = -1;) /root/gct/results/s61_sing/per3_p2147483647_s61.sing:135
// ** redefining vdB (int vdB = -1;) /root/gct/results/s61_sing/per3_p2147483647_s61.sing:136
EXCESS k=3 dim=0 deg=-1
// ** redefining L (list L = list(dim(Is), 0, -1);) /root/gct/results/s61_sing/per3_p2147483647_s61.sing:141
COUNT form=per3 p=2147483647 seed=61 k=3 dim=1 degp=24 vdA=24 vdB=24 excess_dim=0 excess_deg=-1 sec=0
// ** redefining Lg (list Lg = polar_count_g(G, Jt, C, ellA, g, 3);) /root/gct/results/s61_sing/per3_p2147483647_s61.sing:147
COUNTG form=per3 p=2147483647 seed=61 k=3 dim=1 degp=24
RADICAL form=per3 p=2147483647 seed=61 k=3 degp=24 degr=24 reduced=1 sec=0
// ** redefining rt1 (int rt1 = rtimer;) /root/gct/results/s61_sing/per3_p2147483647_s61.sing:165
// ** redefining rt2 (int rt2;) /root/gct/results/s61_sing/per3_p2147483647_s61.sing:166
// ** redefining rt3 (int rt3;) /root/gct/results/s61_sing/per3_p2147483647_s61.sing:167
// ** redefining degE (int degE = -1;) /root/gct/results/s61_sing/per3_p2147483647_s61.sing:168
// ** redefining dimE (int dimE = -2;) /root/gct/results/s61_sing/per3_p2147483647_s61.sing:169
// ** redefining degp_g (int degp_g = -1;) /root/gct/results/s61_sing/per3_p2147483647_s61.sing:170
// ** redefining dim_g (int dim_g = -2;) /root/gct/results/s61_sing/per3_p2147483647_s61.sing:171
// ** redefining degr (int degr = -1;) /root/gct/results/s61_sing/per3_p2147483647_s61.sing:172
// ** redefining vdB (int vdB = -1;) /root/gct/results/s61_sing/per3_p2147483647_s61.sing:173
EXCESS k=4 dim=0 deg=-1
// ** redefining L (list L = list(dim(Is), 0, -1);) /root/gct/results/s61_sing/per3_p2147483647_s61.sing:178
COUNT form=per3 p=2147483647 seed=61 k=4 dim=1 degp=48 vdA=48 vdB=48 excess_dim=0 excess_deg=-1 sec=1
// ** redefining Lg (list Lg = polar_count_g(G, Jt, C, ellA, g, 4);) /root/gct/results/s61_sing/per3_p2147483647_s61.sing:184
COUNTG form=per3 p=2147483647 seed=61 k=4 dim=1 degp=48
RADICAL form=per3 p=2147483647 seed=61 k=4 degp=48 degr=48 reduced=1 sec=42
// ** redefining rt1 (int rt1 = rtimer;) /root/gct/results/s61_sing/per3_p2147483647_s61.sing:202
// ** redefining rt2 (int rt2;) /root/gct/results/s61_sing/per3_p2147483647_s61.sing:203
// ** redefining rt3 (int rt3;) /root/gct/results/s61_sing/per3_p2147483647_s61.sing:204
// ** redefining degE (int degE = -1;) /root/gct/results/s61_sing/per3_p2147483647_s61.sing:205
// ** redefining dimE (int dimE = -2;) /root/gct/results/s61_sing/per3_p2147483647_s61.sing:206
// ** redefining degp_g (int degp_g = -1;) /root/gct/results/s61_sing/per3_p2147483647_s61.sing:207
// ** redefining dim_g (int dim_g = -2;) /root/gct/results/s61_sing/per3_p2147483647_s61.sing:208
// ** redefining degr (int degr = -1;) /root/gct/results/s61_sing/per3_p2147483647_s61.sing:209
// ** redefining vdB (int vdB = -1;) /root/gct/results/s61_sing/per3_p2147483647_s61.sing:210
EXCESS k=5 dim=1 deg=24
// ** redefining L (list L = list(dim(Is), 0, -1);) /root/gct/results/s61_sing/per3_p2147483647_s61.sing:215
COUNT form=per3 p=2147483647 seed=61 k=5 dim=1 degp=48 vdA=48 vdB=48 excess_dim=1 excess_deg=24 sec=5
// ** redefining Lg (list Lg = polar_count_g(G, Jt, C, ellA, g, 5);) /root/gct/results/s61_sing/per3_p2147483647_s61.sing:221
COUNTG form=per3 p=2147483647 seed=61 k=5 dim=1 degp=48

halt 1
ended by recorded pid (same reason)
