# msolve run per3_p1000003_s62_k7_msolve: per_3 of the generic 3x3 matrix, 9 variables; slot k=7, chart t0=1, Rabinowitsch variable s for g

--------------- INPUT DATA ---------------
#variables                       9
#equations                       9
#invalid equations               0
field characteristic       1000003
homogeneous input?               0
signature-based computation      0
monomial order                 DRL
basis hash table resetting     OFF
linear algebra option            2
initial hash table size     131072 (2^17)
max pair selection             ALL
reduce gb                        1
#threads                         1
info level                       2
generate pbm files               0
------------------------------------------

Legend for f4 information
--------------------------------------------------------
deg       current degree of pairs selected in this round
sel       number of pairs selected in this round
pairs     total number of pairs in pair list
mat       matrix dimensions (# rows x # columns)
density   density of the matrix
new data  # new elements for basis in this round
          # zero reductions during linear algebra
time(rd)  time of the current f4 round in seconds given
          for real and cpu time
--------------------------------------------------------

deg     sel   pairs        mat          density            new data         time(rd) in sec (real|cpu)
------------------------------------------------------------------------------------------------------
  2       6       8       7 x 45        100.00%        6 new       0 zero         0.00 | 0.00         
  3      13      13      72 x 210        19.85%       13 new       0 zero         0.00 | 0.00         
  4      52      52     311 x 568        11.21%       25 new      27 zero         0.00 | 0.00         
  5     143     143     794 x 1136        8.26%       37 new     106 zero         0.02 | 0.01         
  3      52     100     154 x 192        19.59%       30 new      22 zero         0.00 | 0.00         
  4     220     244     550 x 400        10.05%       16 new     204 zero         0.01 | 0.00         
  2      15     136      44 x 45         40.71%       10 new       5 zero         0.00 | 0.00         
  3      75     108     209 x 146        10.16%        2 new      73 zero         0.00 | 0.00         
  3      10      43      62 x 62         18.73%        4 new       6 zero         0.00 | 0.00         
  2       6      54      37 x 38         27.10%        1 new       5 zero         0.00 | 0.00         
  3      19      52      72 x 59         14.08%        0 new      19 zero         0.00 | 0.00         
  4       9      33      76 x 73         14.76%        0 new       9 zero         0.00 | 0.00         
  5      24      24     549 x 531         3.88%        0 new      24 zero         0.00 | 0.00         
------------------------------------------------------------------------------------------------------
reduce final basis       29 x 35         24.14%       19 new       0 zeroDimension of quotient: 6
[6, 5], Non trivial / Trivial = 83.33%
Density of non-trivial part 100.00%
Time spent to generate sequence (elapsed): 0.00 sec (0.02 Gops/sec)
Time spent to compute eliminating polynomial (elapsed): 0.00 sec
Elimination polynomial has degree 6.
Time for rational param:          0.03 (elapsed) sec /  0.02 sec (cpu)

------------------------------------------------------------------------------------
msolve overall time           0.03 sec (elapsed) /  0.02 sec (cpu)
------------------------------------------------------------------------------------
         0.00 | 0.00         
------------------------------------------------------------------------------------------------------

---------------- TIMINGS ---------------
overall(elapsed)        0.03 sec
overall(cpu)            0.01 sec
select                  0.01 sec  24.1%
symbolic prep.          0.00 sec   7.7%
update                  0.00 sec  11.3%
convert                 0.00 sec  17.4%
linear algebra          0.01 sec  38.1%
reduce gb               0.00 sec   0.0%
-----------------------------------------

---------- COMPUTATIONAL DATA -----------
size of basis                    19
#terms in basis                 133
#pairs reduced                  644
#GM criterion                 10984
#redundant elements             134
#rows reduced                  1307
#zero reductions                500
max. matrix data                794 x 1136 (8.257%)
max. symbolic hash table size  2^11
max. basis hash table size     2^16
-----------------------------------------

MSOLVE_RESULT form=per3 p=1000003 seed=62 k=7 degree=6 rc=0 sec=0
