# msolve run lc_p1073741827_s61_k1_msolve: reducible l*c, l and c random in 10 variables (form seed 10061); slot k=1, chart t0=1, Rabinowitsch variable s for g

--------------- INPUT DATA ---------------
#variables                       3
#equations                       3
#invalid equations               0
field characteristic    1073741827
homogeneous input?               0
signature-based computation      0
monomial order                 DRL
basis hash table resetting     OFF
linear algebra option            2
initial hash table size     131072 (2^17)
max pair selection             ALL
reduce gb                        1
#threads                         1
info level                       2
generate pbm files               0
------------------------------------------

Legend for f4 information
--------------------------------------------------------
deg       current degree of pairs selected in this round
sel       number of pairs selected in this round
pairs     total number of pairs in pair list
mat       matrix dimensions (# rows x # columns)
density   density of the matrix
new data  # new elements for basis in this round
          # zero reductions during linear algebra
time(rd)  time of the current f4 round in seconds given
          for real and cpu time
--------------------------------------------------------

deg     sel   pairs        mat          density            new data         time(rd) in sec (real|cpu)
------------------------------------------------------------------------------------------------------
  4       2       2       6 x 25         44.00%        2 new       0 zero         0.00 | 0.00         
  5       3       3      12 x 32         33.33%        3 new       0 zero         0.00 | 0.00         
  6       4       4      19 x 36         32.75%        3 new       1 zero         0.00 | 0.00         
  5       4       6      12 x 23         52.17%        3 new       1 zero         0.00 | 0.00         
  4       7       9      19 x 30         41.05%        3 new       4 zero         0.00 | 0.00         
  4       3       7      14 x 26         48.90%        2 new       1 zero         0.00 | 0.00         
  4       5       7      18 x 28         46.83%        3 new       2 zero         0.00 | 0.00         
  3       6      10      16 x 19         52.96%        2 new       4 zero         0.00 | 0.00         
  3       3       9      13 x 17         50.68%        1 new       2 zero         0.00 | 0.00         
  3       3       8      12 x 16         47.92%        1 new       2 zero         0.02 | 0.00         
  4       5       7      23 x 24         34.60%        0 new       5 zero         0.00 | 0.00         
  5       1       2      35 x 40         19.71%        0 new       1 zero         0.00 | 0.00         
  6       1       1      47 x 52         15.10%        0 new       1 zero         0.00 | 0.00         
------------------------------------------------------------------------------------------------------
reduce final basis        6 x 12         62.50%        6 new       0 zeroDimension of quotient: 6
[6, 3], Non trivial / Trivial = 50.00%
Density of non-trivial part 100.00%
Time spent to generate sequence (elapsed): 0.00 sec (0.01 Gops/sec)
Time spent to compute eliminating polynomial (elapsed): 0.00 sec
Elimination polynomial has degree 6.
Time for rational param:          0.03 (elapsed) sec /  0.00 sec (cpu)

------------------------------------------------------------------------------------
msolve overall time           0.03 sec (elapsed) /  0.00 sec (cpu)
------------------------------------------------------------------------------------
         0.00 | 0.00         
------------------------------------------------------------------------------------------------------

---------------- TIMINGS ---------------
overall(elapsed)        0.03 sec
overall(cpu)            0.00 sec
select                  0.00 sec   0.4%
symbolic prep.          0.00 sec   0.2%
update                  0.02 sec  97.3%
convert                 0.00 sec   0.6%
linear algebra          0.00 sec   0.3%
reduce gb               0.00 sec   0.0%
-----------------------------------------

---------- COMPUTATIONAL DATA -----------
size of basis                     6
#terms in basis                  42
#pairs reduced                   47
#GM criterion                   278
#redundant elements              20
#rows reduced                   100
#zero reductions                 24
max. matrix data                 47 x 52 (15.098%)
max. symbolic hash table size  2^11
max. basis hash table size     2^16
-----------------------------------------

MSOLVE_RESULT form=lc p=1073741827 seed=61 k=1 degree=6 rc=0 sec=0
