det4_p1073741827_s61_k0_msolve: rc=0 0s degree=4
det4_p1073741827_s61_k1_msolve: rc=0 0s degree=12
det4_p1073741827_s61_k2_msolve: rc=0 0s degree=36
det4_p1073741827_s61_k3_msolve: rc=0 0s degree=68
det4_p1073741827_s61_k4_msolve: rc=0 0s degree=84
det4_p1073741827_s61_k5_msolve: rc=0 1s degree=60
det4_p1073741827_s61_k6_msolve: rc=0 1s degree=20
det4_p1073741827_s61_k7_msolve: rc=0 1s degree=0
det4_p1000003_s61_k0_msolve: rc=0 0s degree=4
det4_p1000003_s61_k1_msolve: rc=0 0s degree=12
det4_p1000003_s61_k2_msolve: rc=0 0s degree=36
det4_p1000003_s61_k3_msolve: rc=0 0s degree=68
det4_p1000003_s61_k4_msolve: rc=0 0s degree=84
det4_p1000003_s61_k5_msolve: rc=0 1s degree=60
det4_p1000003_s61_k6_msolve: rc=0 1s degree=20
det4_p1000003_s61_k7_msolve: rc=0 1s degree=0
det4_p1073741827_s62_k3_msolve: rc=0 0s degree=68
det4_p1073741827_s62_k4_msolve: rc=0 0s degree=84
det4_p1073741827_s62_k5_msolve: rc=0 1s degree=60
det4_p1073741827_s62_k6_msolve: rc=0 1s degree=20
det4_p1073741827_s62_k7_msolve: rc=0 1s degree=0
det4_p1000003_s63_k3_msolve: rc=0 0s degree=68
det4_p1000003_s63_k4_msolve: rc=0 0s degree=84
det4_p1000003_s63_k5_msolve: rc=0 1s degree=60
det4_p1000003_s63_k6_msolve: rc=0 1s degree=20
det4_p1000003_s63_k7_msolve: rc=0 1s degree=0
per3_p1073741827_s61_k0_msolve: rc=0 0s degree=3
per3_p1073741827_s61_k1_msolve: rc=0 0s degree=6
per3_p1073741827_s61_k2_msolve: rc=0 0s degree=12
per3_p1073741827_s61_k3_msolve: rc=0 0s degree=24
per3_p1073741827_s61_k4_msolve: rc=0 0s degree=48
per3_p1073741827_s61_k5_msolve: rc=0 0s degree=48
per3_p1073741827_s61_k6_msolve: rc=0 0s degree=30
per3_p1073741827_s61_k7_msolve: rc=0 0s degree=6
per3_p1000003_s62_k0_msolve: rc=0 0s degree=3
per3_p1000003_s62_k1_msolve: rc=0 0s degree=6
per3_p1000003_s62_k2_msolve: rc=0 0s degree=12
per3_p1000003_s62_k3_msolve: rc=0 0s degree=24
per3_p1000003_s62_k4_msolve: rc=0 0s degree=48
per3_p1000003_s62_k5_msolve: rc=0 0s degree=48
per3_p1000003_s62_k6_msolve: rc=0 0s degree=30
per3_p1000003_s62_k7_msolve: rc=0 0s degree=6
pad16_p1073741827_s61_k5_msolve: rc=0 0s degree=48
pad16_p1073741827_s61_k6_msolve: rc=0 0s degree=30
pad16_p1073741827_s61_k7_msolve: rc=0 0s degree=6
pad16_p1073741827_s61_k8_msolve: rc=0 0s degree=0
pad16_p1000003_s62_k5_msolve: rc=0 0s degree=48
pad16_p1000003_s62_k6_msolve: rc=0 0s degree=30
pad16_p1000003_s62_k7_msolve: rc=0 0s degree=6
pad16_p1000003_s62_k8_msolve: rc=0 0s degree=0
perdual_p1073741827_s61_k0_msolve: rc=0 0s degree=6
perdual_p1073741827_s61_k1_msolve: rc=0 0s degree=30
perdual_p1073741827_s61_k2_msolve: rc=0 0s degree=48
perdual_p1073741827_s61_k3_msolve: rc=0 0s degree=48
perdual_p1073741827_s61_k4_msolve: rc=0 1s degree=24
perdual_p1073741827_s61_k5_msolve: rc=0 5s degree=12
perdual_p1073741827_s61_k6_msolve: rc=0 8s degree=6
perdual_p1073741827_s61_k7_msolve: rc=0 1s degree=3
sweep det4 finished
