# msolve run det3_p1073741827_s61_k7_msolve: det_3 of the generic 3x3 matrix, 9 variables (control: profile (3,6,12,12,6,0,0,0)); slot k=7, chart t0=1, Rabinowitsch variable s for g

--------------- INPUT DATA ---------------
#variables                       9
#equations                       9
#invalid equations               0
field characteristic    1073741827
homogeneous input?               0
signature-based computation      0
monomial order                 DRL
basis hash table resetting     OFF
linear algebra option            2
initial hash table size     131072 (2^17)
max pair selection             ALL
reduce gb                        1
#threads                         1
info level                       2
generate pbm files               0
------------------------------------------

Legend for f4 information
--------------------------------------------------------
deg       current degree of pairs selected in this round
sel       number of pairs selected in this round
pairs     total number of pairs in pair list
mat       matrix dimensions (# rows x # columns)
density   density of the matrix
new data  # new elements for basis in this round
          # zero reductions during linear algebra
time(rd)  time of the current f4 round in seconds given
          for real and cpu time
--------------------------------------------------------

deg     sel   pairs        mat          density            new data         time(rd) in sec (real|cpu)
------------------------------------------------------------------------------------------------------
  2       6       8       7 x 45        100.00%        6 new       0 zero         0.00 | 0.00         
  3      13      13      72 x 210        19.85%       11 new       2 zero         0.00 | 0.00         
  4      54      54     291 x 568         9.99%        9 new      45 zero         0.00 | 0.00         
  2       7      21      46 x 45         21.01%        1 new       6 zero         0.00 | 0.00         
  3      12      14     151 x 151         6.75%        3 new       9 zero         0.00 | 0.00         
  4       6       6     127 x 131         4.23%        3 new       3 zero         0.00 | 0.00         
  3       5       6      13 x 14         35.71%        2 new       3 zero         0.00 | 0.00         
------------------------------------------------------------------------------------------------------
reduce final basis        1 x 1         100.00%        1 new       0 zeroTime for rational param:          0.00 (elapsed) sec /  0.00 sec (cpu)

------------------------------------------------------------------------------------
msolve overall time           0.00 sec (elapsed) /  0.00 sec (cpu)
------------------------------------------------------------------------------------
         0.00 | 0.00         
------------------------------------------------------------------------------------------------------

---------------- TIMINGS ---------------
overall(elapsed)        0.00 sec
overall(cpu)            0.00 sec
select                  0.00 sec  19.9%
symbolic prep.          0.00 sec  18.2%
update                  0.00 sec  15.6%
convert                 0.00 sec   9.1%
linear algebra          0.00 sec  28.8%
reduce gb               0.00 sec   0.0%
-----------------------------------------

---------- COMPUTATIONAL DATA -----------
size of basis                     1
#terms in basis                   1
#pairs reduced                  103
#GM criterion                   840
#redundant elements              43
#rows reduced                   207
#zero reductions                 68
max. matrix data                291 x 568 (9.994%)
max. symbolic hash table size  2^11
max. basis hash table size     2^16
-----------------------------------------

Grobner basis has a single element
No solution
MSOLVE_RESULT form=det3 p=1073741827 seed=61 k=7 degree=0 rc=0 sec=0
