# session 61 polar profile run det3_p2147483647_s61
# form: det_3 of the generic 3x3 matrix, 9 variables (control: profile (3,6,12,12,6,0,0,0))
# engine=singular ks=[0, 1, 2, 3, 4, 5, 6, 7] prime=2147483647 seed=61 range=99 radical=0 sat=both
# timeout 14000s, ulimit -v 6000000 kB
FORM det3 nvars=9 char=2147483647 seed=61 degF=3 npartials=9
EXCESS k=0 dim=0 deg=-1
COUNT form=det3 p=2147483647 seed=61 k=0 dim=1 degp=3 vdA=3 vdB=3 excess_dim=0 excess_deg=-1 sec=0
COUNTG form=det3 p=2147483647 seed=61 k=0 dim=1 degp=3
// ** redefining rt1 (int rt1 = rtimer;) /root/gct/results/s61_sing/det3_p2147483647_s61.sing:50
// ** redefining rt2 (int rt2;) /root/gct/results/s61_sing/det3_p2147483647_s61.sing:51
// ** redefining rt3 (int rt3;) /root/gct/results/s61_sing/det3_p2147483647_s61.sing:52
// ** redefining degE (int degE = -1;) /root/gct/results/s61_sing/det3_p2147483647_s61.sing:53
// ** redefining dimE (int dimE = -2;) /root/gct/results/s61_sing/det3_p2147483647_s61.sing:54
// ** redefining degp_g (int degp_g = -1;) /root/gct/results/s61_sing/det3_p2147483647_s61.sing:55
// ** redefining dim_g (int dim_g = -2;) /root/gct/results/s61_sing/det3_p2147483647_s61.sing:56
// ** redefining degr (int degr = -1;) /root/gct/results/s61_sing/det3_p2147483647_s61.sing:57
// ** redefining vdB (int vdB = -1;) /root/gct/results/s61_sing/det3_p2147483647_s61.sing:58
EXCESS k=1 dim=0 deg=-1
// ** redefining L (list L = list(dim(Is), 0, -1);) /root/gct/results/s61_sing/det3_p2147483647_s61.sing:63
COUNT form=det3 p=2147483647 seed=61 k=1 dim=1 degp=6 vdA=6 vdB=6 excess_dim=0 excess_deg=-1 sec=0
// ** redefining Lg (list Lg = polar_count_g(G, Jt, C, ellA, g, 1);) /root/gct/results/s61_sing/det3_p2147483647_s61.sing:69
COUNTG form=det3 p=2147483647 seed=61 k=1 dim=1 degp=6
// ** redefining rt1 (int rt1 = rtimer;) /root/gct/results/s61_sing/det3_p2147483647_s61.sing:83
// ** redefining rt2 (int rt2;) /root/gct/results/s61_sing/det3_p2147483647_s61.sing:84
// ** redefining rt3 (int rt3;) /root/gct/results/s61_sing/det3_p2147483647_s61.sing:85
// ** redefining degE (int degE = -1;) /root/gct/results/s61_sing/det3_p2147483647_s61.sing:86
// ** redefining dimE (int dimE = -2;) /root/gct/results/s61_sing/det3_p2147483647_s61.sing:87
// ** redefining degp_g (int degp_g = -1;) /root/gct/results/s61_sing/det3_p2147483647_s61.sing:88
// ** redefining dim_g (int dim_g = -2;) /root/gct/results/s61_sing/det3_p2147483647_s61.sing:89
// ** redefining degr (int degr = -1;) /root/gct/results/s61_sing/det3_p2147483647_s61.sing:90
// ** redefining vdB (int vdB = -1;) /root/gct/results/s61_sing/det3_p2147483647_s61.sing:91
EXCESS k=2 dim=0 deg=-1
// ** redefining L (list L = list(dim(Is), 0, -1);) /root/gct/results/s61_sing/det3_p2147483647_s61.sing:96
COUNT form=det3 p=2147483647 seed=61 k=2 dim=1 degp=12 vdA=12 vdB=12 excess_dim=0 excess_deg=-1 sec=0
// ** redefining Lg (list Lg = polar_count_g(G, Jt, C, ellA, g, 2);) /root/gct/results/s61_sing/det3_p2147483647_s61.sing:102
COUNTG form=det3 p=2147483647 seed=61 k=2 dim=1 degp=12
// ** redefining rt1 (int rt1 = rtimer;) /root/gct/results/s61_sing/det3_p2147483647_s61.sing:116
// ** redefining rt2 (int rt2;) /root/gct/results/s61_sing/det3_p2147483647_s61.sing:117
// ** redefining rt3 (int rt3;) /root/gct/results/s61_sing/det3_p2147483647_s61.sing:118
// ** redefining degE (int degE = -1;) /root/gct/results/s61_sing/det3_p2147483647_s61.sing:119
// ** redefining dimE (int dimE = -2;) /root/gct/results/s61_sing/det3_p2147483647_s61.sing:120
// ** redefining degp_g (int degp_g = -1;) /root/gct/results/s61_sing/det3_p2147483647_s61.sing:121
// ** redefining dim_g (int dim_g = -2;) /root/gct/results/s61_sing/det3_p2147483647_s61.sing:122
// ** redefining degr (int degr = -1;) /root/gct/results/s61_sing/det3_p2147483647_s61.sing:123
// ** redefining vdB (int vdB = -1;) /root/gct/results/s61_sing/det3_p2147483647_s61.sing:124
EXCESS k=3 dim=1 deg=6
// ** redefining L (list L = list(dim(Is), 0, -1);) /root/gct/results/s61_sing/det3_p2147483647_s61.sing:129
COUNT form=det3 p=2147483647 seed=61 k=3 dim=1 degp=12 vdA=12 vdB=12 excess_dim=1 excess_deg=6 sec=0
// ** redefining Lg (list Lg = polar_count_g(G, Jt, C, ellA, g, 3);) /root/gct/results/s61_sing/det3_p2147483647_s61.sing:135
COUNTG form=det3 p=2147483647 seed=61 k=3 dim=1 degp=12
// ** redefining rt1 (int rt1 = rtimer;) /root/gct/results/s61_sing/det3_p2147483647_s61.sing:149
// ** redefining rt2 (int rt2;) /root/gct/results/s61_sing/det3_p2147483647_s61.sing:150
// ** redefining rt3 (int rt3;) /root/gct/results/s61_sing/det3_p2147483647_s61.sing:151
// ** redefining degE (int degE = -1;) /root/gct/results/s61_sing/det3_p2147483647_s61.sing:152
// ** redefining dimE (int dimE = -2;) /root/gct/results/s61_sing/det3_p2147483647_s61.sing:153
// ** redefining degp_g (int degp_g = -1;) /root/gct/results/s61_sing/det3_p2147483647_s61.sing:154
// ** redefining dim_g (int dim_g = -2;) /root/gct/results/s61_sing/det3_p2147483647_s61.sing:155
// ** redefining degr (int degr = -1;) /root/gct/results/s61_sing/det3_p2147483647_s61.sing:156
// ** redefining vdB (int vdB = -1;) /root/gct/results/s61_sing/det3_p2147483647_s61.sing:157
EXCESS k=4 dim=2 deg=6
// ** redefining L (list L = list(dim(Is), 0, -1);) /root/gct/results/s61_sing/det3_p2147483647_s61.sing:162
COUNT form=det3 p=2147483647 seed=61 k=4 dim=1 degp=6 vdA=6 vdB=6 excess_dim=2 excess_deg=6 sec=0
// ** redefining Lg (list Lg = polar_count_g(G, Jt, C, ellA, g, 4);) /root/gct/results/s61_sing/det3_p2147483647_s61.sing:168
COUNTG form=det3 p=2147483647 seed=61 k=4 dim=1 degp=6
// ** redefining rt1 (int rt1 = rtimer;) /root/gct/results/s61_sing/det3_p2147483647_s61.sing:182
// ** redefining rt2 (int rt2;) /root/gct/results/s61_sing/det3_p2147483647_s61.sing:183
// ** redefining rt3 (int rt3;) /root/gct/results/s61_sing/det3_p2147483647_s61.sing:184
// ** redefining degE (int degE = -1;) /root/gct/results/s61_sing/det3_p2147483647_s61.sing:185
// ** redefining dimE (int dimE = -2;) /root/gct/results/s61_sing/det3_p2147483647_s61.sing:186
// ** redefining degp_g (int degp_g = -1;) /root/gct/results/s61_sing/det3_p2147483647_s61.sing:187
// ** redefining dim_g (int dim_g = -2;) /root/gct/results/s61_sing/det3_p2147483647_s61.sing:188
// ** redefining degr (int degr = -1;) /root/gct/results/s61_sing/det3_p2147483647_s61.sing:189
// ** redefining vdB (int vdB = -1;) /root/gct/results/s61_sing/det3_p2147483647_s61.sing:190
EXCESS k=5 dim=3 deg=6
// ** redefining L (list L = list(dim(Is), 0, -1);) /root/gct/results/s61_sing/det3_p2147483647_s61.sing:195
COUNT form=det3 p=2147483647 seed=61 k=5 dim=-1 degp=0 vdA=0 vdB=0 excess_dim=3 excess_deg=6 sec=1
// ** redefining Lg (list Lg = polar_count_g(G, Jt, C, ellA, g, 5);) /root/gct/results/s61_sing/det3_p2147483647_s61.sing:201
COUNTG form=det3 p=2147483647 seed=61 k=5 dim=-1 degp=0
// ** redefining rt1 (int rt1 = rtimer;) /root/gct/results/s61_sing/det3_p2147483647_s61.sing:215
// ** redefining rt2 (int rt2;) /root/gct/results/s61_sing/det3_p2147483647_s61.sing:216
// ** redefining rt3 (int rt3;) /root/gct/results/s61_sing/det3_p2147483647_s61.sing:217
// ** redefining degE (int degE = -1;) /root/gct/results/s61_sing/det3_p2147483647_s61.sing:218
// ** redefining dimE (int dimE = -2;) /root/gct/results/s61_sing/det3_p2147483647_s61.sing:219
// ** redefining degp_g (int degp_g = -1;) /root/gct/results/s61_sing/det3_p2147483647_s61.sing:220
// ** redefining dim_g (int dim_g = -2;) /root/gct/results/s61_sing/det3_p2147483647_s61.sing:221
// ** redefining degr (int degr = -1;) /root/gct/results/s61_sing/det3_p2147483647_s61.sing:222
// ** redefining vdB (int vdB = -1;) /root/gct/results/s61_sing/det3_p2147483647_s61.sing:223
EXCESS k=6 dim=4 deg=6
// ** redefining L (list L = list(dim(Is), 0, -1);) /root/gct/results/s61_sing/det3_p2147483647_s61.sing:228
COUNT form=det3 p=2147483647 seed=61 k=6 dim=-1 degp=0 vdA=0 vdB=0 excess_dim=4 excess_deg=6 sec=0
// ** redefining Lg (list Lg = polar_count_g(G, Jt, C, ellA, g, 6);) /root/gct/results/s61_sing/det3_p2147483647_s61.sing:234
COUNTG form=det3 p=2147483647 seed=61 k=6 dim=-1 degp=0
// ** redefining rt1 (int rt1 = rtimer;) /root/gct/results/s61_sing/det3_p2147483647_s61.sing:248
// ** redefining rt2 (int rt2;) /root/gct/results/s61_sing/det3_p2147483647_s61.sing:249
// ** redefining rt3 (int rt3;) /root/gct/results/s61_sing/det3_p2147483647_s61.sing:250
// ** redefining degE (int degE = -1;) /root/gct/results/s61_sing/det3_p2147483647_s61.sing:251
// ** redefining dimE (int dimE = -2;) /root/gct/results/s61_sing/det3_p2147483647_s61.sing:252
// ** redefining degp_g (int degp_g = -1;) /root/gct/results/s61_sing/det3_p2147483647_s61.sing:253
// ** redefining dim_g (int dim_g = -2;) /root/gct/results/s61_sing/det3_p2147483647_s61.sing:254
// ** redefining degr (int degr = -1;) /root/gct/results/s61_sing/det3_p2147483647_s61.sing:255
// ** redefining vdB (int vdB = -1;) /root/gct/results/s61_sing/det3_p2147483647_s61.sing:256
EXCESS k=7 dim=5 deg=6
// ** redefining L (list L = list(dim(Is), 0, -1);) /root/gct/results/s61_sing/det3_p2147483647_s61.sing:261
COUNT form=det3 p=2147483647 seed=61 k=7 dim=-1 degp=0 vdA=0 vdB=0 excess_dim=5 excess_deg=6 sec=0
// ** redefining Lg (list Lg = polar_count_g(G, Jt, C, ellA, g, 7);) /root/gct/results/s61_sing/det3_p2147483647_s61.sing:267
COUNTG form=det3 p=2147483647 seed=61 k=7 dim=-1 degp=0
DONE form=det3 p=2147483647 seed=61 total_sec=1
