lc_p1073741827_s61_k0_msolve: rc=0 0s degree=4
lc_p1073741827_s61_k1_msolve: rc=0 0s degree=6
lc_p1073741827_s61_k2_msolve: rc=0 0s degree=12
lc_p1073741827_s61_k3_msolve: rc=0 0s degree=24
lc_p1073741827_s61_k4_msolve: rc=0 0s degree=48
lc_p1073741827_s61_k5_msolve: rc=0 0s degree=96
lc_p1073741827_s61_k6_msolve: rc=0 1s degree=192
lc_p1073741827_s61_k7_msolve: rc=0 6s degree=384
lc_p1073741827_s61_k8_msolve: rc=0 33s degree=768
detpencil10_p1073741827_s61_k0_msolve: rc=0 0s degree=4
detpencil10_p1073741827_s61_k1_msolve: rc=0 0s degree=12
detpencil10_p1073741827_s61_k2_msolve: rc=0 0s degree=36
detpencil10_p1073741827_s61_k3_msolve: rc=0 0s degree=68
detpencil10_p1073741827_s61_k4_msolve: rc=0 0s degree=84
detpencil10_p1073741827_s61_k5_msolve: rc=0 1s degree=60
detpencil10_p1073741827_s61_k6_msolve: rc=0 2s degree=20
detpencil10_p1073741827_s61_k7_msolve: rc=0 1s degree=0
detpencil10_p1073741827_s61_k8_msolve: rc=0 3s degree=0
cubic9_p1073741827_s61_k0_msolve: rc=0 0s degree=3
cubic9_p1073741827_s61_k1_msolve: rc=0 0s degree=6
cubic9_p1073741827_s61_k2_msolve: rc=0 0s degree=12
cubic9_p1073741827_s61_k3_msolve: rc=0 0s degree=24
cubic9_p1073741827_s61_k4_msolve: rc=0 0s degree=48
cubic9_p1073741827_s61_k5_msolve: rc=0 0s degree=96
cubic9_p1073741827_s61_k6_msolve: rc=0 1s degree=192
cubic9_p1073741827_s61_k7_msolve: rc=0 3s degree=384
det3_p1073741827_s61_k0_msolve: rc=0 0s degree=3
det3_p1073741827_s61_k1_msolve: rc=0 0s degree=6
det3_p1073741827_s61_k2_msolve: rc=0 0s degree=12
det3_p1073741827_s61_k3_msolve: rc=0 0s degree=12
det3_p1073741827_s61_k4_msolve: rc=0 0s degree=6
det3_p1073741827_s61_k5_msolve: rc=0 0s degree=0
det3_p1073741827_s61_k6_msolve: rc=0 0s degree=0
det3_p1073741827_s61_k7_msolve: rc=0 0s degree=0
pad_p1073741827_s61_k0_msolve: rc=0 0s degree=4
pad_p1073741827_s61_k1_msolve: rc=0 0s degree=6
pad_p1073741827_s61_k2_msolve: rc=0 0s degree=12
pad_p1073741827_s61_k3_msolve: rc=0 0s degree=24
pad_p1073741827_s61_k4_msolve: rc=0 0s degree=48
pad_p1073741827_s61_k5_msolve: rc=0 0s degree=48
pad_p1073741827_s61_k6_msolve: rc=0 0s degree=30
pad_p1073741827_s61_k7_msolve: rc=0 1s degree=6
pad_p1073741827_s61_k8_msolve: rc=0 0s degree=0
sweep controls finished
