# msolve run cubic9_p1073741827_s61_k7_msolve: a random cubic in 9 variables (control: smooth, profile 3*2^k; form seed 10061); slot k=7, chart t0=1, Rabinowitsch variable s for g

--------------- INPUT DATA ---------------
#variables                       9
#equations                       9
#invalid equations               0
field characteristic    1073741827
homogeneous input?               0
signature-based computation      0
monomial order                 DRL
basis hash table resetting     OFF
linear algebra option            2
initial hash table size     131072 (2^17)
max pair selection             ALL
reduce gb                        1
#threads                         1
info level                       2
generate pbm files               0
------------------------------------------

Legend for f4 information
--------------------------------------------------------
deg       current degree of pairs selected in this round
sel       number of pairs selected in this round
pairs     total number of pairs in pair list
mat       matrix dimensions (# rows x # columns)
density   density of the matrix
new data  # new elements for basis in this round
          # zero reductions during linear algebra
time(rd)  time of the current f4 round in seconds given
          for real and cpu time
--------------------------------------------------------

deg     sel   pairs        mat          density            new data         time(rd) in sec (real|cpu)
------------------------------------------------------------------------------------------------------
  2       6       8       7 x 45        100.00%        6 new       0 zero         0.00 | 0.00         
  3      13      13      72 x 210        19.85%       13 new       0 zero         0.00 | 0.00         
  4      52      52     311 x 568        11.21%       25 new      27 zero         0.00 | 0.00         
  5     143     143     794 x 1136        8.26%       48 new      95 zero         0.04 | 0.01         
  6     309     309    1502 x 1783        7.45%       62 new     247 zero         0.11 | 0.03         
  7     462     462    2014 x 2171        7.55%       90 new     372 zero         0.15 | 0.06         
  7     224     496    1185 x 1398       11.68%       62 new     162 zero         0.09 | 0.03         
  6     524     558    1735 x 1769       11.84%       83 new     441 zero         0.18 | 0.07         
  7     698     698    2465 x 2342       10.57%       62 new     636 zero         0.38 | 0.15         
  6     495     551    1730 x 1739       12.55%       83 new     412 zero         0.22 | 0.08         
  6     245     692    1508 x 1685       12.59%       29 new     216 zero         0.12 | 0.05         
  6     252     539    1461 x 1639       12.55%       36 new     216 zero         0.12 | 0.05         
  6      72     519    1212 x 1534       12.02%        9 new      63 zero         0.05 | 0.02         
  6      81     457    1219 x 1532       12.33%        9 new      72 zero         0.04 | 0.02         
  6       9     441    1120 x 1496       11.85%        1 new       8 zero         0.02 | 0.01         
  6       9     433    1117 x 1493       11.91%        1 new       8 zero         0.02 | 0.01         
  7     432     432    2158 x 2110       11.83%        0 new     432 zero         0.24 | 0.10         
------------------------------------------------------------------------------------------------------
reduce final basis      338 x 722        46.06%      338 new       0 zeroDimension of quotient: 384
Staircase is not generic
Multiplication by x2*x4*x8 gets outside the staircase
Time for rational param:          1.83 (elapsed) sec /  0.69 sec (cpu)


--------------- INPUT DATA ---------------
#variables                       9
#equations                       9
#invalid equations               0
field characteristic    1073741827
homogeneous input?               0
signature-based computation      0
monomial order                 DRL
basis hash table resetting     OFF
linear algebra option            2
initial hash table size     131072 (2^17)
max pair selection             ALL
reduce gb                        1
#threads                         1
info level                       2
generate pbm files               0
------------------------------------------
         0.03 | 0.01         
------------------------------------------------------------------------------------------------------

---------------- TIMINGS ---------------
overall(elapsed)        1.83 sec
overall(cpu)            0.69 sec
select                  0.18 sec   9.7%
symbolic prep.          0.17 sec   9.1%
update                  0.16 sec   8.8%
convert                 0.02 sec   1.0%
linear algebra          1.29 sec  70.7%
reduce gb               0.00 sec   0.0%
-----------------------------------------

---------- COMPUTATIONAL DATA -----------
size of basis                   338
#terms in basis              118620
#pairs reduced                 4026
#GM criterion                192852
#redundant elements             290
#rows reduced                  8390
#zero reductions               3407
max. matrix data               2465 x 2342 (10.566%)
max. symbolic hash table size  2^12
max. basis hash table size     2^16
-----------------------------------------


Changing variable order for possibly more generic staircase:
s, t2, t3, t4, t5, t6, t7, t8, t1

Legend for f4 information
--------------------------------------------------------
deg       current degree of pairs selected in this round
sel       number of pairs selected in this round
pairs     total number of pairs in pair list
mat       matrix dimensions (# rows x # columns)
density   density of the matrix
new data  # new elements for basis in this round
          # zero reductions during linear algebra
time(rd)  time of the current f4 round in seconds given
          for real and cpu time
--------------------------------------------------------

deg     sel   pairs        mat          density            new data         time(rd) in sec (real|cpu)
------------------------------------------------------------------------------------------------------
  2       6       8       7 x 45        100.00%        6 new       0 zero         0.00 | 0.00         
  3      13      13      72 x 210        19.85%       13 new       0 zero         0.00 | 0.00         
  4      52      52     311 x 568        11.21%       25 new      27 zero         0.00 | 0.00         
  5     143     143     794 x 1136        8.17%       48 new      95 zero         0.02 | 0.01         
  6     309     309    1502 x 1783        7.27%       62 new     247 zero         0.07 | 0.03         
  7     462     462    2014 x 2171        7.39%       90 new     372 zero         0.15 | 0.05         
  7     224     496    1185 x 1398       11.40%       62 new     162 zero         0.08 | 0.03         
  6     524     796    1701 x 1735       11.73%       83 new     441 zero         0.18 | 0.07         
  7     698     698    2411 x 2196       10.71%       62 new     636 zero         0.36 | 0.14         
  6     443     499    1770 x 1787       12.32%       31 new     412 zero         0.20 | 0.08         
  6     252     316    1423 x 1600       12.64%       36 new     216 zero         0.10 | 0.05         
  6     224     298    1474 x 1641       12.95%        8 new     218 zero         0.11 | 0.05         
  6      72     146    1196 x 1518       12.17%        9 new      63 zero         0.06 | 0.02         
  6      73     147    1226 x 1538       12.49%        1 new      72 zero         0.03 | 0.02         
  6       9      83    1114 x 1490       11.83%        1 new       8 zero         0.02 | 0.01         
  6       8      82    1117 x 1493       11.93%        0 new       8 zero         0.01 | 0.01         
  7      74      74    1329 x 1639       12.46%        0 new      74 zero         0.04 | 0.02         
------------------------------------------------------------------------------------------------------
reduce final basis      338 x 722        46.25%      338 new       0 zeroDimension of quotient: 384
[384, 183], Non trivial / Trivial = 47.66%
Density of non-trivial part 100.00%
Time spent to generate sequence (elapsed): 0.06 sec (0.96 Gops/sec)
Time spent to compute eliminating polynomial (elapsed): 0.00 sec
Elimination polynomial has degree 384.
Time for rational param:          1.55 (elapsed) sec /  0.62 sec (cpu)

------------------------------------------------------------------------------------
msolve overall time           3.39 sec (elapsed) /  1.32 sec (cpu)
------------------------------------------------------------------------------------
         0.02 | 0.01         
------------------------------------------------------------------------------------------------------

---------------- TIMINGS ---------------
overall(elapsed)        1.47 sec
overall(cpu)            0.58 sec
select                  0.13 sec   8.8%
symbolic prep.          0.16 sec  11.0%
update                  0.10 sec   6.9%
convert                 0.01 sec   0.8%
linear algebra          1.05 sec  71.7%
reduce gb               0.00 sec   0.0%
-----------------------------------------

---------- COMPUTATIONAL DATA -----------
size of basis                   338
#terms in basis              118620
#pairs reduced                 3586
#GM criterion                145199
#redundant elements             208
#rows reduced                  7514
#zero reductions               3051
max. matrix data               2411 x 2196 (10.710%)
max. symbolic hash table size  2^12
max. basis hash table size     2^16
-----------------------------------------

MSOLVE_RESULT form=cubic9 p=1073741827 seed=61 k=7 degree=384 rc=0 sec=3
