# msolve run pad_p1073741827_s61_k8_msolve: the full ten-variable padded permanent x_0 * per_3(x_1..x_9); slot k=8, chart t0=1, Rabinowitsch variable s for g

--------------- INPUT DATA ---------------
#variables                      10
#equations                      10
#invalid equations               0
field characteristic    1073741827
homogeneous input?               0
signature-based computation      0
monomial order                 DRL
basis hash table resetting     OFF
linear algebra option            2
initial hash table size     131072 (2^17)
max pair selection             ALL
reduce gb                        1
#threads                         1
info level                       2
generate pbm files               0
------------------------------------------

Legend for f4 information
--------------------------------------------------------
deg       current degree of pairs selected in this round
sel       number of pairs selected in this round
pairs     total number of pairs in pair list
mat       matrix dimensions (# rows x # columns)
density   density of the matrix
new data  # new elements for basis in this round
          # zero reductions during linear algebra
time(rd)  time of the current f4 round in seconds given
          for real and cpu time
--------------------------------------------------------

deg     sel   pairs        mat          density            new data         time(rd) in sec (real|cpu)
------------------------------------------------------------------------------------------------------
  3       7       9       8 x 220       100.00%        7 new       0 zero         0.00 | 0.00         
  4      14      14      90 x 935        23.41%       14 new       0 zero         0.01 | 0.00         
  5      57      57     425 x 2568       13.23%       30 new      27 zero         0.04 | 0.01         
  6     181     181    1246 x 5655        9.38%       55 new     126 zero         0.18 | 0.06         
  3      84     162     228 x 220        18.31%       35 new      49 zero         0.00 | 0.00         
  4     268     332    1010 x 832         5.33%       10 new     258 zero         0.01 | 0.00         
  4      10     130     178 x 248        14.94%        1 new       9 zero         0.00 | 0.00         
  5      97     129    1931 x 1913        2.76%       11 new      86 zero         0.01 | 0.01         
  2      24     100      78 x 55         21.03%        0 new      24 zero         0.00 | 0.00         
  3      36      76     113 x 78         20.80%        0 new      36 zero         0.00 | 0.00         
  4       8      40      93 x 87          7.19%        1 new       7 zero         0.00 | 0.00         
------------------------------------------------------------------------------------------------------
reduce final basis        1 x 1         100.00%        1 new       0 zeroTime for rational param:          0.26 (elapsed) sec /  0.09 sec (cpu)

------------------------------------------------------------------------------------
msolve overall time           0.26 sec (elapsed) /  0.09 sec (cpu)
------------------------------------------------------------------------------------
         0.00 | 0.00         
------------------------------------------------------------------------------------------------------

---------------- TIMINGS ---------------
overall(elapsed)        0.26 sec
overall(cpu)            0.09 sec
select                  0.04 sec  15.3%
symbolic prep.          0.07 sec  25.9%
update                  0.01 sec   3.2%
convert                 0.00 sec   1.2%
linear algebra          0.14 sec  54.1%
reduce gb               0.00 sec   0.0%
-----------------------------------------

---------- COMPUTATIONAL DATA -----------
size of basis                     1
#terms in basis                   1
#pairs reduced                  786
#GM criterion                 14233
#redundant elements             173
#rows reduced                  1573
#zero reductions                622
max. matrix data               1246 x 5655 (9.379%)
max. symbolic hash table size  2^13
max. basis hash table size     2^16
-----------------------------------------

Grobner basis has a single element
No solution
MSOLVE_RESULT form=pad p=1073741827 seed=61 k=8 degree=0 rc=0 sec=0
