# session 61 polar profile run per3_p0_s61
# form: per_3 of the generic 3x3 matrix, 9 variables
# engine=singular ks=[0, 1, 2, 3, 4, 5, 6, 7] prime=0 seed=61 range=99 radical=0 sat=full
# timeout 14000s, ulimit -v 6000000 kB
FORM per3 nvars=9 char=0 seed=61 degF=3 npartials=9
EXCESS k=0 dim=0 deg=-1
COUNT form=per3 p=0 seed=61 k=0 dim=1 degp=3 vdA=3 vdB=3 excess_dim=0 excess_deg=-1 sec=0
// ** redefining rt1 (int rt1 = rtimer;) /root/gct/results/s61_sing/per3_p0_s61.sing:48
// ** redefining rt2 (int rt2;) /root/gct/results/s61_sing/per3_p0_s61.sing:49
// ** redefining rt3 (int rt3;) /root/gct/results/s61_sing/per3_p0_s61.sing:50
// ** redefining degE (int degE = -1;) /root/gct/results/s61_sing/per3_p0_s61.sing:51
// ** redefining dimE (int dimE = -2;) /root/gct/results/s61_sing/per3_p0_s61.sing:52
// ** redefining degp_g (int degp_g = -1;) /root/gct/results/s61_sing/per3_p0_s61.sing:53
// ** redefining dim_g (int dim_g = -2;) /root/gct/results/s61_sing/per3_p0_s61.sing:54
// ** redefining degr (int degr = -1;) /root/gct/results/s61_sing/per3_p0_s61.sing:55
// ** redefining vdB (int vdB = -1;) /root/gct/results/s61_sing/per3_p0_s61.sing:56
EXCESS k=1 dim=0 deg=-1
// ** redefining L (list L = list(dim(Is), 0, -1);) /root/gct/results/s61_sing/per3_p0_s61.sing:61
COUNT form=per3 p=0 seed=61 k=1 dim=1 degp=6 vdA=6 vdB=6 excess_dim=0 excess_deg=-1 sec=0
// ** redefining rt1 (int rt1 = rtimer;) /root/gct/results/s61_sing/per3_p0_s61.sing:79
// ** redefining rt2 (int rt2;) /root/gct/results/s61_sing/per3_p0_s61.sing:80
// ** redefining rt3 (int rt3;) /root/gct/results/s61_sing/per3_p0_s61.sing:81
// ** redefining degE (int degE = -1;) /root/gct/results/s61_sing/per3_p0_s61.sing:82
// ** redefining dimE (int dimE = -2;) /root/gct/results/s61_sing/per3_p0_s61.sing:83
// ** redefining degp_g (int degp_g = -1;) /root/gct/results/s61_sing/per3_p0_s61.sing:84
// ** redefining dim_g (int dim_g = -2;) /root/gct/results/s61_sing/per3_p0_s61.sing:85
// ** redefining degr (int degr = -1;) /root/gct/results/s61_sing/per3_p0_s61.sing:86
// ** redefining vdB (int vdB = -1;) /root/gct/results/s61_sing/per3_p0_s61.sing:87
EXCESS k=2 dim=0 deg=-1
// ** redefining L (list L = list(dim(Is), 0, -1);) /root/gct/results/s61_sing/per3_p0_s61.sing:92
COUNT form=per3 p=0 seed=61 k=2 dim=1 degp=12 vdA=12 vdB=12 excess_dim=0 excess_deg=-1 sec=0
// ** redefining rt1 (int rt1 = rtimer;) /root/gct/results/s61_sing/per3_p0_s61.sing:110
// ** redefining rt2 (int rt2;) /root/gct/results/s61_sing/per3_p0_s61.sing:111
// ** redefining rt3 (int rt3;) /root/gct/results/s61_sing/per3_p0_s61.sing:112
// ** redefining degE (int degE = -1;) /root/gct/results/s61_sing/per3_p0_s61.sing:113
// ** redefining dimE (int dimE = -2;) /root/gct/results/s61_sing/per3_p0_s61.sing:114
// ** redefining degp_g (int degp_g = -1;) /root/gct/results/s61_sing/per3_p0_s61.sing:115
// ** redefining dim_g (int dim_g = -2;) /root/gct/results/s61_sing/per3_p0_s61.sing:116
// ** redefining degr (int degr = -1;) /root/gct/results/s61_sing/per3_p0_s61.sing:117
// ** redefining vdB (int vdB = -1;) /root/gct/results/s61_sing/per3_p0_s61.sing:118
EXCESS k=3 dim=0 deg=-1
// ** redefining L (list L = list(dim(Is), 0, -1);) /root/gct/results/s61_sing/per3_p0_s61.sing:123
COUNT form=per3 p=0 seed=61 k=3 dim=1 degp=24 vdA=24 vdB=24 excess_dim=0 excess_deg=-1 sec=148
// ** redefining rt1 (int rt1 = rtimer;) /root/gct/results/s61_sing/per3_p0_s61.sing:141
// ** redefining rt2 (int rt2;) /root/gct/results/s61_sing/per3_p0_s61.sing:142
// ** redefining rt3 (int rt3;) /root/gct/results/s61_sing/per3_p0_s61.sing:143
// ** redefining degE (int degE = -1;) /root/gct/results/s61_sing/per3_p0_s61.sing:144
// ** redefining dimE (int dimE = -2;) /root/gct/results/s61_sing/per3_p0_s61.sing:145
// ** redefining degp_g (int degp_g = -1;) /root/gct/results/s61_sing/per3_p0_s61.sing:146
// ** redefining dim_g (int dim_g = -2;) /root/gct/results/s61_sing/per3_p0_s61.sing:147
// ** redefining degr (int degr = -1;) /root/gct/results/s61_sing/per3_p0_s61.sing:148
// ** redefining vdB (int vdB = -1;) /root/gct/results/s61_sing/per3_p0_s61.sing:149
EXCESS k=4 dim=0 deg=-1
