# msolve run perdual_p1073741827_s61_k2_msolve: the dual sextic of per_3: 4 per(BoB) - 2 per(B)^2 - det(B)^2 (control: by biduality its profile must be the reversed profile of per_3); slot k=2, chart t0=1, Rabinowitsch variable s for g

--------------- INPUT DATA ---------------
#variables                       4
#equations                       4
#invalid equations               0
field characteristic    1073741827
homogeneous input?               0
signature-based computation      0
monomial order                 DRL
basis hash table resetting     OFF
linear algebra option            2
initial hash table size     131072 (2^17)
max pair selection             ALL
reduce gb                        1
#threads                         1
info level                       2
generate pbm files               0
------------------------------------------

Legend for f4 information
--------------------------------------------------------
deg       current degree of pairs selected in this round
sel       number of pairs selected in this round
pairs     total number of pairs in pair list
mat       matrix dimensions (# rows x # columns)
density   density of the matrix
new data  # new elements for basis in this round
          # zero reductions during linear algebra
time(rd)  time of the current f4 round in seconds given
          for real and cpu time
--------------------------------------------------------

deg     sel   pairs        mat          density            new data         time(rd) in sec (real|cpu)
------------------------------------------------------------------------------------------------------
  5       1       3       2 x 56        100.00%        1 new       0 zero         0.00 | 0.00         
  6       3       3      12 x 140        41.43%        3 new       0 zero         0.00 | 0.00         
  7       4       4      28 x 195        32.14%        4 new       0 zero         0.00 | 0.00         
  8       6       6      54 x 254        28.44%        5 new       1 zero         0.00 | 0.00         
  9      12      12      77 x 300        26.38%       10 new       2 zero         0.00 | 0.00         
 10      24      24     115 x 340        27.24%       14 new      10 zero         0.00 | 0.00         
 11      33      33     153 x 365        29.30%       13 new      20 zero         0.00 | 0.00         
 10      27      39      89 x 223        49.45%       15 new      12 zero         0.00 | 0.00         
  9      45      57     116 x 238        49.46%       18 new      27 zero         0.00 | 0.00         
  8      56      69     150 x 317        39.83%       20 new      36 zero         0.00 | 0.00         
  8      16      65     102 x 288        44.85%       16 new       0 zero         0.00 | 0.00         
  7       8      79      71 x 245        50.10%        8 new       0 zero         0.00 | 0.00         
  7      24      99      92 x 242        51.47%       24 new       0 zero         0.00 | 0.00         
  6      20     116      56 x 136        50.76%       12 new       8 zero         0.00 | 0.00         
  6       4     117      45 x 129        50.35%        1 new       3 zero         0.00 | 0.00         
  7      83     116     182 x 225        38.23%       25 new      58 zero         0.01 | 0.00         
  6      76     106     148 x 158        39.84%       26 new      53 zero         0.00 | 0.00         
  5      24     100      72 x 111        49.64%        7 new      17 zero         0.00 | 0.00         
  5      12      97      60 x 114        49.12%        9 new       3 zero         0.00 | 0.00         
  5      28     102      81 x 110        48.47%        8 new      20 zero         0.00 | 0.00         
  5      16      92      66 x 103        50.84%        4 new      12 zero         0.00 | 0.00         
  5       4      87      53 x 98         52.85%        1 new       3 zero         0.00 | 0.00         
  5       4      86      53 x 98         52.41%        1 new       3 zero         0.00 | 0.00         
  6      55      85     152 x 145        36.92%        0 new      55 zero         0.00 | 0.00         
  8      17      30     340 x 371        17.43%        0 new      17 zero         0.00 | 0.00         
  9       4      13     467 x 511        10.59%        0 new       4 zero         0.00 | 0.00         
 10       5       9     609 x 652         8.32%        0 new       5 zero         0.00 | 0.00         
 11       4       4     768 x 812         6.62%        0 new       4 zero         0.01 | 0.00         
------------------------------------------------------------------------------------------------------
reduce final basis       35 x 83         62.13%       35 new       0 zeroDimension of quotient: 48
[48, 20], Non trivial / Trivial = 41.67%
Density of non-trivial part 100.00%
Time spent to generate sequence (elapsed): 0.00 sec (0.16 Gops/sec)
Time spent to compute eliminating polynomial (elapsed): 0.00 sec
Elimination polynomial has degree 48.
Time for rational param:          0.04 (elapsed) sec /  0.02 sec (cpu)

------------------------------------------------------------------------------------
msolve overall time           0.04 sec (elapsed) /  0.02 sec (cpu)
------------------------------------------------------------------------------------
         0.00 | 0.00         
------------------------------------------------------------------------------------------------------

---------------- TIMINGS ---------------
overall(elapsed)        0.04 sec
overall(cpu)            0.02 sec
select                  0.00 sec   6.8%
symbolic prep.          0.01 sec  34.2%
update                  0.01 sec  27.9%
convert                 0.01 sec  14.3%
linear algebra          0.01 sec  15.0%
reduce gb               0.00 sec   0.0%
-----------------------------------------

---------- COMPUTATIONAL DATA -----------
size of basis                    35
#terms in basis                1715
#pairs reduced                  615
#GM criterion                 30261
#redundant elements             214
#rows reduced                  1271
#zero reductions                373
max. matrix data                768 x 812 (6.622%)
max. symbolic hash table size  2^11
max. basis hash table size     2^16
-----------------------------------------

MSOLVE_RESULT form=perdual p=1073741827 seed=61 k=2 degree=48 rc=0 sec=0
