# msolve run det3_p1073741827_s61_k4_msolve: det_3 of the generic 3x3 matrix, 9 variables (control: profile (3,6,12,12,6,0,0,0)); slot k=4, chart t0=1, Rabinowitsch variable s for g

--------------- INPUT DATA ---------------
#variables                       6
#equations                       6
#invalid equations               0
field characteristic    1073741827
homogeneous input?               0
signature-based computation      0
monomial order                 DRL
basis hash table resetting     OFF
linear algebra option            2
initial hash table size     131072 (2^17)
max pair selection             ALL
reduce gb                        1
#threads                         1
info level                       2
generate pbm files               0
------------------------------------------

Legend for f4 information
--------------------------------------------------------
deg       current degree of pairs selected in this round
sel       number of pairs selected in this round
pairs     total number of pairs in pair list
mat       matrix dimensions (# rows x # columns)
density   density of the matrix
new data  # new elements for basis in this round
          # zero reductions during linear algebra
time(rd)  time of the current f4 round in seconds given
          for real and cpu time
--------------------------------------------------------

deg     sel   pairs        mat          density            new data         time(rd) in sec (real|cpu)
------------------------------------------------------------------------------------------------------
  2       3       5       4 x 21        100.00%        3 new       0 zero         0.00 | 0.00         
  3       6       6      30 x 77         26.10%        6 new       0 zero         0.00 | 0.00         
  4      17      17      92 x 152        15.54%       10 new       7 zero         0.00 | 0.00         
  5      40      40     177 x 224        12.93%       14 new      26 zero         0.00 | 0.00         
  3       5      47      30 x 68         31.27%        5 new       0 zero         0.00 | 0.00         
  4      38      63     120 x 135        18.86%       18 new      20 zero         0.00 | 0.00         
  4      48      66     136 x 130        20.57%        8 new      40 zero         0.00 | 0.00         
  3      30      50      73 x 65         28.01%       10 new      20 zero         0.00 | 0.00         
  3      30      49      67 x 49         24.37%        5 new      25 zero         0.00 | 0.00         
  3      25      41      65 x 42         25.49%        1 new      29 zero         0.00 | 0.00         
  2       6      22      27 x 28         36.51%        1 new       5 zero         0.00 | 0.00         
  3       4      20      27 x 29         30.40%        0 new       4 zero         0.00 | 0.00         
  4       6      16      58 x 58         19.74%        0 new       6 zero         0.00 | 0.00         
  5      10      10     131 x 127        10.29%        0 new      10 zero         0.00 | 0.00         
------------------------------------------------------------------------------------------------------
reduce final basis       18 x 24         39.58%       16 new       0 zeroDimension of quotient: 6
[6, 5], Non trivial / Trivial = 83.33%
Density of non-trivial part 100.00%
Time spent to generate sequence (elapsed): 0.00 sec (0.02 Gops/sec)
Time spent to compute eliminating polynomial (elapsed): 0.02 sec
Elimination polynomial has degree 6.
Time for rational param:          0.03 (elapsed) sec /  0.00 sec (cpu)

------------------------------------------------------------------------------------
msolve overall time           0.03 sec (elapsed) /  0.00 sec (cpu)
------------------------------------------------------------------------------------
         0.00 | 0.00         
------------------------------------------------------------------------------------------------------

---------------- TIMINGS ---------------
overall(elapsed)        0.00 sec
overall(cpu)            0.00 sec
select                  0.00 sec  14.2%
symbolic prep.          0.00 sec  10.1%
update                  0.00 sec  37.4%
convert                 0.00 sec   8.8%
linear algebra          0.00 sec  20.2%
reduce gb               0.00 sec   0.0%
-----------------------------------------

---------- COMPUTATIONAL DATA -----------
size of basis                    16
#terms in basis                 112
#pairs reduced                  268
#GM criterion                  3473
#redundant elements              71
#rows reduced                   562
#zero reductions                192
max. matrix data                177 x 224 (12.929%)
max. symbolic hash table size  2^11
max. basis hash table size     2^16
-----------------------------------------

MSOLVE_RESULT form=det3 p=1073741827 seed=61 k=4 degree=6 rc=0 sec=0
