# msolve run detpencil10_p1073741827_s61_k1_msolve: det_4(sum_a x_a A_a), ten random integer 4x4 matrices (form seed 10061); slot k=1, chart t0=1, Rabinowitsch variable s for g

--------------- INPUT DATA ---------------
#variables                       3
#equations                       3
#invalid equations               0
field characteristic    1073741827
homogeneous input?               0
signature-based computation      0
monomial order                 DRL
basis hash table resetting     OFF
linear algebra option            2
initial hash table size     131072 (2^17)
max pair selection             ALL
reduce gb                        1
#threads                         1
info level                       2
generate pbm files               0
------------------------------------------

Legend for f4 information
--------------------------------------------------------
deg       current degree of pairs selected in this round
sel       number of pairs selected in this round
pairs     total number of pairs in pair list
mat       matrix dimensions (# rows x # columns)
density   density of the matrix
new data  # new elements for basis in this round
          # zero reductions during linear algebra
time(rd)  time of the current f4 round in seconds given
          for real and cpu time
--------------------------------------------------------

deg     sel   pairs        mat          density            new data         time(rd) in sec (real|cpu)
------------------------------------------------------------------------------------------------------
  4       2       2       6 x 25         44.00%        2 new       0 zero         0.00 | 0.00         
  5       3       3      12 x 32         33.33%        3 new       0 zero         0.00 | 0.00         
  6       4       4      19 x 36         32.75%        3 new       1 zero         0.00 | 0.00         
  5       4       6      12 x 23         52.17%        3 new       1 zero         0.00 | 0.00         
  4       7       9      19 x 30         41.05%        3 new       4 zero         0.00 | 0.00         
  5       7       8      33 x 44         31.40%        2 new       5 zero         0.00 | 0.00         
  4       6       7      19 x 29         46.82%        3 new       3 zero         0.00 | 0.00         
  4       3       8      17 x 27         49.46%        1 new       2 zero         0.00 | 0.00         
  4       3       6      16 x 26         50.72%        1 new       2 zero         0.00 | 0.00         
  5       4       5      23 x 31         43.20%        0 new       4 zero         0.00 | 0.00         
  6       1       1      51 x 62         21.38%        0 new       1 zero         0.00 | 0.00         
------------------------------------------------------------------------------------------------------
reduce final basis       10 x 22         59.09%       10 new       0 zeroDimension of quotient: 12
[12, 6], Non trivial / Trivial = 50.00%
Density of non-trivial part 100.00%
Time spent to generate sequence (elapsed): 0.00 sec (0.04 Gops/sec)
Time spent to compute eliminating polynomial (elapsed): 0.00 sec
Elimination polynomial has degree 12.
Time for rational param:          0.00 (elapsed) sec /  0.00 sec (cpu)

------------------------------------------------------------------------------------
msolve overall time           0.00 sec (elapsed) /  0.00 sec (cpu)
------------------------------------------------------------------------------------
         0.00 | 0.00         
------------------------------------------------------------------------------------------------------

---------------- TIMINGS ---------------
overall(elapsed)        0.00 sec
overall(cpu)            0.00 sec
select                  0.00 sec   8.8%
symbolic prep.          0.00 sec   6.8%
update                  0.00 sec  41.1%
convert                 0.00 sec  14.9%
linear algebra          0.00 sec   9.1%
reduce gb               0.00 sec   0.0%
-----------------------------------------

---------- COMPUTATIONAL DATA -----------
size of basis                    10
#terms in basis                 130
#pairs reduced                   44
#GM criterion                   232
#redundant elements              14
#rows reduced                    98
#zero reductions                 23
max. matrix data                 51 x 62 (21.379%)
max. symbolic hash table size  2^11
max. basis hash table size     2^16
-----------------------------------------

MSOLVE_RESULT form=detpencil10 p=1073741827 seed=61 k=1 degree=12 rc=0 sec=0
