2026-09-05T21:34:29Z lane B start per3:2147483647:61:0
per3_p2147483647_s61: rc=0 20s profile=[3, 6, 12, 24, 48, 48, 30, 6]
2026-09-05T21:34:49Z lane B done  per3:2147483647:61:0
2026-09-05T21:34:49Z lane B start per3:2147483629:61:0
per3_p2147483629_s61: rc=0 21s profile=[3, 6, 12, 24, 48, 48, 30, 6]
2026-09-05T21:35:10Z lane B done  per3:2147483629:61:0
2026-09-05T21:35:10Z lane B start per3:1000003:61:1
per3_p1000003_s61: rc=0 760s profile=[3, 6, 12, 24, 48, 48, 30, 6]
2026-09-05T21:47:49Z lane B done  per3:1000003:61:1
2026-09-05T21:47:49Z lane B start per3:2147483647:62:0
per3_p2147483647_s62: rc=0 22s profile=[3, 6, 12, 24, 48, 48, 30, 6]
2026-09-05T21:48:11Z lane B done  per3:2147483647:62:0
2026-09-05T21:48:11Z lane B start per3:2147483629:63:0
per3_p2147483629_s63: rc=0 22s profile=[3, 6, 12, 24, 48, 48, 30, 6]
2026-09-05T21:48:33Z lane B done  per3:2147483629:63:0
2026-09-05T21:48:33Z lane B start per3:32003:61:1
per3_p32003_s61: rc=0 1026s profile=[3, 6, 12, 24, 48, 48, 30, 6]
2026-09-05T22:05:39Z lane B done  per3:32003:61:1
2026-09-05T22:05:39Z lane B start pad:2147483647:61:0
pad_p2147483647_s61: rc=0 633s profile=[4, 6, 12, 24, 48, 48, 30, 6, 0]
2026-09-05T22:16:12Z lane B done  pad:2147483647:61:0
2026-09-05T22:16:12Z lane B start pad:2147483629:62:0
pad_p2147483629_s62: rc=0 606s profile=[4, 6, 12, 24, 48, 48, 30, 6, 0]
2026-09-05T22:26:18Z lane B done  pad:2147483629:62:0
2026-09-05T22:26:18Z lane B start lc:2147483647:61:0
lc_p2147483647_s61: rc=1 2180s profile=[4, 6, 12, 24, 48, 96, 192, None, None]
2026-09-05T23:02:39Z lane B done  lc:2147483647:61:0
2026-09-05T23:02:39Z lane B start detpencil10:2147483647:61:0
