# msolve run perdual_p1073741827_s61_k1_msolve: the dual sextic of per_3: 4 per(BoB) - 2 per(B)^2 - det(B)^2 (control: by biduality its profile must be the reversed profile of per_3); slot k=1, chart t0=1, Rabinowitsch variable s for g

--------------- INPUT DATA ---------------
#variables                       3
#equations                       3
#invalid equations               0
field characteristic    1073741827
homogeneous input?               0
signature-based computation      0
monomial order                 DRL
basis hash table resetting     OFF
linear algebra option            2
initial hash table size     131072 (2^17)
max pair selection             ALL
reduce gb                        1
#threads                         1
info level                       2
generate pbm files               0
------------------------------------------

Legend for f4 information
--------------------------------------------------------
deg       current degree of pairs selected in this round
sel       number of pairs selected in this round
pairs     total number of pairs in pair list
mat       matrix dimensions (# rows x # columns)
density   density of the matrix
new data  # new elements for basis in this round
          # zero reductions during linear algebra
time(rd)  time of the current f4 round in seconds given
          for real and cpu time
--------------------------------------------------------

deg     sel   pairs        mat          density            new data         time(rd) in sec (real|cpu)
------------------------------------------------------------------------------------------------------
  6       2       2       6 x 49         45.58%        2 new       0 zero         0.00 | 0.00         
  7       3       3      12 x 60         37.22%        3 new       0 zero         0.00 | 0.00         
  8       4       4      19 x 68         36.46%        3 new       1 zero         0.00 | 0.00         
  9       4       4      25 x 73         36.11%        3 new       1 zero         0.00 | 0.00         
  8       4       6      14 x 44         61.36%        4 new       0 zero         0.00 | 0.00         
  7       8      10      20 x 47         60.64%        5 new       3 zero         0.00 | 0.00         
  6      11      14      29 x 63         46.69%        5 new       6 zero         0.00 | 0.00         
  7      11      13      53 x 92         37.12%        4 new       7 zero         0.00 | 0.00         
  6      12      14      33 x 67         51.97%        7 new       5 zero         0.00 | 0.00         
  6       9      15      33 x 63         54.98%        5 new       4 zero         0.00 | 0.00         
  6      12      14      38 x 59         57.94%        3 new      10 zero         0.00 | 0.00         
  5       9      11      30 x 55         59.33%        3 new       6 zero         0.00 | 0.00         
  5       3       9      24 x 52         62.66%        1 new       2 zero         0.00 | 0.00         
  5       3       9      24 x 52         62.10%        1 new       2 zero         0.00 | 0.00         
  6       6       8      33 x 57         56.83%        0 new       6 zero         0.00 | 0.00         
  8       1       2      98 x 127        25.53%        0 new       1 zero         0.00 | 0.00         
  9       1       1     126 x 155        20.94%        0 new       1 zero         0.00 | 0.00         
------------------------------------------------------------------------------------------------------
reduce final basis       15 x 45         72.59%       15 new       0 zeroDimension of quotient: 30
[30, 10], Non trivial / Trivial = 33.33%
Density of non-trivial part 100.00%
Time spent to generate sequence (elapsed): 0.00 sec (0.07 Gops/sec)
Time spent to compute eliminating polynomial (elapsed): 0.00 sec
Elimination polynomial has degree 30.
Time for rational param:          0.01 (elapsed) sec /  0.00 sec (cpu)

------------------------------------------------------------------------------------
msolve overall time           0.01 sec (elapsed) /  0.00 sec (cpu)
------------------------------------------------------------------------------------
         0.00 | 0.00         
------------------------------------------------------------------------------------------------------

---------------- TIMINGS ---------------
overall(elapsed)        0.01 sec
overall(cpu)            0.00 sec
select                  0.00 sec   3.6%
symbolic prep.          0.00 sec   5.7%
update                  0.00 sec  75.5%
convert                 0.00 sec   5.5%
linear algebra          0.00 sec   5.2%
reduce gb               0.00 sec   0.0%
-----------------------------------------

---------- COMPUTATIONAL DATA -----------
size of basis                    15
#terms in basis                 465
#pairs reduced                  103
#GM criterion                  1223
#redundant elements              37
#rows reduced                   223
#zero reductions                 55
max. matrix data                126 x 155 (20.937%)
max. symbolic hash table size  2^11
max. basis hash table size     2^16
-----------------------------------------

MSOLVE_RESULT form=perdual p=1073741827 seed=61 k=1 degree=30 rc=0 sec=0
