# msolve run perdual_p1073741827_s61_k0_msolve: the dual sextic of per_3: 4 per(BoB) - 2 per(B)^2 - det(B)^2 (control: by biduality its profile must be the reversed profile of per_3); slot k=0, chart t0=1, Rabinowitsch variable s for g

--------------- INPUT DATA ---------------
#variables                       2
#equations                       2
#invalid equations               0
field characteristic    1073741827
homogeneous input?               0
signature-based computation      0
monomial order                 DRL
basis hash table resetting     OFF
linear algebra option            2
initial hash table size     131072 (2^17)
max pair selection             ALL
reduce gb                        1
#threads                         1
info level                       2
generate pbm files               0
------------------------------------------

Legend for f4 information
--------------------------------------------------------
deg       current degree of pairs selected in this round
sel       number of pairs selected in this round
pairs     total number of pairs in pair list
mat       matrix dimensions (# rows x # columns)
density   density of the matrix
new data  # new elements for basis in this round
          # zero reductions during linear algebra
time(rd)  time of the current f4 round in seconds given
          for real and cpu time
--------------------------------------------------------

deg     sel   pairs        mat          density            new data         time(rd) in sec (real|cpu)
------------------------------------------------------------------------------------------------------
  7       1       1       3 x 9          77.78%        1 new       0 zero         0.00 | 0.00         
  6       1       1       3 x 9          77.78%        1 new       0 zero         0.00 | 0.00         
  5       1       1       3 x 9          77.78%        1 new       0 zero         0.00 | 0.00         
  4       1       2       2 x 10         70.00%        1 new       0 zero         0.00 | 0.00         
  5       1       2       6 x 15         53.33%        1 new       0 zero         0.00 | 0.00         
  4       2       3       6 x 13         60.26%        2 new       0 zero         0.00 | 0.00         
  4       2       3       7 x 12         61.90%        1 new       1 zero         0.00 | 0.00         
  4       1       2       6 x 11         66.67%        0 new       1 zero         0.00 | 0.00         
  6       1       1      22 x 27         26.60%        0 new       1 zero         0.00 | 0.00         
------------------------------------------------------------------------------------------------------
reduce final basis        4 x 10         72.50%        4 new       0 zeroDimension of quotient: 6
[6, 3], Non trivial / Trivial = 50.00%
Density of non-trivial part 100.00%
Time spent to generate sequence (elapsed): 0.00 sec (0.01 Gops/sec)
Time spent to compute eliminating polynomial (elapsed): 0.00 sec
Elimination polynomial has degree 6.
Time for rational param:          0.00 (elapsed) sec /  0.00 sec (cpu)

------------------------------------------------------------------------------------
msolve overall time           0.00 sec (elapsed) /  0.00 sec (cpu)
------------------------------------------------------------------------------------
         0.00 | 0.00         
------------------------------------------------------------------------------------------------------

---------------- TIMINGS ---------------
overall(elapsed)        0.00 sec
overall(cpu)            0.00 sec
select                  0.00 sec  14.2%
symbolic prep.          0.00 sec   4.6%
update                  0.00 sec  18.0%
convert                 0.00 sec  15.6%
linear algebra          0.00 sec   6.4%
reduce gb               0.00 sec   0.0%
-----------------------------------------

---------- COMPUTATIONAL DATA -----------
size of basis                     4
#terms in basis                  28
#pairs reduced                   11
#GM criterion                    34
#redundant elements               6
#rows reduced                    26
#zero reductions                  3
max. matrix data                 22 x 27 (26.599%)
max. symbolic hash table size  2^11
max. basis hash table size     2^16
-----------------------------------------

MSOLVE_RESULT form=perdual p=1073741827 seed=61 k=0 degree=6 rc=0 sec=0
