# msolve run perdual_p1073741827_s61_k7_msolve: the dual sextic of per_3: 4 per(BoB) - 2 per(B)^2 - det(B)^2 (control: by biduality its profile must be the reversed profile of per_3); slot k=7, chart t0=1, Rabinowitsch variable s for g

--------------- INPUT DATA ---------------
#variables                       9
#equations                       9
#invalid equations               0
field characteristic    1073741827
homogeneous input?               0
signature-based computation      0
monomial order                 DRL
basis hash table resetting     OFF
linear algebra option            2
initial hash table size     131072 (2^17)
max pair selection             ALL
reduce gb                        1
#threads                         1
info level                       2
generate pbm files               0
------------------------------------------

Legend for f4 information
--------------------------------------------------------
deg       current degree of pairs selected in this round
sel       number of pairs selected in this round
pairs     total number of pairs in pair list
mat       matrix dimensions (# rows x # columns)
density   density of the matrix
new data  # new elements for basis in this round
          # zero reductions during linear algebra
time(rd)  time of the current f4 round in seconds given
          for real and cpu time
--------------------------------------------------------

deg     sel   pairs        mat          density            new data         time(rd) in sec (real|cpu)
------------------------------------------------------------------------------------------------------
  5       6       8       7 x 1287      100.00%        6 new       0 zero         0.01 | 0.00         
  6       9       9      72 x 4290       30.44%        9 new       0 zero         0.01 | 0.01         
  7      19      19     326 x 9366       18.03%       18 new       1 zero         0.07 | 0.04         
  8      61      61    1165 x 18890      12.31%       39 new      22 zero         0.42 | 0.21         
  3      20      83      86 x 161        22.36%        0 new      20 zero         0.00 | 0.00         
  5       7      63     888 x 1287        3.56%        7 new       0 zero         0.01 | 0.00         
  6      39      86    3186 x 4227        1.22%       32 new       7 zero         0.02 | 0.01         
  7     192     221    7640 x 9059        0.89%       34 new     158 zero         0.10 | 0.05         
  8     240     240   15070 x 17006       0.56%       59 new     181 zero         0.27 | 0.13         
  9     428     428    5179 x 7452        3.38%       77 new     351 zero         0.35 | 0.18         
  4     288     449     591 x 360        12.28%       27 new     261 zero         0.01 | 0.01         
  3      48     296     163 x 145        25.53%        0 new      48 zero         0.00 | 0.00         
  4      80     248     233 x 183        19.67%        0 new      80 zero         0.00 | 0.00         
  5      14     168     490 x 506         9.04%        0 new      14 zero         0.00 | 0.00         
  6      33     154    1288 x 1315        4.32%        2 new      31 zero         0.01 | 0.00         
  4       9     130     217 x 295        12.78%        9 new       0 zero         0.01 | 0.00         
  2      15     162      43 x 45         40.31%       14 new       1 zero         0.00 | 0.00         
  2      12     184      45 x 36         20.31%        0 new      12 zero         0.00 | 0.00         
  3      50     172     147 x 103        15.96%        2 new      48 zero         0.00 | 0.00         
  3       4     126      12 x 12         37.50%        1 new       3 zero         0.00 | 0.00         
  2       3     125       9 x 10         42.22%        1 new       2 zero         0.00 | 0.00         
  3       1     123       7 x 9          47.62%        0 new       1 zero         0.00 | 0.00         
  4       1     122      67 x 69          9.04%        0 new       1 zero         0.00 | 0.00         
  7      53     121    1697 x 1647        2.04%        0 new      53 zero         0.01 | 0.00         
  8      65      68    2386 x 2324        2.14%        0 new      65 zero         0.01 | 0.01         
  9       3       3    2413 x 2413        0.30%        0 new       3 zero         0.00 | 0.00         
------------------------------------------------------------------------------------------------------
reduce final basis       10 x 13         38.46%       10 new       0 zeroDimension of quotient: 3
[3, 2], Non trivial / Trivial = 66.67%
Density of non-trivial part 100.00%
Time spent to generate sequence (elapsed): 0.00 sec (0.01 Gops/sec)
Time spent to compute eliminating polynomial (elapsed): 0.00 sec
Elimination polynomial has degree 3.
Time for rational param:          1.32 (elapsed) sec /  0.66 sec (cpu)

------------------------------------------------------------------------------------
msolve overall time           1.34 sec (elapsed) /  0.67 sec (cpu)
------------------------------------------------------------------------------------
         0.00 | 0.00         
------------------------------------------------------------------------------------------------------

---------------- TIMINGS ---------------
overall(elapsed)        1.31 sec
overall(cpu)            0.66 sec
select                  0.18 sec  14.0%
symbolic prep.          0.40 sec  30.5%
update                  0.03 sec   2.3%
convert                 0.04 sec   2.7%
linear algebra          0.65 sec  49.9%
reduce gb               0.00 sec   0.0%
-----------------------------------------

---------- COMPUTATIONAL DATA -----------
size of basis                    10
#terms in basis                  40
#pairs reduced                 1700
#GM criterion                 57985
#redundant elements             336
#rows reduced                  3410
#zero reductions               1363
max. matrix data              15070 x 17006 (0.562%)
max. symbolic hash table size  2^15
max. basis hash table size     2^16
-----------------------------------------

MSOLVE_RESULT form=perdual p=1073741827 seed=61 k=7 degree=3 rc=0 sec=1
