# msolve run cubic9_p1073741827_s61_k0_msolve: a random cubic in 9 variables (control: smooth, profile 3*2^k; form seed 10061); slot k=0, chart t0=1, Rabinowitsch variable s for g

--------------- INPUT DATA ---------------
#variables                       2
#equations                       2
#invalid equations               0
field characteristic    1073741827
homogeneous input?               0
signature-based computation      0
monomial order                 DRL
basis hash table resetting     OFF
linear algebra option            2
initial hash table size     131072 (2^17)
max pair selection             ALL
reduce gb                        1
#threads                         1
info level                       2
generate pbm files               0
------------------------------------------

Legend for f4 information
--------------------------------------------------------
deg       current degree of pairs selected in this round
sel       number of pairs selected in this round
pairs     total number of pairs in pair list
mat       matrix dimensions (# rows x # columns)
density   density of the matrix
new data  # new elements for basis in this round
          # zero reductions during linear algebra
time(rd)  time of the current f4 round in seconds given
          for real and cpu time
--------------------------------------------------------

deg     sel   pairs        mat          density            new data         time(rd) in sec (real|cpu)
------------------------------------------------------------------------------------------------------
  4       1       1       3 x 6          66.67%        1 new       0 zero         0.00 | 0.00         
  3       1       1       3 x 6          66.67%        1 new       0 zero         0.00 | 0.00         
  3       2       2       6 x 8          50.00%        1 new       1 zero         0.00 | 0.00         
  3       1       1       5 x 7          57.14%        0 new       1 zero         0.00 | 0.00         
------------------------------------------------------------------------------------------------------
reduce final basis        3 x 6          66.67%        3 new       0 zeroDimension of quotient: 3
[3, 2], Non trivial / Trivial = 66.67%
Density of non-trivial part 100.00%
Time spent to generate sequence (elapsed): 0.00 sec (0.01 Gops/sec)
Time spent to compute eliminating polynomial (elapsed): 0.00 sec
Elimination polynomial has degree 3.
Time for rational param:          0.00 (elapsed) sec /  0.00 sec (cpu)

------------------------------------------------------------------------------------
msolve overall time           0.00 sec (elapsed) /  0.00 sec (cpu)
------------------------------------------------------------------------------------
         0.00 | 0.00         
------------------------------------------------------------------------------------------------------

---------------- TIMINGS ---------------
overall(elapsed)        0.00 sec
overall(cpu)            0.00 sec
select                  0.00 sec   6.4%
symbolic prep.          0.00 sec   3.7%
update                  0.00 sec  21.8%
convert                 0.00 sec  12.2%
linear algebra          0.00 sec   6.4%
reduce gb               0.00 sec   0.0%
-----------------------------------------

---------- COMPUTATIONAL DATA -----------
size of basis                     3
#terms in basis                  12
#pairs reduced                    5
#GM criterion                     5
#redundant elements               2
#rows reduced                    13
#zero reductions                  2
max. matrix data                  6 x 8 (50.000%)
max. symbolic hash table size  2^11
max. basis hash table size     2^16
-----------------------------------------

MSOLVE_RESULT form=cubic9 p=1073741827 seed=61 k=0 degree=3 rc=0 sec=0
