# msolve run lc_p1073741827_s61_k5_msolve: reducible l*c, l and c random in 10 variables (form seed 10061); slot k=5, chart t0=1, Rabinowitsch variable s for g

--------------- INPUT DATA ---------------
#variables                       7
#equations                       7
#invalid equations               0
field characteristic    1073741827
homogeneous input?               0
signature-based computation      0
monomial order                 DRL
basis hash table resetting     OFF
linear algebra option            2
initial hash table size     131072 (2^17)
max pair selection             ALL
reduce gb                        1
#threads                         1
info level                       2
generate pbm files               0
------------------------------------------

Legend for f4 information
--------------------------------------------------------
deg       current degree of pairs selected in this round
sel       number of pairs selected in this round
pairs     total number of pairs in pair list
mat       matrix dimensions (# rows x # columns)
density   density of the matrix
new data  # new elements for basis in this round
          # zero reductions during linear algebra
time(rd)  time of the current f4 round in seconds given
          for real and cpu time
--------------------------------------------------------

deg     sel   pairs        mat          density            new data         time(rd) in sec (real|cpu)
------------------------------------------------------------------------------------------------------
  3       4       6       5 x 84        100.00%        4 new       0 zero         0.00 | 0.00         
  4       7       7      42 x 294        28.56%        7 new       0 zero         0.01 | 0.00         
  5      20      20     149 x 630        17.36%       13 new       7 zero         0.00 | 0.00         
  6      55      55     337 x 1095       13.61%       27 new      28 zero         0.02 | 0.00         
  3       9      89      33 x 84         39.83%        5 new       4 zero         0.00 | 0.00         
  4      20      80     121 x 259        16.56%        8 new      12 zero         0.00 | 0.00         
  5      43      90     278 x 476        12.00%       15 new      28 zero         0.00 | 0.00         
  6      88      88     502 x 716        10.37%       21 new      67 zero         0.02 | 0.00         
  7     115     115     679 x 900         9.47%       38 new      77 zero         0.02 | 0.01         
  4       6     200      82 x 224        18.42%        5 new       1 zero         0.00 | 0.00         
  5      29     228     266 x 450        11.52%       10 new      19 zero         0.00 | 0.00         
  6      71     265     463 x 645        10.97%       24 new      51 zero         0.01 | 0.00         
  3       4     214      32 x 79         38.69%        3 new       1 zero         0.00 | 0.00         
  4      17     213     105 x 215        19.18%        7 new      10 zero         0.00 | 0.00         
  5      46     243     276 x 399        12.27%       14 new      32 zero         0.01 | 0.00         
  6     102     208     440 x 522        11.09%       24 new      79 zero         0.00 | 0.00         
  7     184     184     679 x 643        11.15%       24 new     179 zero         0.02 | 0.00         
  6     114     144     357 x 362        17.94%       24 new      91 zero         0.00 | 0.00         
  5     153     168     431 x 422        16.35%       25 new     128 zero         0.01 | 0.00         
  6     160     165     581 x 563        14.30%       16 new     144 zero         0.01 | 0.01         
  5     112     117     387 x 401        17.85%       22 new      90 zero         0.01 | 0.00         
  5      42     143     296 x 358        19.17%        7 new      35 zero         0.00 | 0.00         
  5      49     126     315 x 370        18.98%        7 new      42 zero         0.01 | 0.00         
  5       7     114     241 x 331        19.34%        1 new       6 zero         0.00 | 0.00         
  5       7     108     238 x 328        19.61%        1 new       6 zero         0.00 | 0.00         
  6     102     107     420 x 414        18.35%        0 new     102 zero         0.01 | 0.00         
  7       5       5     479 x 570        16.02%        0 new       5 zero         0.00 | 0.00         
------------------------------------------------------------------------------------------------------
reduce final basis      101 x 197        43.55%       94 new       0 zeroDimension of quotient: 96
[96, 48], Non trivial / Trivial = 50.00%
Density of non-trivial part 100.00%
Time spent to generate sequence (elapsed): 0.00 sec (0.67 Gops/sec)
Time spent to compute eliminating polynomial (elapsed): 0.00 sec
Elimination polynomial has degree 96.
Time for rational param:          0.19 (elapsed) sec /  0.06 sec (cpu)

------------------------------------------------------------------------------------
msolve overall time           0.19 sec (elapsed) /  0.06 sec (cpu)
------------------------------------------------------------------------------------
         0.00 | 0.00         
------------------------------------------------------------------------------------------------------

---------------- TIMINGS ---------------
overall(elapsed)        0.18 sec
overall(cpu)            0.05 sec
select                  0.04 sec  19.8%
symbolic prep.          0.02 sec   9.0%
update                  0.04 sec  21.5%
convert                 0.01 sec   5.6%
linear algebra          0.08 sec  43.4%
reduce gb               0.00 sec   0.0%
-----------------------------------------

---------- COMPUTATIONAL DATA -----------
size of basis                    94
#terms in basis                8417
#pairs reduced                 1571
#GM criterion                 62690
#redundant elements             265
#rows reduced                  3286
#zero reductions               1244
max. matrix data                679 x 900 (9.466%)
max. symbolic hash table size  2^11
max. basis hash table size     2^16
-----------------------------------------

MSOLVE_RESULT form=lc p=1073741827 seed=61 k=5 degree=96 rc=0 sec=0
