# msolve run pad16_p1073741827_s61_k7_msolve: the padded permanent x_0 * per_3(x_1..x_9) as a quartic in all 16 variables (x_10..x_15 unused): the actual GCT object; slot k=7, chart t0=1, Rabinowitsch variable s for g

--------------- INPUT DATA ---------------
#variables                       9
#equations                       9
#invalid equations               0
field characteristic    1073741827
homogeneous input?               0
signature-based computation      0
monomial order                 DRL
basis hash table resetting     OFF
linear algebra option            2
initial hash table size     131072 (2^17)
max pair selection             ALL
reduce gb                        1
#threads                         1
info level                       2
generate pbm files               0
------------------------------------------

Legend for f4 information
--------------------------------------------------------
deg       current degree of pairs selected in this round
sel       number of pairs selected in this round
pairs     total number of pairs in pair list
mat       matrix dimensions (# rows x # columns)
density   density of the matrix
new data  # new elements for basis in this round
          # zero reductions during linear algebra
time(rd)  time of the current f4 round in seconds given
          for real and cpu time
--------------------------------------------------------

deg     sel   pairs        mat          density            new data         time(rd) in sec (real|cpu)
------------------------------------------------------------------------------------------------------
  3       6       8       7 x 165       100.00%        6 new       0 zero         0.00 | 0.00         
  4      11      11      72 x 660        24.90%       11 new       0 zero         0.00 | 0.00         
  5      41      41     298 x 1656       14.54%       23 new      18 zero         0.01 | 0.01         
  6     118     118     831 x 3422       10.52%       48 new      70 zero         0.06 | 0.03         
  3      15     204      61 x 165        32.56%        9 new       6 zero         0.00 | 0.00         
  4      43     174     263 x 575        13.65%       16 new      27 zero         0.00 | 0.00         
  5     100     164     716 x 1250        9.42%       29 new      71 zero         0.02 | 0.01         
  6     215     215    1486 x 2210        7.57%       51 new     164 zero         0.06 | 0.03         
  7     366     366    2441 x 3294        6.19%       90 new     276 zero         0.13 | 0.07         
  4     125     273     390 x 509        16.23%       58 new      67 zero         0.02 | 0.01         
  5     425     536    1187 x 970         9.69%       27 new     398 zero         0.03 | 0.02         
  2       6     283      30 x 45         30.22%        6 new       0 zero         0.00 | 0.00         
  3      47     292     138 x 119        28.00%       22 new      25 zero         0.01 | 0.00         
  3      45     230      85 x 46         19.36%        0 new      45 zero         0.00 | 0.00         
  4      59     185     297 x 250        12.46%        2 new      57 zero         0.00 | 0.00         
  3      10     136      42 x 42         25.51%        4 new       6 zero         0.00 | 0.00         
  2       6     147      27 x 28         33.20%        1 new       5 zero         0.00 | 0.00         
  3      19     145      56 x 43         18.85%        0 new      19 zero         0.00 | 0.00         
  5      15     126     219 x 210         6.52%        0 new      15 zero         0.00 | 0.00         
  6      59     111    1018 x 965         4.19%        0 new      59 zero         0.01 | 0.00         
  7      52      52    1089 x 1043        3.63%        0 new      52 zero         0.01 | 0.00         
------------------------------------------------------------------------------------------------------
reduce final basis       21 x 27         31.39%       19 new       0 zeroDimension of quotient: 6
[6, 5], Non trivial / Trivial = 83.33%
Density of non-trivial part 100.00%
Time spent to generate sequence (elapsed): 0.00 sec (0.02 Gops/sec)
Time spent to compute eliminating polynomial (elapsed): 0.00 sec
Elimination polynomial has degree 6.
Time for rational param:          0.37 (elapsed) sec /  0.18 sec (cpu)

------------------------------------------------------------------------------------
msolve overall time           0.37 sec (elapsed) /  0.18 sec (cpu)
------------------------------------------------------------------------------------
         0.00 | 0.00         
------------------------------------------------------------------------------------------------------

---------------- TIMINGS ---------------
overall(elapsed)        0.36 sec
overall(cpu)            0.18 sec
select                  0.05 sec  13.4%
symbolic prep.          0.05 sec  13.4%
update                  0.06 sec  16.2%
convert                 0.01 sec   3.2%
linear algebra          0.19 sec  53.4%
reduce gb               0.00 sec   0.0%
-----------------------------------------

---------- COMPUTATIONAL DATA -----------
size of basis                    19
#terms in basis                 133
#pairs reduced                 1783
#GM criterion                 82883
#redundant elements             393
#rows reduced                  3585
#zero reductions               1380
max. matrix data               2441 x 3294 (6.186%)
max. symbolic hash table size  2^13
max. basis hash table size     2^16
-----------------------------------------

MSOLVE_RESULT form=pad16 p=1073741827 seed=61 k=7 degree=6 rc=0 sec=0
