# msolve run cubic9_p1073741827_s61_k4_msolve: a random cubic in 9 variables (control: smooth, profile 3*2^k; form seed 10061); slot k=4, chart t0=1, Rabinowitsch variable s for g

--------------- INPUT DATA ---------------
#variables                       6
#equations                       6
#invalid equations               0
field characteristic    1073741827
homogeneous input?               0
signature-based computation      0
monomial order                 DRL
basis hash table resetting     OFF
linear algebra option            2
initial hash table size     131072 (2^17)
max pair selection             ALL
reduce gb                        1
#threads                         1
info level                       2
generate pbm files               0
------------------------------------------

Legend for f4 information
--------------------------------------------------------
deg       current degree of pairs selected in this round
sel       number of pairs selected in this round
pairs     total number of pairs in pair list
mat       matrix dimensions (# rows x # columns)
density   density of the matrix
new data  # new elements for basis in this round
          # zero reductions during linear algebra
time(rd)  time of the current f4 round in seconds given
          for real and cpu time
--------------------------------------------------------

deg     sel   pairs        mat          density            new data         time(rd) in sec (real|cpu)
------------------------------------------------------------------------------------------------------
  2       3       5       4 x 21        100.00%        3 new       0 zero         0.00 | 0.00         
  3       6       6      30 x 77         26.10%        6 new       0 zero         0.00 | 0.00         
  4      17      17      92 x 152        15.54%       10 new       7 zero         0.01 | 0.00         
  5      40      40     177 x 224        12.93%       15 new      25 zero         0.00 | 0.00         
  6      66      66     238 x 249        13.42%       13 new      53 zero         0.00 | 0.00         
  5      45      65     151 x 164        20.93%       10 new      35 zero         0.00 | 0.00         
  5      56      60     187 x 196        18.83%       11 new      45 zero         0.00 | 0.00         
  5      50      59     184 x 188        20.06%        5 new      45 zero         0.00 | 0.00         
  4      30      39     141 x 166        21.57%        6 new      24 zero         0.00 | 0.00         
  5      31      35     155 x 173        22.51%        1 new      30 zero         0.00 | 0.00         
  4       6      10     110 x 153        23.23%        1 new       5 zero         0.02 | 0.00         
  5       5       9     114 x 157        23.13%        0 new       5 zero         0.00 | 0.00         
  6       4       4     116 x 160        27.66%        0 new       4 zero         0.00 | 0.00         
------------------------------------------------------------------------------------------------------
reduce final basis       48 x 96         46.92%       48 new       0 zeroDimension of quotient: 48
[48, 25], Non trivial / Trivial = 52.08%
Density of non-trivial part 97.42%
Time spent to generate sequence (elapsed): 0.00 sec (0.17 Gops/sec)
Time spent to compute eliminating polynomial (elapsed): 0.00 sec
Elimination polynomial has degree 48.
Time for rational param:          0.04 (elapsed) sec /  0.01 sec (cpu)

------------------------------------------------------------------------------------
msolve overall time           0.04 sec (elapsed) /  0.01 sec (cpu)
------------------------------------------------------------------------------------
         0.00 | 0.00         
------------------------------------------------------------------------------------------------------

---------------- TIMINGS ---------------
overall(elapsed)        0.03 sec
overall(cpu)            0.01 sec
select                  0.00 sec   2.3%
symbolic prep.          0.00 sec   2.4%
update                  0.01 sec  40.1%
convert                 0.00 sec   1.3%
linear algebra          0.02 sec  53.0%
reduce gb               0.00 sec   0.0%
-----------------------------------------

---------- COMPUTATIONAL DATA -----------
size of basis                    48
#terms in basis                2197
#pairs reduced                  359
#GM criterion                  3382
#redundant elements              39
#rows reduced                   766
#zero reductions                278
max. matrix data                238 x 249 (13.418%)
max. symbolic hash table size  2^11
max. basis hash table size     2^16
-----------------------------------------

MSOLVE_RESULT form=cubic9 p=1073741827 seed=61 k=4 degree=48 rc=0 sec=0
