# msolve run per3_p1000003_s62_k6_msolve: per_3 of the generic 3x3 matrix, 9 variables; slot k=6, chart t0=1, Rabinowitsch variable s for g

--------------- INPUT DATA ---------------
#variables                       8
#equations                       8
#invalid equations               0
field characteristic       1000003
homogeneous input?               0
signature-based computation      0
monomial order                 DRL
basis hash table resetting     OFF
linear algebra option            2
initial hash table size     131072 (2^17)
max pair selection             ALL
reduce gb                        1
#threads                         1
info level                       2
generate pbm files               0
------------------------------------------

Legend for f4 information
--------------------------------------------------------
deg       current degree of pairs selected in this round
sel       number of pairs selected in this round
pairs     total number of pairs in pair list
mat       matrix dimensions (# rows x # columns)
density   density of the matrix
new data  # new elements for basis in this round
          # zero reductions during linear algebra
time(rd)  time of the current f4 round in seconds given
          for real and cpu time
--------------------------------------------------------

deg     sel   pairs        mat          density            new data         time(rd) in sec (real|cpu)
------------------------------------------------------------------------------------------------------
  2       5       7       6 x 36        100.00%        5 new       0 zero         0.00 | 0.00         
  3      10      10      56 x 156        21.47%       10 new       0 zero         0.00 | 0.00         
  4      37      37     209 x 375        12.63%       19 new      18 zero         0.00 | 0.00         
  5      97      97     504 x 693         9.51%       33 new      64 zero         0.00 | 0.00         
  6     198     198     861 x 985         8.81%       42 new     156 zero         0.02 | 0.01         
  4      76     156     239 x 315        18.57%       43 new      33 zero         0.01 | 0.00         
  5     327     345     767 x 560        12.61%       35 new     293 zero         0.02 | 0.01         
  4     118     237     355 x 323        16.48%       30 new      88 zero         0.00 | 0.00         
  4     161     220     385 x 277        15.57%       20 new     141 zero         0.01 | 0.00         
  3      40     178     153 x 154        25.55%        8 new      32 zero         0.00 | 0.00         
  3      24     190     134 x 143        24.38%        3 new      21 zero         0.00 | 0.00         
  3       8     181     112 x 135        24.87%        1 new       7 zero         0.00 | 0.00         
  4     147     180     353 x 228        15.28%        0 new     155 zero         0.01 | 0.00         
  5      15      33     155 x 170        21.46%        0 new      15 zero         0.00 | 0.00         
  6      18      18     442 x 454         9.12%        0 new      18 zero         0.00 | 0.00         
------------------------------------------------------------------------------------------------------
reduce final basis       59 x 89         38.18%       55 new       0 zeroDimension of quotient: 30
[30, 21], Non trivial / Trivial = 70.00%
Density of non-trivial part 100.00%
Time spent to generate sequence (elapsed): 0.00 sec (0.08 Gops/sec)
Time spent to compute eliminating polynomial (elapsed): 0.00 sec
Elimination polynomial has degree 30.
Time for rational param:          0.06 (elapsed) sec /  0.03 sec (cpu)

------------------------------------------------------------------------------------
msolve overall time           0.06 sec (elapsed) /  0.03 sec (cpu)
------------------------------------------------------------------------------------
         0.00 | 0.00         
------------------------------------------------------------------------------------------------------

---------------- TIMINGS ---------------
overall(elapsed)        0.06 sec
overall(cpu)            0.03 sec
select                  0.01 sec  13.5%
symbolic prep.          0.00 sec   5.2%
update                  0.01 sec  19.2%
convert                 0.00 sec   1.3%
linear algebra          0.04 sec  60.0%
reduce gb               0.00 sec   0.0%
-----------------------------------------

---------- COMPUTATIONAL DATA -----------
size of basis                    55
#terms in basis                1705
#pairs reduced                 1281
#GM criterion                 31615
#redundant elements             202
#rows reduced                  2635
#zero reductions               1041
max. matrix data                861 x 985 (8.808%)
max. symbolic hash table size  2^11
max. basis hash table size     2^16
-----------------------------------------

MSOLVE_RESULT form=per3 p=1000003 seed=62 k=6 degree=30 rc=0 sec=0
