// ** redefining genericid (LIB "random.lib";) analysis/wk9_s61_dualnodes.sing:6
// ** redefining genericid (LIB "random.lib";) analysis/wk9_s61_dualnodes.sing:6
// ** redefining randomid (LIB "random.lib";) analysis/wk9_s61_dualnodes.sing:6
// ** redefining randomid (LIB "random.lib";) analysis/wk9_s61_dualnodes.sing:6
// ** redefining randommat (LIB "random.lib";) analysis/wk9_s61_dualnodes.sing:6
// ** redefining randommat (LIB "random.lib";) analysis/wk9_s61_dualnodes.sing:6
// ** redefining sparseid (LIB "random.lib";) analysis/wk9_s61_dualnodes.sing:6
// ** redefining sparseid (LIB "random.lib";) analysis/wk9_s61_dualnodes.sing:6
// ** redefining sparseHomogIdeal (LIB "random.lib";) analysis/wk9_s61_dualnodes.sing:6
// ** redefining sparseHomogIdeal (LIB "random.lib";) analysis/wk9_s61_dualnodes.sing:6
// ** redefining sparsemat (LIB "random.lib";) analysis/wk9_s61_dualnodes.sing:6
// ** redefining sparsemat (LIB "random.lib";) analysis/wk9_s61_dualnodes.sing:6
// ** redefining sparsematrix (LIB "random.lib";) analysis/wk9_s61_dualnodes.sing:6
// ** redefining sparsematrix (LIB "random.lib";) analysis/wk9_s61_dualnodes.sing:6
// ** redefining sparsepoly (LIB "random.lib";) analysis/wk9_s61_dualnodes.sing:6
// ** redefining sparsepoly (LIB "random.lib";) analysis/wk9_s61_dualnodes.sing:6
// ** redefining sparsetriag (LIB "random.lib";) analysis/wk9_s61_dualnodes.sing:6
// ** redefining sparsetriag (LIB "random.lib";) analysis/wk9_s61_dualnodes.sing:6
// ** redefining triagmatrix (LIB "random.lib";) analysis/wk9_s61_dualnodes.sing:6
// ** redefining triagmatrix (LIB "random.lib";) analysis/wk9_s61_dualnodes.sing:6
// ** redefining randomLast (LIB "random.lib";) analysis/wk9_s61_dualnodes.sing:6
// ** redefining randomLast (LIB "random.lib";) analysis/wk9_s61_dualnodes.sing:6
// ** redefining randomBinomial (LIB "random.lib";) analysis/wk9_s61_dualnodes.sing:6
// ** redefining randomBinomial (LIB "random.lib";) analysis/wk9_s61_dualnodes.sing:6
p=32003 seed=61: singular scheme of the sextic surface: affine dim 1, degree 51, radical degree 51; rank<=2 Hessian locus on it: affine dim 0 (0 = empty projectively, so every singular point is an ordinary node)
p=1000003 seed=62: singular scheme of the sextic surface: affine dim 1, degree 51, radical degree 51; rank<=2 Hessian locus on it: affine dim 0 (0 = empty projectively, so every singular point is an ordinary node)
p=1000003 seed=63: singular scheme of the sextic surface: affine dim 1, degree 51, radical degree 51; rank<=2 Hessian locus on it: affine dim 0 (0 = empty projectively, so every singular point is an ordinary node)
