# msolve run det3_p1073741827_s61_k5_msolve: det_3 of the generic 3x3 matrix, 9 variables (control: profile (3,6,12,12,6,0,0,0)); slot k=5, chart t0=1, Rabinowitsch variable s for g

--------------- INPUT DATA ---------------
#variables                       7
#equations                       7
#invalid equations               0
field characteristic    1073741827
homogeneous input?               0
signature-based computation      0
monomial order                 DRL
basis hash table resetting     OFF
linear algebra option            2
initial hash table size     131072 (2^17)
max pair selection             ALL
reduce gb                        1
#threads                         1
info level                       2
generate pbm files               0
------------------------------------------

Legend for f4 information
--------------------------------------------------------
deg       current degree of pairs selected in this round
sel       number of pairs selected in this round
pairs     total number of pairs in pair list
mat       matrix dimensions (# rows x # columns)
density   density of the matrix
new data  # new elements for basis in this round
          # zero reductions during linear algebra
time(rd)  time of the current f4 round in seconds given
          for real and cpu time
--------------------------------------------------------

deg     sel   pairs        mat          density            new data         time(rd) in sec (real|cpu)
------------------------------------------------------------------------------------------------------
  2       4       6       5 x 28        100.00%        4 new       0 zero         0.00 | 0.00         
  3       8       8      42 x 112        23.49%        8 new       0 zero         0.00 | 0.00         
  4      26      26     145 x 247        13.78%       13 new      13 zero         0.00 | 0.00         
  5      67      67     290 x 395        10.63%       18 new      49 zero         0.00 | 0.00         
  3      45      63     113 x 100        18.85%       11 new      34 zero         0.00 | 0.00         
  3      25      55      69 x 62         21.55%        8 new      17 zero         0.00 | 0.00         
------------------------------------------------------------------------------------------------------
reduce final basis        1 x 1         100.00%        1 new       0 zeroTime for rational param:          0.01 (elapsed) sec /  0.00 sec (cpu)

------------------------------------------------------------------------------------
msolve overall time           0.01 sec (elapsed) /  0.00 sec (cpu)
------------------------------------------------------------------------------------
         0.00 | 0.00         
------------------------------------------------------------------------------------------------------

---------------- TIMINGS ---------------
overall(elapsed)        0.01 sec
overall(cpu)            0.00 sec
select                  0.00 sec   5.8%
symbolic prep.          0.00 sec   4.3%
update                  0.00 sec  75.2%
convert                 0.00 sec   3.4%
linear algebra          0.00 sec   8.8%
reduce gb               0.00 sec   0.0%
-----------------------------------------

---------- COMPUTATIONAL DATA -----------
size of basis                     1
#terms in basis                   1
#pairs reduced                  175
#GM criterion                  2130
#redundant elements              68
#rows reduced                   351
#zero reductions                113
max. matrix data                290 x 395 (10.633%)
max. symbolic hash table size  2^11
max. basis hash table size     2^16
-----------------------------------------

Grobner basis has a single element
No solution
MSOLVE_RESULT form=det3 p=1073741827 seed=61 k=5 degree=0 rc=0 sec=0
