PASS        results/certs/10_8_7_1_1_1_d7_int.json.gz  (4.2s)  s42/s47 lift: 1 integer HWV(s) of weight (10, 8, 7, 1, 1, 1) in degree 7 in I(R_6)
    [ok  ] cell: n = 4 — n = 4
    [ok  ] cell: length(lambda) = r — lambda (10, 8, 7, 1, 1, 1), r 6
    [ok  ] cell: lambda weakly decreasing
    [ok  ] cell: |lambda| = n*delta — 28 vs 4*7
    [ok  ] cell: a recomputed (Weyl alternation) — recomputed 3, claimed 3
    [ok  ] vectors parsed — 1 vector(s), supports [16344], integer coefficients
    [ok  ] vector 0: shape, degree, canonical terms, weight = lambda
    [ok  ] vector 0: annihilated by every E_(i,i+1) over Z
    [ok  ] vectors linearly independent — rank 1 over Q (flint, exact)
    [ok  ] vector 0: (star) support for k = 1 (Theorem (star): lies in I({l^1 c}))
    [ok  ] vanishes at 6 fresh padded_permanent points (seed 20260905)
    [ok  ] vanishes at 6 fresh reducible points (seed 20260905)
    [ok  ] evaluation at 6 fresh generic points (seed 20260905) has full row rank — rank 1 of 1
    [ok  ] evaluation at 6 fresh det_pencil points (seed 20260905) has full row rank — rank 1 of 1
PASS        results/certs/11_10_8_1_1_1_d8_pad_p2147483629_vec1_modp.json.gz  (20.4s)  s41/s43 pad-side kernel vector: mod-2147483629 HWV of weight (11, 10, 8, 1, 1, 1) in degree 8 vanishing on the pad side (11_10_8_1_1_1_d8_pad_p2147483629_vec1)
    [ok  ] cell: n = 4 — n = 4
    [ok  ] cell: length(lambda) = r — lambda (11, 10, 8, 1, 1, 1), r 6
    [ok  ] cell: lambda weakly decreasing
    [ok  ] cell: |lambda| = n*delta — 32 vs 4*8
    [ok  ] cell: a recomputed (Weyl alternation) — recomputed 4, claimed 4
    [ok  ] vectors parsed — 1 vector(s), supports [72948], modulus 2147483629
    [ok  ] vector 0: shape, degree, canonical terms, weight = lambda
    [ok  ] vector 0: annihilated by every E_(i,i+1) mod 2147483629
    [ok  ] vectors linearly independent — rank 1 mod 2147483629
    [ok  ] vector 0: (star) support for k = 1 (Theorem (star): lies in I({l^1 c}))
    [ok  ] vanishes at 6 fresh padded_permanent points (seed 20260905)
    [ok  ] vanishes at 6 fresh reducible points (seed 20260905)
    [ok  ] evaluation at 6 fresh generic points (seed 20260905) has full row rank — rank 1 of 1
    [ok  ] evaluation at 6 fresh det_pencil points (seed 20260905) has full row rank — rank 1 of 1
PASS        results/certs/11_10_8_1_1_1_d8_pad_p2147483629_vec2_modp.json.gz  (23.5s)  s41/s43 pad-side kernel vector: mod-2147483629 HWV of weight (11, 10, 8, 1, 1, 1) in degree 8 vanishing on the pad side (11_10_8_1_1_1_d8_pad_p2147483629_vec2)
    [ok  ] cell: n = 4 — n = 4
    [ok  ] cell: length(lambda) = r — lambda (11, 10, 8, 1, 1, 1), r 6
    [ok  ] cell: lambda weakly decreasing
    [ok  ] cell: |lambda| = n*delta — 32 vs 4*8
    [ok  ] cell: a recomputed (Weyl alternation) — recomputed 4, claimed 4
    [ok  ] vectors parsed — 1 vector(s), supports [84720], modulus 2147483629
    [ok  ] vector 0: shape, degree, canonical terms, weight = lambda
    [ok  ] vector 0: annihilated by every E_(i,i+1) mod 2147483629
    [ok  ] vectors linearly independent — rank 1 mod 2147483629
    [ok  ] vector 0: (star) support for k = 1 (Theorem (star): lies in I({l^1 c}))
    [ok  ] vanishes at 6 fresh padded_permanent points (seed 20260905)
    [ok  ] vanishes at 6 fresh reducible points (seed 20260905)
    [ok  ] evaluation at 6 fresh generic points (seed 20260905) has full row rank — rank 1 of 1
    [ok  ] evaluation at 6 fresh det_pencil points (seed 20260905) has full row rank — rank 1 of 1
PASS        results/certs/11_10_8_1_1_1_d8_pad_p2147483647_vec1_modp.json.gz  (20.0s)  s41/s43 pad-side kernel vector: mod-2147483647 HWV of weight (11, 10, 8, 1, 1, 1) in degree 8 vanishing on the pad side (11_10_8_1_1_1_d8_pad_p2147483647_vec1)
    [ok  ] cell: n = 4 — n = 4
    [ok  ] cell: length(lambda) = r — lambda (11, 10, 8, 1, 1, 1), r 6
    [ok  ] cell: lambda weakly decreasing
    [ok  ] cell: |lambda| = n*delta — 32 vs 4*8
    [ok  ] cell: a recomputed (Weyl alternation) — recomputed 4, claimed 4
    [ok  ] vectors parsed — 1 vector(s), supports [72948], modulus 2147483647
    [ok  ] vector 0: shape, degree, canonical terms, weight = lambda
    [ok  ] vector 0: annihilated by every E_(i,i+1) mod 2147483647
    [ok  ] vectors linearly independent — rank 1 mod 2147483647
    [ok  ] vector 0: (star) support for k = 1 (Theorem (star): lies in I({l^1 c}))
    [ok  ] vanishes at 6 fresh padded_permanent points (seed 20260905)
    [ok  ] vanishes at 6 fresh reducible points (seed 20260905)
    [ok  ] evaluation at 6 fresh generic points (seed 20260905) has full row rank — rank 1 of 1
    [ok  ] evaluation at 6 fresh det_pencil points (seed 20260905) has full row rank — rank 1 of 1
PASS        results/certs/11_10_8_1_1_1_d8_pad_p2147483647_vec2_modp.json.gz  (21.4s)  s41/s43 pad-side kernel vector: mod-2147483647 HWV of weight (11, 10, 8, 1, 1, 1) in degree 8 vanishing on the pad side (11_10_8_1_1_1_d8_pad_p2147483647_vec2)
    [ok  ] cell: n = 4 — n = 4
    [ok  ] cell: length(lambda) = r — lambda (11, 10, 8, 1, 1, 1), r 6
    [ok  ] cell: lambda weakly decreasing
    [ok  ] cell: |lambda| = n*delta — 32 vs 4*8
    [ok  ] cell: a recomputed (Weyl alternation) — recomputed 4, claimed 4
    [ok  ] vectors parsed — 1 vector(s), supports [84720], modulus 2147483647
    [ok  ] vector 0: shape, degree, canonical terms, weight = lambda
    [ok  ] vector 0: annihilated by every E_(i,i+1) mod 2147483647
    [ok  ] vectors linearly independent — rank 1 mod 2147483647
    [ok  ] vector 0: (star) support for k = 1 (Theorem (star): lies in I({l^1 c}))
    [ok  ] vanishes at 6 fresh padded_permanent points (seed 20260905)
    [ok  ] vanishes at 6 fresh reducible points (seed 20260905)
    [ok  ] evaluation at 6 fresh generic points (seed 20260905) has full row rank — rank 1 of 1
    [ok  ] evaluation at 6 fresh det_pencil points (seed 20260905) has full row rank — rank 1 of 1
PASS        results/certs/11_9_9_1_1_1_d8_int.json.gz  (37.3s)  s42/s47 lift: 2 integer HWV(s) of weight (11, 9, 9, 1, 1, 1) in degree 8 in I(R_6)
    [ok  ] cell: n = 4 — n = 4
    [ok  ] cell: length(lambda) = r — lambda (11, 9, 9, 1, 1, 1), r 6
    [ok  ] cell: lambda weakly decreasing
    [ok  ] cell: |lambda| = n*delta — 32 vs 4*8
    [ok  ] cell: a recomputed (Weyl alternation) — recomputed 3, claimed 3
    [ok  ] vectors parsed — 2 vector(s), supports [85296, 66756], integer coefficients
    [ok  ] vector 0: shape, degree, canonical terms, weight = lambda
    [ok  ] vector 0: annihilated by every E_(i,i+1) over Z
    [ok  ] vector 1: shape, degree, canonical terms, weight = lambda
    [ok  ] vector 1: annihilated by every E_(i,i+1) over Z
    [ok  ] vectors linearly independent — rank 2 over Q (flint, exact)
    [ok  ] vector 0: (star) support for k = 1 (Theorem (star): lies in I({l^1 c}))
    [ok  ] vector 1: (star) support for k = 1 (Theorem (star): lies in I({l^1 c}))
    [ok  ] vanishes at 6 fresh padded_permanent points (seed 20260905)
    [ok  ] vanishes at 6 fresh reducible points (seed 20260905)
    [ok  ] evaluation at 6 fresh generic points (seed 20260905) has full row rank — rank 2 of 2
    [ok  ] evaluation at 6 fresh det_pencil points (seed 20260905) has full row rank — rank 2 of 2
PASS        results/certs/11_9_9_1_1_1_d8_pad_p2147483629_vec1_modp.json.gz  (22.0s)  s41/s43 pad-side kernel vector: mod-2147483629 HWV of weight (11, 9, 9, 1, 1, 1) in degree 8 vanishing on the pad side (11_9_9_1_1_1_d8_pad_p2147483629_vec1)
    [ok  ] cell: n = 4 — n = 4
    [ok  ] cell: length(lambda) = r — lambda (11, 9, 9, 1, 1, 1), r 6
    [ok  ] cell: lambda weakly decreasing
    [ok  ] cell: |lambda| = n*delta — 32 vs 4*8
    [ok  ] cell: a recomputed (Weyl alternation) — recomputed 3, claimed 3
    [ok  ] vectors parsed — 1 vector(s), supports [85746], modulus 2147483629
    [ok  ] vector 0: shape, degree, canonical terms, weight = lambda
    [ok  ] vector 0: annihilated by every E_(i,i+1) mod 2147483629
    [ok  ] vectors linearly independent — rank 1 mod 2147483629
    [ok  ] vector 0: (star) support for k = 1 (Theorem (star): lies in I({l^1 c}))
    [ok  ] vanishes at 6 fresh padded_permanent points (seed 20260905)
    [ok  ] vanishes at 6 fresh reducible points (seed 20260905)
    [ok  ] evaluation at 6 fresh generic points (seed 20260905) has full row rank — rank 1 of 1
    [ok  ] evaluation at 6 fresh det_pencil points (seed 20260905) has full row rank — rank 1 of 1
PASS        results/certs/11_9_9_1_1_1_d8_pad_p2147483629_vec2_modp.json.gz  (19.2s)  s41/s43 pad-side kernel vector: mod-2147483629 HWV of weight (11, 9, 9, 1, 1, 1) in degree 8 vanishing on the pad side (11_9_9_1_1_1_d8_pad_p2147483629_vec2)
    [ok  ] cell: n = 4 — n = 4
    [ok  ] cell: length(lambda) = r — lambda (11, 9, 9, 1, 1, 1), r 6
    [ok  ] cell: lambda weakly decreasing
    [ok  ] cell: |lambda| = n*delta — 32 vs 4*8
    [ok  ] cell: a recomputed (Weyl alternation) — recomputed 3, claimed 3
    [ok  ] vectors parsed — 1 vector(s), supports [73278], modulus 2147483629
    [ok  ] vector 0: shape, degree, canonical terms, weight = lambda
    [ok  ] vector 0: annihilated by every E_(i,i+1) mod 2147483629
    [ok  ] vectors linearly independent — rank 1 mod 2147483629
    [ok  ] vector 0: (star) support for k = 1 (Theorem (star): lies in I({l^1 c}))
    [ok  ] vanishes at 6 fresh padded_permanent points (seed 20260905)
    [ok  ] vanishes at 6 fresh reducible points (seed 20260905)
    [ok  ] evaluation at 6 fresh generic points (seed 20260905) has full row rank — rank 1 of 1
    [ok  ] evaluation at 6 fresh det_pencil points (seed 20260905) has full row rank — rank 1 of 1
PASS        results/certs/11_9_9_1_1_1_d8_pad_p2147483647_vec1_modp.json.gz  (23.4s)  s41/s43 pad-side kernel vector: mod-2147483647 HWV of weight (11, 9, 9, 1, 1, 1) in degree 8 vanishing on the pad side (11_9_9_1_1_1_d8_pad_p2147483647_vec1)
    [ok  ] cell: n = 4 — n = 4
    [ok  ] cell: length(lambda) = r — lambda (11, 9, 9, 1, 1, 1), r 6
    [ok  ] cell: lambda weakly decreasing
    [ok  ] cell: |lambda| = n*delta — 32 vs 4*8
    [ok  ] cell: a recomputed (Weyl alternation) — recomputed 3, claimed 3
    [ok  ] vectors parsed — 1 vector(s), supports [85746], modulus 2147483647
    [ok  ] vector 0: shape, degree, canonical terms, weight = lambda
    [ok  ] vector 0: annihilated by every E_(i,i+1) mod 2147483647
    [ok  ] vectors linearly independent — rank 1 mod 2147483647
    [ok  ] vector 0: (star) support for k = 1 (Theorem (star): lies in I({l^1 c}))
    [ok  ] vanishes at 6 fresh padded_permanent points (seed 20260905)
    [ok  ] vanishes at 6 fresh reducible points (seed 20260905)
    [ok  ] evaluation at 6 fresh generic points (seed 20260905) has full row rank — rank 1 of 1
    [ok  ] evaluation at 6 fresh det_pencil points (seed 20260905) has full row rank — rank 1 of 1
PASS        results/certs/11_9_9_1_1_1_d8_pad_p2147483647_vec2_modp.json.gz  (18.8s)  s41/s43 pad-side kernel vector: mod-2147483647 HWV of weight (11, 9, 9, 1, 1, 1) in degree 8 vanishing on the pad side (11_9_9_1_1_1_d8_pad_p2147483647_vec2)
    [ok  ] cell: n = 4 — n = 4
    [ok  ] cell: length(lambda) = r — lambda (11, 9, 9, 1, 1, 1), r 6
    [ok  ] cell: lambda weakly decreasing
    [ok  ] cell: |lambda| = n*delta — 32 vs 4*8
    [ok  ] cell: a recomputed (Weyl alternation) — recomputed 3, claimed 3
    [ok  ] vectors parsed — 1 vector(s), supports [73278], modulus 2147483647
    [ok  ] vector 0: shape, degree, canonical terms, weight = lambda
    [ok  ] vector 0: annihilated by every E_(i,i+1) mod 2147483647
    [ok  ] vectors linearly independent — rank 1 mod 2147483647
    [ok  ] vector 0: (star) support for k = 1 (Theorem (star): lies in I({l^1 c}))
    [ok  ] vanishes at 6 fresh padded_permanent points (seed 20260905)
    [ok  ] vanishes at 6 fresh reducible points (seed 20260905)
    [ok  ] evaluation at 6 fresh generic points (seed 20260905) has full row rank — rank 1 of 1
    [ok  ] evaluation at 6 fresh det_pencil points (seed 20260905) has full row rank — rank 1 of 1
PASS        results/certs/12_10_7_1_1_1_d8_int.json.gz  (24.4s)  s42/s47 lift: 2 integer HWV(s) of weight (12, 10, 7, 1, 1, 1) in degree 8 in I(R_6)
    [ok  ] cell: n = 4 — n = 4
    [ok  ] cell: length(lambda) = r — lambda (12, 10, 7, 1, 1, 1), r 6
    [ok  ] cell: lambda weakly decreasing
    [ok  ] cell: |lambda| = n*delta — 32 vs 4*8
    [ok  ] cell: a recomputed (Weyl alternation) — recomputed 9, claimed 9
    [ok  ] vectors parsed — 2 vector(s), supports [39216, 62820], integer coefficients
    [ok  ] vector 0: shape, degree, canonical terms, weight = lambda
    [ok  ] vector 0: annihilated by every E_(i,i+1) over Z
    [ok  ] vector 1: shape, degree, canonical terms, weight = lambda
    [ok  ] vector 1: annihilated by every E_(i,i+1) over Z
    [ok  ] vectors linearly independent — rank 2 over Q (flint, exact)
    [ok  ] vector 0: (star) support for k = 1 (Theorem (star): lies in I({l^1 c}))
    [ok  ] vector 1: (star) support for k = 1 (Theorem (star): lies in I({l^1 c}))
    [ok  ] vanishes at 6 fresh padded_permanent points (seed 20260905)
    [ok  ] vanishes at 6 fresh reducible points (seed 20260905)
    [ok  ] evaluation at 6 fresh generic points (seed 20260905) has full row rank — rank 2 of 2
    [ok  ] evaluation at 6 fresh det_pencil points (seed 20260905) has full row rank — rank 2 of 2
PASS        results/certs/12_10_7_1_1_1_d8_pad_p2147483629_vec1_modp.json.gz  (10.4s)  s41/s43 pad-side kernel vector: mod-2147483629 HWV of weight (12, 10, 7, 1, 1, 1) in degree 8 vanishing on the pad side (12_10_7_1_1_1_d8_pad_p2147483629_vec1)
    [ok  ] cell: n = 4 — n = 4
    [ok  ] cell: length(lambda) = r — lambda (12, 10, 7, 1, 1, 1), r 6
    [ok  ] cell: lambda weakly decreasing
    [ok  ] cell: |lambda| = n*delta — 32 vs 4*8
    [ok  ] cell: a recomputed (Weyl alternation) — recomputed 9, claimed 9
    [ok  ] vectors parsed — 1 vector(s), supports [39216], modulus 2147483629
    [ok  ] vector 0: shape, degree, canonical terms, weight = lambda
    [ok  ] vector 0: annihilated by every E_(i,i+1) mod 2147483629
    [ok  ] vectors linearly independent — rank 1 mod 2147483629
    [ok  ] vector 0: (star) support for k = 1 (Theorem (star): lies in I({l^1 c}))
    [ok  ] vanishes at 6 fresh padded_permanent points (seed 20260905)
    [ok  ] vanishes at 6 fresh reducible points (seed 20260905)
    [ok  ] evaluation at 6 fresh generic points (seed 20260905) has full row rank — rank 1 of 1
    [ok  ] evaluation at 6 fresh det_pencil points (seed 20260905) has full row rank — rank 1 of 1
PASS        results/certs/12_10_7_1_1_1_d8_pad_p2147483629_vec2_modp.json.gz  (17.2s)  s41/s43 pad-side kernel vector: mod-2147483629 HWV of weight (12, 10, 7, 1, 1, 1) in degree 8 vanishing on the pad side (12_10_7_1_1_1_d8_pad_p2147483629_vec2)
    [ok  ] cell: n = 4 — n = 4
    [ok  ] cell: length(lambda) = r — lambda (12, 10, 7, 1, 1, 1), r 6
    [ok  ] cell: lambda weakly decreasing
    [ok  ] cell: |lambda| = n*delta — 32 vs 4*8
    [ok  ] cell: a recomputed (Weyl alternation) — recomputed 9, claimed 9
    [ok  ] vectors parsed — 1 vector(s), supports [66798], modulus 2147483629
    [ok  ] vector 0: shape, degree, canonical terms, weight = lambda
    [ok  ] vector 0: annihilated by every E_(i,i+1) mod 2147483629
    [ok  ] vectors linearly independent — rank 1 mod 2147483629
    [ok  ] vector 0: (star) support for k = 1 (Theorem (star): lies in I({l^1 c}))
    [ok  ] vanishes at 6 fresh padded_permanent points (seed 20260905)
    [ok  ] vanishes at 6 fresh reducible points (seed 20260905)
    [ok  ] evaluation at 6 fresh generic points (seed 20260905) has full row rank — rank 1 of 1
    [ok  ] evaluation at 6 fresh det_pencil points (seed 20260905) has full row rank — rank 1 of 1
PASS        results/certs/12_10_7_1_1_1_d8_pad_p2147483647_vec1_modp.json.gz  (10.6s)  s41/s43 pad-side kernel vector: mod-2147483647 HWV of weight (12, 10, 7, 1, 1, 1) in degree 8 vanishing on the pad side (12_10_7_1_1_1_d8_pad_p2147483647_vec1)
    [ok  ] cell: n = 4 — n = 4
    [ok  ] cell: length(lambda) = r — lambda (12, 10, 7, 1, 1, 1), r 6
    [ok  ] cell: lambda weakly decreasing
    [ok  ] cell: |lambda| = n*delta — 32 vs 4*8
    [ok  ] cell: a recomputed (Weyl alternation) — recomputed 9, claimed 9
    [ok  ] vectors parsed — 1 vector(s), supports [39216], modulus 2147483647
    [ok  ] vector 0: shape, degree, canonical terms, weight = lambda
    [ok  ] vector 0: annihilated by every E_(i,i+1) mod 2147483647
    [ok  ] vectors linearly independent — rank 1 mod 2147483647
    [ok  ] vector 0: (star) support for k = 1 (Theorem (star): lies in I({l^1 c}))
    [ok  ] vanishes at 6 fresh padded_permanent points (seed 20260905)
    [ok  ] vanishes at 6 fresh reducible points (seed 20260905)
    [ok  ] evaluation at 6 fresh generic points (seed 20260905) has full row rank — rank 1 of 1
    [ok  ] evaluation at 6 fresh det_pencil points (seed 20260905) has full row rank — rank 1 of 1
PASS        results/certs/12_10_7_1_1_1_d8_pad_p2147483647_vec2_modp.json.gz  (16.9s)  s41/s43 pad-side kernel vector: mod-2147483647 HWV of weight (12, 10, 7, 1, 1, 1) in degree 8 vanishing on the pad side (12_10_7_1_1_1_d8_pad_p2147483647_vec2)
    [ok  ] cell: n = 4 — n = 4
    [ok  ] cell: length(lambda) = r — lambda (12, 10, 7, 1, 1, 1), r 6
    [ok  ] cell: lambda weakly decreasing
    [ok  ] cell: |lambda| = n*delta — 32 vs 4*8
    [ok  ] cell: a recomputed (Weyl alternation) — recomputed 9, claimed 9
    [ok  ] vectors parsed — 1 vector(s), supports [66798], modulus 2147483647
    [ok  ] vector 0: shape, degree, canonical terms, weight = lambda
    [ok  ] vector 0: annihilated by every E_(i,i+1) mod 2147483647
    [ok  ] vectors linearly independent — rank 1 mod 2147483647
    [ok  ] vector 0: (star) support for k = 1 (Theorem (star): lies in I({l^1 c}))
    [ok  ] vanishes at 6 fresh padded_permanent points (seed 20260905)
    [ok  ] vanishes at 6 fresh reducible points (seed 20260905)
    [ok  ] evaluation at 6 fresh generic points (seed 20260905) has full row rank — rank 1 of 1
    [ok  ] evaluation at 6 fresh det_pencil points (seed 20260905) has full row rank — rank 1 of 1
PASS        results/certs/12_4_4_4_4_d7_int.json.gz  (3.8s)  s42/s47 lift: 1 integer HWV(s) of weight (12, 4, 4, 4, 4) in degree 7 in I(R_5)
    [ok  ] cell: n = 4 — n = 4
    [ok  ] cell: length(lambda) = r — lambda (12, 4, 4, 4, 4), r 5
    [ok  ] cell: lambda weakly decreasing
    [ok  ] cell: |lambda| = n*delta — 28 vs 4*7
    [ok  ] cell: a recomputed (Weyl alternation) — recomputed 4, claimed 4
    [ok  ] vectors parsed — 1 vector(s), supports [19834], integer coefficients
    [ok  ] vector 0: shape, degree, canonical terms, weight = lambda
    [ok  ] vector 0: annihilated by every E_(i,i+1) over Z
    [ok  ] vectors linearly independent — rank 1 over Q (flint, exact)
    [ok  ] vector 0: (star) support for k = 1 (Theorem (star): lies in I({l^1 c}))
    [ok  ] vanishes at 6 fresh padded_permanent points (seed 20260905)
    [ok  ] vanishes at 6 fresh reducible points (seed 20260905)
    [ok  ] evaluation at 6 fresh generic points (seed 20260905) has full row rank — rank 1 of 1
    [ok  ] evaluation at 6 fresh det_pencil points (seed 20260905) has full row rank — rank 1 of 1
PASS        results/certs/12_8_8_1_1_1_1_d8_int.json.gz  (58.5s)  s42/s47 lift: 2 integer HWV(s) of weight (12, 8, 8, 1, 1, 1, 1) in degree 8 in I(R_7)
    [ok  ] cell: n = 4 — n = 4
    [ok  ] cell: length(lambda) = r — lambda (12, 8, 8, 1, 1, 1, 1), r 7
    [ok  ] cell: lambda weakly decreasing
    [ok  ] cell: |lambda| = n*delta — 32 vs 4*8
    [ok  ] cell: a recomputed (Weyl alternation) — recomputed 2, claimed 2
    [ok  ] vectors parsed — 2 vector(s), supports [82848, 107160], integer coefficients
    [ok  ] vector 0: shape, degree, canonical terms, weight = lambda
    [ok  ] vector 0: annihilated by every E_(i,i+1) over Z
    [ok  ] vector 1: shape, degree, canonical terms, weight = lambda
    [ok  ] vector 1: annihilated by every E_(i,i+1) over Z
    [ok  ] vectors linearly independent — rank 2 over Q (lower bound from primes [2, 2]; equals the count so exact)
    [ok  ] vector 0: (star) support for k = 1 (Theorem (star): lies in I({l^1 c}))
    [ok  ] vector 1: (star) support for k = 1 (Theorem (star): lies in I({l^1 c}))
    [ok  ] vanishes at 6 fresh padded_permanent points (seed 20260905)
    [ok  ] vanishes at 6 fresh reducible points (seed 20260905)
    [ok  ] evaluation at 6 fresh generic points (seed 20260905) has full row rank — rank 2 of 2
PASS        results/certs/12_9_8_1_1_1_d8_int.json.gz  (38.1s)  s42/s47 lift: 2 integer HWV(s) of weight (12, 9, 8, 1, 1, 1) in degree 8 in I(R_6)
    [ok  ] cell: n = 4 — n = 4
    [ok  ] cell: length(lambda) = r — lambda (12, 9, 8, 1, 1, 1), r 6
    [ok  ] cell: lambda weakly decreasing
    [ok  ] cell: |lambda| = n*delta — 32 vs 4*8
    [ok  ] cell: a recomputed (Weyl alternation) — recomputed 6, claimed 6
    [ok  ] vectors parsed — 2 vector(s), supports [73314, 74592], integer coefficients
    [ok  ] vector 0: shape, degree, canonical terms, weight = lambda
    [ok  ] vector 0: annihilated by every E_(i,i+1) over Z
    [ok  ] vector 1: shape, degree, canonical terms, weight = lambda
    [ok  ] vector 1: annihilated by every E_(i,i+1) over Z
    [ok  ] vectors linearly independent — rank 2 over Q (flint, exact)
    [ok  ] vector 0: (star) support for k = 1 (Theorem (star): lies in I({l^1 c}))
    [ok  ] vector 1: (star) support for k = 1 (Theorem (star): lies in I({l^1 c}))
    [ok  ] vanishes at 6 fresh padded_permanent points (seed 20260905)
    [ok  ] vanishes at 6 fresh reducible points (seed 20260905)
    [ok  ] evaluation at 6 fresh generic points (seed 20260905) has full row rank — rank 2 of 2
    [ok  ] evaluation at 6 fresh det_pencil points (seed 20260905) has full row rank — rank 2 of 2
PASS        results/certs/12_9_8_1_1_1_d8_pad_p2147483629_vec1_modp.json.gz  (18.0s)  s41/s43 pad-side kernel vector: mod-2147483629 HWV of weight (12, 9, 8, 1, 1, 1) in degree 8 vanishing on the pad side (12_9_8_1_1_1_d8_pad_p2147483629_vec1)
    [ok  ] cell: n = 4 — n = 4
    [ok  ] cell: length(lambda) = r — lambda (12, 9, 8, 1, 1, 1), r 6
    [ok  ] cell: lambda weakly decreasing
    [ok  ] cell: |lambda| = n*delta — 32 vs 4*8
    [ok  ] cell: a recomputed (Weyl alternation) — recomputed 6, claimed 6
    [ok  ] vectors parsed — 1 vector(s), supports [67656], modulus 2147483629
    [ok  ] vector 0: shape, degree, canonical terms, weight = lambda
    [ok  ] vector 0: annihilated by every E_(i,i+1) mod 2147483629
    [ok  ] vectors linearly independent — rank 1 mod 2147483629
    [ok  ] vector 0: (star) support for k = 1 (Theorem (star): lies in I({l^1 c}))
    [ok  ] vanishes at 6 fresh padded_permanent points (seed 20260905)
    [ok  ] vanishes at 6 fresh reducible points (seed 20260905)
    [ok  ] evaluation at 6 fresh generic points (seed 20260905) has full row rank — rank 1 of 1
    [ok  ] evaluation at 6 fresh det_pencil points (seed 20260905) has full row rank — rank 1 of 1
PASS        results/certs/12_9_8_1_1_1_d8_pad_p2147483629_vec2_modp.json.gz  (20.7s)  s41/s43 pad-side kernel vector: mod-2147483629 HWV of weight (12, 9, 8, 1, 1, 1) in degree 8 vanishing on the pad side (12_9_8_1_1_1_d8_pad_p2147483629_vec2)
    [ok  ] cell: n = 4 — n = 4
    [ok  ] cell: length(lambda) = r — lambda (12, 9, 8, 1, 1, 1), r 6
    [ok  ] cell: lambda weakly decreasing
    [ok  ] cell: |lambda| = n*delta — 32 vs 4*8
    [ok  ] cell: a recomputed (Weyl alternation) — recomputed 6, claimed 6
    [ok  ] vectors parsed — 1 vector(s), supports [74436], modulus 2147483629
    [ok  ] vector 0: shape, degree, canonical terms, weight = lambda
    [ok  ] vector 0: annihilated by every E_(i,i+1) mod 2147483629
    [ok  ] vectors linearly independent — rank 1 mod 2147483629
    [ok  ] vector 0: (star) support for k = 1 (Theorem (star): lies in I({l^1 c}))
    [ok  ] vanishes at 6 fresh padded_permanent points (seed 20260905)
    [ok  ] vanishes at 6 fresh reducible points (seed 20260905)
    [ok  ] evaluation at 6 fresh generic points (seed 20260905) has full row rank — rank 1 of 1
    [ok  ] evaluation at 6 fresh det_pencil points (seed 20260905) has full row rank — rank 1 of 1
PASS        results/certs/12_9_8_1_1_1_d8_pad_p2147483647_vec1_modp.json.gz  (18.6s)  s41/s43 pad-side kernel vector: mod-2147483647 HWV of weight (12, 9, 8, 1, 1, 1) in degree 8 vanishing on the pad side (12_9_8_1_1_1_d8_pad_p2147483647_vec1)
    [ok  ] cell: n = 4 — n = 4
    [ok  ] cell: length(lambda) = r — lambda (12, 9, 8, 1, 1, 1), r 6
    [ok  ] cell: lambda weakly decreasing
    [ok  ] cell: |lambda| = n*delta — 32 vs 4*8
    [ok  ] cell: a recomputed (Weyl alternation) — recomputed 6, claimed 6
    [ok  ] vectors parsed — 1 vector(s), supports [67656], modulus 2147483647
    [ok  ] vector 0: shape, degree, canonical terms, weight = lambda
    [ok  ] vector 0: annihilated by every E_(i,i+1) mod 2147483647
    [ok  ] vectors linearly independent — rank 1 mod 2147483647
    [ok  ] vector 0: (star) support for k = 1 (Theorem (star): lies in I({l^1 c}))
    [ok  ] vanishes at 6 fresh padded_permanent points (seed 20260905)
    [ok  ] vanishes at 6 fresh reducible points (seed 20260905)
    [ok  ] evaluation at 6 fresh generic points (seed 20260905) has full row rank — rank 1 of 1
    [ok  ] evaluation at 6 fresh det_pencil points (seed 20260905) has full row rank — rank 1 of 1
PASS        results/certs/12_9_8_1_1_1_d8_pad_p2147483647_vec2_modp.json.gz  (20.8s)  s41/s43 pad-side kernel vector: mod-2147483647 HWV of weight (12, 9, 8, 1, 1, 1) in degree 8 vanishing on the pad side (12_9_8_1_1_1_d8_pad_p2147483647_vec2)
    [ok  ] cell: n = 4 — n = 4
    [ok  ] cell: length(lambda) = r — lambda (12, 9, 8, 1, 1, 1), r 6
    [ok  ] cell: lambda weakly decreasing
    [ok  ] cell: |lambda| = n*delta — 32 vs 4*8
    [ok  ] cell: a recomputed (Weyl alternation) — recomputed 6, claimed 6
    [ok  ] vectors parsed — 1 vector(s), supports [74436], modulus 2147483647
    [ok  ] vector 0: shape, degree, canonical terms, weight = lambda
    [ok  ] vector 0: annihilated by every E_(i,i+1) mod 2147483647
    [ok  ] vectors linearly independent — rank 1 mod 2147483647
    [ok  ] vector 0: (star) support for k = 1 (Theorem (star): lies in I({l^1 c}))
    [ok  ] vanishes at 6 fresh padded_permanent points (seed 20260905)
    [ok  ] vanishes at 6 fresh reducible points (seed 20260905)
    [ok  ] evaluation at 6 fresh generic points (seed 20260905) has full row rank — rank 1 of 1
    [ok  ] evaluation at 6 fresh det_pencil points (seed 20260905) has full row rank — rank 1 of 1
PASS        results/certs/13_10_6_1_1_1_d8_int.json.gz  (7.5s)  integrator lift (s41 cell): 1 integer HWV(s) of weight (13, 10, 6, 1, 1, 1) in degree 8 in I(R_6)
    [ok  ] cell: n = 4 — n = 4
    [ok  ] cell: length(lambda) = r — lambda (13, 10, 6, 1, 1, 1), r 6
    [ok  ] cell: lambda weakly decreasing
    [ok  ] cell: |lambda| = n*delta — 32 vs 4*8
    [ok  ] cell: a recomputed (Weyl alternation) — recomputed 9, claimed 9
    [ok  ] vectors parsed — 1 vector(s), supports [28248], integer coefficients
    [ok  ] vector 0: shape, degree, canonical terms, weight = lambda
    [ok  ] vector 0: annihilated by every E_(i,i+1) over Z
    [ok  ] vectors linearly independent — rank 1 over Q (flint, exact)
    [ok  ] vector 0: (star) support for k = 1 (Theorem (star): lies in I({l^1 c}))
    [ok  ] vanishes at 6 fresh padded_permanent points (seed 20260905)
    [ok  ] vanishes at 6 fresh reducible points (seed 20260905)
    [ok  ] evaluation at 6 fresh generic points (seed 20260905) has full row rank — rank 1 of 1
    [ok  ] evaluation at 6 fresh det_pencil points (seed 20260905) has full row rank — rank 1 of 1
PASS        results/certs/13_10_6_1_1_1_d8_pad_p2147483629_vec1_modp.json.gz  (7.9s)  s41/s43 pad-side kernel vector: mod-2147483629 HWV of weight (13, 10, 6, 1, 1, 1) in degree 8 vanishing on the pad side (13_10_6_1_1_1_d8_pad_p2147483629_vec1)
    [ok  ] cell: n = 4 — n = 4
    [ok  ] cell: length(lambda) = r — lambda (13, 10, 6, 1, 1, 1), r 6
    [ok  ] cell: lambda weakly decreasing
    [ok  ] cell: |lambda| = n*delta — 32 vs 4*8
    [ok  ] cell: a recomputed (Weyl alternation) — recomputed 9, claimed 9
    [ok  ] vectors parsed — 1 vector(s), supports [28248], modulus 2147483629
    [ok  ] vector 0: shape, degree, canonical terms, weight = lambda
    [ok  ] vector 0: annihilated by every E_(i,i+1) mod 2147483629
    [ok  ] vectors linearly independent — rank 1 mod 2147483629
    [ok  ] vector 0: (star) support for k = 1 (Theorem (star): lies in I({l^1 c}))
    [ok  ] vanishes at 6 fresh padded_permanent points (seed 20260905)
    [ok  ] vanishes at 6 fresh reducible points (seed 20260905)
    [ok  ] evaluation at 6 fresh generic points (seed 20260905) has full row rank — rank 1 of 1
    [ok  ] evaluation at 6 fresh det_pencil points (seed 20260905) has full row rank — rank 1 of 1
PASS        results/certs/13_10_6_1_1_1_d8_pad_p2147483647_vec1_modp.json.gz  (7.9s)  s41/s43 pad-side kernel vector: mod-2147483647 HWV of weight (13, 10, 6, 1, 1, 1) in degree 8 vanishing on the pad side (13_10_6_1_1_1_d8_pad_p2147483647_vec1)
    [ok  ] cell: n = 4 — n = 4
    [ok  ] cell: length(lambda) = r — lambda (13, 10, 6, 1, 1, 1), r 6
    [ok  ] cell: lambda weakly decreasing
    [ok  ] cell: |lambda| = n*delta — 32 vs 4*8
    [ok  ] cell: a recomputed (Weyl alternation) — recomputed 9, claimed 9
    [ok  ] vectors parsed — 1 vector(s), supports [28248], modulus 2147483647
    [ok  ] vector 0: shape, degree, canonical terms, weight = lambda
    [ok  ] vector 0: annihilated by every E_(i,i+1) mod 2147483647
    [ok  ] vectors linearly independent — rank 1 mod 2147483647
    [ok  ] vector 0: (star) support for k = 1 (Theorem (star): lies in I({l^1 c}))
    [ok  ] vanishes at 6 fresh padded_permanent points (seed 20260905)
    [ok  ] vanishes at 6 fresh reducible points (seed 20260905)
    [ok  ] evaluation at 6 fresh generic points (seed 20260905) has full row rank — rank 1 of 1
    [ok  ] evaluation at 6 fresh det_pencil points (seed 20260905) has full row rank — rank 1 of 1
PASS        results/certs/13_12_4_1_1_1_d8_int.json.gz  (2.3s)  s42/s47 lift: 1 integer HWV(s) of weight (13, 12, 4, 1, 1, 1) in degree 8 in I(R_6)
    [ok  ] cell: n = 4 — n = 4
    [ok  ] cell: length(lambda) = r — lambda (13, 12, 4, 1, 1, 1), r 6
    [ok  ] cell: lambda weakly decreasing
    [ok  ] cell: |lambda| = n*delta — 32 vs 4*8
    [ok  ] cell: a recomputed (Weyl alternation) — recomputed 3, claimed 3
    [ok  ] vectors parsed — 1 vector(s), supports [6804], integer coefficients
    [ok  ] vector 0: shape, degree, canonical terms, weight = lambda
    [ok  ] vector 0: annihilated by every E_(i,i+1) over Z
    [ok  ] vectors linearly independent — rank 1 over Q (flint, exact)
    [ok  ] vector 0: (star) support for k = 1 (Theorem (star): lies in I({l^1 c}))
    [ok  ] vanishes at 6 fresh padded_permanent points (seed 20260905)
    [ok  ] vanishes at 6 fresh reducible points (seed 20260905)
    [ok  ] evaluation at 6 fresh generic points (seed 20260905) has full row rank — rank 1 of 1
    [ok  ] evaluation at 6 fresh det_pencil points (seed 20260905) has full row rank — rank 1 of 1
PASS        results/certs/13_12_4_1_1_1_d8_pad_p2147483629_vec1_modp.json.gz  (2.4s)  s41/s43 pad-side kernel vector: mod-2147483629 HWV of weight (13, 12, 4, 1, 1, 1) in degree 8 vanishing on the pad side (13_12_4_1_1_1_d8_pad_p2147483629_vec1)
    [ok  ] cell: n = 4 — n = 4
    [ok  ] cell: length(lambda) = r — lambda (13, 12, 4, 1, 1, 1), r 6
    [ok  ] cell: lambda weakly decreasing
    [ok  ] cell: |lambda| = n*delta — 32 vs 4*8
    [ok  ] cell: a recomputed (Weyl alternation) — recomputed 3, claimed 3
    [ok  ] vectors parsed — 1 vector(s), supports [6804], modulus 2147483629
    [ok  ] vector 0: shape, degree, canonical terms, weight = lambda
    [ok  ] vector 0: annihilated by every E_(i,i+1) mod 2147483629
    [ok  ] vectors linearly independent — rank 1 mod 2147483629
    [ok  ] vector 0: (star) support for k = 1 (Theorem (star): lies in I({l^1 c}))
    [ok  ] vanishes at 6 fresh padded_permanent points (seed 20260905)
    [ok  ] vanishes at 6 fresh reducible points (seed 20260905)
    [ok  ] evaluation at 6 fresh generic points (seed 20260905) has full row rank — rank 1 of 1
    [ok  ] evaluation at 6 fresh det_pencil points (seed 20260905) has full row rank — rank 1 of 1
PASS        results/certs/13_12_4_1_1_1_d8_pad_p2147483647_vec1_modp.json.gz  (2.4s)  s41/s43 pad-side kernel vector: mod-2147483647 HWV of weight (13, 12, 4, 1, 1, 1) in degree 8 vanishing on the pad side (13_12_4_1_1_1_d8_pad_p2147483647_vec1)
    [ok  ] cell: n = 4 — n = 4
    [ok  ] cell: length(lambda) = r — lambda (13, 12, 4, 1, 1, 1), r 6
    [ok  ] cell: lambda weakly decreasing
    [ok  ] cell: |lambda| = n*delta — 32 vs 4*8
    [ok  ] cell: a recomputed (Weyl alternation) — recomputed 3, claimed 3
    [ok  ] vectors parsed — 1 vector(s), supports [6804], modulus 2147483647
    [ok  ] vector 0: shape, degree, canonical terms, weight = lambda
    [ok  ] vector 0: annihilated by every E_(i,i+1) mod 2147483647
    [ok  ] vectors linearly independent — rank 1 mod 2147483647
    [ok  ] vector 0: (star) support for k = 1 (Theorem (star): lies in I({l^1 c}))
    [ok  ] vanishes at 6 fresh padded_permanent points (seed 20260905)
    [ok  ] vanishes at 6 fresh reducible points (seed 20260905)
    [ok  ] evaluation at 6 fresh generic points (seed 20260905) has full row rank — rank 1 of 1
    [ok  ] evaluation at 6 fresh det_pencil points (seed 20260905) has full row rank — rank 1 of 1
PASS        results/certs/13_8_8_1_1_1_d8_int.json.gz  (10.1s)  s42/s47 lift: 1 integer HWV(s) of weight (13, 8, 8, 1, 1, 1) in degree 8 in I(R_6)
    [ok  ] cell: n = 4 — n = 4
    [ok  ] cell: length(lambda) = r — lambda (13, 8, 8, 1, 1, 1), r 6
    [ok  ] cell: lambda weakly decreasing
    [ok  ] cell: |lambda| = n*delta — 32 vs 4*8
    [ok  ] cell: a recomputed (Weyl alternation) — recomputed 3, claimed 3
    [ok  ] vectors parsed — 1 vector(s), supports [39768], integer coefficients
    [ok  ] vector 0: shape, degree, canonical terms, weight = lambda
    [ok  ] vector 0: annihilated by every E_(i,i+1) over Z
    [ok  ] vectors linearly independent — rank 1 over Q (flint, exact)
    [ok  ] vector 0: (star) support for k = 1 (Theorem (star): lies in I({l^1 c}))
    [ok  ] vanishes at 6 fresh padded_permanent points (seed 20260905)
    [ok  ] vanishes at 6 fresh reducible points (seed 20260905)
    [ok  ] evaluation at 6 fresh generic points (seed 20260905) has full row rank — rank 1 of 1
    [ok  ] evaluation at 6 fresh det_pencil points (seed 20260905) has full row rank — rank 1 of 1
PASS        results/certs/13_8_8_1_1_1_d8_pad_p2147483629_vec1_modp.json.gz  (11.1s)  s41/s43 pad-side kernel vector: mod-2147483629 HWV of weight (13, 8, 8, 1, 1, 1) in degree 8 vanishing on the pad side (13_8_8_1_1_1_d8_pad_p2147483629_vec1)
    [ok  ] cell: n = 4 — n = 4
    [ok  ] cell: length(lambda) = r — lambda (13, 8, 8, 1, 1, 1), r 6
    [ok  ] cell: lambda weakly decreasing
    [ok  ] cell: |lambda| = n*delta — 32 vs 4*8
    [ok  ] cell: a recomputed (Weyl alternation) — recomputed 3, claimed 3
    [ok  ] vectors parsed — 1 vector(s), supports [39768], modulus 2147483629
    [ok  ] vector 0: shape, degree, canonical terms, weight = lambda
    [ok  ] vector 0: annihilated by every E_(i,i+1) mod 2147483629
    [ok  ] vectors linearly independent — rank 1 mod 2147483629
    [ok  ] vector 0: (star) support for k = 1 (Theorem (star): lies in I({l^1 c}))
    [ok  ] vanishes at 6 fresh padded_permanent points (seed 20260905)
    [ok  ] vanishes at 6 fresh reducible points (seed 20260905)
    [ok  ] evaluation at 6 fresh generic points (seed 20260905) has full row rank — rank 1 of 1
    [ok  ] evaluation at 6 fresh det_pencil points (seed 20260905) has full row rank — rank 1 of 1
PASS        results/certs/13_8_8_1_1_1_d8_pad_p2147483647_vec1_modp.json.gz  (10.7s)  s41/s43 pad-side kernel vector: mod-2147483647 HWV of weight (13, 8, 8, 1, 1, 1) in degree 8 vanishing on the pad side (13_8_8_1_1_1_d8_pad_p2147483647_vec1)
    [ok  ] cell: n = 4 — n = 4
    [ok  ] cell: length(lambda) = r — lambda (13, 8, 8, 1, 1, 1), r 6
    [ok  ] cell: lambda weakly decreasing
    [ok  ] cell: |lambda| = n*delta — 32 vs 4*8
    [ok  ] cell: a recomputed (Weyl alternation) — recomputed 3, claimed 3
    [ok  ] vectors parsed — 1 vector(s), supports [39768], modulus 2147483647
    [ok  ] vector 0: shape, degree, canonical terms, weight = lambda
    [ok  ] vector 0: annihilated by every E_(i,i+1) mod 2147483647
    [ok  ] vectors linearly independent — rank 1 mod 2147483647
    [ok  ] vector 0: (star) support for k = 1 (Theorem (star): lies in I({l^1 c}))
    [ok  ] vanishes at 6 fresh padded_permanent points (seed 20260905)
    [ok  ] vanishes at 6 fresh reducible points (seed 20260905)
    [ok  ] evaluation at 6 fresh generic points (seed 20260905) has full row rank — rank 1 of 1
    [ok  ] evaluation at 6 fresh det_pencil points (seed 20260905) has full row rank — rank 1 of 1
PASS        results/certs/13_9_7_1_1_1_d8_int.json.gz  (7.8s)  s42/s47 lift: 1 integer HWV(s) of weight (13, 9, 7, 1, 1, 1) in degree 8 in I(R_6)
    [ok  ] cell: n = 4 — n = 4
    [ok  ] cell: length(lambda) = r — lambda (13, 9, 7, 1, 1, 1), r 6
    [ok  ] cell: lambda weakly decreasing
    [ok  ] cell: |lambda| = n*delta — 32 vs 4*8
    [ok  ] cell: a recomputed (Weyl alternation) — recomputed 11, claimed 11
    [ok  ] vectors parsed — 1 vector(s), supports [29586], integer coefficients
    [ok  ] vector 0: shape, degree, canonical terms, weight = lambda
    [ok  ] vector 0: annihilated by every E_(i,i+1) over Z
    [ok  ] vectors linearly independent — rank 1 over Q (flint, exact)
    [ok  ] vector 0: (star) support for k = 1 (Theorem (star): lies in I({l^1 c}))
    [ok  ] vanishes at 6 fresh padded_permanent points (seed 20260905)
    [ok  ] vanishes at 6 fresh reducible points (seed 20260905)
    [ok  ] evaluation at 6 fresh generic points (seed 20260905) has full row rank — rank 1 of 1
    [ok  ] evaluation at 6 fresh det_pencil points (seed 20260905) has full row rank — rank 1 of 1
PASS        results/certs/13_9_7_1_1_1_d8_pad_p2147483629_vec1_modp.json.gz  (8.3s)  s41/s43 pad-side kernel vector: mod-2147483629 HWV of weight (13, 9, 7, 1, 1, 1) in degree 8 vanishing on the pad side (13_9_7_1_1_1_d8_pad_p2147483629_vec1)
    [ok  ] cell: n = 4 — n = 4
    [ok  ] cell: length(lambda) = r — lambda (13, 9, 7, 1, 1, 1), r 6
    [ok  ] cell: lambda weakly decreasing
    [ok  ] cell: |lambda| = n*delta — 32 vs 4*8
    [ok  ] cell: a recomputed (Weyl alternation) — recomputed 11, claimed 11
    [ok  ] vectors parsed — 1 vector(s), supports [29586], modulus 2147483629
    [ok  ] vector 0: shape, degree, canonical terms, weight = lambda
    [ok  ] vector 0: annihilated by every E_(i,i+1) mod 2147483629
    [ok  ] vectors linearly independent — rank 1 mod 2147483629
    [ok  ] vector 0: (star) support for k = 1 (Theorem (star): lies in I({l^1 c}))
    [ok  ] vanishes at 6 fresh padded_permanent points (seed 20260905)
    [ok  ] vanishes at 6 fresh reducible points (seed 20260905)
    [ok  ] evaluation at 6 fresh generic points (seed 20260905) has full row rank — rank 1 of 1
    [ok  ] evaluation at 6 fresh det_pencil points (seed 20260905) has full row rank — rank 1 of 1
PASS        results/certs/13_9_7_1_1_1_d8_pad_p2147483647_vec1_modp.json.gz  (8.1s)  s41/s43 pad-side kernel vector: mod-2147483647 HWV of weight (13, 9, 7, 1, 1, 1) in degree 8 vanishing on the pad side (13_9_7_1_1_1_d8_pad_p2147483647_vec1)
    [ok  ] cell: n = 4 — n = 4
    [ok  ] cell: length(lambda) = r — lambda (13, 9, 7, 1, 1, 1), r 6
    [ok  ] cell: lambda weakly decreasing
    [ok  ] cell: |lambda| = n*delta — 32 vs 4*8
    [ok  ] cell: a recomputed (Weyl alternation) — recomputed 11, claimed 11
    [ok  ] vectors parsed — 1 vector(s), supports [29586], modulus 2147483647
    [ok  ] vector 0: shape, degree, canonical terms, weight = lambda
    [ok  ] vector 0: annihilated by every E_(i,i+1) mod 2147483647
    [ok  ] vectors linearly independent — rank 1 mod 2147483647
    [ok  ] vector 0: (star) support for k = 1 (Theorem (star): lies in I({l^1 c}))
    [ok  ] vanishes at 6 fresh padded_permanent points (seed 20260905)
    [ok  ] vanishes at 6 fresh reducible points (seed 20260905)
    [ok  ] evaluation at 6 fresh generic points (seed 20260905) has full row rank — rank 1 of 1
    [ok  ] evaluation at 6 fresh det_pencil points (seed 20260905) has full row rank — rank 1 of 1
PASS        results/certs/14_8_7_1_1_1_d8_int.json.gz  (4.5s)  s42/s47 lift: 1 integer HWV(s) of weight (14, 8, 7, 1, 1, 1) in degree 8 in I(R_6)
    [ok  ] cell: n = 4 — n = 4
    [ok  ] cell: length(lambda) = r — lambda (14, 8, 7, 1, 1, 1), r 6
    [ok  ] cell: lambda weakly decreasing
    [ok  ] cell: |lambda| = n*delta — 32 vs 4*8
    [ok  ] cell: a recomputed (Weyl alternation) — recomputed 9, claimed 9
    [ok  ] vectors parsed — 1 vector(s), supports [16344], integer coefficients
    [ok  ] vector 0: shape, degree, canonical terms, weight = lambda
    [ok  ] vector 0: annihilated by every E_(i,i+1) over Z
    [ok  ] vectors linearly independent — rank 1 over Q (flint, exact)
    [ok  ] vector 0: (star) support for k = 1 (Theorem (star): lies in I({l^1 c}))
    [ok  ] vanishes at 6 fresh padded_permanent points (seed 20260905)
    [ok  ] vanishes at 6 fresh reducible points (seed 20260905)
    [ok  ] evaluation at 6 fresh generic points (seed 20260905) has full row rank — rank 1 of 1
    [ok  ] evaluation at 6 fresh det_pencil points (seed 20260905) has full row rank — rank 1 of 1
PASS        results/certs/14_8_7_1_1_1_d8_pad_p2147483629_vec1_modp.json.gz  (4.8s)  s41/s43 pad-side kernel vector: mod-2147483629 HWV of weight (14, 8, 7, 1, 1, 1) in degree 8 vanishing on the pad side (14_8_7_1_1_1_d8_pad_p2147483629_vec1)
    [ok  ] cell: n = 4 — n = 4
    [ok  ] cell: length(lambda) = r — lambda (14, 8, 7, 1, 1, 1), r 6
    [ok  ] cell: lambda weakly decreasing
    [ok  ] cell: |lambda| = n*delta — 32 vs 4*8
    [ok  ] cell: a recomputed (Weyl alternation) — recomputed 9, claimed 9
    [ok  ] vectors parsed — 1 vector(s), supports [16344], modulus 2147483629
    [ok  ] vector 0: shape, degree, canonical terms, weight = lambda
    [ok  ] vector 0: annihilated by every E_(i,i+1) mod 2147483629
    [ok  ] vectors linearly independent — rank 1 mod 2147483629
    [ok  ] vector 0: (star) support for k = 1 (Theorem (star): lies in I({l^1 c}))
    [ok  ] vanishes at 6 fresh padded_permanent points (seed 20260905)
    [ok  ] vanishes at 6 fresh reducible points (seed 20260905)
    [ok  ] evaluation at 6 fresh generic points (seed 20260905) has full row rank — rank 1 of 1
    [ok  ] evaluation at 6 fresh det_pencil points (seed 20260905) has full row rank — rank 1 of 1
PASS        results/certs/14_8_7_1_1_1_d8_pad_p2147483647_vec1_modp.json.gz  (4.8s)  s41/s43 pad-side kernel vector: mod-2147483647 HWV of weight (14, 8, 7, 1, 1, 1) in degree 8 vanishing on the pad side (14_8_7_1_1_1_d8_pad_p2147483647_vec1)
    [ok  ] cell: n = 4 — n = 4
    [ok  ] cell: length(lambda) = r — lambda (14, 8, 7, 1, 1, 1), r 6
    [ok  ] cell: lambda weakly decreasing
    [ok  ] cell: |lambda| = n*delta — 32 vs 4*8
    [ok  ] cell: a recomputed (Weyl alternation) — recomputed 9, claimed 9
    [ok  ] vectors parsed — 1 vector(s), supports [16344], modulus 2147483647
    [ok  ] vector 0: shape, degree, canonical terms, weight = lambda
    [ok  ] vector 0: annihilated by every E_(i,i+1) mod 2147483647
    [ok  ] vectors linearly independent — rank 1 mod 2147483647
    [ok  ] vector 0: (star) support for k = 1 (Theorem (star): lies in I({l^1 c}))
    [ok  ] vanishes at 6 fresh padded_permanent points (seed 20260905)
    [ok  ] vanishes at 6 fresh reducible points (seed 20260905)
    [ok  ] evaluation at 6 fresh generic points (seed 20260905) has full row rank — rank 1 of 1
    [ok  ] evaluation at 6 fresh det_pencil points (seed 20260905) has full row rank — rank 1 of 1
attempt 1 was ended with its launching shell after 37/50 PASS (tool timeout); relaunched detached
