# session 61 polar profile run perdual_p2147483647_s61
# form: the dual sextic of per_3: 4 per(BoB) - 2 per(B)^2 - det(B)^2 (control: by biduality its profile must be the reversed profile of per_3)
# engine=singular ks=[0, 1, 2, 3, 4, 5, 6, 7] prime=2147483647 seed=61 range=99 radical=0 sat=both
# timeout 14000s, ulimit -v 6000000 kB
FORM perdual nvars=9 char=2147483647 seed=61 degF=6 npartials=9
EXCESS k=0 dim=0 deg=-1
COUNT form=perdual p=2147483647 seed=61 k=0 dim=1 degp=6 vdA=6 vdB=6 excess_dim=0 excess_deg=-1 sec=0
COUNTG form=perdual p=2147483647 seed=61 k=0 dim=1 degp=6
// ** redefining rt1 (int rt1 = rtimer;) /root/gct/results/s61_sing/perdual_p2147483647_s61.sing:50
// ** redefining rt2 (int rt2;) /root/gct/results/s61_sing/perdual_p2147483647_s61.sing:51
// ** redefining rt3 (int rt3;) /root/gct/results/s61_sing/perdual_p2147483647_s61.sing:52
// ** redefining degE (int degE = -1;) /root/gct/results/s61_sing/perdual_p2147483647_s61.sing:53
// ** redefining dimE (int dimE = -2;) /root/gct/results/s61_sing/perdual_p2147483647_s61.sing:54
// ** redefining degp_g (int degp_g = -1;) /root/gct/results/s61_sing/perdual_p2147483647_s61.sing:55
// ** redefining dim_g (int dim_g = -2;) /root/gct/results/s61_sing/perdual_p2147483647_s61.sing:56
// ** redefining degr (int degr = -1;) /root/gct/results/s61_sing/perdual_p2147483647_s61.sing:57
// ** redefining vdB (int vdB = -1;) /root/gct/results/s61_sing/perdual_p2147483647_s61.sing:58
EXCESS k=1 dim=0 deg=-1
// ** redefining L (list L = list(dim(Is), 0, -1);) /root/gct/results/s61_sing/perdual_p2147483647_s61.sing:63
COUNT form=perdual p=2147483647 seed=61 k=1 dim=1 degp=30 vdA=30 vdB=30 excess_dim=0 excess_deg=-1 sec=0
// ** redefining Lg (list Lg = polar_count_g(G, Jt, C, ellA, g, 1);) /root/gct/results/s61_sing/perdual_p2147483647_s61.sing:69
COUNTG form=perdual p=2147483647 seed=61 k=1 dim=1 degp=30
// ** redefining rt1 (int rt1 = rtimer;) /root/gct/results/s61_sing/perdual_p2147483647_s61.sing:83
// ** redefining rt2 (int rt2;) /root/gct/results/s61_sing/perdual_p2147483647_s61.sing:84
// ** redefining rt3 (int rt3;) /root/gct/results/s61_sing/perdual_p2147483647_s61.sing:85
// ** redefining degE (int degE = -1;) /root/gct/results/s61_sing/perdual_p2147483647_s61.sing:86
// ** redefining dimE (int dimE = -2;) /root/gct/results/s61_sing/perdual_p2147483647_s61.sing:87
// ** redefining degp_g (int degp_g = -1;) /root/gct/results/s61_sing/perdual_p2147483647_s61.sing:88
// ** redefining dim_g (int dim_g = -2;) /root/gct/results/s61_sing/perdual_p2147483647_s61.sing:89
// ** redefining degr (int degr = -1;) /root/gct/results/s61_sing/perdual_p2147483647_s61.sing:90
// ** redefining vdB (int vdB = -1;) /root/gct/results/s61_sing/perdual_p2147483647_s61.sing:91
EXCESS k=2 dim=1 deg=51
// ** redefining L (list L = list(dim(Is), 0, -1);) /root/gct/results/s61_sing/perdual_p2147483647_s61.sing:96
COUNT form=perdual p=2147483647 seed=61 k=2 dim=1 degp=48 vdA=48 vdB=48 excess_dim=1 excess_deg=51 sec=5
// ** redefining Lg (list Lg = polar_count_g(G, Jt, C, ellA, g, 2);) /root/gct/results/s61_sing/perdual_p2147483647_s61.sing:102
COUNTG form=perdual p=2147483647 seed=61 k=2 dim=1 degp=48
// ** redefining rt1 (int rt1 = rtimer;) /root/gct/results/s61_sing/perdual_p2147483647_s61.sing:116
// ** redefining rt2 (int rt2;) /root/gct/results/s61_sing/perdual_p2147483647_s61.sing:117
// ** redefining rt3 (int rt3;) /root/gct/results/s61_sing/perdual_p2147483647_s61.sing:118
// ** redefining degE (int degE = -1;) /root/gct/results/s61_sing/perdual_p2147483647_s61.sing:119
// ** redefining dimE (int dimE = -2;) /root/gct/results/s61_sing/perdual_p2147483647_s61.sing:120
// ** redefining degp_g (int degp_g = -1;) /root/gct/results/s61_sing/perdual_p2147483647_s61.sing:121
// ** redefining dim_g (int dim_g = -2;) /root/gct/results/s61_sing/perdual_p2147483647_s61.sing:122
// ** redefining degr (int degr = -1;) /root/gct/results/s61_sing/perdual_p2147483647_s61.sing:123
// ** redefining vdB (int vdB = -1;) /root/gct/results/s61_sing/perdual_p2147483647_s61.sing:124
EXCESS k=3 dim=2 deg=51
// ** redefining L (list L = list(dim(Is), 0, -1);) /root/gct/results/s61_sing/perdual_p2147483647_s61.sing:129
COUNT form=perdual p=2147483647 seed=61 k=3 dim=1 degp=48 vdA=48 vdB=48 excess_dim=2 excess_deg=51 sec=120
// ** redefining Lg (list Lg = polar_count_g(G, Jt, C, ellA, g, 3);) /root/gct/results/s61_sing/perdual_p2147483647_s61.sing:135
COUNTG form=perdual p=2147483647 seed=61 k=3 dim=1 degp=48
// ** redefining rt1 (int rt1 = rtimer;) /root/gct/results/s61_sing/perdual_p2147483647_s61.sing:149
// ** redefining rt2 (int rt2;) /root/gct/results/s61_sing/perdual_p2147483647_s61.sing:150
// ** redefining rt3 (int rt3;) /root/gct/results/s61_sing/perdual_p2147483647_s61.sing:151
// ** redefining degE (int degE = -1;) /root/gct/results/s61_sing/perdual_p2147483647_s61.sing:152
// ** redefining dimE (int dimE = -2;) /root/gct/results/s61_sing/perdual_p2147483647_s61.sing:153
// ** redefining degp_g (int degp_g = -1;) /root/gct/results/s61_sing/perdual_p2147483647_s61.sing:154
// ** redefining dim_g (int dim_g = -2;) /root/gct/results/s61_sing/perdual_p2147483647_s61.sing:155
// ** redefining degr (int degr = -1;) /root/gct/results/s61_sing/perdual_p2147483647_s61.sing:156
// ** redefining vdB (int vdB = -1;) /root/gct/results/s61_sing/perdual_p2147483647_s61.sing:157
EXCESS k=4 dim=3 deg=51
// ** redefining L (list L = list(dim(Is), 0, -1);) /root/gct/results/s61_sing/perdual_p2147483647_s61.sing:162
COUNT form=perdual p=2147483647 seed=61 k=4 dim=1 degp=24 vdA=24 vdB=24 excess_dim=3 excess_deg=51 sec=1318
// ** redefining Lg (list Lg = polar_count_g(G, Jt, C, ellA, g, 4);) /root/gct/results/s61_sing/perdual_p2147483647_s61.sing:168
COUNTG form=perdual p=2147483647 seed=61 k=4 dim=1 degp=24
// ** redefining rt1 (int rt1 = rtimer;) /root/gct/results/s61_sing/perdual_p2147483647_s61.sing:182
// ** redefining rt2 (int rt2;) /root/gct/results/s61_sing/perdual_p2147483647_s61.sing:183
// ** redefining rt3 (int rt3;) /root/gct/results/s61_sing/perdual_p2147483647_s61.sing:184
// ** redefining degE (int degE = -1;) /root/gct/results/s61_sing/perdual_p2147483647_s61.sing:185
// ** redefining dimE (int dimE = -2;) /root/gct/results/s61_sing/perdual_p2147483647_s61.sing:186
// ** redefining degp_g (int degp_g = -1;) /root/gct/results/s61_sing/perdual_p2147483647_s61.sing:187
// ** redefining dim_g (int dim_g = -2;) /root/gct/results/s61_sing/perdual_p2147483647_s61.sing:188
// ** redefining degr (int degr = -1;) /root/gct/results/s61_sing/perdual_p2147483647_s61.sing:189
// ** redefining vdB (int vdB = -1;) /root/gct/results/s61_sing/perdual_p2147483647_s61.sing:190
EXCESS k=5 dim=4 deg=51

halt 1
ended by recorded pid at slot 5 (excess surface of degree 51 makes the saturation slow; slots 5-7 of the dual sextic are covered by the msolve sweep: 12, 6, 3)
