# msolve run det3_p1073741827_s61_k6_msolve: det_3 of the generic 3x3 matrix, 9 variables (control: profile (3,6,12,12,6,0,0,0)); slot k=6, chart t0=1, Rabinowitsch variable s for g

--------------- INPUT DATA ---------------
#variables                       8
#equations                       8
#invalid equations               0
field characteristic    1073741827
homogeneous input?               0
signature-based computation      0
monomial order                 DRL
basis hash table resetting     OFF
linear algebra option            2
initial hash table size     131072 (2^17)
max pair selection             ALL
reduce gb                        1
#threads                         1
info level                       2
generate pbm files               0
------------------------------------------

Legend for f4 information
--------------------------------------------------------
deg       current degree of pairs selected in this round
sel       number of pairs selected in this round
pairs     total number of pairs in pair list
mat       matrix dimensions (# rows x # columns)
density   density of the matrix
new data  # new elements for basis in this round
          # zero reductions during linear algebra
time(rd)  time of the current f4 round in seconds given
          for real and cpu time
--------------------------------------------------------

deg     sel   pairs        mat          density            new data         time(rd) in sec (real|cpu)
------------------------------------------------------------------------------------------------------
  2       5       7       6 x 36        100.00%        5 new       0 zero         0.00 | 0.00         
  3      10      10      56 x 156        21.47%       10 new       0 zero         0.00 | 0.00         
  4      40      40     209 x 375        12.49%       12 new      28 zero         0.00 | 0.00         
  2       5      37      21 x 36         39.15%        5 new       0 zero         0.00 | 0.00         
  3      20      28      92 x 115        16.64%        6 new      14 zero         0.00 | 0.00         
  4      28      28     172 x 195         9.51%       10 new      20 zero         0.00 | 0.00         
  2       4      24      26 x 31         32.38%        3 new       1 zero         0.00 | 0.00         
  3      25      29      71 x 59         19.10%        4 new      21 zero         0.00 | 0.00         
------------------------------------------------------------------------------------------------------
reduce final basis        1 x 1         100.00%        1 new       0 zeroTime for rational param:          0.00 (elapsed) sec /  0.00 sec (cpu)

------------------------------------------------------------------------------------
msolve overall time           0.00 sec (elapsed) /  0.00 sec (cpu)
------------------------------------------------------------------------------------
         0.00 | 0.00         
------------------------------------------------------------------------------------------------------

---------------- TIMINGS ---------------
overall(elapsed)        0.00 sec
overall(cpu)            0.00 sec
select                  0.00 sec  15.3%
symbolic prep.          0.00 sec  13.6%
update                  0.00 sec  26.8%
convert                 0.00 sec   9.6%
linear algebra          0.00 sec  25.0%
reduce gb               0.00 sec   0.0%
-----------------------------------------

---------- COMPUTATIONAL DATA -----------
size of basis                     1
#terms in basis                   1
#pairs reduced                  137
#GM criterion                  1807
#redundant elements              62
#rows reduced                   279
#zero reductions                 84
max. matrix data                209 x 375 (12.494%)
max. symbolic hash table size  2^11
max. basis hash table size     2^16
-----------------------------------------

Grobner basis has a single element
No solution
MSOLVE_RESULT form=det3 p=1073741827 seed=61 k=6 degree=0 rc=0 sec=0
