# session 61 polar profile run pad_p2147483629_s62
# form: the full ten-variable padded permanent x_0 * per_3(x_1..x_9)
# engine=singular ks=[0, 1, 2, 3, 4, 5, 6, 7, 8] prime=2147483629 seed=62 range=99 radical=0 sat=both
# timeout 14000s, ulimit -v 6000000 kB
FORM pad nvars=10 char=2147483629 seed=62 degF=4 npartials=10
EXCESS k=0 dim=0 deg=-1
COUNT form=pad p=2147483629 seed=62 k=0 dim=1 degp=4 vdA=4 vdB=4 excess_dim=0 excess_deg=-1 sec=0
COUNTG form=pad p=2147483629 seed=62 k=0 dim=1 degp=4
// ** redefining rt1 (int rt1 = rtimer;) /root/gct/results/s61_sing/pad_p2147483629_s62.sing:50
// ** redefining rt2 (int rt2;) /root/gct/results/s61_sing/pad_p2147483629_s62.sing:51
// ** redefining rt3 (int rt3;) /root/gct/results/s61_sing/pad_p2147483629_s62.sing:52
// ** redefining degE (int degE = -1;) /root/gct/results/s61_sing/pad_p2147483629_s62.sing:53
// ** redefining dimE (int dimE = -2;) /root/gct/results/s61_sing/pad_p2147483629_s62.sing:54
// ** redefining degp_g (int degp_g = -1;) /root/gct/results/s61_sing/pad_p2147483629_s62.sing:55
// ** redefining dim_g (int dim_g = -2;) /root/gct/results/s61_sing/pad_p2147483629_s62.sing:56
// ** redefining degr (int degr = -1;) /root/gct/results/s61_sing/pad_p2147483629_s62.sing:57
// ** redefining vdB (int vdB = -1;) /root/gct/results/s61_sing/pad_p2147483629_s62.sing:58
EXCESS k=1 dim=1 deg=3
// ** redefining L (list L = list(dim(Is), 0, -1);) /root/gct/results/s61_sing/pad_p2147483629_s62.sing:63
COUNT form=pad p=2147483629 seed=62 k=1 dim=1 degp=6 vdA=6 vdB=6 excess_dim=1 excess_deg=3 sec=0
// ** redefining Lg (list Lg = polar_count_g(G, Jt, C, ellA, g, 1);) /root/gct/results/s61_sing/pad_p2147483629_s62.sing:69
COUNTG form=pad p=2147483629 seed=62 k=1 dim=1 degp=6
// ** redefining rt1 (int rt1 = rtimer;) /root/gct/results/s61_sing/pad_p2147483629_s62.sing:83
// ** redefining rt2 (int rt2;) /root/gct/results/s61_sing/pad_p2147483629_s62.sing:84
// ** redefining rt3 (int rt3;) /root/gct/results/s61_sing/pad_p2147483629_s62.sing:85
// ** redefining degE (int degE = -1;) /root/gct/results/s61_sing/pad_p2147483629_s62.sing:86
// ** redefining dimE (int dimE = -2;) /root/gct/results/s61_sing/pad_p2147483629_s62.sing:87
// ** redefining degp_g (int degp_g = -1;) /root/gct/results/s61_sing/pad_p2147483629_s62.sing:88
// ** redefining dim_g (int dim_g = -2;) /root/gct/results/s61_sing/pad_p2147483629_s62.sing:89
// ** redefining degr (int degr = -1;) /root/gct/results/s61_sing/pad_p2147483629_s62.sing:90
// ** redefining vdB (int vdB = -1;) /root/gct/results/s61_sing/pad_p2147483629_s62.sing:91
EXCESS k=2 dim=2 deg=3
// ** redefining L (list L = list(dim(Is), 0, -1);) /root/gct/results/s61_sing/pad_p2147483629_s62.sing:96
COUNT form=pad p=2147483629 seed=62 k=2 dim=1 degp=12 vdA=12 vdB=12 excess_dim=2 excess_deg=3 sec=0
// ** redefining Lg (list Lg = polar_count_g(G, Jt, C, ellA, g, 2);) /root/gct/results/s61_sing/pad_p2147483629_s62.sing:102
COUNTG form=pad p=2147483629 seed=62 k=2 dim=1 degp=12
// ** redefining rt1 (int rt1 = rtimer;) /root/gct/results/s61_sing/pad_p2147483629_s62.sing:116
// ** redefining rt2 (int rt2;) /root/gct/results/s61_sing/pad_p2147483629_s62.sing:117
// ** redefining rt3 (int rt3;) /root/gct/results/s61_sing/pad_p2147483629_s62.sing:118
// ** redefining degE (int degE = -1;) /root/gct/results/s61_sing/pad_p2147483629_s62.sing:119
// ** redefining dimE (int dimE = -2;) /root/gct/results/s61_sing/pad_p2147483629_s62.sing:120
// ** redefining degp_g (int degp_g = -1;) /root/gct/results/s61_sing/pad_p2147483629_s62.sing:121
// ** redefining dim_g (int dim_g = -2;) /root/gct/results/s61_sing/pad_p2147483629_s62.sing:122
// ** redefining degr (int degr = -1;) /root/gct/results/s61_sing/pad_p2147483629_s62.sing:123
// ** redefining vdB (int vdB = -1;) /root/gct/results/s61_sing/pad_p2147483629_s62.sing:124
EXCESS k=3 dim=3 deg=3
// ** redefining L (list L = list(dim(Is), 0, -1);) /root/gct/results/s61_sing/pad_p2147483629_s62.sing:129
COUNT form=pad p=2147483629 seed=62 k=3 dim=1 degp=24 vdA=24 vdB=24 excess_dim=3 excess_deg=3 sec=1
// ** redefining Lg (list Lg = polar_count_g(G, Jt, C, ellA, g, 3);) /root/gct/results/s61_sing/pad_p2147483629_s62.sing:135
COUNTG form=pad p=2147483629 seed=62 k=3 dim=1 degp=24
// ** redefining rt1 (int rt1 = rtimer;) /root/gct/results/s61_sing/pad_p2147483629_s62.sing:149
// ** redefining rt2 (int rt2;) /root/gct/results/s61_sing/pad_p2147483629_s62.sing:150
// ** redefining rt3 (int rt3;) /root/gct/results/s61_sing/pad_p2147483629_s62.sing:151
// ** redefining degE (int degE = -1;) /root/gct/results/s61_sing/pad_p2147483629_s62.sing:152
// ** redefining dimE (int dimE = -2;) /root/gct/results/s61_sing/pad_p2147483629_s62.sing:153
// ** redefining degp_g (int degp_g = -1;) /root/gct/results/s61_sing/pad_p2147483629_s62.sing:154
// ** redefining dim_g (int dim_g = -2;) /root/gct/results/s61_sing/pad_p2147483629_s62.sing:155
// ** redefining degr (int degr = -1;) /root/gct/results/s61_sing/pad_p2147483629_s62.sing:156
// ** redefining vdB (int vdB = -1;) /root/gct/results/s61_sing/pad_p2147483629_s62.sing:157
EXCESS k=4 dim=4 deg=3
// ** redefining L (list L = list(dim(Is), 0, -1);) /root/gct/results/s61_sing/pad_p2147483629_s62.sing:162
COUNT form=pad p=2147483629 seed=62 k=4 dim=1 degp=48 vdA=48 vdB=48 excess_dim=4 excess_deg=3 sec=7
// ** redefining Lg (list Lg = polar_count_g(G, Jt, C, ellA, g, 4);) /root/gct/results/s61_sing/pad_p2147483629_s62.sing:168
COUNTG form=pad p=2147483629 seed=62 k=4 dim=1 degp=48
// ** redefining rt1 (int rt1 = rtimer;) /root/gct/results/s61_sing/pad_p2147483629_s62.sing:182
// ** redefining rt2 (int rt2;) /root/gct/results/s61_sing/pad_p2147483629_s62.sing:183
// ** redefining rt3 (int rt3;) /root/gct/results/s61_sing/pad_p2147483629_s62.sing:184
// ** redefining degE (int degE = -1;) /root/gct/results/s61_sing/pad_p2147483629_s62.sing:185
// ** redefining dimE (int dimE = -2;) /root/gct/results/s61_sing/pad_p2147483629_s62.sing:186
// ** redefining degp_g (int degp_g = -1;) /root/gct/results/s61_sing/pad_p2147483629_s62.sing:187
// ** redefining dim_g (int dim_g = -2;) /root/gct/results/s61_sing/pad_p2147483629_s62.sing:188
// ** redefining degr (int degr = -1;) /root/gct/results/s61_sing/pad_p2147483629_s62.sing:189
// ** redefining vdB (int vdB = -1;) /root/gct/results/s61_sing/pad_p2147483629_s62.sing:190
EXCESS k=5 dim=5 deg=3
// ** redefining L (list L = list(dim(Is), 0, -1);) /root/gct/results/s61_sing/pad_p2147483629_s62.sing:195
COUNT form=pad p=2147483629 seed=62 k=5 dim=1 degp=48 vdA=48 vdB=48 excess_dim=5 excess_deg=3 sec=54
// ** redefining Lg (list Lg = polar_count_g(G, Jt, C, ellA, g, 5);) /root/gct/results/s61_sing/pad_p2147483629_s62.sing:201
COUNTG form=pad p=2147483629 seed=62 k=5 dim=1 degp=48
// ** redefining rt1 (int rt1 = rtimer;) /root/gct/results/s61_sing/pad_p2147483629_s62.sing:215
// ** redefining rt2 (int rt2;) /root/gct/results/s61_sing/pad_p2147483629_s62.sing:216
// ** redefining rt3 (int rt3;) /root/gct/results/s61_sing/pad_p2147483629_s62.sing:217
// ** redefining degE (int degE = -1;) /root/gct/results/s61_sing/pad_p2147483629_s62.sing:218
// ** redefining dimE (int dimE = -2;) /root/gct/results/s61_sing/pad_p2147483629_s62.sing:219
// ** redefining degp_g (int degp_g = -1;) /root/gct/results/s61_sing/pad_p2147483629_s62.sing:220
// ** redefining dim_g (int dim_g = -2;) /root/gct/results/s61_sing/pad_p2147483629_s62.sing:221
// ** redefining degr (int degr = -1;) /root/gct/results/s61_sing/pad_p2147483629_s62.sing:222
// ** redefining vdB (int vdB = -1;) /root/gct/results/s61_sing/pad_p2147483629_s62.sing:223
EXCESS k=6 dim=6 deg=3
// ** redefining L (list L = list(dim(Is), 0, -1);) /root/gct/results/s61_sing/pad_p2147483629_s62.sing:228
COUNT form=pad p=2147483629 seed=62 k=6 dim=1 degp=30 vdA=30 vdB=30 excess_dim=6 excess_deg=3 sec=172
// ** redefining Lg (list Lg = polar_count_g(G, Jt, C, ellA, g, 6);) /root/gct/results/s61_sing/pad_p2147483629_s62.sing:234
COUNTG form=pad p=2147483629 seed=62 k=6 dim=1 degp=30
// ** redefining rt1 (int rt1 = rtimer;) /root/gct/results/s61_sing/pad_p2147483629_s62.sing:248
// ** redefining rt2 (int rt2;) /root/gct/results/s61_sing/pad_p2147483629_s62.sing:249
// ** redefining rt3 (int rt3;) /root/gct/results/s61_sing/pad_p2147483629_s62.sing:250
// ** redefining degE (int degE = -1;) /root/gct/results/s61_sing/pad_p2147483629_s62.sing:251
// ** redefining dimE (int dimE = -2;) /root/gct/results/s61_sing/pad_p2147483629_s62.sing:252
// ** redefining degp_g (int degp_g = -1;) /root/gct/results/s61_sing/pad_p2147483629_s62.sing:253
// ** redefining dim_g (int dim_g = -2;) /root/gct/results/s61_sing/pad_p2147483629_s62.sing:254
// ** redefining degr (int degr = -1;) /root/gct/results/s61_sing/pad_p2147483629_s62.sing:255
// ** redefining vdB (int vdB = -1;) /root/gct/results/s61_sing/pad_p2147483629_s62.sing:256
EXCESS k=7 dim=7 deg=3
// ** redefining L (list L = list(dim(Is), 0, -1);) /root/gct/results/s61_sing/pad_p2147483629_s62.sing:261
COUNT form=pad p=2147483629 seed=62 k=7 dim=1 degp=6 vdA=6 vdB=6 excess_dim=7 excess_deg=3 sec=220
// ** redefining Lg (list Lg = polar_count_g(G, Jt, C, ellA, g, 7);) /root/gct/results/s61_sing/pad_p2147483629_s62.sing:267
COUNTG form=pad p=2147483629 seed=62 k=7 dim=1 degp=6
// ** redefining rt1 (int rt1 = rtimer;) /root/gct/results/s61_sing/pad_p2147483629_s62.sing:281
// ** redefining rt2 (int rt2;) /root/gct/results/s61_sing/pad_p2147483629_s62.sing:282
// ** redefining rt3 (int rt3;) /root/gct/results/s61_sing/pad_p2147483629_s62.sing:283
// ** redefining degE (int degE = -1;) /root/gct/results/s61_sing/pad_p2147483629_s62.sing:284
// ** redefining dimE (int dimE = -2;) /root/gct/results/s61_sing/pad_p2147483629_s62.sing:285
// ** redefining degp_g (int degp_g = -1;) /root/gct/results/s61_sing/pad_p2147483629_s62.sing:286
// ** redefining dim_g (int dim_g = -2;) /root/gct/results/s61_sing/pad_p2147483629_s62.sing:287
// ** redefining degr (int degr = -1;) /root/gct/results/s61_sing/pad_p2147483629_s62.sing:288
// ** redefining vdB (int vdB = -1;) /root/gct/results/s61_sing/pad_p2147483629_s62.sing:289
EXCESS k=8 dim=8 deg=3
// ** redefining L (list L = list(dim(Is), 0, -1);) /root/gct/results/s61_sing/pad_p2147483629_s62.sing:294
COUNT form=pad p=2147483629 seed=62 k=8 dim=-1 degp=0 vdA=0 vdB=0 excess_dim=8 excess_deg=3 sec=121
// ** redefining Lg (list Lg = polar_count_g(G, Jt, C, ellA, g, 8);) /root/gct/results/s61_sing/pad_p2147483629_s62.sing:300
COUNTG form=pad p=2147483629 seed=62 k=8 dim=-1 degp=0
DONE form=pad p=2147483629 seed=62 total_sec=606
