# msolve run pad_p1073741827_s61_k3_msolve: the full ten-variable padded permanent x_0 * per_3(x_1..x_9); slot k=3, chart t0=1, Rabinowitsch variable s for g

--------------- INPUT DATA ---------------
#variables                       5
#equations                       5
#invalid equations               0
field characteristic    1073741827
homogeneous input?               0
signature-based computation      0
monomial order                 DRL
basis hash table resetting     OFF
linear algebra option            2
initial hash table size     131072 (2^17)
max pair selection             ALL
reduce gb                        1
#threads                         1
info level                       2
generate pbm files               0
------------------------------------------

Legend for f4 information
--------------------------------------------------------
deg       current degree of pairs selected in this round
sel       number of pairs selected in this round
pairs     total number of pairs in pair list
mat       matrix dimensions (# rows x # columns)
density   density of the matrix
new data  # new elements for basis in this round
          # zero reductions during linear algebra
time(rd)  time of the current f4 round in seconds given
          for real and cpu time
--------------------------------------------------------

deg     sel   pairs        mat          density            new data         time(rd) in sec (real|cpu)
------------------------------------------------------------------------------------------------------
  3       2       4       3 x 35        100.00%        2 new       0 zero         0.00 | 0.00         
  4       4       4      20 x 105        33.90%        4 new       0 zero         0.00 | 0.00         
  5       8       8      58 x 183        21.93%        7 new       1 zero         0.00 | 0.00         
  6      21      21     110 x 262        18.80%       12 new       9 zero         0.02 | 0.00         
  3       4      31      13 x 35         52.97%        2 new       2 zero         0.00 | 0.00         
  4       7      30      38 x 93         22.81%        4 new       3 zero         0.00 | 0.00         
  5      16      33      81 x 144        18.00%        6 new      10 zero         0.00 | 0.00         
  6      29      35     127 x 184        16.22%        9 new      20 zero         0.00 | 0.00         
  7      37      37     183 x 227        15.33%       10 new      27 zero         0.00 | 0.00         
  4       4      41      29 x 81         25.46%        3 new       1 zero         0.00 | 0.00         
  5      15      51      88 x 135        18.63%        7 new       8 zero         0.00 | 0.00         
  5      12      66      71 x 110        25.40%       11 new       1 zero         0.00 | 0.00         
  3       3      68      15 x 33         47.88%        2 new       1 zero         0.00 | 0.00         
  4      12      75      52 x 75         31.67%        4 new       8 zero         0.00 | 0.00         
  5      55      74     143 x 131        22.20%        7 new      48 zero         0.00 | 0.00         
  4      15      50      69 x 90         27.76%        6 new       9 zero         0.00 | 0.00         
  4      15      62      69 x 84         29.05%        4 new      11 zero         0.00 | 0.00         
  4      20      55      75 x 86         27.49%        5 new      15 zero         0.00 | 0.00         
  4      10      50      60 x 76         29.91%        2 new       8 zero         0.00 | 0.00         
  4       5      48      54 x 74         30.81%        1 new       4 zero         0.00 | 0.00         
  5      28      47     112 x 108        22.67%        0 new      28 zero         0.00 | 0.00         
  6      16      19     199 x 207        12.49%        0 new      16 zero         0.01 | 0.00         
  7       3       3     254 x 275         8.54%        0 new       3 zero         0.00 | 0.00         
------------------------------------------------------------------------------------------------------
reduce final basis       26 x 50         48.23%       25 new       0 zeroDimension of quotient: 24
[24, 12], Non trivial / Trivial = 50.00%
Density of non-trivial part 100.00%
Time spent to generate sequence (elapsed): 0.00 sec (0.07 Gops/sec)
Time spent to compute eliminating polynomial (elapsed): 0.00 sec
Elimination polynomial has degree 24.
Time for rational param:          0.03 (elapsed) sec /  0.01 sec (cpu)

------------------------------------------------------------------------------------
msolve overall time           0.03 sec (elapsed) /  0.01 sec (cpu)
------------------------------------------------------------------------------------
         0.00 | 0.00         
------------------------------------------------------------------------------------------------------

---------------- TIMINGS ---------------
overall(elapsed)        0.03 sec
overall(cpu)            0.01 sec
select                  0.02 sec  57.7%
symbolic prep.          0.00 sec   2.8%
update                  0.00 sec   4.8%
convert                 0.00 sec   1.9%
linear algebra          0.00 sec   3.7%
reduce gb               0.00 sec   0.0%
-----------------------------------------

---------- COMPUTATIONAL DATA -----------
size of basis                    25
#terms in basis                 589
#pairs reduced                  341
#GM criterion                  5987
#redundant elements              88
#rows reduced                   707
#zero reductions                233
max. matrix data                254 x 275 (8.535%)
max. symbolic hash table size  2^11
max. basis hash table size     2^16
-----------------------------------------

MSOLVE_RESULT form=pad p=1073741827 seed=61 k=3 degree=24 rc=0 sec=0
