# msolve run detpencil10_p1073741827_s61_k3_msolve: det_4(sum_a x_a A_a), ten random integer 4x4 matrices (form seed 10061); slot k=3, chart t0=1, Rabinowitsch variable s for g

--------------- INPUT DATA ---------------
#variables                       5
#equations                       5
#invalid equations               0
field characteristic    1073741827
homogeneous input?               0
signature-based computation      0
monomial order                 DRL
basis hash table resetting     OFF
linear algebra option            2
initial hash table size     131072 (2^17)
max pair selection             ALL
reduce gb                        1
#threads                         1
info level                       2
generate pbm files               0
------------------------------------------

Legend for f4 information
--------------------------------------------------------
deg       current degree of pairs selected in this round
sel       number of pairs selected in this round
pairs     total number of pairs in pair list
mat       matrix dimensions (# rows x # columns)
density   density of the matrix
new data  # new elements for basis in this round
          # zero reductions during linear algebra
time(rd)  time of the current f4 round in seconds given
          for real and cpu time
--------------------------------------------------------

deg     sel   pairs        mat          density            new data         time(rd) in sec (real|cpu)
------------------------------------------------------------------------------------------------------
  3       2       4       3 x 35        100.00%        2 new       0 zero         0.00 | 0.00         
  4       4       4      20 x 105        33.90%        4 new       0 zero         0.00 | 0.00         
  5       8       8      58 x 183        21.93%        8 new       0 zero         0.02 | 0.00         
  6      19      19     116 x 262        19.62%       11 new       8 zero         0.00 | 0.00         
  7      38      38     180 x 325        18.71%       19 new      19 zero         0.00 | 0.00         
  8      64      64     253 x 363        19.85%       18 new      46 zero         0.00 | 0.00         
  7      48      72     156 x 233        31.99%       18 new      30 zero         0.00 | 0.00         
  6      77      90     215 x 298        27.79%       21 new      56 zero         0.01 | 0.00         
  6       5      94     124 x 257        30.71%        5 new       0 zero         0.00 | 0.00         
  6      25      94     163 x 302        27.69%       19 new       6 zero         0.00 | 0.00         
  6      84     109     240 x 294        31.42%       24 new      61 zero         0.02 | 0.00         
  5      60     118     172 x 204        36.99%       16 new      44 zero         0.00 | 0.00         
  5      60     118     171 x 202        36.38%       15 new      45 zero         0.00 | 0.00         
  5      35     113     139 x 180        37.82%        7 new      28 zero         0.00 | 0.00         
  5      25      91     124 x 173        39.03%        5 new      20 zero         0.01 | 0.00         
  5       5      83     100 x 164        39.99%        1 new       4 zero         0.00 | 0.00         
  5       5      80      98 x 162        40.24%        1 new       4 zero         0.00 | 0.00         
  6      66      79     263 x 265        27.31%        0 new      66 zero         0.00 | 0.00         
  7       7      13     306 x 367        20.52%        0 new       7 zero         0.00 | 0.00         
  8       6       6     421 x 483        15.48%        0 new       6 zero         0.00 | 0.00         
------------------------------------------------------------------------------------------------------
reduce final basis       60 x 128        54.61%       60 new       0 zeroDimension of quotient: 68
[68, 32], Non trivial / Trivial = 47.06%
Density of non-trivial part 100.00%
Time spent to generate sequence (elapsed): 0.00 sec (0.40 Gops/sec)
Time spent to compute eliminating polynomial (elapsed): 0.00 sec
Elimination polynomial has degree 68.
Time for rational param:          0.09 (elapsed) sec /  0.02 sec (cpu)

------------------------------------------------------------------------------------
msolve overall time           0.09 sec (elapsed) /  0.02 sec (cpu)
------------------------------------------------------------------------------------
         0.00 | 0.00         
------------------------------------------------------------------------------------------------------

---------------- TIMINGS ---------------
overall(elapsed)        0.07 sec
overall(cpu)            0.02 sec
select                  0.01 sec  19.6%
symbolic prep.          0.00 sec   4.3%
update                  0.00 sec   5.6%
convert                 0.00 sec   1.2%
linear algebra          0.03 sec  46.5%
reduce gb               0.00 sec   0.0%
-----------------------------------------

---------- COMPUTATIONAL DATA -----------
size of basis                    60
#terms in basis                4032
#pairs reduced                  643
#GM criterion                 19058
#redundant elements             139
#rows reduced                  1348
#zero reductions                450
max. matrix data                421 x 483 (15.478%)
max. symbolic hash table size  2^11
max. basis hash table size     2^16
-----------------------------------------

MSOLVE_RESULT form=detpencil10 p=1073741827 seed=61 k=3 degree=68 rc=0 sec=0
