# msolve run pad_p1073741827_s61_k4_msolve: the full ten-variable padded permanent x_0 * per_3(x_1..x_9); slot k=4, chart t0=1, Rabinowitsch variable s for g

--------------- INPUT DATA ---------------
#variables                       6
#equations                       6
#invalid equations               0
field characteristic    1073741827
homogeneous input?               0
signature-based computation      0
monomial order                 DRL
basis hash table resetting     OFF
linear algebra option            2
initial hash table size     131072 (2^17)
max pair selection             ALL
reduce gb                        1
#threads                         1
info level                       2
generate pbm files               0
------------------------------------------

Legend for f4 information
--------------------------------------------------------
deg       current degree of pairs selected in this round
sel       number of pairs selected in this round
pairs     total number of pairs in pair list
mat       matrix dimensions (# rows x # columns)
density   density of the matrix
new data  # new elements for basis in this round
          # zero reductions during linear algebra
time(rd)  time of the current f4 round in seconds given
          for real and cpu time
--------------------------------------------------------

deg     sel   pairs        mat          density            new data         time(rd) in sec (real|cpu)
------------------------------------------------------------------------------------------------------
  3       3       5       4 x 56        100.00%        3 new       0 zero         0.00 | 0.00         
  4       5       5      30 x 182        30.92%        5 new       0 zero         0.00 | 0.00         
  5      13      13      90 x 347        19.69%       10 new       3 zero         0.00 | 0.00         
  6      34      34     199 x 551        15.85%       16 new      18 zero         0.00 | 0.00         
  3       6      53      22 x 56         45.21%        3 new       3 zero         0.00 | 0.00         
  4      11      49      68 x 157        19.22%        5 new       6 zero         0.00 | 0.00         
  5      26      40     146 x 261        14.79%       10 new      16 zero         0.00 | 0.00         
  6      53      54     259 x 373        12.79%       17 new      36 zero         0.00 | 0.00         
  7      76      76     352 x 444        12.78%       21 new      56 zero         0.00 | 0.00         
  4       5      78      48 x 136        21.32%        4 new       1 zero         0.00 | 0.00         
  5      23      96     150 x 251        14.27%       10 new      13 zero         0.00 | 0.00         
  6      57     129     261 x 330        14.08%       14 new      44 zero         0.00 | 0.00         
  3       4     107      22 x 52         42.57%        3 new       1 zero         0.00 | 0.00         
  4      13     121      69 x 132        21.26%        4 new       9 zero         0.00 | 0.00         
  5      29     126     158 x 219        14.96%       13 new      16 zero         0.00 | 0.00         
  6      93     115     297 x 283        15.63%       23 new      73 zero         0.00 | 0.00         
  5     101     124     255 x 229        18.48%       15 new      86 zero         0.00 | 0.00         
  5      54      82     200 x 206        19.83%       10 new      44 zero         0.00 | 0.00         
  4      24      82     136 x 168        22.51%        6 new      18 zero         0.00 | 0.00         
  4      12      90     119 x 157        24.03%        2 new      10 zero         0.00 | 0.00         
  4       6      89     111 x 154        24.35%        1 new       5 zero         0.00 | 0.00         
  5      61      88     218 x 202        21.27%        0 new      64 zero         0.00 | 0.00         
  6       8      27     197 x 237        18.26%        0 new       8 zero         0.00 | 0.00         
  7      19      19     341 x 370        12.05%        0 new      19 zero         0.00 | 0.00         
------------------------------------------------------------------------------------------------------
reduce final basis       49 x 97         47.99%       47 new       0 zeroDimension of quotient: 48
[48, 24], Non trivial / Trivial = 50.00%
Density of non-trivial part 100.00%
Time spent to generate sequence (elapsed): 0.00 sec (0.17 Gops/sec)
Time spent to compute eliminating polynomial (elapsed): 0.00 sec
Elimination polynomial has degree 48.
Time for rational param:          0.02 (elapsed) sec /  0.02 sec (cpu)

------------------------------------------------------------------------------------
msolve overall time           0.02 sec (elapsed) /  0.02 sec (cpu)
------------------------------------------------------------------------------------
         0.00 | 0.00         
------------------------------------------------------------------------------------------------------

---------------- TIMINGS ---------------
overall(elapsed)        0.02 sec
overall(cpu)            0.02 sec
select                  0.00 sec  15.4%
symbolic prep.          0.00 sec  15.1%
update                  0.00 sec  29.4%
convert                 0.00 sec   6.1%
linear algebra          0.00 sec  30.3%
reduce gb               0.00 sec   0.0%
-----------------------------------------

---------- COMPUTATIONAL DATA -----------
size of basis                    47
#terms in basis                2179
#pairs reduced                  736
#GM criterion                 19364
#redundant elements             154
#rows reduced                  1535
#zero reductions                549
max. matrix data                352 x 444 (12.781%)
max. symbolic hash table size  2^11
max. basis hash table size     2^16
-----------------------------------------

MSOLVE_RESULT form=pad p=1073741827 seed=61 k=4 degree=48 rc=0 sec=0
