# msolve run cubic9_p1073741827_s61_k5_msolve: a random cubic in 9 variables (control: smooth, profile 3*2^k; form seed 10061); slot k=5, chart t0=1, Rabinowitsch variable s for g

--------------- INPUT DATA ---------------
#variables                       7
#equations                       7
#invalid equations               0
field characteristic    1073741827
homogeneous input?               0
signature-based computation      0
monomial order                 DRL
basis hash table resetting     OFF
linear algebra option            2
initial hash table size     131072 (2^17)
max pair selection             ALL
reduce gb                        1
#threads                         1
info level                       2
generate pbm files               0
------------------------------------------

Legend for f4 information
--------------------------------------------------------
deg       current degree of pairs selected in this round
sel       number of pairs selected in this round
pairs     total number of pairs in pair list
mat       matrix dimensions (# rows x # columns)
density   density of the matrix
new data  # new elements for basis in this round
          # zero reductions during linear algebra
time(rd)  time of the current f4 round in seconds given
          for real and cpu time
--------------------------------------------------------

deg     sel   pairs        mat          density            new data         time(rd) in sec (real|cpu)
------------------------------------------------------------------------------------------------------
  2       4       6       5 x 28        100.00%        4 new       0 zero         0.00 | 0.00         
  3       8       8      42 x 112        23.49%        8 new       0 zero         0.00 | 0.00         
  4      26      26     145 x 247        13.78%       14 new      12 zero         0.02 | 0.00         
  5      61      61     298 x 395        11.17%       19 new      42 zero         0.00 | 0.00         
  6     104     104     433 x 493        10.79%       28 new      76 zero         0.00 | 0.00         
  6      54     119     258 x 318        17.31%       19 new      35 zero         0.01 | 0.00         
  5     123     138     381 x 400        16.15%       24 new      99 zero         0.01 | 0.00         
  6     154     154     543 x 530        14.09%       16 new     138 zero         0.02 | 0.00         
  5     105     111     362 x 381        17.51%       21 new      84 zero         0.02 | 0.00         
  5      41     132     302 x 364        18.07%        6 new      35 zero         0.00 | 0.00         
  5      42     121     290 x 352        18.34%        7 new      35 zero         0.00 | 0.00         
  5       7     116     241 x 331        17.93%        1 new       6 zero         0.00 | 0.00         
  5       7     110     239 x 329        18.18%        1 new       6 zero         0.01 | 0.00         
  6     109     109     483 x 470        15.94%        0 new     109 zero         0.00 | 0.00         
------------------------------------------------------------------------------------------------------
reduce final basis       93 x 189        44.80%       93 new       0 zeroDimension of quotient: 96
Staircase is not generic
Multiplication by x3^2*x6 gets outside the staircase
Time for rational param:          0.10 (elapsed) sec /  0.02 sec (cpu)


--------------- INPUT DATA ---------------
#variables                       7
#equations                       7
#invalid equations               0
field characteristic    1073741827
homogeneous input?               0
signature-based computation      0
monomial order                 DRL
basis hash table resetting     OFF
linear algebra option            2
initial hash table size     131072 (2^17)
max pair selection             ALL
reduce gb                        1
#threads                         1
info level                       2
generate pbm files               0
------------------------------------------
         0.00 | 0.00         
------------------------------------------------------------------------------------------------------

---------------- TIMINGS ---------------
overall(elapsed)        0.10 sec
overall(cpu)            0.02 sec
select                  0.03 sec  30.0%
symbolic prep.          0.00 sec   3.5%
update                  0.02 sec  19.5%
convert                 0.01 sec  12.5%
linear algebra          0.04 sec  33.8%
reduce gb               0.00 sec   0.0%
-----------------------------------------

---------- COMPUTATIONAL DATA -----------
size of basis                    93
#terms in basis                8247
#pairs reduced                  845
#GM criterion                 14380
#redundant elements              82
#rows reduced                  1783
#zero reductions                677
max. matrix data                543 x 530 (14.089%)
max. symbolic hash table size  2^11
max. basis hash table size     2^16
-----------------------------------------


Changing variable order for possibly more generic staircase:
s, t2, t3, t4, t5, t6, t1

Legend for f4 information
--------------------------------------------------------
deg       current degree of pairs selected in this round
sel       number of pairs selected in this round
pairs     total number of pairs in pair list
mat       matrix dimensions (# rows x # columns)
density   density of the matrix
new data  # new elements for basis in this round
          # zero reductions during linear algebra
time(rd)  time of the current f4 round in seconds given
          for real and cpu time
--------------------------------------------------------

deg     sel   pairs        mat          density            new data         time(rd) in sec (real|cpu)
------------------------------------------------------------------------------------------------------
  2       4       6       5 x 28        100.00%        4 new       0 zero         0.00 | 0.00         
  3       8       8      42 x 112        23.49%        8 new       0 zero         0.00 | 0.00         
  4      26      26     145 x 247        13.78%       14 new      12 zero         0.00 | 0.00         
  5      61      61     298 x 395        11.05%       19 new      42 zero         0.00 | 0.00         
  6     104     104     433 x 493        10.58%       28 new      76 zero         0.01 | 0.00         
  6      54     114     258 x 318        16.90%       19 new      35 zero         0.00 | 0.00         
  5     120     180     368 x 387        16.23%       21 new      99 zero         0.01 | 0.00         
  6     136     136     507 x 490        14.31%       16 new     120 zero         0.00 | 0.00         
  5      91      97     372 x 392        17.34%        7 new      84 zero         0.01 | 0.00         
  5      42      48     286 x 348        18.37%        7 new      35 zero         0.00 | 0.00         
  5      36      43     293 x 354        18.55%        1 new      35 zero         0.01 | 0.00         
  5       7      14     239 x 329        18.18%        1 new       6 zero         0.00 | 0.00         
  5       6      13     242 x 332        18.40%        0 new       6 zero         0.00 | 0.00         
  6       7       7     246 x 335        18.17%        0 new       7 zero         0.00 | 0.00         
------------------------------------------------------------------------------------------------------
reduce final basis       93 x 189        44.72%       93 new       0 zeroDimension of quotient: 96
[96, 47], Non trivial / Trivial = 48.96%
Density of non-trivial part 100.00%
Time spent to generate sequence (elapsed): 0.00 sec (0.67 Gops/sec)
Time spent to compute eliminating polynomial (elapsed): 0.00 sec
Elimination polynomial has degree 96.
Time for rational param:          0.08 (elapsed) sec /  0.02 sec (cpu)

------------------------------------------------------------------------------------
msolve overall time           0.18 sec (elapsed) /  0.05 sec (cpu)
------------------------------------------------------------------------------------
         0.00 | 0.00         
------------------------------------------------------------------------------------------------------

---------------- TIMINGS ---------------
overall(elapsed)        0.05 sec
overall(cpu)            0.02 sec
select                  0.00 sec   4.5%
symbolic prep.          0.01 sec  20.9%
update                  0.02 sec  43.2%
convert                 0.00 sec   1.4%
linear algebra          0.02 sec  29.0%
reduce gb               0.00 sec   0.0%
-----------------------------------------

---------- COMPUTATIONAL DATA -----------
size of basis                    93
#terms in basis                8247
#pairs reduced                  702
#GM criterion                 10774
#redundant elements              59
#rows reduced                  1497
#zero reductions                557
max. matrix data                507 x 490 (14.309%)
max. symbolic hash table size  2^11
max. basis hash table size     2^16
-----------------------------------------

MSOLVE_RESULT form=cubic9 p=1073741827 seed=61 k=5 degree=96 rc=0 sec=0
