[     2.0s] n=4 delta=4 N=16 |H|=2627625 enumerated in 2.0s
[     3.0s] orbitals n=4 delta=4: 10147 labelled margin-4 matrices, 43 orbitals (1.0s)
[     4.2s] K_d computed for 43 orbitals; |K_d| values [384, 576, 1344, 1536, 2304, 3456, 5184, 9216, 13824, 20736, 55296, 82944, 331776]
[     4.2s] constituents 28, max a 2, sum a^2 = 43, orbitals 43
[     7.0s] lambda=(16,) a=1 n_lam=1 rank_Q G=1 i_det=0 B full rank=True pass 0.5s (0.533s/rep) room=0 (2.8s)
[    10.2s] lambda=(14, 2) a=1 n_lam=2 rank_Q G=1 i_det=0 B full rank=True pass 0.8s (0.400s/rep) room=0 (3.2s)
[    12.7s] lambda=(13, 3) a=1 n_lam=3 rank_Q G=1 i_det=0 B full rank=True pass 1.4s (0.469s/rep) room=0 (2.5s)
[    17.0s]   room-one: a=2 a_pred=1 det A=51967243793203200000 s=601322989968949248000000/109 -> not born
[    17.0s] lambda=(12, 4) a=2 n_lam=5 rank_Q G=2 i_det=0 B full rank=True pass 2.2s (0.432s/rep) room=1 (4.3s)
[    23.9s] lambda=(12, 2, 2) a=1 n_lam=9 rank_Q G=1 i_det=0 B full rank=True pass 4.1s (0.454s/rep) room=0 (7.0s)
[    31.5s] lambda=(11, 4, 1) a=1 n_lam=10 rank_Q G=1 i_det=0 B full rank=True pass 4.6s (0.458s/rep) room=0 (7.5s)
[    40.4s] lambda=(11, 3, 2) a=1 n_lam=14 rank_Q G=1 i_det=0 B full rank=True pass 6.2s (0.441s/rep) room=1 (9.0s)
[    45.9s]   room-one: a=2 a_pred=1 det A=511979205427200000000 s=196235940782407680000 -> not born
[    45.9s] lambda=(10, 6) a=2 n_lam=7 rank_Q G=2 i_det=0 B full rank=True pass 3.1s (0.446s/rep) room=1 (5.5s)
[    54.4s] lambda=(10, 5, 1) a=1 n_lam=13 rank_Q G=1 i_det=0 B full rank=True pass 5.8s (0.448s/rep) room=1 (8.5s)
[    67.3s]   room-one: a=2 a_pred=1 det A=139778449735680000000 s=3055101818594918400000/43 -> not born
[    67.3s] lambda=(10, 4, 2) a=2 n_lam=22 rank_Q G=2 i_det=0 B full rank=True pass 9.8s (0.444s/rep) room=1 (12.9s)
[    96.5s] lambda=(10, 2, 2, 2) a=1 n_lam=55 rank_Q G=1 i_det=0 B full rank=True pass 25.2s (0.458s/rep) room=1 (29.2s)
[   106.6s] lambda=(9, 6, 1) a=1 n_lam=16 rank_Q G=1 i_det=0 B full rank=True pass 7.4s (0.460s/rep) room=1 (10.1s)
[   121.5s] lambda=(9, 5, 2) a=1 n_lam=27 rank_Q G=1 i_det=0 B full rank=True pass 12.0s (0.443s/rep) room=1 (14.9s)
[   139.4s] lambda=(9, 4, 3) a=1 n_lam=35 rank_Q G=1 i_det=0 B full rank=True pass 15.2s (0.435s/rep) room=1 (17.9s)
[   173.5s] lambda=(9, 4, 2, 1) a=1 n_lam=63 rank_Q G=1 i_det=0 B full rank=True pass 28.8s (0.457s/rep) room=1 (34.1s)
[   179.8s] lambda=(8, 8) a=1 n_lam=8 rank_Q G=1 i_det=0 B full rank=True pass 3.7s (0.458s/rep) room=1 (6.2s)
[   197.7s] lambda=(8, 6, 2) a=2 n_lam=33 rank_Q G=2 i_det=0 B full rank=True pass 15.0s (0.453s/rep) room=2 (18.0s)
[   250.5s] lambda=(8, 5, 2, 1) a=1 n_lam=80 rank_Q G=1 i_det=0 B full rank=True pass 36.1s (0.451s/rep) room=1 (52.8s)
[   277.0s]   room-one: a=2 a_pred=1 det A=3425635506585600000 s=190811236668014592000000/1067 -> not born
[   277.0s] lambda=(8, 4, 4) a=2 n_lam=51 rank_Q G=2 i_det=0 B full rank=True pass 23.0s (0.450s/rep) room=1 (26.5s)
[   280.9s]   (8, 4, 2, 2) pass 1/136 (0.40s per rep)
[   303.9s]   (8, 4, 2, 2) pass 51/136 (0.45s per rep)
[   327.1s]   (8, 4, 2, 2) pass 101/136 (0.46s per rep)
[   343.5s]   (8, 4, 2, 2) pass 136/136 (0.52s per rep)
[   343.6s] lambda=(8, 4, 2, 2) a=1 n_lam=136 rank_Q G=1 i_det=0 B full rank=True pass 63.0s (0.463s/rep) room=1 (66.6s)
[   368.7s] lambda=(7, 7, 1, 1) a=1 n_lam=47 rank_Q G=1 i_det=0 B full rank=True pass 21.4s (0.456s/rep) room=1 (25.1s)
[   394.6s] lambda=(7, 6, 3) a=1 n_lam=49 rank_Q G=1 i_det=0 B full rank=True pass 22.9s (0.468s/rep) room=1 (25.9s)
[   399.0s]   (7, 5, 3, 1) pass 1/127 (0.41s per rep)
[   421.7s]   (7, 5, 3, 1) pass 51/127 (0.46s per rep)
[   445.6s]   (7, 5, 3, 1) pass 101/127 (0.53s per rep)
[   459.0s]   (7, 5, 3, 1) pass 127/127 (0.49s per rep)
[   459.1s] lambda=(7, 5, 3, 1) a=1 n_lam=127 rank_Q G=1 i_det=0 B full rank=True pass 60.4s (0.476s/rep) room=1 (64.5s)
[   463.1s]   (7, 4, 4, 1) pass 1/145 (0.44s per rep)
[   486.1s]   (7, 4, 4, 1) pass 51/145 (0.45s per rep)
[   509.4s]   (7, 4, 4, 1) pass 101/145 (0.44s per rep)
[   530.6s]   (7, 4, 4, 1) pass 145/145 (0.45s per rep)
[   530.8s] lambda=(7, 4, 4, 1) a=1 n_lam=145 rank_Q G=1 i_det=0 B full rank=True pass 68.0s (0.469s/rep) room=1 (71.7s)
[   565.8s] lambda=(6, 6, 4) a=1 n_lam=66 rank_Q G=1 i_det=0 B full rank=True pass 30.7s (0.465s/rep) room=1 (35.0s)
[   570.8s]   (6, 6, 2, 2) pass 1/180 (0.42s per rep)
[   593.1s]   (6, 6, 2, 2) pass 51/180 (0.52s per rep)
[   615.6s]   (6, 6, 2, 2) pass 101/180 (0.49s per rep)
[   637.9s]   (6, 6, 2, 2) pass 151/180 (0.46s per rep)
[   652.0s]   (6, 6, 2, 2) pass 180/180 (0.42s per rep)
[   652.3s] lambda=(6, 6, 2, 2) a=1 n_lam=180 rank_Q G=1 i_det=0 B full rank=True pass 81.7s (0.454s/rep) room=1 (86.5s)
[   656.6s]   (6, 4, 4, 2) pass 1/288 (0.39s per rep)
[   677.5s]   (6, 4, 4, 2) pass 51/288 (0.41s per rep)
[   699.3s]   (6, 4, 4, 2) pass 101/288 (0.42s per rep)
[   721.7s]   (6, 4, 4, 2) pass 151/288 (0.45s per rep)
[   744.6s]   (6, 4, 4, 2) pass 201/288 (0.45s per rep)
[   768.5s]   (6, 4, 4, 2) pass 251/288 (0.45s per rep)
[   786.6s]   (6, 4, 4, 2) pass 288/288 (0.48s per rep)
[   787.2s] lambda=(6, 4, 4, 2) a=1 n_lam=288 rank_Q G=1 i_det=0 B full rank=True pass 130.4s (0.453s/rep) room=1 (134.9s)
[   791.8s]   (4, 4, 4, 4) pass 1/465 (0.41s per rep)
[   813.1s]   (4, 4, 4, 4) pass 51/465 (0.45s per rep)
[   836.3s]   (4, 4, 4, 4) pass 101/465 (0.53s per rep)
[   859.8s]   (4, 4, 4, 4) pass 151/465 (0.46s per rep)
[   883.0s]   (4, 4, 4, 4) pass 201/465 (0.49s per rep)
[   907.0s]   (4, 4, 4, 4) pass 251/465 (0.49s per rep)
[   932.3s]   (4, 4, 4, 4) pass 301/465 (0.55s per rep)
[   957.1s]   (4, 4, 4, 4) pass 351/465 (0.56s per rep)
[   984.3s]   (4, 4, 4, 4) pass 401/465 (0.62s per rep)
[  1009.2s]   (4, 4, 4, 4) pass 451/465 (0.47s per rep)
[  1016.6s]   (4, 4, 4, 4) pass 465/465 (0.57s per rep)
[  1018.2s] lambda=(4, 4, 4, 4) a=1 n_lam=465 rank_Q G=1 i_det=0 B full rank=True pass 225.2s (0.484s/rep) room=1 (231.0s)
[  1022.8s] certificates written to results/certs/s62
[  1022.8s] done
