== s62_G_n4_d2_4_4.json
PASS 1, RECORDED 0, FAIL 0, UNPARSEABLE 0, ERROR 0
== s62_G_n4_d2_6_2.json
PASS 1, RECORDED 0, FAIL 0, UNPARSEABLE 0, ERROR 0
== s62_G_n4_d2_8.json
PASS 1, RECORDED 0, FAIL 0, UNPARSEABLE 0, ERROR 0
== s62_G_n4_d3_10_2.json
PASS 1, RECORDED 0, FAIL 0, UNPARSEABLE 0, ERROR 0
== s62_G_n4_d3_12.json
PASS 1, RECORDED 0, FAIL 0, UNPARSEABLE 0, ERROR 0
== s62_G_n4_d3_4_4_4.json
PASS 1, RECORDED 0, FAIL 0, UNPARSEABLE 0, ERROR 0
== s62_G_n4_d3_6_4_2.json
PASS 1, RECORDED 0, FAIL 0, UNPARSEABLE 0, ERROR 0
== s62_G_n4_d3_6_6.json
PASS 1, RECORDED 0, FAIL 0, UNPARSEABLE 0, ERROR 0
== s62_G_n4_d3_7_4_1.json
PASS 1, RECORDED 0, FAIL 0, UNPARSEABLE 0, ERROR 0
== s62_G_n4_d3_8_2_2.json
PASS 1, RECORDED 0, FAIL 0, UNPARSEABLE 0, ERROR 0
== s62_G_n4_d3_8_4.json
PASS 1, RECORDED 0, FAIL 0, UNPARSEABLE 0, ERROR 0
== s62_G_n4_d3_9_3.json
PASS 1, RECORDED 0, FAIL 0, UNPARSEABLE 0, ERROR 0
== s62_G_n4_d4_10_2_2_2.json
PASS 1, RECORDED 0, FAIL 0, UNPARSEABLE 0, ERROR 0
== s62_G_n4_d4_10_4_2.json
PASS 1, RECORDED 0, FAIL 0, UNPARSEABLE 0, ERROR 0
== s62_G_n4_d4_10_5_1.json
PASS 1, RECORDED 0, FAIL 0, UNPARSEABLE 0, ERROR 0
== s62_G_n4_d4_10_6.json
PASS 1, RECORDED 0, FAIL 0, UNPARSEABLE 0, ERROR 0
== s62_G_n4_d4_11_3_2.json
PASS 1, RECORDED 0, FAIL 0, UNPARSEABLE 0, ERROR 0
== s62_G_n4_d4_11_4_1.json
PASS 1, RECORDED 0, FAIL 0, UNPARSEABLE 0, ERROR 0
== s62_G_n4_d4_12_2_2.json
PASS 1, RECORDED 0, FAIL 0, UNPARSEABLE 0, ERROR 0
== s62_G_n4_d4_12_4.json
PASS 1, RECORDED 0, FAIL 0, UNPARSEABLE 0, ERROR 0
== s62_G_n4_d4_13_3.json
PASS 1, RECORDED 0, FAIL 0, UNPARSEABLE 0, ERROR 0
== s62_G_n4_d4_14_2.json
PASS 1, RECORDED 0, FAIL 0, UNPARSEABLE 0, ERROR 0
== s62_G_n4_d4_16.json
PASS 1, RECORDED 0, FAIL 0, UNPARSEABLE 0, ERROR 0
== s62_G_n4_d4_4_4_4_4.json
PASS 1, RECORDED 0, FAIL 0, UNPARSEABLE 0, ERROR 0
== s62_G_n4_d4_6_4_4_2.json
PASS 1, RECORDED 0, FAIL 0, UNPARSEABLE 0, ERROR 0
== s62_G_n4_d4_6_6_2_2.json
PASS 1, RECORDED 0, FAIL 0, UNPARSEABLE 0, ERROR 0
== s62_G_n4_d4_6_6_4.json
PASS 1, RECORDED 0, FAIL 0, UNPARSEABLE 0, ERROR 0
== s62_G_n4_d4_7_4_4_1.json
PASS 1, RECORDED 0, FAIL 0, UNPARSEABLE 0, ERROR 0
== s62_G_n4_d4_7_5_3_1.json
PASS 1, RECORDED 0, FAIL 0, UNPARSEABLE 0, ERROR 0
== s62_G_n4_d4_7_6_3.json
PASS 1, RECORDED 0, FAIL 0, UNPARSEABLE 0, ERROR 0
== s62_G_n4_d4_7_7_1_1.json
PASS 1, RECORDED 0, FAIL 0, UNPARSEABLE 0, ERROR 0
== s62_G_n4_d4_8_4_2_2.json
PASS 1, RECORDED 0, FAIL 0, UNPARSEABLE 0, ERROR 0
== s62_G_n4_d4_8_4_4.json
PASS 1, RECORDED 0, FAIL 0, UNPARSEABLE 0, ERROR 0
== s62_G_n4_d4_8_5_2_1.json
PASS 1, RECORDED 0, FAIL 0, UNPARSEABLE 0, ERROR 0
== s62_G_n4_d4_8_6_2.json
PASS 1, RECORDED 0, FAIL 0, UNPARSEABLE 0, ERROR 0
== s62_G_n4_d4_8_8.json
PASS 1, RECORDED 0, FAIL 0, UNPARSEABLE 0, ERROR 0
== s62_G_n4_d4_9_4_2_1.json
PASS 1, RECORDED 0, FAIL 0, UNPARSEABLE 0, ERROR 0
== s62_G_n4_d4_9_4_3.json
PASS 1, RECORDED 0, FAIL 0, UNPARSEABLE 0, ERROR 0
== s62_G_n4_d4_9_5_2.json
PASS 1, RECORDED 0, FAIL 0, UNPARSEABLE 0, ERROR 0
== s62_G_n4_d4_9_6_1.json
PASS 1, RECORDED 0, FAIL 0, UNPARSEABLE 0, ERROR 0
== s62_n2_G_2p3.json
PASS 1, RECORDED 0, FAIL 0, UNPARSEABLE 0, ERROR 0
== s62_n2_G_2p4.json
PASS 1, RECORDED 0, FAIL 0, UNPARSEABLE 0, ERROR 0
== s62_n2_G_2p5.json
PASS 1, RECORDED 0, FAIL 0, UNPARSEABLE 0, ERROR 0
== s62_n2_G_2p6.json
PASS 1, RECORDED 0, FAIL 0, UNPARSEABLE 0, ERROR 0
ALLDONE
