      level 1: 32 prefixes
      level 2: 340 prefixes
      level 3: 1449 prefixes
      level 4: 2585 prefixes
      level 5: 2795 prefixes
      level 6: 2795 prefixes
  lam=(12, 5, 5, 1, 1): N_S=2795 |Stab|=4 n_chi=524 (orbits dropped: 410) [lean, 0s, HWM 0.06 GB]
    E_01: |H|=2 targets 1824 canonical rows 658 nnz 2795 (obstructed fixed targets cancelled: 150) [0s, HWM 0.06 GB]
    E_12: |H|=2 targets 2553 canonical rows 927 nnz 2754 (obstructed fixed targets cancelled: 114) [0s, HWM 0.06 GB]
    E_23: |H|=1 targets 929 canonical rows 929 nnz 2034 (obstructed fixed targets cancelled: 0) [0s, HWM 0.06 GB]
    E_34: |H|=2 targets 1765 canonical rows 0 nnz 0 (obstructed fixed targets cancelled: 31) [0s, HWM 0.06 GB]
  built (12, 5, 5, 1, 1) d6: N_S=2795 |Stab|=4 n_chi=524 rows=2514 nnz=7583 (0s: mono 0s orbits 0s rows 0s; HWM 0.06 GB)
    dense kernel [exact] p=2147483629: nullity 2 = a, rank 522, all vectors verified on the full E (0s, HWM 0.08 GB)
    dense kernel [exact] p=2147483647: nullity 2 = a, rank 522, all vectors verified on the full E (0s, HWM 0.08 GB)
  RESULT (12, 5, 5, 1, 1) d6: a=2 n_chi=524 mult_det=2 mult_red=2 mult_pad=2 D=0 ok=True  (0.6s, HWM 0.08 GB)
  BANKED (6, (12, 5, 5, 1, 1)): mult_det=2 mult_red=2 mult_pad=2 D=0 | banked det/red True/True pad=red True PASS=True (1s)
      level 1: 49 prefixes
      level 2: 607 prefixes
      level 3: 1993 prefixes
      level 4: 2542 prefixes
      level 5: 2565 prefixes
      level 6: 2565 prefixes
      level 7: 2565 prefixes
  lam=(18, 4, 2, 2, 2): N_S=2565 |Stab|=6 n_chi=606 (orbits dropped: 0) [lean, 0s, HWM 0.06 GB]
    E_01: |H|=6 targets 1339 canonical rows 322 nnz 1363 (obstructed fixed targets cancelled: 0) [0s, HWM 0.06 GB]
    E_12: |H|=2 targets 1482 canonical rows 837 nnz 2235 (obstructed fixed targets cancelled: 0) [0s, HWM 0.06 GB]
    E_23: |H|=1 targets 1965 canonical rows 1965 nnz 3503 (obstructed fixed targets cancelled: 0) [0s, HWM 0.06 GB]
    E_34: |H|=1 targets 1965 canonical rows 1965 nnz 3503 (obstructed fixed targets cancelled: 0) [0s, HWM 0.06 GB]
  built (18, 4, 2, 2, 2) d7: N_S=2565 |Stab|=6 n_chi=606 rows=5089 nnz=10604 (0s: mono 0s orbits 0s rows 0s; HWM 0.06 GB)
    dense kernel [exact] p=2147483629: nullity 3 = a, rank 603, all vectors verified on the full E (1s, HWM 0.14 GB)
    dense kernel [exact] p=2147483647: nullity 3 = a, rank 603, all vectors verified on the full E (1s, HWM 0.14 GB)
  RESULT (18, 4, 2, 2, 2) d7: a=3 n_chi=606 mult_det=3 mult_red=3 mult_pad=3 D=0 ok=True  (1.4s, HWM 0.14 GB)
  BANKED (7, (18, 4, 2, 2, 2)): mult_det=3 mult_red=3 mult_pad=3 D=0 | banked det/red True/True pad=red True PASS=True (1s)
      level 1: 50 prefixes
      level 2: 628 prefixes
      level 3: 2053 prefixes
      level 4: 2602 prefixes
      level 5: 2625 prefixes
      level 6: 2625 prefixes
      level 7: 2625 prefixes
      level 8: 2625 prefixes
  lam=(22, 4, 2, 2, 2): N_S=2625 |Stab|=6 n_chi=625 (orbits dropped: 0) [lean, 0s, HWM 0.06 GB]
    E_01: |H|=6 targets 1349 canonical rows 326 nnz 1395 (obstructed fixed targets cancelled: 0) [0s, HWM 0.06 GB]
    E_12: |H|=2 targets 1527 canonical rows 865 nnz 2287 (obstructed fixed targets cancelled: 0) [0s, HWM 0.06 GB]
    E_23: |H|=1 targets 2014 canonical rows 2014 nnz 3576 (obstructed fixed targets cancelled: 0) [0s, HWM 0.06 GB]
    E_34: |H|=1 targets 2014 canonical rows 2014 nnz 3576 (obstructed fixed targets cancelled: 0) [0s, HWM 0.06 GB]
  built (22, 4, 2, 2, 2) d8: N_S=2625 |Stab|=6 n_chi=625 rows=5219 nnz=10834 (0s: mono 0s orbits 0s rows 0s; HWM 0.06 GB)
    dense kernel [exact] p=2147483647: nullity 3 = a, rank 622, all vectors verified on the full E (1s, HWM 0.14 GB)
    dense kernel [exact] p=2147483629: nullity 3 = a, rank 622, all vectors verified on the full E (1s, HWM 0.14 GB)
  RESULT (22, 4, 2, 2, 2) d8: a=3 n_chi=625 mult_det=3 mult_red=3 mult_pad=3 D=0 ok=True  (1.5s, HWM 0.14 GB)
  BANKED (8, (22, 4, 2, 2, 2)): mult_det=3 mult_red=3 mult_pad=3 D=0 | banked det/red True/True pad=red True PASS=True (1s)
      level 1: 50 prefixes
      level 2: 638 prefixes
      level 3: 2063 prefixes
      level 4: 2612 prefixes
      level 5: 2635 prefixes
      level 6: 2635 prefixes
      level 7: 2635 prefixes
      level 8: 2635 prefixes
      level 9: 2635 prefixes
  lam=(26, 4, 2, 2, 2): N_S=2635 |Stab|=6 n_chi=629 (orbits dropped: 0) [lean, 0s, HWM 0.06 GB]
    E_01: |H|=6 targets 1350 canonical rows 327 nnz 1401 (obstructed fixed targets cancelled: 0) [0s, HWM 0.06 GB]
    E_12: |H|=2 targets 1536 canonical rows 871 nnz 2296 (obstructed fixed targets cancelled: 0) [0s, HWM 0.06 GB]
    E_23: |H|=1 targets 2023 canonical rows 2023 nnz 3587 (obstructed fixed targets cancelled: 0) [0s, HWM 0.06 GB]
    E_34: |H|=1 targets 2023 canonical rows 2023 nnz 3587 (obstructed fixed targets cancelled: 0) [0s, HWM 0.06 GB]
  built (26, 4, 2, 2, 2) d9: N_S=2635 |Stab|=6 n_chi=629 rows=5244 nnz=10871 (0s: mono 0s orbits 0s rows 0s; HWM 0.06 GB)
    dense kernel [exact] p=2147483647: nullity 3 = a, rank 626, all vectors verified on the full E (1s, HWM 0.14 GB)
    dense kernel [exact] p=2147483629: nullity 3 = a, rank 626, all vectors verified on the full E (1s, HWM 0.14 GB)
  RESULT (26, 4, 2, 2, 2) d9: a=3 n_chi=629 mult_det=3 mult_red=3 mult_pad=3 D=0 ok=True  (1.3s, HWM 0.14 GB)
  BANKED (9, (26, 4, 2, 2, 2)): mult_det=3 mult_red=3 mult_pad=3 D=0 | banked det/red True/True pad=red True PASS=True (1s)
      level 1: 35 prefixes
      level 2: 372 prefixes
      level 3: 1720 prefixes
      level 4: 3218 prefixes
      level 5: 3562 prefixes
      level 6: 3575 prefixes
      level 7: 3575 prefixes
  lam=(16, 5, 5, 1, 1): N_S=3575 |Stab|=4 n_chi=663 (orbits dropped: 534) [lean, 0s, HWM 0.06 GB]
    E_01: |H|=2 targets 2155 canonical rows 770 nnz 3503 (obstructed fixed targets cancelled: 206) [0s, HWM 0.06 GB]
    E_12: |H|=2 targets 3264 canonical rows 1177 nnz 3466 (obstructed fixed targets cancelled: 141) [0s, HWM 0.06 GB]
    E_23: |H|=1 targets 1200 canonical rows 1200 nnz 2582 (obstructed fixed targets cancelled: 0) [0s, HWM 0.06 GB]
    E_34: |H|=2 targets 2268 canonical rows 0 nnz 0 (obstructed fixed targets cancelled: 35) [0s, HWM 0.06 GB]
  built (16, 5, 5, 1, 1) d7: N_S=3575 |Stab|=4 n_chi=663 rows=3147 nnz=9551 (0s: mono 0s orbits 0s rows 0s; HWM 0.06 GB)
    dense kernel [exact] p=2147483647: nullity 3 = a, rank 660, all vectors verified on the full E (1s, HWM 0.11 GB)
    dense kernel [exact] p=2147483629: nullity 3 = a, rank 660, all vectors verified on the full E (1s, HWM 0.11 GB)
  RESULT (16, 5, 5, 1, 1) d7: a=3 n_chi=663 mult_det=3 mult_red=3 mult_pad=3 D=0 ok=True  (0.9s, HWM 0.11 GB)
  BANKED (7, (16, 5, 5, 1, 1)): mult_det=3 mult_red=3 mult_pad=3 D=0 | banked det/red True/True pad=red True PASS=True (1s)
      level 1: 35 prefixes
      level 2: 393 prefixes
      level 3: 1908 prefixes
      level 4: 3550 prefixes
      level 5: 3933 prefixes
      level 6: 3946 prefixes
      level 7: 3946 prefixes
      level 8: 3946 prefixes
  lam=(20, 5, 5, 1, 1): N_S=3946 |Stab|=4 n_chi=726 (orbits dropped: 602) [lean, 0s, HWM 0.06 GB]
    E_01: |H|=2 targets 2285 canonical rows 811 nnz 3790 (obstructed fixed targets cancelled: 235) [0s, HWM 0.06 GB]
    E_12: |H|=2 targets 3611 canonical rows 1293 nnz 3761 (obstructed fixed targets cancelled: 153) [0s, HWM 0.06 GB]
    E_23: |H|=1 targets 1342 canonical rows 1342 nnz 2828 (obstructed fixed targets cancelled: 0) [0s, HWM 0.06 GB]
    E_34: |H|=2 targets 2514 canonical rows 0 nnz 0 (obstructed fixed targets cancelled: 38) [0s, HWM 0.06 GB]
  built (20, 5, 5, 1, 1) d8: N_S=3946 |Stab|=4 n_chi=726 rows=3446 nnz=10379 (0s: mono 0s orbits 0s rows 0s; HWM 0.06 GB)
    dense kernel [exact] p=2147483647: nullity 3 = a, rank 723, all vectors verified on the full E (1s, HWM 0.12 GB)
    dense kernel [exact] p=2147483629: nullity 3 = a, rank 723, all vectors verified on the full E (1s, HWM 0.12 GB)
  RESULT (20, 5, 5, 1, 1) d8: a=3 n_chi=726 mult_det=3 mult_red=3 mult_pad=3 D=0 ok=True  (1.2s, HWM 0.12 GB)
  BANKED (8, (20, 5, 5, 1, 1)): mult_det=3 mult_red=3 mult_pad=3 D=0 | banked det/red True/True pad=red True PASS=True (1s)
      level 1: 28 prefixes
      level 2: 215 prefixes
      level 3: 1072 prefixes
      level 4: 2860 prefixes
      level 5: 3852 prefixes
      level 6: 3852 prefixes
  lam=(9, 9, 4, 1, 1): N_S=3852 |Stab|=4 n_chi=736 (orbits dropped: 518) [lean, 0s, HWM 0.06 GB]
    E_01: |H|=2 targets 3686 canonical rows 1362 nnz 5413 (obstructed fixed targets cancelled: 242) [0s, HWM 0.06 GB]
    E_12: |H|=2 targets 2418 canonical rows 887 nnz 3523 (obstructed fixed targets cancelled: 160) [0s, HWM 0.06 GB]
    E_23: |H|=2 targets 1373 canonical rows 659 nnz 1410 (obstructed fixed targets cancelled: 18) [0s, HWM 0.06 GB]
    E_34: |H|=2 targets 2417 canonical rows 0 nnz 0 (obstructed fixed targets cancelled: 43) [0s, HWM 0.06 GB]
  built (9, 9, 4, 1, 1) d6: N_S=3852 |Stab|=4 n_chi=736 rows=2908 nnz=10346 (0s: mono 0s orbits 0s rows 0s; HWM 0.06 GB)
    dense kernel [exact] p=2147483647: nullity 2 = a, rank 734, all vectors verified on the full E (1s, HWM 0.11 GB)
    dense kernel [exact] p=2147483629: nullity 2 = a, rank 734, all vectors verified on the full E (1s, HWM 0.11 GB)
  RESULT (9, 9, 4, 1, 1) d6: a=2 n_chi=736 mult_det=2 mult_red=2 mult_pad=2 D=0 ok=True  (1.0s, HWM 0.11 GB)
  BANKED (6, (9, 9, 4, 1, 1)): mult_det=2 mult_red=2 mult_pad=2 D=0 | banked det/red True/True pad=red True PASS=True (1s)
      level 1: 35 prefixes
      level 2: 420 prefixes
      level 3: 2003 prefixes
      level 4: 3684 prefixes
      level 5: 4067 prefixes
      level 6: 4080 prefixes
      level 7: 4080 prefixes
      level 8: 4080 prefixes
      level 9: 4080 prefixes
  lam=(24, 5, 5, 1, 1): N_S=4080 |Stab|=4 n_chi=747 (orbits dropped: 631) [lean, 0s, HWM 0.07 GB]
    E_01: |H|=2 targets 2322 canonical rows 821 nnz 3871 (obstructed fixed targets cancelled: 247) [0s, HWM 0.07 GB]
    E_12: |H|=2 targets 3742 canonical rows 1334 nnz 3846 (obstructed fixed targets cancelled: 156) [0s, HWM 0.07 GB]
    E_23: |H|=1 targets 1401 canonical rows 1399 nnz 2910 (obstructed fixed targets cancelled: 0) [0s, HWM 0.07 GB]
    E_34: |H|=2 targets 2606 canonical rows 0 nnz 0 (obstructed fixed targets cancelled: 39) [0s, HWM 0.07 GB]
  built (24, 5, 5, 1, 1) d9: N_S=4080 |Stab|=4 n_chi=747 rows=3554 nnz=10627 (0s: mono 0s orbits 0s rows 0s; HWM 0.07 GB)
    dense kernel [exact] p=2147483629: nullity 3 = a, rank 744, all vectors verified on the full E (1s, HWM 0.12 GB)
    dense kernel [exact] p=2147483647: nullity 3 = a, rank 744, all vectors verified on the full E (1s, HWM 0.12 GB)
  RESULT (24, 5, 5, 1, 1) d9: a=3 n_chi=747 mult_det=3 mult_red=3 mult_pad=3 D=0 ok=True  (1.2s, HWM 0.12 GB)
  BANKED (9, (24, 5, 5, 1, 1)): mult_det=3 mult_red=3 mult_pad=3 D=0 | banked det/red True/True pad=red True PASS=True (1s)
      level 1: 47 prefixes
      level 2: 582 prefixes
      level 3: 2359 prefixes
      level 4: 3555 prefixes
      level 5: 3672 prefixes
      level 6: 3672 prefixes
  lam=(13, 5, 2, 2, 2): N_S=3672 |Stab|=6 n_chi=825 (orbits dropped: 0) [lean, 0s, HWM 0.07 GB]
    E_01: |H|=6 targets 2337 canonical rows 546 nnz 2234 (obstructed fixed targets cancelled: 0) [0s, HWM 0.07 GB]
    E_12: |H|=2 targets 1910 canonical rows 1068 nnz 3220 (obstructed fixed targets cancelled: 0) [0s, HWM 0.07 GB]
    E_23: |H|=1 targets 2800 canonical rows 2800 nnz 5112 (obstructed fixed targets cancelled: 0) [0s, HWM 0.07 GB]
    E_34: |H|=1 targets 2800 canonical rows 2800 nnz 5112 (obstructed fixed targets cancelled: 0) [0s, HWM 0.07 GB]
  built (13, 5, 2, 2, 2) d6: N_S=3672 |Stab|=6 n_chi=825 rows=7214 nnz=15678 (0s: mono 0s orbits 0s rows 0s; HWM 0.07 GB)
    dense kernel [exact] p=2147483647: nullity 2 = a, rank 823, all vectors verified on the full E (2s, HWM 0.22 GB)
    dense kernel [exact] p=2147483629: nullity 2 = a, rank 823, all vectors verified on the full E (3s, HWM 0.22 GB)
  RESULT (13, 5, 2, 2, 2) d6: a=2 n_chi=825 mult_det=2 mult_red=2 mult_pad=2 D=0 ok=True  (2.9s, HWM 0.22 GB)
  BANKED (6, (13, 5, 2, 2, 2)): mult_det=2 mult_red=2 mult_pad=2 D=0 | banked det/red True/True pad=red True PASS=True (3s)
      level 1: 30 prefixes
      level 2: 217 prefixes
      level 3: 754 prefixes
      level 4: 1751 prefixes
      level 5: 2412 prefixes
      level 6: 2551 prefixes
      level 7: 2558 prefixes
      level 8: 2558 prefixes
  lam=(18, 10, 2, 1, 1): N_S=2558 |Stab|=2 n_chi=899 (orbits dropped: 760) [lean, 0s, HWM 0.07 GB]
    E_01: |H|=2 targets 2087 canonical rows 733 nnz 3355 (obstructed fixed targets cancelled: 219) [0s, HWM 0.07 GB]
    E_12: |H|=2 targets 1041 canonical rows 358 nnz 1378 (obstructed fixed targets cancelled: 83) [0s, HWM 0.07 GB]
    E_23: |H|=1 targets 1267 canonical rows 1194 nnz 1798 (obstructed fixed targets cancelled: 0) [0s, HWM 0.07 GB]
    E_34: |H|=1 targets 1659 canonical rows 0 nnz 0 (obstructed fixed targets cancelled: 0) [0s, HWM 0.07 GB]
  built (18, 10, 2, 1, 1) d8: N_S=2558 |Stab|=2 n_chi=899 rows=2285 nnz=6531 (0s: mono 0s orbits 0s rows 0s; HWM 0.07 GB)
    dense kernel [exact] p=2147483629: nullity 2 = a, rank 897, all vectors verified on the full E (1s, HWM 0.11 GB)
    dense kernel [exact] p=2147483647: nullity 2 = a, rank 897, all vectors verified on the full E (1s, HWM 0.11 GB)
  RESULT (18, 10, 2, 1, 1) d8: a=2 n_chi=899 mult_det=2 mult_red=2 mult_pad=2 D=0 ok=True  (1.0s, HWM 0.11 GB)
  BANKED (8, (18, 10, 2, 1, 1)): mult_det=2 mult_red=2 mult_pad=2 D=0 | banked det/red True/True pad=red True PASS=True (1s)
      level 1: 33 prefixes
      level 2: 336 prefixes
      level 3: 1362 prefixes
      level 4: 2367 prefixes
      level 5: 2553 prefixes
      level 6: 2553 prefixes
  lam=(12, 6, 4, 1, 1): N_S=2553 |Stab|=2 n_chi=927 (orbits dropped: 699) [lean, 0s, HWM 0.07 GB]
    E_01: |H|=2 targets 1824 canonical rows 658 nnz 2813 (obstructed fixed targets cancelled: 150) [0s, HWM 0.07 GB]
    E_12: |H|=2 targets 1884 canonical rows 684 nnz 2265 (obstructed fixed targets cancelled: 94) [0s, HWM 0.07 GB]
    E_23: |H|=1 targets 929 canonical rows 907 nnz 1854 (obstructed fixed targets cancelled: 0) [0s, HWM 0.07 GB]
    E_34: |H|=1 targets 1626 canonical rows 0 nnz 0 (obstructed fixed targets cancelled: 0) [0s, HWM 0.07 GB]
  built (12, 6, 4, 1, 1) d6: N_S=2553 |Stab|=2 n_chi=927 rows=2249 nnz=6932 (0s: mono 0s orbits 0s rows 0s; HWM 0.07 GB)
    dense kernel [exact] p=2147483647: nullity 2 = a, rank 925, all vectors verified on the full E (1s, HWM 0.11 GB)
    dense kernel [exact] p=2147483629: nullity 2 = a, rank 925, all vectors verified on the full E (1s, HWM 0.11 GB)
  RESULT (12, 6, 4, 1, 1) d6: a=2 n_chi=927 mult_det=2 mult_red=2 mult_pad=2 D=0 ok=True  (1.0s, HWM 0.11 GB)
  BANKED (6, (12, 6, 4, 1, 1)): mult_det=2 mult_red=2 mult_pad=2 D=0 | banked det/red True/True pad=red True PASS=True (1s)
      level 1: 34 prefixes
      level 2: 316 prefixes
      level 3: 1333 prefixes
      level 4: 2417 prefixes
      level 5: 2679 prefixes
      level 6: 2688 prefixes
      level 7: 2688 prefixes
      level 8: 2688 prefixes
  lam=(20, 7, 3, 1, 1): N_S=2688 |Stab|=2 n_chi=962 (orbits dropped: 764) [lean, 0s, HWM 0.07 GB]
    E_01: |H|=2 targets 1849 canonical rows 652 nnz 3028 (obstructed fixed targets cancelled: 193) [0s, HWM 0.07 GB]
    E_12: |H|=2 targets 1623 canonical rows 560 nnz 1920 (obstructed fixed targets cancelled: 102) [0s, HWM 0.07 GB]
    E_23: |H|=1 targets 1144 canonical rows 1138 nnz 1924 (obstructed fixed targets cancelled: 0) [0s, HWM 0.07 GB]
    E_34: |H|=1 targets 1726 canonical rows 0 nnz 0 (obstructed fixed targets cancelled: 0) [0s, HWM 0.07 GB]
  built (20, 7, 3, 1, 1) d8: N_S=2688 |Stab|=2 n_chi=962 rows=2350 nnz=6872 (0s: mono 0s orbits 0s rows 0s; HWM 0.07 GB)
    dense kernel [exact] p=2147483629: nullity 4 = a, rank 958, all vectors verified on the full E (1s, HWM 0.11 GB)
    dense kernel [exact] p=2147483647: nullity 4 = a, rank 958, all vectors verified on the full E (1s, HWM 0.11 GB)
  RESULT (20, 7, 3, 1, 1) d8: a=4 n_chi=962 mult_det=4 mult_red=4 mult_pad=4 D=0 ok=True  (1.1s, HWM 0.11 GB)
  BANKED (8, (20, 7, 3, 1, 1)): mult_det=4 mult_red=4 mult_pad=4 D=0 | banked det/red True/True pad=red True PASS=True (1s)
      level 1: 48 prefixes
      level 2: 626 prefixes
      level 3: 2688 prefixes
      level 4: 4136 prefixes
      level 5: 4306 prefixes
      level 6: 4306 prefixes
      level 7: 4306 prefixes
  lam=(17, 5, 2, 2, 2): N_S=4306 |Stab|=6 n_chi=978 (orbits dropped: 0) [lean, 0s, HWM 0.07 GB]
    E_01: |H|=6 targets 2565 canonical rows 606 nnz 2614 (obstructed fixed targets cancelled: 0) [0s, HWM 0.07 GB]
    E_12: |H|=2 targets 2257 canonical rows 1267 nnz 3771 (obstructed fixed targets cancelled: 0) [0s, HWM 0.07 GB]
    E_23: |H|=1 targets 3291 canonical rows 3291 nnz 5962 (obstructed fixed targets cancelled: 0) [0s, HWM 0.07 GB]
    E_34: |H|=1 targets 3291 canonical rows 3291 nnz 5962 (obstructed fixed targets cancelled: 0) [0s, HWM 0.07 GB]
  built (17, 5, 2, 2, 2) d7: N_S=4306 |Stab|=6 n_chi=978 rows=8455 nnz=18309 (0s: mono 0s orbits 0s rows 0s; HWM 0.07 GB)
    dense kernel [compressed] p=2147483629: nullity 3 = a, rank 975, all vectors verified on the full E (0s, HWM 0.07 GB)
    dense kernel [compressed] p=2147483647: nullity 3 = a, rank 975, all vectors verified on the full E (0s, HWM 0.07 GB)
  RESULT (17, 5, 2, 2, 2) d7: a=3 n_chi=978 mult_det=3 mult_red=3 mult_pad=3 D=0 ok=True  (0.7s, HWM 0.07 GB)
  BANKED (7, (17, 5, 2, 2, 2)): mult_det=3 mult_red=3 mult_pad=3 D=0 | banked det/red True/True pad=red True PASS=True (1s)
      level 1: 35 prefixes
      level 2: 332 prefixes
      level 3: 1410 prefixes
      level 4: 2533 prefixes
      level 5: 2795 prefixes
      level 6: 2804 prefixes
      level 7: 2804 prefixes
      level 8: 2804 prefixes
      level 9: 2804 prefixes
  lam=(24, 7, 3, 1, 1): N_S=2804 |Stab|=2 n_chi=999 (orbits dropped: 806) [lean, 0s, HWM 0.07 GB]
    E_01: |H|=2 targets 1885 canonical rows 662 nnz 3107 (obstructed fixed targets cancelled: 204) [0s, HWM 0.07 GB]
    E_12: |H|=2 targets 1709 canonical rows 587 nnz 1989 (obstructed fixed targets cancelled: 105) [0s, HWM 0.07 GB]
    E_23: |H|=1 targets 1200 canonical rows 1191 nnz 1998 (obstructed fixed targets cancelled: 0) [0s, HWM 0.07 GB]
    E_34: |H|=1 targets 1805 canonical rows 0 nnz 0 (obstructed fixed targets cancelled: 0) [0s, HWM 0.07 GB]
  built (24, 7, 3, 1, 1) d9: N_S=2804 |Stab|=2 n_chi=999 rows=2440 nnz=7094 (0s: mono 0s orbits 0s rows 0s; HWM 0.07 GB)
    dense kernel [exact] p=2147483629: nullity 4 = a, rank 995, all vectors verified on the full E (1s, HWM 0.12 GB)
    dense kernel [exact] p=2147483647: nullity 4 = a, rank 995, all vectors verified on the full E (1s, HWM 0.12 GB)
  RESULT (24, 7, 3, 1, 1) d9: a=4 n_chi=999 mult_det=4 mult_red=4 mult_pad=4 D=0 ok=True  (1.2s, HWM 0.12 GB)
  BANKED (9, (24, 7, 3, 1, 1)): mult_det=4 mult_red=4 mult_pad=4 D=0 | banked det/red True/True pad=red True PASS=True (1s)
      level 1: 31 prefixes
      level 2: 222 prefixes
      level 3: 812 prefixes
      level 4: 1967 prefixes
      level 5: 2714 prefixes
      level 6: 2878 prefixes
      level 7: 2885 prefixes
      level 8: 2885 prefixes
      level 9: 2885 prefixes
  lam=(22, 10, 2, 1, 1): N_S=2885 |Stab|=2 n_chi=1010 (orbits dropped: 865) [lean, 0s, HWM 0.07 GB]
    E_01: |H|=2 targets 2267 canonical rows 792 nnz 3708 (obstructed fixed targets cancelled: 251) [0s, HWM 0.07 GB]
    E_12: |H|=2 targets 1188 canonical rows 407 nnz 1546 (obstructed fixed targets cancelled: 92) [0s, HWM 0.07 GB]
    E_23: |H|=1 targets 1435 canonical rows 1350 nnz 2020 (obstructed fixed targets cancelled: 0) [0s, HWM 0.07 GB]
    E_34: |H|=1 targets 1875 canonical rows 0 nnz 0 (obstructed fixed targets cancelled: 0) [0s, HWM 0.07 GB]
  built (22, 10, 2, 1, 1) d9: N_S=2885 |Stab|=2 n_chi=1010 rows=2549 nnz=7274 (0s: mono 0s orbits 0s rows 0s; HWM 0.07 GB)
    dense kernel [exact] p=2147483647: nullity 2 = a, rank 1008, all vectors verified on the full E (1s, HWM 0.12 GB)
    dense kernel [exact] p=2147483629: nullity 2 = a, rank 1008, all vectors verified on the full E (1s, HWM 0.12 GB)
  RESULT (22, 10, 2, 1, 1) d9: a=2 n_chi=1010 mult_det=2 mult_red=2 mult_pad=2 D=0 ok=True  (1.2s, HWM 0.12 GB)
  BANKED (9, (22, 10, 2, 1, 1)): mult_det=2 mult_red=2 mult_pad=2 D=0 | banked det/red True/True pad=red True PASS=True (1s)
      level 1: 49 prefixes
      level 2: 663 prefixes
      level 3: 2842 prefixes
      level 4: 4368 prefixes
      level 5: 4538 prefixes
      level 6: 4538 prefixes
      level 7: 4538 prefixes
      level 8: 4538 prefixes
  lam=(21, 5, 2, 2, 2): N_S=4538 |Stab|=6 n_chi=1040 (orbits dropped: 0) [lean, 0s, HWM 0.07 GB]
    E_01: |H|=6 targets 2625 canonical rows 625 nnz 2746 (obstructed fixed targets cancelled: 0) [0s, HWM 0.07 GB]
    E_12: |H|=2 targets 2403 canonical rows 1353 nnz 3973 (obstructed fixed targets cancelled: 0) [0s, HWM 0.07 GB]
    E_23: |H|=1 targets 3475 canonical rows 3475 nnz 6261 (obstructed fixed targets cancelled: 0) [0s, HWM 0.07 GB]
    E_34: |H|=1 targets 3475 canonical rows 3475 nnz 6261 (obstructed fixed targets cancelled: 0) [0s, HWM 0.07 GB]
  built (21, 5, 2, 2, 2) d8: N_S=4538 |Stab|=6 n_chi=1040 rows=8928 nnz=19241 (0s: mono 0s orbits 0s rows 0s; HWM 0.07 GB)
    dense kernel [compressed] p=2147483629: nullity 4 = a, rank 1036, all vectors verified on the full E (1s, HWM 0.08 GB)
    dense kernel [compressed] p=2147483647: nullity 4 = a, rank 1036, all vectors verified on the full E (1s, HWM 0.08 GB)
  RESULT (21, 5, 2, 2, 2) d8: a=4 n_chi=1040 mult_det=4 mult_red=4 mult_pad=4 D=0 ok=True  (0.8s, HWM 0.08 GB)
  BANKED (8, (21, 5, 2, 2, 2)): mult_det=4 mult_red=4 mult_pad=4 D=0 | banked det/red True/True pad=red True PASS=True (1s)
      level 1: 50 prefixes
      level 2: 681 prefixes
      level 3: 2902 prefixes
      level 4: 4428 prefixes
      level 5: 4598 prefixes
      level 6: 4598 prefixes
      level 7: 4598 prefixes
      level 8: 4598 prefixes
      level 9: 4598 prefixes
  lam=(25, 5, 2, 2, 2): N_S=4598 |Stab|=6 n_chi=1059 (orbits dropped: 0) [lean, 0s, HWM 0.07 GB]
    E_01: |H|=6 targets 2635 canonical rows 629 nnz 2779 (obstructed fixed targets cancelled: 0) [0s, HWM 0.07 GB]
    E_12: |H|=2 targets 2448 canonical rows 1381 nnz 4025 (obstructed fixed targets cancelled: 0) [0s, HWM 0.07 GB]
    E_23: |H|=1 targets 3524 canonical rows 3524 nnz 6334 (obstructed fixed targets cancelled: 0) [0s, HWM 0.07 GB]
    E_34: |H|=1 targets 3524 canonical rows 3524 nnz 6334 (obstructed fixed targets cancelled: 0) [0s, HWM 0.07 GB]
  built (25, 5, 2, 2, 2) d9: N_S=4598 |Stab|=6 n_chi=1059 rows=9058 nnz=19472 (0s: mono 0s orbits 0s rows 0s; HWM 0.07 GB)
    dense kernel [compressed] p=2147483629: nullity 4 = a, rank 1055, all vectors verified on the full E (0s, HWM 0.08 GB)
    dense kernel [compressed] p=2147483647: nullity 4 = a, rank 1055, all vectors verified on the full E (1s, HWM 0.08 GB)
  RESULT (25, 5, 2, 2, 2) d9: a=4 n_chi=1059 mult_det=4 mult_red=4 mult_pad=4 D=0 ok=True  (0.8s, HWM 0.08 GB)
  BANKED (9, (25, 5, 2, 2, 2)): mult_det=4 mult_red=4 mult_pad=4 D=0 | banked det/red True/True pad=red True PASS=True (1s)
      level 1: 29 prefixes
      level 2: 208 prefixes
      level 3: 714 prefixes
      level 4: 1720 prefixes
      level 5: 2651 prefixes
      level 6: 2952 prefixes
      level 7: 2980 prefixes
      level 8: 2980 prefixes
  lam=(17, 11, 2, 1, 1): N_S=2980 |Stab|=2 n_chi=1060 (orbits dropped: 860) [lean, 0s, HWM 0.07 GB]
    E_01: |H|=2 targets 2558 canonical rows 899 nnz 4142 (obstructed fixed targets cancelled: 266) [0s, HWM 0.07 GB]
    E_12: |H|=2 targets 1171 canonical rows 404 nnz 1622 (obstructed fixed targets cancelled: 99) [0s, HWM 0.07 GB]
    E_23: |H|=1 targets 1468 canonical rows 1393 nnz 2120 (obstructed fixed targets cancelled: 0) [0s, HWM 0.07 GB]
    E_34: |H|=1 targets 1920 canonical rows 0 nnz 0 (obstructed fixed targets cancelled: 0) [0s, HWM 0.07 GB]
  built (17, 11, 2, 1, 1) d8: N_S=2980 |Stab|=2 n_chi=1060 rows=2696 nnz=7884 (0s: mono 0s orbits 0s rows 0s; HWM 0.07 GB)
    dense kernel [exact] p=2147483629: nullity 3 = a, rank 1057, all vectors verified on the full E (1s, HWM 0.13 GB)
    dense kernel [exact] p=2147483647: nullity 3 = a, rank 1057, all vectors verified on the full E (1s, HWM 0.13 GB)
  RESULT (17, 11, 2, 1, 1) d8: a=3 n_chi=1060 mult_det=3 mult_red=3 mult_pad=3 D=0 ok=True  (1.3s, HWM 0.13 GB)
  BANKED (8, (17, 11, 2, 1, 1)): mult_det=3 mult_red=3 mult_pad=3 D=0 | banked det/red True/True pad=red True PASS=True (1s)
      level 1: 33 prefixes
      level 2: 296 prefixes
      level 3: 1207 prefixes
      level 4: 2552 prefixes
      level 5: 3083 prefixes
      level 6: 3127 prefixes
      level 7: 3127 prefixes
  lam=(15, 8, 3, 1, 1): N_S=3127 |Stab|=2 n_chi=1137 (orbits dropped: 853) [lean, 0s, HWM 0.07 GB]
    E_01: |H|=2 targets 2414 canonical rows 870 nnz 3956 (obstructed fixed targets cancelled: 220) [0s, HWM 0.07 GB]
    E_12: |H|=2 targets 1761 canonical rows 622 nnz 2302 (obstructed fixed targets cancelled: 117) [0s, HWM 0.07 GB]
    E_23: |H|=1 targets 1306 canonical rows 1303 nnz 2274 (obstructed fixed targets cancelled: 0) [0s, HWM 0.07 GB]
    E_34: |H|=1 targets 1990 canonical rows 0 nnz 0 (obstructed fixed targets cancelled: 0) [0s, HWM 0.07 GB]
  built (15, 8, 3, 1, 1) d7: N_S=3127 |Stab|=2 n_chi=1137 rows=2795 nnz=8532 (0s: mono 0s orbits 0s rows 0s; HWM 0.07 GB)
    dense kernel [exact] p=2147483647: nullity 4 = a, rank 1133, all vectors verified on the full E (1s, HWM 0.14 GB)
    dense kernel [exact] p=2147483629: nullity 4 = a, rank 1133, all vectors verified on the full E (1s, HWM 0.14 GB)
  RESULT (15, 8, 3, 1, 1) d7: a=4 n_chi=1137 mult_det=4 mult_red=4 mult_pad=4 D=0 ok=True  (1.6s, HWM 0.14 GB)
  BANKED (7, (15, 8, 3, 1, 1)): mult_det=4 mult_red=4 mult_pad=4 D=0 | banked det/red True/True pad=red True PASS=True (2s)
      level 1: 47 prefixes
      level 2: 576 prefixes
      level 3: 2663 prefixes
      level 4: 4803 prefixes
      level 5: 5194 prefixes
      level 6: 5194 prefixes
  lam=(12, 6, 2, 2, 2): N_S=5194 |Stab|=6 n_chi=1162 (orbits dropped: 0) [lean, 0s, HWM 0.07 GB]
    E_01: |H|=6 targets 3672 canonical rows 825 nnz 3458 (obstructed fixed targets cancelled: 0) [0s, HWM 0.07 GB]
    E_12: |H|=2 targets 2467 canonical rows 1372 nnz 4559 (obstructed fixed targets cancelled: 0) [0s, HWM 0.07 GB]
    E_23: |H|=1 targets 3942 canonical rows 3942 nnz 7297 (obstructed fixed targets cancelled: 0) [0s, HWM 0.07 GB]
    E_34: |H|=1 targets 3942 canonical rows 3942 nnz 7297 (obstructed fixed targets cancelled: 0) [0s, HWM 0.07 GB]
  built (12, 6, 2, 2, 2) d6: N_S=5194 |Stab|=6 n_chi=1162 rows=10081 nnz=22611 (0s: mono 0s orbits 0s rows 0s; HWM 0.07 GB)
    dense kernel [compressed] p=2147483629: nullity 4 = a, rank 1158, all vectors verified on the full E (1s, HWM 0.09 GB)
    dense kernel [compressed] p=2147483647: nullity 4 = a, rank 1158, all vectors verified on the full E (1s, HWM 0.09 GB)
  RESULT (12, 6, 2, 2, 2) d6: a=4 n_chi=1162 mult_det=4 mult_red=4 mult_pad=4 D=0 ok=True  (0.9s, HWM 0.09 GB)
  BANKED (6, (12, 6, 2, 2, 2)): mult_det=4 mult_red=4 mult_pad=4 D=0 | banked det/red True/True pad=red True PASS=True (1s)
      level 1: 35 prefixes
      level 2: 364 prefixes
      level 3: 1594 prefixes
      level 4: 2940 prefixes
      level 5: 3252 prefixes
      level 6: 3264 prefixes
      level 7: 3264 prefixes
  lam=(16, 6, 4, 1, 1): N_S=3264 |Stab|=2 n_chi=1177 (orbits dropped: 910) [lean, 0s, HWM 0.07 GB]
    E_01: |H|=2 targets 2155 canonical rows 770 nnz 3527 (obstructed fixed targets cancelled: 206) [0s, HWM 0.07 GB]
    E_12: |H|=2 targets 2414 canonical rows 870 nnz 2858 (obstructed fixed targets cancelled: 117) [0s, HWM 0.07 GB]
    E_23: |H|=1 targets 1200 canonical rows 1175 nnz 2354 (obstructed fixed targets cancelled: 0) [0s, HWM 0.07 GB]
    E_34: |H|=1 targets 2087 canonical rows 0 nnz 0 (obstructed fixed targets cancelled: 0) [0s, HWM 0.07 GB]
  built (16, 6, 4, 1, 1) d7: N_S=3264 |Stab|=2 n_chi=1177 rows=2815 nnz=8739 (0s: mono 0s orbits 0s rows 0s; HWM 0.07 GB)
    dense kernel [exact] p=2147483629: nullity 3 = a, rank 1174, all vectors verified on the full E (2s, HWM 0.14 GB)
    dense kernel [exact] p=2147483647: nullity 3 = a, rank 1174, all vectors verified on the full E (2s, HWM 0.14 GB)
  RESULT (16, 6, 4, 1, 1) d7: a=3 n_chi=1177 mult_det=3 mult_red=3 mult_pad=3 D=0 ok=True  (1.8s, HWM 0.14 GB)
  BANKED (7, (16, 6, 4, 1, 1)): mult_det=3 mult_red=3 mult_pad=3 D=0 | banked det/red True/True pad=red True PASS=True (2s)
      level 1: 28 prefixes
      level 2: 314 prefixes
      level 3: 1377 prefixes
      level 4: 2803 prefixes
      level 5: 3209 prefixes
      level 6: 3209 prefixes
  lam=(11, 7, 4, 1, 1): N_S=3209 |Stab|=2 n_chi=1187 (orbits dropped: 835) [lean, 0s, HWM 0.07 GB]
    E_01: |H|=2 targets 2553 canonical rows 927 nnz 3942 (obstructed fixed targets cancelled: 201) [0s, HWM 0.07 GB]
    E_12: |H|=2 targets 2224 canonical rows 813 nnz 2912 (obstructed fixed targets cancelled: 124) [0s, HWM 0.07 GB]
    E_23: |H|=1 targets 1153 canonical rows 1132 nnz 2374 (obstructed fixed targets cancelled: 0) [0s, HWM 0.07 GB]
    E_34: |H|=1 targets 2022 canonical rows 0 nnz 0 (obstructed fixed targets cancelled: 0) [0s, HWM 0.07 GB]
  built (11, 7, 4, 1, 1) d6: N_S=3209 |Stab|=2 n_chi=1187 rows=2872 nnz=9228 (0s: mono 0s orbits 0s rows 0s; HWM 0.07 GB)
    dense kernel [exact] p=2147483647: nullity 4 = a, rank 1183, all vectors verified on the full E (1s, HWM 0.15 GB)
    dense kernel [exact] p=2147483629: nullity 4 = a, rank 1183, all vectors verified on the full E (2s, HWM 0.15 GB)
  RESULT (11, 7, 4, 1, 1) d6: a=4 n_chi=1187 mult_det=4 mult_red=4 mult_pad=4 D=0 ok=True  (1.8s, HWM 0.15 GB)
  BANKED (6, (11, 7, 4, 1, 1)): mult_det=4 mult_red=4 mult_pad=4 D=0 | banked det/red True/True pad=red True PASS=True (2s)
      level 1: 30 prefixes
      level 2: 221 prefixes
      level 3: 762 prefixes
      level 4: 1951 prefixes
      level 5: 3083 prefixes
      level 6: 3465 prefixes
      level 7: 3510 prefixes
      level 8: 3510 prefixes
      level 9: 3510 prefixes
  lam=(21, 11, 2, 1, 1): N_S=3510 |Stab|=2 n_chi=1243 (orbits dropped: 1024) [lean, 0s, HWM 0.07 GB]
    E_01: |H|=2 targets 2885 canonical rows 1010 nnz 4789 (obstructed fixed targets cancelled: 317) [0s, HWM 0.07 GB]
    E_12: |H|=2 targets 1393 canonical rows 479 nnz 1902 (obstructed fixed targets cancelled: 114) [0s, HWM 0.07 GB]
    E_23: |H|=1 targets 1736 canonical rows 1643 nnz 2486 (obstructed fixed targets cancelled: 0) [0s, HWM 0.07 GB]
    E_34: |H|=1 targets 2267 canonical rows 0 nnz 0 (obstructed fixed targets cancelled: 0) [0s, HWM 0.07 GB]
  built (21, 11, 2, 1, 1) d9: N_S=3510 |Stab|=2 n_chi=1243 rows=3132 nnz=9177 (0s: mono 0s orbits 0s rows 0s; HWM 0.07 GB)
    dense kernel [exact] p=2147483629: nullity 4 = a, rank 1239, all vectors verified on the full E (2s, HWM 0.16 GB)
    dense kernel [exact] p=2147483647: nullity 4 = a, rank 1239, all vectors verified on the full E (2s, HWM 0.16 GB)
  RESULT (21, 11, 2, 1, 1) d9: a=4 n_chi=1243 mult_det=4 mult_red=4 mult_pad=4 D=0 ok=True  (2.0s, HWM 0.16 GB)
  BANKED (9, (21, 11, 2, 1, 1)): mult_det=4 mult_red=4 mult_pad=4 D=0 | banked det/red True/True pad=red True PASS=True (2s)
      level 1: 24 prefixes
      level 2: 236 prefixes
      level 3: 1310 prefixes
      level 4: 4319 prefixes
      level 5: 6718 prefixes
      level 6: 6718 prefixes
  lam=(8, 7, 7, 1, 1): N_S=6718 |Stab|=4 n_chi=1300 (orbits dropped: 850) [lean, 0s, HWM 0.07 GB]
    E_01: |H|=2 targets 5967 canonical rows 2262 nnz 8825 (obstructed fixed targets cancelled: 317) [0s, HWM 0.07 GB]
    E_12: |H|=2 targets 6304 canonical rows 2382 nnz 8734 (obstructed fixed targets cancelled: 315) [0s, HWM 0.07 GB]
    E_23: |H|=1 targets 1862 canonical rows 1854 nnz 5092 (obstructed fixed targets cancelled: 0) [0s, HWM 0.07 GB]
    E_34: |H|=2 targets 4158 canonical rows 0 nnz 0 (obstructed fixed targets cancelled: 54) [0s, HWM 0.07 GB]
  built (8, 7, 7, 1, 1) d6: N_S=6718 |Stab|=4 n_chi=1300 rows=6498 nnz=22651 (0s: mono 0s orbits 0s rows 0s; HWM 0.07 GB)
    dense kernel [compressed] p=2147483647: nullity 2 = a, rank 1298, all vectors verified on the full E (1s, HWM 0.09 GB)
    dense kernel [compressed] p=2147483629: nullity 2 = a, rank 1298, all vectors verified on the full E (1s, HWM 0.09 GB)
  RESULT (8, 7, 7, 1, 1) d6: a=2 n_chi=1300 mult_det=2 mult_red=2 mult_pad=2 D=0 ok=True  (1.0s, HWM 0.09 GB)
  BANKED (6, (8, 7, 7, 1, 1)): mult_det=2 mult_red=2 mult_pad=2 D=0 | banked det/red True/True pad=red True PASS=True (1s)
      level 1: 32 prefixes
      level 2: 280 prefixes
      level 3: 1148 prefixes
      level 4: 2728 prefixes
      level 5: 3648 prefixes
      level 6: 3782 prefixes
      level 7: 3782 prefixes
  lam=(14, 9, 3, 1, 1): N_S=3782 |Stab|=2 n_chi=1386 (orbits dropped: 1010) [lean, 0s, HWM 0.07 GB]
    E_01: |H|=2 targets 3127 canonical rows 1137 nnz 5158 (obstructed fixed targets cancelled: 271) [0s, HWM 0.07 GB]
    E_12: |H|=2 targets 2032 canonical rows 717 nnz 2814 (obstructed fixed targets cancelled: 151) [0s, HWM 0.07 GB]
    E_23: |H|=1 targets 1566 canonical rows 1563 nnz 2772 (obstructed fixed targets cancelled: 0) [0s, HWM 0.07 GB]
    E_34: |H|=1 targets 2396 canonical rows 0 nnz 0 (obstructed fixed targets cancelled: 0) [0s, HWM 0.07 GB]
  built (14, 9, 3, 1, 1) d7: N_S=3782 |Stab|=2 n_chi=1386 rows=3417 nnz=10744 (0s: mono 0s orbits 0s rows 0s; HWM 0.07 GB)
    dense kernel [exact] p=2147483647: nullity 5 = a, rank 1381, all vectors verified on the full E (2s, HWM 0.19 GB)
    dense kernel [exact] p=2147483629: nullity 5 = a, rank 1381, all vectors verified on the full E (2s, HWM 0.19 GB)
  RESULT (14, 9, 3, 1, 1) d7: a=5 n_chi=1386 mult_det=5 mult_red=5 mult_pad=5 D=0 ok=True  (2.5s, HWM 0.19 GB)
  BANKED (7, (14, 9, 3, 1, 1)): mult_det=5 mult_red=5 mult_pad=5 D=0 | banked det/red True/True pad=red True PASS=True (2s)
      level 1: 40 prefixes
      level 2: 455 prefixes
      level 3: 2474 prefixes
      level 4: 6060 prefixes
      level 5: 7576 prefixes
      level 6: 7576 prefixes
  lam=(10, 8, 2, 2, 2): N_S=7576 |Stab|=6 n_chi=1661 (orbits dropped: 0) [lean, 0s, HWM 0.07 GB]
    E_01: |H|=6 targets 6563 canonical rows 1435 nnz 5856 (obstructed fixed targets cancelled: 0) [0s, HWM 0.07 GB]
    E_12: |H|=2 targets 3176 canonical rows 1759 nnz 6673 (obstructed fixed targets cancelled: 0) [0s, HWM 0.07 GB]
    E_23: |H|=1 targets 5731 canonical rows 5731 nnz 10764 (obstructed fixed targets cancelled: 0) [0s, HWM 0.07 GB]
    E_34: |H|=1 targets 5731 canonical rows 5731 nnz 10764 (obstructed fixed targets cancelled: 0) [0s, HWM 0.07 GB]
  built (10, 8, 2, 2, 2) d6: N_S=7576 |Stab|=6 n_chi=1661 rows=14656 nnz=34057 (0s: mono 0s orbits 0s rows 0s; HWM 0.07 GB)
    dense kernel [compressed] p=2147483647: nullity 3 = a, rank 1658, all vectors verified on the full E (2s, HWM 0.12 GB)
    dense kernel [compressed] p=2147483629: nullity 3 = a, rank 1658, all vectors verified on the full E (2s, HWM 0.12 GB)
  RESULT (10, 8, 2, 2, 2) d6: a=3 n_chi=1661 mult_det=3 mult_red=3 mult_pad=3 D=0 ok=True  (1.8s, HWM 0.12 GB)
  BANKED (6, (10, 8, 2, 2, 2)): mult_det=3 mult_red=3 mult_pad=3 D=0 | banked det/red True/True pad=red True PASS=True (2s)
      level 1: 27 prefixes
      level 2: 244 prefixes
      level 3: 1366 prefixes
      level 4: 3778 prefixes
      level 5: 5159 prefixes
      level 6: 5159 prefixes
  lam=(9, 8, 5, 1, 1): N_S=5159 |Stab|=2 n_chi=1947 (orbits dropped: 1265) [lean, 0s, HWM 0.07 GB]
    E_01: |H|=2 targets 4672 canonical rows 1757 nnz 7131 (obstructed fixed targets cancelled: 279) [0s, HWM 0.07 GB]
    E_12: |H|=2 targets 3852 canonical rows 1435 nnz 5549 (obstructed fixed targets cancelled: 220) [0s, HWM 0.07 GB]
    E_23: |H|=1 targets 1665 canonical rows 1665 nnz 3894 (obstructed fixed targets cancelled: 0) [0s, HWM 0.07 GB]
    E_34: |H|=1 targets 3212 canonical rows 0 nnz 0 (obstructed fixed targets cancelled: 0) [0s, HWM 0.07 GB]
  built (9, 8, 5, 1, 1) d6: N_S=5159 |Stab|=2 n_chi=1947 rows=4857 nnz=16574 (0s: mono 0s orbits 0s rows 0s; HWM 0.07 GB)
    dense kernel [compressed] p=2147483629: nullity 2 = a, rank 1945, all vectors verified on the full E (2s, HWM 0.14 GB)
    dense kernel [compressed] p=2147483647: nullity 2 = a, rank 1945, all vectors verified on the full E (2s, HWM 0.14 GB)
  RESULT (9, 8, 5, 1, 1) d6: a=2 n_chi=1947 mult_det=2 mult_red=2 mult_pad=2 D=0 ok=True  (2.3s, HWM 0.14 GB)
  BANKED (6, (9, 8, 5, 1, 1)): mult_det=2 mult_red=2 mult_pad=2 D=0 | banked det/red True/True pad=red True PASS=True (2s)
      level 1: 27 prefixes
      level 2: 255 prefixes
      level 3: 1528 prefixes
      level 4: 4316 prefixes
      level 5: 5967 prefixes
      level 6: 5967 prefixes
  lam=(9, 7, 6, 1, 1): N_S=5967 |Stab|=2 n_chi=2262 (orbits dropped: 1443) [lean, 0s, HWM 0.07 GB]
    E_01: |H|=2 targets 5072 canonical rows 1899 nnz 7767 (obstructed fixed targets cancelled: 315) [0s, HWM 0.07 GB]
    E_12: |H|=2 targets 5159 canonical rows 1947 nnz 7190 (obstructed fixed targets cancelled: 254) [0s, HWM 0.07 GB]
    E_23: |H|=1 targets 1765 canonical rows 1755 nnz 4524 (obstructed fixed targets cancelled: 0) [0s, HWM 0.07 GB]
    E_34: |H|=1 targets 3705 canonical rows 0 nnz 0 (obstructed fixed targets cancelled: 0) [0s, HWM 0.07 GB]
  built (9, 7, 6, 1, 1) d6: N_S=5967 |Stab|=2 n_chi=2262 rows=5601 nnz=19481 (0s: mono 0s orbits 0s rows 0s; HWM 0.07 GB)
    dense kernel [compressed] p=2147483647: nullity 2 = a, rank 2260, all vectors verified on the full E (3s, HWM 0.17 GB)
    dense kernel [compressed] p=2147483629: nullity 2 = a, rank 2260, all vectors verified on the full E (3s, HWM 0.17 GB)
  RESULT (9, 7, 6, 1, 1) d6: a=2 n_chi=2262 mult_det=2 mult_red=2 mult_pad=2 D=0 ok=True  (3.3s, HWM 0.17 GB)
  BANKED (6, (9, 7, 6, 1, 1)): mult_det=2 mult_red=2 mult_pad=2 D=0 | banked det/red True/True pad=red True PASS=True (3s)
      level 1: 24 prefixes
      level 2: 234 prefixes
      level 3: 1280 prefixes
      level 4: 5470 prefixes
      level 5: 14269 prefixes
      level 6: 20299 prefixes
      level 7: 20299 prefixes
  lam=(9, 9, 8, 1, 1): N_S=20299 |Stab|=4 n_chi=3969 (orbits dropped: 2374) [lean, 0s, HWM 0.07 GB]
    E_01: |H|=2 targets 19373 canonical rows 7470 nnz 31669 (obstructed fixed targets cancelled: 1035) [0s, HWM 0.07 GB]
    E_12: |H|=2 targets 18305 canonical rows 7068 nnz 30060 (obstructed fixed targets cancelled: 962) [0s, HWM 0.07 GB]
    E_23: |H|=2 targets 5160 canonical rows 2534 nnz 7746 (obstructed fixed targets cancelled: 71) [0s, HWM 0.07 GB]
    E_34: |H|=2 targets 12438 canonical rows 0 nnz 0 (obstructed fixed targets cancelled: 98) [0s, HWM 0.07 GB]
  built (9, 9, 8, 1, 1) d7: N_S=20299 |Stab|=4 n_chi=3969 rows=17072 nnz=69475 (0s: mono 0s orbits 0s rows 0s; HWM 0.07 GB)
    dense kernel [compressed] p=2147483647: nullity 2 = a, rank 3967, all vectors verified on the full E (14s, HWM 0.43 GB)
    dense kernel [compressed] p=2147483629: nullity 2 = a, rank 3967, all vectors verified on the full E (14s, HWM 0.43 GB)
  RESULT (9, 9, 8, 1, 1) d7: a=2 n_chi=3969 mult_det=2 mult_red=1 mult_pad=1 D=-1 ok=True  (14.5s, HWM 0.43 GB)
  BANKED (7, (9, 9, 8, 1, 1)): mult_det=2 mult_red=1 mult_pad=1 D=-1 | banked det/red True/True pad=red True PASS=True (16s)
      level 1: 28 prefixes
      level 2: 215 prefixes
      level 3: 1107 prefixes
      level 4: 3739 prefixes
      level 5: 8986 prefixes
      level 6: 16516 prefixes
      level 7: 21799 prefixes
      level 8: 23136 prefixes
      level 9: 23136 prefixes
  lam=(15, 15, 4, 1, 1): N_S=23136 |Stab|=4 n_chi=4415 (orbits dropped: 2912) [lean, 0s, HWM 0.11 GB]
    E_01: |H|=2 targets 22666 canonical rows 8523 nnz 42038 (obstructed fixed targets cancelled: 1735) [0s, HWM 0.11 GB]
    E_12: |H|=2 targets 12085 canonical rows 4478 nnz 21838 (obstructed fixed targets cancelled: 964) [0s, HWM 0.11 GB]
    E_23: |H|=2 targets 8122 canonical rows 3972 nnz 8646 (obstructed fixed targets cancelled: 60) [0s, HWM 0.11 GB]
    E_34: |H|=2 targets 14414 canonical rows 0 nnz 0 (obstructed fixed targets cancelled: 118) [0s, HWM 0.11 GB]
  built (15, 15, 4, 1, 1) d9: N_S=23136 |Stab|=4 n_chi=4415 rows=16973 nnz=72522 (0s: mono 0s orbits 0s rows 0s; HWM 0.11 GB)
    dense kernel [compressed] p=2147483647: nullity 9 = a, rank 4406, all vectors verified on the full E (17s, HWM 0.55 GB)
    dense kernel [compressed] p=2147483629: nullity 9 = a, rank 4406, all vectors verified on the full E (18s, HWM 0.55 GB)
  RESULT (15, 15, 4, 1, 1) d9: a=9 n_chi=4415 mult_det=9 mult_red=8 mult_pad=8 D=-1 ok=True  (18.2s, HWM 0.55 GB)
  BANKED (9, (15, 15, 4, 1, 1)): mult_det=9 mult_red=8 mult_pad=8 D=-1 | banked det/red True/True pad=red True PASS=True (19s)
      level 1: 50 prefixes
      level 2: 1056 prefixes
      level 3: 11979 prefixes
      level 4: 54372 prefixes
      level 5: 94675 prefixes
      level 6: 94675 prefixes
  lam=(8, 4, 4, 4, 4): N_S=94675 |Stab|=24 n_chi=4562 (orbits dropped: 0) [lean, 1s, HWM 0.12 GB]
    E_01: |H|=6 targets 60305 canonical rows 10719 nnz 44540 (obstructed fixed targets cancelled: 0) [0s, HWM 0.12 GB]
    E_12: |H|=2 targets 82457 canonical rows 42042 nnz 127073 (obstructed fixed targets cancelled: 0) [0s, HWM 0.12 GB]
    E_23: |H|=2 targets 82457 canonical rows 42042 nnz 127073 (obstructed fixed targets cancelled: 0) [1s, HWM 0.12 GB]
    E_34: |H|=2 targets 82457 canonical rows 42042 nnz 127073 (obstructed fixed targets cancelled: 0) [1s, HWM 0.12 GB]
  built (8, 4, 4, 4, 4) d6: N_S=94675 |Stab|=24 n_chi=4562 rows=136845 nnz=425759 (2s: mono 0s orbits 1s rows 1s; HWM 0.12 GB)
    dense kernel [compressed] p=2147483629: nullity 2 = a, rank 4560, all vectors verified on the full E (27s, HWM 0.59 GB)
    dense kernel [compressed] p=2147483647: nullity 2 = a, rank 4560, all vectors verified on the full E (27s, HWM 0.59 GB)
  RESULT (8, 4, 4, 4, 4) d6: a=2 n_chi=4562 mult_det=2 mult_red=1 mult_pad=1 D=-1 ok=True  (30.0s, HWM 0.59 GB)
  BANKED (6, (8, 4, 4, 4, 4)): mult_det=2 mult_red=1 mult_pad=1 D=-1 | banked det/red True/True pad=red True PASS=True (32s)
calibration driver done
