      level 1: 27 prefixes
      level 2: 249 prefixes
      level 3: 1367 prefixes
      level 4: 6285 prefixes
      level 5: 20068 prefixes
      level 6: 39615 prefixes
      level 7: 49204 prefixes
      level 8: 49204 prefixes
  lam=(11, 11, 8, 1, 1): N_S=49204 |Stab|=4 n_chi=9684 (orbits dropped: 5507) [lean, 0s, HWM 0.07 GB]
    E_01: |H|=2 targets 47488 canonical rows 18503 nnz 87032 (obstructed fixed targets cancelled: 2702) [0s, HWM 0.08 GB]
    E_12: |H|=2 targets 40951 canonical rows 15926 nnz 74867 (obstructed fixed targets cancelled: 2332) [0s, HWM 0.08 GB]
    E_23: |H|=2 targets 12269 canonical rows 6064 nnz 19051 (obstructed fixed targets cancelled: 110) [0s, HWM 0.08 GB]
    E_34: |H|=2 targets 29977 canonical rows 0 nnz 0 (obstructed fixed targets cancelled: 174) [0s, HWM 0.08 GB]
  built (11, 11, 8, 1, 1) d8: N_S=49204 |Stab|=4 n_chi=9684 rows=40493 nnz=180950 (0s: mono 0s orbits 0s rows 0s; HWM 0.08 GB)
    level 0 (12,2): 20263 rows, nnz 335794 (full: 40509 rows, nnz 335894)
    wied[c11_11_8_1_1d8_pad0 p=2147483647 lvl=0 seed=1 k=0]: KERNEL SEQ n=9684 nrows=20263 nnz=335794 k=0 len=19368 secs=18.2 | BM deg=9684 f0=0 secs=19.4 | DONE secs=29.5 (30s)
    wied[c11_11_8_1_1d8_pad0 p=2147483647 lvl=0 seed=2 k=1]: NONSINGULAR SEQ n=9684 nrows=20263 nnz=335794 k=1 len=19368 secs=17.7 | BM deg=9684 f0=1460286476 secs=18.8 (48s)
    level 0 (12,2): 20263 rows, nnz 335791 (full: 40509 rows, nnz 335894)
    wied[c11_11_8_1_1d8_pad0 p=2147483629 lvl=0 seed=1 k=0]: KERNEL SEQ n=9684 nrows=20263 nnz=335791 k=0 len=19368 secs=18.5 | BM deg=9684 f0=0 secs=19.6 | DONE secs=29.5 (30s)
    wied[c11_11_8_1_1d8_pad0 p=2147483629 lvl=0 seed=2 k=1]: NONSINGULAR SEQ n=9684 nrows=20263 nnz=335791 k=1 len=19368 secs=17.3 | BM deg=9684 f0=624386394 secs=18.2 (48s)
    level 0 (12,2): 20263 rows, nnz 335828 (full: 40509 rows, nnz 335894)
    wied[c11_11_8_1_1d8_pad1 p=2147483647 lvl=0 seed=2 k=0]: KERNEL SEQ n=9684 nrows=20263 nnz=335828 k=0 len=19368 secs=16.6 | BM deg=9684 f0=0 secs=17.5 | DONE secs=27.4 (27s)
    wied[c11_11_8_1_1d8_pad1 p=2147483647 lvl=0 seed=3 k=1]: NONSINGULAR SEQ n=9684 nrows=20263 nnz=335828 k=1 len=19368 secs=16.0 | BM deg=9684 f0=1671076851 secs=16.9 (44s)
    level 0 (12,2): 20263 rows, nnz 335823 (full: 40509 rows, nnz 335894)
    wied[c11_11_8_1_1d8_pad1 p=2147483629 lvl=0 seed=2 k=0]: KERNEL SEQ n=9684 nrows=20263 nnz=335823 k=0 len=19368 secs=18.6 | BM deg=9684 f0=0 secs=19.7 | DONE secs=28.9 (29s)
    wied[c11_11_8_1_1d8_pad1 p=2147483629 lvl=0 seed=3 k=1]: NONSINGULAR SEQ n=9684 nrows=20263 nnz=335823 k=1 len=19368 secs=17.8 | BM deg=9684 f0=1689534943 secs=18.9 (48s)
    level 0 (12,2): 20263 rows, nnz 335798 (full: 40509 rows, nnz 335894)
    wied[c11_11_8_1_1d8_red p=2147483647 lvl=0 seed=5 k=0]: KERNEL SEQ n=9684 nrows=20263 nnz=335798 k=0 len=19368 secs=16.7 | BM deg=9684 f0=0 secs=17.7 | DONE secs=28.0 (28s)
    wied[c11_11_8_1_1d8_red p=2147483647 lvl=0 seed=6 k=1]: NONSINGULAR SEQ n=9684 nrows=20263 nnz=335798 k=1 len=19368 secs=17.6 | BM deg=9684 f0=1917607980 secs=18.5 (47s)
    level 0 (12,2): 20263 rows, nnz 335814 (full: 40509 rows, nnz 335894)
    wied[c11_11_8_1_1d8_red p=2147483629 lvl=0 seed=5 k=0]: KERNEL SEQ n=9684 nrows=20263 nnz=335814 k=0 len=19368 secs=18.3 | BM deg=9684 f0=0 secs=19.4 | DONE secs=29.8 (30s)
    wied[c11_11_8_1_1d8_red p=2147483629 lvl=0 seed=6 k=1]: NONSINGULAR SEQ n=9684 nrows=20263 nnz=335814 k=1 len=19368 secs=16.1 | BM deg=9684 f0=1462168999 secs=17.0 (47s)
  RESULT[sparse] (11, 11, 8, 1, 1) d8: a=8 n_chi=9684 mult_pad=7 (285.6s, HWM 0.16 GB)
  BANKED[sparse] (8, (11, 11, 8, 1, 1)): mult_pad=7 vs banked mult_red=7 mult_det=8 | pad=red True PASS=True
sparse calibration done
