[SP_c32 seed=1 p=32003] Q2: 17 quadrics, non-bilinear entries 0; alpha=2 beta=10 (inter 47); generic rank M(a)=10/10, N(b)=2/2
[SP_c32 seed=1 p=32003] Qpi: 11 quadrics, non-bilinear entries 0; alpha=2 beta=10 (inter 47); generic rank M(a)=7/10, N(b)=2/2
   Qpi: dim V = 10, time 0
   Qpi: 2 minimal primes, time 0
     prime 1: dim 5, degree 1, ngens 7, linear 1
     prime 2: dim 10, degree 1, ngens 2, linear 1
   prime 1 (dim 5 in (a,b)): g2 in im dPhi False; order-2 reducible image = 24
   Q2: dim V = 10, time 0
   Q2: 2 minimal primes, time 0
     prime 1: dim 2, degree 1, ngens 10, linear 1
     prime 2: dim 10, degree 1, ngens 2, linear 1
[SP_c21 seed=1 p=32003] Q2: 15 quadrics, non-bilinear entries 0; alpha=3 beta=11 (inter 46); generic rank M(a)=8/11, N(b)=3/3
[SP_c21 seed=1 p=32003] Qpi: 7 quadrics, non-bilinear entries 0; alpha=3 beta=11 (inter 46); generic rank M(a)=5/11, N(b)=2/3
   Qpi: dim V = 12, time 0
   Qpi: 2 minimal primes, time 0
     prime 1: dim 9, degree 1, ngens 5, linear 1
     prime 2: dim 12, degree 1, ngens 2, linear 1
   prime 1 (dim 9 in (a,b)): g2 in im dPhi False; order-2 reducible image = 25
   prime 2 (dim 12 in (a,b)): g2 in im dPhi False; order-2 reducible image = 28
   Q2: dim V = 11, time 0
   Q2: 2 minimal primes, time 0
     prime 1: dim 6, degree 1, ngens 8, linear 1
     prime 2: dim 11, degree 1, ngens 3, linear 1
[c21_c32 seed=1 p=32003] Q2: 25 quadrics, non-bilinear entries 0; alpha=7 beta=7 (inter 50); generic rank M(a)=7/7, N(b)=7/7
[c21_c32 seed=1 p=32003] Qpi: 13 quadrics, non-bilinear entries 0; alpha=7 beta=7 (inter 50); generic rank M(a)=5/7, N(b)=5/7
   Qpi: dim V = 9, time 0
   Qpi: 2 minimal primes, time 0
     prime 1: dim 9, degree 1, ngens 5, linear 1
     prime 2: dim 9, degree 1, ngens 5, linear 1
   prime 1 (dim 9 in (a,b)): g2 in im dPhi False; order-2 reducible image = 27
   prime 2 (dim 9 in (a,b)): g2 in im dPhi False; order-2 reducible image = 27
   Q2: dim V = 7, time 0
   Q2: 2 minimal primes, time 0
     prime 1: dim 7, degree 1, ngens 7, linear 1
     prime 2: dim 7, degree 1, ngens 7, linear 1
[ker_coker seed=1 p=32003] Q2: 59 quadrics, non-bilinear entries 0; alpha=12 beta=12 (inter 51); generic rank M(a)=12/12, N(b)=12/12
[ker_coker seed=1 p=32003] Qpi: 31 quadrics, non-bilinear entries 0; alpha=12 beta=12 (inter 51); generic rank M(a)=9/12, N(b)=9/12
   
   halt 1
   Q2: dim V = 12, time 347
   Q2: 2 minimal primes, time 383
     prime 1: dim 12, degree 1, ngens 12, linear 1
     prime 2: dim 12, degree 1, ngens 12, linear 1
[ker_c21 seed=1 p=32003] Q2: 22 quadrics, non-bilinear entries 0; alpha=10 beta=4 (inter 53); generic rank M(a)=4/4, N(b)=10/10
[ker_c21 seed=1 p=32003] Qpi: 12 quadrics, non-bilinear entries 0; alpha=10 beta=4 (inter 53); generic rank M(a)=3/4, N(b)=7/10
   Qpi: dim V = 11, time 0
   Qpi: 2 minimal primes, time 0
     prime 1: dim 11, degree 1, ngens 3, linear 1
     prime 2: dim 7, degree 1, ngens 7, linear 1
   prime 1 (dim 11 in (a,b)): g2 in im dPhi False; order-2 reducible image = 29
   prime 2 (dim 7 in (a,b)): g2 in im dPhi False; order-2 reducible image = 28
   Q2: dim V = 10, time 0
   Q2: 2 minimal primes, time 0
     prime 1: dim 10, degree 1, ngens 4, linear 1
     prime 2: dim 4, degree 1, ngens 10, linear 1
wrote results/s66_bilinear_B.json
