[ker p=2147483647 seed=1] rank dPhi=17 ker=63 ker(pi dPhi)=67 g1!=0:True  rank_full=42 rank_con=13  order-1 reducible = 29
[ker p=2147483647 seed=2] rank dPhi=17 ker=63 ker(pi dPhi)=67 g1!=0:True  rank_full=42 rank_con=13  order-1 reducible = 29
[ker p=2147483629 seed=1] rank dPhi=17 ker=63 ker(pi dPhi)=67 g1!=0:True  rank_full=42 rank_con=13  order-1 reducible = 29
[ker p=2147483629 seed=2] rank dPhi=17 ker=63 ker(pi dPhi)=67 g1!=0:True  rank_full=42 rank_con=13  order-1 reducible = 29
[coker p=2147483647 seed=1] rank dPhi=17 ker=63 ker(pi dPhi)=67 g1!=0:True  rank_full=42 rank_con=13  order-1 reducible = 29
[coker p=2147483647 seed=2] rank dPhi=17 ker=63 ker(pi dPhi)=67 g1!=0:True  rank_full=42 rank_con=13  order-1 reducible = 29
[coker p=2147483629 seed=1] rank dPhi=17 ker=63 ker(pi dPhi)=67 g1!=0:True  rank_full=42 rank_con=13  order-1 reducible = 29
[coker p=2147483629 seed=2] rank dPhi=17 ker=63 ker(pi dPhi)=67 g1!=0:True  rank_full=42 rank_con=13  order-1 reducible = 29
[c21 p=2147483647 seed=1] rank dPhi=23 ker=57 ker(pi dPhi)=63 g1!=0:True  rank_full=45 rank_con=17  order-1 reducible = 28
[c21 p=2147483647 seed=2] rank dPhi=23 ker=57 ker(pi dPhi)=63 g1!=0:True  rank_full=45 rank_con=17  order-1 reducible = 28
[c21 p=2147483629 seed=1] rank dPhi=23 ker=57 ker(pi dPhi)=63 g1!=0:True  rank_full=45 rank_con=17  order-1 reducible = 28
[c21 p=2147483629 seed=2] rank dPhi=23 ker=57 ker(pi dPhi)=63 g1!=0:True  rank_full=45 rank_con=17  order-1 reducible = 28
[c32 p=2147483647 seed=1] rank dPhi=23 ker=57 ker(pi dPhi)=63 g1!=0:True  rank_full=45 rank_con=17  order-1 reducible = 28
[c32 p=2147483647 seed=2] rank dPhi=23 ker=57 ker(pi dPhi)=63 g1!=0:True  rank_full=45 rank_con=17  order-1 reducible = 28
[c32 p=2147483629 seed=1] rank dPhi=23 ker=57 ker(pi dPhi)=63 g1!=0:True  rank_full=45 rank_con=17  order-1 reducible = 28
[c32 p=2147483629 seed=2] rank dPhi=23 ker=57 ker(pi dPhi)=63 g1!=0:True  rank_full=45 rank_con=17  order-1 reducible = 28
[P p=2147483647 seed=1] rank dPhi=37 ker=43 ker(pi dPhi)=55 g1!=0:True  rank_full=49 rank_con=25  order-1 reducible = 24
[P p=2147483647 seed=2] rank dPhi=37 ker=43 ker(pi dPhi)=55 g1!=0:True  rank_full=49 rank_con=25  order-1 reducible = 24
[P p=2147483629 seed=1] rank dPhi=37 ker=43 ker(pi dPhi)=55 g1!=0:True  rank_full=49 rank_con=25  order-1 reducible = 24
[P p=2147483629 seed=2] rank dPhi=37 ker=43 ker(pi dPhi)=55 g1!=0:True  rank_full=49 rank_con=25  order-1 reducible = 24
[SP p=2147483647 seed=1] rank dPhi=31 ker=49 ker(pi dPhi)=58 g1!=0:True  rank_full=48 rank_con=22  order-1 reducible = 26
[SP p=2147483647 seed=2] rank dPhi=31 ker=49 ker(pi dPhi)=58 g1!=0:True  rank_full=48 rank_con=22  order-1 reducible = 26
[SP p=2147483629 seed=1] rank dPhi=31 ker=49 ker(pi dPhi)=58 g1!=0:True  rank_full=48 rank_con=22  order-1 reducible = 26
[SP p=2147483629 seed=2] rank dPhi=31 ker=49 ker(pi dPhi)=58 g1!=0:True  rank_full=48 rank_con=22  order-1 reducible = 26
[ker_coker p=2147483647 seed=1] rank dPhi=5 ker=75 ker(pi dPhi)=76 g1!=0:True  rank_full=33 rank_con=4  order-1 reducible = 29
[ker_coker p=2147483647 seed=2] rank dPhi=5 ker=75 ker(pi dPhi)=76 g1!=0:True  rank_full=33 rank_con=4  order-1 reducible = 29
[ker_coker p=2147483629 seed=1] rank dPhi=5 ker=75 ker(pi dPhi)=76 g1!=0:True  rank_full=33 rank_con=4  order-1 reducible = 29
[ker_coker p=2147483629 seed=2] rank dPhi=5 ker=75 ker(pi dPhi)=76 g1!=0:True  rank_full=33 rank_con=4  order-1 reducible = 29
[c21_c32 p=2147483647 seed=1] rank dPhi=16 ker=64 ker(pi dPhi)=68 g1!=0:True  rank_full=30 rank_con=12  order-1 reducible = 18
[c21_c32 p=2147483647 seed=2] rank dPhi=16 ker=64 ker(pi dPhi)=68 g1!=0:True  rank_full=30 rank_con=12  order-1 reducible = 18
[c21_c32 p=2147483629 seed=1] rank dPhi=16 ker=64 ker(pi dPhi)=68 g1!=0:True  rank_full=30 rank_con=12  order-1 reducible = 18
[c21_c32 p=2147483629 seed=2] rank dPhi=16 ker=64 ker(pi dPhi)=68 g1!=0:True  rank_full=30 rank_con=12  order-1 reducible = 18
[ker_c21 p=2147483647 seed=1] rank dPhi=13 ker=67 ker(pi dPhi)=70 g1!=0:True  rank_full=28 rank_con=10  order-1 reducible = 18
[ker_c21 p=2147483647 seed=2] rank dPhi=13 ker=67 ker(pi dPhi)=70 g1!=0:True  rank_full=28 rank_con=10  order-1 reducible = 18
[ker_c21 p=2147483629 seed=1] rank dPhi=13 ker=67 ker(pi dPhi)=70 g1!=0:True  rank_full=28 rank_con=10  order-1 reducible = 18
[ker_c21 p=2147483629 seed=2] rank dPhi=13 ker=67 ker(pi dPhi)=70 g1!=0:True  rank_full=28 rank_con=10  order-1 reducible = 18
[c32_coker p=2147483647 seed=1] rank dPhi=0 ker=80 ker(pi dPhi)=80 g1!=0:False  rank_full=0 rank_con=0  order-1 reducible = 0
[c32_coker p=2147483647 seed=2] rank dPhi=0 ker=80 ker(pi dPhi)=80 g1!=0:False  rank_full=0 rank_con=0  order-1 reducible = 0
[c32_coker p=2147483629 seed=1] rank dPhi=0 ker=80 ker(pi dPhi)=80 g1!=0:False  rank_full=0 rank_con=0  order-1 reducible = 0
[c32_coker p=2147483629 seed=2] rank dPhi=0 ker=80 ker(pi dPhi)=80 g1!=0:False  rank_full=0 rank_con=0  order-1 reducible = 0
[P_coker p=2147483647 seed=1] rank dPhi=14 ker=66 ker(pi dPhi)=70 g1!=0:True  rank_full=27 rank_con=10  order-1 reducible = 17
[P_coker p=2147483647 seed=2] rank dPhi=14 ker=66 ker(pi dPhi)=70 g1!=0:True  rank_full=27 rank_con=10  order-1 reducible = 17
[P_coker p=2147483629 seed=1] rank dPhi=14 ker=66 ker(pi dPhi)=70 g1!=0:True  rank_full=27 rank_con=10  order-1 reducible = 17
[P_coker p=2147483629 seed=2] rank dPhi=14 ker=66 ker(pi dPhi)=70 g1!=0:True  rank_full=27 rank_con=10  order-1 reducible = 17
[P_ker p=2147483647 seed=1] rank dPhi=0 ker=80 ker(pi dPhi)=80 g1!=0:False  rank_full=0 rank_con=0  order-1 reducible = 0
[P_ker p=2147483647 seed=2] rank dPhi=0 ker=80 ker(pi dPhi)=80 g1!=0:False  rank_full=0 rank_con=0  order-1 reducible = 0
[P_ker p=2147483629 seed=1] rank dPhi=0 ker=80 ker(pi dPhi)=80 g1!=0:False  rank_full=0 rank_con=0  order-1 reducible = 0
[P_ker p=2147483629 seed=2] rank dPhi=0 ker=80 ker(pi dPhi)=80 g1!=0:False  rank_full=0 rank_con=0  order-1 reducible = 0
[P_SP p=2147483647 seed=1] rank dPhi=29 ker=51 ker(pi dPhi)=59 g1!=0:True  rank_full=37 rank_con=21  order-1 reducible = 16
[P_SP p=2147483647 seed=2] rank dPhi=29 ker=51 ker(pi dPhi)=59 g1!=0:True  rank_full=37 rank_con=21  order-1 reducible = 16
[P_SP p=2147483629 seed=1] rank dPhi=29 ker=51 ker(pi dPhi)=59 g1!=0:True  rank_full=37 rank_con=21  order-1 reducible = 16
[P_SP p=2147483629 seed=2] rank dPhi=29 ker=51 ker(pi dPhi)=59 g1!=0:True  rank_full=37 rank_con=21  order-1 reducible = 16
[P_c21 p=2147483647 seed=1] rank dPhi=17 ker=63 ker(pi dPhi)=67 g1!=0:True  rank_full=23 rank_con=13  order-1 reducible = 10
[P_c21 p=2147483647 seed=2] rank dPhi=17 ker=63 ker(pi dPhi)=67 g1!=0:True  rank_full=23 rank_con=13  order-1 reducible = 10
[P_c21 p=2147483629 seed=1] rank dPhi=17 ker=63 ker(pi dPhi)=67 g1!=0:True  rank_full=23 rank_con=13  order-1 reducible = 10
[P_c21 p=2147483629 seed=2] rank dPhi=17 ker=63 ker(pi dPhi)=67 g1!=0:True  rank_full=23 rank_con=13  order-1 reducible = 10
[P_c32 p=2147483647 seed=1] rank dPhi=19 ker=61 ker(pi dPhi)=66 g1!=0:True  rank_full=28 rank_con=14  order-1 reducible = 14
[P_c32 p=2147483647 seed=2] rank dPhi=19 ker=61 ker(pi dPhi)=66 g1!=0:True  rank_full=28 rank_con=14  order-1 reducible = 14
[P_c32 p=2147483629 seed=1] rank dPhi=19 ker=61 ker(pi dPhi)=66 g1!=0:True  rank_full=28 rank_con=14  order-1 reducible = 14
[P_c32 p=2147483629 seed=2] rank dPhi=19 ker=61 ker(pi dPhi)=66 g1!=0:True  rank_full=28 rank_con=14  order-1 reducible = 14
[P_tan p=2147483647 seed=1] rank dPhi=37 ker=43 ker(pi dPhi)=55 g1!=0:True  rank_full=48 rank_con=25  order-1 reducible = 23
[P_tan p=2147483647 seed=2] rank dPhi=37 ker=43 ker(pi dPhi)=55 g1!=0:True  rank_full=48 rank_con=25  order-1 reducible = 23
[P_tan p=2147483629 seed=1] rank dPhi=37 ker=43 ker(pi dPhi)=55 g1!=0:True  rank_full=48 rank_con=25  order-1 reducible = 23
[P_tan p=2147483629 seed=2] rank dPhi=37 ker=43 ker(pi dPhi)=55 g1!=0:True  rank_full=48 rank_con=25  order-1 reducible = 23
[P_meet p=2147483647 seed=1] rank dPhi=28 ker=52 ker(pi dPhi)=61 g1!=0:True  rank_full=36 rank_con=19  order-1 reducible = 17
[P_meet p=2147483647 seed=2] rank dPhi=28 ker=52 ker(pi dPhi)=61 g1!=0:True  rank_full=36 rank_con=19  order-1 reducible = 17
[P_meet p=2147483629 seed=1] rank dPhi=28 ker=52 ker(pi dPhi)=61 g1!=0:True  rank_full=36 rank_con=19  order-1 reducible = 17
[P_meet p=2147483629 seed=2] rank dPhi=28 ker=52 ker(pi dPhi)=61 g1!=0:True  rank_full=36 rank_con=19  order-1 reducible = 17
[SP_c32 p=2147483647 seed=1] rank dPhi=21 ker=59 ker(pi dPhi)=65 g1!=0:True  rank_full=33 rank_con=15  order-1 reducible = 18
[SP_c32 p=2147483647 seed=2] rank dPhi=21 ker=59 ker(pi dPhi)=65 g1!=0:True  rank_full=33 rank_con=15  order-1 reducible = 18
[SP_c32 p=2147483629 seed=1] rank dPhi=21 ker=59 ker(pi dPhi)=65 g1!=0:True  rank_full=33 rank_con=15  order-1 reducible = 18
[SP_c32 p=2147483629 seed=2] rank dPhi=21 ker=59 ker(pi dPhi)=65 g1!=0:True  rank_full=33 rank_con=15  order-1 reducible = 18
[SP_c21 p=2147483647 seed=1] rank dPhi=20 ker=60 ker(pi dPhi)=65 g1!=0:True  rank_full=34 rank_con=15  order-1 reducible = 19
[SP_c21 p=2147483647 seed=2] rank dPhi=20 ker=60 ker(pi dPhi)=65 g1!=0:True  rank_full=34 rank_con=15  order-1 reducible = 19
[SP_c21 p=2147483629 seed=1] rank dPhi=20 ker=60 ker(pi dPhi)=65 g1!=0:True  rank_full=34 rank_con=15  order-1 reducible = 19
[SP_c21 p=2147483629 seed=2] rank dPhi=20 ker=60 ker(pi dPhi)=65 g1!=0:True  rank_full=34 rank_con=15  order-1 reducible = 19
[SP_ker p=2147483647 seed=1] rank dPhi=0 ker=80 ker(pi dPhi)=80 g1!=0:False  rank_full=0 rank_con=0  order-1 reducible = 0
[SP_ker p=2147483647 seed=2] rank dPhi=0 ker=80 ker(pi dPhi)=80 g1!=0:False  rank_full=0 rank_con=0  order-1 reducible = 0
[SP_ker p=2147483629 seed=1] rank dPhi=0 ker=80 ker(pi dPhi)=80 g1!=0:False  rank_full=0 rank_con=0  order-1 reducible = 0
[SP_ker p=2147483629 seed=2] rank dPhi=0 ker=80 ker(pi dPhi)=80 g1!=0:False  rank_full=0 rank_con=0  order-1 reducible = 0
[SP_coker p=2147483647 seed=1] rank dPhi=12 ker=68 ker(pi dPhi)=71 g1!=0:True  rank_full=28 rank_con=9  order-1 reducible = 19
[SP_coker p=2147483647 seed=2] rank dPhi=12 ker=68 ker(pi dPhi)=71 g1!=0:True  rank_full=28 rank_con=9  order-1 reducible = 19
[SP_coker p=2147483629 seed=1] rank dPhi=12 ker=68 ker(pi dPhi)=71 g1!=0:True  rank_full=28 rank_con=9  order-1 reducible = 19
[SP_coker p=2147483629 seed=2] rank dPhi=12 ker=68 ker(pi dPhi)=71 g1!=0:True  rank_full=28 rank_con=9  order-1 reducible = 19
wrote results/s66_order1.json
