[P_SP seed=1 p=32003] Q2: 12 quadrics, non-bilinear entries 0; alpha=2 beta=8 (inter 41); generic rank M(a)=8/8, N(b)=2/2
[P_SP seed=1 p=32003] Qpi: 4 quadrics, non-bilinear entries 0; alpha=2 beta=8 (inter 41); generic rank M(a)=4/8, N(b)=1/2
   Qpi: dim V = 9, time 0
   Qpi: 2 minimal primes, time 0
     prime 1: dim 6, degree 1, ngens 4, linear 1
     prime 2: dim 9, degree 1, ngens 1, linear 1
   prime 1 (dim 6 in (a,b)): g2 in im dPhi False; order-2 reducible image = 23
   prime 2 (dim 9 in (a,b)): g2 in im dPhi False; order-2 reducible image = 26
   Q2: dim V = 8, time 0
   Q2: 2 minimal primes, time 0
     prime 1: dim 2, degree 1, ngens 8, linear 1
     prime 2: dim 8, degree 1, ngens 2, linear 1
[P_coker seed=1 p=32003] Q2: 41 quadrics, non-bilinear entries 0; alpha=3 beta=23 (inter 40); generic rank M(a)=23/23, N(b)=3/3
[P_coker seed=1 p=32003] Qpi: 25 quadrics, non-bilinear entries 0; alpha=3 beta=23 (inter 40); generic rank M(a)=15/23, N(b)=3/3
   Qpi: dim V = 23, time 2
   Qpi: 2 minimal primes, time 2
     prime 1: dim 11, degree 1, ngens 15, linear 1
     prime 2: dim 23, degree 1, ngens 3, linear 1
   prime 1 (dim 11 in (a,b)): g2 in im dPhi False; order-2 reducible image = 24
   Q2: dim V = 23, time 1
   Q2: 2 minimal primes, time 2
     prime 1: dim 3, degree 1, ngens 23, linear 1
     prime 2: dim 23, degree 1, ngens 3, linear 1
[P_meet seed=1 p=32003] Q2: 19 quadrics, non-bilinear entries 0; alpha=3 beta=9 (inter 40); generic rank M(a)=9/9, N(b)=3/3
[P_meet seed=1 p=32003] Qpi: 12 quadrics, non-bilinear entries 0; alpha=3 beta=9 (inter 40); generic rank M(a)=6/9, N(b)=3/3
   Qpi: dim V = 9, time 0
   Qpi: 2 minimal primes, time 0
     prime 1: dim 6, degree 1, ngens 6, linear 1
     prime 2: dim 9, degree 1, ngens 3, linear 1
   prime 1 (dim 6 in (a,b)): g2 in im dPhi False; order-2 reducible image = 23
   Q2: dim V = 9, time 0
   Q2: 2 minimal primes, time 0
     prime 1: dim 3, degree 1, ngens 9, linear 1
     prime 2: dim 9, degree 1, ngens 3, linear 1
[SP_coker seed=1 p=32003] Q2: 41 quadrics, non-bilinear entries 0; alpha=5 beta=19 (inter 44); generic rank M(a)=19/19, N(b)=5/5
[SP_coker seed=1 p=32003] Qpi: 22 quadrics, non-bilinear entries 0; alpha=5 beta=19 (inter 44); generic rank M(a)=13/19, N(b)=4/5
   Qpi: dim V = 20, time 26
   Qpi: 2 minimal primes, time 33
     prime 1: dim 11, degree 1, ngens 13, linear 1
     prime 2: dim 20, degree 1, ngens 4, linear 1
   prime 1 (dim 11 in (a,b)): g2 in im dPhi False; order-2 reducible image = 26
   prime 2 (dim 20 in (a,b)): g2 in im dPhi False; order-2 reducible image = 28
   Q2: dim V = 19, time 73
   Q2: 2 minimal primes, time 83
     prime 1: dim 5, degree 1, ngens 19, linear 1
     prime 2: dim 19, degree 1, ngens 5, linear 1
wrote results/s66_bilinear_A.json
