[c21_c32 seed=1 p=2147483647] rank dPhi=16 ker=64 union=64 quotient=0  c21:T=57(exp 57, bad 0)  c32:T=57(exp 57, bad 0)
    Q2: dim=25 (generators 54), I(union T)_2 = 49, vanishes on tangents: {'c21': True, 'c32': True}  [51.4s]
[c21_c32 seed=2 p=2147483647] rank dPhi=16 ker=64 union=64 quotient=0  c21:T=57(exp 57, bad 0)  c32:T=57(exp 57, bad 0)
    Q2: dim=25 (generators 54), I(union T)_2 = 49, vanishes on tangents: {'c21': True, 'c32': True}  [51.6s]
[c21_c32 seed=1 p=2147483629] rank dPhi=16 ker=64 union=64 quotient=0  c21:T=57(exp 57, bad 0)  c32:T=57(exp 57, bad 0)
    Q2: dim=25 (generators 54), I(union T)_2 = 49, vanishes on tangents: {'c21': True, 'c32': True}  [51.4s]
[c21_c32 seed=2 p=2147483629] rank dPhi=16 ker=64 union=64 quotient=0  c21:T=57(exp 57, bad 0)  c32:T=57(exp 57, bad 0)
    Q2: dim=25 (generators 54), I(union T)_2 = 49, vanishes on tangents: {'c21': True, 'c32': True}  [50.7s]
[ker_coker seed=1 p=2147483647] rank dPhi=5 ker=75 union=75 quotient=0  ker:T=63(exp 63, bad 0)  coker:T=63(exp 63, bad 0)
    Q2: dim=59 (generators 65), I(union T)_2 = 144, vanishes on tangents: {'ker': True, 'coker': True}  [51.3s]
[ker_coker seed=2 p=2147483647] rank dPhi=5 ker=75 union=75 quotient=0  ker:T=63(exp 63, bad 0)  coker:T=63(exp 63, bad 0)
    Q2: dim=59 (generators 65), I(union T)_2 = 144, vanishes on tangents: {'ker': True, 'coker': True}  [51.0s]
[ker_coker seed=1 p=2147483629] rank dPhi=5 ker=75 union=75 quotient=0  ker:T=63(exp 63, bad 0)  coker:T=63(exp 63, bad 0)
    Q2: dim=59 (generators 65), I(union T)_2 = 144, vanishes on tangents: {'ker': True, 'coker': True}  [76.8s]
[ker_coker seed=2 p=2147483629] rank dPhi=5 ker=75 union=75 quotient=0  ker:T=63(exp 63, bad 0)  coker:T=63(exp 63, bad 0)
    Q2: dim=59 (generators 65), I(union T)_2 = 144, vanishes on tangents: {'ker': True, 'coker': True}  [81.5s]
[c21_gen seed=1 p=2147483647] rank dPhi=23 ker=57 union=57 quotient=0  c21:T=57(exp 57, bad 0)
    Q2: dim=0 (generators 47), I(union T)_2 = 0, vanishes on tangents: {'c21': True}  [38.4s]
[c21_gen seed=2 p=2147483647] rank dPhi=23 ker=57 union=57 quotient=0  c21:T=57(exp 57, bad 0)
    Q2: dim=0 (generators 47), I(union T)_2 = 0, vanishes on tangents: {'c21': True}  [49.8s]
[c21_gen seed=1 p=2147483629] rank dPhi=23 ker=57 union=57 quotient=0  c21:T=57(exp 57, bad 0)
    Q2: dim=0 (generators 47), I(union T)_2 = 0, vanishes on tangents: {'c21': True}  [49.0s]
[c21_gen seed=2 p=2147483629] rank dPhi=23 ker=57 union=57 quotient=0  c21:T=57(exp 57, bad 0)
    Q2: dim=0 (generators 47), I(union T)_2 = 0, vanishes on tangents: {'c21': True}  [35.2s]
[ker_gen seed=1 p=2147483647] rank dPhi=17 ker=63 union=63 quotient=0  ker:T=63(exp 63, bad 0)
    Q2: dim=0 (generators 53), I(union T)_2 = 0, vanishes on tangents: {'ker': True}  [32.9s]
[ker_gen seed=2 p=2147483647] rank dPhi=17 ker=63 union=63 quotient=0  ker:T=63(exp 63, bad 0)
    Q2: dim=0 (generators 53), I(union T)_2 = 0, vanishes on tangents: {'ker': True}  [33.9s]
[ker_gen seed=1 p=2147483629] rank dPhi=17 ker=63 union=63 quotient=0  ker:T=63(exp 63, bad 0)
    Q2: dim=0 (generators 53), I(union T)_2 = 0, vanishes on tangents: {'ker': True}  [33.4s]
[ker_gen seed=2 p=2147483629] rank dPhi=17 ker=63 union=63 quotient=0  ker:T=63(exp 63, bad 0)
    Q2: dim=0 (generators 53), I(union T)_2 = 0, vanishes on tangents: {'ker': True}  [32.8s]
[P_gen seed=1 p=2147483647] rank dPhi=37 ker=43 union=43 quotient=0  P:T=43(exp 43, bad 0)
    Q2: dim=0 (generators 33), I(union T)_2 = 0, vanishes on tangents: {'P': True}  [25.8s]
[P_gen seed=2 p=2147483647] rank dPhi=37 ker=43 union=43 quotient=0  P:T=43(exp 43, bad 0)
    Q2: dim=0 (generators 33), I(union T)_2 = 0, vanishes on tangents: {'P': True}  [25.9s]
[P_gen seed=1 p=2147483629] rank dPhi=37 ker=43 union=43 quotient=0  P:T=43(exp 43, bad 0)
    Q2: dim=0 (generators 33), I(union T)_2 = 0, vanishes on tangents: {'P': True}  [25.4s]
[P_gen seed=2 p=2147483629] rank dPhi=37 ker=43 union=43 quotient=0  P:T=43(exp 43, bad 0)
    Q2: dim=0 (generators 33), I(union T)_2 = 0, vanishes on tangents: {'P': True}  [25.6s]
[PT_gen seed=1 p=2147483647] rank dPhi=37 ker=43 union=43 quotient=0  PT:T=43(exp 43, bad 0)
    Q2: dim=0 (generators 33), I(union T)_2 = 0, vanishes on tangents: {'PT': True}  [25.8s]
[PT_gen seed=2 p=2147483647] rank dPhi=37 ker=43 union=43 quotient=0  PT:T=43(exp 43, bad 0)
    Q2: dim=0 (generators 33), I(union T)_2 = 0, vanishes on tangents: {'PT': True}  [26.4s]
[PT_gen seed=1 p=2147483629] rank dPhi=37 ker=43 union=43 quotient=0  PT:T=43(exp 43, bad 0)
    Q2: dim=0 (generators 33), I(union T)_2 = 0, vanishes on tangents: {'PT': True}  [27.5s]
[PT_gen seed=2 p=2147483629] rank dPhi=37 ker=43 union=43 quotient=0  PT:T=43(exp 43, bad 0)
    Q2: dim=0 (generators 33), I(union T)_2 = 0, vanishes on tangents: {'PT': True}  [27.5s]
[SP_gen seed=1 p=2147483647] rank dPhi=31 ker=49 union=49 quotient=0  SP:T=49(exp 49, bad 0)
    Q2: dim=0 (generators 39), I(union T)_2 = 0, vanishes on tangents: {'SP': True}  [32.5s]
[SP_gen seed=2 p=2147483647] rank dPhi=31 ker=49 union=49 quotient=0  SP:T=49(exp 49, bad 0)
    Q2: dim=0 (generators 39), I(union T)_2 = 0, vanishes on tangents: {'SP': True}  [31.2s]
[SP_gen seed=1 p=2147483629] rank dPhi=31 ker=49 union=49 quotient=0  SP:T=49(exp 49, bad 0)
    Q2: dim=0 (generators 39), I(union T)_2 = 0, vanishes on tangents: {'SP': True}  [30.7s]
[SP_gen seed=2 p=2147483629] rank dPhi=31 ker=49 union=49 quotient=0  SP:T=49(exp 49, bad 0)
    Q2: dim=0 (generators 39), I(union T)_2 = 0, vanishes on tangents: {'SP': True}  [31.1s]
[SPT_gen seed=1 p=2147483647] rank dPhi=31 ker=49 union=49 quotient=0  SPT:T=49(exp 49, bad 0)
    Q2: dim=0 (generators 39), I(union T)_2 = 0, vanishes on tangents: {'SPT': True}  [31.3s]
[SPT_gen seed=2 p=2147483647] rank dPhi=31 ker=49 union=49 quotient=0  SPT:T=49(exp 49, bad 0)
    Q2: dim=0 (generators 39), I(union T)_2 = 0, vanishes on tangents: {'SPT': True}  [32.4s]
[SPT_gen seed=1 p=2147483629] rank dPhi=31 ker=49 union=49 quotient=0  SPT:T=49(exp 49, bad 0)
    Q2: dim=0 (generators 39), I(union T)_2 = 0, vanishes on tangents: {'SPT': True}  [31.2s]
[SPT_gen seed=2 p=2147483629] rank dPhi=31 ker=49 union=49 quotient=0  SPT:T=49(exp 49, bad 0)
    Q2: dim=0 (generators 39), I(union T)_2 = 0, vanishes on tangents: {'SPT': True}  [30.8s]
[P_coker seed=1 p=2147483647] rank dPhi=14 ker=66 union=66 quotient=0  P:T=43/43(exp 43, bad 0)  coker:T=63(exp 63, bad 0)
    Q2: dim=41 (generators 56), I(union T)_2 = 69, vanishes on tangents: {'P': True, 'coker': True}  [49.7s]
[P_coker seed=2 p=2147483647] rank dPhi=14 ker=66 union=66 quotient=0  P:T=43/43(exp 43, bad 0)  coker:T=63(exp 63, bad 0)
    Q2: dim=41 (generators 56), I(union T)_2 = 69, vanishes on tangents: {'P': True, 'coker': True}  [48.5s]
[P_coker seed=1 p=2147483629] rank dPhi=14 ker=66 union=66 quotient=0  P:T=43/43(exp 43, bad 0)  coker:T=63(exp 63, bad 0)
    Q2: dim=41 (generators 56), I(union T)_2 = 69, vanishes on tangents: {'P': True, 'coker': True}  [48.3s]
[P_coker seed=2 p=2147483629] rank dPhi=14 ker=66 union=66 quotient=0  P:T=43/43(exp 43, bad 0)  coker:T=63(exp 63, bad 0)
    Q2: dim=41 (generators 56), I(union T)_2 = 69, vanishes on tangents: {'P': True, 'coker': True}  [47.0s]
[P_SP seed=1 p=2147483647] rank dPhi=29 ker=51 union=51 quotient=0  P:T=43/43(exp 43, bad 0)  SP:T=49/49(exp 49, bad 0)
    Q2: dim=12 (generators 41), I(union T)_2 = 16, vanishes on tangents: {'P': True, 'SP': True}  [37.9s]
[P_SP seed=2 p=2147483647] rank dPhi=29 ker=51 union=51 quotient=0  P:T=43/43(exp 43, bad 0)  SP:T=49/49(exp 49, bad 0)
    Q2: dim=12 (generators 41), I(union T)_2 = 16, vanishes on tangents: {'P': True, 'SP': True}  [37.8s]
[P_SP seed=1 p=2147483629] rank dPhi=29 ker=51 union=51 quotient=0  P:T=43/43(exp 43, bad 0)  SP:T=49/49(exp 49, bad 0)
    Q2: dim=12 (generators 41), I(union T)_2 = 16, vanishes on tangents: {'P': True, 'SP': True}  [37.7s]
[P_SP seed=2 p=2147483629] rank dPhi=29 ker=51 union=51 quotient=0  P:T=43/43(exp 43, bad 0)  SP:T=49/49(exp 49, bad 0)
    Q2: dim=12 (generators 41), I(union T)_2 = 16, vanishes on tangents: {'P': True, 'SP': True}  [37.6s]
[P_c21 seed=1 p=2147483647] rank dPhi=17 ker=63 union=63 quotient=0  P:T=39/43(exp 43, bad 0)  c21:T=57(exp 57, bad 0)  SP0:T=48/49(exp 49, bad 0)  SP1:T=48(exp 49, bad 0)  SP2:T=48(exp 49, bad 0)
    Q2: dim=18 (generators 53), I(union T)_2 = 6, vanishes on tangents: {'P': False, 'c21': True, 'SP0': False, 'SP1': True, 'SP2': True}  [59.5s]
[P_c21 seed=2 p=2147483647] rank dPhi=17 ker=63 union=63 quotient=0  P:T=39/43(exp 43, bad 0)  c21:T=57(exp 57, bad 0)  SP0:T=48/49(exp 49, bad 0)  SP1:T=48(exp 49, bad 0)  SP2:T=48(exp 49, bad 0)
    Q2: dim=18 (generators 53), I(union T)_2 = 6, vanishes on tangents: {'P': False, 'c21': True, 'SP0': False, 'SP1': True, 'SP2': True}  [59.0s]
[P_c21 seed=1 p=2147483629] rank dPhi=17 ker=63 union=63 quotient=0  P:T=39/43(exp 43, bad 0)  c21:T=57(exp 57, bad 0)  SP0:T=48/49(exp 49, bad 0)  SP1:T=48(exp 49, bad 0)  SP2:T=48(exp 49, bad 0)
    Q2: dim=18 (generators 53), I(union T)_2 = 6, vanishes on tangents: {'P': False, 'c21': True, 'SP0': False, 'SP1': True, 'SP2': True}  [59.2s]
[P_c21 seed=2 p=2147483629] rank dPhi=17 ker=63 union=63 quotient=0  P:T=39/43(exp 43, bad 0)  c21:T=57(exp 57, bad 0)  SP0:T=48/49(exp 49, bad 0)  SP1:T=48(exp 49, bad 0)  SP2:T=48(exp 49, bad 0)
    Q2: dim=18 (generators 53), I(union T)_2 = 6, vanishes on tangents: {'P': False, 'c21': True, 'SP0': False, 'SP1': True, 'SP2': True}  [58.5s]
[P_c32 seed=1 p=2147483647] rank dPhi=19 ker=61 union=61 quotient=0  P:T=43/43(exp 43, bad 0)  SP:T=49/49(exp 49, bad 0)  c32:T=57(exp 57, bad 0)
    Q2: dim=28 (generators 51), I(union T)_2 = 56, vanishes on tangents: {'P': True, 'SP': True, 'c32': True}  [58.1s]
[P_c32 seed=2 p=2147483647] rank dPhi=19 ker=61 union=61 quotient=0  P:T=43/43(exp 43, bad 0)  SP:T=49/49(exp 49, bad 0)  c32:T=57(exp 57, bad 0)
    Q2: dim=28 (generators 51), I(union T)_2 = 56, vanishes on tangents: {'P': True, 'SP': True, 'c32': True}  [57.8s]
[P_c32 seed=1 p=2147483629] rank dPhi=19 ker=61 union=61 quotient=0  P:T=43/43(exp 43, bad 0)  SP:T=49/49(exp 49, bad 0)  c32:T=57(exp 57, bad 0)
    Q2: dim=28 (generators 51), I(union T)_2 = 56, vanishes on tangents: {'P': True, 'SP': True, 'c32': True}  [58.0s]
[P_c32 seed=2 p=2147483629] rank dPhi=19 ker=61 union=61 quotient=0  P:T=43/43(exp 43, bad 0)  SP:T=49/49(exp 49, bad 0)  c32:T=57(exp 57, bad 0)
    Q2: dim=28 (generators 51), I(union T)_2 = 56, vanishes on tangents: {'P': True, 'SP': True, 'c32': True}  [58.9s]
[P_ker seed=1 p=2147483647] rank dPhi=0 ker=80 union=78 quotient=2  P:T=38/43(exp 43, bad 0)  ker:T=63(exp 63, bad 0)  coker:T=63(exp 63, bad 0)
    Q2: dim=53 (generators 70), I(union T)_2 = 378, vanishes on tangents: {'P': False, 'ker': True, 'coker': True}  [58.7s]
[P_ker seed=2 p=2147483647] rank dPhi=0 ker=80 union=78 quotient=2  P:T=38/43(exp 43, bad 0)  ker:T=63(exp 63, bad 0)  coker:T=63(exp 63, bad 0)
    Q2: dim=53 (generators 70), I(union T)_2 = 378, vanishes on tangents: {'P': False, 'ker': True, 'coker': True}  [63.7s]
[P_ker seed=1 p=2147483629] rank dPhi=0 ker=80 union=78 quotient=2  P:T=38/43(exp 43, bad 0)  ker:T=63(exp 63, bad 0)  coker:T=63(exp 63, bad 0)
    Q2: dim=53 (generators 70), I(union T)_2 = 378, vanishes on tangents: {'P': False, 'ker': True, 'coker': True}  [57.5s]
[P_ker seed=2 p=2147483629] rank dPhi=0 ker=80 union=78 quotient=2  P:T=38/43(exp 43, bad 0)  ker:T=63(exp 63, bad 0)  coker:T=63(exp 63, bad 0)
    Q2: dim=53 (generators 70), I(union T)_2 = 378, vanishes on tangents: {'P': False, 'ker': True, 'coker': True}  [58.3s]
[P_tan seed=1 p=2147483647] rank dPhi=37 ker=43 union=43 quotient=0  P:T=43/43(exp 43, bad 0)
    Q2: dim=0 (generators 33), I(union T)_2 = 0, vanishes on tangents: {'P': True}  [26.2s]
[P_tan seed=2 p=2147483647] rank dPhi=37 ker=43 union=43 quotient=0  P:T=43/43(exp 43, bad 0)
    Q2: dim=0 (generators 33), I(union T)_2 = 0, vanishes on tangents: {'P': True}  [26.1s]
[P_tan seed=1 p=2147483629] rank dPhi=37 ker=43 union=43 quotient=0  P:T=43/43(exp 43, bad 0)
    Q2: dim=0 (generators 33), I(union T)_2 = 0, vanishes on tangents: {'P': True}  [26.3s]
[P_tan seed=2 p=2147483629] rank dPhi=37 ker=43 union=43 quotient=0  P:T=43/43(exp 43, bad 0)
    Q2: dim=0 (generators 33), I(union T)_2 = 0, vanishes on tangents: {'P': True}  [26.1s]
[P_meet seed=1 p=2147483647] rank dPhi=28 ker=52 union=43 quotient=9  P:T=43/43(exp 43, bad 0)
    Q2: dim=19 (generators 42), I(union T)_2 = 432, vanishes on tangents: {'P': True}  [35.8s]
[P_meet seed=2 p=2147483647] rank dPhi=28 ker=52 union=43 quotient=9  P:T=43/43(exp 43, bad 0)
    Q2: dim=19 (generators 42), I(union T)_2 = 432, vanishes on tangents: {'P': True}  [40.1s]
[P_meet seed=1 p=2147483629] rank dPhi=28 ker=52 union=43 quotient=9  P:T=43/43(exp 43, bad 0)
    Q2: dim=19 (generators 42), I(union T)_2 = 432, vanishes on tangents: {'P': True}  [36.2s]
[P_meet seed=2 p=2147483629] rank dPhi=28 ker=52 union=43 quotient=9  P:T=43/43(exp 43, bad 0)
    Q2: dim=19 (generators 42), I(union T)_2 = 432, vanishes on tangents: {'P': True}  [36.1s]
[SP_c32 seed=1 p=2147483647] rank dPhi=21 ker=59 union=59 quotient=0  SP:T=49/49(exp 49, bad 0)  c32:T=57(exp 57, bad 0)
    Q2: dim=17 (generators 49), I(union T)_2 = 20, vanishes on tangents: {'SP': True, 'c32': True}  [67.3s]
[SP_c32 seed=2 p=2147483647] rank dPhi=21 ker=59 union=59 quotient=0  SP:T=49/49(exp 49, bad 0)  c32:T=57(exp 57, bad 0)
    Q2: dim=17 (generators 49), I(union T)_2 = 20, vanishes on tangents: {'SP': True, 'c32': True}  [82.6s]
[SP_c32 seed=1 p=2147483629] rank dPhi=21 ker=59 union=59 quotient=0  SP:T=49/49(exp 49, bad 0)  c32:T=57(exp 57, bad 0)
    Q2: dim=17 (generators 49), I(union T)_2 = 20, vanishes on tangents: {'SP': True, 'c32': True}  [53.5s]
[SP_c32 seed=2 p=2147483629] rank dPhi=21 ker=59 union=59 quotient=0  SP:T=49/49(exp 49, bad 0)  c32:T=57(exp 57, bad 0)
    Q2: dim=17 (generators 49), I(union T)_2 = 20, vanishes on tangents: {'SP': True, 'c32': True}  [50.6s]
[SP_c21 seed=1 p=2147483647] rank dPhi=20 ker=60 union=60 quotient=0  SP:T=49/49(exp 49, bad 0)  c21:T=57(exp 57, bad 0)
    Q2: dim=15 (generators 50), I(union T)_2 = 33, vanishes on tangents: {'SP': True, 'c21': True}  [50.3s]
[SP_c21 seed=2 p=2147483647] rank dPhi=20 ker=60 union=60 quotient=0  SP:T=49/49(exp 49, bad 0)  c21:T=57(exp 57, bad 0)
    Q2: dim=15 (generators 50), I(union T)_2 = 33, vanishes on tangents: {'SP': True, 'c21': True}  [51.3s]
[SP_c21 seed=1 p=2147483629] rank dPhi=20 ker=60 union=60 quotient=0  SP:T=49/49(exp 49, bad 0)  c21:T=57(exp 57, bad 0)
    Q2: dim=15 (generators 50), I(union T)_2 = 33, vanishes on tangents: {'SP': True, 'c21': True}  [49.3s]
[SP_c21 seed=2 p=2147483629] rank dPhi=20 ker=60 union=60 quotient=0  SP:T=49/49(exp 49, bad 0)  c21:T=57(exp 57, bad 0)
    Q2: dim=15 (generators 50), I(union T)_2 = 33, vanishes on tangents: {'SP': True, 'c21': True}  [50.1s]
[SP_ker seed=1 p=2147483647] rank dPhi=0 ker=80 union=80 quotient=0  SP:T=46/49(exp 49, bad 0)  ker:T=63(exp 63, bad 0)
    Q2: dim=53 (generators 70), I(union T)_2 = 527, vanishes on tangents: {'SP': False, 'ker': True}  [48.3s]
[SP_ker seed=2 p=2147483647] rank dPhi=0 ker=80 union=80 quotient=0  SP:T=46/49(exp 49, bad 0)  ker:T=63(exp 63, bad 0)
    Q2: dim=53 (generators 70), I(union T)_2 = 527, vanishes on tangents: {'SP': False, 'ker': True}  [48.5s]
[SP_ker seed=1 p=2147483629] rank dPhi=0 ker=80 union=80 quotient=0  SP:T=46/49(exp 49, bad 0)  ker:T=63(exp 63, bad 0)
    Q2: dim=53 (generators 70), I(union T)_2 = 527, vanishes on tangents: {'SP': False, 'ker': True}  [49.3s]
[SP_ker seed=2 p=2147483629] rank dPhi=0 ker=80 union=80 quotient=0  SP:T=46/49(exp 49, bad 0)  ker:T=63(exp 63, bad 0)
    Q2: dim=53 (generators 70), I(union T)_2 = 527, vanishes on tangents: {'SP': False, 'ker': True}  [48.8s]
[SP_coker seed=1 p=2147483647] rank dPhi=12 ker=68 union=68 quotient=0  SP:T=49/49(exp 49, bad 0)  coker:T=63(exp 63, bad 0)
    Q2: dim=41 (generators 58), I(union T)_2 = 95, vanishes on tangents: {'SP': True, 'coker': True}  [51.4s]
[SP_coker seed=2 p=2147483647] rank dPhi=12 ker=68 union=68 quotient=0  SP:T=49/49(exp 49, bad 0)  coker:T=63(exp 63, bad 0)
    Q2: dim=41 (generators 58), I(union T)_2 = 95, vanishes on tangents: {'SP': True, 'coker': True}  [51.9s]
[SP_coker seed=1 p=2147483629] rank dPhi=12 ker=68 union=68 quotient=0  SP:T=49/49(exp 49, bad 0)  coker:T=63(exp 63, bad 0)
    Q2: dim=41 (generators 58), I(union T)_2 = 95, vanishes on tangents: {'SP': True, 'coker': True}  [53.1s]
[SP_coker seed=2 p=2147483629] rank dPhi=12 ker=68 union=68 quotient=0  SP:T=49/49(exp 49, bad 0)  coker:T=63(exp 63, bad 0)
    Q2: dim=41 (generators 58), I(union T)_2 = 95, vanishes on tangents: {'SP': True, 'coker': True}  [52.3s]
wrote results/s66_tangent.json
