      level 1: 45 prefixes
      level 2: 737 prefixes
      level 3: 5162 prefixes
      level 4: 13980 prefixes
      level 5: 17932 prefixes
      level 6: 17932 prefixes
  lam=(10, 6, 4, 2, 2): N_S=17932 |Stab|=2 n_chi=9743 (orbits dropped: 0) [lean, 0s, HWM 0.07 GB]
    E_01: |H|=2 targets 13363 canonical rows 7271 nnz 31740 (obstructed fixed targets cancelled: 0) [0s, HWM 0.07 GB]
    E_12: |H|=2 targets 13065 canonical rows 7102 nnz 25064 (obstructed fixed targets cancelled: 0) [0s, HWM 0.07 GB]
    E_23: |H|=1 targets 9964 canonical rows 9964 nnz 29604 (obstructed fixed targets cancelled: 0) [0s, HWM 0.07 GB]
    E_34: |H|=1 targets 13533 canonical rows 13533 nnz 25916 (obstructed fixed targets cancelled: 0) [0s, HWM 0.07 GB]
  built (10, 6, 4, 2, 2) d6: N_S=17932 |Stab|=2 n_chi=9743 rows=37870 nnz=112324 (0s: mono 0s orbits 0s rows 0s; HWM 0.07 GB)
    dense kernel [compressed] p=2147483647: nullity 6 = a, rank 9737, all vectors verified on the full E (161s, HWM 2.22 GB)
    dense kernel [compressed] p=2147483629: nullity 6 = a, rank 9737, all vectors verified on the full E (161s, HWM 2.22 GB)
    mu* expansion: 3,585,547 terms over N_S=17932 (1s, HWM 2.22 GB)
  RESULT (10, 6, 4, 2, 2) d6: a=6 h_pad=24 n_chi=9743 rank_S=6 (star mult_red=6) i_red=0 agree=True  [11.4s]
      level 1: 50 prefixes
      level 2: 1056 prefixes
      level 3: 11979 prefixes
      level 4: 54372 prefixes
      level 5: 94675 prefixes
      level 6: 94675 prefixes
  lam=(8, 4, 4, 4, 4): N_S=94675 |Stab|=24 n_chi=4562 (orbits dropped: 0) [lean, 1s, HWM 0.09 GB]
    E_01: |H|=6 targets 60305 canonical rows 10719 nnz 44540 (obstructed fixed targets cancelled: 0) [0s, HWM 0.09 GB]
    E_12: |H|=2 targets 82457 canonical rows 42042 nnz 127073 (obstructed fixed targets cancelled: 0) [0s, HWM 0.09 GB]
    E_23: |H|=2 targets 82457 canonical rows 42042 nnz 127073 (obstructed fixed targets cancelled: 0) [1s, HWM 0.10 GB]
    E_34: |H|=2 targets 82457 canonical rows 42042 nnz 127073 (obstructed fixed targets cancelled: 0) [1s, HWM 0.10 GB]
  built (8, 4, 4, 4, 4) d6: N_S=94675 |Stab|=24 n_chi=4562 rows=136845 nnz=425759 (2s: mono 0s orbits 1s rows 1s; HWM 0.10 GB)
    dense kernel [compressed] p=2147483647: nullity 2 = a, rank 4560, all vectors verified on the full E (30s, HWM 0.59 GB)
    dense kernel [compressed] p=2147483629: nullity 2 = a, rank 4560, all vectors verified on the full E (30s, HWM 0.60 GB)
    mu* expansion: 30,044,781 terms over N_S=94675 (14s, HWM 2.72 GB)
  RESULT (8, 4, 4, 4, 4) d6: a=2 h_pad=1 n_chi=4562 rank_S=1 (star mult_red=1) i_red=1 agree=True  [158.1s]
      level 1: 27 prefixes
      level 2: 256 prefixes
      level 3: 1623 prefixes
      level 4: 7855 prefixes
      level 5: 23069 prefixes
      level 6: 42189 prefixes
      level 7: 49820 prefixes
      level 8: 49820 prefixes
  lam=(12, 9, 9, 1, 1): N_S=49820 |Stab|=4 n_chi=9800 (orbits dropped: 5603) [lean, 0s, HWM 0.12 GB]
    E_01: |H|=2 targets 42539 canonical rows 16556 nnz 80359 (obstructed fixed targets cancelled: 2566) [0s, HWM 0.12 GB]
    E_12: |H|=2 targets 47488 canonical rows 18503 nnz 80201 (obstructed fixed targets cancelled: 2328) [0s, HWM 0.12 GB]
    E_23: |H|=1 targets 11873 canonical rows 11873 nnz 38856 (obstructed fixed targets cancelled: 0) [0s, HWM 0.12 GB]
    E_34: |H|=2 targets 30343 canonical rows 0 nnz 0 (obstructed fixed targets cancelled: 172) [0s, HWM 0.12 GB]
  built (12, 9, 9, 1, 1) d8: N_S=49820 |Stab|=4 n_chi=9800 rows=46932 nnz=199416 (0s: mono 0s orbits 0s rows 0s; HWM 0.12 GB)
      level 1: 27 prefixes
      level 2: 256 prefixes
      level 3: 1623 prefixes
      level 4: 7855 prefixes
      level 5: 23069 prefixes
      level 6: 42189 prefixes
      level 7: 49820 prefixes
      level 8: 49820 prefixes
  lam=(12, 9, 9, 1, 1): N_S=49820 |Stab|=4 n_chi=9800 (orbits dropped: 5603) [lean, 0s, HWM 0.12 GB]
    E_01: |H|=2 targets 42539 canonical rows 16556 nnz 80359 (obstructed fixed targets cancelled: 2566) [0s, HWM 0.12 GB]
    E_12: |H|=2 targets 47488 canonical rows 18503 nnz 80201 (obstructed fixed targets cancelled: 2328) [0s, HWM 0.12 GB]
    E_23: |H|=1 targets 11873 canonical rows 11873 nnz 38856 (obstructed fixed targets cancelled: 0) [0s, HWM 0.12 GB]
    E_34: |H|=2 targets 30343 canonical rows 0 nnz 0 (obstructed fixed targets cancelled: 172) [0s, HWM 0.12 GB]
  built (12, 9, 9, 1, 1) d8: N_S=49820 |Stab|=4 n_chi=9800 rows=46932 nnz=199416 (0s: mono 0s orbits 0s rows 0s; HWM 0.12 GB)
    dense kernel [compressed] p=2147483647: nullity 7 = a, rank 9793, all vectors verified on the full E (165s, HWM 2.29 GB)
    dense kernel [compressed] p=2147483629: nullity 7 = a, rank 9793, all vectors verified on the full E (169s, HWM 2.29 GB)
    mu* expansion: 35,588,775 terms over N_S=49820 (13s, HWM 3.38 GB)
  RESULT (12, 9, 9, 1, 1) d8: a=7 h_pad=6 n_chi=9800 rank_S=5 (star mult_red=5) i_red=2 agree=True  [169.0s]
