      level 1: 49 prefixes
      level 2: 942 prefixes
      level 3: 8898 prefixes
      level 4: 47314 prefixes
      level 5: 134454 prefixes
      level 6: 209158 prefixes
      level 7: 231991 prefixes
      level 8: 234328 prefixes
      level 9: 234373 prefixes
      level 10: 234373 prefixes
      level 11: 234373 prefixes
      level 12: 234373 prefixes
      level 13: 234373 prefixes
  lam=(34, 9, 4, 4, 1): N_S=234373 |Stab|=2 n_chi=119887 (orbits dropped: 0) [lean, 1s, HWM 0.14 GB]
    E_01: |H|=2 targets 159424 canonical rows 81663 nnz 492567 (obstructed fixed targets cancelled: 0) [1s, HWM 0.14 GB]
    E_12: |H|=1 targets 145475 canonical rows 145475 nnz 621725 (obstructed fixed targets cancelled: 0) [2s, HWM 0.14 GB]
    E_23: |H|=1 targets 204958 canonical rows 204958 nnz 606358 (obstructed fixed targets cancelled: 0) [4s, HWM 0.16 GB]
    E_34: |H|=1 targets 79452 canonical rows 79452 nnz 234373 (obstructed fixed targets cancelled: 0) [4s, HWM 0.16 GB]
  built (34, 9, 4, 4, 1) d13: N_S=234373 |Stab|=2 n_chi=119887 rows=511548 nnz=1955023 (6s: mono 1s orbits 1s rows 4s; HWM 0.16 GB)
  sieve (34, 9, 4, 4, 1) d13: cover(E) 119618/119887 by reversed (a=165, |U|=269, excess 104; {'natural': 114573, 'reversed': 119618, 'fill_asc': 104772, 'fill_desc': 104305, 'random': 86889}); cover(E_red) 93565/93776 (1.0s)
    hybrid[34_9_4_4_1d13] p=2147483647 attempt 0: |S|=119618 |U|=269 (a=165, excess 104) m=333 blocks 1x269 projected nullity 165, verified=True, rank 165 [split 0.3s trisolve 6.3s schur 8.0s null 0.2s lift 20.9s rank 1.7s]
    hybrid[34_9_4_4_1d13] p=2147483629 attempt 0: |S|=119618 |U|=269 (a=165, excess 104) m=333 blocks 1x269 projected nullity 165, verified=True, rank 165 [split 0.2s trisolve 6.5s schur 8.8s null 0.1s lift 20.6s rank 1.5s]
  RESULT (34, 9, 4, 4, 1) d13: a=165 n_chi=119887 |U|=269 mult_det=165 mult_per4=165 mult_red(star)=165 mult_red(pts)=165 i_det=0 i_red=0 i_per4=0 D=0  (164.1s, HWM 1.51 GB)
RESULT {"lam": [34, 9, 4, 4, 1], "delta": 13, "ell": 5, "a": 165, "K": 173, "N_S": 234373, "stab": 2, "n_chi": 119887, "nrows": 511548, "nnz": 1955023, "nfixed": 0, "build_secs": 5.6, "build_hwm_gb": 0.16, "route": "hybrid", "h_pad": 370, "seeds": {"det": 11, "red": 29, "per4": 47, "hybrid": 20260908}, "bound": 40, "primes": [2147483647, 2147483629], "n_red": 93776, "cover_E": {"size": 119618, "order": "reversed", "stats": {"natural": 114573, "reversed": 119618, "fill_asc": 104772, "fill_desc": 104305, "random": 86889}, "n_chi": 119887, "a": 165, "excess": 104, "certified_rank_lb": 119618}, "cover_Ered": {"size": 93565, "order": "reversed", "stats": {"natural": 91140, "reversed": 93565, "fill_asc": 84424, "fill_desc": 83999, "random": 69920}, "n_red": 93776, "certified": false}, "sieve_secs": 1.0, "pred_mem_x_bytes": 207834388, "primes_concurrent": true, "per_prime": {"2147483647": {"sides": {"det": {"mult": 165, "nullity": 0, "instrument": "hybrid kernel + det evaluation rows"}, "per4": {"mult": 165, "nullity": 0, "instrument": "hybrid kernel + per4 evaluation rows"}, "red_pts": {"mult": 165, "nullity": 0, "instrument": "hybrid kernel + red_pts evaluation rows"}, "red_star": {"mult": 165, "nullity": 0, "instrument": "hybrid kernel + (star)"}}, "hybrid": {"nS": 119618, "nU": 269, "excess": 104, "nnzT": 324975, "rows_other": 391930, "order": "reversed", "cover_stats": {"natural": 114573, "reversed": 119618, "fill_asc": 104772, "fill_desc": 104305, "random": 86889}, "ublock": 269, "nblocks": 1, "attempts": [{"attempt": 0, "m": 333, "nproj": 8, "projected_nullity": 165, "verified": true, "rank": 165, "secs": {"split": 0.3, "trisolve": 6.3, "schur": 8.0, "nullspace": 0.2, "lift_verify": 20.9, "rank": 1.7}}], "secs": 37.7}, "ev_secs": 85.3, "rank_secs": 33.5, "secs": 156.5, "hwm_gb": 1.51}, "2147483629": {"sides": {"det": {"mult": 165, "nullity": 0, "instrument": "hybrid kernel + det evaluation rows"}, "per4": {"mult": 165, "nullity": 0, "instrument": "hybrid kernel + per4 evaluation rows"}, "red_pts": {"mult": 165, "nullity": 0, "instrument": "hybrid kernel + red_pts evaluation rows"}, "red_star": {"mult": 165, "nullity": 0, "instrument": "hybrid kernel + (star)"}}, "hybrid": {"nS": 119618, "nU": 269, "excess": 104, "nnzT": 324975, "rows_other": 391930, "order": "reversed", "cover_stats": {"natural": 114573, "reversed": 119618, "fill_asc": 104772, "fill_desc": 104305, "random": 86889}, "ublock": 269, "nblocks": 1, "attempts": [{"attempt": 0, "m": 333, "nproj": 8, "projected_nullity": 165, "verified": true, "rank": 165, "secs": {"split": 0.2, "trisolve": 6.5, "schur": 8.8, "nullspace": 0.1, "lift_verify": 20.6, "rank": 1.5}}], "secs": 38.1}, "ev_secs": 85.3, "rank_secs": 33.8, "secs": 157.3, "hwm_gb": 1.51}}, "sides": {"det": {"mult": 165, "per_prime": {"2147483647": 165, "2147483629": 165}, "primes_agree": true, "instrument": "hybrid kernel + det evaluation rows", "status": "proved (full rank at both primes: mult = a over Q)"}, "per4": {"mult": 165, "per_prime": {"2147483647": 165, "2147483629": 165}, "primes_agree": true, "instrument": "hybrid kernel + per4 evaluation rows", "status": "proved (full rank at both primes: mult = a over Q)"}, "red_star": {"mult": 165, "per_prime": {"2147483647": 165, "2147483629": 165}, "primes_agree": true, "instrument": "hybrid kernel + (star)", "status": "proved (full rank at both primes: mult = a over Q)"}, "red_pts": {"mult": 165, "per_prime": {"2147483647": 165, "2147483629": 165}, "primes_agree": true, "instrument": "hybrid kernel + red_pts evaluation rows", "status": "proved (full rank at both primes: mult = a over Q)"}}, "mult_det": 165, "mult_per4": 165, "mult_red_star": 165, "mult_red_pts": 165, "mult_red": 165, "star_eq_pts": true, "i_det": 0, "i_red": 0, "i_per4": 0, "D": 0, "refute": false, "halt": false, "ok": true, "secs": 164.1, "hwm_gb": 1.51, "certs": [["results/certs/s71/34_9_4_4_1_d13_hybrid_p2147483647.json.gz", 53030], ["results/certs/s71/34_9_4_4_1_d13_hybrid_p2147483629.json.gz", 53030]]}
