      level 1: 45 prefixes
      level 2: 639 prefixes
      level 3: 4469 prefixes
      level 4: 18201 prefixes
      level 5: 48011 prefixes
      level 6: 79943 prefixes
      level 7: 94671 prefixes
      level 8: 97623 prefixes
      level 9: 97814 prefixes
      level 10: 97814 prefixes
      level 11: 97814 prefixes
      level 12: 97814 prefixes
      level 13: 97814 prefixes
      level 14: 97814 prefixes
      level 15: 97814 prefixes
  lam=(41, 12, 4, 2, 1): N_S=97814 |Stab|=1 n_chi=97814 (orbits dropped: 0) [lean, 0s, HWM 0.10 GB]
    E_01: |H|=1 targets 74419 canonical rows 74419 nnz 439714 (obstructed fixed targets cancelled: 0) [1s, HWM 0.11 GB]
    E_12: |H|=1 targets 55896 canonical rows 55896 nnz 253250 (obstructed fixed targets cancelled: 0) [1s, HWM 0.11 GB]
    E_23: |H|=1 targets 54918 canonical rows 54918 nnz 160518 (obstructed fixed targets cancelled: 0) [1s, HWM 0.11 GB]
    E_34: |H|=1 targets 45931 canonical rows 45931 nnz 97814 (obstructed fixed targets cancelled: 0) [2s, HWM 0.11 GB]
  built (41, 12, 4, 2, 1) d15: N_S=97814 |Stab|=1 n_chi=97814 rows=231164 nnz=951296 (2s: mono 0s orbits 0s rows 2s; HWM 0.11 GB)
  sieve (41, 12, 4, 2, 1) d15: cover(E) 97497/97814 by reversed (a=253, |U|=317, excess 64; {'natural': 93930, 'reversed': 97497, 'fill_asc': 81010, 'fill_desc': 78941, 'random': 65394}); cover(E_red) 76568/76826 (0.4s)
    hybrid[41_12_4_2_1d15] p=2147483629 attempt 0: |S|=97497 |U|=317 (a=253, excess 64) m=381 blocks 1x317 projected nullity 253, verified=True, rank 253 [split 0.2s trisolve 7.7s schur 4.2s null 0.2s lift 12.4s rank 1.9s]
    hybrid[41_12_4_2_1d15] p=2147483647 attempt 0: |S|=97497 |U|=317 (a=253, excess 64) m=381 blocks 1x317 projected nullity 253, verified=True, rank 253 [split 0.2s trisolve 7.9s schur 4.1s null 0.2s lift 12.8s rank 1.7s]
  RESULT (41, 12, 4, 2, 1) d15: a=253 n_chi=97814 |U|=317 mult_det=253 mult_per4=253 mult_red(star)=253 mult_red(pts)=253 i_det=0 i_red=0 i_per4=0 D=0  (135.2s, HWM 1.67 GB)
RESULT {"lam": [41, 12, 4, 2, 1], "delta": 15, "ell": 5, "a": 253, "K": 261, "N_S": 97814, "stab": 1, "n_chi": 97814, "nrows": 231164, "nnz": 951296, "nfixed": 0, "build_secs": 2.3, "build_hwm_gb": 0.11, "route": "hybrid", "h_pad": 586, "seeds": {"det": 11, "red": 29, "per4": 47, "hybrid": 20260908}, "bound": 40, "primes": [2147483647, 2147483629], "n_red": 76826, "cover_E": {"size": 97497, "order": "reversed", "stats": {"natural": 93930, "reversed": 97497, "fill_asc": 81010, "fill_desc": 78941, "random": 65394}, "n_chi": 97814, "a": 253, "excess": 64, "certified_rank_lb": 97497}, "cover_Ered": {"size": 76568, "order": "reversed", "stats": {"natural": 74646, "reversed": 76568, "fill_asc": 66130, "fill_desc": 65073, "random": 53880}, "n_red": 76826, "certified": false}, "sieve_secs": 0.4, "pred_mem_x_bytes": 222613964, "primes_concurrent": true, "per_prime": {"2147483647": {"sides": {"det": {"mult": 253, "nullity": 0, "instrument": "hybrid kernel + det evaluation rows"}, "per4": {"mult": 253, "nullity": 0, "instrument": "hybrid kernel + per4 evaluation rows"}, "red_pts": {"mult": 253, "nullity": 0, "instrument": "hybrid kernel + red_pts evaluation rows"}, "red_star": {"mult": 253, "nullity": 0, "instrument": "hybrid kernel + (star)"}}, "hybrid": {"nS": 97497, "nU": 317, "excess": 64, "nnzT": 276809, "rows_other": 133667, "order": "reversed", "cover_stats": {"natural": 93930, "reversed": 97497, "fill_asc": 81010, "fill_desc": 78941, "random": 65394}, "ublock": 317, "nblocks": 1, "attempts": [{"attempt": 0, "m": 381, "nproj": 8, "projected_nullity": 253, "verified": true, "rank": 253, "secs": {"split": 0.2, "trisolve": 7.9, "schur": 4.1, "nullspace": 0.2, "lift_verify": 12.8, "rank": 1.7}}], "secs": 27.0}, "ev_secs": 60.9, "rank_secs": 44.4, "secs": 132.3, "hwm_gb": 1.67}, "2147483629": {"sides": {"det": {"mult": 253, "nullity": 0, "instrument": "hybrid kernel + det evaluation rows"}, "per4": {"mult": 253, "nullity": 0, "instrument": "hybrid kernel + per4 evaluation rows"}, "red_pts": {"mult": 253, "nullity": 0, "instrument": "hybrid kernel + red_pts evaluation rows"}, "red_star": {"mult": 253, "nullity": 0, "instrument": "hybrid kernel + (star)"}}, "hybrid": {"nS": 97497, "nU": 317, "excess": 64, "nnzT": 276809, "rows_other": 133667, "order": "reversed", "cover_stats": {"natural": 93930, "reversed": 97497, "fill_asc": 81010, "fill_desc": 78941, "random": 65394}, "ublock": 317, "nblocks": 1, "attempts": [{"attempt": 0, "m": 381, "nproj": 8, "projected_nullity": 253, "verified": true, "rank": 253, "secs": {"split": 0.2, "trisolve": 7.7, "schur": 4.2, "nullspace": 0.2, "lift_verify": 12.4, "rank": 1.9}}], "secs": 26.7}, "ev_secs": 60.1, "rank_secs": 45.5, "secs": 132.3, "hwm_gb": 1.67}}, "sides": {"det": {"mult": 253, "per_prime": {"2147483647": 253, "2147483629": 253}, "primes_agree": true, "instrument": "hybrid kernel + det evaluation rows", "status": "proved (full rank at both primes: mult = a over Q)"}, "per4": {"mult": 253, "per_prime": {"2147483647": 253, "2147483629": 253}, "primes_agree": true, "instrument": "hybrid kernel + per4 evaluation rows", "status": "proved (full rank at both primes: mult = a over Q)"}, "red_star": {"mult": 253, "per_prime": {"2147483647": 253, "2147483629": 253}, "primes_agree": true, "instrument": "hybrid kernel + (star)", "status": "proved (full rank at both primes: mult = a over Q)"}, "red_pts": {"mult": 253, "per_prime": {"2147483647": 253, "2147483629": 253}, "primes_agree": true, "instrument": "hybrid kernel + red_pts evaluation rows", "status": "proved (full rank at both primes: mult = a over Q)"}}, "mult_det": 253, "mult_per4": 253, "mult_red_star": 253, "mult_red_pts": 253, "mult_red": 253, "star_eq_pts": true, "i_det": 0, "i_red": 0, "i_per4": 0, "D": 0, "refute": false, "halt": false, "ok": true, "secs": 135.2, "hwm_gb": 1.67, "certs": [["results/certs/s71/41_12_4_2_1_d15_hybrid_p2147483647.json.gz", 77738], ["results/certs/s71/41_12_4_2_1_d15_hybrid_p2147483629.json.gz", 77737]]}
