      level 1: 54 prefixes
      level 2: 880 prefixes
      level 3: 6564 prefixes
      level 4: 27771 prefixes
      level 5: 80066 prefixes
      level 6: 169930 prefixes
      level 7: 257128 prefixes
      level 8: 300730 prefixes
      level 9: 312438 prefixes
      level 10: 313816 prefixes
      level 11: 313848 prefixes
      level 12: 313848 prefixes
      level 13: 313848 prefixes
      level 14: 313848 prefixes
      level 15: 313848 prefixes
      level 16: 313848 prefixes
      level 17: 313848 prefixes
      level 18: 313848 prefixes
  lam=(50, 15, 3, 2, 2): N_S=313848 |Stab|=2 n_chi=169981 (orbits dropped: 0) [lean, 1s, HWM 0.16 GB]
    E_01: |H|=2 targets 251831 canonical rows 136504 nnz 833546 (obstructed fixed targets cancelled: 0) [4s, HWM 0.18 GB]
    E_12: |H|=2 targets 140176 canonical rows 76727 nnz 369361 (obstructed fixed targets cancelled: 0) [5s, HWM 0.18 GB]
    E_23: |H|=1 targets 199335 canonical rows 199335 nnz 518977 (obstructed fixed targets cancelled: 0) [7s, HWM 0.19 GB]
    E_34: |H|=1 targets 237027 canonical rows 237027 nnz 454521 (obstructed fixed targets cancelled: 0) [9s, HWM 0.21 GB]
  built (50, 15, 3, 2, 2) d18: N_S=313848 |Stab|=2 n_chi=169981 rows=649593 nnz=2176405 (11s: mono 2s orbits 1s rows 9s; HWM 0.21 GB)
  sieve (50, 15, 3, 2, 2) d18: cover(E) 169625/169981 by reversed (a=258, |U|=356, excess 98; {'natural': 165891, 'reversed': 169625, 'fill_asc': 151991, 'fill_desc': 150097, 'random': 130442}); cover(E_red) 140090/140388 (1.3s)
    hybrid[50_15_3_2_2d18] p=2147483647 attempt 0: |S|=169625 |U|=356 (a=258, excess 98) m=420 blocks 1x356 projected nullity 258, verified=True, rank 258 [split 0.1s trisolve 7.2s schur 6.1s null 0.1s lift 15.6s rank 1.8s]
    hybrid[50_15_3_2_2d18] p=2147483629 attempt 0: |S|=169625 |U|=356 (a=258, excess 98) m=420 blocks 1x356 projected nullity 258, verified=True, rank 258 [split 0.1s trisolve 2.5s schur 6.1s null 0.1s lift 14.4s rank 1.7s]
  RESULT (50, 15, 3, 2, 2) d18: a=258 n_chi=169981 |U|=356 mult_det=258 mult_per4=258 mult_red(star)=258 mult_red(pts)=258 i_det=0 i_red=0 i_per4=0 D=0  (361.5s, HWM 2.98 GB)
RESULT {"lam": [50, 15, 3, 2, 2], "delta": 18, "ell": 5, "a": 258, "K": 266, "N_S": 313848, "stab": 2, "n_chi": 169981, "nrows": 649593, "nnz": 2176405, "nfixed": 0, "build_secs": 11.4, "build_hwm_gb": 0.21, "route": "hybrid", "h_pad": 583, "seeds": {"det": 11, "red": 29, "per4": 47, "hybrid": 20260908}, "bound": 40, "primes": [2147483647, 2147483629], "n_red": 140388, "cover_E": {"size": 169625, "order": "reversed", "stats": {"natural": 165891, "reversed": 169625, "fill_asc": 151991, "fill_desc": 150097, "random": 130442}, "n_chi": 169981, "a": 258, "excess": 98, "certified_rank_lb": 169625}, "cover_Ered": {"size": 140090, "order": "reversed", "stats": {"natural": 137693, "reversed": 140090, "fill_asc": 127640, "fill_desc": 126700, "random": 109800}, "n_red": 140388, "certified": false}, "sieve_secs": 1.3, "pred_mem_x_bytes": 416966392, "primes_concurrent": false, "per_prime": {"2147483647": {"sides": {"det": {"mult": 258, "nullity": 0, "instrument": "hybrid kernel + det evaluation rows"}, "per4": {"mult": 258, "nullity": 0, "instrument": "hybrid kernel + per4 evaluation rows"}, "red_pts": {"mult": 258, "nullity": 0, "instrument": "hybrid kernel + red_pts evaluation rows"}, "red_star": {"mult": 258, "nullity": 0, "instrument": "hybrid kernel + (star)"}}, "hybrid": {"nS": 169625, "nU": 356, "excess": 98, "nnzT": 400690, "rows_other": 479968, "order": "reversed", "cover_stats": {"natural": 165891, "reversed": 169625, "fill_asc": 151991, "fill_desc": 150097, "random": 130442}, "ublock": 356, "nblocks": 1, "attempts": [{"attempt": 0, "m": 420, "nproj": 8, "projected_nullity": 258, "verified": true, "rank": 258, "secs": {"split": 0.1, "trisolve": 7.2, "schur": 6.1, "nullspace": 0.1, "lift_verify": 15.6, "rank": 1.8}}], "secs": 31.0}, "ev_secs": 111.5, "rank_secs": 33.0, "secs": 175.6, "hwm_gb": 2.98}, "2147483629": {"sides": {"det": {"mult": 258, "nullity": 0, "instrument": "hybrid kernel + det evaluation rows"}, "per4": {"mult": 258, "nullity": 0, "instrument": "hybrid kernel + per4 evaluation rows"}, "red_pts": {"mult": 258, "nullity": 0, "instrument": "hybrid kernel + red_pts evaluation rows"}, "red_star": {"mult": 258, "nullity": 0, "instrument": "hybrid kernel + (star)"}}, "hybrid": {"nS": 169625, "nU": 356, "excess": 98, "nnzT": 400690, "rows_other": 479968, "order": "reversed", "cover_stats": {"natural": 165891, "reversed": 169625, "fill_asc": 151991, "fill_desc": 150097, "random": 130442}, "ublock": 356, "nblocks": 1, "attempts": [{"attempt": 0, "m": 420, "nproj": 8, "projected_nullity": 258, "verified": true, "rank": 258, "secs": {"split": 0.1, "trisolve": 2.5, "schur": 6.1, "nullspace": 0.1, "lift_verify": 14.4, "rank": 1.7}}], "secs": 24.9}, "ev_secs": 112.1, "rank_secs": 36.0, "secs": 173.0, "hwm_gb": 2.98}}, "sides": {"det": {"mult": 258, "per_prime": {"2147483647": 258, "2147483629": 258}, "primes_agree": true, "instrument": "hybrid kernel + det evaluation rows", "status": "proved (full rank at both primes: mult = a over Q)"}, "per4": {"mult": 258, "per_prime": {"2147483647": 258, "2147483629": 258}, "primes_agree": true, "instrument": "hybrid kernel + per4 evaluation rows", "status": "proved (full rank at both primes: mult = a over Q)"}, "red_star": {"mult": 258, "per_prime": {"2147483647": 258, "2147483629": 258}, "primes_agree": true, "instrument": "hybrid kernel + (star)", "status": "proved (full rank at both primes: mult = a over Q)"}, "red_pts": {"mult": 258, "per_prime": {"2147483647": 258, "2147483629": 258}, "primes_agree": true, "instrument": "hybrid kernel + red_pts evaluation rows", "status": "proved (full rank at both primes: mult = a over Q)"}}, "mult_det": 258, "mult_per4": 258, "mult_red_star": 258, "mult_red_pts": 258, "mult_red": 258, "star_eq_pts": true, "i_det": 0, "i_red": 0, "i_per4": 0, "D": 0, "refute": false, "halt": false, "ok": true, "secs": 361.5, "hwm_gb": 2.98, "certs": [["results/certs/s71/50_15_3_2_2_d18_hybrid_p2147483647.json.gz", 79020], ["results/certs/s71/50_15_3_2_2_d18_hybrid_p2147483629.json.gz", 79020]]}
