      level 1: 60 prefixes
      level 2: 1390 prefixes
      level 3: 14186 prefixes
      level 4: 77904 prefixes
      level 5: 291221 prefixes
      level 6: 687818 prefixes
      level 7: 1010005 prefixes
      level 8: 1122258 prefixes
      level 9: 1138897 prefixes
      level 10: 1139653 prefixes
      level 11: 1139653 prefixes
      level 12: 1139653 prefixes
      level 13: 1139653 prefixes
  lam=(31, 12, 3, 3, 3): N_S=1139653 |Stab|=6 n_chi=172095 (orbits dropped: 36309) [lean, 9s, HWM 0.30 GB]
    E_01: |H|=6 targets 862829 canonical rows 129896 nnz 825676 (obstructed fixed targets cancelled: 56934) [12s, HWM 0.33 GB]
    E_12: |H|=2 targets 519317 canonical rows 249974 nnz 1156124 (obstructed fixed targets cancelled: 9154) [16s, HWM 0.33 GB]
    E_23: |H|=1 targets 949414 canonical rows 938766 nnz 2152385 (obstructed fixed targets cancelled: 0) [22s, HWM 0.39 GB]
    E_34: |H|=1 targets 949414 canonical rows 938766 nnz 2152385 (obstructed fixed targets cancelled: 0) [28s, HWM 0.45 GB]
  built (31, 12, 3, 3, 3) d13: N_S=1139653 |Stab|=6 n_chi=172095 rows=2257402 nnz=6286570 (40s: mono 4s orbits 9s rows 28s; HWM 0.45 GB)
  sieve (31, 12, 3, 3, 3) d13: cover(E) 172011/172095 by reversed (a=47, |U|=84, excess 37; {'natural': 169162, 'reversed': 172011, 'fill_asc': 160199, 'fill_desc': 165390, 'random': 149831}); cover(E_red) 148110/148191 (4.9s)
    hybrid[31_12_3_3_3d13] p=2147483647 attempt 0: |S|=172011 |U|=84 (a=47, excess 37) m=148 blocks 1x84 projected nullity 47, verified=True, rank 47 [split 0.2s trisolve 1.6s schur 5.1s null 0.0s lift 14.5s rank 0.4s]
    hybrid[31_12_3_3_3d13] p=2147483629 attempt 0: |S|=172011 |U|=84 (a=47, excess 37) m=148 blocks 1x84 projected nullity 47, verified=True, rank 47 [split 0.2s trisolve 1.6s schur 5.0s null 0.0s lift 14.6s rank 0.4s]
  RESULT (31, 12, 3, 3, 3) d13: a=47 n_chi=172095 |U|=84 mult_det=47 mult_per4=47 mult_red(star)=47 mult_red(pts)=47 i_det=0 i_red=0 i_per4=0 D=0  (129.6s, HWM 1.66 GB)
RESULT {"lam": [31, 12, 3, 3, 3], "delta": 13, "ell": 5, "a": 47, "K": 55, "N_S": 1139653, "stab": 6, "n_chi": 172095, "nrows": 2257402, "nnz": 6286570, "nfixed": 66088, "build_secs": 40.3, "build_hwm_gb": 0.45, "route": "hybrid", "h_pad": 85, "seeds": {"det": 11, "red": 29, "per4": 47, "hybrid": 20260908}, "bound": 40, "primes": [2147483647, 2147483629], "n_red": 148191, "cover_E": {"size": 172011, "order": "reversed", "stats": {"natural": 169162, "reversed": 172011, "fill_asc": 160199, "fill_desc": 165390, "random": 149831}, "n_chi": 172095, "a": 47, "excess": 37, "certified_rank_lb": 172011}, "cover_Ered": {"size": 148110, "order": "reversed", "stats": {"natural": 145902, "reversed": 148110, "fill_asc": 138745, "fill_desc": 142767, "random": 128987}, "n_red": 148191, "certified": false}, "sieve_secs": 4.9, "pred_mem_x_bytes": 90149556, "primes_concurrent": true, "per_prime": {"2147483647": {"sides": {"det": {"mult": 47, "nullity": 0, "instrument": "hybrid kernel + det evaluation rows"}, "per4": {"mult": 47, "nullity": 0, "instrument": "hybrid kernel + per4 evaluation rows"}, "red_pts": {"mult": 47, "nullity": 0, "instrument": "hybrid kernel + red_pts evaluation rows"}, "red_star": {"mult": 47, "nullity": 0, "instrument": "hybrid kernel + (star)"}}, "hybrid": {"nS": 172011, "nU": 84, "excess": 37, "nnzT": 333967, "rows_other": 2085391, "order": "reversed", "cover_stats": {"natural": 169162, "reversed": 172011, "fill_asc": 160199, "fill_desc": 165390, "random": 149831}, "ublock": 84, "nblocks": 1, "attempts": [{"attempt": 0, "m": 148, "nproj": 8, "projected_nullity": 47, "verified": true, "rank": 47, "secs": {"split": 0.2, "trisolve": 1.6, "schur": 5.1, "nullspace": 0.0, "lift_verify": 14.5, "rank": 0.4}}], "secs": 22.4}, "ev_secs": 56.7, "rank_secs": 4.7, "secs": 83.9, "hwm_gb": 1.66}, "2147483629": {"sides": {"det": {"mult": 47, "nullity": 0, "instrument": "hybrid kernel + det evaluation rows"}, "per4": {"mult": 47, "nullity": 0, "instrument": "hybrid kernel + per4 evaluation rows"}, "red_pts": {"mult": 47, "nullity": 0, "instrument": "hybrid kernel + red_pts evaluation rows"}, "red_star": {"mult": 47, "nullity": 0, "instrument": "hybrid kernel + (star)"}}, "hybrid": {"nS": 172011, "nU": 84, "excess": 37, "nnzT": 333967, "rows_other": 2085391, "order": "reversed", "cover_stats": {"natural": 169162, "reversed": 172011, "fill_asc": 160199, "fill_desc": 165390, "random": 149831}, "ublock": 84, "nblocks": 1, "attempts": [{"attempt": 0, "m": 148, "nproj": 8, "projected_nullity": 47, "verified": true, "rank": 47, "secs": {"split": 0.2, "trisolve": 1.6, "schur": 5.0, "nullspace": 0.0, "lift_verify": 14.6, "rank": 0.4}}], "secs": 22.5}, "ev_secs": 57.1, "rank_secs": 4.5, "secs": 84.1, "hwm_gb": 1.66}}, "sides": {"det": {"mult": 47, "per_prime": {"2147483647": 47, "2147483629": 47}, "primes_agree": true, "instrument": "hybrid kernel + det evaluation rows", "status": "proved (full rank at both primes: mult = a over Q)"}, "per4": {"mult": 47, "per_prime": {"2147483647": 47, "2147483629": 47}, "primes_agree": true, "instrument": "hybrid kernel + per4 evaluation rows", "status": "proved (full rank at both primes: mult = a over Q)"}, "red_star": {"mult": 47, "per_prime": {"2147483647": 47, "2147483629": 47}, "primes_agree": true, "instrument": "hybrid kernel + (star)", "status": "proved (full rank at both primes: mult = a over Q)"}, "red_pts": {"mult": 47, "per_prime": {"2147483647": 47, "2147483629": 47}, "primes_agree": true, "instrument": "hybrid kernel + red_pts evaluation rows", "status": "proved (full rank at both primes: mult = a over Q)"}}, "mult_det": 47, "mult_per4": 47, "mult_red_star": 47, "mult_red_pts": 47, "mult_red": 47, "star_eq_pts": true, "i_det": 0, "i_red": 0, "i_per4": 0, "D": 0, "refute": false, "halt": false, "ok": true, "secs": 129.6, "hwm_gb": 1.66, "certs": [["results/certs/s71/31_12_3_3_3_d13_hybrid_p2147483647.json.gz", 18934], ["results/certs/s71/31_12_3_3_3_d13_hybrid_p2147483629.json.gz", 18935]]}
