      level 1: 40 prefixes
      level 2: 393 prefixes
      level 3: 1937 prefixes
      level 4: 6139 prefixes
      level 5: 14371 prefixes
      level 6: 25826 prefixes
      level 7: 34806 prefixes
      level 8: 38776 prefixes
      level 9: 39771 prefixes
      level 10: 39861 prefixes
      level 11: 39861 prefixes
      level 12: 39861 prefixes
      level 13: 39861 prefixes
      level 14: 39861 prefixes
      level 15: 39861 prefixes
      level 16: 39861 prefixes
      level 17: 39861 prefixes
  lam=(47, 16, 2, 2, 1): N_S=39861 |Stab|=2 n_chi=22050 (orbits dropped: 0) [lean, 0s, HWM 0.07 GB]
    E_01: |H|=2 targets 33008 canonical rows 18275 nnz 101301 (obstructed fixed targets cancelled: 0) [0s, HWM 0.08 GB]
    E_12: |H|=1 targets 14064 canonical rows 14064 nnz 64263 (obstructed fixed targets cancelled: 0) [0s, HWM 0.08 GB]
    E_23: |H|=1 targets 30403 canonical rows 30403 nnz 55835 (obstructed fixed targets cancelled: 0) [1s, HWM 0.08 GB]
    E_34: |H|=1 targets 19237 canonical rows 19237 nnz 39861 (obstructed fixed targets cancelled: 0) [1s, HWM 0.08 GB]
  built (47, 16, 2, 2, 1) d17: N_S=39861 |Stab|=2 n_chi=22050 rows=81979 nnz=261260 (1s: mono 0s orbits 0s rows 1s; HWM 0.08 GB)
  sieve (47, 16, 2, 2, 1) d17: cover(E) 21986/22050 by reversed (a=64, |U|=64, excess 0; {'natural': 20725, 'reversed': 21986, 'fill_asc': 18509, 'fill_desc': 19282, 'random': 17526}); cover(E_red) 17197/17248 (0.1s)
    hybrid[47_16_2_2_1d17] p=2147483629 attempt 0: |S|=21986 |U|=64 (a=64, excess 0) m=128 projected nullity 64, verified=True, rank 64 [split 0.0s trisolve 0.0s schur 0.1s null 0.0s lift 0.4s]
    hybrid[47_16_2_2_1d17] p=2147483647 attempt 0: |S|=21986 |U|=64 (a=64, excess 0) m=128 projected nullity 64, verified=True, rank 64 [split 0.0s trisolve 0.0s schur 0.1s null 0.0s lift 0.7s]
  RESULT (47, 16, 2, 2, 1) d17: a=64 n_chi=22050 |U|=64 mult_det=64 mult_per4=64 mult_red(star)=64 mult_red(pts)=64 i_det=0 i_red=0 i_per4=0 D=0  (6.6s, HWM 0.19 GB)
RESULT {"lam": [47, 16, 2, 2, 1], "delta": 17, "ell": 5, "a": 64, "K": 72, "N_S": 39861, "stab": 2, "n_chi": 22050, "nrows": 81979, "nnz": 261260, "nfixed": 0, "build_secs": 1.1, "build_hwm_gb": 0.08, "route": "hybrid", "h_pad": 177, "seeds": {"det": 11, "red": 29, "per4": 47, "hybrid": 20260908}, "bound": 40, "primes": [2147483647, 2147483629], "n_red": 17248, "cover_E": {"size": 21986, "order": "reversed", "stats": {"natural": 20725, "reversed": 21986, "fill_asc": 18509, "fill_desc": 19282, "random": 17526}, "n_chi": 22050, "a": 64, "excess": 0, "certified_rank_lb": 21986}, "cover_Ered": {"size": 17197, "order": "reversed", "stats": {"natural": 16497, "reversed": 17197, "fill_asc": 15052, "fill_desc": 15644, "random": 14033}, "n_red": 17248, "certified": false}, "sieve_secs": 0.1, "pred_mem_x_bytes": 5628416, "primes_concurrent": true, "per_prime": {"2147483647": {"sides": {"det": {"mult": 64, "nullity": 0, "instrument": "hybrid kernel + det evaluation rows"}, "per4": {"mult": 64, "nullity": 0, "instrument": "hybrid kernel + per4 evaluation rows"}, "red_pts": {"mult": 64, "nullity": 0, "instrument": "hybrid kernel + red_pts evaluation rows"}, "red_star": {"mult": 64, "nullity": 0, "instrument": "hybrid kernel + (star)"}}, "hybrid": {"nS": 21986, "nU": 64, "excess": 0, "nnzT": 46606, "rows_other": 59993, "order": "reversed", "cover_stats": {"natural": 20725, "reversed": 21986, "fill_asc": 18509, "fill_desc": 19282, "random": 17526}, "attempts": [{"attempt": 0, "m": 128, "nproj": 8, "projected_nullity": 64, "verified": true, "rank": 64, "secs": {"split": 0.0, "trisolve": 0.0, "schur": 0.1, "nullspace": 0.0, "lift_verify": 0.7}}], "secs": 0.9}, "ev_secs": 3.5, "rank_secs": 0.8, "secs": 5.2, "hwm_gb": 0.19}, "2147483629": {"sides": {"det": {"mult": 64, "nullity": 0, "instrument": "hybrid kernel + det evaluation rows"}, "per4": {"mult": 64, "nullity": 0, "instrument": "hybrid kernel + per4 evaluation rows"}, "red_pts": {"mult": 64, "nullity": 0, "instrument": "hybrid kernel + red_pts evaluation rows"}, "red_star": {"mult": 64, "nullity": 0, "instrument": "hybrid kernel + (star)"}}, "hybrid": {"nS": 21986, "nU": 64, "excess": 0, "nnzT": 46606, "rows_other": 59993, "order": "reversed", "cover_stats": {"natural": 20725, "reversed": 21986, "fill_asc": 18509, "fill_desc": 19282, "random": 17526}, "attempts": [{"attempt": 0, "m": 128, "nproj": 8, "projected_nullity": 64, "verified": true, "rank": 64, "secs": {"split": 0.0, "trisolve": 0.0, "schur": 0.1, "nullspace": 0.0, "lift_verify": 0.4}}], "secs": 0.7}, "ev_secs": 3.5, "rank_secs": 0.9, "secs": 5.1, "hwm_gb": 0.19}}, "sides": {"det": {"mult": 64, "per_prime": {"2147483647": 64, "2147483629": 64}, "primes_agree": true, "instrument": "hybrid kernel + det evaluation rows", "status": "proved (full rank at both primes: mult = a over Q)"}, "per4": {"mult": 64, "per_prime": {"2147483647": 64, "2147483629": 64}, "primes_agree": true, "instrument": "hybrid kernel + per4 evaluation rows", "status": "proved (full rank at both primes: mult = a over Q)"}, "red_star": {"mult": 64, "per_prime": {"2147483647": 64, "2147483629": 64}, "primes_agree": true, "instrument": "hybrid kernel + (star)", "status": "proved (full rank at both primes: mult = a over Q)"}, "red_pts": {"mult": 64, "per_prime": {"2147483647": 64, "2147483629": 64}, "primes_agree": true, "instrument": "hybrid kernel + red_pts evaluation rows", "status": "proved (full rank at both primes: mult = a over Q)"}}, "mult_det": 64, "mult_per4": 64, "mult_red_star": 64, "mult_red_pts": 64, "mult_red": 64, "star_eq_pts": true, "i_det": 0, "i_red": 0, "i_per4": 0, "D": 0, "refute": false, "halt": false, "ok": true, "secs": 6.6, "hwm_gb": 0.19, "certs": [["results/certs/s71/47_16_2_2_1_d17_hybrid_p2147483647.json.gz", 24058], ["results/certs/s71/47_16_2_2_1_d17_hybrid_p2147483629.json.gz", 24059]]}
