      level 1: 35 prefixes
      level 2: 419 prefixes
      level 3: 3093 prefixes
      level 4: 16405 prefixes
      level 5: 65734 prefixes
      level 6: 178634 prefixes
      level 7: 317291 prefixes
      level 8: 401530 prefixes
      level 9: 427624 prefixes
      level 10: 431620 prefixes
      level 11: 431847 prefixes
      level 12: 431847 prefixes
      level 13: 431847 prefixes
      level 14: 431847 prefixes
      level 15: 431847 prefixes
  lam=(37, 11, 10, 1, 1): N_S=431847 |Stab|=2 n_chi=168749 (orbits dropped: 94349) [lean, 1s, HWM 0.17 GB]
    E_01: |H|=2 targets 309669 canonical rows 120393 nnz 751419 (obstructed fixed targets cancelled: 26106) [3s, HWM 0.19 GB]
    E_12: |H|=2 targets 400375 canonical rows 156222 nnz 727378 (obstructed fixed targets cancelled: 18353) [6s, HWM 0.21 GB]
    E_23: |H|=1 targets 100213 canonical rows 100116 nnz 337498 (obstructed fixed targets cancelled: 0) [6s, HWM 0.21 GB]
    E_34: |H|=1 targets 263098 canonical rows 0 nnz 0 (obstructed fixed targets cancelled: 0) [8s, HWM 0.22 GB]
  built (37, 11, 10, 1, 1) d15: N_S=431847 |Stab|=2 n_chi=168749 rows=376731 nnz=1816295 (10s: mono 1s orbits 1s rows 8s; HWM 0.22 GB)
  sieve (37, 11, 10, 1, 1) d15: cover(E) 167710/168749 by reversed (a=248, |U|=1039, excess 791; {'natural': 156000, 'reversed': 167710, 'fill_asc': 125878, 'fill_desc': 126197, 'random': 94273}); cover(E_red) 147540/148513 (1.0s)
    hybrid[37_11_10_1_1d15] p=2147483647 attempt 0: |S|=167710 |U|=1039 (a=248, excess 791) m=1103 blocks 1x1039 projected nullity 248, verified=True, rank 248 [split 0.1s trisolve 23.2s schur 10.9s null 0.9s lift 9.0s rank 1.5s]
    hybrid[37_11_10_1_1d15] p=2147483629 attempt 0: |S|=167710 |U|=1039 (a=248, excess 791) m=1103 blocks 1x1039 projected nullity 248, verified=True, rank 248 [split 0.1s trisolve 11.7s schur 11.2s null 1.1s lift 12.0s rank 1.5s]
  RESULT (37, 11, 10, 1, 1) d15: a=248 n_chi=168749 |U|=1039 mult_det=248 mult_per4=248 mult_red(star)=228 mult_red(pts)=228 i_det=0 i_red=20 i_per4=0 D=-20  (360.9s, HWM 2.82 GB)
RESULT {"lam": [37, 11, 10, 1, 1], "delta": 15, "ell": 5, "a": 248, "K": 256, "N_S": 431847, "stab": 2, "n_chi": 168749, "nrows": 376731, "nnz": 1816295, "nfixed": 44459, "build_secs": 10.0, "build_hwm_gb": 0.22, "route": "hybrid", "h_pad": 327, "seeds": {"det": 11, "red": 29, "per4": 47, "hybrid": 20260908}, "bound": 40, "primes": [2147483647, 2147483629], "n_red": 148513, "cover_E": {"size": 167710, "order": "reversed", "stats": {"natural": 156000, "reversed": 167710, "fill_asc": 125878, "fill_desc": 126197, "random": 94273}, "n_chi": 168749, "a": 248, "excess": 791, "certified_rank_lb": 167710}, "cover_Ered": {"size": 147540, "order": "reversed", "stats": {"natural": 139357, "reversed": 147540, "fill_asc": 113331, "fill_desc": 113495, "random": 84945}, "n_red": 148513, "certified": false}, "sieve_secs": 1.0, "pred_mem_x_bytes": 864401768, "primes_concurrent": false, "per_prime": {"2147483647": {"sides": {"det": {"mult": 248, "nullity": 0, "instrument": "hybrid kernel + det evaluation rows"}, "per4": {"mult": 248, "nullity": 0, "instrument": "hybrid kernel + per4 evaluation rows"}, "red_pts": {"mult": 228, "nullity": 20, "instrument": "hybrid kernel + red_pts evaluation rows"}, "red_star": {"mult": 228, "nullity": 20, "instrument": "hybrid kernel + (star)"}}, "hybrid": {"nS": 167710, "nU": 1039, "excess": 791, "nnzT": 677686, "rows_other": 209021, "order": "reversed", "cover_stats": {"natural": 156000, "reversed": 167710, "fill_asc": 125878, "fill_desc": 126197, "random": 94273}, "ublock": 1039, "nblocks": 1, "attempts": [{"attempt": 0, "m": 1103, "nproj": 8, "projected_nullity": 248, "verified": true, "rank": 248, "secs": {"split": 0.1, "trisolve": 23.2, "schur": 10.9, "nullspace": 0.9, "lift_verify": 9.0, "rank": 1.5}}], "secs": 45.7}, "ev_secs": 93.3, "rank_secs": 30.3, "secs": 169.2, "hwm_gb": 2.82}, "2147483629": {"sides": {"det": {"mult": 248, "nullity": 0, "instrument": "hybrid kernel + det evaluation rows"}, "per4": {"mult": 248, "nullity": 0, "instrument": "hybrid kernel + per4 evaluation rows"}, "red_pts": {"mult": 228, "nullity": 20, "instrument": "hybrid kernel + red_pts evaluation rows"}, "red_star": {"mult": 228, "nullity": 20, "instrument": "hybrid kernel + (star)"}}, "hybrid": {"nS": 167710, "nU": 1039, "excess": 791, "nnzT": 677686, "rows_other": 209021, "order": "reversed", "cover_stats": {"natural": 156000, "reversed": 167710, "fill_asc": 125878, "fill_desc": 126197, "random": 94273}, "ublock": 1039, "nblocks": 1, "attempts": [{"attempt": 0, "m": 1103, "nproj": 8, "projected_nullity": 248, "verified": true, "rank": 248, "secs": {"split": 0.1, "trisolve": 11.7, "schur": 11.2, "nullspace": 1.1, "lift_verify": 12.0, "rank": 1.5}}], "secs": 37.6}, "ev_secs": 108.2, "rank_secs": 34.6, "secs": 180.5, "hwm_gb": 2.82}}, "sides": {"det": {"mult": 248, "per_prime": {"2147483647": 248, "2147483629": 248}, "primes_agree": true, "instrument": "hybrid kernel + det evaluation rows", "status": "proved (full rank at both primes: mult = a over Q)"}, "per4": {"mult": 248, "per_prime": {"2147483647": 248, "2147483629": 248}, "primes_agree": true, "instrument": "hybrid kernel + per4 evaluation rows", "status": "proved (full rank at both primes: mult = a over Q)"}, "red_star": {"mult": 228, "per_prime": {"2147483647": 228, "2147483629": 228}, "primes_agree": true, "instrument": "hybrid kernel + (star)", "status": "measured (exact mod both primes, kernel exhibited): mult = 228"}, "red_pts": {"mult": 228, "per_prime": {"2147483647": 228, "2147483629": 228}, "primes_agree": true, "instrument": "hybrid kernel + red_pts evaluation rows", "status": "measured (exact mod both primes, kernel exhibited): mult = 228"}}, "mult_det": 248, "mult_per4": 248, "mult_red_star": 228, "mult_red_pts": 228, "mult_red": 228, "star_eq_pts": true, "i_det": 0, "i_red": 20, "i_per4": 0, "D": -20, "refute": false, "halt": false, "ok": true, "secs": 360.9, "hwm_gb": 2.82, "certs": [["results/certs/s71/37_11_10_1_1_d15_hybrid_p2147483647.json.gz", 76464], ["results/certs/s71/37_11_10_1_1_d15_hybrid_p2147483629.json.gz", 76465]]}
