      level 1: 44 prefixes
      level 2: 685 prefixes
      level 3: 5901 prefixes
      level 4: 30790 prefixes
      level 5: 87019 prefixes
      level 6: 134976 prefixes
      level 7: 149927 prefixes
      level 8: 151564 prefixes
      level 9: 151600 prefixes
      level 10: 151600 prefixes
      level 11: 151600 prefixes
      level 12: 151600 prefixes
  lam=(30, 8, 7, 2, 1): N_S=151600 |Stab|=1 n_chi=151600 (orbits dropped: 0) [lean, 0s, HWM 0.11 GB]
    E_01: |H|=1 targets 98604 canonical rows 98604 nnz 588205 (obstructed fixed targets cancelled: 0) [1s, HWM 0.12 GB]
    E_12: |H|=1 targets 134510 canonical rows 134510 nnz 550103 (obstructed fixed targets cancelled: 0) [1s, HWM 0.13 GB]
    E_23: |H|=1 targets 66240 canonical rows 66240 nnz 251279 (obstructed fixed targets cancelled: 0) [2s, HWM 0.13 GB]
    E_34: |H|=1 targets 70061 canonical rows 70061 nnz 151600 (obstructed fixed targets cancelled: 0) [2s, HWM 0.13 GB]
  built (30, 8, 7, 2, 1) d12: N_S=151600 |Stab|=1 n_chi=151600 rows=369415 nnz=1541187 (3s: mono 1s orbits 0s rows 2s; HWM 0.13 GB)
  sieve (30, 8, 7, 2, 1) d12: cover(E) 151067/151600 by reversed (a=154, |U|=533, excess 379; {'natural': 146113, 'reversed': 151067, 'fill_asc': 126225, 'fill_desc': 124176, 'random': 98864}); cover(E_red) 119403/119844 (0.7s)
    hybrid[30_8_7_2_1d12] p=2147483647 attempt 0: |S|=151067 |U|=533 (a=154, excess 379) m=597 blocks 1x533 projected nullity 154, verified=True, rank 154 [split 0.1s trisolve 7.4s schur 5.2s null 0.2s lift 5.6s rank 0.8s]
    hybrid[30_8_7_2_1d12] p=2147483629 attempt 0: |S|=151067 |U|=533 (a=154, excess 379) m=597 blocks 1x533 projected nullity 154, verified=True, rank 154 [split 0.1s trisolve 4.1s schur 5.3s null 0.2s lift 5.9s rank 0.9s]
  RESULT (30, 8, 7, 2, 1) d12: a=154 n_chi=151600 |U|=533 mult_det=154 mult_per4=154 mult_red(star)=154 mult_red(pts)=154 i_det=0 i_red=0 i_per4=0 D=0  (119.5s, HWM 1.81 GB)
RESULT {"lam": [30, 8, 7, 2, 1], "delta": 12, "ell": 5, "a": 154, "K": 162, "N_S": 151600, "stab": 1, "n_chi": 151600, "nrows": 369415, "nnz": 1541187, "nfixed": 0, "build_secs": 2.8, "build_hwm_gb": 0.13, "route": "hybrid", "h_pad": 322, "seeds": {"det": 11, "red": 29, "per4": 47, "hybrid": 20260908}, "bound": 40, "primes": [2147483647, 2147483629], "n_red": 119844, "cover_E": {"size": 151067, "order": "reversed", "stats": {"natural": 146113, "reversed": 151067, "fill_asc": 126225, "fill_desc": 124176, "random": 98864}, "n_chi": 151600, "a": 154, "excess": 379, "certified_rank_lb": 151067}, "cover_Ered": {"size": 119403, "order": "reversed", "stats": {"natural": 117223, "reversed": 119403, "fill_asc": 103316, "fill_desc": 101930, "random": 81643}, "n_red": 119844, "certified": false}, "sieve_secs": 0.7, "pred_mem_x_bytes": 415460444, "primes_concurrent": false, "per_prime": {"2147483647": {"sides": {"det": {"mult": 154, "nullity": 0, "instrument": "hybrid kernel + det evaluation rows"}, "per4": {"mult": 154, "nullity": 0, "instrument": "hybrid kernel + per4 evaluation rows"}, "red_pts": {"mult": 154, "nullity": 0, "instrument": "hybrid kernel + red_pts evaluation rows"}, "red_star": {"mult": 154, "nullity": 0, "instrument": "hybrid kernel + (star)"}}, "hybrid": {"nS": 151067, "nU": 533, "excess": 379, "nnzT": 459996, "rows_other": 218348, "order": "reversed", "cover_stats": {"natural": 146113, "reversed": 151067, "fill_asc": 126225, "fill_desc": 124176, "random": 98864}, "ublock": 533, "nblocks": 1, "attempts": [{"attempt": 0, "m": 597, "nproj": 8, "projected_nullity": 154, "verified": true, "rank": 154, "secs": {"split": 0.1, "trisolve": 7.4, "schur": 5.2, "nullspace": 0.2, "lift_verify": 5.6, "rank": 0.8}}], "secs": 19.4}, "ev_secs": 24.1, "rank_secs": 18.8, "secs": 62.3, "hwm_gb": 1.81}, "2147483629": {"sides": {"det": {"mult": 154, "nullity": 0, "instrument": "hybrid kernel + det evaluation rows"}, "per4": {"mult": 154, "nullity": 0, "instrument": "hybrid kernel + per4 evaluation rows"}, "red_pts": {"mult": 154, "nullity": 0, "instrument": "hybrid kernel + red_pts evaluation rows"}, "red_star": {"mult": 154, "nullity": 0, "instrument": "hybrid kernel + (star)"}}, "hybrid": {"nS": 151067, "nU": 533, "excess": 379, "nnzT": 459996, "rows_other": 218348, "order": "reversed", "cover_stats": {"natural": 146113, "reversed": 151067, "fill_asc": 126225, "fill_desc": 124176, "random": 98864}, "ublock": 533, "nblocks": 1, "attempts": [{"attempt": 0, "m": 597, "nproj": 8, "projected_nullity": 154, "verified": true, "rank": 154, "secs": {"split": 0.1, "trisolve": 4.1, "schur": 5.3, "nullspace": 0.2, "lift_verify": 5.9, "rank": 0.9}}], "secs": 16.6}, "ev_secs": 22.2, "rank_secs": 14.7, "secs": 53.6, "hwm_gb": 1.81}}, "sides": {"det": {"mult": 154, "per_prime": {"2147483647": 154, "2147483629": 154}, "primes_agree": true, "instrument": "hybrid kernel + det evaluation rows", "status": "proved (full rank at both primes: mult = a over Q)"}, "per4": {"mult": 154, "per_prime": {"2147483647": 154, "2147483629": 154}, "primes_agree": true, "instrument": "hybrid kernel + per4 evaluation rows", "status": "proved (full rank at both primes: mult = a over Q)"}, "red_star": {"mult": 154, "per_prime": {"2147483647": 154, "2147483629": 154}, "primes_agree": true, "instrument": "hybrid kernel + (star)", "status": "proved (full rank at both primes: mult = a over Q)"}, "red_pts": {"mult": 154, "per_prime": {"2147483647": 154, "2147483629": 154}, "primes_agree": true, "instrument": "hybrid kernel + red_pts evaluation rows", "status": "proved (full rank at both primes: mult = a over Q)"}}, "mult_det": 154, "mult_per4": 154, "mult_red_star": 154, "mult_red_pts": 154, "mult_red": 154, "star_eq_pts": true, "i_det": 0, "i_red": 0, "i_per4": 0, "D": 0, "refute": false, "halt": false, "ok": true, "secs": 119.5, "hwm_gb": 1.81, "certs": [["results/certs/s71/30_8_7_2_1_d12_hybrid_p2147483647.json.gz", 49771], ["results/certs/s71/30_8_7_2_1_d12_hybrid_p2147483629.json.gz", 49771]]}
