      level 1: 48 prefixes
      level 2: 718 prefixes
      level 3: 4922 prefixes
      level 4: 20809 prefixes
      level 5: 58591 prefixes
      level 6: 108727 prefixes
      level 7: 139358 prefixes
      level 8: 148136 prefixes
      level 9: 149178 prefixes
      level 10: 149202 prefixes
      level 11: 149202 prefixes
      level 12: 149202 prefixes
      level 13: 149202 prefixes
      level 14: 149202 prefixes
      level 15: 149202 prefixes
  lam=(40, 13, 3, 3, 1): N_S=149202 |Stab|=2 n_chi=71276 (orbits dropped: 6650) [lean, 0s, HWM 0.11 GB]
    E_01: |H|=2 targets 116128 canonical rows 55412 nnz 330844 (obstructed fixed targets cancelled: 3789) [1s, HWM 0.11 GB]
    E_12: |H|=1 targets 69758 canonical rows 69751 nnz 311402 (obstructed fixed targets cancelled: 0) [2s, HWM 0.11 GB]
    E_23: |H|=1 targets 125567 canonical rows 123812 nnz 284527 (obstructed fixed targets cancelled: 0) [2s, HWM 0.13 GB]
    E_34: |H|=1 targets 58816 canonical rows 58779 nnz 142552 (obstructed fixed targets cancelled: 0) [3s, HWM 0.13 GB]
  built (40, 13, 3, 3, 1) d15: N_S=149202 |Stab|=2 n_chi=71276 rows=307754 nnz=1069325 (4s: mono 1s orbits 0s rows 3s; HWM 0.13 GB)
  sieve (40, 13, 3, 3, 1) d15: cover(E) 71133/71276 by reversed (a=116, |U|=143, excess 27; {'natural': 68275, 'reversed': 71133, 'fill_asc': 63328, 'fill_desc': 64397, 'random': 55686}); cover(E_red) 57545/57667 (0.6s)
    hybrid[40_13_3_3_1d15] p=2147483647 attempt 0: |S|=71133 |U|=143 (a=116, excess 27) m=207 blocks 1x143 projected nullity 116, verified=True, rank 116 [split 0.2s trisolve 1.2s schur 2.4s null 0.0s lift 6.9s rank 0.7s]
    hybrid[40_13_3_3_1d15] p=2147483629 attempt 0: |S|=71133 |U|=143 (a=116, excess 27) m=207 blocks 1x143 projected nullity 116, verified=True, rank 116 [split 0.1s trisolve 1.6s schur 2.3s null 0.1s lift 6.8s rank 0.7s]
  RESULT (40, 13, 3, 3, 1) d15: a=116 n_chi=71276 |U|=143 mult_det=116 mult_per4=116 mult_red(star)=116 mult_red(pts)=116 i_det=0 i_red=0 i_per4=0 D=0  (64.9s, HWM 0.71 GB)
RESULT {"lam": [40, 13, 3, 3, 1], "delta": 15, "ell": 5, "a": 116, "K": 124, "N_S": 149202, "stab": 2, "n_chi": 71276, "nrows": 307754, "nnz": 1069325, "nfixed": 3789, "build_secs": 3.6, "build_hwm_gb": 0.13, "route": "hybrid", "h_pad": 254, "seeds": {"det": 11, "red": 29, "per4": 47, "hybrid": 20260908}, "bound": 40, "primes": [2147483647, 2147483629], "n_red": 57667, "cover_E": {"size": 71133, "order": "reversed", "stats": {"natural": 68275, "reversed": 71133, "fill_asc": 63328, "fill_desc": 64397, "random": 55686}, "n_chi": 71276, "a": 116, "excess": 27, "certified_rank_lb": 71133}, "cover_Ered": {"size": 57545, "order": "reversed", "stats": {"natural": 55651, "reversed": 57545, "fill_asc": 52028, "fill_desc": 52728, "random": 45687}, "n_red": 57667, "certified": false}, "sieve_secs": 0.6, "pred_mem_x_bytes": 73760140, "primes_concurrent": true, "per_prime": {"2147483647": {"sides": {"det": {"mult": 116, "nullity": 0, "instrument": "hybrid kernel + det evaluation rows"}, "per4": {"mult": 116, "nullity": 0, "instrument": "hybrid kernel + per4 evaluation rows"}, "red_pts": {"mult": 116, "nullity": 0, "instrument": "hybrid kernel + red_pts evaluation rows"}, "red_star": {"mult": 116, "nullity": 0, "instrument": "hybrid kernel + (star)"}}, "hybrid": {"nS": 71133, "nU": 143, "excess": 27, "nnzT": 169609, "rows_other": 236621, "order": "reversed", "cover_stats": {"natural": 68275, "reversed": 71133, "fill_asc": 63328, "fill_desc": 64397, "random": 55686}, "ublock": 143, "nblocks": 1, "attempts": [{"attempt": 0, "m": 207, "nproj": 8, "projected_nullity": 116, "verified": true, "rank": 116, "secs": {"split": 0.2, "trisolve": 1.2, "schur": 2.4, "nullspace": 0.0, "lift_verify": 6.9, "rank": 0.7}}], "secs": 11.4}, "ev_secs": 39.1, "rank_secs": 9.6, "secs": 60.2, "hwm_gb": 0.71}, "2147483629": {"sides": {"det": {"mult": 116, "nullity": 0, "instrument": "hybrid kernel + det evaluation rows"}, "per4": {"mult": 116, "nullity": 0, "instrument": "hybrid kernel + per4 evaluation rows"}, "red_pts": {"mult": 116, "nullity": 0, "instrument": "hybrid kernel + red_pts evaluation rows"}, "red_star": {"mult": 116, "nullity": 0, "instrument": "hybrid kernel + (star)"}}, "hybrid": {"nS": 71133, "nU": 143, "excess": 27, "nnzT": 169609, "rows_other": 236621, "order": "reversed", "cover_stats": {"natural": 68275, "reversed": 71133, "fill_asc": 63328, "fill_desc": 64397, "random": 55686}, "ublock": 143, "nblocks": 1, "attempts": [{"attempt": 0, "m": 207, "nproj": 8, "projected_nullity": 116, "verified": true, "rank": 116, "secs": {"split": 0.1, "trisolve": 1.6, "schur": 2.3, "nullspace": 0.1, "lift_verify": 6.8, "rank": 0.7}}], "secs": 11.7}, "ev_secs": 39.4, "rank_secs": 9.5, "secs": 60.5, "hwm_gb": 0.71}}, "sides": {"det": {"mult": 116, "per_prime": {"2147483647": 116, "2147483629": 116}, "primes_agree": true, "instrument": "hybrid kernel + det evaluation rows", "status": "proved (full rank at both primes: mult = a over Q)"}, "per4": {"mult": 116, "per_prime": {"2147483647": 116, "2147483629": 116}, "primes_agree": true, "instrument": "hybrid kernel + per4 evaluation rows", "status": "proved (full rank at both primes: mult = a over Q)"}, "red_star": {"mult": 116, "per_prime": {"2147483647": 116, "2147483629": 116}, "primes_agree": true, "instrument": "hybrid kernel + (star)", "status": "proved (full rank at both primes: mult = a over Q)"}, "red_pts": {"mult": 116, "per_prime": {"2147483647": 116, "2147483629": 116}, "primes_agree": true, "instrument": "hybrid kernel + red_pts evaluation rows", "status": "proved (full rank at both primes: mult = a over Q)"}}, "mult_det": 116, "mult_per4": 116, "mult_red_star": 116, "mult_red_pts": 116, "mult_red": 116, "star_eq_pts": true, "i_det": 0, "i_red": 0, "i_per4": 0, "D": 0, "refute": false, "halt": false, "ok": true, "secs": 64.9, "hwm_gb": 0.71, "certs": [["results/certs/s71/40_13_3_3_1_d15_hybrid_p2147483647.json.gz", 38546], ["results/certs/s71/40_13_3_3_1_d15_hybrid_p2147483629.json.gz", 38544]]}
