      level 1: 44 prefixes
      level 2: 702 prefixes
      level 3: 5876 prefixes
      level 4: 29108 prefixes
      level 5: 79321 prefixes
      level 6: 121707 prefixes
      level 7: 134991 prefixes
      level 8: 136463 prefixes
      level 9: 136495 prefixes
      level 10: 136495 prefixes
      level 11: 136495 prefixes
      level 12: 136495 prefixes
      level 13: 136495 prefixes
  lam=(34, 9, 6, 2, 1): N_S=136495 |Stab|=1 n_chi=136495 (orbits dropped: 0) [lean, 0s, HWM 0.10 GB]
    E_01: |H|=1 targets 93250 canonical rows 93250 nnz 555807 (obstructed fixed targets cancelled: 0) [1s, HWM 0.12 GB]
    E_12: |H|=1 targets 107083 canonical rows 107083 nnz 453103 (obstructed fixed targets cancelled: 0) [1s, HWM 0.12 GB]
    E_23: |H|=1 targets 63839 canonical rows 63839 nnz 225700 (obstructed fixed targets cancelled: 0) [2s, HWM 0.12 GB]
    E_34: |H|=1 targets 63334 canonical rows 63334 nnz 136495 (obstructed fixed targets cancelled: 0) [2s, HWM 0.12 GB]
  built (34, 9, 6, 2, 1) d13: N_S=136495 |Stab|=1 n_chi=136495 rows=327506 nnz=1371105 (3s: mono 0s orbits 0s rows 2s; HWM 0.12 GB)
  sieve (34, 9, 6, 2, 1) d13: cover(E) 136009/136495 by reversed (a=245, |U|=486, excess 241; {'natural': 131233, 'reversed': 136009, 'fill_asc': 113447, 'fill_desc': 111105, 'random': 89096}); cover(E_red) 106365/106763 (0.7s)
    hybrid[34_9_6_2_1d13] p=2147483647 attempt 0: |S|=136009 |U|=486 (a=245, excess 241) m=550 blocks 1x486 projected nullity 245, verified=True, rank 245 [split 0.1s trisolve 6.9s schur 4.3s null 0.2s lift 9.2s rank 1.6s]
    hybrid[34_9_6_2_1d13] p=2147483629 attempt 0: |S|=136009 |U|=486 (a=245, excess 241) m=550 blocks 1x486 projected nullity 245, verified=True, rank 245 [split 0.1s trisolve 3.1s schur 4.3s null 0.2s lift 8.2s rank 1.3s]
  RESULT (34, 9, 6, 2, 1) d13: a=245 n_chi=136495 |U|=486 mult_det=245 mult_per4=245 mult_red(star)=245 mult_red(pts)=245 i_det=0 i_red=0 i_per4=0 D=0  (164.1s, HWM 2.27 GB)
RESULT {"lam": [34, 9, 6, 2, 1], "delta": 13, "ell": 5, "a": 245, "K": 253, "N_S": 136495, "stab": 1, "n_chi": 136495, "nrows": 327506, "nnz": 1371105, "nfixed": 0, "build_secs": 2.7, "build_hwm_gb": 0.12, "route": "hybrid", "h_pad": 528, "seeds": {"det": 11, "red": 29, "per4": 47, "hybrid": 20260908}, "bound": 40, "primes": [2147483647, 2147483629], "n_red": 106763, "cover_E": {"size": 136009, "order": "reversed", "stats": {"natural": 131233, "reversed": 136009, "fill_asc": 113447, "fill_desc": 111105, "random": 89096}, "n_chi": 136495, "a": 245, "excess": 241, "certified_rank_lb": 136009}, "cover_Ered": {"size": 106365, "order": "reversed", "stats": {"natural": 104144, "reversed": 106365, "fill_asc": 92100, "fill_desc": 90678, "random": 73146}, "n_red": 106763, "certified": false}, "sieve_secs": 0.7, "pred_mem_x_bytes": 398166596, "primes_concurrent": false, "per_prime": {"2147483647": {"sides": {"det": {"mult": 245, "nullity": 0, "instrument": "hybrid kernel + det evaluation rows"}, "per4": {"mult": 245, "nullity": 0, "instrument": "hybrid kernel + per4 evaluation rows"}, "red_pts": {"mult": 245, "nullity": 0, "instrument": "hybrid kernel + red_pts evaluation rows"}, "red_star": {"mult": 245, "nullity": 0, "instrument": "hybrid kernel + (star)"}}, "hybrid": {"nS": 136009, "nU": 486, "excess": 241, "nnzT": 410523, "rows_other": 191497, "order": "reversed", "cover_stats": {"natural": 131233, "reversed": 136009, "fill_asc": 113447, "fill_desc": 111105, "random": 89096}, "ublock": 486, "nblocks": 1, "attempts": [{"attempt": 0, "m": 550, "nproj": 8, "projected_nullity": 245, "verified": true, "rank": 245, "secs": {"split": 0.1, "trisolve": 6.9, "schur": 4.3, "nullspace": 0.2, "lift_verify": 9.2, "rank": 1.6}}], "secs": 22.4}, "ev_secs": 36.5, "rank_secs": 24.3, "secs": 83.2, "hwm_gb": 2.27}, "2147483629": {"sides": {"det": {"mult": 245, "nullity": 0, "instrument": "hybrid kernel + det evaluation rows"}, "per4": {"mult": 245, "nullity": 0, "instrument": "hybrid kernel + per4 evaluation rows"}, "red_pts": {"mult": 245, "nullity": 0, "instrument": "hybrid kernel + red_pts evaluation rows"}, "red_star": {"mult": 245, "nullity": 0, "instrument": "hybrid kernel + (star)"}}, "hybrid": {"nS": 136009, "nU": 486, "excess": 241, "nnzT": 410523, "rows_other": 191497, "order": "reversed", "cover_stats": {"natural": 131233, "reversed": 136009, "fill_asc": 113447, "fill_desc": 111105, "random": 89096}, "ublock": 486, "nblocks": 1, "attempts": [{"attempt": 0, "m": 550, "nproj": 8, "projected_nullity": 245, "verified": true, "rank": 245, "secs": {"split": 0.1, "trisolve": 3.1, "schur": 4.3, "nullspace": 0.2, "lift_verify": 8.2, "rank": 1.3}}], "secs": 17.2}, "ev_secs": 35.9, "rank_secs": 24.2, "secs": 77.3, "hwm_gb": 2.27}}, "sides": {"det": {"mult": 245, "per_prime": {"2147483647": 245, "2147483629": 245}, "primes_agree": true, "instrument": "hybrid kernel + det evaluation rows", "status": "proved (full rank at both primes: mult = a over Q)"}, "per4": {"mult": 245, "per_prime": {"2147483647": 245, "2147483629": 245}, "primes_agree": true, "instrument": "hybrid kernel + per4 evaluation rows", "status": "proved (full rank at both primes: mult = a over Q)"}, "red_star": {"mult": 245, "per_prime": {"2147483647": 245, "2147483629": 245}, "primes_agree": true, "instrument": "hybrid kernel + (star)", "status": "proved (full rank at both primes: mult = a over Q)"}, "red_pts": {"mult": 245, "per_prime": {"2147483647": 245, "2147483629": 245}, "primes_agree": true, "instrument": "hybrid kernel + red_pts evaluation rows", "status": "proved (full rank at both primes: mult = a over Q)"}}, "mult_det": 245, "mult_per4": 245, "mult_red_star": 245, "mult_red_pts": 245, "mult_red": 245, "star_eq_pts": true, "i_det": 0, "i_red": 0, "i_per4": 0, "D": 0, "refute": false, "halt": false, "ok": true, "secs": 164.1, "hwm_gb": 2.27, "certs": [["results/certs/s71/34_9_6_2_1_d13_hybrid_p2147483647.json.gz", 75656], ["results/certs/s71/34_9_6_2_1_d13_hybrid_p2147483629.json.gz", 75653]]}
