      level 1: 36 prefixes
      level 2: 442 prefixes
      level 3: 2872 prefixes
      level 4: 12696 prefixes
      level 5: 38856 prefixes
      level 6: 80154 prefixes
      level 7: 112480 prefixes
      level 8: 124810 prefixes
      level 9: 127051 prefixes
      level 10: 127191 prefixes
      level 11: 127191 prefixes
      level 12: 127191 prefixes
      level 13: 127191 prefixes
      level 14: 127191 prefixes
      level 15: 127191 prefixes
  lam=(39, 13, 6, 1, 1): N_S=127191 |Stab|=2 n_chi=48605 (orbits dropped: 29981) [lean, 0s, HWM 0.10 GB]
    E_01: |H|=2 targets 98638 canonical rows 37542 nnz 221137 (obstructed fixed targets cancelled: 8957) [1s, HWM 0.11 GB]
    E_12: |H|=2 targets 88213 canonical rows 33438 nnz 156627 (obstructed fixed targets cancelled: 5130) [1s, HWM 0.11 GB]
    E_23: |H|=1 targets 37378 canonical rows 37249 nnz 97210 (obstructed fixed targets cancelled: 0) [2s, HWM 0.11 GB]
    E_34: |H|=1 targets 78586 canonical rows 0 nnz 0 (obstructed fixed targets cancelled: 0) [2s, HWM 0.11 GB]
  built (39, 13, 6, 1, 1) d15: N_S=127191 |Stab|=2 n_chi=48605 rows=108229 nnz=474974 (3s: mono 1s orbits 0s rows 2s; HWM 0.11 GB)
  sieve (39, 13, 6, 1, 1) d15: cover(E) 48283/48605 by reversed (a=242, |U|=322, excess 80; {'natural': 44465, 'reversed': 48283, 'fill_asc': 36993, 'fill_desc': 37039, 'random': 29700}); cover(E_red) 40401/40697 (0.2s)
    hybrid[39_13_6_1_1d15] p=2147483647 attempt 0: |S|=48283 |U|=322 (a=242, excess 80) m=386 blocks 1x322 projected nullity 242, verified=True, rank 242 [split 0.1s trisolve 1.9s schur 0.9s null 0.1s lift 2.3s rank 0.4s]
    hybrid[39_13_6_1_1d15] p=2147483629 attempt 0: |S|=48283 |U|=322 (a=242, excess 80) m=386 blocks 1x322 projected nullity 242, verified=True, rank 242 [split 0.1s trisolve 1.9s schur 0.9s null 0.1s lift 2.6s rank 0.3s]
  RESULT (39, 13, 6, 1, 1) d15: a=242 n_chi=48605 |U|=322 mult_det=242 mult_per4=242 mult_red(star)=242 mult_red(pts)=242 i_det=0 i_red=0 i_per4=0 D=0  (44.5s, HWM 0.84 GB)
RESULT {"lam": [39, 13, 6, 1, 1], "delta": 15, "ell": 5, "a": 242, "K": 250, "N_S": 127191, "stab": 2, "n_chi": 48605, "nrows": 108229, "nnz": 474974, "nfixed": 14087, "build_secs": 2.8, "build_hwm_gb": 0.11, "route": "hybrid", "h_pad": 429, "seeds": {"det": 11, "red": 29, "per4": 47, "hybrid": 20260908}, "bound": 40, "primes": [2147483647, 2147483629], "n_red": 40697, "cover_E": {"size": 48283, "order": "reversed", "stats": {"natural": 44465, "reversed": 48283, "fill_asc": 36993, "fill_desc": 37039, "random": 29700}, "n_chi": 48605, "a": 242, "excess": 80, "certified_rank_lb": 48283}, "cover_Ered": {"size": 40401, "order": "reversed", "stats": {"natural": 37851, "reversed": 40401, "fill_asc": 32137, "fill_desc": 32099, "random": 25643}, "n_red": 40697, "certified": false}, "sieve_secs": 0.2, "pred_mem_x_bytes": 109238144, "primes_concurrent": true, "per_prime": {"2147483647": {"sides": {"det": {"mult": 242, "nullity": 0, "instrument": "hybrid kernel + det evaluation rows"}, "per4": {"mult": 242, "nullity": 0, "instrument": "hybrid kernel + per4 evaluation rows"}, "red_pts": {"mult": 242, "nullity": 0, "instrument": "hybrid kernel + red_pts evaluation rows"}, "red_star": {"mult": 242, "nullity": 0, "instrument": "hybrid kernel + (star)"}}, "hybrid": {"nS": 48283, "nU": 322, "excess": 80, "nnzT": 172180, "rows_other": 59946, "order": "reversed", "cover_stats": {"natural": 44465, "reversed": 48283, "fill_asc": 36993, "fill_desc": 37039, "random": 29700}, "ublock": 322, "nblocks": 1, "attempts": [{"attempt": 0, "m": 386, "nproj": 8, "projected_nullity": 242, "verified": true, "rank": 242, "secs": {"split": 0.1, "trisolve": 1.9, "schur": 0.9, "nullspace": 0.1, "lift_verify": 2.3, "rank": 0.4}}], "secs": 5.6}, "ev_secs": 26.0, "rank_secs": 9.7, "secs": 41.3, "hwm_gb": 0.84}, "2147483629": {"sides": {"det": {"mult": 242, "nullity": 0, "instrument": "hybrid kernel + det evaluation rows"}, "per4": {"mult": 242, "nullity": 0, "instrument": "hybrid kernel + per4 evaluation rows"}, "red_pts": {"mult": 242, "nullity": 0, "instrument": "hybrid kernel + red_pts evaluation rows"}, "red_star": {"mult": 242, "nullity": 0, "instrument": "hybrid kernel + (star)"}}, "hybrid": {"nS": 48283, "nU": 322, "excess": 80, "nnzT": 172180, "rows_other": 59946, "order": "reversed", "cover_stats": {"natural": 44465, "reversed": 48283, "fill_asc": 36993, "fill_desc": 37039, "random": 29700}, "ublock": 322, "nblocks": 1, "attempts": [{"attempt": 0, "m": 386, "nproj": 8, "projected_nullity": 242, "verified": true, "rank": 242, "secs": {"split": 0.1, "trisolve": 1.9, "schur": 0.9, "nullspace": 0.1, "lift_verify": 2.6, "rank": 0.3}}], "secs": 5.9}, "ev_secs": 24.7, "rank_secs": 9.7, "secs": 40.4, "hwm_gb": 0.84}}, "sides": {"det": {"mult": 242, "per_prime": {"2147483647": 242, "2147483629": 242}, "primes_agree": true, "instrument": "hybrid kernel + det evaluation rows", "status": "proved (full rank at both primes: mult = a over Q)"}, "per4": {"mult": 242, "per_prime": {"2147483647": 242, "2147483629": 242}, "primes_agree": true, "instrument": "hybrid kernel + per4 evaluation rows", "status": "proved (full rank at both primes: mult = a over Q)"}, "red_star": {"mult": 242, "per_prime": {"2147483647": 242, "2147483629": 242}, "primes_agree": true, "instrument": "hybrid kernel + (star)", "status": "proved (full rank at both primes: mult = a over Q)"}, "red_pts": {"mult": 242, "per_prime": {"2147483647": 242, "2147483629": 242}, "primes_agree": true, "instrument": "hybrid kernel + red_pts evaluation rows", "status": "proved (full rank at both primes: mult = a over Q)"}}, "mult_det": 242, "mult_per4": 242, "mult_red_star": 242, "mult_red_pts": 242, "mult_red": 242, "star_eq_pts": true, "i_det": 0, "i_red": 0, "i_per4": 0, "D": 0, "refute": false, "halt": false, "ok": true, "secs": 44.5, "hwm_gb": 0.84, "certs": [["results/certs/s71/39_13_6_1_1_d15_hybrid_p2147483647.json.gz", 74865], ["results/certs/s71/39_13_6_1_1_d15_hybrid_p2147483629.json.gz", 74862]]}
