      level 1: 36 prefixes
      level 2: 389 prefixes
      level 3: 2054 prefixes
      level 4: 7340 prefixes
      level 5: 17960 prefixes
      level 6: 29026 prefixes
      level 7: 34332 prefixes
      level 8: 35534 prefixes
      level 9: 35626 prefixes
      level 10: 35626 prefixes
      level 11: 35626 prefixes
      level 12: 35626 prefixes
      level 13: 35626 prefixes
      level 14: 35626 prefixes
  lam=(37, 13, 4, 1, 1): N_S=35626 |Stab|=2 n_chi=13252 (orbits dropped: 9122) [lean, 0s, HWM 0.07 GB]
    E_01: |H|=2 targets 28168 canonical rows 10425 nnz 57424 (obstructed fixed targets cancelled: 2786) [0s, HWM 0.08 GB]
    E_12: |H|=2 targets 20138 canonical rows 7382 nnz 32832 (obstructed fixed targets cancelled: 1344) [0s, HWM 0.08 GB]
    E_23: |H|=1 targets 12793 canonical rows 12617 nnz 26504 (obstructed fixed targets cancelled: 0) [0s, HWM 0.08 GB]
    E_34: |H|=1 targets 22374 canonical rows 0 nnz 0 (obstructed fixed targets cancelled: 0) [1s, HWM 0.08 GB]
  built (37, 13, 4, 1, 1) d14: N_S=35626 |Stab|=2 n_chi=13252 rows=30424 nnz=116760 (1s: mono 0s orbits 0s rows 1s; HWM 0.08 GB)
  sieve (37, 13, 4, 1, 1) d14: cover(E) 13173/13252 by reversed (a=71, |U|=79, excess 8; {'natural': 12206, 'reversed': 13173, 'fill_asc': 10416, 'fill_desc': 10504, 'random': 9010}); cover(E_red) 10401/10470 (0.1s)
    hybrid[37_13_4_1_1d14] p=2147483629 attempt 0: |S|=13173 |U|=79 (a=71, excess 8) m=143 projected nullity 71, verified=True, rank 71 [split 0.0s trisolve 0.0s schur 0.1s null 0.0s lift 0.2s]
    hybrid[37_13_4_1_1d14] p=2147483647 attempt 0: |S|=13173 |U|=79 (a=71, excess 8) m=143 projected nullity 71, verified=True, rank 71 [split 0.0s trisolve 0.0s schur 0.1s null 0.0s lift 0.3s]
  RESULT (37, 13, 4, 1, 1) d14: a=71 n_chi=13252 |U|=79 mult_det=71 mult_per4=71 mult_red(star)=71 mult_red(pts)=71 i_det=0 i_red=0 i_per4=0 D=0  (4.5s, HWM 0.15 GB)
RESULT {"lam": [37, 13, 4, 1, 1], "delta": 14, "ell": 5, "a": 71, "K": 79, "N_S": 35626, "stab": 2, "n_chi": 13252, "nrows": 30424, "nnz": 116760, "nfixed": 4130, "build_secs": 0.7, "build_hwm_gb": 0.08, "route": "hybrid", "h_pad": 169, "seeds": {"det": 11, "red": 29, "per4": 47, "hybrid": 20260908}, "bound": 40, "primes": [2147483647, 2147483629], "n_red": 10470, "cover_E": {"size": 13173, "order": "reversed", "stats": {"natural": 12206, "reversed": 13173, "fill_asc": 10416, "fill_desc": 10504, "random": 9010}, "n_chi": 13252, "a": 71, "excess": 8, "certified_rank_lb": 13173}, "cover_Ered": {"size": 10401, "order": "reversed", "stats": {"natural": 9811, "reversed": 10401, "fill_asc": 8593, "fill_desc": 8657, "random": 7358}, "n_red": 10470, "certified": false}, "sieve_secs": 0.1, "pred_mem_x_bytes": 4162668, "primes_concurrent": true, "per_prime": {"2147483647": {"sides": {"det": {"mult": 71, "nullity": 0, "instrument": "hybrid kernel + det evaluation rows"}, "per4": {"mult": 71, "nullity": 0, "instrument": "hybrid kernel + per4 evaluation rows"}, "red_pts": {"mult": 71, "nullity": 0, "instrument": "hybrid kernel + red_pts evaluation rows"}, "red_star": {"mult": 71, "nullity": 0, "instrument": "hybrid kernel + (star)"}}, "hybrid": {"nS": 13173, "nU": 79, "excess": 8, "nnzT": 39632, "rows_other": 17251, "order": "reversed", "cover_stats": {"natural": 12206, "reversed": 13173, "fill_asc": 10416, "fill_desc": 10504, "random": 9010}, "attempts": [{"attempt": 0, "m": 143, "nproj": 8, "projected_nullity": 71, "verified": true, "rank": 71, "secs": {"split": 0.0, "trisolve": 0.0, "schur": 0.1, "nullspace": 0.0, "lift_verify": 0.3}}], "secs": 0.4}, "ev_secs": 2.5, "rank_secs": 0.7, "secs": 3.6, "hwm_gb": 0.15}, "2147483629": {"sides": {"det": {"mult": 71, "nullity": 0, "instrument": "hybrid kernel + det evaluation rows"}, "per4": {"mult": 71, "nullity": 0, "instrument": "hybrid kernel + per4 evaluation rows"}, "red_pts": {"mult": 71, "nullity": 0, "instrument": "hybrid kernel + red_pts evaluation rows"}, "red_star": {"mult": 71, "nullity": 0, "instrument": "hybrid kernel + (star)"}}, "hybrid": {"nS": 13173, "nU": 79, "excess": 8, "nnzT": 39632, "rows_other": 17251, "order": "reversed", "cover_stats": {"natural": 12206, "reversed": 13173, "fill_asc": 10416, "fill_desc": 10504, "random": 9010}, "attempts": [{"attempt": 0, "m": 143, "nproj": 8, "projected_nullity": 71, "verified": true, "rank": 71, "secs": {"split": 0.0, "trisolve": 0.0, "schur": 0.1, "nullspace": 0.0, "lift_verify": 0.2}}], "secs": 0.3}, "ev_secs": 2.4, "rank_secs": 0.9, "secs": 3.6, "hwm_gb": 0.15}}, "sides": {"det": {"mult": 71, "per_prime": {"2147483647": 71, "2147483629": 71}, "primes_agree": true, "instrument": "hybrid kernel + det evaluation rows", "status": "proved (full rank at both primes: mult = a over Q)"}, "per4": {"mult": 71, "per_prime": {"2147483647": 71, "2147483629": 71}, "primes_agree": true, "instrument": "hybrid kernel + per4 evaluation rows", "status": "proved (full rank at both primes: mult = a over Q)"}, "red_star": {"mult": 71, "per_prime": {"2147483647": 71, "2147483629": 71}, "primes_agree": true, "instrument": "hybrid kernel + (star)", "status": "proved (full rank at both primes: mult = a over Q)"}, "red_pts": {"mult": 71, "per_prime": {"2147483647": 71, "2147483629": 71}, "primes_agree": true, "instrument": "hybrid kernel + red_pts evaluation rows", "status": "proved (full rank at both primes: mult = a over Q)"}}, "mult_det": 71, "mult_per4": 71, "mult_red_star": 71, "mult_red_pts": 71, "mult_red": 71, "star_eq_pts": true, "i_det": 0, "i_red": 0, "i_per4": 0, "D": 0, "refute": false, "halt": false, "ok": true, "secs": 4.5, "hwm_gb": 0.15, "certs": [["results/certs/s71/37_13_4_1_1_d14_hybrid_p2147483647.json.gz", 26169], ["results/certs/s71/37_13_4_1_1_d14_hybrid_p2147483629.json.gz", 26169]]}
