      level 1: 54 prefixes
      level 2: 880 prefixes
      level 3: 6564 prefixes
      level 4: 27674 prefixes
      level 5: 74593 prefixes
      level 6: 125434 prefixes
      level 7: 148725 prefixes
      level 8: 153300 prefixes
      level 9: 153586 prefixes
      level 10: 153586 prefixes
      level 11: 153586 prefixes
      level 12: 153586 prefixes
      level 13: 153586 prefixes
      level 14: 153586 prefixes
      level 15: 153586 prefixes
  lam=(41, 12, 3, 2, 2): N_S=153586 |Stab|=2 n_chi=83389 (orbits dropped: 0) [lean, 0s, HWM 0.11 GB]
    E_01: |H|=2 targets 116661 canonical rows 63420 nnz 373581 (obstructed fixed targets cancelled: 0) [1s, HWM 0.12 GB]
    E_12: |H|=2 targets 73698 canonical rows 40411 nnz 180369 (obstructed fixed targets cancelled: 0) [2s, HWM 0.12 GB]
    E_23: |H|=1 targets 97814 canonical rows 97814 nnz 253250 (obstructed fixed targets cancelled: 0) [3s, HWM 0.12 GB]
    E_34: |H|=1 targets 116128 canonical rows 116128 nnz 221570 (obstructed fixed targets cancelled: 0) [3s, HWM 0.13 GB]
  built (41, 12, 3, 2, 2) d15: N_S=153586 |Stab|=2 n_chi=83389 rows=317773 nnz=1028770 (4s: mono 1s orbits 0s rows 3s; HWM 0.13 GB)
  sieve (41, 12, 3, 2, 2) d15: cover(E) 83198/83389 by reversed (a=135, |U|=191, excess 56; {'natural': 81471, 'reversed': 83198, 'fill_asc': 74735, 'fill_desc': 73751, 'random': 64266}); cover(E_red) 65079/65227 (0.6s)
    hybrid[41_12_3_2_2d15] p=2147483629 attempt 0: |S|=83198 |U|=191 (a=135, excess 56) m=255 blocks 1x191 projected nullity 135, verified=True, rank 135 [split 0.2s trisolve 3.2s schur 2.8s null 0.1s lift 8.3s rank 0.8s]
    hybrid[41_12_3_2_2d15] p=2147483647 attempt 0: |S|=83198 |U|=191 (a=135, excess 56) m=255 blocks 1x191 projected nullity 135, verified=True, rank 135 [split 0.2s trisolve 3.6s schur 3.2s null 0.1s lift 8.3s rank 1.2s]
  RESULT (41, 12, 3, 2, 2) d15: a=135 n_chi=83389 |U|=191 mult_det=135 mult_per4=135 mult_red(star)=135 mult_red(pts)=135 i_det=0 i_red=0 i_per4=0 D=0  (86.4s, HWM 0.96 GB)
RESULT {"lam": [41, 12, 3, 2, 2], "delta": 15, "ell": 5, "a": 135, "K": 143, "N_S": 153586, "stab": 2, "n_chi": 83389, "nrows": 317773, "nnz": 1028770, "nfixed": 0, "build_secs": 4.4, "build_hwm_gb": 0.13, "route": "hybrid", "h_pad": 336, "seeds": {"det": 11, "red": 29, "per4": 47, "hybrid": 20260908}, "bound": 40, "primes": [2147483647, 2147483629], "n_red": 65227, "cover_E": {"size": 83198, "order": "reversed", "stats": {"natural": 81471, "reversed": 83198, "fill_asc": 74735, "fill_desc": 73751, "random": 64266}, "n_chi": 83389, "a": 135, "excess": 56, "certified_rank_lb": 83198}, "cover_Ered": {"size": 65079, "order": "reversed", "stats": {"natural": 64148, "reversed": 65079, "fill_asc": 59728, "fill_desc": 59340, "random": 51642}, "n_red": 65227, "certified": false}, "sieve_secs": 0.6, "pred_mem_x_bytes": 108593332, "primes_concurrent": true, "per_prime": {"2147483647": {"sides": {"det": {"mult": 135, "nullity": 0, "instrument": "hybrid kernel + det evaluation rows"}, "per4": {"mult": 135, "nullity": 0, "instrument": "hybrid kernel + per4 evaluation rows"}, "red_pts": {"mult": 135, "nullity": 0, "instrument": "hybrid kernel + red_pts evaluation rows"}, "red_star": {"mult": 135, "nullity": 0, "instrument": "hybrid kernel + (star)"}}, "hybrid": {"nS": 83198, "nU": 191, "excess": 56, "nnzT": 191648, "rows_other": 234575, "order": "reversed", "cover_stats": {"natural": 81471, "reversed": 83198, "fill_asc": 74735, "fill_desc": 73751, "random": 64266}, "ublock": 191, "nblocks": 1, "attempts": [{"attempt": 0, "m": 255, "nproj": 8, "projected_nullity": 135, "verified": true, "rank": 135, "secs": {"split": 0.2, "trisolve": 3.6, "schur": 3.2, "nullspace": 0.1, "lift_verify": 8.3, "rank": 1.2}}], "secs": 16.7}, "ev_secs": 49.5, "rank_secs": 14.9, "secs": 81.2, "hwm_gb": 0.96}, "2147483629": {"sides": {"det": {"mult": 135, "nullity": 0, "instrument": "hybrid kernel + det evaluation rows"}, "per4": {"mult": 135, "nullity": 0, "instrument": "hybrid kernel + per4 evaluation rows"}, "red_pts": {"mult": 135, "nullity": 0, "instrument": "hybrid kernel + red_pts evaluation rows"}, "red_star": {"mult": 135, "nullity": 0, "instrument": "hybrid kernel + (star)"}}, "hybrid": {"nS": 83198, "nU": 191, "excess": 56, "nnzT": 191648, "rows_other": 234575, "order": "reversed", "cover_stats": {"natural": 81471, "reversed": 83198, "fill_asc": 74735, "fill_desc": 73751, "random": 64266}, "ublock": 191, "nblocks": 1, "attempts": [{"attempt": 0, "m": 255, "nproj": 8, "projected_nullity": 135, "verified": true, "rank": 135, "secs": {"split": 0.2, "trisolve": 3.2, "schur": 2.8, "nullspace": 0.1, "lift_verify": 8.3, "rank": 0.8}}], "secs": 15.4}, "ev_secs": 50.1, "rank_secs": 15.6, "secs": 81.1, "hwm_gb": 0.96}}, "sides": {"det": {"mult": 135, "per_prime": {"2147483647": 135, "2147483629": 135}, "primes_agree": true, "instrument": "hybrid kernel + det evaluation rows", "status": "proved (full rank at both primes: mult = a over Q)"}, "per4": {"mult": 135, "per_prime": {"2147483647": 135, "2147483629": 135}, "primes_agree": true, "instrument": "hybrid kernel + per4 evaluation rows", "status": "proved (full rank at both primes: mult = a over Q)"}, "red_star": {"mult": 135, "per_prime": {"2147483647": 135, "2147483629": 135}, "primes_agree": true, "instrument": "hybrid kernel + (star)", "status": "proved (full rank at both primes: mult = a over Q)"}, "red_pts": {"mult": 135, "per_prime": {"2147483647": 135, "2147483629": 135}, "primes_agree": true, "instrument": "hybrid kernel + red_pts evaluation rows", "status": "proved (full rank at both primes: mult = a over Q)"}}, "mult_det": 135, "mult_per4": 135, "mult_red_star": 135, "mult_red_pts": 135, "mult_red": 135, "star_eq_pts": true, "i_det": 0, "i_red": 0, "i_per4": 0, "D": 0, "refute": false, "halt": false, "ok": true, "secs": 86.4, "hwm_gb": 0.96, "certs": [["results/certs/s71/41_12_3_2_2_d15_hybrid_p2147483647.json.gz", 44036], ["results/certs/s71/41_12_3_2_2_d15_hybrid_p2147483629.json.gz", 44038]]}
