      level 1: 57 prefixes
      level 2: 1125 prefixes
      level 3: 9509 prefixes
      level 4: 46511 prefixes
      level 5: 129726 prefixes
      level 6: 201433 prefixes
      level 7: 223860 prefixes
      level 8: 226265 prefixes
      level 9: 226313 prefixes
      level 10: 226313 prefixes
      level 11: 226313 prefixes
      level 12: 226313 prefixes
  lam=(30, 10, 3, 3, 2): N_S=226313 |Stab|=2 n_chi=108552 (orbits dropped: 9209) [lean, 0s, HWM 0.13 GB]
    E_01: |H|=2 targets 162559 canonical rows 77885 nnz 467270 (obstructed fixed targets cancelled: 4784) [1s, HWM 0.13 GB]
    E_12: |H|=1 targets 113126 canonical rows 113072 nnz 480504 (obstructed fixed targets cancelled: 0) [2s, HWM 0.13 GB]
    E_23: |H|=1 targets 189831 canonical rows 187638 nnz 441221 (obstructed fixed targets cancelled: 0) [3s, HWM 0.16 GB]
    E_34: |H|=1 targets 143113 canonical rows 142967 nnz 362554 (obstructed fixed targets cancelled: 0) [4s, HWM 0.16 GB]
  built (30, 10, 3, 3, 2) d12: N_S=226313 |Stab|=2 n_chi=108552 rows=521562 nnz=1751549 (5s: mono 1s orbits 0s rows 4s; HWM 0.16 GB)
  sieve (30, 10, 3, 3, 2) d12: cover(E) 108382/108552 by reversed (a=58, |U|=170, excess 112; {'natural': 105496, 'reversed': 108382, 'fill_asc': 99746, 'fill_desc': 98713, 'random': 86996}); cover(E_red) 85592/85734 (1.0s)
    hybrid[30_10_3_3_2d12] p=2147483647 attempt 0: |S|=108382 |U|=170 (a=58, excess 112) m=234 blocks 1x170 projected nullity 58, verified=True, rank 58 [split 0.2s trisolve 4.4s schur 5.3s null 0.0s lift 6.8s rank 0.7s]
    hybrid[30_10_3_3_2d12] p=2147483629 attempt 0: |S|=108382 |U|=170 (a=58, excess 112) m=234 blocks 1x170 projected nullity 58, verified=True, rank 58 [split 0.2s trisolve 4.6s schur 4.8s null 0.0s lift 7.1s rank 0.7s]
  RESULT (30, 10, 3, 3, 2) d12: a=58 n_chi=108552 |U|=170 mult_det=58 mult_per4=58 mult_red(star)=58 mult_red(pts)=58 i_det=0 i_red=0 i_per4=0 D=0  (61.6s, HWM 0.69 GB)
RESULT {"lam": [30, 10, 3, 3, 2], "delta": 12, "ell": 5, "a": 58, "K": 66, "N_S": 226313, "stab": 2, "n_chi": 108552, "nrows": 521562, "nnz": 1751549, "nfixed": 4784, "build_secs": 5.1, "build_hwm_gb": 0.16, "route": "hybrid", "h_pad": 163, "seeds": {"det": 11, "red": 29, "per4": 47, "hybrid": 20260908}, "bound": 40, "primes": [2147483647, 2147483629], "n_red": 85734, "cover_E": {"size": 108382, "order": "reversed", "stats": {"natural": 105496, "reversed": 108382, "fill_asc": 99746, "fill_desc": 98713, "random": 86996}, "n_chi": 108552, "a": 58, "excess": 112, "certified_rank_lb": 108382}, "cover_Ered": {"size": 85592, "order": "reversed", "stats": {"natural": 83976, "reversed": 85592, "fill_asc": 79884, "fill_desc": 79203, "random": 69673}, "n_red": 85734, "certified": false}, "sieve_secs": 1.0, "pred_mem_x_bytes": 98883824, "primes_concurrent": true, "per_prime": {"2147483647": {"sides": {"det": {"mult": 58, "nullity": 0, "instrument": "hybrid kernel + det evaluation rows"}, "per4": {"mult": 58, "nullity": 0, "instrument": "hybrid kernel + per4 evaluation rows"}, "red_pts": {"mult": 58, "nullity": 0, "instrument": "hybrid kernel + red_pts evaluation rows"}, "red_star": {"mult": 58, "nullity": 0, "instrument": "hybrid kernel + (star)"}}, "hybrid": {"nS": 108382, "nU": 170, "excess": 112, "nnzT": 246804, "rows_other": 413180, "order": "reversed", "cover_stats": {"natural": 105496, "reversed": 108382, "fill_asc": 99746, "fill_desc": 98713, "random": 86996}, "ublock": 170, "nblocks": 1, "attempts": [{"attempt": 0, "m": 234, "nproj": 8, "projected_nullity": 58, "verified": true, "rank": 58, "secs": {"split": 0.2, "trisolve": 4.4, "schur": 5.3, "nullspace": 0.0, "lift_verify": 6.8, "rank": 0.7}}], "secs": 17.6}, "ev_secs": 27.2, "rank_secs": 10.2, "secs": 55.0, "hwm_gb": 0.69}, "2147483629": {"sides": {"det": {"mult": 58, "nullity": 0, "instrument": "hybrid kernel + det evaluation rows"}, "per4": {"mult": 58, "nullity": 0, "instrument": "hybrid kernel + per4 evaluation rows"}, "red_pts": {"mult": 58, "nullity": 0, "instrument": "hybrid kernel + red_pts evaluation rows"}, "red_star": {"mult": 58, "nullity": 0, "instrument": "hybrid kernel + (star)"}}, "hybrid": {"nS": 108382, "nU": 170, "excess": 112, "nnzT": 246804, "rows_other": 413180, "order": "reversed", "cover_stats": {"natural": 105496, "reversed": 108382, "fill_asc": 99746, "fill_desc": 98713, "random": 86996}, "ublock": 170, "nblocks": 1, "attempts": [{"attempt": 0, "m": 234, "nproj": 8, "projected_nullity": 58, "verified": true, "rank": 58, "secs": {"split": 0.2, "trisolve": 4.6, "schur": 4.8, "nullspace": 0.0, "lift_verify": 7.1, "rank": 0.7}}], "secs": 17.6}, "ev_secs": 27.9, "rank_secs": 9.7, "secs": 55.2, "hwm_gb": 0.69}}, "sides": {"det": {"mult": 58, "per_prime": {"2147483647": 58, "2147483629": 58}, "primes_agree": true, "instrument": "hybrid kernel + det evaluation rows", "status": "proved (full rank at both primes: mult = a over Q)"}, "per4": {"mult": 58, "per_prime": {"2147483647": 58, "2147483629": 58}, "primes_agree": true, "instrument": "hybrid kernel + per4 evaluation rows", "status": "proved (full rank at both primes: mult = a over Q)"}, "red_star": {"mult": 58, "per_prime": {"2147483647": 58, "2147483629": 58}, "primes_agree": true, "instrument": "hybrid kernel + (star)", "status": "proved (full rank at both primes: mult = a over Q)"}, "red_pts": {"mult": 58, "per_prime": {"2147483647": 58, "2147483629": 58}, "primes_agree": true, "instrument": "hybrid kernel + red_pts evaluation rows", "status": "proved (full rank at both primes: mult = a over Q)"}}, "mult_det": 58, "mult_per4": 58, "mult_red_star": 58, "mult_red_pts": 58, "mult_red": 58, "star_eq_pts": true, "i_det": 0, "i_red": 0, "i_per4": 0, "D": 0, "refute": false, "halt": false, "ok": true, "secs": 61.6, "hwm_gb": 0.69, "certs": [["results/certs/s71/30_10_3_3_2_d12_hybrid_p2147483647.json.gz", 22257], ["results/certs/s71/30_10_3_3_2_d12_hybrid_p2147483629.json.gz", 22256]]}
