      level 1: 55 prefixes
      level 2: 1012 prefixes
      level 3: 8869 prefixes
      level 4: 42706 prefixes
      level 5: 124861 prefixes
      level 6: 216365 prefixes
      level 7: 257244 prefixes
      level 8: 264567 prefixes
      level 9: 264968 prefixes
      level 10: 264968 prefixes
      level 11: 264968 prefixes
      level 12: 264968 prefixes
      level 13: 264968 prefixes
      level 14: 264968 prefixes
      level 15: 264968 prefixes
  lam=(41, 11, 4, 2, 2): N_S=264968 |Stab|=2 n_chi=143172 (orbits dropped: 0) [lean, 0s, HWM 0.13 GB]
    E_01: |H|=2 targets 194240 canonical rows 105176 nnz 632674 (obstructed fixed targets cancelled: 0) [2s, HWM 0.16 GB]
    E_12: |H|=2 targets 153586 canonical rows 83389 nnz 373581 (obstructed fixed targets cancelled: 0) [3s, HWM 0.16 GB]
    E_23: |H|=1 targets 146942 canonical rows 146942 nnz 439714 (obstructed fixed targets cancelled: 0) [4s, HWM 0.16 GB]
    E_34: |H|=1 targets 199785 canonical rows 199785 nnz 385691 (obstructed fixed targets cancelled: 0) [5s, HWM 0.17 GB]
  built (41, 11, 4, 2, 2) d15: N_S=264968 |Stab|=2 n_chi=143172 rows=535292 nnz=1831660 (7s: mono 1s orbits 0s rows 5s; HWM 0.17 GB)
  sieve (41, 11, 4, 2, 2) d15: cover(E) 142802/143172 by reversed (a=267, |U|=370, excess 103; {'natural': 139266, 'reversed': 142802, 'fill_asc': 125734, 'fill_desc': 125933, 'random': 105445}); cover(E_red) 113027/113312 (0.9s)
    hybrid[41_11_4_2_2d15] p=2147483647 attempt 0: |S|=142802 |U|=370 (a=267, excess 103) m=434 blocks 1x370 projected nullity 267, verified=True, rank 267 [split 0.1s trisolve 6.3s schur 5.1s null 0.1s lift 13.6s rank 1.4s]
    hybrid[41_11_4_2_2d15] p=2147483629 attempt 0: |S|=142802 |U|=370 (a=267, excess 103) m=434 blocks 1x370 projected nullity 267, verified=True, rank 267 [split 0.1s trisolve 2.4s schur 5.3s null 0.1s lift 13.4s rank 1.7s]
  RESULT (41, 11, 4, 2, 2) d15: a=267 n_chi=143172 |U|=370 mult_det=267 mult_per4=267 mult_red(star)=267 mult_red(pts)=267 i_det=0 i_red=0 i_per4=0 D=0  (279.4s, HWM 2.58 GB)
RESULT {"lam": [41, 11, 4, 2, 2], "delta": 15, "ell": 5, "a": 267, "K": 275, "N_S": 264968, "stab": 2, "n_chi": 143172, "nrows": 535292, "nnz": 1831660, "nfixed": 0, "build_secs": 6.9, "build_hwm_gb": 0.17, "route": "hybrid", "h_pad": 620, "seeds": {"det": 11, "red": 29, "per4": 47, "hybrid": 20260908}, "bound": 40, "primes": [2147483647, 2147483629], "n_red": 113312, "cover_E": {"size": 142802, "order": "reversed", "stats": {"natural": 139266, "reversed": 142802, "fill_asc": 125734, "fill_desc": 125933, "random": 105445}, "n_chi": 143172, "a": 267, "excess": 103, "certified_rank_lb": 142802}, "cover_Ered": {"size": 113027, "order": "reversed", "stats": {"natural": 111182, "reversed": 113027, "fill_asc": 102031, "fill_desc": 102352, "random": 86023}, "n_red": 113312, "certified": false}, "sieve_secs": 0.9, "pred_mem_x_bytes": 364254656, "primes_concurrent": false, "per_prime": {"2147483647": {"sides": {"det": {"mult": 267, "nullity": 0, "instrument": "hybrid kernel + det evaluation rows"}, "per4": {"mult": 267, "nullity": 0, "instrument": "hybrid kernel + per4 evaluation rows"}, "red_pts": {"mult": 267, "nullity": 0, "instrument": "hybrid kernel + red_pts evaluation rows"}, "red_star": {"mult": 267, "nullity": 0, "instrument": "hybrid kernel + (star)"}}, "hybrid": {"nS": 142802, "nU": 370, "excess": 103, "nnzT": 360175, "rows_other": 392490, "order": "reversed", "cover_stats": {"natural": 139266, "reversed": 142802, "fill_asc": 125734, "fill_desc": 125933, "random": 105445}, "ublock": 370, "nblocks": 1, "attempts": [{"attempt": 0, "m": 434, "nproj": 8, "projected_nullity": 267, "verified": true, "rank": 267, "secs": {"split": 0.1, "trisolve": 6.3, "schur": 5.1, "nullspace": 0.1, "lift_verify": 13.6, "rank": 1.4}}], "secs": 26.6}, "ev_secs": 80.4, "rank_secs": 29.8, "secs": 136.8, "hwm_gb": 2.55}, "2147483629": {"sides": {"det": {"mult": 267, "nullity": 0, "instrument": "hybrid kernel + det evaluation rows"}, "per4": {"mult": 267, "nullity": 0, "instrument": "hybrid kernel + per4 evaluation rows"}, "red_pts": {"mult": 267, "nullity": 0, "instrument": "hybrid kernel + red_pts evaluation rows"}, "red_star": {"mult": 267, "nullity": 0, "instrument": "hybrid kernel + (star)"}}, "hybrid": {"nS": 142802, "nU": 370, "excess": 103, "nnzT": 360175, "rows_other": 392490, "order": "reversed", "cover_stats": {"natural": 139266, "reversed": 142802, "fill_asc": 125734, "fill_desc": 125933, "random": 105445}, "ublock": 370, "nblocks": 1, "attempts": [{"attempt": 0, "m": 434, "nproj": 8, "projected_nullity": 267, "verified": true, "rank": 267, "secs": {"split": 0.1, "trisolve": 2.4, "schur": 5.3, "nullspace": 0.1, "lift_verify": 13.4, "rank": 1.7}}], "secs": 23.1}, "ev_secs": 82.3, "rank_secs": 29.2, "secs": 134.6, "hwm_gb": 2.58}}, "sides": {"det": {"mult": 267, "per_prime": {"2147483647": 267, "2147483629": 267}, "primes_agree": true, "instrument": "hybrid kernel + det evaluation rows", "status": "proved (full rank at both primes: mult = a over Q)"}, "per4": {"mult": 267, "per_prime": {"2147483647": 267, "2147483629": 267}, "primes_agree": true, "instrument": "hybrid kernel + per4 evaluation rows", "status": "proved (full rank at both primes: mult = a over Q)"}, "red_star": {"mult": 267, "per_prime": {"2147483647": 267, "2147483629": 267}, "primes_agree": true, "instrument": "hybrid kernel + (star)", "status": "proved (full rank at both primes: mult = a over Q)"}, "red_pts": {"mult": 267, "per_prime": {"2147483647": 267, "2147483629": 267}, "primes_agree": true, "instrument": "hybrid kernel + red_pts evaluation rows", "status": "proved (full rank at both primes: mult = a over Q)"}}, "mult_det": 267, "mult_per4": 267, "mult_red_star": 267, "mult_red_pts": 267, "mult_red": 267, "star_eq_pts": true, "i_det": 0, "i_red": 0, "i_per4": 0, "D": 0, "refute": false, "halt": false, "ok": true, "secs": 279.4, "hwm_gb": 2.58, "certs": [["results/certs/s71/41_11_4_2_2_d15_hybrid_p2147483647.json.gz", 81355], ["results/certs/s71/41_11_4_2_2_d15_hybrid_p2147483629.json.gz", 81357]]}
