      level 1: 55 prefixes
      level 2: 1012 prefixes
      level 3: 8772 prefixes
      level 4: 37428 prefixes
      level 5: 76111 prefixes
      level 6: 92295 prefixes
      level 7: 94307 prefixes
      level 8: 94352 prefixes
      level 9: 94352 prefixes
      level 10: 94352 prefixes
      level 11: 94352 prefixes
      level 12: 94352 prefixes
  lam=(32, 8, 4, 2, 2): N_S=94352 |Stab|=2 n_chi=51289 (orbits dropped: 0) [lean, 0s, HWM 0.09 GB]
    E_01: |H|=2 targets 62213 canonical rows 33891 nnz 192381 (obstructed fixed targets cancelled: 0) [0s, HWM 0.09 GB]
    E_12: |H|=2 targets 61788 canonical rows 33684 nnz 131839 (obstructed fixed targets cancelled: 0) [1s, HWM 0.09 GB]
    E_23: |H|=1 targets 52710 canonical rows 52710 nnz 155506 (obstructed fixed targets cancelled: 0) [1s, HWM 0.09 GB]
    E_34: |H|=1 targets 71327 canonical rows 71327 nnz 136103 (obstructed fixed targets cancelled: 0) [1s, HWM 0.10 GB]
  built (32, 8, 4, 2, 2) d12: N_S=94352 |Stab|=2 n_chi=51289 rows=191612 nnz=615829 (2s: mono 0s orbits 0s rows 1s; HWM 0.10 GB)
  sieve (32, 8, 4, 2, 2) d12: cover(E) 51143/51289 by reversed (a=92, |U|=146, excess 54; {'natural': 50009, 'reversed': 51143, 'fill_asc': 45340, 'fill_desc': 45227, 'random': 38412}); cover(E_red) 36893/36989 (0.3s)
    hybrid[32_8_4_2_2d12] p=2147483647 attempt 0: |S|=51143 |U|=146 (a=92, excess 54) m=210 projected nullity 92, verified=True, rank 92 [split 0.1s trisolve 0.1s schur 0.7s null 0.0s lift 1.8s]
    hybrid[32_8_4_2_2d12] p=2147483629 attempt 0: |S|=51143 |U|=146 (a=92, excess 54) m=210 projected nullity 92, verified=True, rank 92 [split 0.2s trisolve 0.1s schur 0.8s null 0.0s lift 2.0s]
  RESULT (32, 8, 4, 2, 2) d12: a=92 n_chi=51289 |U|=146 mult_det=92 mult_per4=92 mult_red(star)=92 mult_red(pts)=92 i_det=0 i_red=0 i_per4=0 D=0  (16.5s, HWM 0.52 GB)
RESULT {"lam": [32, 8, 4, 2, 2], "delta": 12, "ell": 5, "a": 92, "K": 100, "N_S": 94352, "stab": 2, "n_chi": 51289, "nrows": 191612, "nnz": 615829, "nfixed": 0, "build_secs": 1.9, "build_hwm_gb": 0.1, "route": "hybrid", "h_pad": 242, "seeds": {"det": 11, "red": 29, "per4": 47, "hybrid": 20260908}, "bound": 40, "primes": [2147483647, 2147483629], "n_red": 36989, "cover_E": {"size": 51143, "order": "reversed", "stats": {"natural": 50009, "reversed": 51143, "fill_asc": 45340, "fill_desc": 45227, "random": 38412}, "n_chi": 51289, "a": 92, "excess": 54, "certified_rank_lb": 51143}, "cover_Ered": {"size": 36893, "order": "reversed", "stats": {"natural": 36510, "reversed": 36893, "fill_asc": 33888, "fill_desc": 33780, "random": 29078}, "n_red": 36989, "certified": false}, "sieve_secs": 0.3, "pred_mem_x_bytes": 29867512, "primes_concurrent": true, "per_prime": {"2147483647": {"sides": {"det": {"mult": 92, "nullity": 0, "instrument": "hybrid kernel + det evaluation rows"}, "per4": {"mult": 92, "nullity": 0, "instrument": "hybrid kernel + per4 evaluation rows"}, "red_pts": {"mult": 92, "nullity": 0, "instrument": "hybrid kernel + red_pts evaluation rows"}, "red_star": {"mult": 92, "nullity": 0, "instrument": "hybrid kernel + (star)"}}, "hybrid": {"nS": 51143, "nU": 146, "excess": 54, "nnzT": 122641, "rows_other": 140469, "order": "reversed", "cover_stats": {"natural": 50009, "reversed": 51143, "fill_asc": 45340, "fill_desc": 45227, "random": 38412}, "attempts": [{"attempt": 0, "m": 210, "nproj": 8, "projected_nullity": 92, "verified": true, "rank": 92, "secs": {"split": 0.1, "trisolve": 0.1, "schur": 0.7, "nullspace": 0.0, "lift_verify": 1.8}}], "secs": 2.9}, "ev_secs": 7.8, "rank_secs": 3.3, "secs": 14.0, "hwm_gb": 0.52}, "2147483629": {"sides": {"det": {"mult": 92, "nullity": 0, "instrument": "hybrid kernel + det evaluation rows"}, "per4": {"mult": 92, "nullity": 0, "instrument": "hybrid kernel + per4 evaluation rows"}, "red_pts": {"mult": 92, "nullity": 0, "instrument": "hybrid kernel + red_pts evaluation rows"}, "red_star": {"mult": 92, "nullity": 0, "instrument": "hybrid kernel + (star)"}}, "hybrid": {"nS": 51143, "nU": 146, "excess": 54, "nnzT": 122641, "rows_other": 140469, "order": "reversed", "cover_stats": {"natural": 50009, "reversed": 51143, "fill_asc": 45340, "fill_desc": 45227, "random": 38412}, "attempts": [{"attempt": 0, "m": 210, "nproj": 8, "projected_nullity": 92, "verified": true, "rank": 92, "secs": {"split": 0.2, "trisolve": 0.1, "schur": 0.8, "nullspace": 0.0, "lift_verify": 2.0}}], "secs": 3.2}, "ev_secs": 7.6, "rank_secs": 3.2, "secs": 14.1, "hwm_gb": 0.52}}, "sides": {"det": {"mult": 92, "per_prime": {"2147483647": 92, "2147483629": 92}, "primes_agree": true, "instrument": "hybrid kernel + det evaluation rows", "status": "proved (full rank at both primes: mult = a over Q)"}, "per4": {"mult": 92, "per_prime": {"2147483647": 92, "2147483629": 92}, "primes_agree": true, "instrument": "hybrid kernel + per4 evaluation rows", "status": "proved (full rank at both primes: mult = a over Q)"}, "red_star": {"mult": 92, "per_prime": {"2147483647": 92, "2147483629": 92}, "primes_agree": true, "instrument": "hybrid kernel + (star)", "status": "proved (full rank at both primes: mult = a over Q)"}, "red_pts": {"mult": 92, "per_prime": {"2147483647": 92, "2147483629": 92}, "primes_agree": true, "instrument": "hybrid kernel + red_pts evaluation rows", "status": "proved (full rank at both primes: mult = a over Q)"}}, "mult_det": 92, "mult_per4": 92, "mult_red_star": 92, "mult_red_pts": 92, "mult_red": 92, "star_eq_pts": true, "i_det": 0, "i_red": 0, "i_per4": 0, "D": 0, "refute": false, "halt": false, "ok": true, "secs": 16.5, "hwm_gb": 0.52, "certs": [["results/certs/s71/32_8_4_2_2_d12_hybrid_p2147483647.json.gz", 32258], ["results/certs/s71/32_8_4_2_2_d12_hybrid_p2147483629.json.gz", 32260]]}
