      level 1: 44 prefixes
      level 2: 540 prefixes
      level 3: 3207 prefixes
      level 4: 11556 prefixes
      level 5: 29151 prefixes
      level 6: 51451 prefixes
      level 7: 65295 prefixes
      level 8: 69647 prefixes
      level 9: 70255 prefixes
      level 10: 70272 prefixes
      level 11: 70272 prefixes
      level 12: 70272 prefixes
      level 13: 70272 prefixes
      level 14: 70272 prefixes
      level 15: 70272 prefixes
      level 16: 70272 prefixes
  lam=(44, 14, 3, 2, 1): N_S=70272 |Stab|=1 n_chi=70272 (orbits dropped: 0) [lean, 0s, HWM 0.09 GB]
    E_01: |H|=1 targets 56081 canonical rows 56081 nnz 327467 (obstructed fixed targets cancelled: 0) [1s, HWM 0.10 GB]
    E_12: |H|=1 targets 32862 canonical rows 32862 nnz 151249 (obstructed fixed targets cancelled: 0) [1s, HWM 0.10 GB]
    E_23: |H|=1 targets 45192 canonical rows 45192 nnz 114616 (obstructed fixed targets cancelled: 0) [1s, HWM 0.10 GB]
    E_34: |H|=1 targets 33319 canonical rows 33319 nnz 70272 (obstructed fixed targets cancelled: 0) [1s, HWM 0.10 GB]
  built (44, 14, 3, 2, 1) d16: N_S=70272 |Stab|=1 n_chi=70272 rows=167454 nnz=663604 (2s: mono 0s orbits 0s rows 1s; HWM 0.10 GB)
  sieve (44, 14, 3, 2, 1) d16: cover(E) 70089/70272 by reversed (a=146, |U|=183, excess 37; {'natural': 67766, 'reversed': 70089, 'fill_asc': 59383, 'fill_desc': 56908, 'random': 48794}); cover(E_red) 55345/55497 (0.3s)
    hybrid[44_14_3_2_1d16] p=2147483647 attempt 0: |S|=70089 |U|=183 (a=146, excess 37) m=247 blocks 1x183 projected nullity 146, verified=True, rank 146 [split 0.1s trisolve 2.8s schur 1.7s null 0.1s lift 5.4s rank 0.8s]
    hybrid[44_14_3_2_1d16] p=2147483629 attempt 0: |S|=70089 |U|=183 (a=146, excess 37) m=247 blocks 1x183 projected nullity 146, verified=True, rank 146 [split 0.1s trisolve 3.0s schur 1.7s null 0.1s lift 5.7s rank 0.7s]
  RESULT (44, 14, 3, 2, 1) d16: a=146 n_chi=70272 |U|=183 mult_det=146 mult_per4=146 mult_red(star)=146 mult_red(pts)=146 i_det=0 i_red=0 i_per4=0 D=0  (56.7s, HWM 0.84 GB)
RESULT {"lam": [44, 14, 3, 2, 1], "delta": 16, "ell": 5, "a": 146, "K": 154, "N_S": 70272, "stab": 1, "n_chi": 70272, "nrows": 167454, "nnz": 663604, "nfixed": 0, "build_secs": 1.9, "build_hwm_gb": 0.1, "route": "hybrid", "h_pad": 360, "seeds": {"det": 11, "red": 29, "per4": 47, "hybrid": 20260908}, "bound": 40, "primes": [2147483647, 2147483629], "n_red": 55497, "cover_E": {"size": 70089, "order": "reversed", "stats": {"natural": 67766, "reversed": 70089, "fill_asc": 59383, "fill_desc": 56908, "random": 48794}, "n_chi": 70272, "a": 146, "excess": 37, "certified_rank_lb": 70089}, "cover_Ered": {"size": 55345, "order": "reversed", "stats": {"natural": 54007, "reversed": 55345, "fill_asc": 48422, "fill_desc": 47178, "random": 40266}, "n_red": 55497, "certified": false}, "sieve_secs": 0.3, "pred_mem_x_bytes": 92343996, "primes_concurrent": true, "per_prime": {"2147483647": {"sides": {"det": {"mult": 146, "nullity": 0, "instrument": "hybrid kernel + det evaluation rows"}, "per4": {"mult": 146, "nullity": 0, "instrument": "hybrid kernel + per4 evaluation rows"}, "red_pts": {"mult": 146, "nullity": 0, "instrument": "hybrid kernel + red_pts evaluation rows"}, "red_star": {"mult": 146, "nullity": 0, "instrument": "hybrid kernel + (star)"}}, "hybrid": {"nS": 70089, "nU": 183, "excess": 37, "nnzT": 184263, "rows_other": 97365, "order": "reversed", "cover_stats": {"natural": 67766, "reversed": 70089, "fill_asc": 59383, "fill_desc": 56908, "random": 48794}, "ublock": 183, "nblocks": 1, "attempts": [{"attempt": 0, "m": 247, "nproj": 8, "projected_nullity": 146, "verified": true, "rank": 146, "secs": {"split": 0.1, "trisolve": 2.8, "schur": 1.7, "nullspace": 0.1, "lift_verify": 5.4, "rank": 0.8}}], "secs": 10.9}, "ev_secs": 28.3, "rank_secs": 14.6, "secs": 53.8, "hwm_gb": 0.84}, "2147483629": {"sides": {"det": {"mult": 146, "nullity": 0, "instrument": "hybrid kernel + det evaluation rows"}, "per4": {"mult": 146, "nullity": 0, "instrument": "hybrid kernel + per4 evaluation rows"}, "red_pts": {"mult": 146, "nullity": 0, "instrument": "hybrid kernel + red_pts evaluation rows"}, "red_star": {"mult": 146, "nullity": 0, "instrument": "hybrid kernel + (star)"}}, "hybrid": {"nS": 70089, "nU": 183, "excess": 37, "nnzT": 184263, "rows_other": 97365, "order": "reversed", "cover_stats": {"natural": 67766, "reversed": 70089, "fill_asc": 59383, "fill_desc": 56908, "random": 48794}, "ublock": 183, "nblocks": 1, "attempts": [{"attempt": 0, "m": 247, "nproj": 8, "projected_nullity": 146, "verified": true, "rank": 146, "secs": {"split": 0.1, "trisolve": 3.0, "schur": 1.7, "nullspace": 0.1, "lift_verify": 5.7, "rank": 0.7}}], "secs": 11.3}, "ev_secs": 28.2, "rank_secs": 14.7, "secs": 54.2, "hwm_gb": 0.84}}, "sides": {"det": {"mult": 146, "per_prime": {"2147483647": 146, "2147483629": 146}, "primes_agree": true, "instrument": "hybrid kernel + det evaluation rows", "status": "proved (full rank at both primes: mult = a over Q)"}, "per4": {"mult": 146, "per_prime": {"2147483647": 146, "2147483629": 146}, "primes_agree": true, "instrument": "hybrid kernel + per4 evaluation rows", "status": "proved (full rank at both primes: mult = a over Q)"}, "red_star": {"mult": 146, "per_prime": {"2147483647": 146, "2147483629": 146}, "primes_agree": true, "instrument": "hybrid kernel + (star)", "status": "proved (full rank at both primes: mult = a over Q)"}, "red_pts": {"mult": 146, "per_prime": {"2147483647": 146, "2147483629": 146}, "primes_agree": true, "instrument": "hybrid kernel + red_pts evaluation rows", "status": "proved (full rank at both primes: mult = a over Q)"}}, "mult_det": 146, "mult_per4": 146, "mult_red_star": 146, "mult_red_pts": 146, "mult_red": 146, "star_eq_pts": true, "i_det": 0, "i_red": 0, "i_per4": 0, "D": 0, "refute": false, "halt": false, "ok": true, "secs": 56.7, "hwm_gb": 0.84, "certs": [["results/certs/s71/44_14_3_2_1_d16_hybrid_p2147483647.json.gz", 47383], ["results/certs/s71/44_14_3_2_1_d16_hybrid_p2147483629.json.gz", 47385]]}
