      level 1: 60 prefixes
      level 2: 1599 prefixes
      level 3: 20481 prefixes
      level 4: 115272 prefixes
      level 5: 260056 prefixes
      level 6: 320971 prefixes
      level 7: 327762 prefixes
      level 8: 327879 prefixes
      level 9: 327879 prefixes
      level 10: 327879 prefixes
  lam=(24, 5, 4, 4, 3): N_S=327879 |Stab|=2 n_chi=167156 (orbits dropped: 0) [lean, 0s, HWM 0.14 GB]
    E_01: |H|=2 targets 169725 canonical rows 86776 nnz 513867 (obstructed fixed targets cancelled: 0) [1s, HWM 0.14 GB]
    E_12: |H|=1 targets 258590 canonical rows 258590 nnz 882380 (obstructed fixed targets cancelled: 0) [2s, HWM 0.16 GB]
    E_23: |H|=1 targets 286091 canonical rows 286091 nnz 862312 (obstructed fixed targets cancelled: 0) [4s, HWM 0.18 GB]
    E_34: |H|=1 targets 239143 canonical rows 239143 nnz 734095 (obstructed fixed targets cancelled: 0) [5s, HWM 0.18 GB]
  built (24, 5, 4, 4, 3) d10: N_S=327879 |Stab|=2 n_chi=167156 rows=870600 nnz=2992654 (6s: mono 1s orbits 0s rows 5s; HWM 0.18 GB)
  sieve (24, 5, 4, 4, 3) d10: cover(E) 167024/167156 by reversed (a=15, |U|=132, excess 117; {'natural': 163918, 'reversed': 167024, 'fill_asc': 154904, 'fill_desc': 150764, 'random': 129722}); cover(E_red) 123872/123965 (1.6s)
    hybrid[24_5_4_4_3d10] p=2147483629 attempt 0: |S|=167024 |U|=132 (a=15, excess 117) m=196 blocks 1x132 projected nullity 15, verified=True, rank 15 [split 0.2s trisolve 2.8s schur 3.3s null 0.0s lift 1.9s rank 0.1s]
    hybrid[24_5_4_4_3d10] p=2147483647 attempt 0: |S|=167024 |U|=132 (a=15, excess 117) m=196 blocks 1x132 projected nullity 15, verified=True, rank 15 [split 0.2s trisolve 2.9s schur 3.3s null 0.0s lift 2.2s rank 0.1s]
  RESULT (24, 5, 4, 4, 3) d10: a=15 n_chi=167156 |U|=132 mult_det=15 mult_per4=15 mult_red(star)=15 mult_red(pts)=15 i_det=0 i_red=0 i_per4=0 D=0  (23.9s, HWM 0.59 GB)
RESULT {"lam": [24, 5, 4, 4, 3], "delta": 10, "ell": 5, "a": 15, "K": 23, "N_S": 327879, "stab": 2, "n_chi": 167156, "nrows": 870600, "nnz": 2992654, "nfixed": 0, "build_secs": 6.0, "build_hwm_gb": 0.18, "route": "hybrid", "h_pad": 45, "seeds": {"det": 11, "red": 29, "per4": 47, "hybrid": 20260908}, "bound": 40, "primes": [2147483647, 2147483629], "n_red": 123965, "cover_E": {"size": 167024, "order": "reversed", "stats": {"natural": 163918, "reversed": 167024, "fill_asc": 154904, "fill_desc": 150764, "random": 129722}, "n_chi": 167156, "a": 15, "excess": 117, "certified_rank_lb": 167024}, "cover_Ered": {"size": 123872, "order": "reversed", "stats": {"natural": 122973, "reversed": 123872, "fill_asc": 117407, "fill_desc": 114485, "random": 98652}, "n_red": 123965, "certified": false}, "sieve_secs": 1.6, "pred_mem_x_bytes": 98218032, "primes_concurrent": true, "per_prime": {"2147483647": {"sides": {"det": {"mult": 15, "nullity": 0, "instrument": "hybrid kernel + det evaluation rows"}, "per4": {"mult": 15, "nullity": 0, "instrument": "hybrid kernel + per4 evaluation rows"}, "red_pts": {"mult": 15, "nullity": 0, "instrument": "hybrid kernel + red_pts evaluation rows"}, "red_star": {"mult": 15, "nullity": 0, "instrument": "hybrid kernel + (star)"}}, "hybrid": {"nS": 167024, "nU": 132, "excess": 117, "nnzT": 415797, "rows_other": 703576, "order": "reversed", "cover_stats": {"natural": 163918, "reversed": 167024, "fill_asc": 154904, "fill_desc": 150764, "random": 129722}, "ublock": 132, "nblocks": 1, "attempts": [{"attempt": 0, "m": 196, "nproj": 8, "projected_nullity": 15, "verified": true, "rank": 15, "secs": {"split": 0.2, "trisolve": 2.9, "schur": 3.3, "nullspace": 0.0, "lift_verify": 2.2, "rank": 0.1}}], "secs": 8.9}, "ev_secs": 5.9, "rank_secs": 1.1, "secs": 16.0, "hwm_gb": 0.59}, "2147483629": {"sides": {"det": {"mult": 15, "nullity": 0, "instrument": "hybrid kernel + det evaluation rows"}, "per4": {"mult": 15, "nullity": 0, "instrument": "hybrid kernel + per4 evaluation rows"}, "red_pts": {"mult": 15, "nullity": 0, "instrument": "hybrid kernel + red_pts evaluation rows"}, "red_star": {"mult": 15, "nullity": 0, "instrument": "hybrid kernel + (star)"}}, "hybrid": {"nS": 167024, "nU": 132, "excess": 117, "nnzT": 415797, "rows_other": 703576, "order": "reversed", "cover_stats": {"natural": 163918, "reversed": 167024, "fill_asc": 154904, "fill_desc": 150764, "random": 129722}, "ublock": 132, "nblocks": 1, "attempts": [{"attempt": 0, "m": 196, "nproj": 8, "projected_nullity": 15, "verified": true, "rank": 15, "secs": {"split": 0.2, "trisolve": 2.8, "schur": 3.3, "nullspace": 0.0, "lift_verify": 1.9, "rank": 0.1}}], "secs": 8.5}, "ev_secs": 5.1, "rank_secs": 1.6, "secs": 15.2, "hwm_gb": 0.59}}, "sides": {"det": {"mult": 15, "per_prime": {"2147483647": 15, "2147483629": 15}, "primes_agree": true, "instrument": "hybrid kernel + det evaluation rows", "status": "proved (full rank at both primes: mult = a over Q)"}, "per4": {"mult": 15, "per_prime": {"2147483647": 15, "2147483629": 15}, "primes_agree": true, "instrument": "hybrid kernel + per4 evaluation rows", "status": "proved (full rank at both primes: mult = a over Q)"}, "red_star": {"mult": 15, "per_prime": {"2147483647": 15, "2147483629": 15}, "primes_agree": true, "instrument": "hybrid kernel + (star)", "status": "proved (full rank at both primes: mult = a over Q)"}, "red_pts": {"mult": 15, "per_prime": {"2147483647": 15, "2147483629": 15}, "primes_agree": true, "instrument": "hybrid kernel + red_pts evaluation rows", "status": "proved (full rank at both primes: mult = a over Q)"}}, "mult_det": 15, "mult_per4": 15, "mult_red_star": 15, "mult_red_pts": 15, "mult_red": 15, "star_eq_pts": true, "i_det": 0, "i_red": 0, "i_per4": 0, "D": 0, "refute": false, "halt": false, "ok": true, "secs": 23.9, "hwm_gb": 0.59, "certs": [["results/certs/s71/24_5_4_4_3_d10_hybrid_p2147483647.json.gz", 8984], ["results/certs/s71/24_5_4_4_3_d10_hybrid_p2147483629.json.gz", 8984]]}
