      level 1: 44 prefixes
      level 2: 698 prefixes
      level 3: 5811 prefixes
      level 4: 27170 prefixes
      level 5: 64642 prefixes
      level 6: 87495 prefixes
      level 7: 92269 prefixes
      level 8: 92555 prefixes
      level 9: 92555 prefixes
      level 10: 92555 prefixes
      level 11: 92555 prefixes
      level 12: 92555 prefixes
  lam=(31, 8, 6, 2, 1): N_S=92555 |Stab|=1 n_chi=92555 (orbits dropped: 0) [lean, 0s, HWM 0.09 GB]
    E_01: |H|=1 targets 60716 canonical rows 60716 nnz 353975 (obstructed fixed targets cancelled: 0) [0s, HWM 0.09 GB]
    E_12: |H|=1 targets 75978 canonical rows 75978 nnz 305372 (obstructed fixed targets cancelled: 0) [1s, HWM 0.10 GB]
    E_23: |H|=1 targets 43456 canonical rows 43456 nnz 152647 (obstructed fixed targets cancelled: 0) [1s, HWM 0.10 GB]
    E_34: |H|=1 targets 43124 canonical rows 43124 nnz 92555 (obstructed fixed targets cancelled: 0) [1s, HWM 0.10 GB]
  built (31, 8, 6, 2, 1) d12: N_S=92555 |Stab|=1 n_chi=92555 rows=223274 nnz=904549 (2s: mono 0s orbits 0s rows 1s; HWM 0.10 GB)
  sieve (31, 8, 6, 2, 1) d12: cover(E) 92226/92555 by reversed (a=141, |U|=329, excess 188; {'natural': 89170, 'reversed': 92226, 'fill_asc': 77129, 'fill_desc': 75579, 'random': 61157}); cover(E_red) 70054/70314 (0.4s)
    hybrid[31_8_6_2_1d12] p=2147483647 attempt 0: |S|=92226 |U|=329 (a=141, excess 188) m=393 blocks 1x329 projected nullity 141, verified=True, rank 141 [split 0.2s trisolve 3.9s schur 3.9s null 0.2s lift 6.3s rank 0.9s]
    hybrid[31_8_6_2_1d12] p=2147483629 attempt 0: |S|=92226 |U|=329 (a=141, excess 188) m=393 blocks 1x329 projected nullity 141, verified=True, rank 141 [split 0.2s trisolve 4.0s schur 3.8s null 0.2s lift 6.5s rank 0.9s]
  RESULT (31, 8, 6, 2, 1) d12: a=141 n_chi=92555 |U|=329 mult_det=141 mult_per4=141 mult_red(star)=141 mult_red(pts)=141 i_det=0 i_red=0 i_per4=0 D=0  (66.1s, HWM 1.07 GB)
RESULT {"lam": [31, 8, 6, 2, 1], "delta": 12, "ell": 5, "a": 141, "K": 149, "N_S": 92555, "stab": 1, "n_chi": 92555, "nrows": 223274, "nnz": 904549, "nfixed": 0, "build_secs": 1.7, "build_hwm_gb": 0.1, "route": "hybrid", "h_pad": 330, "seeds": {"det": 11, "red": 29, "per4": 47, "hybrid": 20260908}, "bound": 40, "primes": [2147483647, 2147483629], "n_red": 70314, "cover_E": {"size": 92226, "order": "reversed", "stats": {"natural": 89170, "reversed": 92226, "fill_asc": 77129, "fill_desc": 75579, "random": 61157}, "n_chi": 92555, "a": 141, "excess": 188, "certified_rank_lb": 92226}, "cover_Ered": {"size": 70054, "order": "reversed", "stats": {"natural": 68840, "reversed": 70054, "fill_asc": 61138, "fill_desc": 60129, "random": 49051}, "n_red": 70314, "certified": false}, "sieve_secs": 0.4, "pred_mem_x_bytes": 173570436, "primes_concurrent": true, "per_prime": {"2147483647": {"sides": {"det": {"mult": 141, "nullity": 0, "instrument": "hybrid kernel + det evaluation rows"}, "per4": {"mult": 141, "nullity": 0, "instrument": "hybrid kernel + per4 evaluation rows"}, "red_pts": {"mult": 141, "nullity": 0, "instrument": "hybrid kernel + red_pts evaluation rows"}, "red_star": {"mult": 141, "nullity": 0, "instrument": "hybrid kernel + (star)"}}, "hybrid": {"nS": 92226, "nU": 329, "excess": 188, "nnzT": 271480, "rows_other": 131048, "order": "reversed", "cover_stats": {"natural": 89170, "reversed": 92226, "fill_asc": 77129, "fill_desc": 75579, "random": 61157}, "ublock": 329, "nblocks": 1, "attempts": [{"attempt": 0, "m": 393, "nproj": 8, "projected_nullity": 141, "verified": true, "rank": 141, "secs": {"split": 0.2, "trisolve": 3.9, "schur": 3.9, "nullspace": 0.2, "lift_verify": 6.3, "rank": 0.9}}], "secs": 15.5}, "ev_secs": 26.8, "rank_secs": 21.6, "secs": 63.9, "hwm_gb": 1.07}, "2147483629": {"sides": {"det": {"mult": 141, "nullity": 0, "instrument": "hybrid kernel + det evaluation rows"}, "per4": {"mult": 141, "nullity": 0, "instrument": "hybrid kernel + per4 evaluation rows"}, "red_pts": {"mult": 141, "nullity": 0, "instrument": "hybrid kernel + red_pts evaluation rows"}, "red_star": {"mult": 141, "nullity": 0, "instrument": "hybrid kernel + (star)"}}, "hybrid": {"nS": 92226, "nU": 329, "excess": 188, "nnzT": 271480, "rows_other": 131048, "order": "reversed", "cover_stats": {"natural": 89170, "reversed": 92226, "fill_asc": 77129, "fill_desc": 75579, "random": 61157}, "ublock": 329, "nblocks": 1, "attempts": [{"attempt": 0, "m": 393, "nproj": 8, "projected_nullity": 141, "verified": true, "rank": 141, "secs": {"split": 0.2, "trisolve": 4.0, "schur": 3.8, "nullspace": 0.2, "lift_verify": 6.5, "rank": 0.9}}], "secs": 15.7}, "ev_secs": 27.5, "rank_secs": 20.7, "secs": 63.8, "hwm_gb": 1.07}}, "sides": {"det": {"mult": 141, "per_prime": {"2147483647": 141, "2147483629": 141}, "primes_agree": true, "instrument": "hybrid kernel + det evaluation rows", "status": "proved (full rank at both primes: mult = a over Q)"}, "per4": {"mult": 141, "per_prime": {"2147483647": 141, "2147483629": 141}, "primes_agree": true, "instrument": "hybrid kernel + per4 evaluation rows", "status": "proved (full rank at both primes: mult = a over Q)"}, "red_star": {"mult": 141, "per_prime": {"2147483647": 141, "2147483629": 141}, "primes_agree": true, "instrument": "hybrid kernel + (star)", "status": "proved (full rank at both primes: mult = a over Q)"}, "red_pts": {"mult": 141, "per_prime": {"2147483647": 141, "2147483629": 141}, "primes_agree": true, "instrument": "hybrid kernel + red_pts evaluation rows", "status": "proved (full rank at both primes: mult = a over Q)"}}, "mult_det": 141, "mult_per4": 141, "mult_red_star": 141, "mult_red_pts": 141, "mult_red": 141, "star_eq_pts": true, "i_det": 0, "i_red": 0, "i_per4": 0, "D": 0, "refute": false, "halt": false, "ok": true, "secs": 66.1, "hwm_gb": 1.07, "certs": [["results/certs/s71/31_8_6_2_1_d12_hybrid_p2147483647.json.gz", 45857], ["results/certs/s71/31_8_6_2_1_d12_hybrid_p2147483629.json.gz", 45861]]}
