      level 1: 44 prefixes
      level 2: 540 prefixes
      level 3: 3207 prefixes
      level 4: 11561 prefixes
      level 5: 29838 prefixes
      level 6: 60775 prefixes
      level 7: 95425 prefixes
      level 8: 117579 prefixes
      level 9: 126140 prefixes
      level 10: 127985 prefixes
      level 11: 128121 prefixes
      level 12: 128121 prefixes
      level 13: 128121 prefixes
      level 14: 128121 prefixes
      level 15: 128121 prefixes
      level 16: 128121 prefixes
      level 17: 128121 prefixes
      level 18: 128121 prefixes
      level 19: 128121 prefixes
  lam=(53, 17, 3, 2, 1): N_S=128121 |Stab|=1 n_chi=128121 (orbits dropped: 0) [lean, 0s, HWM 0.10 GB]
    E_01: |H|=1 targets 106392 canonical rows 106392 nnz 638829 (obstructed fixed targets cancelled: 0) [1s, HWM 0.15 GB]
    E_12: |H|=1 targets 56737 canonical rows 56737 nnz 276545 (obstructed fixed targets cancelled: 0) [2s, HWM 0.15 GB]
    E_23: |H|=1 targets 82242 canonical rows 82242 nnz 209399 (obstructed fixed targets cancelled: 0) [3s, HWM 0.15 GB]
    E_34: |H|=1 targets 60548 canonical rows 60548 nnz 128121 (obstructed fixed targets cancelled: 0) [3s, HWM 0.15 GB]
  built (53, 17, 3, 2, 1) d19: N_S=128121 |Stab|=1 n_chi=128121 rows=305919 nnz=1252894 (4s: mono 1s orbits 0s rows 3s; HWM 0.15 GB)
  sieve (53, 17, 3, 2, 1) d19: cover(E) 127815/128121 by reversed (a=247, |U|=306, excess 59; {'natural': 123408, 'reversed': 127815, 'fill_asc': 108109, 'fill_desc': 103666, 'random': 88643}); cover(E_red) 105550/105815 (0.6s)
    hybrid[53_17_3_2_1d19] p=2147483629 attempt 0: |S|=127815 |U|=306 (a=247, excess 59) m=370 blocks 1x306 projected nullity 247, verified=True, rank 247 [split 0.3s trisolve 7.6s schur 5.4s null 0.2s lift 18.4s rank 3.1s]
    hybrid[53_17_3_2_1d19] p=2147483647 attempt 0: |S|=127815 |U|=306 (a=247, excess 59) m=370 blocks 1x306 projected nullity 247, verified=True, rank 247 [split 0.3s trisolve 7.3s schur 5.8s null 0.2s lift 19.9s rank 3.0s]
  RESULT (53, 17, 3, 2, 1) d19: a=247 n_chi=128121 |U|=306 mult_det=247 mult_per4=247 mult_red(star)=247 mult_red(pts)=247 i_det=0 i_red=0 i_per4=0 D=0  (212.9s, HWM 2.16 GB)
RESULT {"lam": [53, 17, 3, 2, 1], "delta": 19, "ell": 5, "a": 247, "K": 255, "N_S": 128121, "stab": 1, "n_chi": 128121, "nrows": 305919, "nnz": 1252894, "nfixed": 0, "build_secs": 4.0, "build_hwm_gb": 0.15, "route": "hybrid", "h_pad": 569, "seeds": {"det": 11, "red": 29, "per4": 47, "hybrid": 20260908}, "bound": 40, "primes": [2147483647, 2147483629], "n_red": 105815, "cover_E": {"size": 127815, "order": "reversed", "stats": {"natural": 123408, "reversed": 127815, "fill_asc": 108109, "fill_desc": 103666, "random": 88643}, "n_chi": 128121, "a": 247, "excess": 59, "certified_rank_lb": 127815}, "cover_Ered": {"size": 105550, "order": "reversed", "stats": {"natural": 102655, "reversed": 105550, "fill_asc": 91641, "fill_desc": 89020, "random": 75590}, "n_red": 105815, "certified": false}, "sieve_secs": 0.6, "pred_mem_x_bytes": 283029108, "primes_concurrent": true, "per_prime": {"2147483647": {"sides": {"det": {"mult": 247, "nullity": 0, "instrument": "hybrid kernel + det evaluation rows"}, "per4": {"mult": 247, "nullity": 0, "instrument": "hybrid kernel + per4 evaluation rows"}, "red_pts": {"mult": 247, "nullity": 0, "instrument": "hybrid kernel + red_pts evaluation rows"}, "red_star": {"mult": 247, "nullity": 0, "instrument": "hybrid kernel + (star)"}}, "hybrid": {"nS": 127815, "nU": 306, "excess": 59, "nnzT": 342966, "rows_other": 178104, "order": "reversed", "cover_stats": {"natural": 123408, "reversed": 127815, "fill_asc": 108109, "fill_desc": 103666, "random": 88643}, "ublock": 306, "nblocks": 1, "attempts": [{"attempt": 0, "m": 370, "nproj": 8, "projected_nullity": 247, "verified": true, "rank": 247, "secs": {"split": 0.3, "trisolve": 7.3, "schur": 5.8, "nullspace": 0.2, "lift_verify": 19.9, "rank": 3.0}}], "secs": 36.5}, "ev_secs": 105.1, "rank_secs": 64.9, "secs": 206.5, "hwm_gb": 2.16}, "2147483629": {"sides": {"det": {"mult": 247, "nullity": 0, "instrument": "hybrid kernel + det evaluation rows"}, "per4": {"mult": 247, "nullity": 0, "instrument": "hybrid kernel + per4 evaluation rows"}, "red_pts": {"mult": 247, "nullity": 0, "instrument": "hybrid kernel + red_pts evaluation rows"}, "red_star": {"mult": 247, "nullity": 0, "instrument": "hybrid kernel + (star)"}}, "hybrid": {"nS": 127815, "nU": 306, "excess": 59, "nnzT": 342966, "rows_other": 178104, "order": "reversed", "cover_stats": {"natural": 123408, "reversed": 127815, "fill_asc": 108109, "fill_desc": 103666, "random": 88643}, "ublock": 306, "nblocks": 1, "attempts": [{"attempt": 0, "m": 370, "nproj": 8, "projected_nullity": 247, "verified": true, "rank": 247, "secs": {"split": 0.3, "trisolve": 7.6, "schur": 5.4, "nullspace": 0.2, "lift_verify": 18.4, "rank": 3.1}}], "secs": 34.9}, "ev_secs": 105.9, "rank_secs": 67.4, "secs": 208.2, "hwm_gb": 2.16}}, "sides": {"det": {"mult": 247, "per_prime": {"2147483647": 247, "2147483629": 247}, "primes_agree": true, "instrument": "hybrid kernel + det evaluation rows", "status": "proved (full rank at both primes: mult = a over Q)"}, "per4": {"mult": 247, "per_prime": {"2147483647": 247, "2147483629": 247}, "primes_agree": true, "instrument": "hybrid kernel + per4 evaluation rows", "status": "proved (full rank at both primes: mult = a over Q)"}, "red_star": {"mult": 247, "per_prime": {"2147483647": 247, "2147483629": 247}, "primes_agree": true, "instrument": "hybrid kernel + (star)", "status": "proved (full rank at both primes: mult = a over Q)"}, "red_pts": {"mult": 247, "per_prime": {"2147483647": 247, "2147483629": 247}, "primes_agree": true, "instrument": "hybrid kernel + red_pts evaluation rows", "status": "proved (full rank at both primes: mult = a over Q)"}}, "mult_det": 247, "mult_per4": 247, "mult_red_star": 247, "mult_red_pts": 247, "mult_red": 247, "star_eq_pts": true, "i_det": 0, "i_red": 0, "i_per4": 0, "D": 0, "refute": false, "halt": false, "ok": true, "secs": 212.9, "hwm_gb": 2.16, "certs": [["results/certs/s71/53_17_3_2_1_d19_hybrid_p2147483647.json.gz", 76173], ["results/certs/s71/53_17_3_2_1_d19_hybrid_p2147483629.json.gz", 76177]]}
