      level 1: 35 prefixes
      level 2: 437 prefixes
      level 3: 2862 prefixes
      level 4: 12205 prefixes
      level 5: 31367 prefixes
      level 6: 47406 prefixes
      level 7: 52721 prefixes
      level 8: 53382 prefixes
      level 9: 53399 prefixes
      level 10: 53399 prefixes
      level 11: 53399 prefixes
      level 12: 53399 prefixes
  lam=(30, 10, 6, 1, 1): N_S=53399 |Stab|=2 n_chi=20229 (orbits dropped: 12941) [lean, 0s, HWM 0.08 GB]
    E_01: |H|=2 targets 38739 canonical rows 14613 nnz 81978 (obstructed fixed targets cancelled: 3547) [0s, HWM 0.08 GB]
    E_12: |H|=2 targets 40397 canonical rows 15231 nnz 64682 (obstructed fixed targets cancelled: 2114) [0s, HWM 0.08 GB]
    E_23: |H|=1 targets 15852 canonical rows 15788 nnz 40458 (obstructed fixed targets cancelled: 0) [1s, HWM 0.08 GB]
    E_34: |H|=1 targets 33170 canonical rows 0 nnz 0 (obstructed fixed targets cancelled: 0) [1s, HWM 0.08 GB]
  built (30, 10, 6, 1, 1) d12: N_S=53399 |Stab|=2 n_chi=20229 rows=45632 nnz=187118 (1s: mono 0s orbits 0s rows 1s; HWM 0.08 GB)
  sieve (30, 10, 6, 1, 1) d12: cover(E) 20093/20229 by reversed (a=82, |U|=136, excess 54; {'natural': 18727, 'reversed': 20093, 'fill_asc': 15513, 'fill_desc': 15591, 'random': 12678}); cover(E_red) 15961/16081 (0.1s)
    hybrid[30_10_6_1_1d12] p=2147483629 attempt 0: |S|=20093 |U|=136 (a=82, excess 54) m=200 projected nullity 82, verified=True, rank 82 [split 0.0s trisolve 0.1s schur 0.2s null 0.0s lift 0.4s]
    hybrid[30_10_6_1_1d12] p=2147483647 attempt 0: |S|=20093 |U|=136 (a=82, excess 54) m=200 projected nullity 82, verified=True, rank 82 [split 0.0s trisolve 0.1s schur 0.2s null 0.0s lift 0.4s]
  RESULT (30, 10, 6, 1, 1) d12: a=82 n_chi=20229 |U|=136 mult_det=82 mult_per4=82 mult_red(star)=82 mult_red(pts)=82 i_det=0 i_red=0 i_per4=0 D=0  (6.2s, HWM 0.21 GB)
RESULT {"lam": [30, 10, 6, 1, 1], "delta": 12, "ell": 5, "a": 82, "K": 90, "N_S": 53399, "stab": 2, "n_chi": 20229, "nrows": 45632, "nnz": 187118, "nfixed": 5661, "build_secs": 0.9, "build_hwm_gb": 0.08, "route": "hybrid", "h_pad": 182, "seeds": {"det": 11, "red": 29, "per4": 47, "hybrid": 20260908}, "bound": 40, "primes": [2147483647, 2147483629], "n_red": 16081, "cover_E": {"size": 20093, "order": "reversed", "stats": {"natural": 18727, "reversed": 20093, "fill_asc": 15513, "fill_desc": 15591, "random": 12678}, "n_chi": 20229, "a": 82, "excess": 54, "certified_rank_lb": 20093}, "cover_Ered": {"size": 15961, "order": "reversed", "stats": {"natural": 15216, "reversed": 15961, "fill_asc": 12957, "fill_desc": 12974, "random": 10599}, "n_red": 16081, "certified": false}, "sieve_secs": 0.1, "pred_mem_x_bytes": 10930592, "primes_concurrent": true, "per_prime": {"2147483647": {"sides": {"det": {"mult": 82, "nullity": 0, "instrument": "hybrid kernel + det evaluation rows"}, "per4": {"mult": 82, "nullity": 0, "instrument": "hybrid kernel + per4 evaluation rows"}, "red_pts": {"mult": 82, "nullity": 0, "instrument": "hybrid kernel + red_pts evaluation rows"}, "red_star": {"mult": 82, "nullity": 0, "instrument": "hybrid kernel + (star)"}}, "hybrid": {"nS": 20093, "nU": 136, "excess": 54, "nnzT": 66879, "rows_other": 25539, "order": "reversed", "cover_stats": {"natural": 18727, "reversed": 20093, "fill_asc": 15513, "fill_desc": 15591, "random": 12678}, "attempts": [{"attempt": 0, "m": 200, "nproj": 8, "projected_nullity": 82, "verified": true, "rank": 82, "secs": {"split": 0.0, "trisolve": 0.1, "schur": 0.2, "nullspace": 0.0, "lift_verify": 0.4}}], "secs": 0.7}, "ev_secs": 3.3, "rank_secs": 1.1, "secs": 5.1, "hwm_gb": 0.21}, "2147483629": {"sides": {"det": {"mult": 82, "nullity": 0, "instrument": "hybrid kernel + det evaluation rows"}, "per4": {"mult": 82, "nullity": 0, "instrument": "hybrid kernel + per4 evaluation rows"}, "red_pts": {"mult": 82, "nullity": 0, "instrument": "hybrid kernel + red_pts evaluation rows"}, "red_star": {"mult": 82, "nullity": 0, "instrument": "hybrid kernel + (star)"}}, "hybrid": {"nS": 20093, "nU": 136, "excess": 54, "nnzT": 66879, "rows_other": 25539, "order": "reversed", "cover_stats": {"natural": 18727, "reversed": 20093, "fill_asc": 15513, "fill_desc": 15591, "random": 12678}, "attempts": [{"attempt": 0, "m": 200, "nproj": 8, "projected_nullity": 82, "verified": true, "rank": 82, "secs": {"split": 0.0, "trisolve": 0.1, "schur": 0.2, "nullspace": 0.0, "lift_verify": 0.4}}], "secs": 0.7}, "ev_secs": 3.3, "rank_secs": 1.1, "secs": 5.1, "hwm_gb": 0.21}}, "sides": {"det": {"mult": 82, "per_prime": {"2147483647": 82, "2147483629": 82}, "primes_agree": true, "instrument": "hybrid kernel + det evaluation rows", "status": "proved (full rank at both primes: mult = a over Q)"}, "per4": {"mult": 82, "per_prime": {"2147483647": 82, "2147483629": 82}, "primes_agree": true, "instrument": "hybrid kernel + per4 evaluation rows", "status": "proved (full rank at both primes: mult = a over Q)"}, "red_star": {"mult": 82, "per_prime": {"2147483647": 82, "2147483629": 82}, "primes_agree": true, "instrument": "hybrid kernel + (star)", "status": "proved (full rank at both primes: mult = a over Q)"}, "red_pts": {"mult": 82, "per_prime": {"2147483647": 82, "2147483629": 82}, "primes_agree": true, "instrument": "hybrid kernel + red_pts evaluation rows", "status": "proved (full rank at both primes: mult = a over Q)"}}, "mult_det": 82, "mult_per4": 82, "mult_red_star": 82, "mult_red_pts": 82, "mult_red": 82, "star_eq_pts": true, "i_det": 0, "i_red": 0, "i_per4": 0, "D": 0, "refute": false, "halt": false, "ok": true, "secs": 6.2, "hwm_gb": 0.21, "certs": [["results/certs/s71/30_10_6_1_1_d12_hybrid_p2147483647.json.gz", 29435], ["results/certs/s71/30_10_6_1_1_d12_hybrid_p2147483629.json.gz", 29433]]}
