      level 1: 44 prefixes
      level 2: 540 prefixes
      level 3: 3184 prefixes
      level 4: 10034 prefixes
      level 5: 16291 prefixes
      level 6: 18071 prefixes
      level 7: 18207 prefixes
      level 8: 18207 prefixes
      level 9: 18207 prefixes
      level 10: 18207 prefixes
      level 11: 18207 prefixes
  lam=(29, 9, 3, 2, 1): N_S=18207 |Stab|=1 n_chi=18207 (orbits dropped: 0) [lean, 0s, HWM 0.07 GB]
    E_01: |H|=1 targets 12995 canonical rows 12995 nnz 70158 (obstructed fixed targets cancelled: 0) [0s, HWM 0.07 GB]
    E_12: |H|=1 targets 9884 canonical rows 9884 nnz 38802 (obstructed fixed targets cancelled: 0) [0s, HWM 0.07 GB]
    E_23: |H|=1 targets 11789 canonical rows 11789 nnz 29504 (obstructed fixed targets cancelled: 0) [0s, HWM 0.07 GB]
    E_34: |H|=1 targets 8726 canonical rows 8726 nnz 18207 (obstructed fixed targets cancelled: 0) [0s, HWM 0.07 GB]
  built (29, 9, 3, 2, 1) d11: N_S=18207 |Stab|=1 n_chi=18207 rows=43394 nnz=156671 (0s: mono 0s orbits 0s rows 0s; HWM 0.07 GB)
  sieve (29, 9, 3, 2, 1) d11: cover(E) 18156/18207 by reversed (a=37, |U|=51, excess 14; {'natural': 17612, 'reversed': 18156, 'fill_asc': 15497, 'fill_desc': 14869, 'random': 12952}); cover(E_red) 12504/12539 (0.1s)
    hybrid[29_9_3_2_1d11] p=2147483647 attempt 0: |S|=18156 |U|=51 (a=37, excess 14) m=115 projected nullity 37, verified=True, rank 37 [split 0.0s trisolve 0.0s schur 0.1s null 0.0s lift 0.1s]
    hybrid[29_9_3_2_1d11] p=2147483629 attempt 0: |S|=18156 |U|=51 (a=37, excess 14) m=115 projected nullity 37, verified=True, rank 37 [split 0.0s trisolve 0.0s schur 0.1s null 0.0s lift 0.1s]
  RESULT (29, 9, 3, 2, 1) d11: a=37 n_chi=18207 |U|=51 mult_det=37 mult_per4=37 mult_red(star)=37 mult_red(pts)=37 i_det=0 i_red=0 i_per4=0 D=0  (2.1s, HWM 0.12 GB)
RESULT {"lam": [29, 9, 3, 2, 1], "delta": 11, "ell": 5, "a": 37, "K": 45, "N_S": 18207, "stab": 1, "n_chi": 18207, "nrows": 43394, "nnz": 156671, "nfixed": 0, "build_secs": 0.3, "build_hwm_gb": 0.07, "route": "hybrid", "h_pad": 116, "seeds": {"det": 11, "red": 29, "per4": 47, "hybrid": 20260908}, "bound": 40, "primes": [2147483647, 2147483629], "n_red": 12539, "cover_E": {"size": 18156, "order": "reversed", "stats": {"natural": 17612, "reversed": 18156, "fill_asc": 15497, "fill_desc": 14869, "random": 12952}, "n_chi": 18207, "a": 37, "excess": 14, "certified_rank_lb": 18156}, "cover_Ered": {"size": 12504, "order": "reversed", "stats": {"natural": 12318, "reversed": 12504, "fill_asc": 11240, "fill_desc": 11065, "random": 9702}, "n_red": 12539, "certified": false}, "sieve_secs": 0.1, "pred_mem_x_bytes": 3703824, "primes_concurrent": true, "per_prime": {"2147483647": {"sides": {"det": {"mult": 37, "nullity": 0, "instrument": "hybrid kernel + det evaluation rows"}, "per4": {"mult": 37, "nullity": 0, "instrument": "hybrid kernel + per4 evaluation rows"}, "red_pts": {"mult": 37, "nullity": 0, "instrument": "hybrid kernel + red_pts evaluation rows"}, "red_star": {"mult": 37, "nullity": 0, "instrument": "hybrid kernel + (star)"}}, "hybrid": {"nS": 18156, "nU": 51, "excess": 14, "nnzT": 45069, "rows_other": 25238, "order": "reversed", "cover_stats": {"natural": 17612, "reversed": 18156, "fill_asc": 15497, "fill_desc": 14869, "random": 12952}, "attempts": [{"attempt": 0, "m": 115, "nproj": 8, "projected_nullity": 37, "verified": true, "rank": 37, "secs": {"split": 0.0, "trisolve": 0.0, "schur": 0.1, "nullspace": 0.0, "lift_verify": 0.1}}], "secs": 0.3}, "ev_secs": 0.9, "rank_secs": 0.4, "secs": 1.6, "hwm_gb": 0.12}, "2147483629": {"sides": {"det": {"mult": 37, "nullity": 0, "instrument": "hybrid kernel + det evaluation rows"}, "per4": {"mult": 37, "nullity": 0, "instrument": "hybrid kernel + per4 evaluation rows"}, "red_pts": {"mult": 37, "nullity": 0, "instrument": "hybrid kernel + red_pts evaluation rows"}, "red_star": {"mult": 37, "nullity": 0, "instrument": "hybrid kernel + (star)"}}, "hybrid": {"nS": 18156, "nU": 51, "excess": 14, "nnzT": 45069, "rows_other": 25238, "order": "reversed", "cover_stats": {"natural": 17612, "reversed": 18156, "fill_asc": 15497, "fill_desc": 14869, "random": 12952}, "attempts": [{"attempt": 0, "m": 115, "nproj": 8, "projected_nullity": 37, "verified": true, "rank": 37, "secs": {"split": 0.0, "trisolve": 0.0, "schur": 0.1, "nullspace": 0.0, "lift_verify": 0.1}}], "secs": 0.3}, "ev_secs": 1.0, "rank_secs": 0.4, "secs": 1.7, "hwm_gb": 0.12}}, "sides": {"det": {"mult": 37, "per_prime": {"2147483647": 37, "2147483629": 37}, "primes_agree": true, "instrument": "hybrid kernel + det evaluation rows", "status": "proved (full rank at both primes: mult = a over Q)"}, "per4": {"mult": 37, "per_prime": {"2147483647": 37, "2147483629": 37}, "primes_agree": true, "instrument": "hybrid kernel + per4 evaluation rows", "status": "proved (full rank at both primes: mult = a over Q)"}, "red_star": {"mult": 37, "per_prime": {"2147483647": 37, "2147483629": 37}, "primes_agree": true, "instrument": "hybrid kernel + (star)", "status": "proved (full rank at both primes: mult = a over Q)"}, "red_pts": {"mult": 37, "per_prime": {"2147483647": 37, "2147483629": 37}, "primes_agree": true, "instrument": "hybrid kernel + red_pts evaluation rows", "status": "proved (full rank at both primes: mult = a over Q)"}}, "mult_det": 37, "mult_per4": 37, "mult_red_star": 37, "mult_red_pts": 37, "mult_red": 37, "star_eq_pts": true, "i_det": 0, "i_red": 0, "i_per4": 0, "D": 0, "refute": false, "halt": false, "ok": true, "secs": 2.1, "hwm_gb": 0.12, "certs": [["results/certs/s71/29_9_3_2_1_d11_hybrid_p2147483647.json.gz", 15829], ["results/certs/s71/29_9_3_2_1_d11_hybrid_p2147483629.json.gz", 15829]]}
