      level 1: 54 prefixes
      level 2: 1002 prefixes
      level 3: 8037 prefixes
      level 4: 25520 prefixes
      level 5: 36842 prefixes
      level 6: 38621 prefixes
      level 7: 38665 prefixes
      level 8: 38665 prefixes
      level 9: 38665 prefixes
      level 10: 38665 prefixes
  lam=(26, 6, 4, 2, 2): N_S=38665 |Stab|=2 n_chi=21151 (orbits dropped: 0) [lean, 0s, HWM 0.07 GB]
    E_01: |H|=2 targets 22838 canonical rows 12537 nnz 67270 (obstructed fixed targets cancelled: 0) [0s, HWM 0.07 GB]
    E_12: |H|=2 targets 28512 canonical rows 15612 nnz 53509 (obstructed fixed targets cancelled: 0) [0s, HWM 0.07 GB]
    E_23: |H|=1 targets 21765 canonical rows 21765 nnz 63244 (obstructed fixed targets cancelled: 0) [0s, HWM 0.07 GB]
    E_34: |H|=1 targets 29318 canonical rows 29318 nnz 55210 (obstructed fixed targets cancelled: 0) [0s, HWM 0.08 GB]
  built (26, 6, 4, 2, 2) d10: N_S=38665 |Stab|=2 n_chi=21151 rows=79232 nnz=239233 (1s: mono 0s orbits 0s rows 0s; HWM 0.08 GB)
  sieve (26, 6, 4, 2, 2) d10: cover(E) 21094/21151 by reversed (a=31, |U|=57, excess 26; {'natural': 20666, 'reversed': 21094, 'fill_asc': 18852, 'fill_desc': 18728, 'random': 16190}); cover(E_red) 13817/13846 (0.1s)
    hybrid[26_6_4_2_2d10] p=2147483647 attempt 0: |S|=21094 |U|=57 (a=31, excess 26) m=121 projected nullity 31, verified=True, rank 31 [split 0.0s trisolve 0.0s schur 0.1s null 0.0s lift 0.2s]
    hybrid[26_6_4_2_2d10] p=2147483629 attempt 0: |S|=21094 |U|=57 (a=31, excess 26) m=121 projected nullity 31, verified=True, rank 31 [split 0.0s trisolve 0.0s schur 0.1s null 0.0s lift 0.2s]
  RESULT (26, 6, 4, 2, 2) d10: a=31 n_chi=21151 |U|=57 mult_det=31 mult_per4=31 mult_red(star)=31 mult_red(pts)=31 i_det=0 i_red=0 i_per4=0 D=0  (2.9s, HWM 0.13 GB)
RESULT {"lam": [26, 6, 4, 2, 2], "delta": 10, "ell": 5, "a": 31, "K": 39, "N_S": 38665, "stab": 2, "n_chi": 21151, "nrows": 79232, "nnz": 239233, "nfixed": 0, "build_secs": 0.6, "build_hwm_gb": 0.08, "route": "hybrid", "h_pad": 91, "seeds": {"det": 11, "red": 29, "per4": 47, "hybrid": 20260908}, "bound": 40, "primes": [2147483647, 2147483629], "n_red": 13846, "cover_E": {"size": 21094, "order": "reversed", "stats": {"natural": 20666, "reversed": 21094, "fill_asc": 18852, "fill_desc": 18728, "random": 16190}, "n_chi": 21151, "a": 31, "excess": 26, "certified_rank_lb": 21094}, "cover_Ered": {"size": 13817, "order": "reversed", "stats": {"natural": 13736, "reversed": 13817, "fill_asc": 12914, "fill_desc": 12788, "random": 11291}, "n_red": 13846, "certified": false}, "sieve_secs": 0.1, "pred_mem_x_bytes": 4809432, "primes_concurrent": true, "per_prime": {"2147483647": {"sides": {"det": {"mult": 31, "nullity": 0, "instrument": "hybrid kernel + det evaluation rows"}, "per4": {"mult": 31, "nullity": 0, "instrument": "hybrid kernel + per4 evaluation rows"}, "red_pts": {"mult": 31, "nullity": 0, "instrument": "hybrid kernel + red_pts evaluation rows"}, "red_star": {"mult": 31, "nullity": 0, "instrument": "hybrid kernel + (star)"}}, "hybrid": {"nS": 21094, "nU": 57, "excess": 26, "nnzT": 48125, "rows_other": 58138, "order": "reversed", "cover_stats": {"natural": 20666, "reversed": 21094, "fill_asc": 18852, "fill_desc": 18728, "random": 16190}, "attempts": [{"attempt": 0, "m": 121, "nproj": 8, "projected_nullity": 31, "verified": true, "rank": 31, "secs": {"split": 0.0, "trisolve": 0.0, "schur": 0.1, "nullspace": 0.0, "lift_verify": 0.2}}], "secs": 0.4}, "ev_secs": 1.2, "rank_secs": 0.4, "secs": 2.0, "hwm_gb": 0.13}, "2147483629": {"sides": {"det": {"mult": 31, "nullity": 0, "instrument": "hybrid kernel + det evaluation rows"}, "per4": {"mult": 31, "nullity": 0, "instrument": "hybrid kernel + per4 evaluation rows"}, "red_pts": {"mult": 31, "nullity": 0, "instrument": "hybrid kernel + red_pts evaluation rows"}, "red_star": {"mult": 31, "nullity": 0, "instrument": "hybrid kernel + (star)"}}, "hybrid": {"nS": 21094, "nU": 57, "excess": 26, "nnzT": 48125, "rows_other": 58138, "order": "reversed", "cover_stats": {"natural": 20666, "reversed": 21094, "fill_asc": 18852, "fill_desc": 18728, "random": 16190}, "attempts": [{"attempt": 0, "m": 121, "nproj": 8, "projected_nullity": 31, "verified": true, "rank": 31, "secs": {"split": 0.0, "trisolve": 0.0, "schur": 0.1, "nullspace": 0.0, "lift_verify": 0.2}}], "secs": 0.4}, "ev_secs": 1.3, "rank_secs": 0.4, "secs": 2.0, "hwm_gb": 0.13}}, "sides": {"det": {"mult": 31, "per_prime": {"2147483647": 31, "2147483629": 31}, "primes_agree": true, "instrument": "hybrid kernel + det evaluation rows", "status": "proved (full rank at both primes: mult = a over Q)"}, "per4": {"mult": 31, "per_prime": {"2147483647": 31, "2147483629": 31}, "primes_agree": true, "instrument": "hybrid kernel + per4 evaluation rows", "status": "proved (full rank at both primes: mult = a over Q)"}, "red_star": {"mult": 31, "per_prime": {"2147483647": 31, "2147483629": 31}, "primes_agree": true, "instrument": "hybrid kernel + (star)", "status": "proved (full rank at both primes: mult = a over Q)"}, "red_pts": {"mult": 31, "per_prime": {"2147483647": 31, "2147483629": 31}, "primes_agree": true, "instrument": "hybrid kernel + red_pts evaluation rows", "status": "proved (full rank at both primes: mult = a over Q)"}}, "mult_det": 31, "mult_per4": 31, "mult_red_star": 31, "mult_red_pts": 31, "mult_red": 31, "star_eq_pts": true, "i_det": 0, "i_red": 0, "i_per4": 0, "D": 0, "refute": false, "halt": false, "ok": true, "secs": 2.9, "hwm_gb": 0.13, "certs": [["results/certs/s71/26_6_4_2_2_d10_hybrid_p2147483647.json.gz", 13984], ["results/certs/s71/26_6_4_2_2_d10_hybrid_p2147483629.json.gz", 13984]]}
