      level 1: 44 prefixes
      level 2: 540 prefixes
      level 3: 3207 prefixes
      level 4: 11560 prefixes
      level 5: 29596 prefixes
      level 6: 55900 prefixes
      level 7: 76465 prefixes
      level 8: 84971 prefixes
      level 9: 86816 prefixes
      level 10: 86952 prefixes
      level 11: 86952 prefixes
      level 12: 86952 prefixes
      level 13: 86952 prefixes
      level 14: 86952 prefixes
      level 15: 86952 prefixes
      level 16: 86952 prefixes
      level 17: 86952 prefixes
  lam=(47, 15, 3, 2, 1): N_S=86952 |Stab|=1 n_chi=86952 (orbits dropped: 0) [lean, 0s, HWM 0.09 GB]
    E_01: |H|=1 targets 70457 canonical rows 70457 nnz 415632 (obstructed fixed targets cancelled: 0) [1s, HWM 0.11 GB]
    E_12: |H|=1 targets 39861 canonical rows 39861 nnz 187371 (obstructed fixed targets cancelled: 0) [1s, HWM 0.11 GB]
    E_23: |H|=1 targets 55877 canonical rows 55877 nnz 141947 (obstructed fixed targets cancelled: 0) [2s, HWM 0.11 GB]
    E_34: |H|=1 targets 41171 canonical rows 41171 nnz 86952 (obstructed fixed targets cancelled: 0) [2s, HWM 0.11 GB]
  built (47, 15, 3, 2, 1) d17: N_S=86952 |Stab|=1 n_chi=86952 rows=207366 nnz=831902 (2s: mono 0s orbits 0s rows 2s; HWM 0.11 GB)
  sieve (47, 15, 3, 2, 1) d17: cover(E) 86731/86952 by reversed (a=176, |U|=221, excess 45; {'natural': 83820, 'reversed': 86731, 'fill_asc': 73453, 'fill_desc': 70438, 'random': 60475}); cover(E_red) 69655/69842 (0.4s)
    hybrid[47_15_3_2_1d17] p=2147483629 attempt 0: |S|=86731 |U|=221 (a=176, excess 45) m=285 blocks 1x221 projected nullity 176, verified=True, rank 176 [split 0.2s trisolve 4.2s schur 2.5s null 0.1s lift 7.3s rank 1.1s]
    hybrid[47_15_3_2_1d17] p=2147483647 attempt 0: |S|=86731 |U|=221 (a=176, excess 45) m=285 blocks 1x221 projected nullity 176, verified=True, rank 176 [split 0.2s trisolve 4.3s schur 2.6s null 0.1s lift 7.3s rank 1.3s]
  RESULT (47, 15, 3, 2, 1) d17: a=176 n_chi=86952 |U|=221 mult_det=176 mult_per4=176 mult_red(star)=176 mult_red(pts)=176 i_det=0 i_red=0 i_per4=0 D=0  (85.9s, HWM 1.18 GB)
RESULT {"lam": [47, 15, 3, 2, 1], "delta": 17, "ell": 5, "a": 176, "K": 184, "N_S": 86952, "stab": 1, "n_chi": 86952, "nrows": 207366, "nnz": 831902, "nfixed": 0, "build_secs": 2.3, "build_hwm_gb": 0.11, "route": "hybrid", "h_pad": 423, "seeds": {"det": 11, "red": 29, "per4": 47, "hybrid": 20260908}, "bound": 40, "primes": [2147483647, 2147483629], "n_red": 69842, "cover_E": {"size": 86731, "order": "reversed", "stats": {"natural": 83820, "reversed": 86731, "fill_asc": 73453, "fill_desc": 70438, "random": 60475}, "n_chi": 86952, "a": 176, "excess": 45, "certified_rank_lb": 86731}, "cover_Ered": {"size": 69655, "order": "reversed", "stats": {"natural": 67892, "reversed": 69655, "fill_asc": 60782, "fill_desc": 59180, "random": 50468}, "n_red": 69842, "certified": false}, "sieve_secs": 0.4, "pred_mem_x_bytes": 137884412, "primes_concurrent": true, "per_prime": {"2147483647": {"sides": {"det": {"mult": 176, "nullity": 0, "instrument": "hybrid kernel + det evaluation rows"}, "per4": {"mult": 176, "nullity": 0, "instrument": "hybrid kernel + per4 evaluation rows"}, "red_pts": {"mult": 176, "nullity": 0, "instrument": "hybrid kernel + red_pts evaluation rows"}, "red_star": {"mult": 176, "nullity": 0, "instrument": "hybrid kernel + (star)"}}, "hybrid": {"nS": 86731, "nU": 221, "excess": 45, "nnzT": 229753, "rows_other": 120635, "order": "reversed", "cover_stats": {"natural": 83820, "reversed": 86731, "fill_asc": 73453, "fill_desc": 70438, "random": 60475}, "ublock": 221, "nblocks": 1, "attempts": [{"attempt": 0, "m": 285, "nproj": 8, "projected_nullity": 176, "verified": true, "rank": 176, "secs": {"split": 0.2, "trisolve": 4.3, "schur": 2.6, "nullspace": 0.1, "lift_verify": 7.3, "rank": 1.3}}], "secs": 15.7}, "ev_secs": 43.6, "rank_secs": 23.7, "secs": 83.0, "hwm_gb": 1.18}, "2147483629": {"sides": {"det": {"mult": 176, "nullity": 0, "instrument": "hybrid kernel + det evaluation rows"}, "per4": {"mult": 176, "nullity": 0, "instrument": "hybrid kernel + per4 evaluation rows"}, "red_pts": {"mult": 176, "nullity": 0, "instrument": "hybrid kernel + red_pts evaluation rows"}, "red_star": {"mult": 176, "nullity": 0, "instrument": "hybrid kernel + (star)"}}, "hybrid": {"nS": 86731, "nU": 221, "excess": 45, "nnzT": 229753, "rows_other": 120635, "order": "reversed", "cover_stats": {"natural": 83820, "reversed": 86731, "fill_asc": 73453, "fill_desc": 70438, "random": 60475}, "ublock": 221, "nblocks": 1, "attempts": [{"attempt": 0, "m": 285, "nproj": 8, "projected_nullity": 176, "verified": true, "rank": 176, "secs": {"split": 0.2, "trisolve": 4.2, "schur": 2.5, "nullspace": 0.1, "lift_verify": 7.3, "rank": 1.1}}], "secs": 15.3}, "ev_secs": 43.5, "rank_secs": 24.1, "secs": 83.0, "hwm_gb": 1.18}}, "sides": {"det": {"mult": 176, "per_prime": {"2147483647": 176, "2147483629": 176}, "primes_agree": true, "instrument": "hybrid kernel + det evaluation rows", "status": "proved (full rank at both primes: mult = a over Q)"}, "per4": {"mult": 176, "per_prime": {"2147483647": 176, "2147483629": 176}, "primes_agree": true, "instrument": "hybrid kernel + per4 evaluation rows", "status": "proved (full rank at both primes: mult = a over Q)"}, "red_star": {"mult": 176, "per_prime": {"2147483647": 176, "2147483629": 176}, "primes_agree": true, "instrument": "hybrid kernel + (star)", "status": "proved (full rank at both primes: mult = a over Q)"}, "red_pts": {"mult": 176, "per_prime": {"2147483647": 176, "2147483629": 176}, "primes_agree": true, "instrument": "hybrid kernel + red_pts evaluation rows", "status": "proved (full rank at both primes: mult = a over Q)"}}, "mult_det": 176, "mult_per4": 176, "mult_red_star": 176, "mult_red_pts": 176, "mult_red": 176, "star_eq_pts": true, "i_det": 0, "i_red": 0, "i_per4": 0, "D": 0, "refute": false, "halt": false, "ok": true, "secs": 85.9, "hwm_gb": 1.18, "certs": [["results/certs/s71/47_15_3_2_1_d17_hybrid_p2147483647.json.gz", 56263], ["results/certs/s71/47_15_3_2_1_d17_hybrid_p2147483629.json.gz", 56261]]}
