      level 1: 50 prefixes
      level 2: 689 prefixes
      level 3: 4232 prefixes
      level 4: 15204 prefixes
      level 5: 37183 prefixes
      level 6: 60316 prefixes
      level 7: 71311 prefixes
      level 8: 73750 prefixes
      level 9: 73931 prefixes
      level 10: 73931 prefixes
      level 11: 73931 prefixes
      level 12: 73931 prefixes
      level 13: 73931 prefixes
      level 14: 73931 prefixes
      level 15: 73931 prefixes
      level 16: 73931 prefixes
  lam=(45, 13, 2, 2, 2): N_S=73931 |Stab|=6 n_chi=16065 (orbits dropped: 0) [lean, 0s, HWM 0.09 GB]
    E_01: |H|=6 targets 57924 canonical rows 12660 nnz 68989 (obstructed fixed targets cancelled: 0) [1s, HWM 0.09 GB]
    E_12: |H|=2 targets 26896 canonical rows 14904 nnz 65244 (obstructed fixed targets cancelled: 0) [1s, HWM 0.09 GB]
    E_23: |H|=1 targets 56081 canonical rows 56081 nnz 105144 (obstructed fixed targets cancelled: 0) [1s, HWM 0.09 GB]
    E_34: |H|=1 targets 56081 canonical rows 56081 nnz 105144 (obstructed fixed targets cancelled: 0) [2s, HWM 0.09 GB]
  built (45, 13, 2, 2, 2) d16: N_S=73931 |Stab|=6 n_chi=16065 rows=139726 nnz=344521 (2s: mono 0s orbits 0s rows 2s; HWM 0.09 GB)
  sieve (45, 13, 2, 2, 2) d16: cover(E) 16003/16065 by reversed (a=62, |U|=62, excess 0; {'natural': 15184, 'reversed': 16003, 'fill_asc': 14330, 'fill_desc': 13315, 'random': 13168}); cover(E_red) 12133/12172 (0.2s)
    hybrid[45_13_2_2_2d16] p=2147483647 attempt 0: |S|=16003 |U|=62 (a=62, excess 0) m=126 projected nullity 62, verified=True, rank 62 [split 0.0s trisolve 0.0s schur 0.2s null 0.0s lift 0.6s]
    hybrid[45_13_2_2_2d16] p=2147483629 attempt 0: |S|=16003 |U|=62 (a=62, excess 0) m=126 projected nullity 62, verified=True, rank 62 [split 0.0s trisolve 0.0s schur 0.2s null 0.0s lift 0.8s]
  RESULT (45, 13, 2, 2, 2) d16: a=62 n_chi=16065 |U|=62 mult_det=62 mult_per4=62 mult_red(star)=62 mult_red(pts)=62 i_det=0 i_red=0 i_per4=0 D=0  (9.7s, HWM 0.17 GB)
RESULT {"lam": [45, 13, 2, 2, 2], "delta": 16, "ell": 5, "a": 62, "K": 70, "N_S": 73931, "stab": 6, "n_chi": 16065, "nrows": 139726, "nnz": 344521, "nfixed": 0, "build_secs": 2.1, "build_hwm_gb": 0.09, "route": "hybrid", "h_pad": 165, "seeds": {"det": 11, "red": 29, "per4": 47, "hybrid": 20260908}, "bound": 40, "primes": [2147483647, 2147483629], "n_red": 12172, "cover_E": {"size": 16003, "order": "reversed", "stats": {"natural": 15184, "reversed": 16003, "fill_asc": 14330, "fill_desc": 13315, "random": 13168}, "n_chi": 16065, "a": 62, "excess": 0, "certified_rank_lb": 16003}, "cover_Ered": {"size": 12133, "order": "reversed", "stats": {"natural": 11637, "reversed": 12133, "fill_asc": 11080, "fill_desc": 10644, "random": 10285}, "n_red": 12172, "certified": false}, "sieve_secs": 0.2, "pred_mem_x_bytes": 3968744, "primes_concurrent": true, "per_prime": {"2147483647": {"sides": {"det": {"mult": 62, "nullity": 0, "instrument": "hybrid kernel + det evaluation rows"}, "per4": {"mult": 62, "nullity": 0, "instrument": "hybrid kernel + per4 evaluation rows"}, "red_pts": {"mult": 62, "nullity": 0, "instrument": "hybrid kernel + red_pts evaluation rows"}, "red_star": {"mult": 62, "nullity": 0, "instrument": "hybrid kernel + (star)"}}, "hybrid": {"nS": 16003, "nU": 62, "excess": 0, "nnzT": 30756, "rows_other": 123723, "order": "reversed", "cover_stats": {"natural": 15184, "reversed": 16003, "fill_asc": 14330, "fill_desc": 13315, "random": 13168}, "attempts": [{"attempt": 0, "m": 126, "nproj": 8, "projected_nullity": 62, "verified": true, "rank": 62, "secs": {"split": 0.0, "trisolve": 0.0, "schur": 0.2, "nullspace": 0.0, "lift_verify": 0.6}}], "secs": 0.9}, "ev_secs": 5.1, "rank_secs": 0.5, "secs": 6.4, "hwm_gb": 0.17}, "2147483629": {"sides": {"det": {"mult": 62, "nullity": 0, "instrument": "hybrid kernel + det evaluation rows"}, "per4": {"mult": 62, "nullity": 0, "instrument": "hybrid kernel + per4 evaluation rows"}, "red_pts": {"mult": 62, "nullity": 0, "instrument": "hybrid kernel + red_pts evaluation rows"}, "red_star": {"mult": 62, "nullity": 0, "instrument": "hybrid kernel + (star)"}}, "hybrid": {"nS": 16003, "nU": 62, "excess": 0, "nnzT": 30756, "rows_other": 123723, "order": "reversed", "cover_stats": {"natural": 15184, "reversed": 16003, "fill_asc": 14330, "fill_desc": 13315, "random": 13168}, "attempts": [{"attempt": 0, "m": 126, "nproj": 8, "projected_nullity": 62, "verified": true, "rank": 62, "secs": {"split": 0.0, "trisolve": 0.0, "schur": 0.2, "nullspace": 0.0, "lift_verify": 0.8}}], "secs": 1.1}, "ev_secs": 5.7, "rank_secs": 0.5, "secs": 7.2, "hwm_gb": 0.17}}, "sides": {"det": {"mult": 62, "per_prime": {"2147483647": 62, "2147483629": 62}, "primes_agree": true, "instrument": "hybrid kernel + det evaluation rows", "status": "proved (full rank at both primes: mult = a over Q)"}, "per4": {"mult": 62, "per_prime": {"2147483647": 62, "2147483629": 62}, "primes_agree": true, "instrument": "hybrid kernel + per4 evaluation rows", "status": "proved (full rank at both primes: mult = a over Q)"}, "red_star": {"mult": 62, "per_prime": {"2147483647": 62, "2147483629": 62}, "primes_agree": true, "instrument": "hybrid kernel + (star)", "status": "proved (full rank at both primes: mult = a over Q)"}, "red_pts": {"mult": 62, "per_prime": {"2147483647": 62, "2147483629": 62}, "primes_agree": true, "instrument": "hybrid kernel + red_pts evaluation rows", "status": "proved (full rank at both primes: mult = a over Q)"}}, "mult_det": 62, "mult_per4": 62, "mult_red_star": 62, "mult_red_pts": 62, "mult_red": 62, "star_eq_pts": true, "i_det": 0, "i_red": 0, "i_per4": 0, "D": 0, "refute": false, "halt": false, "ok": true, "secs": 9.7, "hwm_gb": 0.17, "certs": [["results/certs/s71/45_13_2_2_2_d16_hybrid_p2147483647.json.gz", 23451], ["results/certs/s71/45_13_2_2_2_d16_hybrid_p2147483629.json.gz", 23451]]}
