      level 1: 60 prefixes
      level 2: 1367 prefixes
      level 3: 14072 prefixes
      level 4: 77419 prefixes
      level 5: 278700 prefixes
      level 6: 589911 prefixes
      level 7: 780995 prefixes
      level 8: 828099 prefixes
      level 9: 832375 prefixes
      level 10: 832447 prefixes
      level 11: 832447 prefixes
      level 12: 832447 prefixes
  lam=(28, 11, 3, 3, 3): N_S=832447 |Stab|=6 n_chi=125547 (orbits dropped: 26849) [lean, 5s, HWM 0.23 GB]
    E_01: |H|=6 targets 617711 canonical rows 92781 nnz 579368 (obstructed fixed targets cancelled: 41286) [7s, HWM 0.25 GB]
    E_12: |H|=2 targets 391207 canonical rows 188137 nnz 842294 (obstructed fixed targets cancelled: 6897) [10s, HWM 0.25 GB]
    E_23: |H|=1 targets 693737 canonical rows 685912 nnz 1567935 (obstructed fixed targets cancelled: 0) [14s, HWM 0.30 GB]
    E_34: |H|=1 targets 693737 canonical rows 685912 nnz 1567935 (obstructed fixed targets cancelled: 0) [18s, HWM 0.33 GB]
  built (28, 11, 3, 3, 3) d12: N_S=832447 |Stab|=6 n_chi=125547 rows=1652742 nnz=4557532 (26s: mono 3s orbits 5s rows 18s; HWM 0.33 GB)
  sieve (28, 11, 3, 3, 3) d12: cover(E) 125487/125547 by reversed (a=33, |U|=60, excess 27; {'natural': 123509, 'reversed': 125487, 'fill_asc': 117012, 'fill_desc': 120722, 'random': 109534}); cover(E_red) 106741/106798 (3.5s)
    hybrid[28_11_3_3_3d12] p=2147483629 attempt 0: |S|=125487 |U|=60 (a=33, excess 27) m=124 blocks 1x60 projected nullity 33, verified=True, rank 33 [split 0.3s trisolve 1.5s schur 5.2s null 0.0s lift 13.8s rank 0.3s]
    hybrid[28_11_3_3_3d12] p=2147483647 attempt 0: |S|=125487 |U|=60 (a=33, excess 27) m=124 blocks 1x60 projected nullity 33, verified=True, rank 33 [split 0.3s trisolve 1.5s schur 5.2s null 0.0s lift 13.9s rank 0.3s]
  RESULT (28, 11, 3, 3, 3) d12: a=33 n_chi=125547 |U|=60 mult_det=33 mult_per4=33 mult_red(star)=33 mult_red(pts)=33 i_det=0 i_red=0 i_per4=0 D=0  (115.0s, HWM 1.19 GB)
RESULT {"lam": [28, 11, 3, 3, 3], "delta": 12, "ell": 5, "a": 33, "K": 41, "N_S": 832447, "stab": 6, "n_chi": 125547, "nrows": 1652742, "nnz": 4557532, "nfixed": 48183, "build_secs": 25.6, "build_hwm_gb": 0.33, "route": "hybrid", "h_pad": 63, "seeds": {"det": 11, "red": 29, "per4": 47, "hybrid": 20260908}, "bound": 40, "primes": [2147483647, 2147483629], "n_red": 106798, "cover_E": {"size": 125487, "order": "reversed", "stats": {"natural": 123509, "reversed": 125487, "fill_asc": 117012, "fill_desc": 120722, "random": 109534}, "n_chi": 125547, "a": 33, "excess": 27, "certified_rank_lb": 125487}, "cover_Ered": {"size": 106741, "order": "reversed", "stats": {"natural": 105261, "reversed": 106741, "fill_asc": 100178, "fill_desc": 102973, "random": 93214}, "n_red": 106798, "certified": false}, "sieve_secs": 3.5, "pred_mem_x_bytes": 46689084, "primes_concurrent": true, "per_prime": {"2147483647": {"sides": {"det": {"mult": 33, "nullity": 0, "instrument": "hybrid kernel + det evaluation rows"}, "per4": {"mult": 33, "nullity": 0, "instrument": "hybrid kernel + per4 evaluation rows"}, "red_pts": {"mult": 33, "nullity": 0, "instrument": "hybrid kernel + red_pts evaluation rows"}, "red_star": {"mult": 33, "nullity": 0, "instrument": "hybrid kernel + (star)"}}, "hybrid": {"nS": 125487, "nU": 60, "excess": 27, "nnzT": 241514, "rows_other": 1527255, "order": "reversed", "cover_stats": {"natural": 123509, "reversed": 125487, "fill_asc": 117012, "fill_desc": 120722, "random": 109534}, "ublock": 60, "nblocks": 1, "attempts": [{"attempt": 0, "m": 124, "nproj": 8, "projected_nullity": 33, "verified": true, "rank": 33, "secs": {"split": 0.3, "trisolve": 1.5, "schur": 5.2, "nullspace": 0.0, "lift_verify": 13.9, "rank": 0.3}}], "secs": 22.3}, "ev_secs": 56.6, "rank_secs": 5.4, "secs": 84.2, "hwm_gb": 1.19}, "2147483629": {"sides": {"det": {"mult": 33, "nullity": 0, "instrument": "hybrid kernel + det evaluation rows"}, "per4": {"mult": 33, "nullity": 0, "instrument": "hybrid kernel + per4 evaluation rows"}, "red_pts": {"mult": 33, "nullity": 0, "instrument": "hybrid kernel + red_pts evaluation rows"}, "red_star": {"mult": 33, "nullity": 0, "instrument": "hybrid kernel + (star)"}}, "hybrid": {"nS": 125487, "nU": 60, "excess": 27, "nnzT": 241514, "rows_other": 1527255, "order": "reversed", "cover_stats": {"natural": 123509, "reversed": 125487, "fill_asc": 117012, "fill_desc": 120722, "random": 109534}, "ublock": 60, "nblocks": 1, "attempts": [{"attempt": 0, "m": 124, "nproj": 8, "projected_nullity": 33, "verified": true, "rank": 33, "secs": {"split": 0.3, "trisolve": 1.5, "schur": 5.2, "nullspace": 0.0, "lift_verify": 13.8, "rank": 0.3}}], "secs": 22.2}, "ev_secs": 56.9, "rank_secs": 6.4, "secs": 85.5, "hwm_gb": 1.19}}, "sides": {"det": {"mult": 33, "per_prime": {"2147483647": 33, "2147483629": 33}, "primes_agree": true, "instrument": "hybrid kernel + det evaluation rows", "status": "proved (full rank at both primes: mult = a over Q)"}, "per4": {"mult": 33, "per_prime": {"2147483647": 33, "2147483629": 33}, "primes_agree": true, "instrument": "hybrid kernel + per4 evaluation rows", "status": "proved (full rank at both primes: mult = a over Q)"}, "red_star": {"mult": 33, "per_prime": {"2147483647": 33, "2147483629": 33}, "primes_agree": true, "instrument": "hybrid kernel + (star)", "status": "proved (full rank at both primes: mult = a over Q)"}, "red_pts": {"mult": 33, "per_prime": {"2147483647": 33, "2147483629": 33}, "primes_agree": true, "instrument": "hybrid kernel + red_pts evaluation rows", "status": "proved (full rank at both primes: mult = a over Q)"}}, "mult_det": 33, "mult_per4": 33, "mult_red_star": 33, "mult_red_pts": 33, "mult_red": 33, "star_eq_pts": true, "i_det": 0, "i_red": 0, "i_per4": 0, "D": 0, "refute": false, "halt": false, "ok": true, "secs": 115.0, "hwm_gb": 1.19, "certs": [["results/certs/s71/28_11_3_3_3_d12_hybrid_p2147483647.json.gz", 14613], ["results/certs/s71/28_11_3_3_3_d12_hybrid_p2147483629.json.gz", 14616]]}
