      level 1: 44 prefixes
      level 2: 684 prefixes
      level 3: 5216 prefixes
      level 4: 22915 prefixes
      level 5: 53264 prefixes
      level 6: 71793 prefixes
      level 7: 75739 prefixes
      level 8: 75978 prefixes
      level 9: 75978 prefixes
      level 10: 75978 prefixes
      level 11: 75978 prefixes
      level 12: 75978 prefixes
  lam=(31, 9, 5, 2, 1): N_S=75978 |Stab|=1 n_chi=75978 (orbits dropped: 0) [lean, 0s, HWM 0.08 GB]
    E_01: |H|=1 targets 52710 canonical rows 52710 nnz 305372 (obstructed fixed targets cancelled: 0) [0s, HWM 0.09 GB]
    E_12: |H|=1 targets 54350 canonical rows 54350 nnz 225833 (obstructed fixed targets cancelled: 0) [1s, HWM 0.09 GB]
    E_23: |H|=1 targets 38739 canonical rows 38739 nnz 125049 (obstructed fixed targets cancelled: 0) [1s, HWM 0.09 GB]
    E_34: |H|=1 targets 35516 canonical rows 35516 nnz 75978 (obstructed fixed targets cancelled: 0) [1s, HWM 0.09 GB]
  built (31, 9, 5, 2, 1) d12: N_S=75978 |Stab|=1 n_chi=75978 rows=181315 nnz=732232 (1s: mono 0s orbits 0s rows 1s; HWM 0.09 GB)
  sieve (31, 9, 5, 2, 1) d12: cover(E) 75711/75978 by reversed (a=160, |U|=267, excess 107; {'natural': 73099, 'reversed': 75711, 'fill_asc': 63279, 'fill_desc': 61970, 'random': 50507}); cover(E_red) 57309/57519 (0.3s)
    hybrid[31_9_5_2_1d12] p=2147483629 attempt 0: |S|=75711 |U|=267 (a=160, excess 107) m=331 blocks 1x267 projected nullity 160, verified=True, rank 160 [split 0.2s trisolve 2.4s schur 2.6s null 0.1s lift 6.2s rank 0.9s]
    hybrid[31_9_5_2_1d12] p=2147483647 attempt 0: |S|=75711 |U|=267 (a=160, excess 107) m=331 blocks 1x267 projected nullity 160, verified=True, rank 160 [split 0.1s trisolve 2.7s schur 2.5s null 0.1s lift 6.4s rank 0.8s]
  RESULT (31, 9, 5, 2, 1) d12: a=160 n_chi=75978 |U|=267 mult_det=160 mult_per4=160 mult_red(star)=160 mult_red(pts)=160 i_det=0 i_red=0 i_per4=0 D=0  (58.8s, HWM 0.93 GB)
RESULT {"lam": [31, 9, 5, 2, 1], "delta": 12, "ell": 5, "a": 160, "K": 168, "N_S": 75978, "stab": 1, "n_chi": 75978, "nrows": 181315, "nnz": 732232, "nfixed": 0, "build_secs": 1.3, "build_hwm_gb": 0.09, "route": "hybrid", "h_pad": 387, "seeds": {"det": 11, "red": 29, "per4": 47, "hybrid": 20260908}, "bound": 40, "primes": [2147483647, 2147483629], "n_red": 57519, "cover_E": {"size": 75711, "order": "reversed", "stats": {"natural": 73099, "reversed": 75711, "fill_asc": 63279, "fill_desc": 61970, "random": 50507}, "n_chi": 75978, "a": 160, "excess": 107, "certified_rank_lb": 75711}, "cover_Ered": {"size": 57309, "order": "reversed", "stats": {"natural": 56189, "reversed": 57309, "fill_asc": 49983, "fill_desc": 49306, "random": 40438}, "n_red": 57519, "certified": false}, "sieve_secs": 0.3, "pred_mem_x_bytes": 129485268, "primes_concurrent": true, "per_prime": {"2147483647": {"sides": {"det": {"mult": 160, "nullity": 0, "instrument": "hybrid kernel + det evaluation rows"}, "per4": {"mult": 160, "nullity": 0, "instrument": "hybrid kernel + per4 evaluation rows"}, "red_pts": {"mult": 160, "nullity": 0, "instrument": "hybrid kernel + red_pts evaluation rows"}, "red_star": {"mult": 160, "nullity": 0, "instrument": "hybrid kernel + (star)"}}, "hybrid": {"nS": 75711, "nU": 267, "excess": 107, "nnzT": 218190, "rows_other": 105604, "order": "reversed", "cover_stats": {"natural": 73099, "reversed": 75711, "fill_asc": 63279, "fill_desc": 61970, "random": 50507}, "ublock": 267, "nblocks": 1, "attempts": [{"attempt": 0, "m": 331, "nproj": 8, "projected_nullity": 160, "verified": true, "rank": 160, "secs": {"split": 0.1, "trisolve": 2.7, "schur": 2.5, "nullspace": 0.1, "lift_verify": 6.4, "rank": 0.8}}], "secs": 12.7}, "ev_secs": 25.8, "rank_secs": 18.5, "secs": 57.0, "hwm_gb": 0.93}, "2147483629": {"sides": {"det": {"mult": 160, "nullity": 0, "instrument": "hybrid kernel + det evaluation rows"}, "per4": {"mult": 160, "nullity": 0, "instrument": "hybrid kernel + per4 evaluation rows"}, "red_pts": {"mult": 160, "nullity": 0, "instrument": "hybrid kernel + red_pts evaluation rows"}, "red_star": {"mult": 160, "nullity": 0, "instrument": "hybrid kernel + (star)"}}, "hybrid": {"nS": 75711, "nU": 267, "excess": 107, "nnzT": 218190, "rows_other": 105604, "order": "reversed", "cover_stats": {"natural": 73099, "reversed": 75711, "fill_asc": 63279, "fill_desc": 61970, "random": 50507}, "ublock": 267, "nblocks": 1, "attempts": [{"attempt": 0, "m": 331, "nproj": 8, "projected_nullity": 160, "verified": true, "rank": 160, "secs": {"split": 0.2, "trisolve": 2.4, "schur": 2.6, "nullspace": 0.1, "lift_verify": 6.2, "rank": 0.9}}], "secs": 12.5}, "ev_secs": 25.6, "rank_secs": 17.8, "secs": 55.9, "hwm_gb": 0.93}}, "sides": {"det": {"mult": 160, "per_prime": {"2147483647": 160, "2147483629": 160}, "primes_agree": true, "instrument": "hybrid kernel + det evaluation rows", "status": "proved (full rank at both primes: mult = a over Q)"}, "per4": {"mult": 160, "per_prime": {"2147483647": 160, "2147483629": 160}, "primes_agree": true, "instrument": "hybrid kernel + per4 evaluation rows", "status": "proved (full rank at both primes: mult = a over Q)"}, "red_star": {"mult": 160, "per_prime": {"2147483647": 160, "2147483629": 160}, "primes_agree": true, "instrument": "hybrid kernel + (star)", "status": "proved (full rank at both primes: mult = a over Q)"}, "red_pts": {"mult": 160, "per_prime": {"2147483647": 160, "2147483629": 160}, "primes_agree": true, "instrument": "hybrid kernel + red_pts evaluation rows", "status": "proved (full rank at both primes: mult = a over Q)"}}, "mult_det": 160, "mult_per4": 160, "mult_red_star": 160, "mult_red_pts": 160, "mult_red": 160, "star_eq_pts": true, "i_det": 0, "i_red": 0, "i_per4": 0, "D": 0, "refute": false, "halt": false, "ok": true, "secs": 58.8, "hwm_gb": 0.93, "certs": [["results/certs/s71/31_9_5_2_1_d12_hybrid_p2147483647.json.gz", 51544], ["results/certs/s71/31_9_5_2_1_d12_hybrid_p2147483629.json.gz", 51550]]}
