      level 1: 49 prefixes
      level 2: 938 prefixes
      level 3: 8830 prefixes
      level 4: 44496 prefixes
      level 5: 109861 prefixes
      level 6: 149992 prefixes
      level 7: 158022 prefixes
      level 8: 158454 prefixes
      level 9: 158454 prefixes
      level 10: 158454 prefixes
      level 11: 158454 prefixes
      level 12: 158454 prefixes
  lam=(31, 8, 4, 4, 1): N_S=158454 |Stab|=2 n_chi=81143 (orbits dropped: 0) [lean, 0s, HWM 0.11 GB]
    E_01: |H|=2 targets 103399 canonical rows 53029 nnz 312816 (obstructed fixed targets cancelled: 0) [1s, HWM 0.11 GB]
    E_12: |H|=1 targets 103087 canonical rows 103087 nnz 418313 (obstructed fixed targets cancelled: 0) [1s, HWM 0.11 GB]
    E_23: |H|=1 targets 138632 canonical rows 138632 nnz 407759 (obstructed fixed targets cancelled: 0) [2s, HWM 0.13 GB]
    E_34: |H|=1 targets 54033 canonical rows 54033 nnz 158454 (obstructed fixed targets cancelled: 0) [2s, HWM 0.13 GB]
  built (31, 8, 4, 4, 1) d12: N_S=158454 |Stab|=2 n_chi=81143 rows=348781 nnz=1297342 (3s: mono 1s orbits 0s rows 2s; HWM 0.13 GB)
  sieve (31, 8, 4, 4, 1) d12: cover(E) 80958/81143 by reversed (a=104, |U|=185, excess 81; {'natural': 77735, 'reversed': 80958, 'fill_asc': 71100, 'fill_desc': 70718, 'random': 59323}); cover(E_red) 61438/61575 (0.7s)
    hybrid[31_8_4_4_1d12] p=2147483647 attempt 0: |S|=80958 |U|=185 (a=104, excess 81) m=249 blocks 1x185 projected nullity 104, verified=True, rank 104 [split 0.2s trisolve 2.2s schur 3.8s null 0.1s lift 7.5s rank 0.7s]
    hybrid[31_8_4_4_1d12] p=2147483629 attempt 0: |S|=80958 |U|=185 (a=104, excess 81) m=249 blocks 1x185 projected nullity 104, verified=True, rank 104 [split 0.2s trisolve 2.2s schur 3.8s null 0.1s lift 7.6s rank 0.7s]
  RESULT (31, 8, 4, 4, 1) d12: a=104 n_chi=81143 |U|=185 mult_det=104 mult_per4=104 mult_red(star)=104 mult_red(pts)=104 i_det=0 i_red=0 i_per4=0 D=0  (61.0s, HWM 0.74 GB)
RESULT {"lam": [31, 8, 4, 4, 1], "delta": 12, "ell": 5, "a": 104, "K": 112, "N_S": 158454, "stab": 2, "n_chi": 81143, "nrows": 348781, "nnz": 1297342, "nfixed": 0, "build_secs": 3.2, "build_hwm_gb": 0.13, "route": "hybrid", "h_pad": 251, "seeds": {"det": 11, "red": 29, "per4": 47, "hybrid": 20260908}, "bound": 40, "primes": [2147483647, 2147483629], "n_red": 61575, "cover_E": {"size": 80958, "order": "reversed", "stats": {"natural": 77735, "reversed": 80958, "fill_asc": 71100, "fill_desc": 70718, "random": 59323}, "n_chi": 81143, "a": 104, "excess": 81, "certified_rank_lb": 80958}, "cover_Ered": {"size": 61438, "order": "reversed", "stats": {"natural": 60089, "reversed": 61438, "fill_asc": 55803, "fill_desc": 55424, "random": 46462}, "n_red": 61575, "certified": false}, "sieve_secs": 0.7, "pred_mem_x_bytes": 93664408, "primes_concurrent": true, "per_prime": {"2147483647": {"sides": {"det": {"mult": 104, "nullity": 0, "instrument": "hybrid kernel + det evaluation rows"}, "per4": {"mult": 104, "nullity": 0, "instrument": "hybrid kernel + per4 evaluation rows"}, "red_pts": {"mult": 104, "nullity": 0, "instrument": "hybrid kernel + red_pts evaluation rows"}, "red_star": {"mult": 104, "nullity": 0, "instrument": "hybrid kernel + (star)"}}, "hybrid": {"nS": 80958, "nU": 185, "excess": 81, "nnzT": 215776, "rows_other": 267823, "order": "reversed", "cover_stats": {"natural": 77735, "reversed": 80958, "fill_asc": 71100, "fill_desc": 70718, "random": 59323}, "ublock": 185, "nblocks": 1, "attempts": [{"attempt": 0, "m": 249, "nproj": 8, "projected_nullity": 104, "verified": true, "rank": 104, "secs": {"split": 0.2, "trisolve": 2.2, "schur": 3.8, "nullspace": 0.1, "lift_verify": 7.5, "rank": 0.7}}], "secs": 14.6}, "ev_secs": 31.2, "rank_secs": 11.1, "secs": 57.0, "hwm_gb": 0.74}, "2147483629": {"sides": {"det": {"mult": 104, "nullity": 0, "instrument": "hybrid kernel + det evaluation rows"}, "per4": {"mult": 104, "nullity": 0, "instrument": "hybrid kernel + per4 evaluation rows"}, "red_pts": {"mult": 104, "nullity": 0, "instrument": "hybrid kernel + red_pts evaluation rows"}, "red_star": {"mult": 104, "nullity": 0, "instrument": "hybrid kernel + (star)"}}, "hybrid": {"nS": 80958, "nU": 185, "excess": 81, "nnzT": 215776, "rows_other": 267823, "order": "reversed", "cover_stats": {"natural": 77735, "reversed": 80958, "fill_asc": 71100, "fill_desc": 70718, "random": 59323}, "ublock": 185, "nblocks": 1, "attempts": [{"attempt": 0, "m": 249, "nproj": 8, "projected_nullity": 104, "verified": true, "rank": 104, "secs": {"split": 0.2, "trisolve": 2.2, "schur": 3.8, "nullspace": 0.1, "lift_verify": 7.6, "rank": 0.7}}], "secs": 14.7}, "ev_secs": 29.9, "rank_secs": 11.8, "secs": 56.3, "hwm_gb": 0.74}}, "sides": {"det": {"mult": 104, "per_prime": {"2147483647": 104, "2147483629": 104}, "primes_agree": true, "instrument": "hybrid kernel + det evaluation rows", "status": "proved (full rank at both primes: mult = a over Q)"}, "per4": {"mult": 104, "per_prime": {"2147483647": 104, "2147483629": 104}, "primes_agree": true, "instrument": "hybrid kernel + per4 evaluation rows", "status": "proved (full rank at both primes: mult = a over Q)"}, "red_star": {"mult": 104, "per_prime": {"2147483647": 104, "2147483629": 104}, "primes_agree": true, "instrument": "hybrid kernel + (star)", "status": "proved (full rank at both primes: mult = a over Q)"}, "red_pts": {"mult": 104, "per_prime": {"2147483647": 104, "2147483629": 104}, "primes_agree": true, "instrument": "hybrid kernel + red_pts evaluation rows", "status": "proved (full rank at both primes: mult = a over Q)"}}, "mult_det": 104, "mult_per4": 104, "mult_red_star": 104, "mult_red_pts": 104, "mult_red": 104, "star_eq_pts": true, "i_det": 0, "i_red": 0, "i_per4": 0, "D": 0, "refute": false, "halt": false, "ok": true, "secs": 61.0, "hwm_gb": 0.74, "certs": [["results/certs/s71/31_8_4_4_1_d12_hybrid_p2147483647.json.gz", 35411], ["results/certs/s71/31_8_4_4_1_d12_hybrid_p2147483629.json.gz", 35412]]}
