      level 1: 44 prefixes
      level 2: 540 prefixes
      level 3: 3207 prefixes
      level 4: 11561 prefixes
      level 5: 29777 prefixes
      level 6: 58944 prefixes
      level 7: 86729 prefixes
      level 8: 101220 prefixes
      level 9: 105582 prefixes
      level 10: 106190 prefixes
      level 11: 106207 prefixes
      level 12: 106207 prefixes
      level 13: 106207 prefixes
      level 14: 106207 prefixes
      level 15: 106207 prefixes
      level 16: 106207 prefixes
      level 17: 106207 prefixes
      level 18: 106207 prefixes
  lam=(50, 16, 3, 2, 1): N_S=106207 |Stab|=1 n_chi=106207 (orbits dropped: 0) [lean, 0s, HWM 0.10 GB]
    E_01: |H|=1 targets 87137 canonical rows 87137 nnz 518977 (obstructed fixed targets cancelled: 0) [1s, HWM 0.13 GB]
    E_12: |H|=1 targets 47794 canonical rows 47794 nnz 229049 (obstructed fixed targets cancelled: 0) [2s, HWM 0.13 GB]
    E_23: |H|=1 targets 68211 canonical rows 68211 nnz 173470 (obstructed fixed targets cancelled: 0) [2s, HWM 0.13 GB]
    E_34: |H|=1 targets 50244 canonical rows 50244 nnz 106207 (obstructed fixed targets cancelled: 0) [2s, HWM 0.13 GB]
  built (50, 16, 3, 2, 1) d18: N_S=106207 |Stab|=1 n_chi=106207 rows=253386 nnz=1027703 (3s: mono 1s orbits 0s rows 2s; HWM 0.13 GB)
  sieve (50, 16, 3, 2, 1) d18: cover(E) 105945/106207 by reversed (a=210, |U|=262, excess 52; {'natural': 102333, 'reversed': 105945, 'fill_asc': 89629, 'fill_desc': 85918, 'random': 73630}); cover(E_red) 86356/86581 (0.5s)
    hybrid[50_16_3_2_1d18] p=2147483647 attempt 0: |S|=105945 |U|=262 (a=210, excess 52) m=326 blocks 1x262 projected nullity 210, verified=True, rank 210 [split 0.2s trisolve 4.1s schur 3.7s null 0.1s lift 11.2s rank 1.9s]
    hybrid[50_16_3_2_1d18] p=2147483629 attempt 0: |S|=105945 |U|=262 (a=210, excess 52) m=326 blocks 1x262 projected nullity 210, verified=True, rank 210 [split 0.2s trisolve 3.9s schur 3.9s null 0.1s lift 11.4s rank 1.7s]
  RESULT (50, 16, 3, 2, 1) d18: a=210 n_chi=106207 |U|=262 mult_det=210 mult_per4=210 mult_red(star)=210 mult_red(pts)=210 i_det=0 i_red=0 i_per4=0 D=0  (131.1s, HWM 1.6 GB)
RESULT {"lam": [50, 16, 3, 2, 1], "delta": 18, "ell": 5, "a": 210, "K": 218, "N_S": 106207, "stab": 1, "n_chi": 106207, "nrows": 253386, "nnz": 1027703, "nfixed": 0, "build_secs": 3.1, "build_hwm_gb": 0.13, "route": "hybrid", "h_pad": 494, "seeds": {"det": 11, "red": 29, "per4": 47, "hybrid": 20260908}, "bound": 40, "primes": [2147483647, 2147483629], "n_red": 86581, "cover_E": {"size": 105945, "order": "reversed", "stats": {"natural": 102333, "reversed": 105945, "fill_asc": 89629, "fill_desc": 85918, "random": 73630}, "n_chi": 106207, "a": 210, "excess": 52, "certified_rank_lb": 105945}, "cover_Ered": {"size": 86356, "order": "reversed", "stats": {"natural": 84068, "reversed": 86356, "fill_asc": 75130, "fill_desc": 73030, "random": 62125}, "n_red": 86581, "certified": false}, "sieve_secs": 0.5, "pred_mem_x_bytes": 200244240, "primes_concurrent": true, "per_prime": {"2147483647": {"sides": {"det": {"mult": 210, "nullity": 0, "instrument": "hybrid kernel + det evaluation rows"}, "per4": {"mult": 210, "nullity": 0, "instrument": "hybrid kernel + per4 evaluation rows"}, "red_pts": {"mult": 210, "nullity": 0, "instrument": "hybrid kernel + red_pts evaluation rows"}, "red_star": {"mult": 210, "nullity": 0, "instrument": "hybrid kernel + (star)"}}, "hybrid": {"nS": 105945, "nU": 262, "excess": 52, "nnzT": 282590, "rows_other": 147441, "order": "reversed", "cover_stats": {"natural": 102333, "reversed": 105945, "fill_asc": 89629, "fill_desc": 85918, "random": 73630}, "ublock": 262, "nblocks": 1, "attempts": [{"attempt": 0, "m": 326, "nproj": 8, "projected_nullity": 210, "verified": true, "rank": 210, "secs": {"split": 0.2, "trisolve": 4.1, "schur": 3.7, "nullspace": 0.1, "lift_verify": 11.2, "rank": 1.9}}], "secs": 21.3}, "ev_secs": 69.0, "rank_secs": 36.9, "secs": 127.2, "hwm_gb": 1.6}, "2147483629": {"sides": {"det": {"mult": 210, "nullity": 0, "instrument": "hybrid kernel + det evaluation rows"}, "per4": {"mult": 210, "nullity": 0, "instrument": "hybrid kernel + per4 evaluation rows"}, "red_pts": {"mult": 210, "nullity": 0, "instrument": "hybrid kernel + red_pts evaluation rows"}, "red_star": {"mult": 210, "nullity": 0, "instrument": "hybrid kernel + (star)"}}, "hybrid": {"nS": 105945, "nU": 262, "excess": 52, "nnzT": 282590, "rows_other": 147441, "order": "reversed", "cover_stats": {"natural": 102333, "reversed": 105945, "fill_asc": 89629, "fill_desc": 85918, "random": 73630}, "ublock": 262, "nblocks": 1, "attempts": [{"attempt": 0, "m": 326, "nproj": 8, "projected_nullity": 210, "verified": true, "rank": 210, "secs": {"split": 0.2, "trisolve": 3.9, "schur": 3.9, "nullspace": 0.1, "lift_verify": 11.4, "rank": 1.7}}], "secs": 21.3}, "ev_secs": 68.7, "rank_secs": 37.3, "secs": 127.3, "hwm_gb": 1.6}}, "sides": {"det": {"mult": 210, "per_prime": {"2147483647": 210, "2147483629": 210}, "primes_agree": true, "instrument": "hybrid kernel + det evaluation rows", "status": "proved (full rank at both primes: mult = a over Q)"}, "per4": {"mult": 210, "per_prime": {"2147483647": 210, "2147483629": 210}, "primes_agree": true, "instrument": "hybrid kernel + per4 evaluation rows", "status": "proved (full rank at both primes: mult = a over Q)"}, "red_star": {"mult": 210, "per_prime": {"2147483647": 210, "2147483629": 210}, "primes_agree": true, "instrument": "hybrid kernel + (star)", "status": "proved (full rank at both primes: mult = a over Q)"}, "red_pts": {"mult": 210, "per_prime": {"2147483647": 210, "2147483629": 210}, "primes_agree": true, "instrument": "hybrid kernel + red_pts evaluation rows", "status": "proved (full rank at both primes: mult = a over Q)"}}, "mult_det": 210, "mult_per4": 210, "mult_red_star": 210, "mult_red_pts": 210, "mult_red": 210, "star_eq_pts": true, "i_det": 0, "i_red": 0, "i_per4": 0, "D": 0, "refute": false, "halt": false, "ok": true, "secs": 131.1, "hwm_gb": 1.6, "certs": [["results/certs/s71/50_16_3_2_1_d18_hybrid_p2147483647.json.gz", 66150], ["results/certs/s71/50_16_3_2_1_d18_hybrid_p2147483629.json.gz", 66145]]}
