      level 1: 55 prefixes
      level 2: 1012 prefixes
      level 3: 8845 prefixes
      level 4: 40491 prefixes
      level 5: 96131 prefixes
      level 6: 130165 prefixes
      level 7: 137194 prefixes
      level 8: 137594 prefixes
      level 9: 137594 prefixes
      level 10: 137594 prefixes
      level 11: 137594 prefixes
      level 12: 137594 prefixes
      level 13: 137594 prefixes
  lam=(35, 9, 4, 2, 2): N_S=137594 |Stab|=2 n_chi=74576 (orbits dropped: 0) [lean, 0s, HWM 0.10 GB]
    E_01: |H|=2 targets 94652 canonical rows 51469 nnz 298345 (obstructed fixed targets cancelled: 0) [1s, HWM 0.10 GB]
    E_12: |H|=2 targets 86065 canonical rows 46847 nnz 192998 (obstructed fixed targets cancelled: 0) [1s, HWM 0.11 GB]
    E_23: |H|=1 targets 76655 canonical rows 76655 nnz 227476 (obstructed fixed targets cancelled: 0) [2s, HWM 0.11 GB]
    E_34: |H|=1 targets 103928 canonical rows 103928 nnz 199230 (obstructed fixed targets cancelled: 0) [2s, HWM 0.12 GB]
  built (35, 9, 4, 2, 2) d13: N_S=137594 |Stab|=2 n_chi=74576 rows=278899 nnz=918049 (3s: mono 0s orbits 0s rows 2s; HWM 0.12 GB)
  sieve (35, 9, 4, 2, 2) d13: cover(E) 74380/74576 by reversed (a=130, |U|=196, excess 66; {'natural': 72661, 'reversed': 74380, 'fill_asc': 65778, 'fill_desc': 65801, 'random': 55508}); cover(E_red) 55647/55783 (0.5s)
    hybrid[35_9_4_2_2d13] p=2147483647 attempt 0: |S|=74380 |U|=196 (a=130, excess 66) m=260 blocks 1x196 projected nullity 130, verified=True, rank 130 [split 0.1s trisolve 3.2s schur 2.7s null 0.1s lift 7.8s rank 1.2s]
    hybrid[35_9_4_2_2d13] p=2147483629 attempt 0: |S|=74380 |U|=196 (a=130, excess 66) m=260 blocks 1x196 projected nullity 130, verified=True, rank 130 [split 0.1s trisolve 3.2s schur 3.0s null 0.1s lift 7.9s rank 1.0s]
  RESULT (35, 9, 4, 2, 2) d13: a=130 n_chi=74576 |U|=196 mult_det=130 mult_per4=130 mult_red(star)=130 mult_red(pts)=130 i_det=0 i_red=0 i_per4=0 D=0  (74.7s, HWM 0.84 GB)
RESULT {"lam": [35, 9, 4, 2, 2], "delta": 13, "ell": 5, "a": 130, "K": 138, "N_S": 137594, "stab": 2, "n_chi": 74576, "nrows": 278899, "nnz": 918049, "nfixed": 0, "build_secs": 3.0, "build_hwm_gb": 0.12, "route": "hybrid", "h_pad": 345, "seeds": {"det": 11, "red": 29, "per4": 47, "hybrid": 20260908}, "bound": 40, "primes": [2147483647, 2147483629], "n_red": 55783, "cover_E": {"size": 74380, "order": "reversed", "stats": {"natural": 72661, "reversed": 74380, "fill_asc": 65778, "fill_desc": 65801, "random": 55508}, "n_chi": 74576, "a": 130, "excess": 66, "certified_rank_lb": 74380}, "cover_Ered": {"size": 55647, "order": "reversed", "stats": {"natural": 54946, "reversed": 55647, "fill_asc": 50755, "fill_desc": 50845, "random": 43133}, "n_red": 55783, "certified": false}, "sieve_secs": 0.5, "pred_mem_x_bytes": 97093440, "primes_concurrent": true, "per_prime": {"2147483647": {"sides": {"det": {"mult": 130, "nullity": 0, "instrument": "hybrid kernel + det evaluation rows"}, "per4": {"mult": 130, "nullity": 0, "instrument": "hybrid kernel + per4 evaluation rows"}, "red_pts": {"mult": 130, "nullity": 0, "instrument": "hybrid kernel + red_pts evaluation rows"}, "red_star": {"mult": 130, "nullity": 0, "instrument": "hybrid kernel + (star)"}}, "hybrid": {"nS": 74380, "nU": 196, "excess": 66, "nnzT": 181855, "rows_other": 204519, "order": "reversed", "cover_stats": {"natural": 72661, "reversed": 74380, "fill_asc": 65778, "fill_desc": 65801, "random": 55508}, "ublock": 196, "nblocks": 1, "attempts": [{"attempt": 0, "m": 260, "nproj": 8, "projected_nullity": 130, "verified": true, "rank": 130, "secs": {"split": 0.1, "trisolve": 3.2, "schur": 2.7, "nullspace": 0.1, "lift_verify": 7.8, "rank": 1.2}}], "secs": 15.1}, "ev_secs": 34.9, "rank_secs": 20.5, "secs": 70.5, "hwm_gb": 0.84}, "2147483629": {"sides": {"det": {"mult": 130, "nullity": 0, "instrument": "hybrid kernel + det evaluation rows"}, "per4": {"mult": 130, "nullity": 0, "instrument": "hybrid kernel + per4 evaluation rows"}, "red_pts": {"mult": 130, "nullity": 0, "instrument": "hybrid kernel + red_pts evaluation rows"}, "red_star": {"mult": 130, "nullity": 0, "instrument": "hybrid kernel + (star)"}}, "hybrid": {"nS": 74380, "nU": 196, "excess": 66, "nnzT": 181855, "rows_other": 204519, "order": "reversed", "cover_stats": {"natural": 72661, "reversed": 74380, "fill_asc": 65778, "fill_desc": 65801, "random": 55508}, "ublock": 196, "nblocks": 1, "attempts": [{"attempt": 0, "m": 260, "nproj": 8, "projected_nullity": 130, "verified": true, "rank": 130, "secs": {"split": 0.1, "trisolve": 3.2, "schur": 3.0, "nullspace": 0.1, "lift_verify": 7.9, "rank": 1.0}}], "secs": 15.4}, "ev_secs": 35.9, "rank_secs": 19.7, "secs": 71.0, "hwm_gb": 0.84}}, "sides": {"det": {"mult": 130, "per_prime": {"2147483647": 130, "2147483629": 130}, "primes_agree": true, "instrument": "hybrid kernel + det evaluation rows", "status": "proved (full rank at both primes: mult = a over Q)"}, "per4": {"mult": 130, "per_prime": {"2147483647": 130, "2147483629": 130}, "primes_agree": true, "instrument": "hybrid kernel + per4 evaluation rows", "status": "proved (full rank at both primes: mult = a over Q)"}, "red_star": {"mult": 130, "per_prime": {"2147483647": 130, "2147483629": 130}, "primes_agree": true, "instrument": "hybrid kernel + (star)", "status": "proved (full rank at both primes: mult = a over Q)"}, "red_pts": {"mult": 130, "per_prime": {"2147483647": 130, "2147483629": 130}, "primes_agree": true, "instrument": "hybrid kernel + red_pts evaluation rows", "status": "proved (full rank at both primes: mult = a over Q)"}}, "mult_det": 130, "mult_per4": 130, "mult_red_star": 130, "mult_red_pts": 130, "mult_red": 130, "star_eq_pts": true, "i_det": 0, "i_red": 0, "i_per4": 0, "D": 0, "refute": false, "halt": false, "ok": true, "secs": 74.7, "hwm_gb": 0.84, "certs": [["results/certs/s71/35_9_4_2_2_d13_hybrid_p2147483647.json.gz", 42487], ["results/certs/s71/35_9_4_2_2_d13_hybrid_p2147483629.json.gz", 42487]]}
