      level 1: 48 prefixes
      level 2: 814 prefixes
      level 3: 6426 prefixes
      level 4: 24094 prefixes
      level 5: 41148 prefixes
      level 6: 45755 prefixes
      level 7: 46049 prefixes
      level 8: 46049 prefixes
      level 9: 46049 prefixes
      level 10: 46049 prefixes
  lam=(25, 7, 4, 3, 1): N_S=46049 |Stab|=1 n_chi=46049 (orbits dropped: 0) [lean, 0s, HWM 0.07 GB]
    E_01: |H|=1 targets 29318 canonical rows 29318 nnz 163534 (obstructed fixed targets cancelled: 0) [0s, HWM 0.08 GB]
    E_12: |H|=1 targets 31812 canonical rows 31812 nnz 119390 (obstructed fixed targets cancelled: 0) [0s, HWM 0.08 GB]
    E_23: |H|=1 targets 34045 canonical rows 34045 nnz 100126 (obstructed fixed targets cancelled: 0) [1s, HWM 0.08 GB]
    E_34: |H|=1 targets 18297 canonical rows 18297 nnz 46049 (obstructed fixed targets cancelled: 0) [1s, HWM 0.08 GB]
  built (25, 7, 4, 3, 1) d10: N_S=46049 |Stab|=1 n_chi=46049 rows=113472 nnz=429099 (1s: mono 0s orbits 0s rows 1s; HWM 0.08 GB)
  sieve (25, 7, 4, 3, 1) d10: cover(E) 45912/46049 by reversed (a=48, |U|=137, excess 89; {'natural': 44555, 'reversed': 45912, 'fill_asc': 38738, 'fill_desc': 37402, 'random': 30986}); cover(E_red) 32388/32487 (0.2s)
    hybrid[25_7_4_3_1d10] p=2147483647 attempt 0: |S|=45912 |U|=137 (a=48, excess 89) m=201 projected nullity 48, verified=True, rank 48 [split 0.1s trisolve 0.1s schur 0.4s null 0.0s lift 0.9s]
    hybrid[25_7_4_3_1d10] p=2147483629 attempt 0: |S|=45912 |U|=137 (a=48, excess 89) m=201 projected nullity 48, verified=True, rank 48 [split 0.1s trisolve 0.1s schur 0.4s null 0.0s lift 1.0s]
  RESULT (25, 7, 4, 3, 1) d10: a=48 n_chi=46049 |U|=137 mult_det=48 mult_per4=48 mult_red(star)=48 mult_red(pts)=48 i_det=0 i_red=0 i_per4=0 D=0  (6.5s, HWM 0.28 GB)
RESULT {"lam": [25, 7, 4, 3, 1], "delta": 10, "ell": 5, "a": 48, "K": 56, "N_S": 46049, "stab": 1, "n_chi": 46049, "nrows": 113472, "nnz": 429099, "nfixed": 0, "build_secs": 0.8, "build_hwm_gb": 0.08, "route": "hybrid", "h_pad": 144, "seeds": {"det": 11, "red": 29, "per4": 47, "hybrid": 20260908}, "bound": 40, "primes": [2147483647, 2147483629], "n_red": 32487, "cover_E": {"size": 45912, "order": "reversed", "stats": {"natural": 44555, "reversed": 45912, "fill_asc": 38738, "fill_desc": 37402, "random": 30986}, "n_chi": 46049, "a": 48, "excess": 89, "certified_rank_lb": 45912}, "cover_Ered": {"size": 32388, "order": "reversed", "stats": {"natural": 32062, "reversed": 32388, "fill_asc": 29045, "fill_desc": 28125, "random": 23630}, "n_red": 32487, "certified": false}, "sieve_secs": 0.2, "pred_mem_x_bytes": 25159776, "primes_concurrent": true, "per_prime": {"2147483647": {"sides": {"det": {"mult": 48, "nullity": 0, "instrument": "hybrid kernel + det evaluation rows"}, "per4": {"mult": 48, "nullity": 0, "instrument": "hybrid kernel + per4 evaluation rows"}, "red_pts": {"mult": 48, "nullity": 0, "instrument": "hybrid kernel + red_pts evaluation rows"}, "red_star": {"mult": 48, "nullity": 0, "instrument": "hybrid kernel + (star)"}}, "hybrid": {"nS": 45912, "nU": 137, "excess": 89, "nnzT": 129958, "rows_other": 67560, "order": "reversed", "cover_stats": {"natural": 44555, "reversed": 45912, "fill_asc": 38738, "fill_desc": 37402, "random": 30986}, "attempts": [{"attempt": 0, "m": 201, "nproj": 8, "projected_nullity": 48, "verified": true, "rank": 48, "secs": {"split": 0.1, "trisolve": 0.1, "schur": 0.4, "nullspace": 0.0, "lift_verify": 0.9}}], "secs": 1.6}, "ev_secs": 2.2, "rank_secs": 1.5, "secs": 5.3, "hwm_gb": 0.28}, "2147483629": {"sides": {"det": {"mult": 48, "nullity": 0, "instrument": "hybrid kernel + det evaluation rows"}, "per4": {"mult": 48, "nullity": 0, "instrument": "hybrid kernel + per4 evaluation rows"}, "red_pts": {"mult": 48, "nullity": 0, "instrument": "hybrid kernel + red_pts evaluation rows"}, "red_star": {"mult": 48, "nullity": 0, "instrument": "hybrid kernel + (star)"}}, "hybrid": {"nS": 45912, "nU": 137, "excess": 89, "nnzT": 129958, "rows_other": 67560, "order": "reversed", "cover_stats": {"natural": 44555, "reversed": 45912, "fill_asc": 38738, "fill_desc": 37402, "random": 30986}, "attempts": [{"attempt": 0, "m": 201, "nproj": 8, "projected_nullity": 48, "verified": true, "rank": 48, "secs": {"split": 0.1, "trisolve": 0.1, "schur": 0.4, "nullspace": 0.0, "lift_verify": 1.0}}], "secs": 1.8}, "ev_secs": 2.2, "rank_secs": 1.4, "secs": 5.3, "hwm_gb": 0.28}}, "sides": {"det": {"mult": 48, "per_prime": {"2147483647": 48, "2147483629": 48}, "primes_agree": true, "instrument": "hybrid kernel + det evaluation rows", "status": "proved (full rank at both primes: mult = a over Q)"}, "per4": {"mult": 48, "per_prime": {"2147483647": 48, "2147483629": 48}, "primes_agree": true, "instrument": "hybrid kernel + per4 evaluation rows", "status": "proved (full rank at both primes: mult = a over Q)"}, "red_star": {"mult": 48, "per_prime": {"2147483647": 48, "2147483629": 48}, "primes_agree": true, "instrument": "hybrid kernel + (star)", "status": "proved (full rank at both primes: mult = a over Q)"}, "red_pts": {"mult": 48, "per_prime": {"2147483647": 48, "2147483629": 48}, "primes_agree": true, "instrument": "hybrid kernel + red_pts evaluation rows", "status": "proved (full rank at both primes: mult = a over Q)"}}, "mult_det": 48, "mult_per4": 48, "mult_red_star": 48, "mult_red_pts": 48, "mult_red": 48, "star_eq_pts": true, "i_det": 0, "i_red": 0, "i_per4": 0, "D": 0, "refute": false, "halt": false, "ok": true, "secs": 6.5, "hwm_gb": 0.28, "certs": [["results/certs/s71/25_7_4_3_1_d10_hybrid_p2147483647.json.gz", 19216], ["results/certs/s71/25_7_4_3_1_d10_hybrid_p2147483629.json.gz", 19216]]}
