      level 1: 35 prefixes
      level 2: 419 prefixes
      level 3: 3097 prefixes
      level 4: 16707 prefixes
      level 5: 69792 prefixes
      level 6: 203341 prefixes
      level 7: 397941 prefixes
      level 8: 545314 prefixes
      level 9: 603813 prefixes
      level 10: 616116 prefixes
      level 11: 617316 prefixes
      level 12: 617344 prefixes
      level 13: 617344 prefixes
      level 14: 617344 prefixes
      level 15: 617344 prefixes
      level 16: 617344 prefixes
  lam=(40, 11, 11, 1, 1): N_S=617344 |Stab|=4 n_chi=121299 (orbits dropped: 67607) [lean, 3s, HWM 0.21 GB]
    E_01: |H|=2 targets 437922 canonical rows 170950 nnz 1083200 (obstructed fixed targets cancelled: 36511) [4s, HWM 0.24 GB]
    E_12: |H|=2 targets 596172 canonical rows 233463 nnz 1090500 (obstructed fixed targets cancelled: 26551) [9s, HWM 0.31 GB]
    E_23: |H|=1 targets 137762 canonical rows 137761 nnz 483546 (obstructed fixed targets cancelled: 0) [10s, HWM 0.31 GB]
    E_34: |H|=2 targets 375257 canonical rows 0 nnz 0 (obstructed fixed targets cancelled: 825) [13s, HWM 0.31 GB]
  built (40, 11, 11, 1, 1) d16: N_S=617344 |Stab|=4 n_chi=121299 rows=542174 nnz=2657246 (18s: mono 2s orbits 3s rows 13s; HWM 0.31 GB)
  sieve (40, 11, 11, 1, 1) d16: cover(E) 120939/121299 by reversed (a=187, |U|=360, excess 173; {'natural': 108794, 'reversed': 120939, 'fill_asc': 103646, 'fill_desc': 106102, 'random': 77482}); cover(E_red) 107548/107895 (1.5s)
    hybrid[40_11_11_1_1d16] p=2147483629 attempt 0: |S|=120939 |U|=360 (a=187, excess 173) m=424 blocks 1x360 projected nullity 187, verified=True, rank 187 [split 0.3s trisolve 10.8s schur 14.0s null 0.2s lift 22.2s rank 1.8s]
    hybrid[40_11_11_1_1d16] p=2147483647 attempt 0: |S|=120939 |U|=360 (a=187, excess 173) m=424 blocks 1x360 projected nullity 187, verified=True, rank 187 [split 0.3s trisolve 10.6s schur 14.6s null 0.2s lift 22.9s rank 1.7s]
  RESULT (40, 11, 11, 1, 1) d16: a=187 n_chi=121299 |U|=360 mult_det=187 mult_per4=187 mult_red(star)=161 mult_red(pts)=161 i_det=0 i_red=26 i_per4=0 D=-26  (382.8s, HWM 1.73 GB)
RESULT {"lam": [40, 11, 11, 1, 1], "delta": 16, "ell": 5, "a": 187, "K": 195, "N_S": 617344, "stab": 4, "n_chi": 121299, "nrows": 542174, "nnz": 2657246, "nfixed": 63887, "build_secs": 17.8, "build_hwm_gb": 0.31, "route": "hybrid", "h_pad": 202, "seeds": {"det": 11, "red": 29, "per4": 47, "hybrid": 20260908}, "bound": 40, "primes": [2147483647, 2147483629], "n_red": 107895, "cover_E": {"size": 120939, "order": "reversed", "stats": {"natural": 108794, "reversed": 120939, "fill_asc": 103646, "fill_desc": 106102, "random": 77482}, "n_chi": 121299, "a": 187, "excess": 173, "certified_rank_lb": 120939}, "cover_Ered": {"size": 107548, "order": "reversed", "stats": {"natural": 97444, "reversed": 107548, "fill_asc": 94282, "fill_desc": 95028, "random": 70292}, "n_red": 107895, "certified": false}, "sieve_secs": 1.5, "pred_mem_x_bytes": 264883812, "primes_concurrent": true, "per_prime": {"2147483647": {"sides": {"det": {"mult": 187, "nullity": 0, "instrument": "hybrid kernel + det evaluation rows"}, "per4": {"mult": 187, "nullity": 0, "instrument": "hybrid kernel + per4 evaluation rows"}, "red_pts": {"mult": 161, "nullity": 26, "instrument": "hybrid kernel + red_pts evaluation rows"}, "red_star": {"mult": 161, "nullity": 26, "instrument": "hybrid kernel + (star)"}}, "hybrid": {"nS": 120939, "nU": 360, "excess": 173, "nnzT": 446447, "rows_other": 421235, "order": "reversed", "cover_stats": {"natural": 108794, "reversed": 120939, "fill_asc": 103646, "fill_desc": 106102, "random": 77482}, "ublock": 360, "nblocks": 1, "attempts": [{"attempt": 0, "m": 424, "nproj": 8, "projected_nullity": 187, "verified": true, "rank": 187, "secs": {"split": 0.3, "trisolve": 10.6, "schur": 14.6, "nullspace": 0.2, "lift_verify": 22.9, "rank": 1.7}}], "secs": 50.5}, "ev_secs": 267.9, "rank_secs": 43.6, "secs": 362.0, "hwm_gb": 1.73}, "2147483629": {"sides": {"det": {"mult": 187, "nullity": 0, "instrument": "hybrid kernel + det evaluation rows"}, "per4": {"mult": 187, "nullity": 0, "instrument": "hybrid kernel + per4 evaluation rows"}, "red_pts": {"mult": 161, "nullity": 26, "instrument": "hybrid kernel + red_pts evaluation rows"}, "red_star": {"mult": 161, "nullity": 26, "instrument": "hybrid kernel + (star)"}}, "hybrid": {"nS": 120939, "nU": 360, "excess": 173, "nnzT": 446447, "rows_other": 421235, "order": "reversed", "cover_stats": {"natural": 108794, "reversed": 120939, "fill_asc": 103646, "fill_desc": 106102, "random": 77482}, "ublock": 360, "nblocks": 1, "attempts": [{"attempt": 0, "m": 424, "nproj": 8, "projected_nullity": 187, "verified": true, "rank": 187, "secs": {"split": 0.3, "trisolve": 10.8, "schur": 14.0, "nullspace": 0.2, "lift_verify": 22.2, "rank": 1.8}}], "secs": 49.7}, "ev_secs": 270.1, "rank_secs": 43.5, "secs": 363.2, "hwm_gb": 1.73}}, "sides": {"det": {"mult": 187, "per_prime": {"2147483647": 187, "2147483629": 187}, "primes_agree": true, "instrument": "hybrid kernel + det evaluation rows", "status": "proved (full rank at both primes: mult = a over Q)"}, "per4": {"mult": 187, "per_prime": {"2147483647": 187, "2147483629": 187}, "primes_agree": true, "instrument": "hybrid kernel + per4 evaluation rows", "status": "proved (full rank at both primes: mult = a over Q)"}, "red_star": {"mult": 161, "per_prime": {"2147483647": 161, "2147483629": 161}, "primes_agree": true, "instrument": "hybrid kernel + (star)", "status": "measured (exact mod both primes, kernel exhibited): mult = 161"}, "red_pts": {"mult": 161, "per_prime": {"2147483647": 161, "2147483629": 161}, "primes_agree": true, "instrument": "hybrid kernel + red_pts evaluation rows", "status": "measured (exact mod both primes, kernel exhibited): mult = 161"}}, "mult_det": 187, "mult_per4": 187, "mult_red_star": 161, "mult_red_pts": 161, "mult_red": 161, "star_eq_pts": true, "i_det": 0, "i_red": 26, "i_per4": 0, "D": -26, "refute": false, "halt": false, "ok": true, "secs": 382.8, "hwm_gb": 1.73, "certs": [["results/certs/s71/40_11_11_1_1_d16_hybrid_p2147483647.json.gz", 59526], ["results/certs/s71/40_11_11_1_1_d16_hybrid_p2147483629.json.gz", 59528]]}
