      level 1: 44 prefixes
      level 2: 540 prefixes
      level 3: 3206 prefixes
      level 4: 11296 prefixes
      level 5: 23835 prefixes
      level 6: 31497 prefixes
      level 7: 33331 prefixes
      level 8: 33467 prefixes
      level 9: 33467 prefixes
      level 10: 33467 prefixes
      level 11: 33467 prefixes
      level 12: 33467 prefixes
      level 13: 33467 prefixes
  lam=(35, 11, 3, 2, 1): N_S=33467 |Stab|=1 n_chi=33467 (orbits dropped: 0) [lean, 0s, HWM 0.07 GB]
    E_01: |H|=1 targets 25237 canonical rows 25237 nnz 141486 (obstructed fixed targets cancelled: 0) [0s, HWM 0.08 GB]
    E_12: |H|=1 targets 16919 canonical rows 16919 nnz 71700 (obstructed fixed targets cancelled: 0) [0s, HWM 0.08 GB]
    E_23: |H|=1 targets 21592 canonical rows 21592 nnz 54420 (obstructed fixed targets cancelled: 0) [0s, HWM 0.08 GB]
    E_34: |H|=1 targets 15948 canonical rows 15948 nnz 33467 (obstructed fixed targets cancelled: 0) [1s, HWM 0.08 GB]
  built (35, 11, 3, 2, 1) d13: N_S=33467 |Stab|=1 n_chi=33467 rows=79696 nnz=301073 (1s: mono 0s orbits 0s rows 1s; HWM 0.08 GB)
  sieve (35, 11, 3, 2, 1) d13: cover(E) 33374/33467 by reversed (a=72, |U|=93, excess 21; {'natural': 32329, 'reversed': 33374, 'fill_asc': 28363, 'fill_desc': 27235, 'random': 23556}); cover(E_red) 24607/24677 (0.2s)
    hybrid[35_11_3_2_1d13] p=2147483629 attempt 0: |S|=33374 |U|=93 (a=72, excess 21) m=157 projected nullity 72, verified=True, rank 72 [split 0.0s trisolve 0.0s schur 0.2s null 0.0s lift 0.5s]
    hybrid[35_11_3_2_1d13] p=2147483647 attempt 0: |S|=33374 |U|=93 (a=72, excess 21) m=157 projected nullity 72, verified=True, rank 72 [split 0.1s trisolve 0.0s schur 0.2s null 0.0s lift 0.7s]
  RESULT (35, 11, 3, 2, 1) d13: a=72 n_chi=33467 |U|=93 mult_det=72 mult_per4=72 mult_red(star)=72 mult_red(pts)=72 i_det=0 i_red=0 i_per4=0 D=0  (6.4s, HWM 0.28 GB)
RESULT {"lam": [35, 11, 3, 2, 1], "delta": 13, "ell": 5, "a": 72, "K": 80, "N_S": 33467, "stab": 1, "n_chi": 33467, "nrows": 79696, "nnz": 301073, "nfixed": 0, "build_secs": 0.7, "build_hwm_gb": 0.08, "route": "hybrid", "h_pad": 198, "seeds": {"det": 11, "red": 29, "per4": 47, "hybrid": 20260908}, "bound": 40, "primes": [2147483647, 2147483629], "n_red": 24677, "cover_E": {"size": 33374, "order": "reversed", "stats": {"natural": 32329, "reversed": 33374, "fill_asc": 28363, "fill_desc": 27235, "random": 23556}, "n_chi": 33467, "a": 72, "excess": 21, "certified_rank_lb": 33374}, "cover_Ered": {"size": 24607, "order": "reversed", "stats": {"natural": 24132, "reversed": 24607, "fill_asc": 21798, "fill_desc": 21400, "random": 18459}, "n_red": 24677, "certified": false}, "sieve_secs": 0.2, "pred_mem_x_bytes": 12415128, "primes_concurrent": true, "per_prime": {"2147483647": {"sides": {"det": {"mult": 72, "nullity": 0, "instrument": "hybrid kernel + det evaluation rows"}, "per4": {"mult": 72, "nullity": 0, "instrument": "hybrid kernel + per4 evaluation rows"}, "red_pts": {"mult": 72, "nullity": 0, "instrument": "hybrid kernel + red_pts evaluation rows"}, "red_star": {"mult": 72, "nullity": 0, "instrument": "hybrid kernel + (star)"}}, "hybrid": {"nS": 33374, "nU": 93, "excess": 21, "nnzT": 85155, "rows_other": 46322, "order": "reversed", "cover_stats": {"natural": 32329, "reversed": 33374, "fill_asc": 28363, "fill_desc": 27235, "random": 23556}, "attempts": [{"attempt": 0, "m": 157, "nproj": 8, "projected_nullity": 72, "verified": true, "rank": 72, "secs": {"split": 0.1, "trisolve": 0.0, "schur": 0.2, "nullspace": 0.0, "lift_verify": 0.7}}], "secs": 1.1}, "ev_secs": 2.8, "rank_secs": 1.6, "secs": 5.4, "hwm_gb": 0.28}, "2147483629": {"sides": {"det": {"mult": 72, "nullity": 0, "instrument": "hybrid kernel + det evaluation rows"}, "per4": {"mult": 72, "nullity": 0, "instrument": "hybrid kernel + per4 evaluation rows"}, "red_pts": {"mult": 72, "nullity": 0, "instrument": "hybrid kernel + red_pts evaluation rows"}, "red_star": {"mult": 72, "nullity": 0, "instrument": "hybrid kernel + (star)"}}, "hybrid": {"nS": 33374, "nU": 93, "excess": 21, "nnzT": 85155, "rows_other": 46322, "order": "reversed", "cover_stats": {"natural": 32329, "reversed": 33374, "fill_asc": 28363, "fill_desc": 27235, "random": 23556}, "attempts": [{"attempt": 0, "m": 157, "nproj": 8, "projected_nullity": 72, "verified": true, "rank": 72, "secs": {"split": 0.0, "trisolve": 0.0, "schur": 0.2, "nullspace": 0.0, "lift_verify": 0.5}}], "secs": 0.9}, "ev_secs": 2.8, "rank_secs": 1.7, "secs": 5.4, "hwm_gb": 0.28}}, "sides": {"det": {"mult": 72, "per_prime": {"2147483647": 72, "2147483629": 72}, "primes_agree": true, "instrument": "hybrid kernel + det evaluation rows", "status": "proved (full rank at both primes: mult = a over Q)"}, "per4": {"mult": 72, "per_prime": {"2147483647": 72, "2147483629": 72}, "primes_agree": true, "instrument": "hybrid kernel + per4 evaluation rows", "status": "proved (full rank at both primes: mult = a over Q)"}, "red_star": {"mult": 72, "per_prime": {"2147483647": 72, "2147483629": 72}, "primes_agree": true, "instrument": "hybrid kernel + (star)", "status": "proved (full rank at both primes: mult = a over Q)"}, "red_pts": {"mult": 72, "per_prime": {"2147483647": 72, "2147483629": 72}, "primes_agree": true, "instrument": "hybrid kernel + red_pts evaluation rows", "status": "proved (full rank at both primes: mult = a over Q)"}}, "mult_det": 72, "mult_per4": 72, "mult_red_star": 72, "mult_red_pts": 72, "mult_red": 72, "star_eq_pts": true, "i_det": 0, "i_red": 0, "i_per4": 0, "D": 0, "refute": false, "halt": false, "ok": true, "secs": 6.4, "hwm_gb": 0.28, "certs": [["results/certs/s71/35_11_3_2_1_d13_hybrid_p2147483647.json.gz", 26467], ["results/certs/s71/35_11_3_2_1_d13_hybrid_p2147483629.json.gz", 26464]]}
