      level 1: 50 prefixes
      level 2: 689 prefixes
      level 3: 4232 prefixes
      level 4: 15224 prefixes
      level 5: 38395 prefixes
      level 6: 67969 prefixes
      level 7: 86346 prefixes
      level 8: 92109 prefixes
      level 9: 92917 prefixes
      level 10: 92941 prefixes
      level 11: 92941 prefixes
      level 12: 92941 prefixes
      level 13: 92941 prefixes
      level 14: 92941 prefixes
      level 15: 92941 prefixes
      level 16: 92941 prefixes
      level 17: 92941 prefixes
  lam=(48, 14, 2, 2, 2): N_S=92941 |Stab|=6 n_chi=20175 (orbits dropped: 0) [lean, 0s, HWM 0.09 GB]
    E_01: |H|=6 targets 73991 canonical rows 16084 nnz 89009 (obstructed fixed targets cancelled: 0) [1s, HWM 0.10 GB]
    E_12: |H|=2 targets 33008 canonical rows 18275 nnz 82028 (obstructed fixed targets cancelled: 0) [1s, HWM 0.10 GB]
    E_23: |H|=1 targets 70457 canonical rows 70457 nnz 132343 (obstructed fixed targets cancelled: 0) [2s, HWM 0.10 GB]
    E_34: |H|=1 targets 70457 canonical rows 70457 nnz 132343 (obstructed fixed targets cancelled: 0) [2s, HWM 0.10 GB]
  built (48, 14, 2, 2, 2) d17: N_S=92941 |Stab|=6 n_chi=20175 rows=175273 nnz=435723 (3s: mono 0s orbits 0s rows 2s; HWM 0.10 GB)
  sieve (48, 14, 2, 2, 2) d17: cover(E) 20093/20175 by reversed (a=82, |U|=82, excess 0; {'natural': 19047, 'reversed': 20093, 'fill_asc': 17965, 'fill_desc': 16680, 'random': 16421}); cover(E_red) 15564/15620 (0.3s)
    hybrid[48_14_2_2_2d17] p=2147483629 attempt 0: |S|=20093 |U|=82 (a=82, excess 0) m=146 projected nullity 82, verified=True, rank 82 [split 0.0s trisolve 0.0s schur 0.3s null 0.0s lift 1.2s]
    hybrid[48_14_2_2_2d17] p=2147483647 attempt 0: |S|=20093 |U|=82 (a=82, excess 0) m=146 projected nullity 82, verified=True, rank 82 [split 0.0s trisolve 0.0s schur 0.4s null 0.0s lift 1.2s]
  RESULT (48, 14, 2, 2, 2) d17: a=82 n_chi=20175 |U|=82 mult_det=82 mult_per4=82 mult_red(star)=82 mult_red(pts)=82 i_det=0 i_red=0 i_per4=0 D=0  (15.0s, HWM 0.23 GB)
RESULT {"lam": [48, 14, 2, 2, 2], "delta": 17, "ell": 5, "a": 82, "K": 90, "N_S": 92941, "stab": 6, "n_chi": 20175, "nrows": 175273, "nnz": 435723, "nfixed": 0, "build_secs": 3.0, "build_hwm_gb": 0.1, "route": "hybrid", "h_pad": 196, "seeds": {"det": 11, "red": 29, "per4": 47, "hybrid": 20260908}, "bound": 40, "primes": [2147483647, 2147483629], "n_red": 15620, "cover_E": {"size": 20093, "order": "reversed", "stats": {"natural": 19047, "reversed": 20093, "fill_asc": 17965, "fill_desc": 16680, "random": 16421}, "n_chi": 20175, "a": 82, "excess": 0, "certified_rank_lb": 20093}, "cover_Ered": {"size": 15564, "order": "reversed", "stats": {"natural": 14902, "reversed": 15564, "fill_asc": 14170, "fill_desc": 13559, "random": 13106}, "n_red": 15620, "certified": false}, "sieve_secs": 0.3, "pred_mem_x_bytes": 6590504, "primes_concurrent": true, "per_prime": {"2147483647": {"sides": {"det": {"mult": 82, "nullity": 0, "instrument": "hybrid kernel + det evaluation rows"}, "per4": {"mult": 82, "nullity": 0, "instrument": "hybrid kernel + per4 evaluation rows"}, "red_pts": {"mult": 82, "nullity": 0, "instrument": "hybrid kernel + red_pts evaluation rows"}, "red_star": {"mult": 82, "nullity": 0, "instrument": "hybrid kernel + (star)"}}, "hybrid": {"nS": 20093, "nU": 82, "excess": 0, "nnzT": 38933, "rows_other": 155180, "order": "reversed", "cover_stats": {"natural": 19047, "reversed": 20093, "fill_asc": 17965, "fill_desc": 16680, "random": 16421}, "attempts": [{"attempt": 0, "m": 146, "nproj": 8, "projected_nullity": 82, "verified": true, "rank": 82, "secs": {"split": 0.0, "trisolve": 0.0, "schur": 0.4, "nullspace": 0.0, "lift_verify": 1.2}}], "secs": 1.7}, "ev_secs": 8.9, "rank_secs": 1.0, "secs": 11.6, "hwm_gb": 0.23}, "2147483629": {"sides": {"det": {"mult": 82, "nullity": 0, "instrument": "hybrid kernel + det evaluation rows"}, "per4": {"mult": 82, "nullity": 0, "instrument": "hybrid kernel + per4 evaluation rows"}, "red_pts": {"mult": 82, "nullity": 0, "instrument": "hybrid kernel + red_pts evaluation rows"}, "red_star": {"mult": 82, "nullity": 0, "instrument": "hybrid kernel + (star)"}}, "hybrid": {"nS": 20093, "nU": 82, "excess": 0, "nnzT": 38933, "rows_other": 155180, "order": "reversed", "cover_stats": {"natural": 19047, "reversed": 20093, "fill_asc": 17965, "fill_desc": 16680, "random": 16421}, "attempts": [{"attempt": 0, "m": 146, "nproj": 8, "projected_nullity": 82, "verified": true, "rank": 82, "secs": {"split": 0.0, "trisolve": 0.0, "schur": 0.3, "nullspace": 0.0, "lift_verify": 1.2}}], "secs": 1.7}, "ev_secs": 8.6, "rank_secs": 1.2, "secs": 11.5, "hwm_gb": 0.23}}, "sides": {"det": {"mult": 82, "per_prime": {"2147483647": 82, "2147483629": 82}, "primes_agree": true, "instrument": "hybrid kernel + det evaluation rows", "status": "proved (full rank at both primes: mult = a over Q)"}, "per4": {"mult": 82, "per_prime": {"2147483647": 82, "2147483629": 82}, "primes_agree": true, "instrument": "hybrid kernel + per4 evaluation rows", "status": "proved (full rank at both primes: mult = a over Q)"}, "red_star": {"mult": 82, "per_prime": {"2147483647": 82, "2147483629": 82}, "primes_agree": true, "instrument": "hybrid kernel + (star)", "status": "proved (full rank at both primes: mult = a over Q)"}, "red_pts": {"mult": 82, "per_prime": {"2147483647": 82, "2147483629": 82}, "primes_agree": true, "instrument": "hybrid kernel + red_pts evaluation rows", "status": "proved (full rank at both primes: mult = a over Q)"}}, "mult_det": 82, "mult_per4": 82, "mult_red_star": 82, "mult_red_pts": 82, "mult_red": 82, "star_eq_pts": true, "i_det": 0, "i_red": 0, "i_per4": 0, "D": 0, "refute": false, "halt": false, "ok": true, "secs": 15.0, "hwm_gb": 0.23, "certs": [["results/certs/s71/48_14_2_2_2_d17_hybrid_p2147483647.json.gz", 29436], ["results/certs/s71/48_14_2_2_2_d17_hybrid_p2147483629.json.gz", 29438]]}
