      level 1: 40 prefixes
      level 2: 393 prefixes
      level 3: 1937 prefixes
      level 4: 6138 prefixes
      level 5: 14211 prefixes
      level 6: 24080 prefixes
      level 7: 30328 prefixes
      level 8: 32492 prefixes
      level 9: 32850 prefixes
      level 10: 32862 prefixes
      level 11: 32862 prefixes
      level 12: 32862 prefixes
      level 13: 32862 prefixes
      level 14: 32862 prefixes
      level 15: 32862 prefixes
      level 16: 32862 prefixes
  lam=(44, 15, 2, 2, 1): N_S=32862 |Stab|=2 n_chi=18189 (orbits dropped: 0) [lean, 0s, HWM 0.07 GB]
    E_01: |H|=2 targets 26896 canonical rows 14904 nnz 81825 (obstructed fixed targets cancelled: 0) [0s, HWM 0.08 GB]
    E_12: |H|=1 targets 11805 canonical rows 11805 nnz 52946 (obstructed fixed targets cancelled: 0) [0s, HWM 0.08 GB]
    E_23: |H|=1 targets 25071 canonical rows 25071 nnz 45992 (obstructed fixed targets cancelled: 0) [1s, HWM 0.08 GB]
    E_34: |H|=1 targets 15875 canonical rows 15875 nnz 32862 (obstructed fixed targets cancelled: 0) [1s, HWM 0.08 GB]
  built (44, 15, 2, 2, 1) d16: N_S=32862 |Stab|=2 n_chi=18189 rows=67655 nnz=213625 (1s: mono 0s orbits 0s rows 1s; HWM 0.08 GB)
  sieve (44, 15, 2, 2, 1) d16: cover(E) 18135/18189 by reversed (a=54, |U|=54, excess 0; {'natural': 17108, 'reversed': 18135, 'fill_asc': 15285, 'fill_desc': 15899, 'random': 14443}); cover(E_red) 13951/13993 (0.1s)
    hybrid[44_15_2_2_1d16] p=2147483629 attempt 0: |S|=18135 |U|=54 (a=54, excess 0) m=118 projected nullity 54, verified=True, rank 54 [split 0.0s trisolve 0.0s schur 0.1s null 0.0s lift 0.3s]
    hybrid[44_15_2_2_1d16] p=2147483647 attempt 0: |S|=18135 |U|=54 (a=54, excess 0) m=118 projected nullity 54, verified=True, rank 54 [split 0.0s trisolve 0.0s schur 0.1s null 0.0s lift 0.3s]
  RESULT (44, 15, 2, 2, 1) d16: a=54 n_chi=18189 |U|=54 mult_det=54 mult_per4=54 mult_red(star)=54 mult_red(pts)=54 i_det=0 i_red=0 i_per4=0 D=0  (4.5s, HWM 0.15 GB)
RESULT {"lam": [44, 15, 2, 2, 1], "delta": 16, "ell": 5, "a": 54, "K": 62, "N_S": 32862, "stab": 2, "n_chi": 18189, "nrows": 67655, "nnz": 213625, "nfixed": 0, "build_secs": 0.8, "build_hwm_gb": 0.08, "route": "hybrid", "h_pad": 153, "seeds": {"det": 11, "red": 29, "per4": 47, "hybrid": 20260908}, "bound": 40, "primes": [2147483647, 2147483629], "n_red": 13993, "cover_E": {"size": 18135, "order": "reversed", "stats": {"natural": 17108, "reversed": 18135, "fill_asc": 15285, "fill_desc": 15899, "random": 14443}, "n_chi": 18189, "a": 54, "excess": 0, "certified_rank_lb": 18135}, "cover_Ered": {"size": 13951, "order": "reversed", "stats": {"natural": 13412, "reversed": 13951, "fill_asc": 12258, "fill_desc": 12725, "random": 11453}, "n_red": 13993, "certified": false}, "sieve_secs": 0.1, "pred_mem_x_bytes": 3917160, "primes_concurrent": true, "per_prime": {"2147483647": {"sides": {"det": {"mult": 54, "nullity": 0, "instrument": "hybrid kernel + det evaluation rows"}, "per4": {"mult": 54, "nullity": 0, "instrument": "hybrid kernel + per4 evaluation rows"}, "red_pts": {"mult": 54, "nullity": 0, "instrument": "hybrid kernel + red_pts evaluation rows"}, "red_star": {"mult": 54, "nullity": 0, "instrument": "hybrid kernel + (star)"}}, "hybrid": {"nS": 18135, "nU": 54, "excess": 0, "nnzT": 38197, "rows_other": 49520, "order": "reversed", "cover_stats": {"natural": 17108, "reversed": 18135, "fill_asc": 15285, "fill_desc": 15899, "random": 14443}, "attempts": [{"attempt": 0, "m": 118, "nproj": 8, "projected_nullity": 54, "verified": true, "rank": 54, "secs": {"split": 0.0, "trisolve": 0.0, "schur": 0.1, "nullspace": 0.0, "lift_verify": 0.3}}], "secs": 0.5}, "ev_secs": 2.4, "rank_secs": 0.6, "secs": 3.5, "hwm_gb": 0.15}, "2147483629": {"sides": {"det": {"mult": 54, "nullity": 0, "instrument": "hybrid kernel + det evaluation rows"}, "per4": {"mult": 54, "nullity": 0, "instrument": "hybrid kernel + per4 evaluation rows"}, "red_pts": {"mult": 54, "nullity": 0, "instrument": "hybrid kernel + red_pts evaluation rows"}, "red_star": {"mult": 54, "nullity": 0, "instrument": "hybrid kernel + (star)"}}, "hybrid": {"nS": 18135, "nU": 54, "excess": 0, "nnzT": 38197, "rows_other": 49520, "order": "reversed", "cover_stats": {"natural": 17108, "reversed": 18135, "fill_asc": 15285, "fill_desc": 15899, "random": 14443}, "attempts": [{"attempt": 0, "m": 118, "nproj": 8, "projected_nullity": 54, "verified": true, "rank": 54, "secs": {"split": 0.0, "trisolve": 0.0, "schur": 0.1, "nullspace": 0.0, "lift_verify": 0.3}}], "secs": 0.5}, "ev_secs": 2.5, "rank_secs": 0.5, "secs": 3.5, "hwm_gb": 0.15}}, "sides": {"det": {"mult": 54, "per_prime": {"2147483647": 54, "2147483629": 54}, "primes_agree": true, "instrument": "hybrid kernel + det evaluation rows", "status": "proved (full rank at both primes: mult = a over Q)"}, "per4": {"mult": 54, "per_prime": {"2147483647": 54, "2147483629": 54}, "primes_agree": true, "instrument": "hybrid kernel + per4 evaluation rows", "status": "proved (full rank at both primes: mult = a over Q)"}, "red_star": {"mult": 54, "per_prime": {"2147483647": 54, "2147483629": 54}, "primes_agree": true, "instrument": "hybrid kernel + (star)", "status": "proved (full rank at both primes: mult = a over Q)"}, "red_pts": {"mult": 54, "per_prime": {"2147483647": 54, "2147483629": 54}, "primes_agree": true, "instrument": "hybrid kernel + red_pts evaluation rows", "status": "proved (full rank at both primes: mult = a over Q)"}}, "mult_det": 54, "mult_per4": 54, "mult_red_star": 54, "mult_red_pts": 54, "mult_red": 54, "star_eq_pts": true, "i_det": 0, "i_red": 0, "i_per4": 0, "D": 0, "refute": false, "halt": false, "ok": true, "secs": 4.5, "hwm_gb": 0.15, "certs": [["results/certs/s71/44_15_2_2_1_d16_hybrid_p2147483647.json.gz", 21042], ["results/certs/s71/44_15_2_2_1_d16_hybrid_p2147483629.json.gz", 21043]]}
