      level 1: 50 prefixes
      level 2: 943 prefixes
      level 3: 8917 prefixes
      level 4: 48689 prefixes
      level 5: 153380 prefixes
      level 6: 272616 prefixes
      level 7: 324979 prefixes
      level 8: 333773 prefixes
      level 9: 334214 prefixes
      level 10: 334214 prefixes
      level 11: 334214 prefixes
      level 12: 334214 prefixes
      level 13: 334214 prefixes
      level 14: 334214 prefixes
  lam=(37, 10, 4, 4, 1): N_S=334214 |Stab|=2 n_chi=170826 (orbits dropped: 0) [lean, 1s, HWM 0.15 GB]
    E_01: |H|=2 targets 235343 canonical rows 120407 nnz 740460 (obstructed fixed targets cancelled: 0) [2s, HWM 0.16 GB]
    E_12: |H|=1 targets 198944 canonical rows 198944 nnz 889982 (obstructed fixed targets cancelled: 0) [3s, HWM 0.17 GB]
    E_23: |H|=1 targets 292138 canonical rows 292138 nnz 868386 (obstructed fixed targets cancelled: 0) [5s, HWM 0.19 GB]
    E_34: |H|=1 targets 112775 canonical rows 112775 nnz 334214 (obstructed fixed targets cancelled: 0) [6s, HWM 0.19 GB]
  built (37, 10, 4, 4, 1) d14: N_S=334214 |Stab|=2 n_chi=170826 rows=724264 nnz=2833042 (8s: mono 1s orbits 1s rows 6s; HWM 0.19 GB)
  sieve (37, 10, 4, 4, 1) d14: cover(E) 170451/170826 by reversed (a=251, |U|=375, excess 124; {'natural': 162852, 'reversed': 170451, 'fill_asc': 148700, 'fill_desc': 148426, 'random': 122872}); cover(E_red) 136767/137068 (1.5s)
    hybrid[37_10_4_4_1d14] p=2147483647 attempt 0: |S|=170451 |U|=375 (a=251, excess 124) m=439 blocks 1x375 projected nullity 251, verified=True, rank 251 [split 0.1s trisolve 6.9s schur 8.3s null 0.1s lift 19.9s rank 1.5s]
    hybrid[37_10_4_4_1d14] p=2147483629 attempt 0: |S|=170451 |U|=375 (a=251, excess 124) m=439 blocks 1x375 projected nullity 251, verified=True, rank 251 [split 0.1s trisolve 2.8s schur 8.4s null 0.1s lift 19.0s rank 1.5s]
  RESULT (37, 10, 4, 4, 1) d14: a=251 n_chi=170826 |U|=375 mult_det=251 mult_per4=251 mult_red(star)=251 mult_red(pts)=251 i_det=0 i_red=0 i_per4=0 D=0  (320.8s, HWM 2.92 GB)
RESULT {"lam": [37, 10, 4, 4, 1], "delta": 14, "ell": 5, "a": 251, "K": 259, "N_S": 334214, "stab": 2, "n_chi": 170826, "nrows": 724264, "nnz": 2833042, "nfixed": 0, "build_secs": 7.9, "build_hwm_gb": 0.19, "route": "hybrid", "h_pad": 522, "seeds": {"det": 11, "red": 29, "per4": 47, "hybrid": 20260908}, "bound": 40, "primes": [2147483647, 2147483629], "n_red": 137068, "cover_E": {"size": 170451, "order": "reversed", "stats": {"natural": 162852, "reversed": 170451, "fill_asc": 148700, "fill_desc": 148426, "random": 122872}, "n_chi": 170826, "a": 251, "excess": 124, "certified_rank_lb": 170451}, "cover_Ered": {"size": 136767, "order": "reversed", "stats": {"natural": 132675, "reversed": 136767, "fill_asc": 122567, "fill_desc": 122261, "random": 101028}, "n_red": 137068, "certified": false}, "sieve_secs": 1.5, "pred_mem_x_bytes": 427185804, "primes_concurrent": false, "per_prime": {"2147483647": {"sides": {"det": {"mult": 251, "nullity": 0, "instrument": "hybrid kernel + det evaluation rows"}, "per4": {"mult": 251, "nullity": 0, "instrument": "hybrid kernel + per4 evaluation rows"}, "red_pts": {"mult": 251, "nullity": 0, "instrument": "hybrid kernel + red_pts evaluation rows"}, "red_star": {"mult": 251, "nullity": 0, "instrument": "hybrid kernel + (star)"}}, "hybrid": {"nS": 170451, "nU": 375, "excess": 124, "nnzT": 471129, "rows_other": 553813, "order": "reversed", "cover_stats": {"natural": 162852, "reversed": 170451, "fill_asc": 148700, "fill_desc": 148426, "random": 122872}, "ublock": 375, "nblocks": 1, "attempts": [{"attempt": 0, "m": 439, "nproj": 8, "projected_nullity": 251, "verified": true, "rank": 251, "secs": {"split": 0.1, "trisolve": 6.9, "schur": 8.3, "nullspace": 0.1, "lift_verify": 19.9, "rank": 1.5}}], "secs": 36.9}, "ev_secs": 88.5, "rank_secs": 29.9, "secs": 155.3, "hwm_gb": 2.92}, "2147483629": {"sides": {"det": {"mult": 251, "nullity": 0, "instrument": "hybrid kernel + det evaluation rows"}, "per4": {"mult": 251, "nullity": 0, "instrument": "hybrid kernel + per4 evaluation rows"}, "red_pts": {"mult": 251, "nullity": 0, "instrument": "hybrid kernel + red_pts evaluation rows"}, "red_star": {"mult": 251, "nullity": 0, "instrument": "hybrid kernel + (star)"}}, "hybrid": {"nS": 170451, "nU": 375, "excess": 124, "nnzT": 471129, "rows_other": 553813, "order": "reversed", "cover_stats": {"natural": 162852, "reversed": 170451, "fill_asc": 148700, "fill_desc": 148426, "random": 122872}, "ublock": 375, "nblocks": 1, "attempts": [{"attempt": 0, "m": 439, "nproj": 8, "projected_nullity": 251, "verified": true, "rank": 251, "secs": {"split": 0.1, "trisolve": 2.8, "schur": 8.4, "nullspace": 0.1, "lift_verify": 19.0, "rank": 1.5}}], "secs": 32.1}, "ev_secs": 88.0, "rank_secs": 35.9, "secs": 156.0, "hwm_gb": 2.92}}, "sides": {"det": {"mult": 251, "per_prime": {"2147483647": 251, "2147483629": 251}, "primes_agree": true, "instrument": "hybrid kernel + det evaluation rows", "status": "proved (full rank at both primes: mult = a over Q)"}, "per4": {"mult": 251, "per_prime": {"2147483647": 251, "2147483629": 251}, "primes_agree": true, "instrument": "hybrid kernel + per4 evaluation rows", "status": "proved (full rank at both primes: mult = a over Q)"}, "red_star": {"mult": 251, "per_prime": {"2147483647": 251, "2147483629": 251}, "primes_agree": true, "instrument": "hybrid kernel + (star)", "status": "proved (full rank at both primes: mult = a over Q)"}, "red_pts": {"mult": 251, "per_prime": {"2147483647": 251, "2147483629": 251}, "primes_agree": true, "instrument": "hybrid kernel + red_pts evaluation rows", "status": "proved (full rank at both primes: mult = a over Q)"}}, "mult_det": 251, "mult_per4": 251, "mult_red_star": 251, "mult_red_pts": 251, "mult_red": 251, "star_eq_pts": true, "i_det": 0, "i_red": 0, "i_per4": 0, "D": 0, "refute": false, "halt": false, "ok": true, "secs": 320.8, "hwm_gb": 2.92, "certs": [["results/certs/s71/37_10_4_4_1_d14_hybrid_p2147483647.json.gz", 77234], ["results/certs/s71/37_10_4_4_1_d14_hybrid_p2147483629.json.gz", 77234]]}
