      level 1: 35 prefixes
      level 2: 446 prefixes
      level 3: 3137 prefixes
      level 4: 15923 prefixes
      level 5: 58487 prefixes
      level 6: 149335 prefixes
      level 7: 258256 prefixes
      level 8: 324740 prefixes
      level 9: 345863 prefixes
      level 10: 349187 prefixes
      level 11: 349375 prefixes
      level 12: 349375 prefixes
      level 13: 349375 prefixes
      level 14: 349375 prefixes
      level 15: 349375 prefixes
      level 16: 349375 prefixes
  lam=(41, 13, 8, 1, 1): N_S=349375 |Stab|=2 n_chi=135724 (orbits dropped: 77927) [lean, 1s, HWM 0.15 GB]
    E_01: |H|=2 targets 266375 canonical rows 103106 nnz 638150 (obstructed fixed targets cancelled: 22925) [2s, HWM 0.17 GB]
    E_12: |H|=2 targets 277235 canonical rows 107203 nnz 520260 (obstructed fixed targets cancelled: 14644) [5s, HWM 0.18 GB]
    E_23: |H|=1 targets 89228 canonical rows 89154 nnz 271448 (obstructed fixed targets cancelled: 0) [5s, HWM 0.18 GB]
    E_34: |H|=1 targets 213651 canonical rows 0 nnz 0 (obstructed fixed targets cancelled: 0) [6s, HWM 0.18 GB]
  built (41, 13, 8, 1, 1) d16: N_S=349375 |Stab|=2 n_chi=135724 rows=299463 nnz=1429858 (8s: mono 1s orbits 1s rows 6s; HWM 0.18 GB)
  sieve (41, 13, 8, 1, 1) d16: cover(E) 134861/135724 by reversed (a=510, |U|=863, excess 353; {'natural': 124141, 'reversed': 134861, 'fill_asc': 101602, 'fill_desc': 101388, 'random': 77208}); cover(E_red) 117522/118329 (0.8s)
    hybrid[41_13_8_1_1d16] p=2147483647 attempt 0: |S|=134861 |U|=863 (a=510, excess 353) m=927 blocks 1x863 projected nullity 510, verified=True, rank 510 [split 0.1s trisolve 14.3s schur 7.1s null 0.7s lift 15.9s rank 2.6s]
    hybrid[41_13_8_1_1d16] p=2147483629 attempt 0: |S|=134861 |U|=863 (a=510, excess 353) m=927 blocks 1x863 projected nullity 510, verified=True, rank 510 [split 0.1s trisolve 7.6s schur 7.5s null 0.7s lift 16.5s rank 3.7s]
  RESULT (41, 13, 8, 1, 1) d16: a=510 n_chi=135724 |U|=863 mult_det=510 mult_per4=510 mult_red(star)=486 mult_red(pts)=486 i_det=0 i_red=24 i_per4=0 D=-24  (565.1s, HWM 4.41 GB)
RESULT {"lam": [41, 13, 8, 1, 1], "delta": 16, "ell": 5, "a": 510, "K": 518, "N_S": 349375, "stab": 2, "n_chi": 135724, "nrows": 299463, "nnz": 1429858, "nfixed": 37569, "build_secs": 8.5, "build_hwm_gb": 0.18, "route": "hybrid", "h_pad": 724, "seeds": {"det": 11, "red": 29, "per4": 47, "hybrid": 20260908}, "bound": 40, "primes": [2147483647, 2147483629], "n_red": 118329, "cover_E": {"size": 134861, "order": "reversed", "stats": {"natural": 124141, "reversed": 134861, "fill_asc": 101602, "fill_desc": 101388, "random": 77208}, "n_chi": 135724, "a": 510, "excess": 353, "certified_rank_lb": 134861}, "cover_Ered": {"size": 117522, "order": "reversed", "stats": {"natural": 109829, "reversed": 117522, "fill_asc": 91020, "fill_desc": 90694, "random": 69392}, "n_red": 118329, "certified": false}, "sieve_secs": 0.8, "pred_mem_x_bytes": 742417132, "primes_concurrent": false, "per_prime": {"2147483647": {"sides": {"det": {"mult": 510, "nullity": 0, "instrument": "hybrid kernel + det evaluation rows"}, "per4": {"mult": 510, "nullity": 0, "instrument": "hybrid kernel + per4 evaluation rows"}, "red_pts": {"mult": 486, "nullity": 24, "instrument": "hybrid kernel + red_pts evaluation rows"}, "red_star": {"mult": 486, "nullity": 24, "instrument": "hybrid kernel + (star)"}}, "hybrid": {"nS": 134861, "nU": 863, "excess": 353, "nnzT": 534540, "rows_other": 164602, "order": "reversed", "cover_stats": {"natural": 124141, "reversed": 134861, "fill_asc": 101602, "fill_desc": 101388, "random": 77208}, "ublock": 863, "nblocks": 1, "attempts": [{"attempt": 0, "m": 927, "nproj": 8, "projected_nullity": 510, "verified": true, "rank": 510, "secs": {"split": 0.1, "trisolve": 14.3, "schur": 7.1, "nullspace": 0.7, "lift_verify": 15.9, "rank": 2.6}}], "secs": 40.7}, "ev_secs": 158.3, "rank_secs": 75.4, "secs": 274.5, "hwm_gb": 4.41}, "2147483629": {"sides": {"det": {"mult": 510, "nullity": 0, "instrument": "hybrid kernel + det evaluation rows"}, "per4": {"mult": 510, "nullity": 0, "instrument": "hybrid kernel + per4 evaluation rows"}, "red_pts": {"mult": 486, "nullity": 24, "instrument": "hybrid kernel + red_pts evaluation rows"}, "red_star": {"mult": 486, "nullity": 24, "instrument": "hybrid kernel + (star)"}}, "hybrid": {"nS": 134861, "nU": 863, "excess": 353, "nnzT": 534540, "rows_other": 164602, "order": "reversed", "cover_stats": {"natural": 124141, "reversed": 134861, "fill_asc": 101602, "fill_desc": 101388, "random": 77208}, "ublock": 863, "nblocks": 1, "attempts": [{"attempt": 0, "m": 927, "nproj": 8, "projected_nullity": 510, "verified": true, "rank": 510, "secs": {"split": 0.1, "trisolve": 7.6, "schur": 7.5, "nullspace": 0.7, "lift_verify": 16.5, "rank": 3.7}}], "secs": 36.0}, "ev_secs": 170.0, "rank_secs": 75.1, "secs": 281.2, "hwm_gb": 4.41}}, "sides": {"det": {"mult": 510, "per_prime": {"2147483647": 510, "2147483629": 510}, "primes_agree": true, "instrument": "hybrid kernel + det evaluation rows", "status": "proved (full rank at both primes: mult = a over Q)"}, "per4": {"mult": 510, "per_prime": {"2147483647": 510, "2147483629": 510}, "primes_agree": true, "instrument": "hybrid kernel + per4 evaluation rows", "status": "proved (full rank at both primes: mult = a over Q)"}, "red_star": {"mult": 486, "per_prime": {"2147483647": 486, "2147483629": 486}, "primes_agree": true, "instrument": "hybrid kernel + (star)", "status": "measured (exact mod both primes, kernel exhibited): mult = 486"}, "red_pts": {"mult": 486, "per_prime": {"2147483647": 486, "2147483629": 486}, "primes_agree": true, "instrument": "hybrid kernel + red_pts evaluation rows", "status": "measured (exact mod both primes, kernel exhibited): mult = 486"}}, "mult_det": 510, "mult_per4": 510, "mult_red_star": 486, "mult_red_pts": 486, "mult_red": 486, "star_eq_pts": true, "i_det": 0, "i_red": 24, "i_per4": 0, "D": -24, "refute": false, "halt": false, "ok": true, "secs": 565.1, "hwm_gb": 4.41, "certs": [["results/certs/s71/41_13_8_1_1_d16_hybrid_p2147483647.json.gz", 150926], ["results/certs/s71/41_13_8_1_1_d16_hybrid_p2147483629.json.gz", 150925]]}
