      level 1: 36 prefixes
      level 2: 442 prefixes
      level 3: 2872 prefixes
      level 4: 12716 prefixes
      level 5: 39883 prefixes
      level 6: 91769 prefixes
      level 7: 151860 prefixes
      level 8: 189175 prefixes
      level 9: 201966 prefixes
      level 10: 204216 prefixes
      level 11: 204356 prefixes
      level 12: 204356 prefixes
      level 13: 204356 prefixes
      level 14: 204356 prefixes
      level 15: 204356 prefixes
      level 16: 204356 prefixes
      level 17: 204356 prefixes
  lam=(45, 15, 6, 1, 1): N_S=204356 |Stab|=2 n_chi=78348 (orbits dropped: 47660) [lean, 0s, HWM 0.13 GB]
    E_01: |H|=2 targets 163679 canonical rows 62577 nnz 377070 (obstructed fixed targets cancelled: 14736) [2s, HWM 0.14 GB]
    E_12: |H|=2 targets 135711 canonical rows 51576 nnz 253393 (obstructed fixed targets cancelled: 8305) [3s, HWM 0.14 GB]
    E_23: |H|=1 targets 59786 canonical rows 59593 nnz 156696 (obstructed fixed targets cancelled: 0) [3s, HWM 0.14 GB]
    E_34: |H|=1 targets 126008 canonical rows 0 nnz 0 (obstructed fixed targets cancelled: 0) [4s, HWM 0.14 GB]
  built (45, 15, 6, 1, 1) d17: N_S=204356 |Stab|=2 n_chi=78348 rows=173746 nnz=787159 (6s: mono 1s orbits 0s rows 4s; HWM 0.14 GB)
  sieve (45, 15, 6, 1, 1) d17: cover(E) 77863/78348 by reversed (a=393, |U|=485, excess 92; {'natural': 71251, 'reversed': 77863, 'fill_asc': 59472, 'fill_desc': 59550, 'random': 47080}); cover(E_red) 66813/67264 (0.4s)
    hybrid[45_15_6_1_1d17] p=2147483647 attempt 0: |S|=77863 |U|=485 (a=393, excess 92) m=549 blocks 1x485 projected nullity 393, verified=True, rank 393 [split 0.2s trisolve 9.3s schur 4.5s null 0.5s lift 13.8s rank 2.3s]
    hybrid[45_15_6_1_1d17] p=2147483629 attempt 0: |S|=77863 |U|=485 (a=393, excess 92) m=549 blocks 1x485 projected nullity 393, verified=True, rank 393 [split 0.2s trisolve 9.3s schur 4.8s null 0.4s lift 14.8s rank 2.3s]
  RESULT (45, 15, 6, 1, 1) d17: a=393 n_chi=78348 |U|=485 mult_det=393 mult_per4=393 mult_red(star)=389 mult_red(pts)=389 i_det=0 i_red=4 i_per4=0 D=-4  (272.9s, HWM 2.0 GB)
RESULT {"lam": [45, 15, 6, 1, 1], "delta": 17, "ell": 5, "a": 393, "K": 401, "N_S": 204356, "stab": 2, "n_chi": 78348, "nrows": 173746, "nnz": 787159, "nfixed": 23041, "build_secs": 5.5, "build_hwm_gb": 0.14, "route": "hybrid", "h_pad": 650, "seeds": {"det": 11, "red": 29, "per4": 47, "hybrid": 20260908}, "bound": 40, "primes": [2147483647, 2147483629], "n_red": 67264, "cover_E": {"size": 77863, "order": "reversed", "stats": {"natural": 71251, "reversed": 77863, "fill_asc": 59472, "fill_desc": 59550, "random": 47080}, "n_chi": 78348, "a": 393, "excess": 92, "certified_rank_lb": 77863}, "cover_Ered": {"size": 66813, "order": "reversed", "stats": {"natural": 62027, "reversed": 66813, "fill_asc": 52710, "fill_desc": 52637, "random": 41727}, "n_red": 67264, "certified": false}, "sieve_secs": 0.4, "pred_mem_x_bytes": 274217276, "primes_concurrent": true, "per_prime": {"2147483647": {"sides": {"det": {"mult": 393, "nullity": 0, "instrument": "hybrid kernel + det evaluation rows"}, "per4": {"mult": 393, "nullity": 0, "instrument": "hybrid kernel + per4 evaluation rows"}, "red_pts": {"mult": 389, "nullity": 4, "instrument": "hybrid kernel + red_pts evaluation rows"}, "red_star": {"mult": 389, "nullity": 4, "instrument": "hybrid kernel + (star)"}}, "hybrid": {"nS": 77863, "nU": 485, "excess": 92, "nnzT": 287006, "rows_other": 95883, "order": "reversed", "cover_stats": {"natural": 71251, "reversed": 77863, "fill_asc": 59472, "fill_desc": 59550, "random": 47080}, "ublock": 485, "nblocks": 1, "attempts": [{"attempt": 0, "m": 549, "nproj": 8, "projected_nullity": 393, "verified": true, "rank": 393, "secs": {"split": 0.2, "trisolve": 9.3, "schur": 4.5, "nullspace": 0.5, "lift_verify": 13.8, "rank": 2.3}}], "secs": 30.7}, "ev_secs": 159.0, "rank_secs": 73.5, "secs": 263.1, "hwm_gb": 2.0}, "2147483629": {"sides": {"det": {"mult": 393, "nullity": 0, "instrument": "hybrid kernel + det evaluation rows"}, "per4": {"mult": 393, "nullity": 0, "instrument": "hybrid kernel + per4 evaluation rows"}, "red_pts": {"mult": 389, "nullity": 4, "instrument": "hybrid kernel + red_pts evaluation rows"}, "red_star": {"mult": 389, "nullity": 4, "instrument": "hybrid kernel + (star)"}}, "hybrid": {"nS": 77863, "nU": 485, "excess": 92, "nnzT": 287006, "rows_other": 95883, "order": "reversed", "cover_stats": {"natural": 71251, "reversed": 77863, "fill_asc": 59472, "fill_desc": 59550, "random": 47080}, "ublock": 485, "nblocks": 1, "attempts": [{"attempt": 0, "m": 549, "nproj": 8, "projected_nullity": 393, "verified": true, "rank": 393, "secs": {"split": 0.2, "trisolve": 9.3, "schur": 4.8, "nullspace": 0.4, "lift_verify": 14.8, "rank": 2.3}}], "secs": 31.9}, "ev_secs": 158.5, "rank_secs": 76.2, "secs": 266.6, "hwm_gb": 2.0}}, "sides": {"det": {"mult": 393, "per_prime": {"2147483647": 393, "2147483629": 393}, "primes_agree": true, "instrument": "hybrid kernel + det evaluation rows", "status": "proved (full rank at both primes: mult = a over Q)"}, "per4": {"mult": 393, "per_prime": {"2147483647": 393, "2147483629": 393}, "primes_agree": true, "instrument": "hybrid kernel + per4 evaluation rows", "status": "proved (full rank at both primes: mult = a over Q)"}, "red_star": {"mult": 389, "per_prime": {"2147483647": 389, "2147483629": 389}, "primes_agree": true, "instrument": "hybrid kernel + (star)", "status": "measured (exact mod both primes, kernel exhibited): mult = 389"}, "red_pts": {"mult": 389, "per_prime": {"2147483647": 389, "2147483629": 389}, "primes_agree": true, "instrument": "hybrid kernel + red_pts evaluation rows", "status": "measured (exact mod both primes, kernel exhibited): mult = 389"}}, "mult_det": 393, "mult_per4": 393, "mult_red_star": 389, "mult_red_pts": 389, "mult_red": 389, "star_eq_pts": true, "i_det": 0, "i_red": 4, "i_per4": 0, "D": -4, "refute": false, "halt": false, "ok": true, "secs": 272.9, "hwm_gb": 2.0, "certs": [["results/certs/s71/45_15_6_1_1_d17_hybrid_p2147483647.json.gz", 117499], ["results/certs/s71/45_15_6_1_1_d17_hybrid_p2147483629.json.gz", 117501]]}
