      level 1: 44 prefixes
      level 2: 637 prefixes
      level 3: 4219 prefixes
      level 4: 12344 prefixes
      level 5: 17486 prefixes
      level 6: 18326 prefixes
      level 7: 18348 prefixes
      level 8: 18348 prefixes
      level 9: 18348 prefixes
      level 10: 18348 prefixes
  lam=(26, 7, 4, 2, 1): N_S=18348 |Stab|=1 n_chi=18348 (orbits dropped: 0) [lean, 0s, HWM 0.07 GB]
    E_01: |H|=1 targets 11839 canonical rows 11839 nnz 63244 (obstructed fixed targets cancelled: 0) [0s, HWM 0.07 GB]
    E_12: |H|=1 targets 12810 canonical rows 12810 nnz 46522 (obstructed fixed targets cancelled: 0) [0s, HWM 0.07 GB]
    E_23: |H|=1 targets 10427 canonical rows 10427 nnz 29793 (obstructed fixed targets cancelled: 0) [0s, HWM 0.07 GB]
    E_34: |H|=1 targets 8765 canonical rows 8765 nnz 18348 (obstructed fixed targets cancelled: 0) [0s, HWM 0.07 GB]
  built (26, 7, 4, 2, 1) d10: N_S=18348 |Stab|=1 n_chi=18348 rows=43841 nnz=157907 (0s: mono 0s orbits 0s rows 0s; HWM 0.07 GB)
  sieve (26, 7, 4, 2, 1) d10: cover(E) 18288/18348 by reversed (a=37, |U|=60, excess 23; {'natural': 17719, 'reversed': 18288, 'fill_asc': 15380, 'fill_desc': 15014, 'random': 12819}); cover(E_red) 12094/12132 (0.1s)
    hybrid[26_7_4_2_1d10] p=2147483629 attempt 0: |S|=18288 |U|=60 (a=37, excess 23) m=124 projected nullity 37, verified=True, rank 37 [split 0.0s trisolve 0.0s schur 0.1s null 0.0s lift 0.1s]
    hybrid[26_7_4_2_1d10] p=2147483647 attempt 0: |S|=18288 |U|=60 (a=37, excess 23) m=124 projected nullity 37, verified=True, rank 37 [split 0.0s trisolve 0.0s schur 0.1s null 0.0s lift 0.1s]
  RESULT (26, 7, 4, 2, 1) d10: a=37 n_chi=18348 |U|=60 mult_det=37 mult_per4=37 mult_red(star)=37 mult_red(pts)=37 i_det=0 i_red=0 i_per4=0 D=0  (2.0s, HWM 0.12 GB)
RESULT {"lam": [26, 7, 4, 2, 1], "delta": 10, "ell": 5, "a": 37, "K": 45, "N_S": 18348, "stab": 1, "n_chi": 18348, "nrows": 43841, "nnz": 157907, "nfixed": 0, "build_secs": 0.3, "build_hwm_gb": 0.07, "route": "hybrid", "h_pad": 121, "seeds": {"det": 11, "red": 29, "per4": 47, "hybrid": 20260908}, "bound": 40, "primes": [2147483647, 2147483629], "n_red": 12132, "cover_E": {"size": 18288, "order": "reversed", "stats": {"natural": 17719, "reversed": 18288, "fill_asc": 15380, "fill_desc": 15014, "random": 12819}, "n_chi": 18348, "a": 37, "excess": 23, "certified_rank_lb": 18288}, "cover_Ered": {"size": 12094, "order": "reversed", "stats": {"natural": 11958, "reversed": 12094, "fill_asc": 10894, "fill_desc": 10727, "random": 9239}, "n_red": 12132, "certified": false}, "sieve_secs": 0.1, "pred_mem_x_bytes": 4389120, "primes_concurrent": true, "per_prime": {"2147483647": {"sides": {"det": {"mult": 37, "nullity": 0, "instrument": "hybrid kernel + det evaluation rows"}, "per4": {"mult": 37, "nullity": 0, "instrument": "hybrid kernel + per4 evaluation rows"}, "red_pts": {"mult": 37, "nullity": 0, "instrument": "hybrid kernel + red_pts evaluation rows"}, "red_star": {"mult": 37, "nullity": 0, "instrument": "hybrid kernel + (star)"}}, "hybrid": {"nS": 18288, "nU": 60, "excess": 23, "nnzT": 47477, "rows_other": 25553, "order": "reversed", "cover_stats": {"natural": 17719, "reversed": 18288, "fill_asc": 15380, "fill_desc": 15014, "random": 12819}, "attempts": [{"attempt": 0, "m": 124, "nproj": 8, "projected_nullity": 37, "verified": true, "rank": 37, "secs": {"split": 0.0, "trisolve": 0.0, "schur": 0.1, "nullspace": 0.0, "lift_verify": 0.1}}], "secs": 0.3}, "ev_secs": 0.9, "rank_secs": 0.4, "secs": 1.6, "hwm_gb": 0.12}, "2147483629": {"sides": {"det": {"mult": 37, "nullity": 0, "instrument": "hybrid kernel + det evaluation rows"}, "per4": {"mult": 37, "nullity": 0, "instrument": "hybrid kernel + per4 evaluation rows"}, "red_pts": {"mult": 37, "nullity": 0, "instrument": "hybrid kernel + red_pts evaluation rows"}, "red_star": {"mult": 37, "nullity": 0, "instrument": "hybrid kernel + (star)"}}, "hybrid": {"nS": 18288, "nU": 60, "excess": 23, "nnzT": 47477, "rows_other": 25553, "order": "reversed", "cover_stats": {"natural": 17719, "reversed": 18288, "fill_asc": 15380, "fill_desc": 15014, "random": 12819}, "attempts": [{"attempt": 0, "m": 124, "nproj": 8, "projected_nullity": 37, "verified": true, "rank": 37, "secs": {"split": 0.0, "trisolve": 0.0, "schur": 0.1, "nullspace": 0.0, "lift_verify": 0.1}}], "secs": 0.3}, "ev_secs": 0.9, "rank_secs": 0.4, "secs": 1.5, "hwm_gb": 0.12}}, "sides": {"det": {"mult": 37, "per_prime": {"2147483647": 37, "2147483629": 37}, "primes_agree": true, "instrument": "hybrid kernel + det evaluation rows", "status": "proved (full rank at both primes: mult = a over Q)"}, "per4": {"mult": 37, "per_prime": {"2147483647": 37, "2147483629": 37}, "primes_agree": true, "instrument": "hybrid kernel + per4 evaluation rows", "status": "proved (full rank at both primes: mult = a over Q)"}, "red_star": {"mult": 37, "per_prime": {"2147483647": 37, "2147483629": 37}, "primes_agree": true, "instrument": "hybrid kernel + (star)", "status": "proved (full rank at both primes: mult = a over Q)"}, "red_pts": {"mult": 37, "per_prime": {"2147483647": 37, "2147483629": 37}, "primes_agree": true, "instrument": "hybrid kernel + red_pts evaluation rows", "status": "proved (full rank at both primes: mult = a over Q)"}}, "mult_det": 37, "mult_per4": 37, "mult_red_star": 37, "mult_red_pts": 37, "mult_red": 37, "star_eq_pts": true, "i_det": 0, "i_red": 0, "i_per4": 0, "D": 0, "refute": false, "halt": false, "ok": true, "secs": 2.0, "hwm_gb": 0.12, "certs": [["results/certs/s71/26_7_4_2_1_d10_hybrid_p2147483647.json.gz", 15831], ["results/certs/s71/26_7_4_2_1_d10_hybrid_p2147483629.json.gz", 15831]]}
