      level 1: 54 prefixes
      level 2: 880 prefixes
      level 3: 6466 prefixes
      level 4: 22837 prefixes
      level 5: 38361 prefixes
      level 6: 42588 prefixes
      level 7: 42873 prefixes
      level 8: 42873 prefixes
      level 9: 42873 prefixes
      level 10: 42873 prefixes
      level 11: 42873 prefixes
  lam=(29, 8, 3, 2, 2): N_S=42873 |Stab|=2 n_chi=23425 (orbits dropped: 0) [lean, 0s, HWM 0.07 GB]
    E_01: |H|=2 targets 28793 canonical rows 15779 nnz 86175 (obstructed fixed targets cancelled: 0) [0s, HWM 0.08 GB]
    E_12: |H|=2 targets 23946 canonical rows 13202 nnz 50042 (obstructed fixed targets cancelled: 0) [0s, HWM 0.08 GB]
    E_23: |H|=1 targets 27509 canonical rows 27509 nnz 70158 (obstructed fixed targets cancelled: 0) [0s, HWM 0.08 GB]
    E_34: |H|=1 targets 32527 canonical rows 32527 nnz 61204 (obstructed fixed targets cancelled: 0) [1s, HWM 0.08 GB]
  built (29, 8, 3, 2, 2) d11: N_S=42873 |Stab|=2 n_chi=23425 rows=89017 nnz=267579 (1s: mono 0s orbits 0s rows 1s; HWM 0.08 GB)
  sieve (29, 8, 3, 2, 2) d11: cover(E) 23369/23425 by reversed (a=35, |U|=56, excess 21; {'natural': 22935, 'reversed': 23369, 'fill_asc': 21139, 'fill_desc': 20827, 'random': 18411}); cover(E_red) 16058/16092 (0.1s)
    hybrid[29_8_3_2_2d11] p=2147483647 attempt 0: |S|=23369 |U|=56 (a=35, excess 21) m=120 projected nullity 35, verified=True, rank 35 [split 0.0s trisolve 0.0s schur 0.1s null 0.0s lift 0.2s]
    hybrid[29_8_3_2_2d11] p=2147483629 attempt 0: |S|=23369 |U|=56 (a=35, excess 21) m=120 projected nullity 35, verified=True, rank 35 [split 0.0s trisolve 0.0s schur 0.1s null 0.0s lift 0.3s]
  RESULT (29, 8, 3, 2, 2) d11: a=35 n_chi=23425 |U|=56 mult_det=35 mult_per4=35 mult_red(star)=35 mult_red(pts)=35 i_det=0 i_red=0 i_per4=0 D=0  (3.7s, HWM 0.14 GB)
RESULT {"lam": [29, 8, 3, 2, 2], "delta": 11, "ell": 5, "a": 35, "K": 43, "N_S": 42873, "stab": 2, "n_chi": 23425, "nrows": 89017, "nnz": 267579, "nfixed": 0, "build_secs": 0.8, "build_hwm_gb": 0.08, "route": "hybrid", "h_pad": 112, "seeds": {"det": 11, "red": 29, "per4": 47, "hybrid": 20260908}, "bound": 40, "primes": [2147483647, 2147483629], "n_red": 16092, "cover_E": {"size": 23369, "order": "reversed", "stats": {"natural": 22935, "reversed": 23369, "fill_asc": 21139, "fill_desc": 20827, "random": 18411}, "n_chi": 23425, "a": 35, "excess": 21, "certified_rank_lb": 23369}, "cover_Ered": {"size": 16058, "order": "reversed", "stats": {"natural": 15921, "reversed": 16058, "fill_asc": 15025, "fill_desc": 14933, "random": 13308}, "n_red": 16092, "certified": false}, "sieve_secs": 0.1, "pred_mem_x_bytes": 5234656, "primes_concurrent": true, "per_prime": {"2147483647": {"sides": {"det": {"mult": 35, "nullity": 0, "instrument": "hybrid kernel + det evaluation rows"}, "per4": {"mult": 35, "nullity": 0, "instrument": "hybrid kernel + per4 evaluation rows"}, "red_pts": {"mult": 35, "nullity": 0, "instrument": "hybrid kernel + red_pts evaluation rows"}, "red_star": {"mult": 35, "nullity": 0, "instrument": "hybrid kernel + (star)"}}, "hybrid": {"nS": 23369, "nU": 56, "excess": 21, "nnzT": 50924, "rows_other": 65648, "order": "reversed", "cover_stats": {"natural": 22935, "reversed": 23369, "fill_asc": 21139, "fill_desc": 20827, "random": 18411}, "attempts": [{"attempt": 0, "m": 120, "nproj": 8, "projected_nullity": 35, "verified": true, "rank": 35, "secs": {"split": 0.0, "trisolve": 0.0, "schur": 0.1, "nullspace": 0.0, "lift_verify": 0.2}}], "secs": 0.4}, "ev_secs": 1.6, "rank_secs": 0.4, "secs": 2.4, "hwm_gb": 0.14}, "2147483629": {"sides": {"det": {"mult": 35, "nullity": 0, "instrument": "hybrid kernel + det evaluation rows"}, "per4": {"mult": 35, "nullity": 0, "instrument": "hybrid kernel + per4 evaluation rows"}, "red_pts": {"mult": 35, "nullity": 0, "instrument": "hybrid kernel + red_pts evaluation rows"}, "red_star": {"mult": 35, "nullity": 0, "instrument": "hybrid kernel + (star)"}}, "hybrid": {"nS": 23369, "nU": 56, "excess": 21, "nnzT": 50924, "rows_other": 65648, "order": "reversed", "cover_stats": {"natural": 22935, "reversed": 23369, "fill_asc": 21139, "fill_desc": 20827, "random": 18411}, "attempts": [{"attempt": 0, "m": 120, "nproj": 8, "projected_nullity": 35, "verified": true, "rank": 35, "secs": {"split": 0.0, "trisolve": 0.0, "schur": 0.1, "nullspace": 0.0, "lift_verify": 0.3}}], "secs": 0.5}, "ev_secs": 1.7, "rank_secs": 0.3, "secs": 2.6, "hwm_gb": 0.14}}, "sides": {"det": {"mult": 35, "per_prime": {"2147483647": 35, "2147483629": 35}, "primes_agree": true, "instrument": "hybrid kernel + det evaluation rows", "status": "proved (full rank at both primes: mult = a over Q)"}, "per4": {"mult": 35, "per_prime": {"2147483647": 35, "2147483629": 35}, "primes_agree": true, "instrument": "hybrid kernel + per4 evaluation rows", "status": "proved (full rank at both primes: mult = a over Q)"}, "red_star": {"mult": 35, "per_prime": {"2147483647": 35, "2147483629": 35}, "primes_agree": true, "instrument": "hybrid kernel + (star)", "status": "proved (full rank at both primes: mult = a over Q)"}, "red_pts": {"mult": 35, "per_prime": {"2147483647": 35, "2147483629": 35}, "primes_agree": true, "instrument": "hybrid kernel + red_pts evaluation rows", "status": "proved (full rank at both primes: mult = a over Q)"}}, "mult_det": 35, "mult_per4": 35, "mult_red_star": 35, "mult_red_pts": 35, "mult_red": 35, "star_eq_pts": true, "i_det": 0, "i_red": 0, "i_per4": 0, "D": 0, "refute": false, "halt": false, "ok": true, "secs": 3.7, "hwm_gb": 0.14, "certs": [["results/certs/s71/29_8_3_2_2_d11_hybrid_p2147483647.json.gz", 15218], ["results/certs/s71/29_8_3_2_2_d11_hybrid_p2147483629.json.gz", 15216]]}
