      level 1: 57 prefixes
      level 2: 1270 prefixes
      level 3: 13586 prefixes
      level 4: 69078 prefixes
      level 5: 150611 prefixes
      level 6: 184822 prefixes
      level 7: 188797 prefixes
      level 8: 188872 prefixes
      level 9: 188872 prefixes
      level 10: 188872 prefixes
  lam=(24, 6, 5, 3, 2): N_S=188872 |Stab|=1 n_chi=188872 (orbits dropped: 0) [lean, 0s, HWM 0.12 GB]
    E_01: |H|=1 targets 108841 canonical rows 108841 nnz 639827 (obstructed fixed targets cancelled: 0) [1s, HWM 0.12 GB]
    E_12: |H|=1 targets 157336 canonical rows 157336 nnz 577153 (obstructed fixed targets cancelled: 0) [1s, HWM 0.13 GB]
    E_23: |H|=1 targets 125275 canonical rows 125275 nnz 419582 (obstructed fixed targets cancelled: 0) [2s, HWM 0.13 GB]
    E_34: |H|=1 targets 119210 canonical rows 119210 nnz 315238 (obstructed fixed targets cancelled: 0) [2s, HWM 0.13 GB]
  built (24, 6, 5, 3, 2) d10: N_S=188872 |Stab|=1 n_chi=188872 rows=510662 nnz=1951800 (3s: mono 1s orbits 0s rows 2s; HWM 0.13 GB)
  sieve (24, 6, 5, 3, 2) d10: cover(E) 188498/188872 by reversed (a=47, |U|=374, excess 327; {'natural': 184940, 'reversed': 188498, 'fill_asc': 166113, 'fill_desc': 156220, 'random': 128490}); cover(E_red) 140540/140819 (0.9s)
    hybrid[24_6_5_3_2d10] p=2147483647 attempt 0: |S|=188498 |U|=374 (a=47, excess 327) m=438 blocks 1x374 projected nullity 47, verified=True, rank 47 [split 0.1s trisolve 5.7s schur 4.8s null 0.1s lift 3.2s rank 0.3s]
    hybrid[24_6_5_3_2d10] p=2147483629 attempt 0: |S|=188498 |U|=374 (a=47, excess 327) m=438 blocks 1x374 projected nullity 47, verified=True, rank 47 [split 0.1s trisolve 5.3s schur 5.0s null 0.1s lift 2.8s rank 0.3s]
  RESULT (24, 6, 5, 3, 2) d10: a=47 n_chi=188872 |U|=374 mult_det=47 mult_per4=47 mult_red(star)=47 mult_red(pts)=47 i_det=0 i_red=0 i_per4=0 D=0  (58.0s, HWM 1.25 GB)
RESULT {"lam": [24, 6, 5, 3, 2], "delta": 10, "ell": 5, "a": 47, "K": 55, "N_S": 188872, "stab": 1, "n_chi": 188872, "nrows": 510662, "nnz": 1951800, "nfixed": 0, "build_secs": 3.2, "build_hwm_gb": 0.13, "route": "hybrid", "h_pad": 145, "seeds": {"det": 11, "red": 29, "per4": 47, "hybrid": 20260908}, "bound": 40, "primes": [2147483647, 2147483629], "n_red": 140819, "cover_E": {"size": 188498, "order": "reversed", "stats": {"natural": 184940, "reversed": 188498, "fill_asc": 166113, "fill_desc": 156220, "random": 128490}, "n_chi": 188872, "a": 47, "excess": 327, "certified_rank_lb": 188498}, "cover_Ered": {"size": 140540, "order": "reversed", "stats": {"natural": 139582, "reversed": 140540, "fill_asc": 128360, "fill_desc": 121686, "random": 100661}, "n_red": 140819, "certified": false}, "sieve_secs": 0.9, "pred_mem_x_bytes": 317500944, "primes_concurrent": false, "per_prime": {"2147483647": {"sides": {"det": {"mult": 47, "nullity": 0, "instrument": "hybrid kernel + det evaluation rows"}, "per4": {"mult": 47, "nullity": 0, "instrument": "hybrid kernel + per4 evaluation rows"}, "red_pts": {"mult": 47, "nullity": 0, "instrument": "hybrid kernel + red_pts evaluation rows"}, "red_star": {"mult": 47, "nullity": 0, "instrument": "hybrid kernel + (star)"}}, "hybrid": {"nS": 188498, "nU": 374, "excess": 327, "nnzT": 543797, "rows_other": 322164, "order": "reversed", "cover_stats": {"natural": 184940, "reversed": 188498, "fill_asc": 166113, "fill_desc": 156220, "random": 128490}, "ublock": 374, "nblocks": 1, "attempts": [{"attempt": 0, "m": 438, "nproj": 8, "projected_nullity": 47, "verified": true, "rank": 47, "secs": {"split": 0.1, "trisolve": 5.7, "schur": 4.8, "nullspace": 0.1, "lift_verify": 3.2, "rank": 0.3}}], "secs": 14.3}, "ev_secs": 7.8, "rank_secs": 5.0, "secs": 27.2, "hwm_gb": 1.22}, "2147483629": {"sides": {"det": {"mult": 47, "nullity": 0, "instrument": "hybrid kernel + det evaluation rows"}, "per4": {"mult": 47, "nullity": 0, "instrument": "hybrid kernel + per4 evaluation rows"}, "red_pts": {"mult": 47, "nullity": 0, "instrument": "hybrid kernel + red_pts evaluation rows"}, "red_star": {"mult": 47, "nullity": 0, "instrument": "hybrid kernel + (star)"}}, "hybrid": {"nS": 188498, "nU": 374, "excess": 327, "nnzT": 543797, "rows_other": 322164, "order": "reversed", "cover_stats": {"natural": 184940, "reversed": 188498, "fill_asc": 166113, "fill_desc": 156220, "random": 128490}, "ublock": 374, "nblocks": 1, "attempts": [{"attempt": 0, "m": 438, "nproj": 8, "projected_nullity": 47, "verified": true, "rank": 47, "secs": {"split": 0.1, "trisolve": 5.3, "schur": 5.0, "nullspace": 0.1, "lift_verify": 2.8, "rank": 0.3}}], "secs": 13.7}, "ev_secs": 7.9, "rank_secs": 5.0, "secs": 26.6, "hwm_gb": 1.25}}, "sides": {"det": {"mult": 47, "per_prime": {"2147483647": 47, "2147483629": 47}, "primes_agree": true, "instrument": "hybrid kernel + det evaluation rows", "status": "proved (full rank at both primes: mult = a over Q)"}, "per4": {"mult": 47, "per_prime": {"2147483647": 47, "2147483629": 47}, "primes_agree": true, "instrument": "hybrid kernel + per4 evaluation rows", "status": "proved (full rank at both primes: mult = a over Q)"}, "red_star": {"mult": 47, "per_prime": {"2147483647": 47, "2147483629": 47}, "primes_agree": true, "instrument": "hybrid kernel + (star)", "status": "proved (full rank at both primes: mult = a over Q)"}, "red_pts": {"mult": 47, "per_prime": {"2147483647": 47, "2147483629": 47}, "primes_agree": true, "instrument": "hybrid kernel + red_pts evaluation rows", "status": "proved (full rank at both primes: mult = a over Q)"}}, "mult_det": 47, "mult_per4": 47, "mult_red_star": 47, "mult_red_pts": 47, "mult_red": 47, "star_eq_pts": true, "i_det": 0, "i_red": 0, "i_per4": 0, "D": 0, "refute": false, "halt": false, "ok": true, "secs": 58.0, "hwm_gb": 1.25, "certs": [["results/certs/s71/24_6_5_3_2_d10_hybrid_p2147483647.json.gz", 18932], ["results/certs/s71/24_6_5_3_2_d10_hybrid_p2147483629.json.gz", 18934]]}
