      level 1: 59 prefixes
      level 2: 1317 prefixes
      level 3: 13525 prefixes
      level 4: 73065 prefixes
      level 5: 220236 prefixes
      level 6: 352399 prefixes
      level 7: 392366 prefixes
      level 8: 396198 prefixes
      level 9: 396270 prefixes
      level 10: 396270 prefixes
  lam=(22, 9, 3, 3, 3): N_S=396270 |Stab|=6 n_chi=59577 (orbits dropped: 13186) [lean, 2s, HWM 0.14 GB]
    E_01: |H|=6 targets 281239 canonical rows 42024 nnz 249728 (obstructed fixed targets cancelled: 19143) [2s, HWM 0.17 GB]
    E_12: |H|=2 targets 200831 canonical rows 96474 nnz 398612 (obstructed fixed targets cancelled: 3424) [3s, HWM 0.17 GB]
    E_23: |H|=1 targets 330486 canonical rows 326676 nnz 741616 (obstructed fixed targets cancelled: 0) [5s, HWM 0.17 GB]
    E_34: |H|=1 targets 330486 canonical rows 326676 nnz 741616 (obstructed fixed targets cancelled: 0) [6s, HWM 0.19 GB]
  built (22, 9, 3, 3, 3) d10: N_S=396270 |Stab|=6 n_chi=59577 rows=791850 nnz=2131572 (8s: mono 1s orbits 2s rows 6s; HWM 0.19 GB)
  sieve (22, 9, 3, 3, 3) d10: cover(E) 59547/59577 by reversed (a=13, |U|=30, excess 17; {'natural': 58737, 'reversed': 59547, 'fill_asc': 55689, 'fill_desc': 57420, 'random': 52282}); cover(E_red) 49401/49429 (1.3s)
    hybrid[22_9_3_3_3d10] p=2147483629 attempt 0: |S|=59547 |U|=30 (a=13, excess 17) m=94 projected nullity 13, verified=True, rank 13 [split 0.1s trisolve 0.0s schur 0.8s null 0.0s lift 2.1s]
    hybrid[22_9_3_3_3d10] p=2147483647 attempt 0: |S|=59547 |U|=30 (a=13, excess 17) m=94 projected nullity 13, verified=True, rank 13 [split 0.1s trisolve 0.0s schur 0.8s null 0.0s lift 2.2s]
  RESULT (22, 9, 3, 3, 3) d10: a=13 n_chi=59577 |U|=30 mult_det=13 mult_per4=13 mult_red(star)=13 mult_red(pts)=13 i_det=0 i_red=0 i_per4=0 D=0  (18.6s, HWM 0.43 GB)
RESULT {"lam": [22, 9, 3, 3, 3], "delta": 10, "ell": 5, "a": 13, "K": 21, "N_S": 396270, "stab": 6, "n_chi": 59577, "nrows": 791850, "nnz": 2131572, "nfixed": 22567, "build_secs": 8.4, "build_hwm_gb": 0.19, "route": "hybrid", "h_pad": 30, "seeds": {"det": 11, "red": 29, "per4": 47, "hybrid": 20260908}, "bound": 40, "primes": [2147483647, 2147483629], "n_red": 49429, "cover_E": {"size": 59547, "order": "reversed", "stats": {"natural": 58737, "reversed": 59547, "fill_asc": 55689, "fill_desc": 57420, "random": 52282}, "n_chi": 59577, "a": 13, "excess": 17, "certified_rank_lb": 59547}, "cover_Ered": {"size": 49401, "order": "reversed", "stats": {"natural": 48855, "reversed": 49401, "fill_asc": 46587, "fill_desc": 47813, "random": 43389}, "n_red": 49429, "certified": false}, "sieve_secs": 1.3, "pred_mem_x_bytes": 7145640, "primes_concurrent": true, "per_prime": {"2147483647": {"sides": {"det": {"mult": 13, "nullity": 0, "instrument": "hybrid kernel + det evaluation rows"}, "per4": {"mult": 13, "nullity": 0, "instrument": "hybrid kernel + per4 evaluation rows"}, "red_pts": {"mult": 13, "nullity": 0, "instrument": "hybrid kernel + red_pts evaluation rows"}, "red_star": {"mult": 13, "nullity": 0, "instrument": "hybrid kernel + (star)"}}, "hybrid": {"nS": 59547, "nU": 30, "excess": 17, "nnzT": 112038, "rows_other": 732303, "order": "reversed", "cover_stats": {"natural": 58737, "reversed": 59547, "fill_asc": 55689, "fill_desc": 57420, "random": 52282}, "attempts": [{"attempt": 0, "m": 94, "nproj": 8, "projected_nullity": 13, "verified": true, "rank": 13, "secs": {"split": 0.1, "trisolve": 0.0, "schur": 0.8, "nullspace": 0.0, "lift_verify": 2.2}}], "secs": 3.1}, "ev_secs": 5.3, "rank_secs": 0.3, "secs": 8.7, "hwm_gb": 0.43}, "2147483629": {"sides": {"det": {"mult": 13, "nullity": 0, "instrument": "hybrid kernel + det evaluation rows"}, "per4": {"mult": 13, "nullity": 0, "instrument": "hybrid kernel + per4 evaluation rows"}, "red_pts": {"mult": 13, "nullity": 0, "instrument": "hybrid kernel + red_pts evaluation rows"}, "red_star": {"mult": 13, "nullity": 0, "instrument": "hybrid kernel + (star)"}}, "hybrid": {"nS": 59547, "nU": 30, "excess": 17, "nnzT": 112038, "rows_other": 732303, "order": "reversed", "cover_stats": {"natural": 58737, "reversed": 59547, "fill_asc": 55689, "fill_desc": 57420, "random": 52282}, "attempts": [{"attempt": 0, "m": 94, "nproj": 8, "projected_nullity": 13, "verified": true, "rank": 13, "secs": {"split": 0.1, "trisolve": 0.0, "schur": 0.8, "nullspace": 0.0, "lift_verify": 2.1}}], "secs": 3.1}, "ev_secs": 5.2, "rank_secs": 0.3, "secs": 8.5, "hwm_gb": 0.43}}, "sides": {"det": {"mult": 13, "per_prime": {"2147483647": 13, "2147483629": 13}, "primes_agree": true, "instrument": "hybrid kernel + det evaluation rows", "status": "proved (full rank at both primes: mult = a over Q)"}, "per4": {"mult": 13, "per_prime": {"2147483647": 13, "2147483629": 13}, "primes_agree": true, "instrument": "hybrid kernel + per4 evaluation rows", "status": "proved (full rank at both primes: mult = a over Q)"}, "red_star": {"mult": 13, "per_prime": {"2147483647": 13, "2147483629": 13}, "primes_agree": true, "instrument": "hybrid kernel + (star)", "status": "proved (full rank at both primes: mult = a over Q)"}, "red_pts": {"mult": 13, "per_prime": {"2147483647": 13, "2147483629": 13}, "primes_agree": true, "instrument": "hybrid kernel + red_pts evaluation rows", "status": "proved (full rank at both primes: mult = a over Q)"}}, "mult_det": 13, "mult_per4": 13, "mult_red_star": 13, "mult_red_pts": 13, "mult_red": 13, "star_eq_pts": true, "i_det": 0, "i_red": 0, "i_per4": 0, "D": 0, "refute": false, "halt": false, "ok": true, "secs": 18.6, "hwm_gb": 0.43, "certs": [["results/certs/s71/22_9_3_3_3_d10_hybrid_p2147483647.json.gz", 8338], ["results/certs/s71/22_9_3_3_3_d10_hybrid_p2147483629.json.gz", 8338]]}
