      level 1: 48 prefixes
      level 2: 973 prefixes
      level 3: 10833 prefixes
      level 4: 68592 prefixes
      level 5: 216672 prefixes
      level 6: 348409 prefixes
      level 7: 387845 prefixes
      level 8: 391642 prefixes
      level 9: 391708 prefixes
      level 10: 391708 prefixes
      level 11: 391708 prefixes
  lam=(26, 7, 5, 5, 1): N_S=391708 |Stab|=2 n_chi=193330 (orbits dropped: 5048) [lean, 1s, HWM 0.15 GB]
    E_01: |H|=2 targets 238804 canonical rows 117682 nnz 720212 (obstructed fixed targets cancelled: 2801) [2s, HWM 0.16 GB]
    E_12: |H|=1 targets 304356 canonical rows 304327 nnz 1197208 (obstructed fixed targets cancelled: 0) [4s, HWM 0.18 GB]
    E_23: |H|=1 targets 353872 canonical rows 353775 nnz 1174377 (obstructed fixed targets cancelled: 0) [6s, HWM 0.21 GB]
    E_34: |H|=1 targets 117795 canonical rows 117795 nnz 386660 (obstructed fixed targets cancelled: 0) [6s, HWM 0.21 GB]
  built (26, 7, 5, 5, 1) d11: N_S=391708 |Stab|=2 n_chi=193330 rows=893579 nnz=3478457 (8s: mono 1s orbits 1s rows 6s; HWM 0.21 GB)
  sieve (26, 7, 5, 5, 1) d11: cover(E) 193034/193330 by reversed (a=64, |U|=296, excess 232; {'natural': 187500, 'reversed': 193034, 'fill_asc': 173618, 'fill_desc': 174560, 'random': 139553}); cover(E_red) 155650/155899 (1.9s)
    hybrid[26_7_5_5_1d11] p=2147483647 attempt 0: |S|=193034 |U|=296 (a=64, excess 232) m=360 blocks 1x296 projected nullity 64, verified=True, rank 64 [split 0.2s trisolve 6.1s schur 8.1s null 0.1s lift 6.5s rank 0.5s]
    hybrid[26_7_5_5_1d11] p=2147483629 attempt 0: |S|=193034 |U|=296 (a=64, excess 232) m=360 blocks 1x296 projected nullity 64, verified=True, rank 64 [split 0.2s trisolve 6.1s schur 8.2s null 0.1s lift 6.6s rank 0.4s]
  RESULT (26, 7, 5, 5, 1) d11: a=64 n_chi=193330 |U|=296 mult_det=64 mult_per4=64 mult_red(star)=63 mult_red(pts)=63 i_det=0 i_red=1 i_per4=0 D=-1  (63.7s, HWM 1.28 GB)
RESULT {"lam": [26, 7, 5, 5, 1], "delta": 11, "ell": 5, "a": 64, "K": 72, "N_S": 391708, "stab": 2, "n_chi": 193330, "nrows": 893579, "nnz": 3478457, "nfixed": 2801, "build_secs": 8.1, "build_hwm_gb": 0.21, "route": "hybrid", "h_pad": 131, "seeds": {"det": 11, "red": 29, "per4": 47, "hybrid": 20260908}, "bound": 40, "primes": [2147483647, 2147483629], "n_red": 155899, "cover_E": {"size": 193034, "order": "reversed", "stats": {"natural": 187500, "reversed": 193034, "fill_asc": 173618, "fill_desc": 174560, "random": 139553}, "n_chi": 193330, "a": 64, "excess": 232, "certified_rank_lb": 193034}, "cover_Ered": {"size": 155650, "order": "reversed", "stats": {"natural": 152983, "reversed": 155650, "fill_asc": 142655, "fill_desc": 142497, "random": 114582}, "n_red": 155899, "certified": false}, "sieve_secs": 1.9, "pred_mem_x_bytes": 278044736, "primes_concurrent": true, "per_prime": {"2147483647": {"sides": {"det": {"mult": 64, "nullity": 0, "instrument": "hybrid kernel + det evaluation rows"}, "per4": {"mult": 64, "nullity": 0, "instrument": "hybrid kernel + per4 evaluation rows"}, "red_pts": {"mult": 63, "nullity": 1, "instrument": "hybrid kernel + red_pts evaluation rows"}, "red_star": {"mult": 63, "nullity": 1, "instrument": "hybrid kernel + (star)"}}, "hybrid": {"nS": 193034, "nU": 296, "excess": 232, "nnzT": 554171, "rows_other": 700545, "order": "reversed", "cover_stats": {"natural": 187500, "reversed": 193034, "fill_asc": 173618, "fill_desc": 174560, "random": 139553}, "ublock": 296, "nblocks": 1, "attempts": [{"attempt": 0, "m": 360, "nproj": 8, "projected_nullity": 64, "verified": true, "rank": 64, "secs": {"split": 0.2, "trisolve": 6.1, "schur": 8.1, "nullspace": 0.1, "lift_verify": 6.5, "rank": 0.5}}], "secs": 21.8}, "ev_secs": 22.7, "rank_secs": 8.4, "secs": 53.0, "hwm_gb": 1.28}, "2147483629": {"sides": {"det": {"mult": 64, "nullity": 0, "instrument": "hybrid kernel + det evaluation rows"}, "per4": {"mult": 64, "nullity": 0, "instrument": "hybrid kernel + per4 evaluation rows"}, "red_pts": {"mult": 63, "nullity": 1, "instrument": "hybrid kernel + red_pts evaluation rows"}, "red_star": {"mult": 63, "nullity": 1, "instrument": "hybrid kernel + (star)"}}, "hybrid": {"nS": 193034, "nU": 296, "excess": 232, "nnzT": 554171, "rows_other": 700545, "order": "reversed", "cover_stats": {"natural": 187500, "reversed": 193034, "fill_asc": 173618, "fill_desc": 174560, "random": 139553}, "ublock": 296, "nblocks": 1, "attempts": [{"attempt": 0, "m": 360, "nproj": 8, "projected_nullity": 64, "verified": true, "rank": 64, "secs": {"split": 0.2, "trisolve": 6.1, "schur": 8.2, "nullspace": 0.1, "lift_verify": 6.6, "rank": 0.4}}], "secs": 22.1}, "ev_secs": 22.9, "rank_secs": 8.6, "secs": 53.6, "hwm_gb": 1.28}}, "sides": {"det": {"mult": 64, "per_prime": {"2147483647": 64, "2147483629": 64}, "primes_agree": true, "instrument": "hybrid kernel + det evaluation rows", "status": "proved (full rank at both primes: mult = a over Q)"}, "per4": {"mult": 64, "per_prime": {"2147483647": 64, "2147483629": 64}, "primes_agree": true, "instrument": "hybrid kernel + per4 evaluation rows", "status": "proved (full rank at both primes: mult = a over Q)"}, "red_star": {"mult": 63, "per_prime": {"2147483647": 63, "2147483629": 63}, "primes_agree": true, "instrument": "hybrid kernel + (star)", "status": "measured (exact mod both primes, kernel exhibited): mult = 63"}, "red_pts": {"mult": 63, "per_prime": {"2147483647": 63, "2147483629": 63}, "primes_agree": true, "instrument": "hybrid kernel + red_pts evaluation rows", "status": "measured (exact mod both primes, kernel exhibited): mult = 63"}}, "mult_det": 64, "mult_per4": 64, "mult_red_star": 63, "mult_red_pts": 63, "mult_red": 63, "star_eq_pts": true, "i_det": 0, "i_red": 1, "i_per4": 0, "D": -1, "refute": false, "halt": false, "ok": true, "secs": 63.7, "hwm_gb": 1.28, "certs": [["results/certs/s71/26_7_5_5_1_d11_hybrid_p2147483647.json.gz", 24078], ["results/certs/s71/26_7_5_5_1_d11_hybrid_p2147483629.json.gz", 24079]]}
