      level 1: 44 prefixes
      level 2: 673 prefixes
      level 3: 5668 prefixes
      level 4: 27464 prefixes
      level 5: 66967 prefixes
      level 6: 91225 prefixes
      level 7: 96286 prefixes
      level 8: 96587 prefixes
      level 9: 96587 prefixes
      level 10: 96587 prefixes
      level 11: 96587 prefixes
  lam=(27, 7, 7, 2, 1): N_S=96587 |Stab|=2 n_chi=47797 (orbits dropped: 993) [lean, 0s, HWM 0.09 GB]
    E_01: |H|=1 targets 60022 canonical rows 60022 nnz 344762 (obstructed fixed targets cancelled: 0) [0s, HWM 0.09 GB]
    E_12: |H|=1 targets 90574 canonical rows 90558 nnz 341586 (obstructed fixed targets cancelled: 0) [1s, HWM 0.10 GB]
    E_23: |H|=1 targets 42368 canonical rows 42364 nnz 158186 (obstructed fixed targets cancelled: 0) [1s, HWM 0.10 GB]
    E_34: |H|=2 targets 44823 canonical rows 22069 nnz 47601 (obstructed fixed targets cancelled: 196) [1s, HWM 0.10 GB]
  built (27, 7, 7, 2, 1) d11: N_S=96587 |Stab|=2 n_chi=47797 rows=215013 nnz=892135 (2s: mono 0s orbits 0s rows 1s; HWM 0.10 GB)
  sieve (27, 7, 7, 2, 1) d11: cover(E) 47702/47797 by reversed (a=52, |U|=95, excess 43; {'natural': 45520, 'reversed': 47702, 'fill_asc': 43110, 'fill_desc': 42595, 'random': 34562}); cover(E_red) 36793/36873 (0.4s)
    hybrid[27_7_7_2_1d11] p=2147483647 attempt 0: |S|=47702 |U|=95 (a=52, excess 43) m=159 projected nullity 52, verified=True, rank 52 [split 0.1s trisolve 0.1s schur 0.7s null 0.0s lift 1.3s]
    hybrid[27_7_7_2_1d11] p=2147483629 attempt 0: |S|=47702 |U|=95 (a=52, excess 43) m=159 projected nullity 52, verified=True, rank 52 [split 0.1s trisolve 0.1s schur 0.8s null 0.0s lift 1.6s]
  RESULT (27, 7, 7, 2, 1) d11: a=52 n_chi=47797 |U|=95 mult_det=52 mult_per4=52 mult_red(star)=52 mult_red(pts)=52 i_det=0 i_red=0 i_per4=0 D=0  (10.7s, HWM 0.32 GB)
RESULT {"lam": [27, 7, 7, 2, 1], "delta": 11, "ell": 5, "a": 52, "K": 60, "N_S": 96587, "stab": 2, "n_chi": 47797, "nrows": 215013, "nnz": 892135, "nfixed": 196, "build_secs": 1.8, "build_hwm_gb": 0.1, "route": "hybrid", "h_pad": 119, "seeds": {"det": 11, "red": 29, "per4": 47, "hybrid": 20260908}, "bound": 40, "primes": [2147483647, 2147483629], "n_red": 36873, "cover_E": {"size": 47702, "order": "reversed", "stats": {"natural": 45520, "reversed": 47702, "fill_asc": 43110, "fill_desc": 42595, "random": 34562}, "n_chi": 47797, "a": 52, "excess": 43, "certified_rank_lb": 47702}, "cover_Ered": {"size": 36793, "order": "reversed", "stats": {"natural": 35637, "reversed": 36793, "fill_asc": 34612, "fill_desc": 33890, "random": 28121}, "n_red": 36873, "certified": false}, "sieve_secs": 0.4, "pred_mem_x_bytes": 18126760, "primes_concurrent": true, "per_prime": {"2147483647": {"sides": {"det": {"mult": 52, "nullity": 0, "instrument": "hybrid kernel + det evaluation rows"}, "per4": {"mult": 52, "nullity": 0, "instrument": "hybrid kernel + per4 evaluation rows"}, "red_pts": {"mult": 52, "nullity": 0, "instrument": "hybrid kernel + red_pts evaluation rows"}, "red_star": {"mult": 52, "nullity": 0, "instrument": "hybrid kernel + (star)"}}, "hybrid": {"nS": 47702, "nU": 95, "excess": 43, "nnzT": 130182, "rows_other": 167311, "order": "reversed", "cover_stats": {"natural": 45520, "reversed": 47702, "fill_asc": 43110, "fill_desc": 42595, "random": 34562}, "attempts": [{"attempt": 0, "m": 159, "nproj": 8, "projected_nullity": 52, "verified": true, "rank": 52, "secs": {"split": 0.1, "trisolve": 0.1, "schur": 0.7, "nullspace": 0.0, "lift_verify": 1.3}}], "secs": 2.4}, "ev_secs": 4.3, "rank_secs": 1.6, "secs": 8.3, "hwm_gb": 0.32}, "2147483629": {"sides": {"det": {"mult": 52, "nullity": 0, "instrument": "hybrid kernel + det evaluation rows"}, "per4": {"mult": 52, "nullity": 0, "instrument": "hybrid kernel + per4 evaluation rows"}, "red_pts": {"mult": 52, "nullity": 0, "instrument": "hybrid kernel + red_pts evaluation rows"}, "red_star": {"mult": 52, "nullity": 0, "instrument": "hybrid kernel + (star)"}}, "hybrid": {"nS": 47702, "nU": 95, "excess": 43, "nnzT": 130182, "rows_other": 167311, "order": "reversed", "cover_stats": {"natural": 45520, "reversed": 47702, "fill_asc": 43110, "fill_desc": 42595, "random": 34562}, "attempts": [{"attempt": 0, "m": 159, "nproj": 8, "projected_nullity": 52, "verified": true, "rank": 52, "secs": {"split": 0.1, "trisolve": 0.1, "schur": 0.8, "nullspace": 0.0, "lift_verify": 1.6}}], "secs": 2.7}, "ev_secs": 4.3, "rank_secs": 1.4, "secs": 8.4, "hwm_gb": 0.32}}, "sides": {"det": {"mult": 52, "per_prime": {"2147483647": 52, "2147483629": 52}, "primes_agree": true, "instrument": "hybrid kernel + det evaluation rows", "status": "proved (full rank at both primes: mult = a over Q)"}, "per4": {"mult": 52, "per_prime": {"2147483647": 52, "2147483629": 52}, "primes_agree": true, "instrument": "hybrid kernel + per4 evaluation rows", "status": "proved (full rank at both primes: mult = a over Q)"}, "red_star": {"mult": 52, "per_prime": {"2147483647": 52, "2147483629": 52}, "primes_agree": true, "instrument": "hybrid kernel + (star)", "status": "proved (full rank at both primes: mult = a over Q)"}, "red_pts": {"mult": 52, "per_prime": {"2147483647": 52, "2147483629": 52}, "primes_agree": true, "instrument": "hybrid kernel + red_pts evaluation rows", "status": "proved (full rank at both primes: mult = a over Q)"}}, "mult_det": 52, "mult_per4": 52, "mult_red_star": 52, "mult_red_pts": 52, "mult_red": 52, "star_eq_pts": true, "i_det": 0, "i_red": 0, "i_per4": 0, "D": 0, "refute": false, "halt": false, "ok": true, "secs": 10.7, "hwm_gb": 0.32, "certs": [["results/certs/s71/27_7_7_2_1_d11_hybrid_p2147483647.json.gz", 20433], ["results/certs/s71/27_7_7_2_1_d11_hybrid_p2147483629.json.gz", 20434]]}
