      level 1: 45 prefixes
      level 2: 639 prefixes
      level 3: 4469 prefixes
      level 4: 18262 prefixes
      level 5: 50186 prefixes
      level 6: 92144 prefixes
      level 7: 117831 prefixes
      level 8: 125270 prefixes
      level 9: 126172 prefixes
      level 10: 126194 prefixes
      level 11: 126194 prefixes
      level 12: 126194 prefixes
      level 13: 126194 prefixes
      level 14: 126194 prefixes
      level 15: 126194 prefixes
      level 16: 126194 prefixes
  lam=(44, 13, 4, 2, 1): N_S=126194 |Stab|=1 n_chi=126194 (orbits dropped: 0) [lean, 0s, HWM 0.11 GB]
    E_01: |H|=1 targets 98016 canonical rows 98016 nnz 586825 (obstructed fixed targets cancelled: 0) [1s, HWM 0.13 GB]
    E_12: |H|=1 targets 70272 canonical rows 70272 nnz 327467 (obstructed fixed targets cancelled: 0) [1s, HWM 0.13 GB]
    E_23: |H|=1 targets 70759 canonical rows 70759 nnz 207335 (obstructed fixed targets cancelled: 0) [2s, HWM 0.13 GB]
    E_34: |H|=1 targets 59143 canonical rows 59143 nnz 126194 (obstructed fixed targets cancelled: 0) [2s, HWM 0.13 GB]
  built (44, 13, 4, 2, 1) d16: N_S=126194 |Stab|=1 n_chi=126194 rows=298190 nnz=1247821 (3s: mono 1s orbits 0s rows 2s; HWM 0.13 GB)
  sieve (44, 13, 4, 2, 1) d16: cover(E) 125793/126194 by reversed (a=324, |U|=401, excess 77; {'natural': 121079, 'reversed': 125793, 'fill_asc': 104434, 'fill_desc': 101806, 'random': 84028}); cover(E_red) 100815/101152 (0.6s)
    hybrid[44_13_4_2_1d16] p=2147483647 attempt 0: |S|=125793 |U|=401 (a=324, excess 77) m=465 blocks 1x401 projected nullity 324, verified=True, rank 324 [split 0.1s trisolve 4.2s schur 3.3s null 0.1s lift 11.2s rank 1.5s]
    hybrid[44_13_4_2_1d16] p=2147483629 attempt 0: |S|=125793 |U|=401 (a=324, excess 77) m=465 blocks 1x401 projected nullity 324, verified=True, rank 324 [split 0.1s trisolve 3.0s schur 3.3s null 0.2s lift 10.7s rank 1.5s]
  RESULT (44, 13, 4, 2, 1) d16: a=324 n_chi=126194 |U|=401 mult_det=324 mult_per4=324 mult_red(star)=324 mult_red(pts)=324 i_det=0 i_red=0 i_per4=0 D=0  (207.5s, HWM 2.67 GB)
RESULT {"lam": [44, 13, 4, 2, 1], "delta": 16, "ell": 5, "a": 324, "K": 332, "N_S": 126194, "stab": 1, "n_chi": 126194, "nrows": 298190, "nnz": 1247821, "nfixed": 0, "build_secs": 2.9, "build_hwm_gb": 0.13, "route": "hybrid", "h_pad": 721, "seeds": {"det": 11, "red": 29, "per4": 47, "hybrid": 20260908}, "bound": 40, "primes": [2147483647, 2147483629], "n_red": 101152, "cover_E": {"size": 125793, "order": "reversed", "stats": {"natural": 121079, "reversed": 125793, "fill_asc": 104434, "fill_desc": 101806, "random": 84028}, "n_chi": 126194, "a": 324, "excess": 77, "certified_rank_lb": 125793}, "cover_Ered": {"size": 100815, "order": "reversed", "stats": {"natural": 98092, "reversed": 100815, "fill_asc": 86707, "fill_desc": 85303, "random": 70342}, "n_red": 101152, "certified": false}, "sieve_secs": 0.6, "pred_mem_x_bytes": 365319396, "primes_concurrent": false, "per_prime": {"2147483647": {"sides": {"det": {"mult": 324, "nullity": 0, "instrument": "hybrid kernel + det evaluation rows"}, "per4": {"mult": 324, "nullity": 0, "instrument": "hybrid kernel + per4 evaluation rows"}, "red_pts": {"mult": 324, "nullity": 0, "instrument": "hybrid kernel + red_pts evaluation rows"}, "red_star": {"mult": 324, "nullity": 0, "instrument": "hybrid kernel + (star)"}}, "hybrid": {"nS": 125793, "nU": 401, "excess": 77, "nnzT": 361098, "rows_other": 172397, "order": "reversed", "cover_stats": {"natural": 121079, "reversed": 125793, "fill_asc": 104434, "fill_desc": 101806, "random": 84028}, "ublock": 401, "nblocks": 1, "attempts": [{"attempt": 0, "m": 465, "nproj": 8, "projected_nullity": 324, "verified": true, "rank": 324, "secs": {"split": 0.1, "trisolve": 4.2, "schur": 3.3, "nullspace": 0.1, "lift_verify": 11.2, "rank": 1.5}}], "secs": 20.5}, "ev_secs": 52.5, "rank_secs": 30.3, "secs": 103.2, "hwm_gb": 2.67}, "2147483629": {"sides": {"det": {"mult": 324, "nullity": 0, "instrument": "hybrid kernel + det evaluation rows"}, "per4": {"mult": 324, "nullity": 0, "instrument": "hybrid kernel + per4 evaluation rows"}, "red_pts": {"mult": 324, "nullity": 0, "instrument": "hybrid kernel + red_pts evaluation rows"}, "red_star": {"mult": 324, "nullity": 0, "instrument": "hybrid kernel + (star)"}}, "hybrid": {"nS": 125793, "nU": 401, "excess": 77, "nnzT": 361098, "rows_other": 172397, "order": "reversed", "cover_stats": {"natural": 121079, "reversed": 125793, "fill_asc": 104434, "fill_desc": 101806, "random": 84028}, "ublock": 401, "nblocks": 1, "attempts": [{"attempt": 0, "m": 465, "nproj": 8, "projected_nullity": 324, "verified": true, "rank": 324, "secs": {"split": 0.1, "trisolve": 3.0, "schur": 3.3, "nullspace": 0.2, "lift_verify": 10.7, "rank": 1.5}}], "secs": 18.9}, "ev_secs": 51.7, "rank_secs": 30.1, "secs": 100.6, "hwm_gb": 2.67}}, "sides": {"det": {"mult": 324, "per_prime": {"2147483647": 324, "2147483629": 324}, "primes_agree": true, "instrument": "hybrid kernel + det evaluation rows", "status": "proved (full rank at both primes: mult = a over Q)"}, "per4": {"mult": 324, "per_prime": {"2147483647": 324, "2147483629": 324}, "primes_agree": true, "instrument": "hybrid kernel + per4 evaluation rows", "status": "proved (full rank at both primes: mult = a over Q)"}, "red_star": {"mult": 324, "per_prime": {"2147483647": 324, "2147483629": 324}, "primes_agree": true, "instrument": "hybrid kernel + (star)", "status": "proved (full rank at both primes: mult = a over Q)"}, "red_pts": {"mult": 324, "per_prime": {"2147483647": 324, "2147483629": 324}, "primes_agree": true, "instrument": "hybrid kernel + red_pts evaluation rows", "status": "proved (full rank at both primes: mult = a over Q)"}}, "mult_det": 324, "mult_per4": 324, "mult_red_star": 324, "mult_red_pts": 324, "mult_red": 324, "star_eq_pts": true, "i_det": 0, "i_red": 0, "i_per4": 0, "D": 0, "refute": false, "halt": false, "ok": true, "secs": 207.5, "hwm_gb": 2.67, "certs": [["results/certs/s71/44_13_4_2_1_d16_hybrid_p2147483647.json.gz", 98221], ["results/certs/s71/44_13_4_2_1_d16_hybrid_p2147483629.json.gz", 98223]]}
