      level 1: 44 prefixes
      level 2: 688 prefixes
      level 3: 5630 prefixes
      level 4: 23956 prefixes
      level 5: 48418 prefixes
      level 6: 58677 prefixes
      level 7: 59991 prefixes
      level 8: 60022 prefixes
      level 9: 60022 prefixes
      level 10: 60022 prefixes
      level 11: 60022 prefixes
  lam=(28, 7, 6, 2, 1): N_S=60022 |Stab|=1 n_chi=60022 (orbits dropped: 0) [lean, 0s, HWM 0.08 GB]
    E_01: |H|=1 targets 37577 canonical rows 37577 nnz 213398 (obstructed fixed targets cancelled: 0) [0s, HWM 0.08 GB]
    E_12: |H|=1 targets 52033 canonical rows 52033 nnz 196671 (obstructed fixed targets cancelled: 0) [1s, HWM 0.09 GB]
    E_23: |H|=1 targets 28304 canonical rows 28304 nnz 98706 (obstructed fixed targets cancelled: 0) [1s, HWM 0.09 GB]
    E_34: |H|=1 targets 28097 canonical rows 28097 nnz 60022 (obstructed fixed targets cancelled: 0) [1s, HWM 0.09 GB]
  built (28, 7, 6, 2, 1) d11: N_S=60022 |Stab|=1 n_chi=60022 rows=146011 nnz=568797 (1s: mono 0s orbits 0s rows 1s; HWM 0.09 GB)
  sieve (28, 7, 6, 2, 1) d11: cover(E) 59815/60022 by reversed (a=66, |U|=207, excess 141; {'natural': 57962, 'reversed': 59815, 'fill_asc': 50297, 'fill_desc': 49346, 'random': 40327}); cover(E_red) 43941/44094 (0.3s)
    hybrid[28_7_6_2_1d11] p=2147483647 attempt 0: |S|=59815 |U|=207 (a=66, excess 141) m=271 projected nullity 66, verified=True, rank 66 [split 0.2s trisolve 0.2s schur 0.8s null 0.0s lift 1.6s]
    hybrid[28_7_6_2_1d11] p=2147483629 attempt 0: |S|=59815 |U|=207 (a=66, excess 141) m=271 projected nullity 66, verified=True, rank 66 [split 0.2s trisolve 0.2s schur 0.8s null 0.0s lift 1.7s]
  RESULT (28, 7, 6, 2, 1) d11: a=66 n_chi=60022 |U|=207 mult_det=66 mult_per4=66 mult_red(star)=66 mult_red(pts)=66 i_det=0 i_red=0 i_per4=0 D=0  (11.1s, HWM 0.43 GB)
RESULT {"lam": [28, 7, 6, 2, 1], "delta": 11, "ell": 5, "a": 66, "K": 74, "N_S": 60022, "stab": 1, "n_chi": 60022, "nrows": 146011, "nnz": 568797, "nfixed": 0, "build_secs": 1.1, "build_hwm_gb": 0.09, "route": "hybrid", "h_pad": 170, "seeds": {"det": 11, "red": 29, "per4": 47, "hybrid": 20260908}, "bound": 40, "primes": [2147483647, 2147483629], "n_red": 44094, "cover_E": {"size": 59815, "order": "reversed", "stats": {"natural": 57962, "reversed": 59815, "fill_asc": 50297, "fill_desc": 49346, "random": 40327}, "n_chi": 60022, "a": 66, "excess": 141, "certified_rank_lb": 59815}, "cover_Ered": {"size": 43941, "order": "reversed", "stats": {"natural": 43347, "reversed": 43941, "fill_asc": 38757, "fill_desc": 38104, "random": 31418}, "n_red": 44094, "certified": false}, "sieve_secs": 0.3, "pred_mem_x_bytes": 49526820, "primes_concurrent": true, "per_prime": {"2147483647": {"sides": {"det": {"mult": 66, "nullity": 0, "instrument": "hybrid kernel + det evaluation rows"}, "per4": {"mult": 66, "nullity": 0, "instrument": "hybrid kernel + per4 evaluation rows"}, "red_pts": {"mult": 66, "nullity": 0, "instrument": "hybrid kernel + red_pts evaluation rows"}, "red_star": {"mult": 66, "nullity": 0, "instrument": "hybrid kernel + (star)"}}, "hybrid": {"nS": 59815, "nU": 207, "excess": 141, "nnzT": 170770, "rows_other": 86196, "order": "reversed", "cover_stats": {"natural": 57962, "reversed": 59815, "fill_asc": 50297, "fill_desc": 49346, "random": 40327}, "attempts": [{"attempt": 0, "m": 271, "nproj": 8, "projected_nullity": 66, "verified": true, "rank": 66, "secs": {"split": 0.2, "trisolve": 0.2, "schur": 0.8, "nullspace": 0.0, "lift_verify": 1.6}}], "secs": 3.0}, "ev_secs": 3.9, "rank_secs": 2.7, "secs": 9.6, "hwm_gb": 0.43}, "2147483629": {"sides": {"det": {"mult": 66, "nullity": 0, "instrument": "hybrid kernel + det evaluation rows"}, "per4": {"mult": 66, "nullity": 0, "instrument": "hybrid kernel + per4 evaluation rows"}, "red_pts": {"mult": 66, "nullity": 0, "instrument": "hybrid kernel + red_pts evaluation rows"}, "red_star": {"mult": 66, "nullity": 0, "instrument": "hybrid kernel + (star)"}}, "hybrid": {"nS": 59815, "nU": 207, "excess": 141, "nnzT": 170770, "rows_other": 86196, "order": "reversed", "cover_stats": {"natural": 57962, "reversed": 59815, "fill_asc": 50297, "fill_desc": 49346, "random": 40327}, "attempts": [{"attempt": 0, "m": 271, "nproj": 8, "projected_nullity": 66, "verified": true, "rank": 66, "secs": {"split": 0.2, "trisolve": 0.2, "schur": 0.8, "nullspace": 0.0, "lift_verify": 1.7}}], "secs": 3.0}, "ev_secs": 4.1, "rank_secs": 2.5, "secs": 9.6, "hwm_gb": 0.43}}, "sides": {"det": {"mult": 66, "per_prime": {"2147483647": 66, "2147483629": 66}, "primes_agree": true, "instrument": "hybrid kernel + det evaluation rows", "status": "proved (full rank at both primes: mult = a over Q)"}, "per4": {"mult": 66, "per_prime": {"2147483647": 66, "2147483629": 66}, "primes_agree": true, "instrument": "hybrid kernel + per4 evaluation rows", "status": "proved (full rank at both primes: mult = a over Q)"}, "red_star": {"mult": 66, "per_prime": {"2147483647": 66, "2147483629": 66}, "primes_agree": true, "instrument": "hybrid kernel + (star)", "status": "proved (full rank at both primes: mult = a over Q)"}, "red_pts": {"mult": 66, "per_prime": {"2147483647": 66, "2147483629": 66}, "primes_agree": true, "instrument": "hybrid kernel + red_pts evaluation rows", "status": "proved (full rank at both primes: mult = a over Q)"}}, "mult_det": 66, "mult_per4": 66, "mult_red_star": 66, "mult_red_pts": 66, "mult_red": 66, "star_eq_pts": true, "i_det": 0, "i_red": 0, "i_per4": 0, "D": 0, "refute": false, "halt": false, "ok": true, "secs": 11.1, "hwm_gb": 0.43, "certs": [["results/certs/s71/28_7_6_2_1_d11_hybrid_p2147483647.json.gz", 24669], ["results/certs/s71/28_7_6_2_1_d11_hybrid_p2147483629.json.gz", 24669]]}
