      level 1: 55 prefixes
      level 2: 1012 prefixes
      level 3: 8865 prefixes
      level 4: 42051 prefixes
      level 5: 112908 prefixes
      level 6: 172955 prefixes
      level 7: 191818 prefixes
      level 8: 193895 prefixes
      level 9: 193940 prefixes
      level 10: 193940 prefixes
      level 11: 193940 prefixes
      level 12: 193940 prefixes
      level 13: 193940 prefixes
      level 14: 193940 prefixes
  lam=(38, 10, 4, 2, 2): N_S=193940 |Stab|=2 n_chi=104996 (orbits dropped: 0) [lean, 0s, HWM 0.12 GB]
    E_01: |H|=2 targets 137894 canonical rows 74756 nnz 442514 (obstructed fixed targets cancelled: 0) [1s, HWM 0.13 GB]
    E_12: |H|=2 targets 116380 canonical rows 63253 nnz 272742 (obstructed fixed targets cancelled: 0) [2s, HWM 0.13 GB]
    E_23: |H|=1 targets 107760 canonical rows 107760 nnz 321193 (obstructed fixed targets cancelled: 0) [3s, HWM 0.13 GB]
    E_34: |H|=1 targets 146316 canonical rows 146316 nnz 281603 (obstructed fixed targets cancelled: 0) [4s, HWM 0.14 GB]
  built (38, 10, 4, 2, 2) d14: N_S=193940 |Stab|=2 n_chi=104996 rows=392085 nnz=1318052 (5s: mono 1s orbits 0s rows 4s; HWM 0.14 GB)
  sieve (38, 10, 4, 2, 2) d14: cover(E) 104707/104996 by reversed (a=204, |U|=289, excess 85; {'natural': 102196, 'reversed': 104707, 'fill_asc': 92333, 'fill_desc': 92322, 'random': 77861}); cover(E_red) 80776/80990 (0.8s)
    hybrid[38_10_4_2_2d14] p=2147483647 attempt 0: |S|=104707 |U|=289 (a=204, excess 85) m=353 blocks 1x289 projected nullity 204, verified=True, rank 204 [split 0.2s trisolve 5.9s schur 6.0s null 0.1s lift 17.7s rank 1.9s]
    hybrid[38_10_4_2_2d14] p=2147483629 attempt 0: |S|=104707 |U|=289 (a=204, excess 85) m=353 blocks 1x289 projected nullity 204, verified=True, rank 204 [split 0.2s trisolve 5.9s schur 6.1s null 0.1s lift 18.5s rank 1.4s]
  RESULT (38, 10, 4, 2, 2) d14: a=204 n_chi=104996 |U|=289 mult_det=204 mult_per4=204 mult_red(star)=204 mult_red(pts)=204 i_det=0 i_red=0 i_per4=0 D=0  (160.9s, HWM 1.57 GB)
RESULT {"lam": [38, 10, 4, 2, 2], "delta": 14, "ell": 5, "a": 204, "K": 212, "N_S": 193940, "stab": 2, "n_chi": 104996, "nrows": 392085, "nnz": 1318052, "nfixed": 0, "build_secs": 4.8, "build_hwm_gb": 0.14, "route": "hybrid", "h_pad": 475, "seeds": {"det": 11, "red": 29, "per4": 47, "hybrid": 20260908}, "bound": 40, "primes": [2147483647, 2147483629], "n_red": 80990, "cover_E": {"size": 104707, "order": "reversed", "stats": {"natural": 102196, "reversed": 104707, "fill_asc": 92333, "fill_desc": 92322, "random": 77861}, "n_chi": 104996, "a": 204, "excess": 85, "certified_rank_lb": 104707}, "cover_Ered": {"size": 80776, "order": "reversed", "stats": {"natural": 79598, "reversed": 80776, "fill_asc": 73263, "fill_desc": 73309, "random": 62009}, "n_red": 80990, "certified": false}, "sieve_secs": 0.8, "pred_mem_x_bytes": 206718028, "primes_concurrent": true, "per_prime": {"2147483647": {"sides": {"det": {"mult": 204, "nullity": 0, "instrument": "hybrid kernel + det evaluation rows"}, "per4": {"mult": 204, "nullity": 0, "instrument": "hybrid kernel + per4 evaluation rows"}, "red_pts": {"mult": 204, "nullity": 0, "instrument": "hybrid kernel + red_pts evaluation rows"}, "red_star": {"mult": 204, "nullity": 0, "instrument": "hybrid kernel + (star)"}}, "hybrid": {"nS": 104707, "nU": 289, "excess": 85, "nnzT": 260427, "rows_other": 287378, "order": "reversed", "cover_stats": {"natural": 102196, "reversed": 104707, "fill_asc": 92333, "fill_desc": 92322, "random": 77861}, "ublock": 289, "nblocks": 1, "attempts": [{"attempt": 0, "m": 353, "nproj": 8, "projected_nullity": 204, "verified": true, "rank": 204, "secs": {"split": 0.2, "trisolve": 5.9, "schur": 6.0, "nullspace": 0.1, "lift_verify": 17.7, "rank": 1.9}}], "secs": 32.0}, "ev_secs": 85.0, "rank_secs": 36.8, "secs": 153.9, "hwm_gb": 1.57}, "2147483629": {"sides": {"det": {"mult": 204, "nullity": 0, "instrument": "hybrid kernel + det evaluation rows"}, "per4": {"mult": 204, "nullity": 0, "instrument": "hybrid kernel + per4 evaluation rows"}, "red_pts": {"mult": 204, "nullity": 0, "instrument": "hybrid kernel + red_pts evaluation rows"}, "red_star": {"mult": 204, "nullity": 0, "instrument": "hybrid kernel + (star)"}}, "hybrid": {"nS": 104707, "nU": 289, "excess": 85, "nnzT": 260427, "rows_other": 287378, "order": "reversed", "cover_stats": {"natural": 102196, "reversed": 104707, "fill_asc": 92333, "fill_desc": 92322, "random": 77861}, "ublock": 289, "nblocks": 1, "attempts": [{"attempt": 0, "m": 353, "nproj": 8, "projected_nullity": 204, "verified": true, "rank": 204, "secs": {"split": 0.2, "trisolve": 5.9, "schur": 6.1, "nullspace": 0.1, "lift_verify": 18.5, "rank": 1.4}}], "secs": 32.4}, "ev_secs": 85.4, "rank_secs": 37.2, "secs": 155.1, "hwm_gb": 1.57}}, "sides": {"det": {"mult": 204, "per_prime": {"2147483647": 204, "2147483629": 204}, "primes_agree": true, "instrument": "hybrid kernel + det evaluation rows", "status": "proved (full rank at both primes: mult = a over Q)"}, "per4": {"mult": 204, "per_prime": {"2147483647": 204, "2147483629": 204}, "primes_agree": true, "instrument": "hybrid kernel + per4 evaluation rows", "status": "proved (full rank at both primes: mult = a over Q)"}, "red_star": {"mult": 204, "per_prime": {"2147483647": 204, "2147483629": 204}, "primes_agree": true, "instrument": "hybrid kernel + (star)", "status": "proved (full rank at both primes: mult = a over Q)"}, "red_pts": {"mult": 204, "per_prime": {"2147483647": 204, "2147483629": 204}, "primes_agree": true, "instrument": "hybrid kernel + red_pts evaluation rows", "status": "proved (full rank at both primes: mult = a over Q)"}}, "mult_det": 204, "mult_per4": 204, "mult_red_star": 204, "mult_red_pts": 204, "mult_red": 204, "star_eq_pts": true, "i_det": 0, "i_red": 0, "i_per4": 0, "D": 0, "refute": false, "halt": false, "ok": true, "secs": 160.9, "hwm_gb": 1.57, "certs": [["results/certs/s71/38_10_4_2_2_d14_hybrid_p2147483647.json.gz", 64461], ["results/certs/s71/38_10_4_2_2_d14_hybrid_p2147483629.json.gz", 64463]]}
