      level 1: 58 prefixes
      level 2: 1245 prefixes
      level 3: 12052 prefixes
      level 4: 50003 prefixes
      level 5: 88018 prefixes
      level 6: 98107 prefixes
      level 7: 98708 prefixes
      level 8: 98708 prefixes
      level 9: 98708 prefixes
      level 10: 98708 prefixes
  lam=(25, 6, 4, 3, 2): N_S=98708 |Stab|=1 n_chi=98708 (orbits dropped: 0) [lean, 0s, HWM 0.09 GB]
    E_01: |H|=1 targets 57439 canonical rows 57439 nnz 328444 (obstructed fixed targets cancelled: 0) [0s, HWM 0.09 GB]
    E_12: |H|=1 targets 72267 canonical rows 72267 nnz 259406 (obstructed fixed targets cancelled: 0) [1s, HWM 0.09 GB]
    E_23: |H|=1 targets 72645 canonical rows 72645 nnz 216957 (obstructed fixed targets cancelled: 0) [1s, HWM 0.10 GB]
    E_34: |H|=1 targets 62731 canonical rows 62731 nnz 163534 (obstructed fixed targets cancelled: 0) [1s, HWM 0.10 GB]
  built (25, 6, 4, 3, 2) d10: N_S=98708 |Stab|=1 n_chi=98708 rows=265082 nnz=968341 (1s: mono 0s orbits 0s rows 1s; HWM 0.10 GB)
  sieve (25, 6, 4, 3, 2) d10: cover(E) 98524/98708 by reversed (a=33, |U|=184, excess 151; {'natural': 96715, 'reversed': 98524, 'fill_asc': 87001, 'fill_desc': 81420, 'random': 68800}); cover(E_red) 69219/69347 (0.5s)
    hybrid[25_6_4_3_2d10] p=2147483647 attempt 0: |S|=98524 |U|=184 (a=33, excess 151) m=248 blocks 1x184 projected nullity 33, verified=True, rank 33 [split 0.2s trisolve 2.5s schur 2.5s null 0.1s lift 2.1s rank 0.2s]
    hybrid[25_6_4_3_2d10] p=2147483629 attempt 0: |S|=98524 |U|=184 (a=33, excess 151) m=248 blocks 1x184 projected nullity 33, verified=True, rank 33 [split 0.2s trisolve 2.7s schur 2.6s null 0.1s lift 2.2s rank 0.3s]
  RESULT (25, 6, 4, 3, 2) d10: a=33 n_chi=98708 |U|=184 mult_det=33 mult_per4=33 mult_red(star)=33 mult_red(pts)=33 i_det=0 i_red=0 i_per4=0 D=0  (20.6s, HWM 0.4 GB)
RESULT {"lam": [25, 6, 4, 3, 2], "delta": 10, "ell": 5, "a": 33, "K": 41, "N_S": 98708, "stab": 1, "n_chi": 98708, "nrows": 265082, "nnz": 968341, "nfixed": 0, "build_secs": 1.5, "build_hwm_gb": 0.1, "route": "hybrid", "h_pad": 108, "seeds": {"det": 11, "red": 29, "per4": 47, "hybrid": 20260908}, "bound": 40, "primes": [2147483647, 2147483629], "n_red": 69347, "cover_E": {"size": 98524, "order": "reversed", "stats": {"natural": 96715, "reversed": 98524, "fill_asc": 87001, "fill_desc": 81420, "random": 68800}, "n_chi": 98708, "a": 33, "excess": 151, "certified_rank_lb": 98524}, "cover_Ered": {"size": 69219, "order": "reversed", "stats": {"natural": 68847, "reversed": 69219, "fill_asc": 63890, "fill_desc": 60573, "random": 51399}, "n_red": 69347, "certified": false}, "sieve_secs": 0.5, "pred_mem_x_bytes": 85543120, "primes_concurrent": true, "per_prime": {"2147483647": {"sides": {"det": {"mult": 33, "nullity": 0, "instrument": "hybrid kernel + det evaluation rows"}, "per4": {"mult": 33, "nullity": 0, "instrument": "hybrid kernel + per4 evaluation rows"}, "red_pts": {"mult": 33, "nullity": 0, "instrument": "hybrid kernel + red_pts evaluation rows"}, "red_star": {"mult": 33, "nullity": 0, "instrument": "hybrid kernel + (star)"}}, "hybrid": {"nS": 98524, "nU": 184, "excess": 151, "nnzT": 268563, "rows_other": 166558, "order": "reversed", "cover_stats": {"natural": 96715, "reversed": 98524, "fill_asc": 87001, "fill_desc": 81420, "random": 68800}, "ublock": 184, "nblocks": 1, "attempts": [{"attempt": 0, "m": 248, "nproj": 8, "projected_nullity": 33, "verified": true, "rank": 33, "secs": {"split": 0.2, "trisolve": 2.5, "schur": 2.5, "nullspace": 0.1, "lift_verify": 2.1, "rank": 0.2}}], "secs": 7.8}, "ev_secs": 6.4, "rank_secs": 3.9, "secs": 18.1, "hwm_gb": 0.4}, "2147483629": {"sides": {"det": {"mult": 33, "nullity": 0, "instrument": "hybrid kernel + det evaluation rows"}, "per4": {"mult": 33, "nullity": 0, "instrument": "hybrid kernel + per4 evaluation rows"}, "red_pts": {"mult": 33, "nullity": 0, "instrument": "hybrid kernel + red_pts evaluation rows"}, "red_star": {"mult": 33, "nullity": 0, "instrument": "hybrid kernel + (star)"}}, "hybrid": {"nS": 98524, "nU": 184, "excess": 151, "nnzT": 268563, "rows_other": 166558, "order": "reversed", "cover_stats": {"natural": 96715, "reversed": 98524, "fill_asc": 87001, "fill_desc": 81420, "random": 68800}, "ublock": 184, "nblocks": 1, "attempts": [{"attempt": 0, "m": 248, "nproj": 8, "projected_nullity": 33, "verified": true, "rank": 33, "secs": {"split": 0.2, "trisolve": 2.7, "schur": 2.6, "nullspace": 0.1, "lift_verify": 2.2, "rank": 0.3}}], "secs": 8.2}, "ev_secs": 6.6, "rank_secs": 3.6, "secs": 18.3, "hwm_gb": 0.4}}, "sides": {"det": {"mult": 33, "per_prime": {"2147483647": 33, "2147483629": 33}, "primes_agree": true, "instrument": "hybrid kernel + det evaluation rows", "status": "proved (full rank at both primes: mult = a over Q)"}, "per4": {"mult": 33, "per_prime": {"2147483647": 33, "2147483629": 33}, "primes_agree": true, "instrument": "hybrid kernel + per4 evaluation rows", "status": "proved (full rank at both primes: mult = a over Q)"}, "red_star": {"mult": 33, "per_prime": {"2147483647": 33, "2147483629": 33}, "primes_agree": true, "instrument": "hybrid kernel + (star)", "status": "proved (full rank at both primes: mult = a over Q)"}, "red_pts": {"mult": 33, "per_prime": {"2147483647": 33, "2147483629": 33}, "primes_agree": true, "instrument": "hybrid kernel + red_pts evaluation rows", "status": "proved (full rank at both primes: mult = a over Q)"}}, "mult_det": 33, "mult_per4": 33, "mult_red_star": 33, "mult_red_pts": 33, "mult_red": 33, "star_eq_pts": true, "i_det": 0, "i_red": 0, "i_per4": 0, "D": 0, "refute": false, "halt": false, "ok": true, "secs": 20.6, "hwm_gb": 0.4, "certs": [["results/certs/s71/25_6_4_3_2_d10_hybrid_p2147483647.json.gz", 14600], ["results/certs/s71/25_6_4_3_2_d10_hybrid_p2147483629.json.gz", 14605]]}
