      level 1: 44 prefixes
      level 2: 540 prefixes
      level 3: 3202 prefixes
      level 4: 10874 prefixes
      level 5: 20341 prefixes
      level 6: 24428 prefixes
      level 7: 25035 prefixes
      level 8: 25052 prefixes
      level 9: 25052 prefixes
      level 10: 25052 prefixes
      level 11: 25052 prefixes
      level 12: 25052 prefixes
  lam=(32, 10, 3, 2, 1): N_S=25052 |Stab|=1 n_chi=25052 (orbits dropped: 0) [lean, 0s, HWM 0.07 GB]
    E_01: |H|=1 targets 18392 canonical rows 18392 nnz 101380 (obstructed fixed targets cancelled: 0) [0s, HWM 0.07 GB]
    E_12: |H|=1 targets 13077 canonical rows 13077 nnz 53532 (obstructed fixed targets cancelled: 0) [0s, HWM 0.07 GB]
    E_23: |H|=1 targets 16190 canonical rows 16190 nnz 40661 (obstructed fixed targets cancelled: 0) [0s, HWM 0.07 GB]
    E_34: |H|=1 targets 11974 canonical rows 11974 nnz 25052 (obstructed fixed targets cancelled: 0) [0s, HWM 0.07 GB]
  built (32, 10, 3, 2, 1) d12: N_S=25052 |Stab|=1 n_chi=25052 rows=59633 nnz=220625 (0s: mono 0s orbits 0s rows 0s; HWM 0.07 GB)
  sieve (32, 10, 3, 2, 1) d12: cover(E) 24982/25052 by reversed (a=53, |U|=70, excess 17; {'natural': 24213, 'reversed': 24982, 'fill_asc': 21257, 'fill_desc': 20371, 'random': 17756}); cover(E_red) 17854/17905 (0.1s)
    hybrid[32_10_3_2_1d12] p=2147483629 attempt 0: |S|=24982 |U|=70 (a=53, excess 17) m=134 projected nullity 53, verified=True, rank 53 [split 0.1s trisolve 0.0s schur 0.1s null 0.0s lift 0.3s]
    hybrid[32_10_3_2_1d12] p=2147483647 attempt 0: |S|=24982 |U|=70 (a=53, excess 17) m=134 projected nullity 53, verified=True, rank 53 [split 0.1s trisolve 0.0s schur 0.1s null 0.0s lift 0.3s]
  RESULT (32, 10, 3, 2, 1) d12: a=53 n_chi=25052 |U|=70 mult_det=53 mult_per4=53 mult_red(star)=53 mult_red(pts)=53 i_det=0 i_red=0 i_per4=0 D=0  (3.8s, HWM 0.18 GB)
RESULT {"lam": [32, 10, 3, 2, 1], "delta": 12, "ell": 5, "a": 53, "K": 61, "N_S": 25052, "stab": 1, "n_chi": 25052, "nrows": 59633, "nnz": 220625, "nfixed": 0, "build_secs": 0.4, "build_hwm_gb": 0.07, "route": "hybrid", "h_pad": 155, "seeds": {"det": 11, "red": 29, "per4": 47, "hybrid": 20260908}, "bound": 40, "primes": [2147483647, 2147483629], "n_red": 17905, "cover_E": {"size": 24982, "order": "reversed", "stats": {"natural": 24213, "reversed": 24982, "fill_asc": 21257, "fill_desc": 20371, "random": 17756}, "n_chi": 25052, "a": 53, "excess": 17, "certified_rank_lb": 24982}, "cover_Ered": {"size": 17854, "order": "reversed", "stats": {"natural": 17543, "reversed": 17854, "fill_asc": 15917, "fill_desc": 15617, "random": 13516}, "n_red": 17905, "certified": false}, "sieve_secs": 0.1, "pred_mem_x_bytes": 6994960, "primes_concurrent": true, "per_prime": {"2147483647": {"sides": {"det": {"mult": 53, "nullity": 0, "instrument": "hybrid kernel + det evaluation rows"}, "per4": {"mult": 53, "nullity": 0, "instrument": "hybrid kernel + per4 evaluation rows"}, "red_pts": {"mult": 53, "nullity": 0, "instrument": "hybrid kernel + red_pts evaluation rows"}, "red_star": {"mult": 53, "nullity": 0, "instrument": "hybrid kernel + (star)"}}, "hybrid": {"nS": 24982, "nU": 70, "excess": 17, "nnzT": 62954, "rows_other": 34651, "order": "reversed", "cover_stats": {"natural": 24213, "reversed": 24982, "fill_asc": 21257, "fill_desc": 20371, "random": 17756}, "attempts": [{"attempt": 0, "m": 134, "nproj": 8, "projected_nullity": 53, "verified": true, "rank": 53, "secs": {"split": 0.1, "trisolve": 0.0, "schur": 0.1, "nullspace": 0.0, "lift_verify": 0.3}}], "secs": 0.5}, "ev_secs": 1.7, "rank_secs": 0.9, "secs": 3.1, "hwm_gb": 0.18}, "2147483629": {"sides": {"det": {"mult": 53, "nullity": 0, "instrument": "hybrid kernel + det evaluation rows"}, "per4": {"mult": 53, "nullity": 0, "instrument": "hybrid kernel + per4 evaluation rows"}, "red_pts": {"mult": 53, "nullity": 0, "instrument": "hybrid kernel + red_pts evaluation rows"}, "red_star": {"mult": 53, "nullity": 0, "instrument": "hybrid kernel + (star)"}}, "hybrid": {"nS": 24982, "nU": 70, "excess": 17, "nnzT": 62954, "rows_other": 34651, "order": "reversed", "cover_stats": {"natural": 24213, "reversed": 24982, "fill_asc": 21257, "fill_desc": 20371, "random": 17756}, "attempts": [{"attempt": 0, "m": 134, "nproj": 8, "projected_nullity": 53, "verified": true, "rank": 53, "secs": {"split": 0.1, "trisolve": 0.0, "schur": 0.1, "nullspace": 0.0, "lift_verify": 0.3}}], "secs": 0.5}, "ev_secs": 1.7, "rank_secs": 1.0, "secs": 3.2, "hwm_gb": 0.18}}, "sides": {"det": {"mult": 53, "per_prime": {"2147483647": 53, "2147483629": 53}, "primes_agree": true, "instrument": "hybrid kernel + det evaluation rows", "status": "proved (full rank at both primes: mult = a over Q)"}, "per4": {"mult": 53, "per_prime": {"2147483647": 53, "2147483629": 53}, "primes_agree": true, "instrument": "hybrid kernel + per4 evaluation rows", "status": "proved (full rank at both primes: mult = a over Q)"}, "red_star": {"mult": 53, "per_prime": {"2147483647": 53, "2147483629": 53}, "primes_agree": true, "instrument": "hybrid kernel + (star)", "status": "proved (full rank at both primes: mult = a over Q)"}, "red_pts": {"mult": 53, "per_prime": {"2147483647": 53, "2147483629": 53}, "primes_agree": true, "instrument": "hybrid kernel + red_pts evaluation rows", "status": "proved (full rank at both primes: mult = a over Q)"}}, "mult_det": 53, "mult_per4": 53, "mult_red_star": 53, "mult_red_pts": 53, "mult_red": 53, "star_eq_pts": true, "i_det": 0, "i_red": 0, "i_per4": 0, "D": 0, "refute": false, "halt": false, "ok": true, "secs": 3.8, "hwm_gb": 0.18, "certs": [["results/certs/s71/32_10_3_2_1_d12_hybrid_p2147483647.json.gz", 20739], ["results/certs/s71/32_10_3_2_1_d12_hybrid_p2147483629.json.gz", 20739]]}
