      level 1: 48 prefixes
      level 2: 850 prefixes
      level 3: 7306 prefixes
      level 4: 28483 prefixes
      level 5: 49075 prefixes
      level 6: 54588 prefixes
      level 7: 54935 prefixes
      level 8: 54935 prefixes
      level 9: 54935 prefixes
      level 10: 54935 prefixes
  lam=(25, 6, 5, 3, 1): N_S=54935 |Stab|=1 n_chi=54935 (orbits dropped: 0) [lean, 0s, HWM 0.08 GB]
    E_01: |H|=1 targets 32202 canonical rows 32202 nnz 180684 (obstructed fixed targets cancelled: 0) [0s, HWM 0.08 GB]
    E_12: |H|=1 targets 46049 canonical rows 46049 nnz 163534 (obstructed fixed targets cancelled: 0) [0s, HWM 0.08 GB]
    E_23: |H|=1 targets 36887 canonical rows 36887 nnz 119852 (obstructed fixed targets cancelled: 0) [1s, HWM 0.08 GB]
    E_34: |H|=1 targets 21713 canonical rows 21713 nnz 54935 (obstructed fixed targets cancelled: 0) [1s, HWM 0.08 GB]
  built (25, 6, 5, 3, 1) d10: N_S=54935 |Stab|=1 n_chi=54935 rows=136851 nnz=519005 (1s: mono 0s orbits 0s rows 1s; HWM 0.08 GB)
  sieve (25, 6, 5, 3, 1) d10: cover(E) 54776/54935 by reversed (a=33, |U|=159, excess 126; {'natural': 53221, 'reversed': 54776, 'fill_asc': 46418, 'fill_desc': 44901, 'random': 36734}); cover(E_red) 38681/38796 (0.2s)
    hybrid[25_6_5_3_1d10] p=2147483647 attempt 0: |S|=54776 |U|=159 (a=33, excess 126) m=223 projected nullity 33, verified=True, rank 33 [split 0.1s trisolve 0.2s schur 0.5s null 0.0s lift 0.8s]
    hybrid[25_6_5_3_1d10] p=2147483629 attempt 0: |S|=54776 |U|=159 (a=33, excess 126) m=223 projected nullity 33, verified=True, rank 33 [split 0.1s trisolve 0.2s schur 0.6s null 0.0s lift 0.8s]
  RESULT (25, 6, 5, 3, 1) d10: a=33 n_chi=54935 |U|=159 mult_det=33 mult_per4=33 mult_red(star)=33 mult_red(pts)=33 i_det=0 i_red=0 i_per4=0 D=0  (5.7s, HWM 0.24 GB)
RESULT {"lam": [25, 6, 5, 3, 1], "delta": 10, "ell": 5, "a": 33, "K": 41, "N_S": 54935, "stab": 1, "n_chi": 54935, "nrows": 136851, "nnz": 519005, "nfixed": 0, "build_secs": 0.8, "build_hwm_gb": 0.08, "route": "hybrid", "h_pad": 100, "seeds": {"det": 11, "red": 29, "per4": 47, "hybrid": 20260908}, "bound": 40, "primes": [2147483647, 2147483629], "n_red": 38796, "cover_E": {"size": 54776, "order": "reversed", "stats": {"natural": 53221, "reversed": 54776, "fill_asc": 46418, "fill_desc": 44901, "random": 36734}, "n_chi": 54935, "a": 33, "excess": 126, "certified_rank_lb": 54776}, "cover_Ered": {"size": 38681, "order": "reversed", "stats": {"natural": 38349, "reversed": 38681, "fill_asc": 34671, "fill_desc": 33403, "random": 27750}, "n_red": 38796, "certified": false}, "sieve_secs": 0.2, "pred_mem_x_bytes": 34837536, "primes_concurrent": true, "per_prime": {"2147483647": {"sides": {"det": {"mult": 33, "nullity": 0, "instrument": "hybrid kernel + det evaluation rows"}, "per4": {"mult": 33, "nullity": 0, "instrument": "hybrid kernel + per4 evaluation rows"}, "red_pts": {"mult": 33, "nullity": 0, "instrument": "hybrid kernel + red_pts evaluation rows"}, "red_star": {"mult": 33, "nullity": 0, "instrument": "hybrid kernel + (star)"}}, "hybrid": {"nS": 54776, "nU": 159, "excess": 126, "nnzT": 158938, "rows_other": 82075, "order": "reversed", "cover_stats": {"natural": 53221, "reversed": 54776, "fill_asc": 46418, "fill_desc": 44901, "random": 36734}, "attempts": [{"attempt": 0, "m": 223, "nproj": 8, "projected_nullity": 33, "verified": true, "rank": 33, "secs": {"split": 0.1, "trisolve": 0.2, "schur": 0.5, "nullspace": 0.0, "lift_verify": 0.8}}], "secs": 1.6}, "ev_secs": 1.8, "rank_secs": 0.9, "secs": 4.4, "hwm_gb": 0.24}, "2147483629": {"sides": {"det": {"mult": 33, "nullity": 0, "instrument": "hybrid kernel + det evaluation rows"}, "per4": {"mult": 33, "nullity": 0, "instrument": "hybrid kernel + per4 evaluation rows"}, "red_pts": {"mult": 33, "nullity": 0, "instrument": "hybrid kernel + red_pts evaluation rows"}, "red_star": {"mult": 33, "nullity": 0, "instrument": "hybrid kernel + (star)"}}, "hybrid": {"nS": 54776, "nU": 159, "excess": 126, "nnzT": 158938, "rows_other": 82075, "order": "reversed", "cover_stats": {"natural": 53221, "reversed": 54776, "fill_asc": 46418, "fill_desc": 44901, "random": 36734}, "attempts": [{"attempt": 0, "m": 223, "nproj": 8, "projected_nullity": 33, "verified": true, "rank": 33, "secs": {"split": 0.1, "trisolve": 0.2, "schur": 0.6, "nullspace": 0.0, "lift_verify": 0.8}}], "secs": 1.7}, "ev_secs": 1.8, "rank_secs": 1.0, "secs": 4.5, "hwm_gb": 0.24}}, "sides": {"det": {"mult": 33, "per_prime": {"2147483647": 33, "2147483629": 33}, "primes_agree": true, "instrument": "hybrid kernel + det evaluation rows", "status": "proved (full rank at both primes: mult = a over Q)"}, "per4": {"mult": 33, "per_prime": {"2147483647": 33, "2147483629": 33}, "primes_agree": true, "instrument": "hybrid kernel + per4 evaluation rows", "status": "proved (full rank at both primes: mult = a over Q)"}, "red_star": {"mult": 33, "per_prime": {"2147483647": 33, "2147483629": 33}, "primes_agree": true, "instrument": "hybrid kernel + (star)", "status": "proved (full rank at both primes: mult = a over Q)"}, "red_pts": {"mult": 33, "per_prime": {"2147483647": 33, "2147483629": 33}, "primes_agree": true, "instrument": "hybrid kernel + red_pts evaluation rows", "status": "proved (full rank at both primes: mult = a over Q)"}}, "mult_det": 33, "mult_per4": 33, "mult_red_star": 33, "mult_red_pts": 33, "mult_red": 33, "star_eq_pts": true, "i_det": 0, "i_red": 0, "i_per4": 0, "D": 0, "refute": false, "halt": false, "ok": true, "secs": 5.7, "hwm_gb": 0.24, "certs": [["results/certs/s71/25_6_5_3_1_d10_hybrid_p2147483647.json.gz", 14595], ["results/certs/s71/25_6_5_3_1_d10_hybrid_p2147483629.json.gz", 14595]]}
