      level 1: 36 prefixes
      level 2: 442 prefixes
      level 3: 2872 prefixes
      level 4: 12647 prefixes
      level 5: 37478 prefixes
      level 6: 70812 prefixes
      level 7: 91167 prefixes
      level 8: 96902 prefixes
      level 9: 97572 prefixes
      level 10: 97589 prefixes
      level 11: 97589 prefixes
      level 12: 97589 prefixes
      level 13: 97589 prefixes
      level 14: 97589 prefixes
  lam=(36, 12, 6, 1, 1): N_S=97589 |Stab|=2 n_chi=37180 (orbits dropped: 23229) [lean, 0s, HWM 0.09 GB]
    E_01: |H|=2 targets 74187 canonical rows 28187 nnz 163653 (obstructed fixed targets cancelled: 6731) [1s, HWM 0.09 GB]
    E_12: |H|=2 targets 69420 canonical rows 26276 nnz 119585 (obstructed fixed targets cancelled: 3910) [1s, HWM 0.09 GB]
    E_23: |H|=1 targets 28769 canonical rows 28660 nnz 74360 (obstructed fixed targets cancelled: 0) [1s, HWM 0.09 GB]
    E_34: |H|=1 targets 60409 canonical rows 0 nnz 0 (obstructed fixed targets cancelled: 0) [2s, HWM 0.09 GB]
  built (36, 12, 6, 1, 1) d14: N_S=97589 |Stab|=2 n_chi=37180 rows=83123 nnz=357598 (2s: mono 0s orbits 0s rows 2s; HWM 0.09 GB)
  sieve (36, 12, 6, 1, 1) d14: cover(E) 36942/37180 by reversed (a=171, |U|=238, excess 67; {'natural': 34140, 'reversed': 36942, 'fill_asc': 28346, 'fill_desc': 28482, 'random': 22837}); cover(E_red) 30447/30661 (0.2s)
    hybrid[36_12_6_1_1d14] p=2147483647 attempt 0: |S|=36942 |U|=238 (a=171, excess 67) m=302 projected nullity 171, verified=True, rank 171 [split 0.1s trisolve 0.2s schur 0.5s null 0.0s lift 1.7s]
    hybrid[36_12_6_1_1d14] p=2147483629 attempt 0: |S|=36942 |U|=238 (a=171, excess 67) m=302 projected nullity 171, verified=True, rank 171 [split 0.2s trisolve 0.2s schur 0.5s null 0.1s lift 2.2s]
  RESULT (36, 12, 6, 1, 1) d14: a=171 n_chi=37180 |U|=238 mult_det=171 mult_per4=171 mult_red(star)=171 mult_red(pts)=171 i_det=0 i_red=0 i_per4=0 D=0  (23.1s, HWM 0.66 GB)
RESULT {"lam": [36, 12, 6, 1, 1], "delta": 14, "ell": 5, "a": 171, "K": 179, "N_S": 97589, "stab": 2, "n_chi": 37180, "nrows": 83123, "nnz": 357598, "nfixed": 10641, "build_secs": 2.0, "build_hwm_gb": 0.09, "route": "hybrid", "h_pad": 333, "seeds": {"det": 11, "red": 29, "per4": 47, "hybrid": 20260908}, "bound": 40, "primes": [2147483647, 2147483629], "n_red": 30661, "cover_E": {"size": 36942, "order": "reversed", "stats": {"natural": 34140, "reversed": 36942, "fill_asc": 28346, "fill_desc": 28482, "random": 22837}, "n_chi": 37180, "a": 171, "excess": 67, "certified_rank_lb": 36942}, "cover_Ered": {"size": 30447, "order": "reversed", "stats": {"natural": 28667, "reversed": 30447, "fill_asc": 24346, "fill_desc": 24396, "random": 19624}, "n_red": 30661, "certified": false}, "sieve_secs": 0.2, "pred_mem_x_bytes": 35168784, "primes_concurrent": true, "per_prime": {"2147483647": {"sides": {"det": {"mult": 171, "nullity": 0, "instrument": "hybrid kernel + det evaluation rows"}, "per4": {"mult": 171, "nullity": 0, "instrument": "hybrid kernel + per4 evaluation rows"}, "red_pts": {"mult": 171, "nullity": 0, "instrument": "hybrid kernel + red_pts evaluation rows"}, "red_star": {"mult": 171, "nullity": 0, "instrument": "hybrid kernel + (star)"}}, "hybrid": {"nS": 36942, "nU": 238, "excess": 67, "nnzT": 129132, "rows_other": 46181, "order": "reversed", "cover_stats": {"natural": 34140, "reversed": 36942, "fill_asc": 28346, "fill_desc": 28482, "random": 22837}, "attempts": [{"attempt": 0, "m": 302, "nproj": 8, "projected_nullity": 171, "verified": true, "rank": 171, "secs": {"split": 0.1, "trisolve": 0.2, "schur": 0.5, "nullspace": 0.0, "lift_verify": 1.7}}], "secs": 2.8}, "ev_secs": 12.9, "rank_secs": 4.8, "secs": 20.4, "hwm_gb": 0.66}, "2147483629": {"sides": {"det": {"mult": 171, "nullity": 0, "instrument": "hybrid kernel + det evaluation rows"}, "per4": {"mult": 171, "nullity": 0, "instrument": "hybrid kernel + per4 evaluation rows"}, "red_pts": {"mult": 171, "nullity": 0, "instrument": "hybrid kernel + red_pts evaluation rows"}, "red_star": {"mult": 171, "nullity": 0, "instrument": "hybrid kernel + (star)"}}, "hybrid": {"nS": 36942, "nU": 238, "excess": 67, "nnzT": 129132, "rows_other": 46181, "order": "reversed", "cover_stats": {"natural": 34140, "reversed": 36942, "fill_asc": 28346, "fill_desc": 28482, "random": 22837}, "attempts": [{"attempt": 0, "m": 302, "nproj": 8, "projected_nullity": 171, "verified": true, "rank": 171, "secs": {"split": 0.2, "trisolve": 0.2, "schur": 0.5, "nullspace": 0.1, "lift_verify": 2.2}}], "secs": 3.4}, "ev_secs": 13.0, "rank_secs": 4.3, "secs": 20.7, "hwm_gb": 0.66}}, "sides": {"det": {"mult": 171, "per_prime": {"2147483647": 171, "2147483629": 171}, "primes_agree": true, "instrument": "hybrid kernel + det evaluation rows", "status": "proved (full rank at both primes: mult = a over Q)"}, "per4": {"mult": 171, "per_prime": {"2147483647": 171, "2147483629": 171}, "primes_agree": true, "instrument": "hybrid kernel + per4 evaluation rows", "status": "proved (full rank at both primes: mult = a over Q)"}, "red_star": {"mult": 171, "per_prime": {"2147483647": 171, "2147483629": 171}, "primes_agree": true, "instrument": "hybrid kernel + (star)", "status": "proved (full rank at both primes: mult = a over Q)"}, "red_pts": {"mult": 171, "per_prime": {"2147483647": 171, "2147483629": 171}, "primes_agree": true, "instrument": "hybrid kernel + red_pts evaluation rows", "status": "proved (full rank at both primes: mult = a over Q)"}}, "mult_det": 171, "mult_per4": 171, "mult_red_star": 171, "mult_red_pts": 171, "mult_red": 171, "star_eq_pts": true, "i_det": 0, "i_red": 0, "i_per4": 0, "D": 0, "refute": false, "halt": false, "ok": true, "secs": 23.1, "hwm_gb": 0.66, "certs": [["results/certs/s71/36_12_6_1_1_d14_hybrid_p2147483647.json.gz", 54775], ["results/certs/s71/36_12_6_1_1_d14_hybrid_p2147483629.json.gz", 54771]]}
