      level 1: 48 prefixes
      level 2: 828 prefixes
      level 3: 6693 prefixes
      level 4: 30430 prefixes
      level 5: 72038 prefixes
      level 6: 97498 prefixes
      level 7: 102784 prefixes
      level 8: 103087 prefixes
      level 9: 103087 prefixes
      level 10: 103087 prefixes
      level 11: 103087 prefixes
      level 12: 103087 prefixes
  lam=(31, 9, 4, 3, 1): N_S=103087 |Stab|=1 n_chi=103087 (orbits dropped: 0) [lean, 0s, HWM 0.10 GB]
    E_01: |H|=1 targets 71327 canonical rows 71327 nnz 418313 (obstructed fixed targets cancelled: 0) [1s, HWM 0.10 GB]
    E_12: |H|=1 targets 64448 canonical rows 64448 nnz 269883 (obstructed fixed targets cancelled: 0) [1s, HWM 0.10 GB]
    E_23: |H|=1 targets 75978 canonical rows 75978 nnz 225833 (obstructed fixed targets cancelled: 0) [1s, HWM 0.10 GB]
    E_34: |H|=1 targets 40519 canonical rows 40519 nnz 103087 (obstructed fixed targets cancelled: 0) [2s, HWM 0.10 GB]
  built (31, 9, 4, 3, 1) d12: N_S=103087 |Stab|=1 n_chi=103087 rows=252272 nnz=1017116 (2s: mono 0s orbits 0s rows 2s; HWM 0.11 GB)
  sieve (31, 9, 4, 3, 1) d12: cover(E) 102771/103087 by reversed (a=135, |U|=316, excess 181; {'natural': 99490, 'reversed': 102771, 'fill_asc': 86090, 'fill_desc': 83165, 'random': 67792}); cover(E_red) 77851/78102 (0.5s)
    hybrid[31_9_4_3_1d12] p=2147483629 attempt 0: |S|=102771 |U|=316 (a=135, excess 181) m=380 blocks 1x316 projected nullity 135, verified=True, rank 135 [split 0.2s trisolve 8.7s schur 4.2s null 0.2s lift 7.0s rank 1.4s]
    hybrid[31_9_4_3_1d12] p=2147483647 attempt 0: |S|=102771 |U|=316 (a=135, excess 181) m=380 blocks 1x316 projected nullity 135, verified=True, rank 135 [split 0.2s trisolve 8.6s schur 4.1s null 0.2s lift 7.5s rank 1.5s]
  RESULT (31, 9, 4, 3, 1) d12: a=135 n_chi=103087 |U|=316 mult_det=135 mult_per4=135 mult_red(star)=135 mult_red(pts)=135 i_det=0 i_red=0 i_per4=0 D=0  (75.8s, HWM 1.14 GB)
RESULT {"lam": [31, 9, 4, 3, 1], "delta": 12, "ell": 5, "a": 135, "K": 143, "N_S": 103087, "stab": 1, "n_chi": 103087, "nrows": 252272, "nnz": 1017116, "nfixed": 0, "build_secs": 2.0, "build_hwm_gb": 0.11, "route": "hybrid", "h_pad": 337, "seeds": {"det": 11, "red": 29, "per4": 47, "hybrid": 20260908}, "bound": 40, "primes": [2147483647, 2147483629], "n_red": 78102, "cover_E": {"size": 102771, "order": "reversed", "stats": {"natural": 99490, "reversed": 102771, "fill_asc": 86090, "fill_desc": 83165, "random": 67792}, "n_chi": 103087, "a": 135, "excess": 181, "certified_rank_lb": 102771}, "cover_Ered": {"size": 77851, "order": "reversed", "stats": {"natural": 76586, "reversed": 77851, "fill_asc": 68358, "fill_desc": 66431, "random": 54553}, "n_red": 78102, "certified": false}, "sieve_secs": 0.5, "pred_mem_x_bytes": 185569524, "primes_concurrent": true, "per_prime": {"2147483647": {"sides": {"det": {"mult": 135, "nullity": 0, "instrument": "hybrid kernel + det evaluation rows"}, "per4": {"mult": 135, "nullity": 0, "instrument": "hybrid kernel + per4 evaluation rows"}, "red_pts": {"mult": 135, "nullity": 0, "instrument": "hybrid kernel + red_pts evaluation rows"}, "red_star": {"mult": 135, "nullity": 0, "instrument": "hybrid kernel + (star)"}}, "hybrid": {"nS": 102771, "nU": 316, "excess": 181, "nnzT": 303981, "rows_other": 149501, "order": "reversed", "cover_stats": {"natural": 99490, "reversed": 102771, "fill_asc": 86090, "fill_desc": 83165, "random": 67792}, "ublock": 316, "nblocks": 1, "attempts": [{"attempt": 0, "m": 380, "nproj": 8, "projected_nullity": 135, "verified": true, "rank": 135, "secs": {"split": 0.2, "trisolve": 8.6, "schur": 4.1, "nullspace": 0.2, "lift_verify": 7.5, "rank": 1.5}}], "secs": 22.0}, "ev_secs": 29.1, "rank_secs": 21.9, "secs": 73.0, "hwm_gb": 1.14}, "2147483629": {"sides": {"det": {"mult": 135, "nullity": 0, "instrument": "hybrid kernel + det evaluation rows"}, "per4": {"mult": 135, "nullity": 0, "instrument": "hybrid kernel + per4 evaluation rows"}, "red_pts": {"mult": 135, "nullity": 0, "instrument": "hybrid kernel + red_pts evaluation rows"}, "red_star": {"mult": 135, "nullity": 0, "instrument": "hybrid kernel + (star)"}}, "hybrid": {"nS": 102771, "nU": 316, "excess": 181, "nnzT": 303981, "rows_other": 149501, "order": "reversed", "cover_stats": {"natural": 99490, "reversed": 102771, "fill_asc": 86090, "fill_desc": 83165, "random": 67792}, "ublock": 316, "nblocks": 1, "attempts": [{"attempt": 0, "m": 380, "nproj": 8, "projected_nullity": 135, "verified": true, "rank": 135, "secs": {"split": 0.2, "trisolve": 8.7, "schur": 4.2, "nullspace": 0.2, "lift_verify": 7.0, "rank": 1.4}}], "secs": 21.8}, "ev_secs": 28.9, "rank_secs": 22.4, "secs": 73.1, "hwm_gb": 1.14}}, "sides": {"det": {"mult": 135, "per_prime": {"2147483647": 135, "2147483629": 135}, "primes_agree": true, "instrument": "hybrid kernel + det evaluation rows", "status": "proved (full rank at both primes: mult = a over Q)"}, "per4": {"mult": 135, "per_prime": {"2147483647": 135, "2147483629": 135}, "primes_agree": true, "instrument": "hybrid kernel + per4 evaluation rows", "status": "proved (full rank at both primes: mult = a over Q)"}, "red_star": {"mult": 135, "per_prime": {"2147483647": 135, "2147483629": 135}, "primes_agree": true, "instrument": "hybrid kernel + (star)", "status": "proved (full rank at both primes: mult = a over Q)"}, "red_pts": {"mult": 135, "per_prime": {"2147483647": 135, "2147483629": 135}, "primes_agree": true, "instrument": "hybrid kernel + red_pts evaluation rows", "status": "proved (full rank at both primes: mult = a over Q)"}}, "mult_det": 135, "mult_per4": 135, "mult_red_star": 135, "mult_red_pts": 135, "mult_red": 135, "star_eq_pts": true, "i_det": 0, "i_red": 0, "i_per4": 0, "D": 0, "refute": false, "halt": false, "ok": true, "secs": 75.8, "hwm_gb": 1.14, "certs": [["results/certs/s71/31_9_4_3_1_d12_hybrid_p2147483647.json.gz", 44028], ["results/certs/s71/31_9_4_3_1_d12_hybrid_p2147483629.json.gz", 44026]]}
