      level 1: 46 prefixes
      level 2: 887 prefixes
      level 3: 8137 prefixes
      level 4: 33425 prefixes
      level 5: 58802 prefixes
      level 6: 65585 prefixes
      level 7: 66012 prefixes
      level 8: 66012 prefixes
      level 9: 66012 prefixes
  lam=(21, 5, 5, 4, 1): N_S=66012 |Stab|=2 n_chi=32425 (orbits dropped: 1162) [lean, 0s, HWM 0.08 GB]
    E_01: |H|=1 targets 35768 canonical rows 35768 nnz 195241 (obstructed fixed targets cancelled: 0) [0s, HWM 0.08 GB]
    E_12: |H|=1 targets 59837 canonical rows 59807 nnz 190939 (obstructed fixed targets cancelled: 0) [0s, HWM 0.09 GB]
    E_23: |H|=1 targets 52323 canonical rows 52306 nnz 170638 (obstructed fixed targets cancelled: 0) [1s, HWM 0.09 GB]
    E_34: |H|=2 targets 22589 canonical rows 10985 nnz 32158 (obstructed fixed targets cancelled: 252) [1s, HWM 0.09 GB]
  built (21, 5, 5, 4, 1) d9: N_S=66012 |Stab|=2 n_chi=32425 rows=158866 nnz=588976 (1s: mono 0s orbits 0s rows 1s; HWM 0.09 GB)
  sieve (21, 5, 5, 4, 1) d9: cover(E) 32373/32425 by reversed (a=10, |U|=52, excess 42; {'natural': 31309, 'reversed': 32373, 'fill_asc': 29437, 'fill_desc': 29325, 'random': 24440}); cover(E_red) 23503/23545 (0.3s)
    hybrid[21_5_5_4_1d9] p=2147483629 attempt 0: |S|=32373 |U|=52 (a=10, excess 42) m=116 projected nullity 10, verified=True, rank 10 [split 0.1s trisolve 0.0s schur 0.3s null 0.0s lift 0.1s]
    hybrid[21_5_5_4_1d9] p=2147483647 attempt 0: |S|=32373 |U|=52 (a=10, excess 42) m=116 projected nullity 10, verified=True, rank 10 [split 0.1s trisolve 0.0s schur 0.3s null 0.0s lift 0.1s]
  RESULT (21, 5, 5, 4, 1) d9: a=10 n_chi=32425 |U|=52 mult_det=10 mult_per4=10 mult_red(star)=10 mult_red(pts)=10 i_det=0 i_red=0 i_per4=0 D=0  (2.8s, HWM 0.13 GB)
RESULT {"lam": [21, 5, 5, 4, 1], "delta": 9, "ell": 5, "a": 10, "K": 18, "N_S": 66012, "stab": 2, "n_chi": 32425, "nrows": 158866, "nnz": 588976, "nfixed": 252, "build_secs": 0.9, "build_hwm_gb": 0.09, "route": "hybrid", "h_pad": 33, "seeds": {"det": 11, "red": 29, "per4": 47, "hybrid": 20260908}, "bound": 40, "primes": [2147483647, 2147483629], "n_red": 23545, "cover_E": {"size": 32373, "order": "reversed", "stats": {"natural": 31309, "reversed": 32373, "fill_asc": 29437, "fill_desc": 29325, "random": 24440}, "n_chi": 32425, "a": 10, "excess": 42, "certified_rank_lb": 32373}, "cover_Ered": {"size": 23503, "order": "reversed", "stats": {"natural": 23025, "reversed": 23503, "fill_asc": 22351, "fill_desc": 21996, "random": 18772}, "n_red": 23545, "certified": false}, "sieve_secs": 0.3, "pred_mem_x_bytes": 6733584, "primes_concurrent": true, "per_prime": {"2147483647": {"sides": {"det": {"mult": 10, "nullity": 0, "instrument": "hybrid kernel + det evaluation rows"}, "per4": {"mult": 10, "nullity": 0, "instrument": "hybrid kernel + per4 evaluation rows"}, "red_pts": {"mult": 10, "nullity": 0, "instrument": "hybrid kernel + red_pts evaluation rows"}, "red_star": {"mult": 10, "nullity": 0, "instrument": "hybrid kernel + (star)"}}, "hybrid": {"nS": 32373, "nU": 52, "excess": 42, "nnzT": 84098, "rows_other": 126493, "order": "reversed", "cover_stats": {"natural": 31309, "reversed": 32373, "fill_asc": 29437, "fill_desc": 29325, "random": 24440}, "attempts": [{"attempt": 0, "m": 116, "nproj": 8, "projected_nullity": 10, "verified": true, "rank": 10, "secs": {"split": 0.1, "trisolve": 0.0, "schur": 0.3, "nullspace": 0.0, "lift_verify": 0.1}}], "secs": 0.5}, "ev_secs": 0.8, "rank_secs": 0.2, "secs": 1.5, "hwm_gb": 0.13}, "2147483629": {"sides": {"det": {"mult": 10, "nullity": 0, "instrument": "hybrid kernel + det evaluation rows"}, "per4": {"mult": 10, "nullity": 0, "instrument": "hybrid kernel + per4 evaluation rows"}, "red_pts": {"mult": 10, "nullity": 0, "instrument": "hybrid kernel + red_pts evaluation rows"}, "red_star": {"mult": 10, "nullity": 0, "instrument": "hybrid kernel + (star)"}}, "hybrid": {"nS": 32373, "nU": 52, "excess": 42, "nnzT": 84098, "rows_other": 126493, "order": "reversed", "cover_stats": {"natural": 31309, "reversed": 32373, "fill_asc": 29437, "fill_desc": 29325, "random": 24440}, "attempts": [{"attempt": 0, "m": 116, "nproj": 8, "projected_nullity": 10, "verified": true, "rank": 10, "secs": {"split": 0.1, "trisolve": 0.0, "schur": 0.3, "nullspace": 0.0, "lift_verify": 0.1}}], "secs": 0.5}, "ev_secs": 0.8, "rank_secs": 0.2, "secs": 1.5, "hwm_gb": 0.13}}, "sides": {"det": {"mult": 10, "per_prime": {"2147483647": 10, "2147483629": 10}, "primes_agree": true, "instrument": "hybrid kernel + det evaluation rows", "status": "proved (full rank at both primes: mult = a over Q)"}, "per4": {"mult": 10, "per_prime": {"2147483647": 10, "2147483629": 10}, "primes_agree": true, "instrument": "hybrid kernel + per4 evaluation rows", "status": "proved (full rank at both primes: mult = a over Q)"}, "red_star": {"mult": 10, "per_prime": {"2147483647": 10, "2147483629": 10}, "primes_agree": true, "instrument": "hybrid kernel + (star)", "status": "proved (full rank at both primes: mult = a over Q)"}, "red_pts": {"mult": 10, "per_prime": {"2147483647": 10, "2147483629": 10}, "primes_agree": true, "instrument": "hybrid kernel + red_pts evaluation rows", "status": "proved (full rank at both primes: mult = a over Q)"}}, "mult_det": 10, "mult_per4": 10, "mult_red_star": 10, "mult_red_pts": 10, "mult_red": 10, "star_eq_pts": true, "i_det": 0, "i_red": 0, "i_per4": 0, "D": 0, "refute": false, "halt": false, "ok": true, "secs": 2.8, "hwm_gb": 0.13, "certs": [["results/certs/s71/21_5_5_4_1_d9_hybrid_p2147483647.json.gz", 205356], ["results/certs/s71/21_5_5_4_1_d9_hybrid_p2147483629.json.gz", 205891]]}
