      level 1: 35 prefixes
      level 2: 419 prefixes
      level 3: 3058 prefixes
      level 4: 15761 prefixes
      level 5: 52602 prefixes
      level 6: 104610 prefixes
      level 7: 136142 prefixes
      level 8: 144577 prefixes
      level 9: 145504 prefixes
      level 10: 145527 prefixes
      level 11: 145527 prefixes
      level 12: 145527 prefixes
      level 13: 145527 prefixes
  lam=(32, 9, 9, 1, 1): N_S=145527 |Stab|=4 n_chi=28199 (orbits dropped: 17021) [lean, 0s, HWM 0.11 GB]
    E_01: |H|=2 targets 98706 canonical rows 37849 nnz 223015 (obstructed fixed targets cancelled: 8620) [1s, HWM 0.11 GB]
    E_12: |H|=2 targets 139028 canonical rows 53553 nnz 224486 (obstructed fixed targets cancelled: 6064) [2s, HWM 0.12 GB]
    E_23: |H|=1 targets 35934 canonical rows 35934 nnz 112112 (obstructed fixed targets cancelled: 0) [2s, HWM 0.12 GB]
    E_34: |H|=2 targets 89335 canonical rows 0 nnz 0 (obstructed fixed targets cancelled: 342) [2s, HWM 0.12 GB]
  built (32, 9, 9, 1, 1) d13: N_S=145527 |Stab|=4 n_chi=28199 rows=127336 nnz=559613 (3s: mono 1s orbits 0s rows 2s; HWM 0.12 GB)
  sieve (32, 9, 9, 1, 1) d13: cover(E) 28104/28199 by reversed (a=60, |U|=95, excess 35; {'natural': 25530, 'reversed': 28104, 'fill_asc': 24302, 'fill_desc': 24693, 'random': 19238}); cover(E_red) 23556/23645 (0.3s)
    hybrid[32_9_9_1_1d13] p=2147483629 attempt 0: |S|=28104 |U|=95 (a=60, excess 35) m=159 projected nullity 60, verified=True, rank 60 [split 0.1s trisolve 0.1s schur 0.4s null 0.0s lift 0.9s]
    hybrid[32_9_9_1_1d13] p=2147483647 attempt 0: |S|=28104 |U|=95 (a=60, excess 35) m=159 projected nullity 60, verified=True, rank 60 [split 0.1s trisolve 0.1s schur 0.4s null 0.0s lift 0.9s]
  RESULT (32, 9, 9, 1, 1) d13: a=60 n_chi=28199 |U|=95 mult_det=60 mult_per4=60 mult_red(star)=57 mult_red(pts)=57 i_det=0 i_red=3 i_per4=0 D=-3  (12.7s, HWM 0.25 GB)
RESULT {"lam": [32, 9, 9, 1, 1], "delta": 13, "ell": 5, "a": 60, "K": 68, "N_S": 145527, "stab": 4, "n_chi": 28199, "nrows": 127336, "nnz": 559613, "nfixed": 15026, "build_secs": 3.1, "build_hwm_gb": 0.12, "route": "hybrid", "h_pad": 82, "seeds": {"det": 11, "red": 29, "per4": 47, "hybrid": 20260908}, "bound": 40, "primes": [2147483647, 2147483629], "n_red": 23645, "cover_E": {"size": 28104, "order": "reversed", "stats": {"natural": 25530, "reversed": 28104, "fill_asc": 24302, "fill_desc": 24693, "random": 19238}, "n_chi": 28199, "a": 60, "excess": 35, "certified_rank_lb": 28104}, "cover_Ered": {"size": 23556, "order": "reversed", "stats": {"natural": 21608, "reversed": 23556, "fill_asc": 21056, "fill_desc": 20932, "random": 16604}, "n_red": 23645, "certified": false}, "sieve_secs": 0.3, "pred_mem_x_bytes": 10679520, "primes_concurrent": true, "per_prime": {"2147483647": {"sides": {"det": {"mult": 60, "nullity": 0, "instrument": "hybrid kernel + det evaluation rows"}, "per4": {"mult": 60, "nullity": 0, "instrument": "hybrid kernel + per4 evaluation rows"}, "red_pts": {"mult": 57, "nullity": 3, "instrument": "hybrid kernel + red_pts evaluation rows"}, "red_star": {"mult": 57, "nullity": 3, "instrument": "hybrid kernel + (star)"}}, "hybrid": {"nS": 28104, "nU": 95, "excess": 35, "nnzT": 90827, "rows_other": 99232, "order": "reversed", "cover_stats": {"natural": 25530, "reversed": 28104, "fill_asc": 24302, "fill_desc": 24693, "random": 19238}, "attempts": [{"attempt": 0, "m": 159, "nproj": 8, "projected_nullity": 60, "verified": true, "rank": 60, "secs": {"split": 0.1, "trisolve": 0.1, "schur": 0.4, "nullspace": 0.0, "lift_verify": 0.9}}], "secs": 1.5}, "ev_secs": 6.4, "rank_secs": 1.3, "secs": 9.3, "hwm_gb": 0.25}, "2147483629": {"sides": {"det": {"mult": 60, "nullity": 0, "instrument": "hybrid kernel + det evaluation rows"}, "per4": {"mult": 60, "nullity": 0, "instrument": "hybrid kernel + per4 evaluation rows"}, "red_pts": {"mult": 57, "nullity": 3, "instrument": "hybrid kernel + red_pts evaluation rows"}, "red_star": {"mult": 57, "nullity": 3, "instrument": "hybrid kernel + (star)"}}, "hybrid": {"nS": 28104, "nU": 95, "excess": 35, "nnzT": 90827, "rows_other": 99232, "order": "reversed", "cover_stats": {"natural": 25530, "reversed": 28104, "fill_asc": 24302, "fill_desc": 24693, "random": 19238}, "attempts": [{"attempt": 0, "m": 159, "nproj": 8, "projected_nullity": 60, "verified": true, "rank": 60, "secs": {"split": 0.1, "trisolve": 0.1, "schur": 0.4, "nullspace": 0.0, "lift_verify": 0.9}}], "secs": 1.5}, "ev_secs": 6.3, "rank_secs": 1.3, "secs": 9.1, "hwm_gb": 0.25}}, "sides": {"det": {"mult": 60, "per_prime": {"2147483647": 60, "2147483629": 60}, "primes_agree": true, "instrument": "hybrid kernel + det evaluation rows", "status": "proved (full rank at both primes: mult = a over Q)"}, "per4": {"mult": 60, "per_prime": {"2147483647": 60, "2147483629": 60}, "primes_agree": true, "instrument": "hybrid kernel + per4 evaluation rows", "status": "proved (full rank at both primes: mult = a over Q)"}, "red_star": {"mult": 57, "per_prime": {"2147483647": 57, "2147483629": 57}, "primes_agree": true, "instrument": "hybrid kernel + (star)", "status": "measured (exact mod both primes, kernel exhibited): mult = 57"}, "red_pts": {"mult": 57, "per_prime": {"2147483647": 57, "2147483629": 57}, "primes_agree": true, "instrument": "hybrid kernel + red_pts evaluation rows", "status": "measured (exact mod both primes, kernel exhibited): mult = 57"}}, "mult_det": 60, "mult_per4": 60, "mult_red_star": 57, "mult_red_pts": 57, "mult_red": 57, "star_eq_pts": true, "i_det": 0, "i_red": 3, "i_per4": 0, "D": -3, "refute": false, "halt": false, "ok": true, "secs": 12.7, "hwm_gb": 0.25, "certs": [["results/certs/s71/32_9_9_1_1_d13_hybrid_p2147483647.json.gz", 22854], ["results/certs/s71/32_9_9_1_1_d13_hybrid_p2147483629.json.gz", 22855]]}
