      level 1: 57 prefixes
      level 2: 1129 prefixes
      level 3: 9517 prefixes
      level 4: 47239 prefixes
      level 5: 143821 prefixes
      level 6: 253350 prefixes
      level 7: 302220 prefixes
      level 8: 310833 prefixes
      level 9: 311289 prefixes
      level 10: 311289 prefixes
      level 11: 311289 prefixes
      level 12: 311289 prefixes
      level 13: 311289 prefixes
  lam=(33, 11, 3, 3, 2): N_S=311289 |Stab|=2 n_chi=149539 (orbits dropped: 12211) [lean, 1s, HWM 0.14 GB]
    E_01: |H|=2 targets 229827 canonical rows 110181 nnz 673174 (obstructed fixed targets cancelled: 6718) [2s, HWM 0.15 GB]
    E_12: |H|=1 targets 150332 canonical rows 150332 nnz 663277 (obstructed fixed targets cancelled: 0) [3s, HWM 0.15 GB]
    E_23: |H|=1 targets 260859 canonical rows 257969 nnz 609268 (obstructed fixed targets cancelled: 0) [4s, HWM 0.19 GB]
    E_34: |H|=1 targets 196582 canonical rows 196394 nnz 500008 (obstructed fixed targets cancelled: 0) [5s, HWM 0.19 GB]
  built (33, 11, 3, 3, 2) d13: N_S=311289 |Stab|=2 n_chi=149539 rows=714876 nnz=2445727 (7s: mono 1s orbits 1s rows 5s; HWM 0.19 GB)
  sieve (33, 11, 3, 3, 2) d13: cover(E) 149312/149539 by reversed (a=92, |U|=227, excess 135; {'natural': 145078, 'reversed': 149312, 'fill_asc': 137117, 'fill_desc': 135586, 'random': 119415}); cover(E_red) 120535/120726 (1.5s)
    hybrid[33_11_3_3_2d13] p=2147483629 attempt 0: |S|=149312 |U|=227 (a=92, excess 135) m=291 blocks 1x227 projected nullity 92, verified=True, rank 92 [split 0.2s trisolve 2.8s schur 4.5s null 0.0s lift 7.9s rank 0.5s]
    hybrid[33_11_3_3_2d13] p=2147483647 attempt 0: |S|=149312 |U|=227 (a=92, excess 135) m=291 blocks 1x227 projected nullity 92, verified=True, rank 92 [split 0.2s trisolve 2.8s schur 4.5s null 0.0s lift 7.8s rank 0.6s]
  RESULT (33, 11, 3, 3, 2) d13: a=92 n_chi=149539 |U|=227 mult_det=92 mult_per4=92 mult_red(star)=92 mult_red(pts)=92 i_det=0 i_red=0 i_per4=0 D=0  (62.7s, HWM 1.23 GB)
RESULT {"lam": [33, 11, 3, 3, 2], "delta": 13, "ell": 5, "a": 92, "K": 100, "N_S": 311289, "stab": 2, "n_chi": 149539, "nrows": 714876, "nnz": 2445727, "nfixed": 6718, "build_secs": 7.1, "build_hwm_gb": 0.19, "route": "hybrid", "h_pad": 218, "seeds": {"det": 11, "red": 29, "per4": 47, "hybrid": 20260908}, "bound": 40, "primes": [2147483647, 2147483629], "n_red": 120726, "cover_E": {"size": 149312, "order": "reversed", "stats": {"natural": 145078, "reversed": 149312, "fill_asc": 137117, "fill_desc": 135586, "random": 119415}, "n_chi": 149539, "a": 92, "excess": 135, "certified_rank_lb": 149312}, "cover_Ered": {"size": 120535, "order": "reversed", "stats": {"natural": 117949, "reversed": 120535, "fill_asc": 112068, "fill_desc": 111008, "random": 97574}, "n_red": 120726, "certified": false}, "sieve_secs": 1.5, "pred_mem_x_bytes": 190605648, "primes_concurrent": true, "per_prime": {"2147483647": {"sides": {"det": {"mult": 92, "nullity": 0, "instrument": "hybrid kernel + det evaluation rows"}, "per4": {"mult": 92, "nullity": 0, "instrument": "hybrid kernel + per4 evaluation rows"}, "red_pts": {"mult": 92, "nullity": 0, "instrument": "hybrid kernel + red_pts evaluation rows"}, "red_star": {"mult": 92, "nullity": 0, "instrument": "hybrid kernel + (star)"}}, "hybrid": {"nS": 149312, "nU": 227, "excess": 135, "nnzT": 344024, "rows_other": 565564, "order": "reversed", "cover_stats": {"natural": 145078, "reversed": 149312, "fill_asc": 137117, "fill_desc": 135586, "random": 119415}, "ublock": 227, "nblocks": 1, "attempts": [{"attempt": 0, "m": 291, "nproj": 8, "projected_nullity": 92, "verified": true, "rank": 92, "secs": {"split": 0.2, "trisolve": 2.8, "schur": 4.5, "nullspace": 0.0, "lift_verify": 7.8, "rank": 0.6}}], "secs": 16.1}, "ev_secs": 28.7, "rank_secs": 8.2, "secs": 53.0, "hwm_gb": 1.23}, "2147483629": {"sides": {"det": {"mult": 92, "nullity": 0, "instrument": "hybrid kernel + det evaluation rows"}, "per4": {"mult": 92, "nullity": 0, "instrument": "hybrid kernel + per4 evaluation rows"}, "red_pts": {"mult": 92, "nullity": 0, "instrument": "hybrid kernel + red_pts evaluation rows"}, "red_star": {"mult": 92, "nullity": 0, "instrument": "hybrid kernel + (star)"}}, "hybrid": {"nS": 149312, "nU": 227, "excess": 135, "nnzT": 344024, "rows_other": 565564, "order": "reversed", "cover_stats": {"natural": 145078, "reversed": 149312, "fill_asc": 137117, "fill_desc": 135586, "random": 119415}, "ublock": 227, "nblocks": 1, "attempts": [{"attempt": 0, "m": 291, "nproj": 8, "projected_nullity": 92, "verified": true, "rank": 92, "secs": {"split": 0.2, "trisolve": 2.8, "schur": 4.5, "nullspace": 0.0, "lift_verify": 7.9, "rank": 0.5}}], "secs": 16.0}, "ev_secs": 29.2, "rank_secs": 8.6, "secs": 53.8, "hwm_gb": 1.23}}, "sides": {"det": {"mult": 92, "per_prime": {"2147483647": 92, "2147483629": 92}, "primes_agree": true, "instrument": "hybrid kernel + det evaluation rows", "status": "proved (full rank at both primes: mult = a over Q)"}, "per4": {"mult": 92, "per_prime": {"2147483647": 92, "2147483629": 92}, "primes_agree": true, "instrument": "hybrid kernel + per4 evaluation rows", "status": "proved (full rank at both primes: mult = a over Q)"}, "red_star": {"mult": 92, "per_prime": {"2147483647": 92, "2147483629": 92}, "primes_agree": true, "instrument": "hybrid kernel + (star)", "status": "proved (full rank at both primes: mult = a over Q)"}, "red_pts": {"mult": 92, "per_prime": {"2147483647": 92, "2147483629": 92}, "primes_agree": true, "instrument": "hybrid kernel + red_pts evaluation rows", "status": "proved (full rank at both primes: mult = a over Q)"}}, "mult_det": 92, "mult_per4": 92, "mult_red_star": 92, "mult_red_pts": 92, "mult_red": 92, "star_eq_pts": true, "i_det": 0, "i_red": 0, "i_per4": 0, "D": 0, "refute": false, "halt": false, "ok": true, "secs": 62.7, "hwm_gb": 1.23, "certs": [["results/certs/s71/33_11_3_3_2_d13_hybrid_p2147483647.json.gz", 32266], ["results/certs/s71/33_11_3_3_2_d13_hybrid_p2147483629.json.gz", 32266]]}
