      level 1: 49 prefixes
      level 2: 916 prefixes
      level 3: 8154 prefixes
      level 4: 32329 prefixes
      level 5: 56003 prefixes
      level 6: 62337 prefixes
      level 7: 62731 prefixes
      level 8: 62731 prefixes
      level 9: 62731 prefixes
      level 10: 62731 prefixes
  lam=(25, 6, 4, 4, 1): N_S=62731 |Stab|=2 n_chi=32215 (orbits dropped: 0) [lean, 0s, HWM 0.08 GB]
    E_01: |H|=2 targets 36715 canonical rows 18900 nnz 105293 (obstructed fixed targets cancelled: 0) [0s, HWM 0.08 GB]
    E_12: |H|=1 targets 46049 canonical rows 46049 nnz 163534 (obstructed fixed targets cancelled: 0) [0s, HWM 0.08 GB]
    E_23: |H|=1 targets 54935 canonical rows 54935 nnz 159189 (obstructed fixed targets cancelled: 0) [1s, HWM 0.09 GB]
    E_34: |H|=1 targets 21713 canonical rows 21713 nnz 62731 (obstructed fixed targets cancelled: 0) [1s, HWM 0.09 GB]
  built (25, 6, 4, 4, 1) d10: N_S=62731 |Stab|=2 n_chi=32215 rows=141597 nnz=490747 (1s: mono 0s orbits 0s rows 1s; HWM 0.09 GB)
  sieve (25, 6, 4, 4, 1) d10: cover(E) 32146/32215 by reversed (a=31, |U|=69, excess 38; {'natural': 31048, 'reversed': 32146, 'fill_asc': 28501, 'fill_desc': 28219, 'random': 24267}); cover(E_red) 22603/22647 (0.2s)
    hybrid[25_6_4_4_1d10] p=2147483629 attempt 0: |S|=32146 |U|=69 (a=31, excess 38) m=133 projected nullity 31, verified=True, rank 31 [split 0.0s trisolve 0.0s schur 0.3s null 0.0s lift 0.4s]
    hybrid[25_6_4_4_1d10] p=2147483647 attempt 0: |S|=32146 |U|=69 (a=31, excess 38) m=133 projected nullity 31, verified=True, rank 31 [split 0.0s trisolve 0.0s schur 0.3s null 0.0s lift 0.4s]
  RESULT (25, 6, 4, 4, 1) d10: a=31 n_chi=32215 |U|=69 mult_det=31 mult_per4=31 mult_red(star)=31 mult_red(pts)=31 i_det=0 i_red=0 i_per4=0 D=0  (4.6s, HWM 0.18 GB)
RESULT {"lam": [25, 6, 4, 4, 1], "delta": 10, "ell": 5, "a": 31, "K": 39, "N_S": 62731, "stab": 2, "n_chi": 32215, "nrows": 141597, "nnz": 490747, "nfixed": 0, "build_secs": 1.0, "build_hwm_gb": 0.09, "route": "hybrid", "h_pad": 87, "seeds": {"det": 11, "red": 29, "per4": 47, "hybrid": 20260908}, "bound": 40, "primes": [2147483647, 2147483629], "n_red": 22647, "cover_E": {"size": 32146, "order": "reversed", "stats": {"natural": 31048, "reversed": 32146, "fill_asc": 28501, "fill_desc": 28219, "random": 24267}, "n_chi": 32215, "a": 31, "excess": 38, "certified_rank_lb": 32146}, "cover_Ered": {"size": 22603, "order": "reversed", "stats": {"natural": 22309, "reversed": 22603, "fill_asc": 20884, "fill_desc": 20625, "random": 17699}, "n_red": 22647, "certified": false}, "sieve_secs": 0.2, "pred_mem_x_bytes": 8872296, "primes_concurrent": true, "per_prime": {"2147483647": {"sides": {"det": {"mult": 31, "nullity": 0, "instrument": "hybrid kernel + det evaluation rows"}, "per4": {"mult": 31, "nullity": 0, "instrument": "hybrid kernel + per4 evaluation rows"}, "red_pts": {"mult": 31, "nullity": 0, "instrument": "hybrid kernel + red_pts evaluation rows"}, "red_star": {"mult": 31, "nullity": 0, "instrument": "hybrid kernel + (star)"}}, "hybrid": {"nS": 32146, "nU": 69, "excess": 38, "nnzT": 81511, "rows_other": 109451, "order": "reversed", "cover_stats": {"natural": 31048, "reversed": 32146, "fill_asc": 28501, "fill_desc": 28219, "random": 24267}, "attempts": [{"attempt": 0, "m": 133, "nproj": 8, "projected_nullity": 31, "verified": true, "rank": 31, "secs": {"split": 0.0, "trisolve": 0.0, "schur": 0.3, "nullspace": 0.0, "lift_verify": 0.4}}], "secs": 0.8}, "ev_secs": 1.9, "rank_secs": 0.5, "secs": 3.3, "hwm_gb": 0.18}, "2147483629": {"sides": {"det": {"mult": 31, "nullity": 0, "instrument": "hybrid kernel + det evaluation rows"}, "per4": {"mult": 31, "nullity": 0, "instrument": "hybrid kernel + per4 evaluation rows"}, "red_pts": {"mult": 31, "nullity": 0, "instrument": "hybrid kernel + red_pts evaluation rows"}, "red_star": {"mult": 31, "nullity": 0, "instrument": "hybrid kernel + (star)"}}, "hybrid": {"nS": 32146, "nU": 69, "excess": 38, "nnzT": 81511, "rows_other": 109451, "order": "reversed", "cover_stats": {"natural": 31048, "reversed": 32146, "fill_asc": 28501, "fill_desc": 28219, "random": 24267}, "attempts": [{"attempt": 0, "m": 133, "nproj": 8, "projected_nullity": 31, "verified": true, "rank": 31, "secs": {"split": 0.0, "trisolve": 0.0, "schur": 0.3, "nullspace": 0.0, "lift_verify": 0.4}}], "secs": 0.8}, "ev_secs": 1.8, "rank_secs": 0.4, "secs": 3.0, "hwm_gb": 0.18}}, "sides": {"det": {"mult": 31, "per_prime": {"2147483647": 31, "2147483629": 31}, "primes_agree": true, "instrument": "hybrid kernel + det evaluation rows", "status": "proved (full rank at both primes: mult = a over Q)"}, "per4": {"mult": 31, "per_prime": {"2147483647": 31, "2147483629": 31}, "primes_agree": true, "instrument": "hybrid kernel + per4 evaluation rows", "status": "proved (full rank at both primes: mult = a over Q)"}, "red_star": {"mult": 31, "per_prime": {"2147483647": 31, "2147483629": 31}, "primes_agree": true, "instrument": "hybrid kernel + (star)", "status": "proved (full rank at both primes: mult = a over Q)"}, "red_pts": {"mult": 31, "per_prime": {"2147483647": 31, "2147483629": 31}, "primes_agree": true, "instrument": "hybrid kernel + red_pts evaluation rows", "status": "proved (full rank at both primes: mult = a over Q)"}}, "mult_det": 31, "mult_per4": 31, "mult_red_star": 31, "mult_red_pts": 31, "mult_red": 31, "star_eq_pts": true, "i_det": 0, "i_red": 0, "i_per4": 0, "D": 0, "refute": false, "halt": false, "ok": true, "secs": 4.6, "hwm_gb": 0.18, "certs": [["results/certs/s71/25_6_4_4_1_d10_hybrid_p2147483647.json.gz", 13984], ["results/certs/s71/25_6_4_4_1_d10_hybrid_p2147483629.json.gz", 13985]]}
