      level 1: 44 prefixes
      level 2: 680 prefixes
      level 3: 5151 prefixes
      level 4: 21025 prefixes
      level 5: 42003 prefixes
      level 6: 50855 prefixes
      level 7: 52006 prefixes
      level 8: 52033 prefixes
      level 9: 52033 prefixes
      level 10: 52033 prefixes
      level 11: 52033 prefixes
  lam=(28, 8, 5, 2, 1): N_S=52033 |Stab|=1 n_chi=52033 (orbits dropped: 0) [lean, 0s, HWM 0.08 GB]
    E_01: |H|=1 targets 34721 canonical rows 34721 nnz 196671 (obstructed fixed targets cancelled: 0) [0s, HWM 0.08 GB]
    E_12: |H|=1 targets 38922 canonical rows 38922 nnz 153863 (obstructed fixed targets cancelled: 0) [0s, HWM 0.08 GB]
    E_23: |H|=1 targets 26616 canonical rows 26616 nnz 85419 (obstructed fixed targets cancelled: 0) [1s, HWM 0.08 GB]
    E_34: |H|=1 targets 24421 canonical rows 24421 nnz 52033 (obstructed fixed targets cancelled: 0) [1s, HWM 0.08 GB]
  built (28, 8, 5, 2, 1) d11: N_S=52033 |Stab|=1 n_chi=52033 rows=124680 nnz=487986 (1s: mono 0s orbits 0s rows 1s; HWM 0.08 GB)
  sieve (28, 8, 5, 2, 1) d11: cover(E) 51850/52033 by reversed (a=99, |U|=183, excess 84; {'natural': 50147, 'reversed': 51850, 'fill_asc': 43432, 'fill_desc': 42552, 'random': 35008}); cover(E_red) 38012/38147 (0.2s)
    hybrid[28_8_5_2_1d11] p=2147483629 attempt 0: |S|=51850 |U|=183 (a=99, excess 84) m=247 projected nullity 99, verified=True, rank 99 [split 0.1s trisolve 0.2s schur 0.6s null 0.0s lift 1.6s]
    hybrid[28_8_5_2_1d11] p=2147483647 attempt 0: |S|=51850 |U|=183 (a=99, excess 84) m=247 projected nullity 99, verified=True, rank 99 [split 0.2s trisolve 0.2s schur 0.6s null 0.0s lift 1.8s]
  RESULT (28, 8, 5, 2, 1) d11: a=99 n_chi=52033 |U|=183 mult_det=99 mult_per4=99 mult_red(star)=99 mult_red(pts)=99 i_det=0 i_red=0 i_per4=0 D=0  (12.5s, HWM 0.55 GB)
RESULT {"lam": [28, 8, 5, 2, 1], "delta": 11, "ell": 5, "a": 99, "K": 107, "N_S": 52033, "stab": 1, "n_chi": 52033, "nrows": 124680, "nnz": 487986, "nfixed": 0, "build_secs": 0.8, "build_hwm_gb": 0.08, "route": "hybrid", "h_pad": 259, "seeds": {"det": 11, "red": 29, "per4": 47, "hybrid": 20260908}, "bound": 40, "primes": [2147483647, 2147483629], "n_red": 38147, "cover_E": {"size": 51850, "order": "reversed", "stats": {"natural": 50147, "reversed": 51850, "fill_asc": 43432, "fill_desc": 42552, "random": 35008}, "n_chi": 52033, "a": 99, "excess": 84, "certified_rank_lb": 51850}, "cover_Ered": {"size": 38012, "order": "reversed", "stats": {"natural": 37393, "reversed": 38012, "fill_asc": 33444, "fill_desc": 32924, "random": 27364}, "n_red": 38147, "certified": false}, "sieve_secs": 0.2, "pred_mem_x_bytes": 37954200, "primes_concurrent": true, "per_prime": {"2147483647": {"sides": {"det": {"mult": 99, "nullity": 0, "instrument": "hybrid kernel + det evaluation rows"}, "per4": {"mult": 99, "nullity": 0, "instrument": "hybrid kernel + per4 evaluation rows"}, "red_pts": {"mult": 99, "nullity": 0, "instrument": "hybrid kernel + red_pts evaluation rows"}, "red_star": {"mult": 99, "nullity": 0, "instrument": "hybrid kernel + (star)"}}, "hybrid": {"nS": 51850, "nU": 183, "excess": 84, "nnzT": 146129, "rows_other": 72830, "order": "reversed", "cover_stats": {"natural": 50147, "reversed": 51850, "fill_asc": 43432, "fill_desc": 42552, "random": 35008}, "attempts": [{"attempt": 0, "m": 247, "nproj": 8, "projected_nullity": 99, "verified": true, "rank": 99, "secs": {"split": 0.2, "trisolve": 0.2, "schur": 0.6, "nullspace": 0.0, "lift_verify": 1.8}}], "secs": 3.0}, "ev_secs": 5.0, "rank_secs": 3.4, "secs": 11.4, "hwm_gb": 0.55}, "2147483629": {"sides": {"det": {"mult": 99, "nullity": 0, "instrument": "hybrid kernel + det evaluation rows"}, "per4": {"mult": 99, "nullity": 0, "instrument": "hybrid kernel + per4 evaluation rows"}, "red_pts": {"mult": 99, "nullity": 0, "instrument": "hybrid kernel + red_pts evaluation rows"}, "red_star": {"mult": 99, "nullity": 0, "instrument": "hybrid kernel + (star)"}}, "hybrid": {"nS": 51850, "nU": 183, "excess": 84, "nnzT": 146129, "rows_other": 72830, "order": "reversed", "cover_stats": {"natural": 50147, "reversed": 51850, "fill_asc": 43432, "fill_desc": 42552, "random": 35008}, "attempts": [{"attempt": 0, "m": 247, "nproj": 8, "projected_nullity": 99, "verified": true, "rank": 99, "secs": {"split": 0.1, "trisolve": 0.2, "schur": 0.6, "nullspace": 0.0, "lift_verify": 1.6}}], "secs": 2.7}, "ev_secs": 5.0, "rank_secs": 3.5, "secs": 11.3, "hwm_gb": 0.55}}, "sides": {"det": {"mult": 99, "per_prime": {"2147483647": 99, "2147483629": 99}, "primes_agree": true, "instrument": "hybrid kernel + det evaluation rows", "status": "proved (full rank at both primes: mult = a over Q)"}, "per4": {"mult": 99, "per_prime": {"2147483647": 99, "2147483629": 99}, "primes_agree": true, "instrument": "hybrid kernel + per4 evaluation rows", "status": "proved (full rank at both primes: mult = a over Q)"}, "red_star": {"mult": 99, "per_prime": {"2147483647": 99, "2147483629": 99}, "primes_agree": true, "instrument": "hybrid kernel + (star)", "status": "proved (full rank at both primes: mult = a over Q)"}, "red_pts": {"mult": 99, "per_prime": {"2147483647": 99, "2147483629": 99}, "primes_agree": true, "instrument": "hybrid kernel + red_pts evaluation rows", "status": "proved (full rank at both primes: mult = a over Q)"}}, "mult_det": 99, "mult_per4": 99, "mult_red_star": 99, "mult_red_pts": 99, "mult_red": 99, "star_eq_pts": true, "i_det": 0, "i_red": 0, "i_per4": 0, "D": 0, "refute": false, "halt": false, "ok": true, "secs": 12.5, "hwm_gb": 0.55, "certs": [["results/certs/s71/28_8_5_2_1_d11_hybrid_p2147483647.json.gz", 34069], ["results/certs/s71/28_8_5_2_1_d11_hybrid_p2147483629.json.gz", 34073]]}
