      level 1: 36 prefixes
      level 2: 389 prefixes
      level 3: 2054 prefixes
      level 4: 7360 prefixes
      level 5: 18928 prefixes
      level 6: 35692 prefixes
      level 7: 48768 prefixes
      level 8: 54230 prefixes
      level 9: 55433 prefixes
      level 10: 55525 prefixes
      level 11: 55525 prefixes
      level 12: 55525 prefixes
      level 13: 55525 prefixes
      level 14: 55525 prefixes
      level 15: 55525 prefixes
      level 16: 55525 prefixes
  lam=(43, 15, 4, 1, 1): N_S=55525 |Stab|=2 n_chi=20723 (orbits dropped: 14079) [lean, 0s, HWM 0.08 GB]
    E_01: |H|=2 targets 45192 canonical rows 16806 nnz 94713 (obstructed fixed targets cancelled: 4438) [0s, HWM 0.08 GB]
    E_12: |H|=2 targets 30128 canonical rows 11074 nnz 51489 (obstructed fixed targets cancelled: 2106) [1s, HWM 0.08 GB]
    E_23: |H|=1 targets 19870 canonical rows 19610 nnz 41446 (obstructed fixed targets cancelled: 0) [1s, HWM 0.08 GB]
    E_34: |H|=1 targets 34802 canonical rows 0 nnz 0 (obstructed fixed targets cancelled: 0) [1s, HWM 0.08 GB]
  built (43, 15, 4, 1, 1) d16: N_S=55525 |Stab|=2 n_chi=20723 rows=47490 nnz=187648 (1s: mono 0s orbits 0s rows 1s; HWM 0.08 GB)
  sieve (43, 15, 4, 1, 1) d16: cover(E) 20607/20723 by reversed (a=107, |U|=116, excess 9; {'natural': 19007, 'reversed': 20607, 'fill_asc': 16253, 'fill_desc': 16415, 'random': 13988}); cover(E_red) 16804/16909 (0.1s)
    hybrid[43_15_4_1_1d16] p=2147483629 attempt 0: |S|=20607 |U|=116 (a=107, excess 9) m=180 projected nullity 107, verified=True, rank 107 [split 0.0s trisolve 0.0s schur 0.1s null 0.0s lift 0.5s]
    hybrid[43_15_4_1_1d16] p=2147483647 attempt 0: |S|=20607 |U|=116 (a=107, excess 9) m=180 projected nullity 107, verified=True, rank 107 [split 0.0s trisolve 0.0s schur 0.1s null 0.0s lift 0.5s]
  RESULT (43, 15, 4, 1, 1) d16: a=107 n_chi=20723 |U|=116 mult_det=107 mult_per4=107 mult_red(star)=106 mult_red(pts)=106 i_det=0 i_red=1 i_per4=0 D=-1  (9.7s, HWM 0.26 GB)
RESULT {"lam": [43, 15, 4, 1, 1], "delta": 16, "ell": 5, "a": 107, "K": 115, "N_S": 55525, "stab": 2, "n_chi": 20723, "nrows": 47490, "nnz": 187648, "nfixed": 6544, "build_secs": 1.3, "build_hwm_gb": 0.08, "route": "hybrid", "h_pad": 240, "seeds": {"det": 11, "red": 29, "per4": 47, "hybrid": 20260908}, "bound": 40, "primes": [2147483647, 2147483629], "n_red": 16909, "cover_E": {"size": 20607, "order": "reversed", "stats": {"natural": 19007, "reversed": 20607, "fill_asc": 16253, "fill_desc": 16415, "random": 13988}, "n_chi": 20723, "a": 107, "excess": 9, "certified_rank_lb": 20607}, "cover_Ered": {"size": 16804, "order": "reversed", "stats": {"natural": 15733, "reversed": 16804, "fill_asc": 13772, "fill_desc": 13881, "random": 11791}, "n_red": 16909, "certified": false}, "sieve_secs": 0.1, "pred_mem_x_bytes": 9561648, "primes_concurrent": true, "per_prime": {"2147483647": {"sides": {"det": {"mult": 107, "nullity": 0, "instrument": "hybrid kernel + det evaluation rows"}, "per4": {"mult": 107, "nullity": 0, "instrument": "hybrid kernel + per4 evaluation rows"}, "red_pts": {"mult": 106, "nullity": 1, "instrument": "hybrid kernel + red_pts evaluation rows"}, "red_star": {"mult": 106, "nullity": 1, "instrument": "hybrid kernel + (star)"}}, "hybrid": {"nS": 20607, "nU": 116, "excess": 9, "nnzT": 63817, "rows_other": 26883, "order": "reversed", "cover_stats": {"natural": 19007, "reversed": 20607, "fill_asc": 16253, "fill_desc": 16415, "random": 13988}, "attempts": [{"attempt": 0, "m": 180, "nproj": 8, "projected_nullity": 107, "verified": true, "rank": 107, "secs": {"split": 0.0, "trisolve": 0.0, "schur": 0.1, "nullspace": 0.0, "lift_verify": 0.5}}], "secs": 0.8}, "ev_secs": 5.6, "rank_secs": 1.8, "secs": 8.2, "hwm_gb": 0.26}, "2147483629": {"sides": {"det": {"mult": 107, "nullity": 0, "instrument": "hybrid kernel + det evaluation rows"}, "per4": {"mult": 107, "nullity": 0, "instrument": "hybrid kernel + per4 evaluation rows"}, "red_pts": {"mult": 106, "nullity": 1, "instrument": "hybrid kernel + red_pts evaluation rows"}, "red_star": {"mult": 106, "nullity": 1, "instrument": "hybrid kernel + (star)"}}, "hybrid": {"nS": 20607, "nU": 116, "excess": 9, "nnzT": 63817, "rows_other": 26883, "order": "reversed", "cover_stats": {"natural": 19007, "reversed": 20607, "fill_asc": 16253, "fill_desc": 16415, "random": 13988}, "attempts": [{"attempt": 0, "m": 180, "nproj": 8, "projected_nullity": 107, "verified": true, "rank": 107, "secs": {"split": 0.0, "trisolve": 0.0, "schur": 0.1, "nullspace": 0.0, "lift_verify": 0.5}}], "secs": 0.8}, "ev_secs": 5.5, "rank_secs": 1.8, "secs": 8.1, "hwm_gb": 0.26}}, "sides": {"det": {"mult": 107, "per_prime": {"2147483647": 107, "2147483629": 107}, "primes_agree": true, "instrument": "hybrid kernel + det evaluation rows", "status": "proved (full rank at both primes: mult = a over Q)"}, "per4": {"mult": 107, "per_prime": {"2147483647": 107, "2147483629": 107}, "primes_agree": true, "instrument": "hybrid kernel + per4 evaluation rows", "status": "proved (full rank at both primes: mult = a over Q)"}, "red_star": {"mult": 106, "per_prime": {"2147483647": 106, "2147483629": 106}, "primes_agree": true, "instrument": "hybrid kernel + (star)", "status": "measured (exact mod both primes, kernel exhibited): mult = 106"}, "red_pts": {"mult": 106, "per_prime": {"2147483647": 106, "2147483629": 106}, "primes_agree": true, "instrument": "hybrid kernel + red_pts evaluation rows", "status": "measured (exact mod both primes, kernel exhibited): mult = 106"}}, "mult_det": 107, "mult_per4": 107, "mult_red_star": 106, "mult_red_pts": 106, "mult_red": 106, "star_eq_pts": true, "i_det": 0, "i_red": 1, "i_per4": 0, "D": -1, "refute": false, "halt": false, "ok": true, "secs": 9.7, "hwm_gb": 0.26, "certs": [["results/certs/s71/43_15_4_1_1_d16_hybrid_p2147483647.json.gz", 36181], ["results/certs/s71/43_15_4_1_1_d16_hybrid_p2147483629.json.gz", 36181]]}
