      level 1: 49 prefixes
      level 2: 957 prefixes
      level 3: 10137 prefixes
      level 4: 57050 prefixes
      level 5: 148063 prefixes
      level 6: 204447 prefixes
      level 7: 215536 prefixes
      level 8: 216110 prefixes
      level 9: 216110 prefixes
      level 10: 216110 prefixes
      level 11: 216110 prefixes
  lam=(27, 6, 6, 4, 1): N_S=216110 |Stab|=2 n_chi=109205 (orbits dropped: 0) [lean, 0s, HWM 0.13 GB]
    E_01: |H|=1 targets 122450 canonical rows 122450 nnz 731465 (obstructed fixed targets cancelled: 0) [1s, HWM 0.13 GB]
    E_12: |H|=1 targets 199005 canonical rows 199005 nnz 725169 (obstructed fixed targets cancelled: 0) [2s, HWM 0.15 GB]
    E_23: |H|=1 targets 157501 canonical rows 157501 nnz 575678 (obstructed fixed targets cancelled: 0) [3s, HWM 0.15 GB]
    E_34: |H|=2 targets 72818 canonical rows 37029 nnz 109205 (obstructed fixed targets cancelled: 0) [3s, HWM 0.15 GB]
  built (27, 6, 6, 4, 1) d11: N_S=216110 |Stab|=2 n_chi=109205 rows=515985 nnz=2141517 (4s: mono 1s orbits 0s rows 3s; HWM 0.15 GB)
  sieve (27, 6, 6, 4, 1) d11: cover(E) 109008/109205 by reversed (a=59, |U|=197, excess 138; {'natural': 104291, 'reversed': 109008, 'fill_asc': 98332, 'fill_desc': 96533, 'random': 76896}); cover(E_red) 83940/84102 (1.0s)
    hybrid[27_6_6_4_1d11] p=2147483629 attempt 0: |S|=109008 |U|=197 (a=59, excess 138) m=261 blocks 1x197 projected nullity 59, verified=True, rank 59 [split 0.1s trisolve 5.4s schur 7.2s null 0.1s lift 7.2s rank 0.8s]
    hybrid[27_6_6_4_1d11] p=2147483647 attempt 0: |S|=109008 |U|=197 (a=59, excess 138) m=261 blocks 1x197 projected nullity 59, verified=True, rank 59 [split 0.3s trisolve 5.4s schur 7.0s null 0.1s lift 7.3s rank 0.8s]
  RESULT (27, 6, 6, 4, 1) d11: a=59 n_chi=109205 |U|=197 mult_det=59 mult_per4=59 mult_red(star)=59 mult_red(pts)=59 i_det=0 i_red=0 i_per4=0 D=0  (61.2s, HWM 0.7 GB)
RESULT {"lam": [27, 6, 6, 4, 1], "delta": 11, "ell": 5, "a": 59, "K": 67, "N_S": 216110, "stab": 2, "n_chi": 109205, "nrows": 515985, "nnz": 2141517, "nfixed": 0, "build_secs": 4.2, "build_hwm_gb": 0.15, "route": "hybrid", "h_pad": 136, "seeds": {"det": 11, "red": 29, "per4": 47, "hybrid": 20260908}, "bound": 40, "primes": [2147483647, 2147483629], "n_red": 84102, "cover_E": {"size": 109008, "order": "reversed", "stats": {"natural": 104291, "reversed": 109008, "fill_asc": 98332, "fill_desc": 96533, "random": 76896}, "n_chi": 109205, "a": 59, "excess": 138, "certified_rank_lb": 109008}, "cover_Ered": {"size": 83940, "order": "reversed", "stats": {"natural": 81321, "reversed": 83940, "fill_asc": 78791, "fill_desc": 76545, "random": 62370}, "n_red": 84102, "certified": false}, "sieve_secs": 1.0, "pred_mem_x_bytes": 111670684, "primes_concurrent": true, "per_prime": {"2147483647": {"sides": {"det": {"mult": 59, "nullity": 0, "instrument": "hybrid kernel + det evaluation rows"}, "per4": {"mult": 59, "nullity": 0, "instrument": "hybrid kernel + per4 evaluation rows"}, "red_pts": {"mult": 59, "nullity": 0, "instrument": "hybrid kernel + red_pts evaluation rows"}, "red_star": {"mult": 59, "nullity": 0, "instrument": "hybrid kernel + (star)"}}, "hybrid": {"nS": 109008, "nU": 197, "excess": 138, "nnzT": 322218, "rows_other": 406977, "order": "reversed", "cover_stats": {"natural": 104291, "reversed": 109008, "fill_asc": 98332, "fill_desc": 96533, "random": 76896}, "ublock": 197, "nblocks": 1, "attempts": [{"attempt": 0, "m": 261, "nproj": 8, "projected_nullity": 59, "verified": true, "rank": 59, "secs": {"split": 0.3, "trisolve": 5.4, "schur": 7.0, "nullspace": 0.1, "lift_verify": 7.3, "rank": 0.8}}], "secs": 21.3}, "ev_secs": 26.7, "rank_secs": 7.7, "secs": 55.6, "hwm_gb": 0.7}, "2147483629": {"sides": {"det": {"mult": 59, "nullity": 0, "instrument": "hybrid kernel + det evaluation rows"}, "per4": {"mult": 59, "nullity": 0, "instrument": "hybrid kernel + per4 evaluation rows"}, "red_pts": {"mult": 59, "nullity": 0, "instrument": "hybrid kernel + red_pts evaluation rows"}, "red_star": {"mult": 59, "nullity": 0, "instrument": "hybrid kernel + (star)"}}, "hybrid": {"nS": 109008, "nU": 197, "excess": 138, "nnzT": 322218, "rows_other": 406977, "order": "reversed", "cover_stats": {"natural": 104291, "reversed": 109008, "fill_asc": 98332, "fill_desc": 96533, "random": 76896}, "ublock": 197, "nblocks": 1, "attempts": [{"attempt": 0, "m": 261, "nproj": 8, "projected_nullity": 59, "verified": true, "rank": 59, "secs": {"split": 0.1, "trisolve": 5.4, "schur": 7.2, "nullspace": 0.1, "lift_verify": 7.2, "rank": 0.8}}], "secs": 21.0}, "ev_secs": 26.1, "rank_secs": 8.2, "secs": 55.4, "hwm_gb": 0.7}}, "sides": {"det": {"mult": 59, "per_prime": {"2147483647": 59, "2147483629": 59}, "primes_agree": true, "instrument": "hybrid kernel + det evaluation rows", "status": "proved (full rank at both primes: mult = a over Q)"}, "per4": {"mult": 59, "per_prime": {"2147483647": 59, "2147483629": 59}, "primes_agree": true, "instrument": "hybrid kernel + per4 evaluation rows", "status": "proved (full rank at both primes: mult = a over Q)"}, "red_star": {"mult": 59, "per_prime": {"2147483647": 59, "2147483629": 59}, "primes_agree": true, "instrument": "hybrid kernel + (star)", "status": "proved (full rank at both primes: mult = a over Q)"}, "red_pts": {"mult": 59, "per_prime": {"2147483647": 59, "2147483629": 59}, "primes_agree": true, "instrument": "hybrid kernel + red_pts evaluation rows", "status": "proved (full rank at both primes: mult = a over Q)"}}, "mult_det": 59, "mult_per4": 59, "mult_red_star": 59, "mult_red_pts": 59, "mult_red": 59, "star_eq_pts": true, "i_det": 0, "i_red": 0, "i_per4": 0, "D": 0, "refute": false, "halt": false, "ok": true, "secs": 61.2, "hwm_gb": 0.7, "certs": [["results/certs/s71/27_6_6_4_1_d11_hybrid_p2147483647.json.gz", 22573], ["results/certs/s71/27_6_6_4_1_d11_hybrid_p2147483629.json.gz", 22570]]}
