      level 1: 54 prefixes
      level 2: 880 prefixes
      level 3: 6564 prefixes
      level 4: 27747 prefixes
      level 5: 77825 prefixes
      level 6: 144534 prefixes
      level 7: 185317 prefixes
      level 8: 196956 prefixes
      level 9: 198334 prefixes
      level 10: 198366 prefixes
      level 11: 198366 prefixes
      level 12: 198366 prefixes
      level 13: 198366 prefixes
      level 14: 198366 prefixes
      level 15: 198366 prefixes
      level 16: 198366 prefixes
  lam=(44, 13, 3, 2, 2): N_S=198366 |Stab|=2 n_chi=107592 (orbits dropped: 0) [lean, 0s, HWM 0.13 GB]
    E_01: |H|=2 targets 153867 canonical rows 83556 nnz 498843 (obstructed fixed targets cancelled: 0) [2s, HWM 0.13 GB]
    E_12: |H|=2 targets 92708 canonical rows 50822 nnz 233159 (obstructed fixed targets cancelled: 0) [3s, HWM 0.13 GB]
    E_23: |H|=1 targets 126194 canonical rows 126194 nnz 327467 (obstructed fixed targets cancelled: 0) [4s, HWM 0.13 GB]
    E_34: |H|=1 targets 149917 canonical rows 149917 nnz 286616 (obstructed fixed targets cancelled: 0) [5s, HWM 0.15 GB]
  built (44, 13, 3, 2, 2) d16: N_S=198366 |Stab|=2 n_chi=107592 rows=410489 nnz=1346085 (6s: mono 1s orbits 0s rows 5s; HWM 0.15 GB)
  sieve (44, 13, 3, 2, 2) d16: cover(E) 107354/107592 by reversed (a=169, |U|=238, excess 69; {'natural': 105081, 'reversed': 107354, 'fill_asc': 96369, 'fill_desc': 95150, 'random': 82993}); cover(E_red) 85752/85942 (0.9s)
    hybrid[44_13_3_2_2d16] p=2147483647 attempt 0: |S|=107354 |U|=238 (a=169, excess 69) m=302 blocks 1x238 projected nullity 169, verified=True, rank 169 [split 0.2s trisolve 6.3s schur 5.2s null 0.1s lift 16.4s rank 1.8s]
    hybrid[44_13_3_2_2d16] p=2147483629 attempt 0: |S|=107354 |U|=238 (a=169, excess 69) m=302 blocks 1x238 projected nullity 169, verified=True, rank 169 [split 0.2s trisolve 6.3s schur 5.2s null 0.1s lift 16.7s rank 2.0s]
  RESULT (44, 13, 3, 2, 2) d16: a=169 n_chi=107592 |U|=238 mult_det=169 mult_per4=169 mult_red(star)=169 mult_red(pts)=169 i_det=0 i_red=0 i_per4=0 D=0  (158.4s, HWM 1.38 GB)
RESULT {"lam": [44, 13, 3, 2, 2], "delta": 16, "ell": 5, "a": 169, "K": 177, "N_S": 198366, "stab": 2, "n_chi": 107592, "nrows": 410489, "nnz": 1346085, "nfixed": 0, "build_secs": 6.3, "build_hwm_gb": 0.15, "route": "hybrid", "h_pad": 409, "seeds": {"det": 11, "red": 29, "per4": 47, "hybrid": 20260908}, "bound": 40, "primes": [2147483647, 2147483629], "n_red": 85942, "cover_E": {"size": 107354, "order": "reversed", "stats": {"natural": 105081, "reversed": 107354, "fill_asc": 96369, "fill_desc": 95150, "random": 82993}, "n_chi": 107592, "a": 169, "excess": 69, "certified_rank_lb": 107354}, "cover_Ered": {"size": 85752, "order": "reversed", "stats": {"natural": 84439, "reversed": 85752, "fill_asc": 78504, "fill_desc": 77987, "random": 67835}, "n_red": 85942, "certified": false}, "sieve_secs": 0.9, "pred_mem_x_bytes": 174933200, "primes_concurrent": true, "per_prime": {"2147483647": {"sides": {"det": {"mult": 169, "nullity": 0, "instrument": "hybrid kernel + det evaluation rows"}, "per4": {"mult": 169, "nullity": 0, "instrument": "hybrid kernel + per4 evaluation rows"}, "red_pts": {"mult": 169, "nullity": 0, "instrument": "hybrid kernel + red_pts evaluation rows"}, "red_star": {"mult": 169, "nullity": 0, "instrument": "hybrid kernel + (star)"}}, "hybrid": {"nS": 107354, "nU": 238, "excess": 69, "nnzT": 249591, "rows_other": 303135, "order": "reversed", "cover_stats": {"natural": 105081, "reversed": 107354, "fill_asc": 96369, "fill_desc": 95150, "random": 82993}, "ublock": 238, "nblocks": 1, "attempts": [{"attempt": 0, "m": 302, "nproj": 8, "projected_nullity": 169, "verified": true, "rank": 169, "secs": {"split": 0.2, "trisolve": 6.3, "schur": 5.2, "nullspace": 0.1, "lift_verify": 16.4, "rank": 1.8}}], "secs": 30.3}, "ev_secs": 89.6, "rank_secs": 31.1, "secs": 151.0, "hwm_gb": 1.38}, "2147483629": {"sides": {"det": {"mult": 169, "nullity": 0, "instrument": "hybrid kernel + det evaluation rows"}, "per4": {"mult": 169, "nullity": 0, "instrument": "hybrid kernel + per4 evaluation rows"}, "red_pts": {"mult": 169, "nullity": 0, "instrument": "hybrid kernel + red_pts evaluation rows"}, "red_star": {"mult": 169, "nullity": 0, "instrument": "hybrid kernel + (star)"}}, "hybrid": {"nS": 107354, "nU": 238, "excess": 69, "nnzT": 249591, "rows_other": 303135, "order": "reversed", "cover_stats": {"natural": 105081, "reversed": 107354, "fill_asc": 96369, "fill_desc": 95150, "random": 82993}, "ublock": 238, "nblocks": 1, "attempts": [{"attempt": 0, "m": 302, "nproj": 8, "projected_nullity": 169, "verified": true, "rank": 169, "secs": {"split": 0.2, "trisolve": 6.3, "schur": 5.2, "nullspace": 0.1, "lift_verify": 16.7, "rank": 2.0}}], "secs": 30.8}, "ev_secs": 87.3, "rank_secs": 32.4, "secs": 150.5, "hwm_gb": 1.38}}, "sides": {"det": {"mult": 169, "per_prime": {"2147483647": 169, "2147483629": 169}, "primes_agree": true, "instrument": "hybrid kernel + det evaluation rows", "status": "proved (full rank at both primes: mult = a over Q)"}, "per4": {"mult": 169, "per_prime": {"2147483647": 169, "2147483629": 169}, "primes_agree": true, "instrument": "hybrid kernel + per4 evaluation rows", "status": "proved (full rank at both primes: mult = a over Q)"}, "red_star": {"mult": 169, "per_prime": {"2147483647": 169, "2147483629": 169}, "primes_agree": true, "instrument": "hybrid kernel + (star)", "status": "proved (full rank at both primes: mult = a over Q)"}, "red_pts": {"mult": 169, "per_prime": {"2147483647": 169, "2147483629": 169}, "primes_agree": true, "instrument": "hybrid kernel + red_pts evaluation rows", "status": "proved (full rank at both primes: mult = a over Q)"}}, "mult_det": 169, "mult_per4": 169, "mult_red_star": 169, "mult_red_pts": 169, "mult_red": 169, "star_eq_pts": true, "i_det": 0, "i_red": 0, "i_per4": 0, "D": 0, "refute": false, "halt": false, "ok": true, "secs": 158.4, "hwm_gb": 1.38, "certs": [["results/certs/s71/44_13_3_2_2_d16_hybrid_p2147483647.json.gz", 54193], ["results/certs/s71/44_13_3_2_2_d16_hybrid_p2147483629.json.gz", 54194]]}
