      level 1: 48 prefixes
      level 2: 860 prefixes
      level 3: 8211 prefixes
      level 4: 43000 prefixes
      level 5: 108531 prefixes
      level 6: 148954 prefixes
      level 7: 157063 prefixes
      level 8: 157501 prefixes
      level 9: 157501 prefixes
      level 10: 157501 prefixes
      level 11: 157501 prefixes
  lam=(27, 7, 6, 3, 1): N_S=157501 |Stab|=1 n_chi=157501 (orbits dropped: 0) [lean, 0s, HWM 0.11 GB]
    E_01: |H|=1 targets 97207 canonical rows 97207 nnz 575678 (obstructed fixed targets cancelled: 0) [1s, HWM 0.11 GB]
    E_12: |H|=1 targets 135946 canonical rows 135946 nnz 529545 (obstructed fixed targets cancelled: 0) [1s, HWM 0.12 GB]
    E_23: |H|=1 targets 96587 canonical rows 96587 nnz 348297 (obstructed fixed targets cancelled: 0) [2s, HWM 0.12 GB]
    E_34: |H|=1 targets 61028 canonical rows 61028 nnz 157501 (obstructed fixed targets cancelled: 0) [2s, HWM 0.12 GB]
  built (27, 7, 6, 3, 1) d11: N_S=157501 |Stab|=1 n_chi=157501 rows=390768 nnz=1611021 (3s: mono 0s orbits 0s rows 2s; HWM 0.12 GB)
  sieve (27, 7, 6, 3, 1) d11: cover(E) 156993/157501 by reversed (a=114, |U|=508, excess 394; {'natural': 152103, 'reversed': 156993, 'fill_asc': 131870, 'fill_desc': 127291, 'random': 100588}); cover(E_red) 121022/121433 (0.7s)
    hybrid[27_7_6_3_1d11] p=2147483647 attempt 0: |S|=156993 |U|=508 (a=114, excess 394) m=572 blocks 1x508 projected nullity 114, verified=True, rank 114 [split 0.1s trisolve 9.0s schur 5.3s null 0.2s lift 5.1s rank 0.7s]
    hybrid[27_7_6_3_1d11] p=2147483629 attempt 0: |S|=156993 |U|=508 (a=114, excess 394) m=572 blocks 1x508 projected nullity 114, verified=True, rank 114 [split 0.1s trisolve 3.5s schur 5.2s null 0.2s lift 5.7s rank 0.6s]
  RESULT (27, 7, 6, 3, 1) d11: a=114 n_chi=157501 |U|=508 mult_det=114 mult_per4=114 mult_red(star)=114 mult_red(pts)=114 i_det=0 i_red=0 i_per4=0 D=0  (99.2s, HWM 1.54 GB)
RESULT {"lam": [27, 7, 6, 3, 1], "delta": 11, "ell": 5, "a": 114, "K": 122, "N_S": 157501, "stab": 1, "n_chi": 157501, "nrows": 390768, "nnz": 1611021, "nfixed": 0, "build_secs": 2.6, "build_hwm_gb": 0.12, "route": "hybrid", "h_pad": 267, "seeds": {"det": 11, "red": 29, "per4": 47, "hybrid": 20260908}, "bound": 40, "primes": [2147483647, 2147483629], "n_red": 121433, "cover_E": {"size": 156993, "order": "reversed", "stats": {"natural": 152103, "reversed": 156993, "fill_asc": 131870, "fill_desc": 127291, "random": 100588}, "n_chi": 157501, "a": 114, "excess": 394, "certified_rank_lb": 156993}, "cover_Ered": {"size": 121022, "order": "reversed", "stats": {"natural": 119315, "reversed": 121022, "fill_asc": 106079, "fill_desc": 102433, "random": 81775}, "n_red": 121433, "certified": false}, "sieve_secs": 0.7, "pred_mem_x_bytes": 390830232, "primes_concurrent": false, "per_prime": {"2147483647": {"sides": {"det": {"mult": 114, "nullity": 0, "instrument": "hybrid kernel + det evaluation rows"}, "per4": {"mult": 114, "nullity": 0, "instrument": "hybrid kernel + per4 evaluation rows"}, "red_pts": {"mult": 114, "nullity": 0, "instrument": "hybrid kernel + red_pts evaluation rows"}, "red_star": {"mult": 114, "nullity": 0, "instrument": "hybrid kernel + (star)"}}, "hybrid": {"nS": 156993, "nU": 508, "excess": 394, "nnzT": 496707, "rows_other": 233775, "order": "reversed", "cover_stats": {"natural": 152103, "reversed": 156993, "fill_asc": 131870, "fill_desc": 127291, "random": 100588}, "ublock": 508, "nblocks": 1, "attempts": [{"attempt": 0, "m": 572, "nproj": 8, "projected_nullity": 114, "verified": true, "rank": 114, "secs": {"split": 0.1, "trisolve": 9.0, "schur": 5.3, "nullspace": 0.2, "lift_verify": 5.1, "rank": 0.7}}], "secs": 20.4}, "ev_secs": 17.3, "rank_secs": 11.7, "secs": 49.4, "hwm_gb": 1.54}, "2147483629": {"sides": {"det": {"mult": 114, "nullity": 0, "instrument": "hybrid kernel + det evaluation rows"}, "per4": {"mult": 114, "nullity": 0, "instrument": "hybrid kernel + per4 evaluation rows"}, "red_pts": {"mult": 114, "nullity": 0, "instrument": "hybrid kernel + red_pts evaluation rows"}, "red_star": {"mult": 114, "nullity": 0, "instrument": "hybrid kernel + (star)"}}, "hybrid": {"nS": 156993, "nU": 508, "excess": 394, "nnzT": 496707, "rows_other": 233775, "order": "reversed", "cover_stats": {"natural": 152103, "reversed": 156993, "fill_asc": 131870, "fill_desc": 127291, "random": 100588}, "ublock": 508, "nblocks": 1, "attempts": [{"attempt": 0, "m": 572, "nproj": 8, "projected_nullity": 114, "verified": true, "rank": 114, "secs": {"split": 0.1, "trisolve": 3.5, "schur": 5.2, "nullspace": 0.2, "lift_verify": 5.7, "rank": 0.6}}], "secs": 15.3}, "ev_secs": 17.6, "rank_secs": 13.5, "secs": 46.5, "hwm_gb": 1.54}}, "sides": {"det": {"mult": 114, "per_prime": {"2147483647": 114, "2147483629": 114}, "primes_agree": true, "instrument": "hybrid kernel + det evaluation rows", "status": "proved (full rank at both primes: mult = a over Q)"}, "per4": {"mult": 114, "per_prime": {"2147483647": 114, "2147483629": 114}, "primes_agree": true, "instrument": "hybrid kernel + per4 evaluation rows", "status": "proved (full rank at both primes: mult = a over Q)"}, "red_star": {"mult": 114, "per_prime": {"2147483647": 114, "2147483629": 114}, "primes_agree": true, "instrument": "hybrid kernel + (star)", "status": "proved (full rank at both primes: mult = a over Q)"}, "red_pts": {"mult": 114, "per_prime": {"2147483647": 114, "2147483629": 114}, "primes_agree": true, "instrument": "hybrid kernel + red_pts evaluation rows", "status": "proved (full rank at both primes: mult = a over Q)"}}, "mult_det": 114, "mult_per4": 114, "mult_red_star": 114, "mult_red_pts": 114, "mult_red": 114, "star_eq_pts": true, "i_det": 0, "i_red": 0, "i_per4": 0, "D": 0, "refute": false, "halt": false, "ok": true, "secs": 99.2, "hwm_gb": 1.54, "certs": [["results/certs/s71/27_7_6_3_1_d11_hybrid_p2147483647.json.gz", 38029], ["results/certs/s71/27_7_6_3_1_d11_hybrid_p2147483629.json.gz", 38029]]}
