      level 1: 46 prefixes
      level 2: 988 prefixes
      level 3: 12048 prefixes
      level 4: 89117 prefixes
      level 5: 339018 prefixes
      level 6: 643820 prefixes
      level 7: 775362 prefixes
      level 8: 795546 prefixes
      level 9: 796429 prefixes
      level 10: 796429 prefixes
      level 11: 796429 prefixes
      level 12: 796429 prefixes
  lam=(29, 6, 6, 6, 1): N_S=796429 |Stab|=6 n_chi=136024 (orbits dropped: 0) [lean, 5s, HWM 0.23 GB]
    E_01: |H|=2 targets 437013 canonical rows 220507 nnz 1389971 (obstructed fixed targets cancelled: 0) [4s, HWM 0.24 GB]
    E_12: |H|=1 targets 732106 canonical rows 732106 nnz 2744831 (obstructed fixed targets cancelled: 0) [9s, HWM 0.34 GB]
    E_23: |H|=1 targets 732106 canonical rows 732106 nnz 2744831 (obstructed fixed targets cancelled: 0) [14s, HWM 0.41 GB]
    E_34: |H|=2 targets 218073 canonical rows 110522 nnz 401456 (obstructed fixed targets cancelled: 0) [15s, HWM 0.41 GB]
  built (29, 6, 6, 6, 1) d12: N_S=796429 |Stab|=6 n_chi=136024 rows=1795241 nnz=7281089 (22s: mono 3s orbits 5s rows 15s; HWM 0.41 GB)
  sieve (29, 6, 6, 6, 1) d12: cover(E) 135942/136024 by reversed (a=38, |U|=82, excess 44; {'natural': 128075, 'reversed': 135942, 'fill_asc': 127498, 'fill_desc': 125587, 'random': 101511}); cover(E_red) 111589/111652 (4.1s)
    hybrid[29_6_6_6_1d12] p=2147483647 attempt 0: |S|=135942 |U|=82 (a=38, excess 44) m=146 blocks 1x82 projected nullity 38, verified=True, rank 38 [split 0.4s trisolve 2.0s schur 10.7s null 0.0s lift 17.7s rank 0.3s]
    hybrid[29_6_6_6_1d12] p=2147483629 attempt 0: |S|=135942 |U|=82 (a=38, excess 44) m=146 blocks 1x82 projected nullity 38, verified=True, rank 38 [split 0.3s trisolve 2.1s schur 10.7s null 0.0s lift 17.9s rank 0.5s]
  RESULT (29, 6, 6, 6, 1) d12: a=38 n_chi=136024 |U|=82 mult_det=38 mult_per4=38 mult_red(star)=38 mult_red(pts)=38 i_det=0 i_red=0 i_per4=0 D=0  (144.1s, HWM 1.38 GB)
RESULT {"lam": [29, 6, 6, 6, 1], "delta": 12, "ell": 5, "a": 38, "K": 46, "N_S": 796429, "stab": 6, "n_chi": 136024, "nrows": 1795241, "nnz": 7281089, "nfixed": 0, "build_secs": 22.5, "build_hwm_gb": 0.41, "route": "hybrid", "h_pad": 73, "seeds": {"det": 11, "red": 29, "per4": 47, "hybrid": 20260908}, "bound": 40, "primes": [2147483647, 2147483629], "n_red": 111652, "cover_E": {"size": 135942, "order": "reversed", "stats": {"natural": 128075, "reversed": 135942, "fill_asc": 127498, "fill_desc": 125587, "random": 101511}, "n_chi": 136024, "a": 38, "excess": 44, "certified_rank_lb": 135942}, "cover_Ered": {"size": 111589, "order": "reversed", "stats": {"natural": 105594, "reversed": 111589, "fill_asc": 106744, "fill_desc": 104425, "random": 85687}, "n_red": 111652, "certified": false}, "sieve_secs": 4.1, "pred_mem_x_bytes": 65264624, "primes_concurrent": true, "per_prime": {"2147483647": {"sides": {"det": {"mult": 38, "nullity": 0, "instrument": "hybrid kernel + det evaluation rows"}, "per4": {"mult": 38, "nullity": 0, "instrument": "hybrid kernel + per4 evaluation rows"}, "red_pts": {"mult": 38, "nullity": 0, "instrument": "hybrid kernel + red_pts evaluation rows"}, "red_star": {"mult": 38, "nullity": 0, "instrument": "hybrid kernel + (star)"}}, "hybrid": {"nS": 135942, "nU": 82, "excess": 44, "nnzT": 390411, "rows_other": 1659299, "order": "reversed", "cover_stats": {"natural": 128075, "reversed": 135942, "fill_asc": 127498, "fill_desc": 125587, "random": 101511}, "ublock": 82, "nblocks": 1, "attempts": [{"attempt": 0, "m": 146, "nproj": 8, "projected_nullity": 38, "verified": true, "rank": 38, "secs": {"split": 0.4, "trisolve": 2.0, "schur": 10.7, "nullspace": 0.0, "lift_verify": 17.7, "rank": 0.3}}], "secs": 33.0}, "ev_secs": 77.3, "rank_secs": 7.1, "secs": 117.4, "hwm_gb": 1.38}, "2147483629": {"sides": {"det": {"mult": 38, "nullity": 0, "instrument": "hybrid kernel + det evaluation rows"}, "per4": {"mult": 38, "nullity": 0, "instrument": "hybrid kernel + per4 evaluation rows"}, "red_pts": {"mult": 38, "nullity": 0, "instrument": "hybrid kernel + red_pts evaluation rows"}, "red_star": {"mult": 38, "nullity": 0, "instrument": "hybrid kernel + (star)"}}, "hybrid": {"nS": 135942, "nU": 82, "excess": 44, "nnzT": 390411, "rows_other": 1659299, "order": "reversed", "cover_stats": {"natural": 128075, "reversed": 135942, "fill_asc": 127498, "fill_desc": 125587, "random": 101511}, "ublock": 82, "nblocks": 1, "attempts": [{"attempt": 0, "m": 146, "nproj": 8, "projected_nullity": 38, "verified": true, "rank": 38, "secs": {"split": 0.3, "trisolve": 2.1, "schur": 10.7, "nullspace": 0.0, "lift_verify": 17.9, "rank": 0.5}}], "secs": 33.3}, "ev_secs": 77.0, "rank_secs": 7.0, "secs": 117.4, "hwm_gb": 1.38}}, "sides": {"det": {"mult": 38, "per_prime": {"2147483647": 38, "2147483629": 38}, "primes_agree": true, "instrument": "hybrid kernel + det evaluation rows", "status": "proved (full rank at both primes: mult = a over Q)"}, "per4": {"mult": 38, "per_prime": {"2147483647": 38, "2147483629": 38}, "primes_agree": true, "instrument": "hybrid kernel + per4 evaluation rows", "status": "proved (full rank at both primes: mult = a over Q)"}, "red_star": {"mult": 38, "per_prime": {"2147483647": 38, "2147483629": 38}, "primes_agree": true, "instrument": "hybrid kernel + (star)", "status": "proved (full rank at both primes: mult = a over Q)"}, "red_pts": {"mult": 38, "per_prime": {"2147483647": 38, "2147483629": 38}, "primes_agree": true, "instrument": "hybrid kernel + red_pts evaluation rows", "status": "proved (full rank at both primes: mult = a over Q)"}}, "mult_det": 38, "mult_per4": 38, "mult_red_star": 38, "mult_red_pts": 38, "mult_red": 38, "star_eq_pts": true, "i_det": 0, "i_red": 0, "i_per4": 0, "D": 0, "refute": false, "halt": false, "ok": true, "secs": 144.1, "hwm_gb": 1.38, "certs": [["results/certs/s71/29_6_6_6_1_d12_hybrid_p2147483647.json.gz", 16161], ["results/certs/s71/29_6_6_6_1_d12_hybrid_p2147483629.json.gz", 16159]]}
