      level 1: 36 prefixes
      level 2: 426 prefixes
      level 3: 2600 prefixes
      level 4: 10349 prefixes
      level 5: 26934 prefixes
      level 6: 44517 prefixes
      level 7: 52713 prefixes
      level 8: 54410 prefixes
      level 9: 54526 prefixes
      level 10: 54526 prefixes
      level 11: 54526 prefixes
      level 12: 54526 prefixes
      level 13: 54526 prefixes
      level 14: 54526 prefixes
  lam=(37, 12, 5, 1, 1): N_S=54526 |Stab|=2 n_chi=20567 (orbits dropped: 13392) [lean, 0s, HWM 0.08 GB]
    E_01: |H|=2 targets 41736 canonical rows 15690 nnz 88438 (obstructed fixed targets cancelled: 3910) [0s, HWM 0.08 GB]
    E_12: |H|=2 targets 35626 canonical rows 13252 nnz 58866 (obstructed fixed targets cancelled: 2154) [1s, HWM 0.08 GB]
    E_23: |H|=1 targets 17664 canonical rows 17635 nnz 41134 (obstructed fixed targets cancelled: 0) [1s, HWM 0.08 GB]
    E_34: |H|=1 targets 33959 canonical rows 0 nnz 0 (obstructed fixed targets cancelled: 0) [1s, HWM 0.08 GB]
  built (37, 12, 5, 1, 1) d14: N_S=54526 |Stab|=2 n_chi=20567 rows=46577 nnz=188438 (1s: mono 0s orbits 0s rows 1s; HWM 0.08 GB)
  sieve (37, 12, 5, 1, 1) d14: cover(E) 20437/20567 by reversed (a=106, |U|=130, excess 24; {'natural': 18944, 'reversed': 20437, 'fill_asc': 15842, 'fill_desc': 16064, 'random': 13306}); cover(E_red) 16309/16422 (0.1s)
    hybrid[37_12_5_1_1d14] p=2147483629 attempt 0: |S|=20437 |U|=130 (a=106, excess 24) m=194 projected nullity 106, verified=True, rank 106 [split 0.0s trisolve 0.1s schur 0.1s null 0.0s lift 0.4s]
    hybrid[37_12_5_1_1d14] p=2147483647 attempt 0: |S|=20437 |U|=130 (a=106, excess 24) m=194 projected nullity 106, verified=True, rank 106 [split 0.0s trisolve 0.1s schur 0.1s null 0.0s lift 0.5s]
  RESULT (37, 12, 5, 1, 1) d14: a=106 n_chi=20567 |U|=130 mult_det=106 mult_per4=106 mult_red(star)=106 mult_red(pts)=106 i_det=0 i_red=0 i_per4=0 D=0  (8.5s, HWM 0.25 GB)
RESULT {"lam": [37, 12, 5, 1, 1], "delta": 14, "ell": 5, "a": 106, "K": 114, "N_S": 54526, "stab": 2, "n_chi": 20567, "nrows": 46577, "nnz": 188438, "nfixed": 6064, "build_secs": 1.1, "build_hwm_gb": 0.08, "route": "hybrid", "h_pad": 222, "seeds": {"det": 11, "red": 29, "per4": 47, "hybrid": 20260908}, "bound": 40, "primes": [2147483647, 2147483629], "n_red": 16422, "cover_E": {"size": 20437, "order": "reversed", "stats": {"natural": 18944, "reversed": 20437, "fill_asc": 15842, "fill_desc": 16064, "random": 13306}, "n_chi": 20567, "a": 106, "excess": 24, "certified_rank_lb": 20437}, "cover_Ered": {"size": 16309, "order": "reversed", "stats": {"natural": 15405, "reversed": 16309, "fill_asc": 13258, "fill_desc": 13347, "random": 11048}, "n_red": 16422, "certified": false}, "sieve_secs": 0.1, "pred_mem_x_bytes": 10627240, "primes_concurrent": true, "per_prime": {"2147483647": {"sides": {"det": {"mult": 106, "nullity": 0, "instrument": "hybrid kernel + det evaluation rows"}, "per4": {"mult": 106, "nullity": 0, "instrument": "hybrid kernel + per4 evaluation rows"}, "red_pts": {"mult": 106, "nullity": 0, "instrument": "hybrid kernel + red_pts evaluation rows"}, "red_star": {"mult": 106, "nullity": 0, "instrument": "hybrid kernel + (star)"}}, "hybrid": {"nS": 20437, "nU": 130, "excess": 24, "nnzT": 66115, "rows_other": 26140, "order": "reversed", "cover_stats": {"natural": 18944, "reversed": 20437, "fill_asc": 15842, "fill_desc": 16064, "random": 13306}, "attempts": [{"attempt": 0, "m": 194, "nproj": 8, "projected_nullity": 106, "verified": true, "rank": 106, "secs": {"split": 0.0, "trisolve": 0.1, "schur": 0.1, "nullspace": 0.0, "lift_verify": 0.5}}], "secs": 0.8}, "ev_secs": 4.8, "rank_secs": 1.7, "secs": 7.3, "hwm_gb": 0.25}, "2147483629": {"sides": {"det": {"mult": 106, "nullity": 0, "instrument": "hybrid kernel + det evaluation rows"}, "per4": {"mult": 106, "nullity": 0, "instrument": "hybrid kernel + per4 evaluation rows"}, "red_pts": {"mult": 106, "nullity": 0, "instrument": "hybrid kernel + red_pts evaluation rows"}, "red_star": {"mult": 106, "nullity": 0, "instrument": "hybrid kernel + (star)"}}, "hybrid": {"nS": 20437, "nU": 130, "excess": 24, "nnzT": 66115, "rows_other": 26140, "order": "reversed", "cover_stats": {"natural": 18944, "reversed": 20437, "fill_asc": 15842, "fill_desc": 16064, "random": 13306}, "attempts": [{"attempt": 0, "m": 194, "nproj": 8, "projected_nullity": 106, "verified": true, "rank": 106, "secs": {"split": 0.0, "trisolve": 0.1, "schur": 0.1, "nullspace": 0.0, "lift_verify": 0.4}}], "secs": 0.7}, "ev_secs": 4.8, "rank_secs": 1.6, "secs": 7.2, "hwm_gb": 0.25}}, "sides": {"det": {"mult": 106, "per_prime": {"2147483647": 106, "2147483629": 106}, "primes_agree": true, "instrument": "hybrid kernel + det evaluation rows", "status": "proved (full rank at both primes: mult = a over Q)"}, "per4": {"mult": 106, "per_prime": {"2147483647": 106, "2147483629": 106}, "primes_agree": true, "instrument": "hybrid kernel + per4 evaluation rows", "status": "proved (full rank at both primes: mult = a over Q)"}, "red_star": {"mult": 106, "per_prime": {"2147483647": 106, "2147483629": 106}, "primes_agree": true, "instrument": "hybrid kernel + (star)", "status": "proved (full rank at both primes: mult = a over Q)"}, "red_pts": {"mult": 106, "per_prime": {"2147483647": 106, "2147483629": 106}, "primes_agree": true, "instrument": "hybrid kernel + red_pts evaluation rows", "status": "proved (full rank at both primes: mult = a over Q)"}}, "mult_det": 106, "mult_per4": 106, "mult_red_star": 106, "mult_red_pts": 106, "mult_red": 106, "star_eq_pts": true, "i_det": 0, "i_red": 0, "i_per4": 0, "D": 0, "refute": false, "halt": false, "ok": true, "secs": 8.5, "hwm_gb": 0.25, "certs": [["results/certs/s71/37_12_5_1_1_d14_hybrid_p2147483647.json.gz", 35916], ["results/certs/s71/37_12_5_1_1_d14_hybrid_p2147483629.json.gz", 35916]]}
