      level 1: 36 prefixes
      level 2: 426 prefixes
      level 3: 2599 prefixes
      level 4: 10214 prefixes
      level 5: 24752 prefixes
      level 6: 36744 prefixes
      level 7: 40800 prefixes
      level 8: 41330 prefixes
      level 9: 41344 prefixes
      level 10: 41344 prefixes
      level 11: 41344 prefixes
      level 12: 41344 prefixes
      level 13: 41344 prefixes
  lam=(34, 11, 5, 1, 1): N_S=41344 |Stab|=2 n_chi=15560 (orbits dropped: 10224) [lean, 0s, HWM 0.07 GB]
    E_01: |H|=2 targets 30978 canonical rows 11602 nnz 64395 (obstructed fixed targets cancelled: 2921) [0s, HWM 0.08 GB]
    E_12: |H|=2 targets 27816 canonical rows 10308 nnz 44393 (obstructed fixed targets cancelled: 1644) [0s, HWM 0.08 GB]
    E_23: |H|=1 targets 13436 canonical rows 13415 nnz 31120 (obstructed fixed targets cancelled: 0) [0s, HWM 0.08 GB]
    E_34: |H|=1 targets 25784 canonical rows 0 nnz 0 (obstructed fixed targets cancelled: 0) [1s, HWM 0.08 GB]
  built (34, 11, 5, 1, 1) d13: N_S=41344 |Stab|=2 n_chi=15560 rows=35325 nnz=139908 (1s: mono 0s orbits 0s rows 1s; HWM 0.08 GB)
  sieve (34, 11, 5, 1, 1) d13: cover(E) 15456/15560 by reversed (a=82, |U|=104, excess 22; {'natural': 14373, 'reversed': 15456, 'fill_asc': 12008, 'fill_desc': 12139, 'random': 10158}); cover(E_red) 12075/12166 (0.1s)
    hybrid[34_11_5_1_1d13] p=2147483629 attempt 0: |S|=15456 |U|=104 (a=82, excess 22) m=168 projected nullity 82, verified=True, rank 82 [split 0.0s trisolve 0.0s schur 0.1s null 0.0s lift 0.2s]
    hybrid[34_11_5_1_1d13] p=2147483647 attempt 0: |S|=15456 |U|=104 (a=82, excess 22) m=168 projected nullity 82, verified=True, rank 82 [split 0.0s trisolve 0.0s schur 0.1s null 0.0s lift 0.2s]
  RESULT (34, 11, 5, 1, 1) d13: a=82 n_chi=15560 |U|=104 mult_det=82 mult_per4=82 mult_red(star)=82 mult_red(pts)=82 i_det=0 i_red=0 i_per4=0 D=0  (5.4s, HWM 0.17 GB)
RESULT {"lam": [34, 11, 5, 1, 1], "delta": 13, "ell": 5, "a": 82, "K": 90, "N_S": 41344, "stab": 2, "n_chi": 15560, "nrows": 35325, "nnz": 139908, "nfixed": 4565, "build_secs": 0.8, "build_hwm_gb": 0.08, "route": "hybrid", "h_pad": 174, "seeds": {"det": 11, "red": 29, "per4": 47, "hybrid": 20260908}, "bound": 40, "primes": [2147483647, 2147483629], "n_red": 12166, "cover_E": {"size": 15456, "order": "reversed", "stats": {"natural": 14373, "reversed": 15456, "fill_asc": 12008, "fill_desc": 12139, "random": 10158}, "n_chi": 15560, "a": 82, "excess": 22, "certified_rank_lb": 15456}, "cover_Ered": {"size": 12075, "order": "reversed", "stats": {"natural": 11467, "reversed": 12075, "fill_asc": 9878, "fill_desc": 9917, "random": 8299}, "n_red": 12166, "certified": false}, "sieve_secs": 0.1, "pred_mem_x_bytes": 6429696, "primes_concurrent": true, "per_prime": {"2147483647": {"sides": {"det": {"mult": 82, "nullity": 0, "instrument": "hybrid kernel + det evaluation rows"}, "per4": {"mult": 82, "nullity": 0, "instrument": "hybrid kernel + per4 evaluation rows"}, "red_pts": {"mult": 82, "nullity": 0, "instrument": "hybrid kernel + red_pts evaluation rows"}, "red_star": {"mult": 82, "nullity": 0, "instrument": "hybrid kernel + (star)"}}, "hybrid": {"nS": 15456, "nU": 104, "excess": 22, "nnzT": 48892, "rows_other": 19869, "order": "reversed", "cover_stats": {"natural": 14373, "reversed": 15456, "fill_asc": 12008, "fill_desc": 12139, "random": 10158}, "attempts": [{"attempt": 0, "m": 168, "nproj": 8, "projected_nullity": 82, "verified": true, "rank": 82, "secs": {"split": 0.0, "trisolve": 0.0, "schur": 0.1, "nullspace": 0.0, "lift_verify": 0.2}}], "secs": 0.5}, "ev_secs": 3.0, "rank_secs": 0.9, "secs": 4.3, "hwm_gb": 0.17}, "2147483629": {"sides": {"det": {"mult": 82, "nullity": 0, "instrument": "hybrid kernel + det evaluation rows"}, "per4": {"mult": 82, "nullity": 0, "instrument": "hybrid kernel + per4 evaluation rows"}, "red_pts": {"mult": 82, "nullity": 0, "instrument": "hybrid kernel + red_pts evaluation rows"}, "red_star": {"mult": 82, "nullity": 0, "instrument": "hybrid kernel + (star)"}}, "hybrid": {"nS": 15456, "nU": 104, "excess": 22, "nnzT": 48892, "rows_other": 19869, "order": "reversed", "cover_stats": {"natural": 14373, "reversed": 15456, "fill_asc": 12008, "fill_desc": 12139, "random": 10158}, "attempts": [{"attempt": 0, "m": 168, "nproj": 8, "projected_nullity": 82, "verified": true, "rank": 82, "secs": {"split": 0.0, "trisolve": 0.0, "schur": 0.1, "nullspace": 0.0, "lift_verify": 0.2}}], "secs": 0.4}, "ev_secs": 2.9, "rank_secs": 0.9, "secs": 4.2, "hwm_gb": 0.17}}, "sides": {"det": {"mult": 82, "per_prime": {"2147483647": 82, "2147483629": 82}, "primes_agree": true, "instrument": "hybrid kernel + det evaluation rows", "status": "proved (full rank at both primes: mult = a over Q)"}, "per4": {"mult": 82, "per_prime": {"2147483647": 82, "2147483629": 82}, "primes_agree": true, "instrument": "hybrid kernel + per4 evaluation rows", "status": "proved (full rank at both primes: mult = a over Q)"}, "red_star": {"mult": 82, "per_prime": {"2147483647": 82, "2147483629": 82}, "primes_agree": true, "instrument": "hybrid kernel + (star)", "status": "proved (full rank at both primes: mult = a over Q)"}, "red_pts": {"mult": 82, "per_prime": {"2147483647": 82, "2147483629": 82}, "primes_agree": true, "instrument": "hybrid kernel + red_pts evaluation rows", "status": "proved (full rank at both primes: mult = a over Q)"}}, "mult_det": 82, "mult_per4": 82, "mult_red_star": 82, "mult_red_pts": 82, "mult_red": 82, "star_eq_pts": true, "i_det": 0, "i_red": 0, "i_per4": 0, "D": 0, "refute": false, "halt": false, "ok": true, "secs": 5.4, "hwm_gb": 0.17, "certs": [["results/certs/s71/34_11_5_1_1_d13_hybrid_p2147483647.json.gz", 29433], ["results/certs/s71/34_11_5_1_1_d13_hybrid_p2147483629.json.gz", 29433]]}
