      level 1: 35 prefixes
      level 2: 445 prefixes
      level 3: 3103 prefixes
      level 4: 14858 prefixes
      level 5: 46337 prefixes
      level 6: 89337 prefixes
      level 7: 115404 prefixes
      level 8: 122508 prefixes
      level 9: 123301 prefixes
      level 10: 123320 prefixes
      level 11: 123320 prefixes
      level 12: 123320 prefixes
      level 13: 123320 prefixes
      level 14: 123320 prefixes
  lam=(36, 11, 7, 1, 1): N_S=123320 |Stab|=2 n_chi=47344 (orbits dropped: 28632) [lean, 0s, HWM 0.10 GB]
    E_01: |H|=2 targets 90500 canonical rows 34584 nnz 203271 (obstructed fixed targets cancelled: 8049) [1s, HWM 0.10 GB]
    E_12: |H|=2 targets 97589 canonical rows 37180 nnz 166474 (obstructed fixed targets cancelled: 5081) [1s, HWM 0.11 GB]
    E_23: |H|=1 targets 33920 canonical rows 33865 nnz 94688 (obstructed fixed targets cancelled: 0) [1s, HWM 0.11 GB]
    E_34: |H|=1 targets 75976 canonical rows 0 nnz 0 (obstructed fixed targets cancelled: 0) [2s, HWM 0.11 GB]
  built (36, 11, 7, 1, 1) d14: N_S=123320 |Stab|=2 n_chi=47344 rows=105629 nnz=464433 (2s: mono 0s orbits 0s rows 2s; HWM 0.11 GB)
  sieve (36, 11, 7, 1, 1) d14: cover(E) 47021/47344 by reversed (a=195, |U|=323, excess 128; {'natural': 43655, 'reversed': 47021, 'fill_asc': 35845, 'fill_desc': 35886, 'random': 28370}); cover(E_red) 38947/39237 (0.2s)
    hybrid[36_11_7_1_1d14] p=2147483629 attempt 0: |S|=47021 |U|=323 (a=195, excess 128) m=387 projected nullity 195, verified=True, rank 195 [split 0.3s trisolve 0.4s schur 0.9s null 0.1s lift 2.8s]
    hybrid[36_11_7_1_1d14] p=2147483647 attempt 0: |S|=47021 |U|=323 (a=195, excess 128) m=387 projected nullity 195, verified=True, rank 195 [split 0.3s trisolve 0.4s schur 0.9s null 0.1s lift 3.2s]
  RESULT (36, 11, 7, 1, 1) d14: a=195 n_chi=47344 |U|=323 mult_det=195 mult_per4=195 mult_red(star)=195 mult_red(pts)=195 i_det=0 i_red=0 i_per4=0 D=0  (35.0s, HWM 0.87 GB)
RESULT {"lam": [36, 11, 7, 1, 1], "delta": 14, "ell": 5, "a": 195, "K": 203, "N_S": 123320, "stab": 2, "n_chi": 47344, "nrows": 105629, "nnz": 464433, "nfixed": 13130, "build_secs": 2.5, "build_hwm_gb": 0.11, "route": "hybrid", "h_pad": 326, "seeds": {"det": 11, "red": 29, "per4": 47, "hybrid": 20260908}, "bound": 40, "primes": [2147483647, 2147483629], "n_red": 39237, "cover_E": {"size": 47021, "order": "reversed", "stats": {"natural": 43655, "reversed": 47021, "fill_asc": 35845, "fill_desc": 35886, "random": 28370}, "n_chi": 47344, "a": 195, "excess": 128, "certified_rank_lb": 47021}, "cover_Ered": {"size": 38947, "order": "reversed", "stats": {"natural": 36862, "reversed": 38947, "fill_asc": 30886, "fill_desc": 30809, "random": 24455}, "n_red": 39237, "certified": false}, "sieve_secs": 0.2, "pred_mem_x_bytes": 60751132, "primes_concurrent": true, "per_prime": {"2147483647": {"sides": {"det": {"mult": 195, "nullity": 0, "instrument": "hybrid kernel + det evaluation rows"}, "per4": {"mult": 195, "nullity": 0, "instrument": "hybrid kernel + per4 evaluation rows"}, "red_pts": {"mult": 195, "nullity": 0, "instrument": "hybrid kernel + red_pts evaluation rows"}, "red_star": {"mult": 195, "nullity": 0, "instrument": "hybrid kernel + (star)"}}, "hybrid": {"nS": 47021, "nU": 323, "excess": 128, "nnzT": 169544, "rows_other": 58608, "order": "reversed", "cover_stats": {"natural": 43655, "reversed": 47021, "fill_asc": 35845, "fill_desc": 35886, "random": 28370}, "attempts": [{"attempt": 0, "m": 387, "nproj": 8, "projected_nullity": 195, "verified": true, "rank": 195, "secs": {"split": 0.3, "trisolve": 0.4, "schur": 0.9, "nullspace": 0.1, "lift_verify": 3.2}}], "secs": 5.2}, "ev_secs": 18.6, "rank_secs": 8.4, "secs": 32.2, "hwm_gb": 0.87}, "2147483629": {"sides": {"det": {"mult": 195, "nullity": 0, "instrument": "hybrid kernel + det evaluation rows"}, "per4": {"mult": 195, "nullity": 0, "instrument": "hybrid kernel + per4 evaluation rows"}, "red_pts": {"mult": 195, "nullity": 0, "instrument": "hybrid kernel + red_pts evaluation rows"}, "red_star": {"mult": 195, "nullity": 0, "instrument": "hybrid kernel + (star)"}}, "hybrid": {"nS": 47021, "nU": 323, "excess": 128, "nnzT": 169544, "rows_other": 58608, "order": "reversed", "cover_stats": {"natural": 43655, "reversed": 47021, "fill_asc": 35845, "fill_desc": 35886, "random": 28370}, "attempts": [{"attempt": 0, "m": 387, "nproj": 8, "projected_nullity": 195, "verified": true, "rank": 195, "secs": {"split": 0.3, "trisolve": 0.4, "schur": 0.9, "nullspace": 0.1, "lift_verify": 2.8}}], "secs": 4.8}, "ev_secs": 18.8, "rank_secs": 8.1, "secs": 31.7, "hwm_gb": 0.87}}, "sides": {"det": {"mult": 195, "per_prime": {"2147483647": 195, "2147483629": 195}, "primes_agree": true, "instrument": "hybrid kernel + det evaluation rows", "status": "proved (full rank at both primes: mult = a over Q)"}, "per4": {"mult": 195, "per_prime": {"2147483647": 195, "2147483629": 195}, "primes_agree": true, "instrument": "hybrid kernel + per4 evaluation rows", "status": "proved (full rank at both primes: mult = a over Q)"}, "red_star": {"mult": 195, "per_prime": {"2147483647": 195, "2147483629": 195}, "primes_agree": true, "instrument": "hybrid kernel + (star)", "status": "proved (full rank at both primes: mult = a over Q)"}, "red_pts": {"mult": 195, "per_prime": {"2147483647": 195, "2147483629": 195}, "primes_agree": true, "instrument": "hybrid kernel + red_pts evaluation rows", "status": "proved (full rank at both primes: mult = a over Q)"}}, "mult_det": 195, "mult_per4": 195, "mult_red_star": 195, "mult_red_pts": 195, "mult_red": 195, "star_eq_pts": true, "i_det": 0, "i_red": 0, "i_per4": 0, "D": 0, "refute": false, "halt": false, "ok": true, "secs": 35.0, "hwm_gb": 0.87, "certs": [["results/certs/s71/36_11_7_1_1_d14_hybrid_p2147483647.json.gz", 61882], ["results/certs/s71/36_11_7_1_1_d14_hybrid_p2147483629.json.gz", 61879]]}
