      level 1: 54 prefixes
      level 2: 1071 prefixes
      level 3: 10929 prefixes
      level 4: 58202 prefixes
      level 5: 146856 prefixes
      level 6: 201382 prefixes
      level 7: 212182 prefixes
      level 8: 212761 prefixes
      level 9: 212761 prefixes
      level 10: 212761 prefixes
      level 11: 212761 prefixes
      level 12: 212761 prefixes
  lam=(31, 7, 6, 2, 2): N_S=212761 |Stab|=2 n_chi=114719 (orbits dropped: 0) [lean, 0s, HWM 0.12 GB]
    E_01: |H|=2 targets 129970 canonical rows 70395 nnz 413621 (obstructed fixed targets cancelled: 0) [1s, HWM 0.12 GB]
    E_12: |H|=2 targets 183850 canonical rows 99251 nnz 380712 (obstructed fixed targets cancelled: 0) [3s, HWM 0.14 GB]
    E_23: |H|=1 targets 98604 canonical rows 98604 nnz 353975 (obstructed fixed targets cancelled: 0) [3s, HWM 0.14 GB]
    E_34: |H|=1 targets 160326 canonical rows 160326 nnz 310662 (obstructed fixed targets cancelled: 0) [4s, HWM 0.15 GB]
  built (31, 7, 6, 2, 2) d12: N_S=212761 |Stab|=2 n_chi=114719 rows=428576 nnz=1458970 (5s: mono 1s orbits 0s rows 4s; HWM 0.15 GB)
  sieve (31, 7, 6, 2, 2) d12: cover(E) 114413/114719 by reversed (a=90, |U|=306, excess 216; {'natural': 111732, 'reversed': 114413, 'fill_asc': 101073, 'fill_desc': 100910, 'random': 83048}); cover(E_red) 86745/86968 (0.8s)
    hybrid[31_7_6_2_2d12] p=2147483629 attempt 0: |S|=114413 |U|=306 (a=90, excess 216) m=370 blocks 1x306 projected nullity 90, verified=True, rank 90 [split 0.2s trisolve 6.9s schur 7.0s null 0.1s lift 10.3s rank 0.6s]
    hybrid[31_7_6_2_2d12] p=2147483647 attempt 0: |S|=114413 |U|=306 (a=90, excess 216) m=370 blocks 1x306 projected nullity 90, verified=True, rank 90 [split 0.3s trisolve 6.9s schur 7.2s null 0.1s lift 10.9s rank 1.2s]
  RESULT (31, 7, 6, 2, 2) d12: a=90 n_chi=114719 |U|=306 mult_det=90 mult_per4=90 mult_red(star)=90 mult_red(pts)=90 i_det=0 i_red=0 i_per4=0 D=0  (83.4s, HWM 0.93 GB)
RESULT {"lam": [31, 7, 6, 2, 2], "delta": 12, "ell": 5, "a": 90, "K": 98, "N_S": 212761, "stab": 2, "n_chi": 114719, "nrows": 428576, "nnz": 1458970, "nfixed": 0, "build_secs": 5.3, "build_hwm_gb": 0.15, "route": "hybrid", "h_pad": 227, "seeds": {"det": 11, "red": 29, "per4": 47, "hybrid": 20260908}, "bound": 40, "primes": [2147483647, 2147483629], "n_red": 86968, "cover_E": {"size": 114413, "order": "reversed", "stats": {"natural": 111732, "reversed": 114413, "fill_asc": 101073, "fill_desc": 100910, "random": 83048}, "n_chi": 114719, "a": 90, "excess": 216, "certified_rank_lb": 114413}, "cover_Ered": {"size": 86745, "order": "reversed", "stats": {"natural": 85823, "reversed": 86745, "fill_asc": 78849, "fill_desc": 78675, "random": 65382}, "n_red": 86968, "certified": false}, "sieve_secs": 0.8, "pred_mem_x_bytes": 181340352, "primes_concurrent": true, "per_prime": {"2147483647": {"sides": {"det": {"mult": 90, "nullity": 0, "instrument": "hybrid kernel + det evaluation rows"}, "per4": {"mult": 90, "nullity": 0, "instrument": "hybrid kernel + per4 evaluation rows"}, "red_pts": {"mult": 90, "nullity": 0, "instrument": "hybrid kernel + red_pts evaluation rows"}, "red_star": {"mult": 90, "nullity": 0, "instrument": "hybrid kernel + (star)"}}, "hybrid": {"nS": 114413, "nU": 306, "excess": 216, "nnzT": 296618, "rows_other": 314163, "order": "reversed", "cover_stats": {"natural": 111732, "reversed": 114413, "fill_asc": 101073, "fill_desc": 100910, "random": 83048}, "ublock": 306, "nblocks": 1, "attempts": [{"attempt": 0, "m": 370, "nproj": 8, "projected_nullity": 90, "verified": true, "rank": 90, "secs": {"split": 0.3, "trisolve": 6.9, "schur": 7.2, "nullspace": 0.1, "lift_verify": 10.9, "rank": 1.2}}], "secs": 26.8}, "ev_secs": 38.2, "rank_secs": 11.9, "secs": 77.0, "hwm_gb": 0.93}, "2147483629": {"sides": {"det": {"mult": 90, "nullity": 0, "instrument": "hybrid kernel + det evaluation rows"}, "per4": {"mult": 90, "nullity": 0, "instrument": "hybrid kernel + per4 evaluation rows"}, "red_pts": {"mult": 90, "nullity": 0, "instrument": "hybrid kernel + red_pts evaluation rows"}, "red_star": {"mult": 90, "nullity": 0, "instrument": "hybrid kernel + (star)"}}, "hybrid": {"nS": 114413, "nU": 306, "excess": 216, "nnzT": 296618, "rows_other": 314163, "order": "reversed", "cover_stats": {"natural": 111732, "reversed": 114413, "fill_asc": 101073, "fill_desc": 100910, "random": 83048}, "ublock": 306, "nblocks": 1, "attempts": [{"attempt": 0, "m": 370, "nproj": 8, "projected_nullity": 90, "verified": true, "rank": 90, "secs": {"split": 0.2, "trisolve": 6.9, "schur": 7.0, "nullspace": 0.1, "lift_verify": 10.3, "rank": 0.6}}], "secs": 25.4}, "ev_secs": 37.9, "rank_secs": 13.2, "secs": 76.5, "hwm_gb": 0.93}}, "sides": {"det": {"mult": 90, "per_prime": {"2147483647": 90, "2147483629": 90}, "primes_agree": true, "instrument": "hybrid kernel + det evaluation rows", "status": "proved (full rank at both primes: mult = a over Q)"}, "per4": {"mult": 90, "per_prime": {"2147483647": 90, "2147483629": 90}, "primes_agree": true, "instrument": "hybrid kernel + per4 evaluation rows", "status": "proved (full rank at both primes: mult = a over Q)"}, "red_star": {"mult": 90, "per_prime": {"2147483647": 90, "2147483629": 90}, "primes_agree": true, "instrument": "hybrid kernel + (star)", "status": "proved (full rank at both primes: mult = a over Q)"}, "red_pts": {"mult": 90, "per_prime": {"2147483647": 90, "2147483629": 90}, "primes_agree": true, "instrument": "hybrid kernel + red_pts evaluation rows", "status": "proved (full rank at both primes: mult = a over Q)"}}, "mult_det": 90, "mult_per4": 90, "mult_red_star": 90, "mult_red_pts": 90, "mult_red": 90, "star_eq_pts": true, "i_det": 0, "i_red": 0, "i_per4": 0, "D": 0, "refute": false, "halt": false, "ok": true, "secs": 83.4, "hwm_gb": 0.93, "certs": [["results/certs/s71/31_7_6_2_2_d12_hybrid_p2147483647.json.gz", 31728], ["results/certs/s71/31_7_6_2_2_d12_hybrid_p2147483629.json.gz", 31727]]}
