      level 1: 36 prefixes
      level 2: 446 prefixes
      level 3: 3105 prefixes
      level 4: 14994 prefixes
      level 5: 48827 prefixes
      level 6: 103755 prefixes
      level 7: 146771 prefixes
      level 8: 162730 prefixes
      level 9: 165487 prefixes
      level 10: 165651 prefixes
      level 11: 165651 prefixes
      level 12: 165651 prefixes
      level 13: 165651 prefixes
      level 14: 165651 prefixes
      level 15: 165651 prefixes
  lam=(39, 12, 7, 1, 1): N_S=165651 |Stab|=2 n_chi=63746 (orbits dropped: 38159) [lean, 0s, HWM 0.12 GB]
    E_01: |H|=2 targets 124413 canonical rows 47720 nnz 284810 (obstructed fixed targets cancelled: 10977) [1s, HWM 0.12 GB]
    E_12: |H|=2 targets 127191 canonical rows 48605 nnz 224964 (obstructed fixed targets cancelled: 6815) [2s, HWM 0.13 GB]
    E_23: |H|=1 targets 45387 canonical rows 45314 nnz 127492 (obstructed fixed targets cancelled: 0) [2s, HWM 0.13 GB]
    E_34: |H|=1 targets 101905 canonical rows 0 nnz 0 (obstructed fixed targets cancelled: 0) [3s, HWM 0.13 GB]
  built (39, 12, 7, 1, 1) d15: N_S=165651 |Stab|=2 n_chi=63746 rows=141639 nnz=637266 (4s: mono 1s orbits 0s rows 3s; HWM 0.13 GB)
  sieve (39, 12, 7, 1, 1) d15: cover(E) 63317/63746 by reversed (a=270, |U|=429, excess 159; {'natural': 58554, 'reversed': 63317, 'fill_asc': 48132, 'fill_desc': 48302, 'random': 37812}); cover(E_red) 53292/53684 (0.4s)
    hybrid[39_12_7_1_1d15] p=2147483629 attempt 0: |S|=63317 |U|=429 (a=270, excess 159) m=493 blocks 1x429 projected nullity 270, verified=True, rank 270 [split 0.2s trisolve 6.1s schur 2.8s null 0.3s lift 7.5s rank 2.0s]
    hybrid[39_12_7_1_1d15] p=2147483647 attempt 0: |S|=63317 |U|=429 (a=270, excess 159) m=493 blocks 1x429 projected nullity 270, verified=True, rank 270 [split 0.2s trisolve 6.3s schur 3.3s null 0.3s lift 7.9s rank 1.6s]
  RESULT (39, 12, 7, 1, 1) d15: a=270 n_chi=63746 |U|=429 mult_det=270 mult_per4=270 mult_red(star)=269 mult_red(pts)=269 i_det=0 i_red=1 i_per4=0 D=-1  (130.8s, HWM 1.21 GB)
RESULT {"lam": [39, 12, 7, 1, 1], "delta": 15, "ell": 5, "a": 270, "K": 278, "N_S": 165651, "stab": 2, "n_chi": 63746, "nrows": 141639, "nnz": 637266, "nfixed": 17792, "build_secs": 4.2, "build_hwm_gb": 0.13, "route": "hybrid", "h_pad": 444, "seeds": {"det": 11, "red": 29, "per4": 47, "hybrid": 20260908}, "bound": 40, "primes": [2147483647, 2147483629], "n_red": 53684, "cover_E": {"size": 63317, "order": "reversed", "stats": {"natural": 58554, "reversed": 63317, "fill_asc": 48132, "fill_desc": 48302, "random": 37812}, "n_chi": 63746, "a": 270, "excess": 159, "certified_rank_lb": 63317}, "cover_Ered": {"size": 53292, "order": "reversed", "stats": {"natural": 50158, "reversed": 53292, "fill_asc": 42014, "fill_desc": 42011, "random": 32943}, "n_red": 53684, "certified": false}, "sieve_secs": 0.4, "pred_mem_x_bytes": 177497652, "primes_concurrent": true, "per_prime": {"2147483647": {"sides": {"det": {"mult": 270, "nullity": 0, "instrument": "hybrid kernel + det evaluation rows"}, "per4": {"mult": 270, "nullity": 0, "instrument": "hybrid kernel + per4 evaluation rows"}, "red_pts": {"mult": 269, "nullity": 1, "instrument": "hybrid kernel + red_pts evaluation rows"}, "red_star": {"mult": 269, "nullity": 1, "instrument": "hybrid kernel + (star)"}}, "hybrid": {"nS": 63317, "nU": 429, "excess": 159, "nnzT": 233863, "rows_other": 78322, "order": "reversed", "cover_stats": {"natural": 58554, "reversed": 63317, "fill_asc": 48132, "fill_desc": 48302, "random": 37812}, "ublock": 429, "nblocks": 1, "attempts": [{"attempt": 0, "m": 493, "nproj": 8, "projected_nullity": 270, "verified": true, "rank": 270, "secs": {"split": 0.2, "trisolve": 6.3, "schur": 3.3, "nullspace": 0.3, "lift_verify": 7.9, "rank": 1.6}}], "secs": 19.4}, "ev_secs": 76.8, "rank_secs": 29.9, "secs": 126.1, "hwm_gb": 1.21}, "2147483629": {"sides": {"det": {"mult": 270, "nullity": 0, "instrument": "hybrid kernel + det evaluation rows"}, "per4": {"mult": 270, "nullity": 0, "instrument": "hybrid kernel + per4 evaluation rows"}, "red_pts": {"mult": 269, "nullity": 1, "instrument": "hybrid kernel + red_pts evaluation rows"}, "red_star": {"mult": 269, "nullity": 1, "instrument": "hybrid kernel + (star)"}}, "hybrid": {"nS": 63317, "nU": 429, "excess": 159, "nnzT": 233863, "rows_other": 78322, "order": "reversed", "cover_stats": {"natural": 58554, "reversed": 63317, "fill_asc": 48132, "fill_desc": 48302, "random": 37812}, "ublock": 429, "nblocks": 1, "attempts": [{"attempt": 0, "m": 493, "nproj": 8, "projected_nullity": 270, "verified": true, "rank": 270, "secs": {"split": 0.2, "trisolve": 6.1, "schur": 2.8, "nullspace": 0.3, "lift_verify": 7.5, "rank": 2.0}}], "secs": 18.8}, "ev_secs": 76.5, "rank_secs": 30.3, "secs": 125.6, "hwm_gb": 1.21}}, "sides": {"det": {"mult": 270, "per_prime": {"2147483647": 270, "2147483629": 270}, "primes_agree": true, "instrument": "hybrid kernel + det evaluation rows", "status": "proved (full rank at both primes: mult = a over Q)"}, "per4": {"mult": 270, "per_prime": {"2147483647": 270, "2147483629": 270}, "primes_agree": true, "instrument": "hybrid kernel + per4 evaluation rows", "status": "proved (full rank at both primes: mult = a over Q)"}, "red_star": {"mult": 269, "per_prime": {"2147483647": 269, "2147483629": 269}, "primes_agree": true, "instrument": "hybrid kernel + (star)", "status": "measured (exact mod both primes, kernel exhibited): mult = 269"}, "red_pts": {"mult": 269, "per_prime": {"2147483647": 269, "2147483629": 269}, "primes_agree": true, "instrument": "hybrid kernel + red_pts evaluation rows", "status": "measured (exact mod both primes, kernel exhibited): mult = 269"}}, "mult_det": 270, "mult_per4": 270, "mult_red_star": 269, "mult_red_pts": 269, "mult_red": 269, "star_eq_pts": true, "i_det": 0, "i_red": 1, "i_per4": 0, "D": -1, "refute": false, "halt": false, "ok": true, "secs": 130.8, "hwm_gb": 1.21, "certs": [["results/certs/s71/39_12_7_1_1_d15_hybrid_p2147483647.json.gz", 82139], ["results/certs/s71/39_12_7_1_1_d15_hybrid_p2147483629.json.gz", 82139]]}
