      level 1: 48 prefixes
      level 2: 718 prefixes
      level 3: 4921 prefixes
      level 4: 20543 prefixes
      level 5: 51716 prefixes
      level 6: 77733 prefixes
      level 7: 86270 prefixes
      level 8: 87311 prefixes
      level 9: 87335 prefixes
      level 10: 87335 prefixes
      level 11: 87335 prefixes
      level 12: 87335 prefixes
      level 13: 87335 prefixes
  lam=(34, 11, 3, 3, 1): N_S=87335 |Stab|=2 n_chi=41653 (orbits dropped: 4029) [lean, 0s, HWM 0.09 GB]
    E_01: |H|=2 targets 65163 canonical rows 31025 nnz 179967 (obstructed fixed targets cancelled: 2210) [1s, HWM 0.09 GB]
    E_12: |H|=1 targets 43200 canonical rows 43200 nnz 181417 (obstructed fixed targets cancelled: 0) [1s, HWM 0.09 GB]
    E_23: |H|=1 targets 73590 canonical rows 72499 nnz 165589 (obstructed fixed targets cancelled: 0) [1s, HWM 0.10 GB]
    E_34: |H|=1 targets 34596 canonical rows 34575 nnz 83306 (obstructed fixed targets cancelled: 0) [1s, HWM 0.10 GB]
  built (34, 11, 3, 3, 1) d13: N_S=87335 |Stab|=2 n_chi=41653 rows=181299 nnz=610279 (2s: mono 0s orbits 0s rows 1s; HWM 0.10 GB)
  sieve (34, 11, 3, 3, 1) d13: cover(E) 41563/41653 by reversed (a=66, |U|=90, excess 24; {'natural': 40033, 'reversed': 41563, 'fill_asc': 37156, 'fill_desc': 37786, 'random': 32863}); cover(E_red) 32263/32338 (0.3s)
    hybrid[34_11_3_3_1d13] p=2147483629 attempt 0: |S|=41563 |U|=90 (a=66, excess 24) m=154 projected nullity 66, verified=True, rank 66 [split 0.1s trisolve 0.1s schur 0.5s null 0.0s lift 1.4s]
    hybrid[34_11_3_3_1d13] p=2147483647 attempt 0: |S|=41563 |U|=90 (a=66, excess 24) m=154 projected nullity 66, verified=True, rank 66 [split 0.1s trisolve 0.1s schur 0.5s null 0.0s lift 1.4s]
  RESULT (34, 11, 3, 3, 1) d13: a=66 n_chi=41653 |U|=90 mult_det=66 mult_per4=66 mult_red(star)=66 mult_red(pts)=66 i_det=0 i_red=0 i_per4=0 D=0  (11.7s, HWM 0.32 GB)
RESULT {"lam": [34, 11, 3, 3, 1], "delta": 13, "ell": 5, "a": 66, "K": 74, "N_S": 87335, "stab": 2, "n_chi": 41653, "nrows": 181299, "nnz": 610279, "nfixed": 2210, "build_secs": 1.9, "build_hwm_gb": 0.1, "route": "hybrid", "h_pad": 161, "seeds": {"det": 11, "red": 29, "per4": 47, "hybrid": 20260908}, "bound": 40, "primes": [2147483647, 2147483629], "n_red": 32338, "cover_E": {"size": 41563, "order": "reversed", "stats": {"natural": 40033, "reversed": 41563, "fill_asc": 37156, "fill_desc": 37786, "random": 32863}, "n_chi": 41653, "a": 66, "excess": 24, "certified_rank_lb": 41563}, "cover_Ered": {"size": 32263, "order": "reversed", "stats": {"natural": 31363, "reversed": 32263, "fill_asc": 29396, "fill_desc": 29771, "random": 25911}, "n_red": 32338, "certified": false}, "sieve_secs": 0.3, "pred_mem_x_bytes": 14962680, "primes_concurrent": true, "per_prime": {"2147483647": {"sides": {"det": {"mult": 66, "nullity": 0, "instrument": "hybrid kernel + det evaluation rows"}, "per4": {"mult": 66, "nullity": 0, "instrument": "hybrid kernel + per4 evaluation rows"}, "red_pts": {"mult": 66, "nullity": 0, "instrument": "hybrid kernel + red_pts evaluation rows"}, "red_star": {"mult": 66, "nullity": 0, "instrument": "hybrid kernel + (star)"}}, "hybrid": {"nS": 41563, "nU": 90, "excess": 24, "nnzT": 96600, "rows_other": 139736, "order": "reversed", "cover_stats": {"natural": 40033, "reversed": 41563, "fill_asc": 37156, "fill_desc": 37786, "random": 32863}, "attempts": [{"attempt": 0, "m": 154, "nproj": 8, "projected_nullity": 66, "verified": true, "rank": 66, "secs": {"split": 0.1, "trisolve": 0.1, "schur": 0.5, "nullspace": 0.0, "lift_verify": 1.4}}], "secs": 2.2}, "ev_secs": 5.4, "rank_secs": 1.8, "secs": 9.4, "hwm_gb": 0.32}, "2147483629": {"sides": {"det": {"mult": 66, "nullity": 0, "instrument": "hybrid kernel + det evaluation rows"}, "per4": {"mult": 66, "nullity": 0, "instrument": "hybrid kernel + per4 evaluation rows"}, "red_pts": {"mult": 66, "nullity": 0, "instrument": "hybrid kernel + red_pts evaluation rows"}, "red_star": {"mult": 66, "nullity": 0, "instrument": "hybrid kernel + (star)"}}, "hybrid": {"nS": 41563, "nU": 90, "excess": 24, "nnzT": 96600, "rows_other": 139736, "order": "reversed", "cover_stats": {"natural": 40033, "reversed": 41563, "fill_asc": 37156, "fill_desc": 37786, "random": 32863}, "attempts": [{"attempt": 0, "m": 154, "nproj": 8, "projected_nullity": 66, "verified": true, "rank": 66, "secs": {"split": 0.1, "trisolve": 0.1, "schur": 0.5, "nullspace": 0.0, "lift_verify": 1.4}}], "secs": 2.2}, "ev_secs": 5.3, "rank_secs": 1.8, "secs": 9.3, "hwm_gb": 0.32}}, "sides": {"det": {"mult": 66, "per_prime": {"2147483647": 66, "2147483629": 66}, "primes_agree": true, "instrument": "hybrid kernel + det evaluation rows", "status": "proved (full rank at both primes: mult = a over Q)"}, "per4": {"mult": 66, "per_prime": {"2147483647": 66, "2147483629": 66}, "primes_agree": true, "instrument": "hybrid kernel + per4 evaluation rows", "status": "proved (full rank at both primes: mult = a over Q)"}, "red_star": {"mult": 66, "per_prime": {"2147483647": 66, "2147483629": 66}, "primes_agree": true, "instrument": "hybrid kernel + (star)", "status": "proved (full rank at both primes: mult = a over Q)"}, "red_pts": {"mult": 66, "per_prime": {"2147483647": 66, "2147483629": 66}, "primes_agree": true, "instrument": "hybrid kernel + red_pts evaluation rows", "status": "proved (full rank at both primes: mult = a over Q)"}}, "mult_det": 66, "mult_per4": 66, "mult_red_star": 66, "mult_red_pts": 66, "mult_red": 66, "star_eq_pts": true, "i_det": 0, "i_red": 0, "i_per4": 0, "D": 0, "refute": false, "halt": false, "ok": true, "secs": 11.7, "hwm_gb": 0.32, "certs": [["results/certs/s71/34_11_3_3_1_d13_hybrid_p2147483647.json.gz", 24670], ["results/certs/s71/34_11_3_3_1_d13_hybrid_p2147483629.json.gz", 24671]]}
