      level 1: 54 prefixes
      level 2: 880 prefixes
      level 3: 6563 prefixes
      level 4: 27433 prefixes
      level 5: 68952 prefixes
      level 6: 103631 prefixes
      level 7: 114971 prefixes
      level 8: 116348 prefixes
      level 9: 116380 prefixes
      level 10: 116380 prefixes
      level 11: 116380 prefixes
      level 12: 116380 prefixes
      level 13: 116380 prefixes
      level 14: 116380 prefixes
  lam=(38, 11, 3, 2, 2): N_S=116380 |Stab|=2 n_chi=63253 (orbits dropped: 0) [lean, 0s, HWM 0.10 GB]
    E_01: |H|=2 targets 86346 canonical rows 47014 nnz 272742 (obstructed fixed targets cancelled: 0) [1s, HWM 0.10 GB]
    E_12: |H|=2 targets 57631 canonical rows 31660 nnz 136531 (obstructed fixed targets cancelled: 0) [1s, HWM 0.10 GB]
    E_23: |H|=1 targets 74217 canonical rows 74217 nnz 191656 (obstructed fixed targets cancelled: 0) [2s, HWM 0.10 GB]
    E_34: |H|=1 targets 88050 canonical rows 88050 nnz 167590 (obstructed fixed targets cancelled: 0) [2s, HWM 0.11 GB]
  built (38, 11, 3, 2, 2) d14: N_S=116380 |Stab|=2 n_chi=63253 rows=240941 nnz=768519 (3s: mono 1s orbits 0s rows 2s; HWM 0.11 GB)
  sieve (38, 11, 3, 2, 2) d14: cover(E) 63106/63253 by reversed (a=100, |U|=147, excess 47; {'natural': 61833, 'reversed': 63106, 'fill_asc': 56775, 'fill_desc': 56065, 'random': 49068}); cover(E_red) 48174/48284 (0.4s)
    hybrid[38_11_3_2_2d14] p=2147483647 attempt 0: |S|=63106 |U|=147 (a=100, excess 47) m=211 blocks 1x147 projected nullity 100, verified=True, rank 100 [split 0.1s trisolve 1.6s schur 1.7s null 0.1s lift 4.4s rank 0.4s]
    hybrid[38_11_3_2_2d14] p=2147483629 attempt 0: |S|=63106 |U|=147 (a=100, excess 47) m=211 blocks 1x147 projected nullity 100, verified=True, rank 100 [split 0.1s trisolve 1.7s schur 1.6s null 0.0s lift 4.8s rank 0.4s]
  RESULT (38, 11, 3, 2, 2) d14: a=100 n_chi=63253 |U|=147 mult_det=100 mult_per4=100 mult_red(star)=100 mult_red(pts)=100 i_det=0 i_red=0 i_per4=0 D=0  (47.4s, HWM 0.58 GB)
RESULT {"lam": [38, 11, 3, 2, 2], "delta": 14, "ell": 5, "a": 100, "K": 108, "N_S": 116380, "stab": 2, "n_chi": 63253, "nrows": 240941, "nnz": 768519, "nfixed": 0, "build_secs": 2.7, "build_hwm_gb": 0.11, "route": "hybrid", "h_pad": 267, "seeds": {"det": 11, "red": 29, "per4": 47, "hybrid": 20260908}, "bound": 40, "primes": [2147483647, 2147483629], "n_red": 48284, "cover_E": {"size": 63106, "order": "reversed", "stats": {"natural": 61833, "reversed": 63106, "fill_asc": 56775, "fill_desc": 56065, "random": 49068}, "n_chi": 63253, "a": 100, "excess": 47, "certified_rank_lb": 63106}, "cover_Ered": {"size": 48174, "order": "reversed", "stats": {"natural": 47549, "reversed": 48174, "fill_asc": 44374, "fill_desc": 44151, "random": 38625}, "n_red": 48284, "certified": false}, "sieve_secs": 0.4, "pred_mem_x_bytes": 62407528, "primes_concurrent": true, "per_prime": {"2147483647": {"sides": {"det": {"mult": 100, "nullity": 0, "instrument": "hybrid kernel + det evaluation rows"}, "per4": {"mult": 100, "nullity": 0, "instrument": "hybrid kernel + per4 evaluation rows"}, "red_pts": {"mult": 100, "nullity": 0, "instrument": "hybrid kernel + red_pts evaluation rows"}, "red_star": {"mult": 100, "nullity": 0, "instrument": "hybrid kernel + (star)"}}, "hybrid": {"nS": 63106, "nU": 147, "excess": 47, "nnzT": 143690, "rows_other": 177835, "order": "reversed", "cover_stats": {"natural": 61833, "reversed": 63106, "fill_asc": 56775, "fill_desc": 56065, "random": 49068}, "ublock": 147, "nblocks": 1, "attempts": [{"attempt": 0, "m": 211, "nproj": 8, "projected_nullity": 100, "verified": true, "rank": 100, "secs": {"split": 0.1, "trisolve": 1.6, "schur": 1.7, "nullspace": 0.1, "lift_verify": 4.4, "rank": 0.4}}], "secs": 8.3}, "ev_secs": 26.4, "rank_secs": 9.0, "secs": 43.7, "hwm_gb": 0.58}, "2147483629": {"sides": {"det": {"mult": 100, "nullity": 0, "instrument": "hybrid kernel + det evaluation rows"}, "per4": {"mult": 100, "nullity": 0, "instrument": "hybrid kernel + per4 evaluation rows"}, "red_pts": {"mult": 100, "nullity": 0, "instrument": "hybrid kernel + red_pts evaluation rows"}, "red_star": {"mult": 100, "nullity": 0, "instrument": "hybrid kernel + (star)"}}, "hybrid": {"nS": 63106, "nU": 147, "excess": 47, "nnzT": 143690, "rows_other": 177835, "order": "reversed", "cover_stats": {"natural": 61833, "reversed": 63106, "fill_asc": 56775, "fill_desc": 56065, "random": 49068}, "ublock": 147, "nblocks": 1, "attempts": [{"attempt": 0, "m": 211, "nproj": 8, "projected_nullity": 100, "verified": true, "rank": 100, "secs": {"split": 0.1, "trisolve": 1.7, "schur": 1.6, "nullspace": 0.0, "lift_verify": 4.8, "rank": 0.4}}], "secs": 8.7}, "ev_secs": 25.8, "rank_secs": 9.6, "secs": 44.1, "hwm_gb": 0.58}}, "sides": {"det": {"mult": 100, "per_prime": {"2147483647": 100, "2147483629": 100}, "primes_agree": true, "instrument": "hybrid kernel + det evaluation rows", "status": "proved (full rank at both primes: mult = a over Q)"}, "per4": {"mult": 100, "per_prime": {"2147483647": 100, "2147483629": 100}, "primes_agree": true, "instrument": "hybrid kernel + per4 evaluation rows", "status": "proved (full rank at both primes: mult = a over Q)"}, "red_star": {"mult": 100, "per_prime": {"2147483647": 100, "2147483629": 100}, "primes_agree": true, "instrument": "hybrid kernel + (star)", "status": "proved (full rank at both primes: mult = a over Q)"}, "red_pts": {"mult": 100, "per_prime": {"2147483647": 100, "2147483629": 100}, "primes_agree": true, "instrument": "hybrid kernel + red_pts evaluation rows", "status": "proved (full rank at both primes: mult = a over Q)"}}, "mult_det": 100, "mult_per4": 100, "mult_red_star": 100, "mult_red_pts": 100, "mult_red": 100, "star_eq_pts": true, "i_det": 0, "i_red": 0, "i_per4": 0, "D": 0, "refute": false, "halt": false, "ok": true, "secs": 47.4, "hwm_gb": 0.58, "certs": [["results/certs/s71/38_11_3_2_2_d14_hybrid_p2147483647.json.gz", 34345], ["results/certs/s71/38_11_3_2_2_d14_hybrid_p2147483629.json.gz", 34347]]}
