      level 1: 48 prefixes
      level 2: 843 prefixes
      level 3: 7694 prefixes
      level 4: 35882 prefixes
      level 5: 75654 prefixes
      level 6: 92348 prefixes
      level 7: 94395 prefixes
      level 8: 94438 prefixes
      level 9: 94438 prefixes
      level 10: 94438 prefixes
  lam=(24, 6, 6, 3, 1): N_S=94438 |Stab|=2 n_chi=47788 (orbits dropped: 0) [lean, 0s, HWM 0.09 GB]
    E_01: |H|=1 targets 54935 canonical rows 54935 nnz 315238 (obstructed fixed targets cancelled: 0) [0s, HWM 0.09 GB]
    E_12: |H|=1 targets 86996 canonical rows 86996 nnz 312284 (obstructed fixed targets cancelled: 0) [1s, HWM 0.10 GB]
    E_23: |H|=1 targets 58059 canonical rows 58059 nnz 207811 (obstructed fixed targets cancelled: 0) [1s, HWM 0.10 GB]
    E_34: |H|=2 targets 36886 canonical rows 18857 nnz 47788 (obstructed fixed targets cancelled: 0) [1s, HWM 0.10 GB]
  built (24, 6, 6, 3, 1) d10: N_S=94438 |Stab|=2 n_chi=47788 rows=218847 nnz=883121 (2s: mono 0s orbits 0s rows 1s; HWM 0.10 GB)
  sieve (24, 6, 6, 3, 1) d10: cover(E) 47699/47788 by reversed (a=34, |U|=89, excess 55; {'natural': 45497, 'reversed': 47699, 'fill_asc': 43054, 'fill_desc': 42421, 'random': 34252}); cover(E_red) 35623/35696 (0.4s)
    hybrid[24_6_6_3_1d10] p=2147483629 attempt 0: |S|=47699 |U|=89 (a=34, excess 55) m=153 projected nullity 34, verified=True, rank 34 [split 0.1s trisolve 0.1s schur 0.7s null 0.0s lift 1.2s]
    hybrid[24_6_6_3_1d10] p=2147483647 attempt 0: |S|=47699 |U|=89 (a=34, excess 55) m=153 projected nullity 34, verified=True, rank 34 [split 0.1s trisolve 0.1s schur 0.7s null 0.0s lift 1.2s]
  RESULT (24, 6, 6, 3, 1) d10: a=34 n_chi=47788 |U|=89 mult_det=34 mult_per4=34 mult_red(star)=34 mult_red(pts)=34 i_det=0 i_red=0 i_per4=0 D=0  (8.3s, HWM 0.27 GB)
RESULT {"lam": [24, 6, 6, 3, 1], "delta": 10, "ell": 5, "a": 34, "K": 42, "N_S": 94438, "stab": 2, "n_chi": 47788, "nrows": 218847, "nnz": 883121, "nfixed": 0, "build_secs": 1.6, "build_hwm_gb": 0.1, "route": "hybrid", "h_pad": 98, "seeds": {"det": 11, "red": 29, "per4": 47, "hybrid": 20260908}, "bound": 40, "primes": [2147483647, 2147483629], "n_red": 35696, "cover_E": {"size": 47699, "order": "reversed", "stats": {"natural": 45497, "reversed": 47699, "fill_asc": 43054, "fill_desc": 42421, "random": 34252}, "n_chi": 47788, "a": 34, "excess": 55, "certified_rank_lb": 47699}, "cover_Ered": {"size": 35623, "order": "reversed", "stats": {"natural": 34524, "reversed": 35623, "fill_asc": 33728, "fill_desc": 32726, "random": 27157}, "n_red": 35696, "certified": false}, "sieve_secs": 0.4, "pred_mem_x_bytes": 16980844, "primes_concurrent": true, "per_prime": {"2147483647": {"sides": {"det": {"mult": 34, "nullity": 0, "instrument": "hybrid kernel + det evaluation rows"}, "per4": {"mult": 34, "nullity": 0, "instrument": "hybrid kernel + per4 evaluation rows"}, "red_pts": {"mult": 34, "nullity": 0, "instrument": "hybrid kernel + red_pts evaluation rows"}, "red_star": {"mult": 34, "nullity": 0, "instrument": "hybrid kernel + (star)"}}, "hybrid": {"nS": 47699, "nU": 89, "excess": 55, "nnzT": 133749, "rows_other": 171148, "order": "reversed", "cover_stats": {"natural": 45497, "reversed": 47699, "fill_asc": 43054, "fill_desc": 42421, "random": 34252}, "attempts": [{"attempt": 0, "m": 153, "nproj": 8, "projected_nullity": 34, "verified": true, "rank": 34, "secs": {"split": 0.1, "trisolve": 0.1, "schur": 0.7, "nullspace": 0.0, "lift_verify": 1.2}}], "secs": 2.2}, "ev_secs": 3.1, "rank_secs": 0.8, "secs": 6.1, "hwm_gb": 0.27}, "2147483629": {"sides": {"det": {"mult": 34, "nullity": 0, "instrument": "hybrid kernel + det evaluation rows"}, "per4": {"mult": 34, "nullity": 0, "instrument": "hybrid kernel + per4 evaluation rows"}, "red_pts": {"mult": 34, "nullity": 0, "instrument": "hybrid kernel + red_pts evaluation rows"}, "red_star": {"mult": 34, "nullity": 0, "instrument": "hybrid kernel + (star)"}}, "hybrid": {"nS": 47699, "nU": 89, "excess": 55, "nnzT": 133749, "rows_other": 171148, "order": "reversed", "cover_stats": {"natural": 45497, "reversed": 47699, "fill_asc": 43054, "fill_desc": 42421, "random": 34252}, "attempts": [{"attempt": 0, "m": 153, "nproj": 8, "projected_nullity": 34, "verified": true, "rank": 34, "secs": {"split": 0.1, "trisolve": 0.1, "schur": 0.7, "nullspace": 0.0, "lift_verify": 1.2}}], "secs": 2.2}, "ev_secs": 3.0, "rank_secs": 1.0, "secs": 6.1, "hwm_gb": 0.27}}, "sides": {"det": {"mult": 34, "per_prime": {"2147483647": 34, "2147483629": 34}, "primes_agree": true, "instrument": "hybrid kernel + det evaluation rows", "status": "proved (full rank at both primes: mult = a over Q)"}, "per4": {"mult": 34, "per_prime": {"2147483647": 34, "2147483629": 34}, "primes_agree": true, "instrument": "hybrid kernel + per4 evaluation rows", "status": "proved (full rank at both primes: mult = a over Q)"}, "red_star": {"mult": 34, "per_prime": {"2147483647": 34, "2147483629": 34}, "primes_agree": true, "instrument": "hybrid kernel + (star)", "status": "proved (full rank at both primes: mult = a over Q)"}, "red_pts": {"mult": 34, "per_prime": {"2147483647": 34, "2147483629": 34}, "primes_agree": true, "instrument": "hybrid kernel + red_pts evaluation rows", "status": "proved (full rank at both primes: mult = a over Q)"}}, "mult_det": 34, "mult_per4": 34, "mult_red_star": 34, "mult_red_pts": 34, "mult_red": 34, "star_eq_pts": true, "i_det": 0, "i_red": 0, "i_per4": 0, "D": 0, "refute": false, "halt": false, "ok": true, "secs": 8.3, "hwm_gb": 0.27, "certs": [["results/certs/s71/24_6_6_3_1_d10_hybrid_p2147483647.json.gz", 14910], ["results/certs/s71/24_6_6_3_1_d10_hybrid_p2147483629.json.gz", 14911]]}
