      level 1: 44 prefixes
      level 2: 540 prefixes
      level 3: 3207 prefixes
      level 4: 11538 prefixes
      level 5: 28199 prefixes
      level 6: 45624 prefixes
      level 7: 53916 prefixes
      level 8: 55760 prefixes
      level 9: 55896 prefixes
      level 10: 55896 prefixes
      level 11: 55896 prefixes
      level 12: 55896 prefixes
      level 13: 55896 prefixes
      level 14: 55896 prefixes
      level 15: 55896 prefixes
  lam=(41, 13, 3, 2, 1): N_S=55896 |Stab|=1 n_chi=55896 (orbits dropped: 0) [lean, 0s, HWM 0.08 GB]
    E_01: |H|=1 targets 43899 canonical rows 43899 nnz 253250 (obstructed fixed targets cancelled: 0) [0s, HWM 0.09 GB]
    E_12: |H|=1 targets 26750 canonical rows 26750 nnz 120163 (obstructed fixed targets cancelled: 0) [1s, HWM 0.09 GB]
    E_23: |H|=1 targets 35978 canonical rows 35978 nnz 91100 (obstructed fixed targets cancelled: 0) [1s, HWM 0.09 GB]
    E_34: |H|=1 targets 26537 canonical rows 26537 nnz 55896 (obstructed fixed targets cancelled: 0) [1s, HWM 0.09 GB]
  built (41, 13, 3, 2, 1) d15: N_S=55896 |Stab|=1 n_chi=55896 rows=133164 nnz=520409 (1s: mono 0s orbits 0s rows 1s; HWM 0.09 GB)
  sieve (41, 13, 3, 2, 1) d15: cover(E) 55746/55896 by reversed (a=118, |U|=150, excess 32; {'natural': 53935, 'reversed': 55746, 'fill_asc': 47270, 'fill_desc': 45346, 'random': 38997}); cover(E_red) 43171/43292 (0.2s)
    hybrid[41_13_3_2_1d15] p=2147483647 attempt 0: |S|=55746 |U|=150 (a=118, excess 32) m=214 projected nullity 118, verified=True, rank 118 [split 0.1s trisolve 0.1s schur 0.5s null 0.0s lift 1.8s]
    hybrid[41_13_3_2_1d15] p=2147483629 attempt 0: |S|=55746 |U|=150 (a=118, excess 32) m=214 projected nullity 118, verified=True, rank 118 [split 0.1s trisolve 0.2s schur 0.5s null 0.0s lift 1.9s]
  RESULT (41, 13, 3, 2, 1) d15: a=118 n_chi=55896 |U|=150 mult_det=118 mult_per4=118 mult_red(star)=118 mult_red(pts)=118 i_det=0 i_red=0 i_per4=0 D=0  (20.2s, HWM 0.68 GB)
RESULT {"lam": [41, 13, 3, 2, 1], "delta": 15, "ell": 5, "a": 118, "K": 126, "N_S": 55896, "stab": 1, "n_chi": 55896, "nrows": 133164, "nnz": 520409, "nfixed": 0, "build_secs": 1.3, "build_hwm_gb": 0.09, "route": "hybrid", "h_pad": 300, "seeds": {"det": 11, "red": 29, "per4": 47, "hybrid": 20260908}, "bound": 40, "primes": [2147483647, 2147483629], "n_red": 43292, "cover_E": {"size": 55746, "order": "reversed", "stats": {"natural": 53935, "reversed": 55746, "fill_asc": 47270, "fill_desc": 45346, "random": 38997}, "n_chi": 55896, "a": 118, "excess": 32, "certified_rank_lb": 55746}, "cover_Ered": {"size": 43171, "order": "reversed", "stats": {"natural": 42193, "reversed": 43171, "fill_asc": 37906, "fill_desc": 37029, "random": 31599}, "n_red": 43292, "certified": false}, "sieve_secs": 0.2, "pred_mem_x_bytes": 33447600, "primes_concurrent": true, "per_prime": {"2147483647": {"sides": {"det": {"mult": 118, "nullity": 0, "instrument": "hybrid kernel + det evaluation rows"}, "per4": {"mult": 118, "nullity": 0, "instrument": "hybrid kernel + per4 evaluation rows"}, "red_pts": {"mult": 118, "nullity": 0, "instrument": "hybrid kernel + red_pts evaluation rows"}, "red_star": {"mult": 118, "nullity": 0, "instrument": "hybrid kernel + (star)"}}, "hybrid": {"nS": 55746, "nU": 150, "excess": 32, "nnzT": 145290, "rows_other": 77418, "order": "reversed", "cover_stats": {"natural": 53935, "reversed": 55746, "fill_asc": 47270, "fill_desc": 45346, "random": 38997}, "attempts": [{"attempt": 0, "m": 214, "nproj": 8, "projected_nullity": 118, "verified": true, "rank": 118, "secs": {"split": 0.1, "trisolve": 0.1, "schur": 0.5, "nullspace": 0.0, "lift_verify": 1.8}}], "secs": 2.9}, "ev_secs": 8.3, "rank_secs": 7.0, "secs": 18.2, "hwm_gb": 0.68}, "2147483629": {"sides": {"det": {"mult": 118, "nullity": 0, "instrument": "hybrid kernel + det evaluation rows"}, "per4": {"mult": 118, "nullity": 0, "instrument": "hybrid kernel + per4 evaluation rows"}, "red_pts": {"mult": 118, "nullity": 0, "instrument": "hybrid kernel + red_pts evaluation rows"}, "red_star": {"mult": 118, "nullity": 0, "instrument": "hybrid kernel + (star)"}}, "hybrid": {"nS": 55746, "nU": 150, "excess": 32, "nnzT": 145290, "rows_other": 77418, "order": "reversed", "cover_stats": {"natural": 53935, "reversed": 55746, "fill_asc": 47270, "fill_desc": 45346, "random": 38997}, "attempts": [{"attempt": 0, "m": 214, "nproj": 8, "projected_nullity": 118, "verified": true, "rank": 118, "secs": {"split": 0.1, "trisolve": 0.2, "schur": 0.5, "nullspace": 0.0, "lift_verify": 1.9}}], "secs": 3.0}, "ev_secs": 8.6, "rank_secs": 6.9, "secs": 18.5, "hwm_gb": 0.68}}, "sides": {"det": {"mult": 118, "per_prime": {"2147483647": 118, "2147483629": 118}, "primes_agree": true, "instrument": "hybrid kernel + det evaluation rows", "status": "proved (full rank at both primes: mult = a over Q)"}, "per4": {"mult": 118, "per_prime": {"2147483647": 118, "2147483629": 118}, "primes_agree": true, "instrument": "hybrid kernel + per4 evaluation rows", "status": "proved (full rank at both primes: mult = a over Q)"}, "red_star": {"mult": 118, "per_prime": {"2147483647": 118, "2147483629": 118}, "primes_agree": true, "instrument": "hybrid kernel + (star)", "status": "proved (full rank at both primes: mult = a over Q)"}, "red_pts": {"mult": 118, "per_prime": {"2147483647": 118, "2147483629": 118}, "primes_agree": true, "instrument": "hybrid kernel + red_pts evaluation rows", "status": "proved (full rank at both primes: mult = a over Q)"}}, "mult_det": 118, "mult_per4": 118, "mult_red_star": 118, "mult_red_pts": 118, "mult_red": 118, "star_eq_pts": true, "i_det": 0, "i_red": 0, "i_per4": 0, "D": 0, "refute": false, "halt": false, "ok": true, "secs": 20.2, "hwm_gb": 0.68, "certs": [["results/certs/s71/41_13_3_2_1_d15_hybrid_p2147483647.json.gz", 39066], ["results/certs/s71/41_13_3_2_1_d15_hybrid_p2147483629.json.gz", 39069]]}
