      level 1: 44 prefixes
      level 2: 670 prefixes
      level 3: 4970 prefixes
      level 4: 18012 prefixes
      level 5: 30418 prefixes
      level 6: 33815 prefixes
      level 7: 34045 prefixes
      level 8: 34045 prefixes
      level 9: 34045 prefixes
      level 10: 34045 prefixes
  lam=(25, 7, 5, 2, 1): N_S=34045 |Stab|=1 n_chi=34045 (orbits dropped: 0) [lean, 0s, HWM 0.07 GB]
    E_01: |H|=1 targets 21765 canonical rows 21765 nnz 119852 (obstructed fixed targets cancelled: 0) [0s, HWM 0.07 GB]
    E_12: |H|=1 targets 26882 canonical rows 26882 nnz 100126 (obstructed fixed targets cancelled: 0) [0s, HWM 0.07 GB]
    E_23: |H|=1 targets 17475 canonical rows 17475 nnz 55751 (obstructed fixed targets cancelled: 0) [0s, HWM 0.07 GB]
    E_34: |H|=1 targets 16043 canonical rows 16043 nnz 34045 (obstructed fixed targets cancelled: 0) [0s, HWM 0.07 GB]
  built (25, 7, 5, 2, 1) d10: N_S=34045 |Stab|=1 n_chi=34045 rows=82165 nnz=309774 (1s: mono 0s orbits 0s rows 0s; HWM 0.07 GB)
  sieve (25, 7, 5, 2, 1) d10: cover(E) 33931/34045 by reversed (a=53, |U|=114, excess 61; {'natural': 32876, 'reversed': 33931, 'fill_asc': 28558, 'fill_desc': 28044, 'random': 23154}); cover(E_red) 23970/24051 (0.1s)
    hybrid[25_7_5_2_1d10] p=2147483629 attempt 0: |S|=33931 |U|=114 (a=53, excess 61) m=178 projected nullity 53, verified=True, rank 53 [split 0.1s trisolve 0.1s schur 0.2s null 0.0s lift 0.6s]
    hybrid[25_7_5_2_1d10] p=2147483647 attempt 0: |S|=33931 |U|=114 (a=53, excess 61) m=178 projected nullity 53, verified=True, rank 53 [split 0.1s trisolve 0.1s schur 0.2s null 0.0s lift 0.7s]
  RESULT (25, 7, 5, 2, 1) d10: a=53 n_chi=34045 |U|=114 mult_det=53 mult_per4=53 mult_red(star)=53 mult_red(pts)=53 i_det=0 i_red=0 i_per4=0 D=0  (5.1s, HWM 0.23 GB)
RESULT {"lam": [25, 7, 5, 2, 1], "delta": 10, "ell": 5, "a": 53, "K": 61, "N_S": 34045, "stab": 1, "n_chi": 34045, "nrows": 82165, "nnz": 309774, "nfixed": 0, "build_secs": 0.6, "build_hwm_gb": 0.07, "route": "hybrid", "h_pad": 152, "seeds": {"det": 11, "red": 29, "per4": 47, "hybrid": 20260908}, "bound": 40, "primes": [2147483647, 2147483629], "n_red": 24051, "cover_E": {"size": 33931, "order": "reversed", "stats": {"natural": 32876, "reversed": 33931, "fill_asc": 28558, "fill_desc": 28044, "random": 23154}, "n_chi": 34045, "a": 53, "excess": 61, "certified_rank_lb": 33931}, "cover_Ered": {"size": 23970, "order": "reversed", "stats": {"natural": 23668, "reversed": 23970, "fill_asc": 21322, "fill_desc": 20995, "random": 17625}, "n_red": 24051, "certified": false}, "sieve_secs": 0.1, "pred_mem_x_bytes": 15472536, "primes_concurrent": true, "per_prime": {"2147483647": {"sides": {"det": {"mult": 53, "nullity": 0, "instrument": "hybrid kernel + det evaluation rows"}, "per4": {"mult": 53, "nullity": 0, "instrument": "hybrid kernel + per4 evaluation rows"}, "red_pts": {"mult": 53, "nullity": 0, "instrument": "hybrid kernel + red_pts evaluation rows"}, "red_star": {"mult": 53, "nullity": 0, "instrument": "hybrid kernel + (star)"}}, "hybrid": {"nS": 33931, "nU": 114, "excess": 61, "nnzT": 93090, "rows_other": 48234, "order": "reversed", "cover_stats": {"natural": 32876, "reversed": 33931, "fill_asc": 28558, "fill_desc": 28044, "random": 23154}, "attempts": [{"attempt": 0, "m": 178, "nproj": 8, "projected_nullity": 53, "verified": true, "rank": 53, "secs": {"split": 0.1, "trisolve": 0.1, "schur": 0.2, "nullspace": 0.0, "lift_verify": 0.7}}], "secs": 1.3}, "ev_secs": 1.9, "rank_secs": 1.1, "secs": 4.3, "hwm_gb": 0.23}, "2147483629": {"sides": {"det": {"mult": 53, "nullity": 0, "instrument": "hybrid kernel + det evaluation rows"}, "per4": {"mult": 53, "nullity": 0, "instrument": "hybrid kernel + per4 evaluation rows"}, "red_pts": {"mult": 53, "nullity": 0, "instrument": "hybrid kernel + red_pts evaluation rows"}, "red_star": {"mult": 53, "nullity": 0, "instrument": "hybrid kernel + (star)"}}, "hybrid": {"nS": 33931, "nU": 114, "excess": 61, "nnzT": 93090, "rows_other": 48234, "order": "reversed", "cover_stats": {"natural": 32876, "reversed": 33931, "fill_asc": 28558, "fill_desc": 28044, "random": 23154}, "attempts": [{"attempt": 0, "m": 178, "nproj": 8, "projected_nullity": 53, "verified": true, "rank": 53, "secs": {"split": 0.1, "trisolve": 0.1, "schur": 0.2, "nullspace": 0.0, "lift_verify": 0.6}}], "secs": 1.1}, "ev_secs": 1.9, "rank_secs": 1.3, "secs": 4.2, "hwm_gb": 0.23}}, "sides": {"det": {"mult": 53, "per_prime": {"2147483647": 53, "2147483629": 53}, "primes_agree": true, "instrument": "hybrid kernel + det evaluation rows", "status": "proved (full rank at both primes: mult = a over Q)"}, "per4": {"mult": 53, "per_prime": {"2147483647": 53, "2147483629": 53}, "primes_agree": true, "instrument": "hybrid kernel + per4 evaluation rows", "status": "proved (full rank at both primes: mult = a over Q)"}, "red_star": {"mult": 53, "per_prime": {"2147483647": 53, "2147483629": 53}, "primes_agree": true, "instrument": "hybrid kernel + (star)", "status": "proved (full rank at both primes: mult = a over Q)"}, "red_pts": {"mult": 53, "per_prime": {"2147483647": 53, "2147483629": 53}, "primes_agree": true, "instrument": "hybrid kernel + red_pts evaluation rows", "status": "proved (full rank at both primes: mult = a over Q)"}}, "mult_det": 53, "mult_per4": 53, "mult_red_star": 53, "mult_red_pts": 53, "mult_red": 53, "star_eq_pts": true, "i_det": 0, "i_red": 0, "i_per4": 0, "D": 0, "refute": false, "halt": false, "ok": true, "secs": 5.1, "hwm_gb": 0.23, "certs": [["results/certs/s71/25_7_5_2_1_d10_hybrid_p2147483647.json.gz", 20746], ["results/certs/s71/25_7_5_2_1_d10_hybrid_p2147483629.json.gz", 20746]]}
