01:20:03 sweep: 976 cells in queue, 0 done; deadline 2026-09-08T12:00:00+00:00; constants {'c_b': 2.1e-06, 'rho': 10.0, 'c_c': 1e-07, 'c_h': 8e-08, 'c_v': 2e-08, 'f': 0.013, 'c_e': 2.7e-08, 'c_r': 1e-09}
01:20:03 rank 1/976 [37, 13, 4, 1, 1] d14: a=71 n_chi~13252 predicted 7s (prior 2.9s), bound 1200s, mem 0.01 GB
01:20:08   RESULT a=71 n_chi=13252 |U|=79 i_det=0 i_red=0 i_per4=0 D=0 (4.5s, pred 7s)
01:20:08 rank 2/976 [29, 9, 3, 2, 1] d11: a=37 n_chi~18207 predicted 5s (prior 2.9s), bound 1200s, mem 0.02 GB
01:20:10   RESULT a=37 n_chi=18207 |U|=51 i_det=0 i_red=0 i_per4=0 D=0 (2.1s, pred 5s)
01:20:10 rank 3/976 [26, 7, 4, 2, 1] d10: a=37 n_chi~18348 predicted 5s (prior 3.0s), bound 1200s, mem 0.02 GB
01:20:13   RESULT a=37 n_chi=18348 |U|=60 i_det=0 i_red=0 i_per4=0 D=0 (2.0s, pred 5s)
01:20:13 rank 4/976 [25, 6, 6, 2, 1] d10: a=23 n_chi~18738 predicted 6s (prior 3.0s), bound 1200s, mem 0.02 GB
01:20:16   RESULT a=23 n_chi=18738 |U|=36 i_det=0 i_red=0 i_per4=0 D=0 (2.4s, pred 6s)
01:20:16 rank 5/976 [22, 6, 5, 2, 1] d9: a=24 n_chi~21093 predicted 6s (prior 3.3s), bound 1200s, mem 0.03 GB
01:20:18   RESULT a=24 n_chi=21093 |U|=70 i_det=0 i_red=0 i_per4=0 D=0 (1.8s, pred 6s)
01:20:18 rank 6/976 [34, 11, 5, 1, 1] d13: a=82 n_chi~15560 predicted 9s (prior 3.7s), bound 1200s, mem 0.02 GB
01:20:24   RESULT a=82 n_chi=15560 |U|=104 i_det=0 i_red=0 i_per4=0 D=0 (5.4s, pred 9s)
01:20:24 rank 7/976 [44, 15, 2, 2, 1] d16: a=54 n_chi~18189 predicted 8s (prior 3.8s), bound 1200s, mem 0.02 GB
01:20:29   RESULT a=54 n_chi=18189 |U|=54 i_det=0 i_red=0 i_per4=0 D=0 (4.5s, pred 8s)
01:20:29 rank 8/976 [26, 6, 4, 2, 2] d10: a=31 n_chi~21151 predicted 8s (prior 3.8s), bound 1200s, mem 0.03 GB
01:20:33   RESULT a=31 n_chi=21151 |U|=57 i_det=0 i_red=0 i_per4=0 D=0 (2.9s, pred 8s)
01:20:33 rank 9/976 [40, 14, 4, 1, 1] d15: a=82 n_chi~16689 predicted 11s (prior 4.2s), bound 1200s, mem 0.02 GB
01:20:39   RESULT a=82 n_chi=16689 |U|=90 i_det=0 i_red=0 i_per4=0 D=0 (5.9s, pred 11s)
01:20:39 rank 10/976 [28, 9, 3, 3, 1] d11: a=31 n_chi~21942 predicted 9s (prior 4.2s), bound 1200s, mem 0.03 GB
01:20:43   RESULT a=31 n_chi=21942 |U|=44 i_det=0 i_red=0 i_per4=0 D=0 (3.6s, pred 9s)
01:20:43 rank 11/976 [45, 13, 2, 2, 2] d16: a=62 n_chi~16065 predicted 13s (prior 4.4s), bound 1200s, mem 0.02 GB
01:20:54   RESULT a=62 n_chi=16065 |U|=62 i_det=0 i_red=0 i_per4=0 D=0 (9.7s, pred 13s)
01:20:54 rank 12/976 [29, 8, 3, 2, 2] d11: a=35 n_chi~23425 predicted 9s (prior 4.7s), bound 1200s, mem 0.03 GB
01:20:58   RESULT a=35 n_chi=23425 |U|=56 i_det=0 i_red=0 i_per4=0 D=0 (3.7s, pred 9s)
01:20:58 rank 13/976 [30, 10, 6, 1, 1] d12: a=82 n_chi~20229 predicted 12s (prior 5.2s), bound 1200s, mem 0.03 GB
01:21:05   RESULT a=82 n_chi=20229 |U|=136 i_det=0 i_red=0 i_per4=0 D=0 (6.2s, pred 12s)
01:21:05 rank 14/976 [47, 16, 2, 2, 1] d17: a=64 n_chi~22050 predicted 12s (prior 5.4s), bound 1200s, mem 0.03 GB
01:21:12   RESULT a=64 n_chi=22050 |U|=64 i_det=0 i_red=0 i_per4=0 D=0 (6.6s, pred 12s)
01:21:12 rank 15/976 [32, 10, 3, 2, 1] d12: a=53 n_chi~25052 predicted 10s (prior 5.4s), bound 1200s, mem 0.04 GB
01:21:17   RESULT a=53 n_chi=25052 |U|=70 i_det=0 i_red=0 i_per4=0 D=0 (3.8s, pred 10s)
01:21:17 rank 16/976 [22, 6, 4, 3, 1] d9: a=22 n_chi~28482 predicted 10s (prior 5.5s), bound 1200s, mem 0.04 GB
01:21:19   RESULT a=22 n_chi=28482 |U|=81 i_det=0 i_red=0 i_per4=0 D=0 (2.2s, pred 10s)
01:21:19 rank 17/976 [37, 12, 5, 1, 1] d14: a=106 n_chi~20567 predicted 16s (prior 6.1s), bound 1200s, mem 0.03 GB
01:21:29   RESULT a=106 n_chi=20567 |U|=130 i_det=0 i_red=0 i_per4=0 D=0 (8.5s, pred 16s)
01:21:29 rank 18/976 [43, 15, 4, 1, 1] d16: a=107 n_chi~20723 predicted 18s (prior 6.3s), bound 1200s, mem 0.03 GB
01:21:39   RESULT a=107 n_chi=20723 |U|=116 i_det=0 i_red=1 i_per4=0 D=-1 (9.7s, pred 18s)
01:21:39 rank 19/976 [30, 9, 7, 1, 1] d12: a=76 n_chi~23928 predicted 15s (prior 6.4s), bound 1200s, mem 0.04 GB
01:21:47   RESULT a=76 n_chi=23928 |U|=169 i_det=0 i_red=0 i_per4=0 D=0 (7.4s, pred 15s)
01:21:47 rank 20/976 [48, 14, 2, 2, 2] d17: a=82 n_chi~20175 predicted 21s (prior 6.6s), bound 1200s, mem 0.03 GB
01:22:03   RESULT a=82 n_chi=20175 |U|=82 i_det=0 i_red=0 i_per4=0 D=0 (15.0s, pred 21s)
01:22:03 rank 21/976 [29, 8, 4, 2, 1] d11: a=63 n_chi~27509 predicted 12s (prior 6.6s), bound 1200s, mem 0.05 GB
01:22:08   RESULT a=63 n_chi=27509 |U|=92 i_det=0 i_red=0 i_per4=0 D=0 (4.6s, pred 12s)
01:22:08 rank 22/976 [21, 4, 4, 4, 3] d9: a=6 n_chi~29036 predicted 14s (prior 6.9s), bound 1200s, mem 0.04 GB
01:22:14   RESULT a=6 n_chi=29036 |U|=17 i_det=0 i_red=0 i_per4=0 D=0 (5.7s, pred 14s)
01:22:15 rank 23/976 [21, 5, 5, 4, 1] d9: a=10 n_chi~32425 predicted 14s (prior 6.9s), bound 1200s, mem 0.06 GB
01:22:18   RESULT a=10 n_chi=32425 |U|=52 i_det=0 i_red=0 i_per4=0 D=0 (2.8s, pred 14s)
01:22:18 rank 24/976 [21, 7, 3, 3, 2] d9: a=12 n_chi~32893 predicted 14s (prior 7.1s), bound 1200s, mem 0.06 GB
01:22:22   RESULT a=12 n_chi=32893 |U|=51 i_det=0 i_red=0 i_per4=0 D=0 (2.9s, pred 14s)
01:22:23 rank 25/976 [50, 17, 2, 2, 1] d18: a=74 n_chi~26422 predicted 17s (prior 7.4s), bound 1200s, mem 0.04 GB
01:22:32   RESULT a=74 n_chi=26422 |U|=74 i_det=0 i_red=0 i_per4=0 D=0 (8.6s, pred 17s)
01:22:32 rank 26/976 [25, 6, 4, 4, 1] d10: a=31 n_chi~32215 predicted 15s (prior 7.7s), bound 1200s, mem 0.06 GB
01:22:37   RESULT a=31 n_chi=32215 |U|=69 i_det=0 i_red=0 i_per4=0 D=0 (4.6s, pred 15s)
01:22:37 rank 27/976 [31, 10, 3, 3, 1] d12: a=45 n_chi~30701 predicted 17s (prior 7.8s), bound 1200s, mem 0.05 GB
01:22:44   RESULT a=45 n_chi=30701 |U|=67 i_det=0 i_red=0 i_per4=0 D=0 (6.2s, pred 17s)
01:22:44 rank 28/976 [46, 16, 4, 1, 1] d17: a=120 n_chi~25336 predicted 25s (prior 8.8s), bound 1200s, mem 0.05 GB
01:22:58   RESULT a=120 n_chi=25336 |U|=131 i_det=0 i_red=0 i_per4=0 D=0 (13.2s, pred 25s)
01:22:58 rank 29/976 [25, 7, 5, 2, 1] d10: a=53 n_chi~34045 predicted 17s (prior 8.8s), bound 1200s, mem 0.07 GB
01:23:03   RESULT a=53 n_chi=34045 |U|=114 i_det=0 i_red=0 i_per4=0 D=0 (5.1s, pred 17s)
01:23:04 rank 30/976 [29, 7, 4, 2, 2] d11: a=48 n_chi~33711 predicted 18s (prior 9.0s), bound 1200s, mem 0.07 GB
01:23:10   RESULT a=48 n_chi=33711 |U|=86 i_det=0 i_red=0 i_per4=0 D=0 (6.2s, pred 18s)
01:23:10 rank 31/976 [51, 15, 2, 2, 2] d18: a=90 n_chi~24858 predicted 30s (prior 9.1s), bound 1200s, mem 0.04 GB
01:23:31   RESULT a=90 n_chi=24858 |U|=90 i_det=0 i_red=0 i_per4=0 D=0 (20.5s, pred 30s)
01:23:32 rank 32/976 [32, 9, 9, 1, 1] d13: a=60 n_chi~28199 predicted 25s (prior 9.1s), bound 1200s, mem 0.05 GB
01:23:45   RESULT a=60 n_chi=28199 |U|=95 i_det=0 i_red=3 i_per4=0 D=-3 (12.7s, pred 25s)
01:23:45 rank 33/976 [32, 9, 3, 2, 2] d12: a=50 n_chi~33684 predicted 19s (prior 9.1s), bound 1200s, mem 0.07 GB
01:23:52   RESULT a=50 n_chi=33684 |U|=80 i_det=0 i_red=0 i_per4=0 D=0 (6.7s, pred 19s)
01:23:52 rank 34/976 [35, 11, 3, 2, 1] d13: a=72 n_chi~33467 predicted 19s (prior 9.5s), bound 1200s, mem 0.07 GB
01:23:59   RESULT a=72 n_chi=33467 |U|=93 i_det=0 i_red=0 i_per4=0 D=0 (6.4s, pred 19s)
01:23:59 rank 35/976 [40, 13, 5, 1, 1] d15: a=142 n_chi~26605 predicted 28s (prior 9.9s), bound 1200s, mem 0.05 GB
01:24:15   RESULT a=142 n_chi=26605 |U|=167 i_det=0 i_red=0 i_per4=0 D=0 (15.2s, pred 28s)
01:24:15 rank 36/976 [33, 11, 6, 1, 1] d13: a=131 n_chi~27825 predicted 26s (prior 9.9s), bound 1200s, mem 0.05 GB
01:24:29   RESULT a=131 n_chi=27825 |U|=189 i_det=0 i_red=0 i_per4=0 D=0 (13.0s, pred 26s)
01:24:29 rank 37/976 [54, 16, 2, 2, 2] d19: a=113 n_chi~23402 predicted 41s (prior 10.1s), bound 1200s, mem 0.04 GB
01:25:03   RESULT a=113 n_chi=30344 |U|=113 i_det=0 i_red=0 i_per4=0 D=0 (32.9s, pred 41s)
01:25:03 rank 38/976 [28, 6, 6, 2, 2] d11: a=43 n_chi~35612 predicted 24s (prior 10.7s), bound 1200s, mem 0.07 GB
01:25:14   RESULT a=43 n_chi=35612 |U|=61 i_det=0 i_red=0 i_per4=0 D=0 (10.2s, pred 24s)
01:25:14 rank 39/976 [25, 6, 5, 2, 2] d10: a=33 n_chi~39423 predicted 22s (prior 10.8s), bound 1200s, mem 0.09 GB
01:25:20   RESULT a=33 n_chi=39423 |U|=103 i_det=0 i_red=0 i_per4=0 D=0 (5.9s, pred 22s)
01:25:20 rank 40/976 [19, 8, 3, 3, 3] d9: a=4 n_chi~37768 predicted 22s (prior 11.1s), bound 1200s, mem 0.07 GB
01:25:29   RESULT a=4 n_chi=37768 |U|=18 i_det=0 i_red=0 i_per4=0 D=0 (7.9s, pred 22s)
01:25:29 rank 41/976 [29, 9, 8, 1, 1] d12: a=71 n_chi~36913 predicted 27s (prior 12.1s), bound 1200s, mem 0.08 GB
01:25:40   RESULT a=71 n_chi=36913 |U|=247 i_det=0 i_red=2 i_per4=0 D=-2 (10.1s, pred 27s)
01:25:40 rank 42/976 [49, 17, 4, 1, 1] d18: a=150 n_chi~30639 predicted 39s (prior 12.7s), bound 1200s, mem 0.07 GB
01:26:00   RESULT a=150 n_chi=30639 |U|=161 i_det=0 i_red=1 i_per4=0 D=-1 (20.2s, pred 39s)
01:26:01 rank 43/976 [33, 10, 7, 1, 1] d13: a=122 n_chi~34208 predicted 33s (prior 12.9s), bound 1200s, mem 0.08 GB
01:26:16   RESULT a=122 n_chi=34208 |U|=232 i_det=0 i_red=0 i_per4=0 D=0 (15.1s, pred 33s)
01:26:16 rank 44/976 [57, 17, 2, 2, 2] d20: a=122 n_chi~28222 predicted 56s (prior 13.5s), bound 1200s, mem 0.06 GB
01:27:03   RESULT a=122 n_chi=36488 |U|=122 i_det=0 i_red=0 i_per4=0 D=0 (46.2s, pred 56s)
01:27:03 rank 45/976 [32, 9, 4, 2, 1] d12: a=96 n_chi~39549 predicted 26s (prior 13.5s), bound 1200s, mem 0.10 GB
01:27:14   RESULT a=96 n_chi=39549 |U|=134 i_det=0 i_red=0 i_per4=0 D=0 (9.7s, pred 26s)
01:27:14 rank 46/976 [34, 11, 3, 3, 1] d13: a=66 n_chi~41653 predicted 31s (prior 14.1s), bound 1200s, mem 0.10 GB
01:27:26   RESULT a=66 n_chi=41653 |U|=90 i_det=0 i_red=0 i_per4=0 D=0 (11.7s, pred 31s)
01:27:26 rank 47/976 [25, 7, 4, 3, 1] d10: a=48 n_chi~46049 predicted 28s (prior 14.4s), bound 1200s, mem 0.12 GB
01:27:33   RESULT a=48 n_chi=46049 |U|=137 i_det=0 i_red=0 i_per4=0 D=0 (6.5s, pred 28s)
01:27:34 rank 48/976 [43, 14, 5, 1, 1] d16: a=176 n_chi~33767 predicted 46s (prior 15.3s), bound 1200s, mem 0.08 GB
01:27:59   RESULT a=176 n_chi=33767 |U|=207 i_det=0 i_red=0 i_per4=0 D=0 (24.1s, pred 46s)
01:27:59 rank 49/976 [24, 6, 6, 3, 1] d10: a=34 n_chi~47788 predicted 31s (prior 15.3s), bound 1200s, mem 0.13 GB
01:28:07   RESULT a=34 n_chi=47788 |U|=89 i_det=0 i_red=0 i_per4=0 D=0 (8.3s, pred 31s)
01:28:08 rank 50/976 [21, 5, 5, 3, 2] d9: a=10 n_chi~51282 predicted 31s (prior 15.7s), bound 1200s, mem 0.14 GB
01:28:13   RESULT a=10 n_chi=51282 |U|=55 i_det=0 i_red=0 i_per4=0 D=0 (4.5s, pred 31s)
01:28:13 rank 51/976 [38, 12, 3, 2, 1] d14: a=93 n_chi~43714 predicted 32s (prior 15.8s), bound 1200s, mem 0.12 GB
01:28:24   RESULT a=93 n_chi=43714 |U|=120 i_det=0 i_red=0 i_per4=0 D=0 (10.8s, pred 32s)
01:28:24 rank 52/976 [27, 7, 7, 2, 1] d11: a=52 n_chi~47797 predicted 34s (prior 16.5s), bound 1200s, mem 0.13 GB
01:28:35   RESULT a=52 n_chi=47797 |U|=95 i_det=0 i_red=0 i_per4=0 D=0 (10.7s, pred 34s)
01:28:36 rank 53/976 [24, 8, 3, 3, 2] d10: a=21 n_chi~51377 predicted 34s (prior 16.6s), bound 1200s, mem 0.14 GB
01:28:42   RESULT a=21 n_chi=51377 |U|=76 i_det=0 i_red=0 i_per4=0 D=0 (6.4s, pred 34s)
01:28:43 rank 54/976 [36, 12, 6, 1, 1] d14: a=171 n_chi~37180 predicted 47s (prior 17.0s), bound 1200s, mem 0.10 GB
01:29:06   RESULT a=171 n_chi=37180 |U|=238 i_det=0 i_red=0 i_per4=0 D=0 (23.1s, pred 47s)
01:29:07 rank 55/976 [35, 10, 3, 2, 2] d13: a=75 n_chi~46847 predicted 37s (prior 17.3s), bound 1200s, mem 0.13 GB
01:29:21   RESULT a=75 n_chi=46847 |U|=110 i_det=0 i_red=0 i_per4=0 D=0 (13.4s, pred 37s)
01:29:21 rank 56/976 [22, 5, 4, 3, 2] d9: a=12 n_chi~56084 predicted 36s (prior 17.9s), bound 1200s, mem 0.17 GB
01:29:24   RESULT a=12 n_chi=56084 |U|=97 i_det=0 i_red=0 i_per4=0 D=0 (3.4s, pred 36s)
01:29:25 rank 57/976 [25, 6, 5, 3, 1] d10: a=33 n_chi~54935 predicted 37s (prior 18.6s), bound 1200s, mem 0.16 GB
01:29:31   RESULT a=33 n_chi=54935 |U|=159 i_det=0 i_red=0 i_per4=0 D=0 (5.7s, pred 37s)
01:29:31 rank 58/976 [28, 7, 4, 4, 1] d11: a=58 n_chi~52510 predicted 41s (prior 19.7s), bound 1200s, mem 0.16 GB
01:29:44   RESULT a=58 n_chi=52510 |U|=116 i_det=0 i_red=0 i_per4=0 D=0 (12.4s, pred 41s)
01:29:44 rank 59/976 [32, 8, 4, 2, 2] d12: a=92 n_chi~51289 predicted 45s (prior 21.0s), bound 1200s, mem 0.16 GB
01:30:01   RESULT a=92 n_chi=51289 |U|=146 i_det=0 i_red=0 i_per4=0 D=0 (16.5s, pred 45s)
01:30:01 rank 60/976 [28, 8, 5, 2, 1] d11: a=99 n_chi~52033 predicted 41s (prior 21.1s), bound 1200s, mem 0.16 GB
01:30:14   RESULT a=99 n_chi=52033 |U|=183 i_det=0 i_red=0 i_per4=0 D=0 (12.5s, pred 41s)
01:30:14 rank 61/976 [17, 5, 4, 3, 3] d8: a=4 n_chi~61253 predicted 43s (prior 21.2s), bound 1200s, mem 0.20 GB
01:30:20   RESULT a=4 n_chi=61253 |U|=62 i_det=0 i_red=0 i_per4=0 D=0 (4.2s, pred 43s)
01:30:20 rank 62/976 [46, 15, 5, 1, 1] d17: a=220 n_chi~42169 predicted 73s (prior 23.3s), bound 1200s, mem 0.13 GB
01:30:58   RESULT a=220 n_chi=42169 |U|=253 i_det=0 i_red=1 i_per4=0 D=-1 (37.6s, pred 73s)
01:30:58 rank 63/976 [37, 12, 3, 3, 1] d14: a=87 n_chi~55088 predicted 54s (prior 23.9s), bound 1200s, mem 0.18 GB
01:31:19   RESULT a=87 n_chi=55088 |U|=116 i_det=0 i_red=0 i_per4=0 D=0 (20.0s, pred 54s)
01:31:19 rank 64/976 [28, 7, 6, 2, 1] d11: a=66 n_chi~60022 predicted 48s (prior 24.4s), bound 1200s, mem 0.20 GB
01:31:31   RESULT a=66 n_chi=60022 |U|=207 i_det=0 i_red=0 i_per4=0 D=0 (11.1s, pred 48s)
01:31:31 rank 65/976 [25, 5, 4, 4, 2] d10: a=20 n_chi~63749 predicted 49s (prior 24.4s), bound 1200s, mem 0.22 GB
01:31:39   RESULT a=20 n_chi=63749 |U|=75 i_det=0 i_red=0 i_per4=0 D=0 (7.6s, pred 49s)
01:31:39 rank 66/976 [22, 9, 3, 3, 3] d10: a=13 n_chi~59577 predicted 53s (prior 25.2s), bound 1200s, mem 0.19 GB
01:31:58   RESULT a=13 n_chi=59577 |U|=30 i_det=0 i_red=0 i_per4=0 D=0 (18.6s, pred 53s)
01:31:58 rank 67/976 [36, 11, 7, 1, 1] d14: a=195 n_chi~47344 predicted 70s (prior 25.3s), bound 1200s, mem 0.15 GB
01:32:34   RESULT a=195 n_chi=47344 |U|=323 i_det=0 i_red=0 i_per4=0 D=0 (35.0s, pred 70s)
01:32:34 rank 68/976 [41, 13, 3, 2, 1] d15: a=118 n_chi~55896 predicted 52s (prior 25.4s), bound 1200s, mem 0.19 GB
01:32:55   RESULT a=118 n_chi=55896 |U|=150 i_det=0 i_red=0 i_per4=0 D=0 (20.2s, pred 52s)
01:32:55 rank 69/976 [20, 5, 5, 3, 3] d9: a=8 n_chi~64258 predicted 52s (prior 25.5s), bound 1200s, mem 0.22 GB
01:33:05   RESULT a=8 n_chi=64258 |U|=47 i_det=0 i_red=0 i_per4=0 D=0 (10.1s, pred 52s)
01:33:06 rank 70/976 [32, 10, 8, 1, 1] d13: a=128 n_chi~53553 predicted 63s (prior 25.8s), bound 1200s, mem 0.18 GB
01:33:33   RESULT a=128 n_chi=53553 |U|=347 i_det=0 i_red=1 i_per4=0 D=-1 (27.3s, pred 63s)
01:33:34 rank 71/976 [35, 10, 4, 2, 1] d13: a=139 n_chi~54977 predicted 53s (prior 25.9s), bound 1200s, mem 0.19 GB
01:33:54   RESULT a=139 n_chi=54977 |U|=185 i_det=0 i_red=0 i_per4=0 D=0 (19.5s, pred 53s)
01:33:54 rank 72/976 [28, 7, 5, 2, 2] d11: a=63 n_chi~64235 predicted 58s (prior 28.1s), bound 1200s, mem 0.23 GB
01:34:10   RESULT a=63 n_chi=64235 |U|=171 i_det=0 i_red=0 i_per4=0 D=0 (16.0s, pred 58s)
01:34:11 rank 73/976 [19, 5, 5, 5, 2] d9: a=3 n_chi~67339 predicted 59s (prior 29.2s), bound 1200s, mem 0.24 GB
01:34:27   RESULT a=3 n_chi=67339 |U|=26 i_det=0 i_red=0 i_per4=0 D=0 (15.2s, pred 59s)
01:34:27 rank 74/976 [39, 13, 6, 1, 1] d15: a=242 n_chi~48605 predicted 88s (prior 29.3s), bound 1200s, mem 0.17 GB
01:34:27   not reached (rc 1, 0s of 1200s)
01:34:27 rank 75/976 [34, 10, 10, 1, 1] d14: a=83 n_chi~58940 predicted 83s (prior 30.2s), bound 1200s, mem 0.20 GB
01:34:28   not reached (rc 1, 0s of 1200s)
01:34:28 rank 76/976 [38, 11, 3, 2, 2] d14: a=100 n_chi~63253 predicted 68s (prior 30.7s), bound 1200s, mem 0.23 GB
01:34:28   not reached (rc 1, 0s of 1200s)
01:34:28 rank 77/976 [28, 8, 4, 3, 1] d11: a=81 n_chi~70486 predicted 66s (prior 33.6s), bound 1200s, mem 0.28 GB
01:34:29   not reached (rc 1, 0s of 1200s)
01:34:29 rank 78/976 [49, 16, 5, 1, 1] d18: a=264 n_chi~51905 predicted 113s (prior 34.1s), bound 1200s, mem 0.19 GB
01:34:29   not reached (rc 1, 0s of 1200s)
01:34:29 rank 79/976 [27, 9, 3, 3, 2] d11: a=40 n_chi~76256 predicted 75s (prior 36.1s), bound 1200s, mem 0.31 GB
01:34:30   not reached (rc 1, 0s of 1200s)
01:34:30 rank 80/976 [44, 14, 3, 2, 1] d16: a=146 n_chi~70272 predicted 83s (prior 39.4s), bound 1200s, mem 0.30 GB
01:34:30   not reached (rc 1, 0s of 1200s)
01:34:30 rank 81/976 [40, 13, 3, 3, 1] d15: a=116 n_chi~71276 predicted 92s (prior 39.4s), bound 1200s, mem 0.30 GB
01:34:31   not reached (rc 1, 0s of 1200s)
01:34:31 rank 82/976 [35, 9, 4, 2, 2] d13: a=130 n_chi~74576 predicted 96s (prior 42.9s), bound 1200s, mem 0.33 GB
01:34:31   not reached (rc 1, 0s of 1200s)
01:34:31 rank 83/976 [39, 12, 7, 1, 1] d15: a=270 n_chi~63746 predicted 135s (prior 45.3s), bound 1353s, mem 0.28 GB
01:34:32   not reached (rc 1, 0s of 1353s)
01:34:32 rank 84/976 [31, 9, 5, 2, 1] d12: a=160 n_chi~75978 predicted 93s (prior 45.6s), bound 1200s, mem 0.35 GB
01:34:32   not reached (rc 1, 0s of 1200s)
01:34:32 rank 85/976 [42, 14, 6, 1, 1] d16: a=300 n_chi~62215 predicted 147s (prior 46.3s), bound 1468s, mem 0.28 GB
01:34:33   not reached (rc 1, 0s of 1468s)
01:34:33 rank 86/976 [31, 8, 4, 4, 1] d12: a=104 n_chi~81143 predicted 101s (prior 46.7s), bound 1200s, mem 0.38 GB
01:34:33   not reached (rc 1, 0s of 1200s)
01:34:33 rank 87/976 [38, 11, 4, 2, 1] d14: a=191 n_chi~74217 predicted 99s (prior 46.9s), bound 1200s, mem 0.34 GB
01:34:34   not reached (rc 1, 0s of 1200s)
01:34:34 rank 88/976 [28, 7, 5, 3, 1] d11: a=83 n_chi~89664 predicted 103s (prior 51.5s), bound 1200s, mem 0.45 GB
01:34:34   not reached (rc 1, 0s of 1200s)
01:34:34 rank 89/976 [25, 10, 3, 3, 3] d11: a=19 n_chi~88436 predicted 111s (prior 51.7s), bound 1200s, mem 0.41 GB
01:34:35   not reached (rc 1, 0s of 1200s)
01:34:35 rank 90/976 [35, 10, 9, 1, 1] d14: a=137 n_chi~82004 predicted 127s (prior 52.4s), bound 1274s, mem 0.39 GB
01:34:35   not reached (rc 1, 0s of 1274s)
01:34:35 rank 91/976 [41, 12, 3, 2, 2] d15: a=135 n_chi~83389 predicted 120s (prior 52.6s), bound 1203s, mem 0.41 GB
01:34:36   not reached (rc 1, 0s of 1203s)
01:34:36 rank 92/976 [35, 11, 8, 1, 1] d14: a=234 n_chi~75091 predicted 148s (prior 54.1s), bound 1483s, mem 0.36 GB
01:34:36   not reached (rc 1, 0s of 1483s)
01:34:36 rank 93/976 [25, 6, 4, 3, 2] d10: a=33 n_chi~98708 predicted 111s (prior 55.1s), bound 1200s, mem 0.52 GB
01:34:37   not reached (rc 1, 0s of 1200s)
01:34:37 rank 94/976 [30, 7, 7, 2, 2] d12: a=52 n_chi~93204 predicted 126s (prior 56.5s), bound 1259s, mem 0.47 GB
01:34:37   not reached (rc 1, 0s of 1259s)
01:34:37 rank 95/976 [47, 15, 3, 2, 1] d17: a=176 n_chi~86952 predicted 128s (prior 59.3s), bound 1279s, mem 0.45 GB
01:34:38   not reached (rc 1, 0s of 1279s)
01:34:38 rank 96/976 [31, 8, 6, 2, 1] d12: a=141 n_chi~92555 predicted 124s (prior 61.1s), bound 1241s, mem 0.50 GB
01:34:38   not reached (rc 1, 0s of 1241s)
01:34:38 rank 97/976 [43, 14, 3, 3, 1] d16: a=145 n_chi~90495 predicted 149s (prior 62.1s), bound 1486s, mem 0.48 GB
01:34:39   not reached (rc 1, 0s of 1486s)
01:34:39 rank 98/976 [31, 8, 5, 2, 2] d12: a=133 n_chi~99251 predicted 152s (prior 69.4s), bound 1515s, mem 0.57 GB
01:34:39   not reached (rc 1, 0s of 1515s)
01:34:39 rank 99/976 [23, 6, 5, 5, 1] d10: a=20 n_chi~112765 predicted 145s (prior 70.8s), bound 1452s, mem 0.67 GB
01:34:40   not reached (rc 1, 0s of 1452s)
01:34:40 rank 100/976 [30, 10, 3, 3, 2] d12: a=58 n_chi~108552 predicted 151s (prior 71.6s), bound 1508s, mem 0.64 GB
01:34:40   not reached (rc 1, 0s of 1508s)
01:34:40 rank 101/976 [27, 6, 6, 4, 1] d11: a=59 n_chi~109205 predicted 150s (prior 72.0s), bound 1502s, mem 0.65 GB
01:34:41   not reached (rc 1, 0s of 1502s)
01:34:41 rank 102/976 [31, 9, 4, 3, 1] d12: a=135 n_chi~103087 predicted 148s (prior 72.7s), bound 1478s, mem 0.61 GB
01:34:41   not reached (rc 1, 0s of 1478s)
01:34:41 rank 103/976 [45, 15, 6, 1, 1] d17: a=393 n_chi~78348 predicted 252s (prior 73.6s), bound 2521s, mem 0.44 GB
01:34:42   not reached (rc 1, 0s of 2521s)
01:34:42 rank 104/976 [20, 6, 4, 3, 3] d9: a=10 n_chi~116560 predicted 151s (prior 73.8s), bound 1508s, mem 0.71 GB
01:34:42   not reached (rc 1, 0s of 1508s)
01:34:42 rank 105/976 [24, 5, 5, 4, 2] d10: a=13 n_chi~117736 predicted 155s (prior 75.9s), bound 1554s, mem 0.73 GB
01:34:43   not reached (rc 1, 0s of 1554s)
01:34:43 rank 106/976 [28, 6, 4, 4, 2] d11: a=56 n_chi~113410 predicted 160s (prior 76.7s), bound 1596s, mem 0.69 GB
01:34:43   not reached (rc 1, 0s of 1596s)
01:34:43 rank 107/976 [42, 13, 7, 1, 1] d16: a=379 n_chi~83864 predicted 259s (prior 79.4s), bound 2586s, mem 0.49 GB
01:34:43   not reached (rc 1, 0s of 2586s)
01:34:44 rank 108/976 [24, 6, 5, 4, 1] d10: a=45 n_chi~119210 predicted 162s (prior 80.5s), bound 1622s, mem 0.76 GB
01:34:44   not reached (rc 1, 0s of 1622s)
01:34:44 rank 109/976 [41, 12, 4, 2, 1] d15: a=253 n_chi~97814 predicted 178s (prior 80.7s), bound 1782s, mem 0.60 GB
01:34:44   not reached (rc 1, 0s of 1782s)
01:34:45 rank 110/976 [31, 7, 6, 2, 2] d12: a=90 n_chi~114719 predicted 176s (prior 83.2s), bound 1764s, mem 0.73 GB
01:34:45   not reached (rc 1, 0s of 1764s)
01:34:45 rank 111/976 [44, 13, 3, 2, 2] d16: a=169 n_chi~107592 predicted 201s (prior 85.5s), bound 2009s, mem 0.67 GB
01:34:45   not reached (rc 1, 0s of 2009s)
01:34:46 rank 112/976 [38, 10, 4, 2, 2] d14: a=204 n_chi~104996 predicted 203s (prior 85.9s), bound 2025s, mem 0.66 GB
01:34:46   not reached (rc 1, 0s of 2025s)
01:34:46 rank 113/976 [50, 16, 3, 2, 1] d18: a=210 n_chi~106207 predicted 193s (prior 87.1s), bound 1925s, mem 0.68 GB
01:34:47   not reached (rc 1, 0s of 1925s)
01:34:47 rank 114/976 [34, 10, 5, 2, 1] d13: a=245 n_chi~107083 predicted 197s (prior 92.0s), bound 1973s, mem 0.70 GB
01:34:47   not reached (rc 1, 0s of 1973s)
01:34:47 rank 115/976 [46, 15, 3, 3, 1] d17: a=181 n_chi~113026 predicted 235s (prior 95.6s), bound 2354s, mem 0.75 GB
01:34:48   not reached (rc 1, 0s of 2354s)
01:34:48 rank 116/976 [33, 8, 8, 2, 1] d13: a=123 n_chi~120689 predicted 212s (prior 96.5s), bound 2123s, mem 0.82 GB
01:34:48   not reached (rc 1, 0s of 2123s)
01:34:48 rank 117/976 [28, 11, 3, 3, 3] d12: a=33 n_chi~125547 predicted 223s (prior 100.0s), bound 2233s, mem 0.84 GB
01:34:48   not reached (rc 1, 0s of 2233s)
01:34:49 rank 118/976 [38, 12, 8, 1, 1] d15: a=338 n_chi~102165 predicted 299s (prior 100.6s), bound 2986s, mem 0.68 GB
01:34:49   not reached (rc 1, 0s of 2986s)
01:34:49 rank 119/976 [34, 9, 4, 4, 1] d13: a=165 n_chi~119887 predicted 229s (prior 101.4s), bound 2292s, mem 0.83 GB
01:34:49   not reached (rc 1, 0s of 2292s)
01:34:50 rank 120/976 [27, 5, 4, 4, 4] d11: a=14 n_chi~133600 predicted 221s (prior 105.4s), bound 2207s, mem 0.94 GB
01:34:50   not reached (rc 1, 0s of 2207s)
01:34:50 rank 121/976 [30, 7, 7, 3, 1] d12: a=103 n_chi~131278 predicted 233s (prior 108.5s), bound 2331s, mem 0.95 GB
01:34:50   not reached (rc 1, 0s of 2331s)
01:34:50 rank 122/976 [48, 16, 6, 1, 1] d18: a=469 n_chi~97103 predicted 395s (prior 109.6s), bound 3948s, mem 0.67 GB
01:34:51   not reached (rc 1, 0s of 3948s)
01:34:51 rank 123/976 [38, 11, 9, 1, 1] d15: a=273 n_chi~115636 predicted 309s (prior 112.6s), bound 3087s, mem 0.82 GB
01:34:51   not reached (rc 1, 0s of 3087s)
01:34:51 rank 124/976 [29, 6, 6, 6, 1] d12: a=38 n_chi~136024 predicted 255s (prior 114.4s), bound 2546s, mem 0.98 GB
01:34:52   not reached (rc 1, 0s of 2546s)
01:34:52 rank 125/976 [40, 11, 11, 1, 1] d16: a=187 n_chi~121299 predicted 366s (prior 116.8s), bound 3663s, mem 0.86 GB
01:34:52   not reached (rc 1, 0s of 3663s)
01:34:52 rank 126/976 [53, 17, 3, 2, 1] d19: a=247 n_chi~128121 predicted 283s (prior 125.0s), bound 2826s, mem 0.98 GB
01:34:53   not reached (rc 1, 0s of 2826s)
01:34:53 rank 127/976 [31, 8, 5, 3, 1] d12: a=155 n_chi~138632 predicted 258s (prior 125.8s), bound 2580s, mem 1.09 GB
01:34:53   not reached (rc 1, 0s of 2580s)
01:34:53 rank 128/976 [45, 14, 7, 1, 1] d17: a=493 n_chi~108108 predicted 458s (prior 130.6s), bound 4584s, mem 0.82 GB
01:34:54   not reached (rc 1, 0s of 4584s)
01:34:54 rank 129/976 [44, 13, 4, 2, 1] d16: a=324 n_chi~126194 predicted 306s (prior 133.0s), bound 3063s, mem 0.99 GB
01:34:54   not reached (rc 1, 0s of 3063s)
01:34:54 rank 130/976 [47, 14, 3, 2, 2] d17: a=214 n_chi~136337 predicted 328s (prior 135.7s), bound 3284s, mem 1.08 GB
01:34:55   not reached (rc 1, 0s of 3284s)
01:34:55 rank 131/976 [33, 11, 3, 3, 2] d13: a=92 n_chi~149539 predicted 292s (prior 135.9s), bound 2924s, mem 1.22 GB
01:34:55   not reached (rc 1, 0s of 2924s)
01:34:55 rank 132/976 [34, 9, 6, 2, 1] d13: a=245 n_chi~136495 predicted 293s (prior 137.3s), bound 2933s, mem 1.10 GB
