      level 1: 35 prefixes
      level 2: 441 prefixes
      level 3: 3095 prefixes
      level 4: 14552 prefixes
      level 5: 42366 prefixes
      level 6: 72823 prefixes
      level 7: 86628 prefixes
      level 8: 89244 prefixes
      level 9: 89407 prefixes
      level 10: 89407 prefixes
      level 11: 89407 prefixes
      level 12: 89407 prefixes
      level 13: 89407 prefixes
  lam=(33, 10, 7, 1, 1): N_S=89407 |Stab|=2 n_chi=34208 (orbits dropped: 20991) [lean, 0s, HWM 0.09 GB]
    E_01: |H|=2 targets 63839 canonical rows 24304 nnz 140332 (obstructed fixed targets cancelled: 5711) [0s, HWM 0.09 GB]
    E_12: |H|=2 targets 73138 canonical rows 27825 nnz 119842 (obstructed fixed targets cancelled: 3631) [1s, HWM 0.09 GB]
    E_23: |H|=1 targets 24713 canonical rows 24671 nnz 68416 (obstructed fixed targets cancelled: 0) [1s, HWM 0.09 GB]
    E_34: |H|=1 targets 55199 canonical rows 0 nnz 0 (obstructed fixed targets cancelled: 0) [1s, HWM 0.09 GB]
  built (33, 10, 7, 1, 1) d13: N_S=89407 |Stab|=2 n_chi=34208 rows=76800 nnz=328590 (2s: mono 0s orbits 0s rows 1s; HWM 0.09 GB)
  sieve (33, 10, 7, 1, 1) d13: cover(E) 33976/34208 by reversed (a=122, |U|=232, excess 110; {'natural': 31704, 'reversed': 33976, 'fill_asc': 26002, 'fill_desc': 26100, 'random': 20790}); cover(E_red) 27637/27840 (0.2s)
    hybrid[33_10_7_1_1d13] p=2147483629 attempt 0: |S|=33976 |U|=232 (a=122, excess 110) m=296 projected nullity 122, verified=True, rank 122 [split 0.1s trisolve 0.2s schur 0.5s null 0.0s lift 1.3s]
    hybrid[33_10_7_1_1d13] p=2147483647 attempt 0: |S|=33976 |U|=232 (a=122, excess 110) m=296 projected nullity 122, verified=True, rank 122 [split 0.1s trisolve 0.2s schur 0.4s null 0.0s lift 1.3s]
  RESULT (33, 10, 7, 1, 1) d13: a=122 n_chi=34208 |U|=232 mult_det=122 mult_per4=122 mult_red(star)=122 mult_red(pts)=122 i_det=0 i_red=0 i_per4=0 D=0  (15.1s, HWM 0.43 GB)
RESULT {"lam": [33, 10, 7, 1, 1], "delta": 13, "ell": 5, "a": 122, "K": 130, "N_S": 89407, "stab": 2, "n_chi": 34208, "nrows": 76800, "nnz": 328590, "nfixed": 9342, "build_secs": 1.7, "build_hwm_gb": 0.09, "route": "hybrid", "h_pad": 224, "seeds": {"det": 11, "red": 29, "per4": 47, "hybrid": 20260908}, "bound": 40, "primes": [2147483647, 2147483629], "n_red": 27840, "cover_E": {"size": 33976, "order": "reversed", "stats": {"natural": 31704, "reversed": 33976, "fill_asc": 26002, "fill_desc": 26100, "random": 20790}, "n_chi": 34208, "a": 122, "excess": 110, "certified_rank_lb": 33976}, "cover_Ered": {"size": 27637, "order": "reversed", "stats": {"natural": 26337, "reversed": 27637, "fill_asc": 22101, "fill_desc": 22083, "random": 17620}, "n_red": 27840, "certified": false}, "sieve_secs": 0.2, "pred_mem_x_bytes": 31529728, "primes_concurrent": true, "per_prime": {"2147483647": {"sides": {"det": {"mult": 122, "nullity": 0, "instrument": "hybrid kernel + det evaluation rows"}, "per4": {"mult": 122, "nullity": 0, "instrument": "hybrid kernel + per4 evaluation rows"}, "red_pts": {"mult": 122, "nullity": 0, "instrument": "hybrid kernel + red_pts evaluation rows"}, "red_star": {"mult": 122, "nullity": 0, "instrument": "hybrid kernel + (star)"}}, "hybrid": {"nS": 33976, "nU": 232, "excess": 110, "nnzT": 119142, "rows_other": 42824, "order": "reversed", "cover_stats": {"natural": 31704, "reversed": 33976, "fill_asc": 26002, "fill_desc": 26100, "random": 20790}, "attempts": [{"attempt": 0, "m": 296, "nproj": 8, "projected_nullity": 122, "verified": true, "rank": 122, "secs": {"split": 0.1, "trisolve": 0.2, "schur": 0.4, "nullspace": 0.0, "lift_verify": 1.3}}], "secs": 2.3}, "ev_secs": 7.9, "rank_secs": 2.9, "secs": 13.1, "hwm_gb": 0.43}, "2147483629": {"sides": {"det": {"mult": 122, "nullity": 0, "instrument": "hybrid kernel + det evaluation rows"}, "per4": {"mult": 122, "nullity": 0, "instrument": "hybrid kernel + per4 evaluation rows"}, "red_pts": {"mult": 122, "nullity": 0, "instrument": "hybrid kernel + red_pts evaluation rows"}, "red_star": {"mult": 122, "nullity": 0, "instrument": "hybrid kernel + (star)"}}, "hybrid": {"nS": 33976, "nU": 232, "excess": 110, "nnzT": 119142, "rows_other": 42824, "order": "reversed", "cover_stats": {"natural": 31704, "reversed": 33976, "fill_asc": 26002, "fill_desc": 26100, "random": 20790}, "attempts": [{"attempt": 0, "m": 296, "nproj": 8, "projected_nullity": 122, "verified": true, "rank": 122, "secs": {"split": 0.1, "trisolve": 0.2, "schur": 0.5, "nullspace": 0.0, "lift_verify": 1.3}}], "secs": 2.3}, "ev_secs": 7.9, "rank_secs": 2.9, "secs": 13.1, "hwm_gb": 0.43}}, "sides": {"det": {"mult": 122, "per_prime": {"2147483647": 122, "2147483629": 122}, "primes_agree": true, "instrument": "hybrid kernel + det evaluation rows", "status": "proved (full rank at both primes: mult = a over Q)"}, "per4": {"mult": 122, "per_prime": {"2147483647": 122, "2147483629": 122}, "primes_agree": true, "instrument": "hybrid kernel + per4 evaluation rows", "status": "proved (full rank at both primes: mult = a over Q)"}, "red_star": {"mult": 122, "per_prime": {"2147483647": 122, "2147483629": 122}, "primes_agree": true, "instrument": "hybrid kernel + (star)", "status": "proved (full rank at both primes: mult = a over Q)"}, "red_pts": {"mult": 122, "per_prime": {"2147483647": 122, "2147483629": 122}, "primes_agree": true, "instrument": "hybrid kernel + red_pts evaluation rows", "status": "proved (full rank at both primes: mult = a over Q)"}}, "mult_det": 122, "mult_per4": 122, "mult_red_star": 122, "mult_red_pts": 122, "mult_red": 122, "star_eq_pts": true, "i_det": 0, "i_red": 0, "i_per4": 0, "D": 0, "refute": false, "halt": false, "ok": true, "secs": 15.1, "hwm_gb": 0.43, "certs": [["results/certs/s71/33_10_7_1_1_d13_hybrid_p2147483647.json.gz", 40107], ["results/certs/s71/33_10_7_1_1_d13_hybrid_p2147483629.json.gz", 40107]]}
