      level 1: 36 prefixes
      level 2: 389 prefixes
      level 3: 2054 prefixes
      level 4: 7361 prefixes
      level 5: 19063 prefixes
      level 6: 37702 prefixes
      level 7: 55359 prefixes
      level 8: 64624 prefixes
      level 9: 67445 prefixes
      level 10: 67847 prefixes
      level 11: 67859 prefixes
      level 12: 67859 prefixes
      level 13: 67859 prefixes
      level 14: 67859 prefixes
      level 15: 67859 prefixes
      level 16: 67859 prefixes
      level 17: 67859 prefixes
  lam=(46, 16, 4, 1, 1): N_S=67859 |Stab|=2 n_chi=25336 (orbits dropped: 17187) [lean, 0s, HWM 0.09 GB]
    E_01: |H|=2 targets 55877 canonical rows 20840 nnz 118480 (obstructed fixed targets cancelled: 5445) [1s, HWM 0.09 GB]
    E_12: |H|=2 targets 36172 canonical rows 13312 nnz 63049 (obstructed fixed targets cancelled: 2577) [1s, HWM 0.09 GB]
    E_23: |H|=1 targets 24257 canonical rows 23942 nnz 50672 (obstructed fixed targets cancelled: 0) [1s, HWM 0.09 GB]
    E_34: |H|=1 targets 42523 canonical rows 0 nnz 0 (obstructed fixed targets cancelled: 0) [1s, HWM 0.09 GB]
  built (46, 16, 4, 1, 1) d17: N_S=67859 |Stab|=2 n_chi=25336 rows=58094 nnz=232201 (2s: mono 0s orbits 0s rows 1s; HWM 0.09 GB)
  sieve (46, 16, 4, 1, 1) d17: cover(E) 25205/25336 by reversed (a=120, |U|=131, excess 11; {'natural': 23204, 'reversed': 25205, 'fill_asc': 19861, 'fill_desc': 20106, 'random': 16998}); cover(E_red) 20829/20947 (0.1s)
    hybrid[46_16_4_1_1d17] p=2147483629 attempt 0: |S|=25205 |U|=131 (a=120, excess 11) m=195 projected nullity 120, verified=True, rank 120 [split 0.0s trisolve 0.1s schur 0.2s null 0.0s lift 0.8s]
    hybrid[46_16_4_1_1d17] p=2147483647 attempt 0: |S|=25205 |U|=131 (a=120, excess 11) m=195 projected nullity 120, verified=True, rank 120 [split 0.0s trisolve 0.1s schur 0.2s null 0.0s lift 1.0s]
  RESULT (46, 16, 4, 1, 1) d17: a=120 n_chi=25336 |U|=131 mult_det=120 mult_per4=120 mult_red(star)=120 mult_red(pts)=120 i_det=0 i_red=0 i_per4=0 D=0  (13.2s, HWM 0.33 GB)
RESULT {"lam": [46, 16, 4, 1, 1], "delta": 17, "ell": 5, "a": 120, "K": 128, "N_S": 67859, "stab": 2, "n_chi": 25336, "nrows": 58094, "nnz": 232201, "nfixed": 8022, "build_secs": 1.8, "build_hwm_gb": 0.09, "route": "hybrid", "h_pad": 281, "seeds": {"det": 11, "red": 29, "per4": 47, "hybrid": 20260908}, "bound": 40, "primes": [2147483647, 2147483629], "n_red": 20947, "cover_E": {"size": 25205, "order": "reversed", "stats": {"natural": 23204, "reversed": 25205, "fill_asc": 19861, "fill_desc": 20106, "random": 16998}, "n_chi": 25336, "a": 120, "excess": 11, "certified_rank_lb": 25205}, "cover_Ered": {"size": 20829, "order": "reversed", "stats": {"natural": 19439, "reversed": 20829, "fill_asc": 17019, "fill_desc": 17182, "random": 14508}, "n_red": 20947, "certified": false}, "sieve_secs": 0.1, "pred_mem_x_bytes": 13207420, "primes_concurrent": true, "per_prime": {"2147483647": {"sides": {"det": {"mult": 120, "nullity": 0, "instrument": "hybrid kernel + det evaluation rows"}, "per4": {"mult": 120, "nullity": 0, "instrument": "hybrid kernel + per4 evaluation rows"}, "red_pts": {"mult": 120, "nullity": 0, "instrument": "hybrid kernel + red_pts evaluation rows"}, "red_star": {"mult": 120, "nullity": 0, "instrument": "hybrid kernel + (star)"}}, "hybrid": {"nS": 25205, "nU": 131, "excess": 11, "nnzT": 78985, "rows_other": 32889, "order": "reversed", "cover_stats": {"natural": 23204, "reversed": 25205, "fill_asc": 19861, "fill_desc": 20106, "random": 16998}, "attempts": [{"attempt": 0, "m": 195, "nproj": 8, "projected_nullity": 120, "verified": true, "rank": 120, "secs": {"split": 0.0, "trisolve": 0.1, "schur": 0.2, "nullspace": 0.0, "lift_verify": 1.0}}], "secs": 1.4}, "ev_secs": 7.7, "rank_secs": 2.1, "secs": 11.1, "hwm_gb": 0.33}, "2147483629": {"sides": {"det": {"mult": 120, "nullity": 0, "instrument": "hybrid kernel + det evaluation rows"}, "per4": {"mult": 120, "nullity": 0, "instrument": "hybrid kernel + per4 evaluation rows"}, "red_pts": {"mult": 120, "nullity": 0, "instrument": "hybrid kernel + red_pts evaluation rows"}, "red_star": {"mult": 120, "nullity": 0, "instrument": "hybrid kernel + (star)"}}, "hybrid": {"nS": 25205, "nU": 131, "excess": 11, "nnzT": 78985, "rows_other": 32889, "order": "reversed", "cover_stats": {"natural": 23204, "reversed": 25205, "fill_asc": 19861, "fill_desc": 20106, "random": 16998}, "attempts": [{"attempt": 0, "m": 195, "nproj": 8, "projected_nullity": 120, "verified": true, "rank": 120, "secs": {"split": 0.0, "trisolve": 0.1, "schur": 0.2, "nullspace": 0.0, "lift_verify": 0.8}}], "secs": 1.2}, "ev_secs": 7.7, "rank_secs": 2.0, "secs": 10.9, "hwm_gb": 0.33}}, "sides": {"det": {"mult": 120, "per_prime": {"2147483647": 120, "2147483629": 120}, "primes_agree": true, "instrument": "hybrid kernel + det evaluation rows", "status": "proved (full rank at both primes: mult = a over Q)"}, "per4": {"mult": 120, "per_prime": {"2147483647": 120, "2147483629": 120}, "primes_agree": true, "instrument": "hybrid kernel + per4 evaluation rows", "status": "proved (full rank at both primes: mult = a over Q)"}, "red_star": {"mult": 120, "per_prime": {"2147483647": 120, "2147483629": 120}, "primes_agree": true, "instrument": "hybrid kernel + (star)", "status": "proved (full rank at both primes: mult = a over Q)"}, "red_pts": {"mult": 120, "per_prime": {"2147483647": 120, "2147483629": 120}, "primes_agree": true, "instrument": "hybrid kernel + red_pts evaluation rows", "status": "proved (full rank at both primes: mult = a over Q)"}}, "mult_det": 120, "mult_per4": 120, "mult_red_star": 120, "mult_red_pts": 120, "mult_red": 120, "star_eq_pts": true, "i_det": 0, "i_red": 0, "i_per4": 0, "D": 0, "refute": false, "halt": false, "ok": true, "secs": 13.2, "hwm_gb": 0.33, "certs": [["results/certs/s71/46_16_4_1_1_d17_hybrid_p2147483647.json.gz", 39581], ["results/certs/s71/46_16_4_1_1_d17_hybrid_p2147483629.json.gz", 39583]]}
