      level 1: 35 prefixes
      level 2: 419 prefixes
      level 3: 3009 prefixes
      level 4: 14672 prefixes
      level 5: 44468 prefixes
      level 6: 77882 prefixes
      level 7: 93032 prefixes
      level 8: 95889 prefixes
      level 9: 96068 prefixes
      level 10: 96068 prefixes
      level 11: 96068 prefixes
      level 12: 96068 prefixes
  lam=(29, 9, 8, 1, 1): N_S=96068 |Stab|=2 n_chi=36913 (orbits dropped: 22242) [lean, 0s, HWM 0.09 GB]
    E_01: |H|=2 targets 66240 canonical rows 25243 nnz 145841 (obstructed fixed targets cancelled: 5866) [0s, HWM 0.09 GB]
    E_12: |H|=2 targets 86866 canonical rows 33304 nnz 139510 (obstructed fixed targets cancelled: 3929) [1s, HWM 0.09 GB]
    E_23: |H|=1 targets 24935 canonical rows 24914 nnz 73826 (obstructed fixed targets cancelled: 0) [1s, HWM 0.09 GB]
    E_34: |H|=1 targets 59155 canonical rows 0 nnz 0 (obstructed fixed targets cancelled: 0) [1s, HWM 0.09 GB]
  built (29, 9, 8, 1, 1) d12: N_S=96068 |Stab|=2 n_chi=36913 rows=83461 nnz=359177 (2s: mono 0s orbits 0s rows 1s; HWM 0.09 GB)
  sieve (29, 9, 8, 1, 1) d12: cover(E) 36666/36913 by reversed (a=71, |U|=247, excess 176; {'natural': 34385, 'reversed': 36666, 'fill_asc': 28009, 'fill_desc': 27981, 'random': 22232}); cover(E_red) 30228/30447 (0.2s)
    hybrid[29_9_8_1_1d12] p=2147483629 attempt 0: |S|=36666 |U|=247 (a=71, excess 176) m=311 projected nullity 71, verified=True, rank 71 [split 0.1s trisolve 0.2s schur 0.5s null 0.0s lift 0.8s]
    hybrid[29_9_8_1_1d12] p=2147483647 attempt 0: |S|=36666 |U|=247 (a=71, excess 176) m=311 projected nullity 71, verified=True, rank 71 [split 0.1s trisolve 0.2s schur 0.5s null 0.0s lift 0.9s]
  RESULT (29, 9, 8, 1, 1) d12: a=71 n_chi=36913 |U|=247 mult_det=71 mult_per4=71 mult_red(star)=69 mult_red(pts)=69 i_det=0 i_red=2 i_per4=0 D=-2  (10.1s, HWM 0.3 GB)
RESULT {"lam": [29, 9, 8, 1, 1], "delta": 12, "ell": 5, "a": 71, "K": 79, "N_S": 96068, "stab": 2, "n_chi": 36913, "nrows": 83461, "nnz": 359177, "nfixed": 9795, "build_secs": 1.5, "build_hwm_gb": 0.09, "route": "hybrid", "h_pad": 126, "seeds": {"det": 11, "red": 29, "per4": 47, "hybrid": 20260908}, "bound": 40, "primes": [2147483647, 2147483629], "n_red": 30447, "cover_E": {"size": 36666, "order": "reversed", "stats": {"natural": 34385, "reversed": 36666, "fill_asc": 28009, "fill_desc": 27981, "random": 22232}, "n_chi": 36913, "a": 71, "excess": 176, "certified_rank_lb": 36666}, "cover_Ered": {"size": 30228, "order": "reversed", "stats": {"natural": 28959, "reversed": 30228, "fill_asc": 24032, "fill_desc": 23926, "random": 19045}, "n_red": 30447, "certified": false}, "sieve_secs": 0.2, "pred_mem_x_bytes": 36226008, "primes_concurrent": true, "per_prime": {"2147483647": {"sides": {"det": {"mult": 71, "nullity": 0, "instrument": "hybrid kernel + det evaluation rows"}, "per4": {"mult": 71, "nullity": 0, "instrument": "hybrid kernel + per4 evaluation rows"}, "red_pts": {"mult": 69, "nullity": 2, "instrument": "hybrid kernel + red_pts evaluation rows"}, "red_star": {"mult": 69, "nullity": 2, "instrument": "hybrid kernel + (star)"}}, "hybrid": {"nS": 36666, "nU": 247, "excess": 176, "nnzT": 130501, "rows_other": 46795, "order": "reversed", "cover_stats": {"natural": 34385, "reversed": 36666, "fill_asc": 28009, "fill_desc": 27981, "random": 22232}, "attempts": [{"attempt": 0, "m": 311, "nproj": 8, "projected_nullity": 71, "verified": true, "rank": 71, "secs": {"split": 0.1, "trisolve": 0.2, "schur": 0.5, "nullspace": 0.0, "lift_verify": 0.9}}], "secs": 1.8}, "ev_secs": 4.6, "rank_secs": 1.8, "secs": 8.2, "hwm_gb": 0.3}, "2147483629": {"sides": {"det": {"mult": 71, "nullity": 0, "instrument": "hybrid kernel + det evaluation rows"}, "per4": {"mult": 71, "nullity": 0, "instrument": "hybrid kernel + per4 evaluation rows"}, "red_pts": {"mult": 69, "nullity": 2, "instrument": "hybrid kernel + red_pts evaluation rows"}, "red_star": {"mult": 69, "nullity": 2, "instrument": "hybrid kernel + (star)"}}, "hybrid": {"nS": 36666, "nU": 247, "excess": 176, "nnzT": 130501, "rows_other": 46795, "order": "reversed", "cover_stats": {"natural": 34385, "reversed": 36666, "fill_asc": 28009, "fill_desc": 27981, "random": 22232}, "attempts": [{"attempt": 0, "m": 311, "nproj": 8, "projected_nullity": 71, "verified": true, "rank": 71, "secs": {"split": 0.1, "trisolve": 0.2, "schur": 0.5, "nullspace": 0.0, "lift_verify": 0.8}}], "secs": 1.8}, "ev_secs": 4.6, "rank_secs": 1.8, "secs": 8.2, "hwm_gb": 0.3}}, "sides": {"det": {"mult": 71, "per_prime": {"2147483647": 71, "2147483629": 71}, "primes_agree": true, "instrument": "hybrid kernel + det evaluation rows", "status": "proved (full rank at both primes: mult = a over Q)"}, "per4": {"mult": 71, "per_prime": {"2147483647": 71, "2147483629": 71}, "primes_agree": true, "instrument": "hybrid kernel + per4 evaluation rows", "status": "proved (full rank at both primes: mult = a over Q)"}, "red_star": {"mult": 69, "per_prime": {"2147483647": 69, "2147483629": 69}, "primes_agree": true, "instrument": "hybrid kernel + (star)", "status": "measured (exact mod both primes, kernel exhibited): mult = 69"}, "red_pts": {"mult": 69, "per_prime": {"2147483647": 69, "2147483629": 69}, "primes_agree": true, "instrument": "hybrid kernel + red_pts evaluation rows", "status": "measured (exact mod both primes, kernel exhibited): mult = 69"}}, "mult_det": 71, "mult_per4": 71, "mult_red_star": 69, "mult_red_pts": 69, "mult_red": 69, "star_eq_pts": true, "i_det": 0, "i_red": 2, "i_per4": 0, "D": -2, "refute": false, "halt": false, "ok": true, "secs": 10.1, "hwm_gb": 0.3, "certs": [["results/certs/s71/29_9_8_1_1_d12_hybrid_p2147483647.json.gz", 26186], ["results/certs/s71/29_9_8_1_1_d12_hybrid_p2147483629.json.gz", 26186]]}
