      level 1: 45 prefixes
      level 2: 685 prefixes
      level 3: 5239 prefixes
      level 4: 24383 prefixes
      level 5: 69714 prefixes
      level 6: 119456 prefixes
      level 7: 141871 prefixes
      level 8: 146025 prefixes
      level 9: 146265 prefixes
      level 10: 146265 prefixes
      level 11: 146265 prefixes
      level 12: 146265 prefixes
      level 13: 146265 prefixes
      level 14: 146265 prefixes
  lam=(37, 11, 5, 2, 1): N_S=146265 |Stab|=1 n_chi=146265 (orbits dropped: 0) [lean, 0s, HWM 0.11 GB]
    E_01: |H|=1 targets 107760 canonical rows 107760 nnz 647687 (obstructed fixed targets cancelled: 0) [1s, HWM 0.13 GB]
    E_12: |H|=1 targets 97187 canonical rows 97187 nnz 438071 (obstructed fixed targets cancelled: 0) [1s, HWM 0.13 GB]
    E_23: |H|=1 targets 74187 canonical rows 74187 nnz 241566 (obstructed fixed targets cancelled: 0) [2s, HWM 0.13 GB]
    E_34: |H|=1 targets 67987 canonical rows 67987 nnz 146265 (obstructed fixed targets cancelled: 0) [2s, HWM 0.13 GB]
  built (37, 11, 5, 2, 1) d14: N_S=146265 |Stab|=1 n_chi=146265 rows=347121 nnz=1473589 (3s: mono 1s orbits 0s rows 2s; HWM 0.13 GB)
  sieve (37, 11, 5, 2, 1) d14: cover(E) 145766/146265 by reversed (a=349, |U|=499, excess 150; {'natural': 140294, 'reversed': 145766, 'fill_asc': 121274, 'fill_desc': 118604, 'random': 95818}); cover(E_red) 116125/116540 (0.7s)
    hybrid[37_11_5_2_1d14] p=2147483647 attempt 0: |S|=145766 |U|=499 (a=349, excess 150) m=563 blocks 1x499 projected nullity 349, verified=True, rank 349 [split 0.1s trisolve 7.4s schur 5.0s null 0.2s lift 13.1s rank 2.2s]
    hybrid[37_11_5_2_1d14] p=2147483629 attempt 0: |S|=145766 |U|=499 (a=349, excess 150) m=563 blocks 1x499 projected nullity 349, verified=True, rank 349 [split 0.1s trisolve 3.5s schur 4.9s null 0.2s lift 12.8s rank 1.8s]
  RESULT (37, 11, 5, 2, 1) d14: a=349 n_chi=146265 |U|=499 mult_det=349 mult_per4=349 mult_red(star)=349 mult_red(pts)=349 i_det=0 i_red=0 i_per4=0 D=0  (263.2s, HWM 3.26 GB)
RESULT {"lam": [37, 11, 5, 2, 1], "delta": 14, "ell": 5, "a": 349, "K": 357, "N_S": 146265, "stab": 1, "n_chi": 146265, "nrows": 347121, "nnz": 1473589, "nfixed": 0, "build_secs": 3.3, "build_hwm_gb": 0.13, "route": "hybrid", "h_pad": 741, "seeds": {"det": 11, "red": 29, "per4": 47, "hybrid": 20260908}, "bound": 40, "primes": [2147483647, 2147483629], "n_red": 116540, "cover_E": {"size": 145766, "order": "reversed", "stats": {"natural": 140294, "reversed": 145766, "fill_asc": 121274, "fill_desc": 118604, "random": 95818}, "n_chi": 146265, "a": 349, "excess": 150, "certified_rank_lb": 145766}, "cover_Ered": {"size": 116125, "order": "reversed", "stats": {"natural": 113165, "reversed": 116125, "fill_asc": 99998, "fill_desc": 98529, "random": 79729}, "n_red": 116540, "certified": false}, "sieve_secs": 0.7, "pred_mem_x_bytes": 495134876, "primes_concurrent": false, "per_prime": {"2147483647": {"sides": {"det": {"mult": 349, "nullity": 0, "instrument": "hybrid kernel + det evaluation rows"}, "per4": {"mult": 349, "nullity": 0, "instrument": "hybrid kernel + per4 evaluation rows"}, "red_pts": {"mult": 349, "nullity": 0, "instrument": "hybrid kernel + red_pts evaluation rows"}, "red_star": {"mult": 349, "nullity": 0, "instrument": "hybrid kernel + (star)"}}, "hybrid": {"nS": 145766, "nU": 499, "excess": 150, "nnzT": 435220, "rows_other": 201355, "order": "reversed", "cover_stats": {"natural": 140294, "reversed": 145766, "fill_asc": 121274, "fill_desc": 118604, "random": 95818}, "ublock": 499, "nblocks": 1, "attempts": [{"attempt": 0, "m": 563, "nproj": 8, "projected_nullity": 349, "verified": true, "rank": 349, "secs": {"split": 0.1, "trisolve": 7.4, "schur": 5.0, "nullspace": 0.2, "lift_verify": 13.1, "rank": 2.2}}], "secs": 28.0}, "ev_secs": 61.0, "rank_secs": 41.9, "secs": 130.9, "hwm_gb": 3.26}, "2147483629": {"sides": {"det": {"mult": 349, "nullity": 0, "instrument": "hybrid kernel + det evaluation rows"}, "per4": {"mult": 349, "nullity": 0, "instrument": "hybrid kernel + per4 evaluation rows"}, "red_pts": {"mult": 349, "nullity": 0, "instrument": "hybrid kernel + red_pts evaluation rows"}, "red_star": {"mult": 349, "nullity": 0, "instrument": "hybrid kernel + (star)"}}, "hybrid": {"nS": 145766, "nU": 499, "excess": 150, "nnzT": 435220, "rows_other": 201355, "order": "reversed", "cover_stats": {"natural": 140294, "reversed": 145766, "fill_asc": 121274, "fill_desc": 118604, "random": 95818}, "ublock": 499, "nblocks": 1, "attempts": [{"attempt": 0, "m": 563, "nproj": 8, "projected_nullity": 349, "verified": true, "rank": 349, "secs": {"split": 0.1, "trisolve": 3.5, "schur": 4.9, "nullspace": 0.2, "lift_verify": 12.8, "rank": 1.8}}], "secs": 23.4}, "ev_secs": 61.8, "rank_secs": 42.9, "secs": 128.2, "hwm_gb": 3.26}}, "sides": {"det": {"mult": 349, "per_prime": {"2147483647": 349, "2147483629": 349}, "primes_agree": true, "instrument": "hybrid kernel + det evaluation rows", "status": "proved (full rank at both primes: mult = a over Q)"}, "per4": {"mult": 349, "per_prime": {"2147483647": 349, "2147483629": 349}, "primes_agree": true, "instrument": "hybrid kernel + per4 evaluation rows", "status": "proved (full rank at both primes: mult = a over Q)"}, "red_star": {"mult": 349, "per_prime": {"2147483647": 349, "2147483629": 349}, "primes_agree": true, "instrument": "hybrid kernel + (star)", "status": "proved (full rank at both primes: mult = a over Q)"}, "red_pts": {"mult": 349, "per_prime": {"2147483647": 349, "2147483629": 349}, "primes_agree": true, "instrument": "hybrid kernel + red_pts evaluation rows", "status": "proved (full rank at both primes: mult = a over Q)"}}, "mult_det": 349, "mult_per4": 349, "mult_red_star": 349, "mult_red_pts": 349, "mult_red": 349, "star_eq_pts": true, "i_det": 0, "i_red": 0, "i_per4": 0, "D": 0, "refute": false, "halt": false, "ok": true, "secs": 263.2, "hwm_gb": 3.26, "certs": [["results/certs/s71/37_11_5_2_1_d14_hybrid_p2147483647.json.gz", 105397], ["results/certs/s71/37_11_5_2_1_d14_hybrid_p2147483629.json.gz", 105397]]}
