      level 1: 54 prefixes
      level 2: 1066 prefixes
      level 3: 10199 prefixes
      level 4: 54612 prefixes
      level 5: 155809 prefixes
      level 6: 242723 prefixes
      level 7: 269309 prefixes
      level 8: 272046 prefixes
      level 9: 272099 prefixes
      level 10: 272099 prefixes
      level 11: 272099 prefixes
      level 12: 272099 prefixes
      level 13: 272099 prefixes
  lam=(34, 9, 5, 2, 2): N_S=272099 |Stab|=2 n_chi=146593 (orbits dropped: 0) [lean, 0s, HWM 0.13 GB]
    E_01: |H|=2 targets 184978 canonical rows 99906 nnz 599365 (obstructed fixed targets cancelled: 0) [2s, HWM 0.14 GB]
    E_12: |H|=2 targets 192872 canonical rows 104378 nnz 440990 (obstructed fixed targets cancelled: 0) [3s, HWM 0.15 GB]
    E_23: |H|=1 targets 136495 canonical rows 136495 nnz 453103 (obstructed fixed targets cancelled: 0) [4s, HWM 0.15 GB]
    E_34: |H|=1 targets 204958 canonical rows 204958 nnz 397776 (obstructed fixed targets cancelled: 0) [5s, HWM 0.17 GB]
  built (34, 9, 5, 2, 2) d13: N_S=272099 |Stab|=2 n_chi=146593 rows=545737 nnz=1891234 (6s: mono 1s orbits 0s rows 5s; HWM 0.17 GB)
  sieve (34, 9, 5, 2, 2) d13: cover(E) 146198/146593 by reversed (a=212, |U|=395, excess 183; {'natural': 142519, 'reversed': 146198, 'fill_asc': 129022, 'fill_desc': 128881, 'random': 106052}); cover(E_red) 114039/114340 (1.1s)
    hybrid[34_9_5_2_2d13] p=2147483647 attempt 0: |S|=146198 |U|=395 (a=212, excess 183) m=459 blocks 1x395 projected nullity 212, verified=True, rank 212 [split 0.1s trisolve 7.3s schur 5.9s null 0.2s lift 12.1s rank 1.3s]
    hybrid[34_9_5_2_2d13] p=2147483629 attempt 0: |S|=146198 |U|=395 (a=212, excess 183) m=459 blocks 1x395 projected nullity 212, verified=True, rank 212 [split 0.1s trisolve 2.7s schur 6.0s null 0.1s lift 12.3s rank 1.2s]
  RESULT (34, 9, 5, 2, 2) d13: a=212 n_chi=146593 |U|=395 mult_det=212 mult_per4=212 mult_red(star)=212 mult_red(pts)=212 i_det=0 i_red=0 i_per4=0 D=0  (228.3s, HWM 2.24 GB)
RESULT {"lam": [34, 9, 5, 2, 2], "delta": 13, "ell": 5, "a": 212, "K": 220, "N_S": 272099, "stab": 2, "n_chi": 146593, "nrows": 545737, "nnz": 1891234, "nfixed": 0, "build_secs": 6.5, "build_hwm_gb": 0.17, "route": "hybrid", "h_pad": 520, "seeds": {"det": 11, "red": 29, "per4": 47, "hybrid": 20260908}, "bound": 40, "primes": [2147483647, 2147483629], "n_red": 114340, "cover_E": {"size": 146198, "order": "reversed", "stats": {"natural": 142519, "reversed": 146198, "fill_asc": 129022, "fill_desc": 128881, "random": 106052}, "n_chi": 146593, "a": 212, "excess": 183, "certified_rank_lb": 146198}, "cover_Ered": {"size": 114039, "order": "reversed", "stats": {"natural": 112358, "reversed": 114039, "fill_asc": 103230, "fill_desc": 103244, "random": 85536}, "n_red": 114340, "certified": false}, "sieve_secs": 1.1, "pred_mem_x_bytes": 355303704, "primes_concurrent": false, "per_prime": {"2147483647": {"sides": {"det": {"mult": 212, "nullity": 0, "instrument": "hybrid kernel + det evaluation rows"}, "per4": {"mult": 212, "nullity": 0, "instrument": "hybrid kernel + per4 evaluation rows"}, "red_pts": {"mult": 212, "nullity": 0, "instrument": "hybrid kernel + red_pts evaluation rows"}, "red_star": {"mult": 212, "nullity": 0, "instrument": "hybrid kernel + (star)"}}, "hybrid": {"nS": 146198, "nU": 395, "excess": 183, "nnzT": 380171, "rows_other": 399539, "order": "reversed", "cover_stats": {"natural": 142519, "reversed": 146198, "fill_asc": 129022, "fill_desc": 128881, "random": 106052}, "ublock": 395, "nblocks": 1, "attempts": [{"attempt": 0, "m": 459, "nproj": 8, "projected_nullity": 212, "verified": true, "rank": 212, "secs": {"split": 0.1, "trisolve": 7.3, "schur": 5.9, "nullspace": 0.2, "lift_verify": 12.1, "rank": 1.3}}], "secs": 26.8}, "ev_secs": 62.5, "rank_secs": 25.8, "secs": 115.1, "hwm_gb": 2.22}, "2147483629": {"sides": {"det": {"mult": 212, "nullity": 0, "instrument": "hybrid kernel + det evaluation rows"}, "per4": {"mult": 212, "nullity": 0, "instrument": "hybrid kernel + per4 evaluation rows"}, "red_pts": {"mult": 212, "nullity": 0, "instrument": "hybrid kernel + red_pts evaluation rows"}, "red_star": {"mult": 212, "nullity": 0, "instrument": "hybrid kernel + (star)"}}, "hybrid": {"nS": 146198, "nU": 395, "excess": 183, "nnzT": 380171, "rows_other": 399539, "order": "reversed", "cover_stats": {"natural": 142519, "reversed": 146198, "fill_asc": 129022, "fill_desc": 128881, "random": 106052}, "ublock": 395, "nblocks": 1, "attempts": [{"attempt": 0, "m": 459, "nproj": 8, "projected_nullity": 212, "verified": true, "rank": 212, "secs": {"split": 0.1, "trisolve": 2.7, "schur": 6.0, "nullspace": 0.1, "lift_verify": 12.3, "rank": 1.2}}], "secs": 22.5}, "ev_secs": 58.0, "rank_secs": 24.9, "secs": 105.5, "hwm_gb": 2.24}}, "sides": {"det": {"mult": 212, "per_prime": {"2147483647": 212, "2147483629": 212}, "primes_agree": true, "instrument": "hybrid kernel + det evaluation rows", "status": "proved (full rank at both primes: mult = a over Q)"}, "per4": {"mult": 212, "per_prime": {"2147483647": 212, "2147483629": 212}, "primes_agree": true, "instrument": "hybrid kernel + per4 evaluation rows", "status": "proved (full rank at both primes: mult = a over Q)"}, "red_star": {"mult": 212, "per_prime": {"2147483647": 212, "2147483629": 212}, "primes_agree": true, "instrument": "hybrid kernel + (star)", "status": "proved (full rank at both primes: mult = a over Q)"}, "red_pts": {"mult": 212, "per_prime": {"2147483647": 212, "2147483629": 212}, "primes_agree": true, "instrument": "hybrid kernel + red_pts evaluation rows", "status": "proved (full rank at both primes: mult = a over Q)"}}, "mult_det": 212, "mult_per4": 212, "mult_red_star": 212, "mult_red_pts": 212, "mult_red": 212, "star_eq_pts": true, "i_det": 0, "i_red": 0, "i_per4": 0, "D": 0, "refute": false, "halt": false, "ok": true, "secs": 228.3, "hwm_gb": 2.24, "certs": [["results/certs/s71/34_9_5_2_2_d13_hybrid_p2147483647.json.gz", 66714], ["results/certs/s71/34_9_5_2_2_d13_hybrid_p2147483629.json.gz", 66711]]}
