      level 1: 55 prefixes
      level 2: 1213 prefixes
      level 3: 12105 prefixes
      level 4: 51951 prefixes
      level 5: 92786 prefixes
      level 6: 103620 prefixes
      level 7: 104274 prefixes
      level 8: 104274 prefixes
      level 9: 104274 prefixes
  lam=(21, 5, 5, 3, 2): N_S=104274 |Stab|=2 n_chi=51282 (orbits dropped: 1710) [lean, 0s, HWM 0.09 GB]
    E_01: |H|=1 targets 56084 canonical rows 56084 nnz 311435 (obstructed fixed targets cancelled: 0) [0s, HWM 0.09 GB]
    E_12: |H|=1 targets 94408 canonical rows 94366 nnz 304933 (obstructed fixed targets cancelled: 0) [1s, HWM 0.10 GB]
    E_23: |H|=1 targets 69283 canonical rows 69267 nnz 226924 (obstructed fixed targets cancelled: 0) [1s, HWM 0.10 GB]
    E_34: |H|=2 targets 66012 canonical rows 32425 nnz 85052 (obstructed fixed targets cancelled: 358) [1s, HWM 0.10 GB]
  built (21, 5, 5, 3, 2) d9: N_S=104274 |Stab|=2 n_chi=51282 rows=252142 nnz=928344 (2s: mono 0s orbits 0s rows 1s; HWM 0.10 GB)
  sieve (21, 5, 5, 3, 2) d9: cover(E) 51227/51282 by reversed (a=10, |U|=55, excess 45; {'natural': 49952, 'reversed': 51227, 'fill_asc': 47407, 'fill_desc': 46803, 'random': 39394}); cover(E_red) 37004/37046 (0.4s)
    hybrid[21_5_5_3_2d9] p=2147483647 attempt 0: |S|=51227 |U|=55 (a=10, excess 45) m=119 projected nullity 10, verified=True, rank 10 [split 0.1s trisolve 0.1s schur 0.5s null 0.0s lift 0.2s]
    hybrid[21_5_5_3_2d9] p=2147483629 attempt 0: |S|=51227 |U|=55 (a=10, excess 45) m=119 projected nullity 10, verified=True, rank 10 [split 0.1s trisolve 0.1s schur 0.5s null 0.0s lift 0.2s]
  RESULT (21, 5, 5, 3, 2) d9: a=10 n_chi=51282 |U|=55 mult_det=10 mult_per4=10 mult_red(star)=10 mult_red(pts)=10 i_det=0 i_red=0 i_per4=0 D=0  (4.5s, HWM 0.18 GB)
RESULT {"lam": [21, 5, 5, 3, 2], "delta": 9, "ell": 5, "a": 10, "K": 18, "N_S": 104274, "stab": 2, "n_chi": 51282, "nrows": 252142, "nnz": 928344, "nfixed": 358, "build_secs": 1.6, "build_hwm_gb": 0.1, "route": "hybrid", "h_pad": 40, "seeds": {"det": 11, "red": 29, "per4": 47, "hybrid": 20260908}, "bound": 40, "primes": [2147483647, 2147483629], "n_red": 37046, "cover_E": {"size": 51227, "order": "reversed", "stats": {"natural": 49952, "reversed": 51227, "fill_asc": 47407, "fill_desc": 46803, "random": 39394}, "n_chi": 51282, "a": 10, "excess": 45, "certified_rank_lb": 51227}, "cover_Ered": {"size": 37004, "order": "reversed", "stats": {"natural": 36479, "reversed": 37004, "fill_asc": 35507, "fill_desc": 34899, "random": 29965}, "n_red": 37046, "certified": false}, "sieve_secs": 0.4, "pred_mem_x_bytes": 11269940, "primes_concurrent": true, "per_prime": {"2147483647": {"sides": {"det": {"mult": 10, "nullity": 0, "instrument": "hybrid kernel + det evaluation rows"}, "per4": {"mult": 10, "nullity": 0, "instrument": "hybrid kernel + per4 evaluation rows"}, "red_pts": {"mult": 10, "nullity": 0, "instrument": "hybrid kernel + red_pts evaluation rows"}, "red_star": {"mult": 10, "nullity": 0, "instrument": "hybrid kernel + (star)"}}, "hybrid": {"nS": 51227, "nU": 55, "excess": 45, "nnzT": 128079, "rows_other": 200915, "order": "reversed", "cover_stats": {"natural": 49952, "reversed": 51227, "fill_asc": 47407, "fill_desc": 46803, "random": 39394}, "attempts": [{"attempt": 0, "m": 119, "nproj": 8, "projected_nullity": 10, "verified": true, "rank": 10, "secs": {"split": 0.1, "trisolve": 0.1, "schur": 0.5, "nullspace": 0.0, "lift_verify": 0.2}}], "secs": 0.9}, "ev_secs": 1.2, "rank_secs": 0.3, "secs": 2.4, "hwm_gb": 0.18}, "2147483629": {"sides": {"det": {"mult": 10, "nullity": 0, "instrument": "hybrid kernel + det evaluation rows"}, "per4": {"mult": 10, "nullity": 0, "instrument": "hybrid kernel + per4 evaluation rows"}, "red_pts": {"mult": 10, "nullity": 0, "instrument": "hybrid kernel + red_pts evaluation rows"}, "red_star": {"mult": 10, "nullity": 0, "instrument": "hybrid kernel + (star)"}}, "hybrid": {"nS": 51227, "nU": 55, "excess": 45, "nnzT": 128079, "rows_other": 200915, "order": "reversed", "cover_stats": {"natural": 49952, "reversed": 51227, "fill_asc": 47407, "fill_desc": 46803, "random": 39394}, "attempts": [{"attempt": 0, "m": 119, "nproj": 8, "projected_nullity": 10, "verified": true, "rank": 10, "secs": {"split": 0.1, "trisolve": 0.1, "schur": 0.5, "nullspace": 0.0, "lift_verify": 0.2}}], "secs": 0.9}, "ev_secs": 1.1, "rank_secs": 0.3, "secs": 2.4, "hwm_gb": 0.18}}, "sides": {"det": {"mult": 10, "per_prime": {"2147483647": 10, "2147483629": 10}, "primes_agree": true, "instrument": "hybrid kernel + det evaluation rows", "status": "proved (full rank at both primes: mult = a over Q)"}, "per4": {"mult": 10, "per_prime": {"2147483647": 10, "2147483629": 10}, "primes_agree": true, "instrument": "hybrid kernel + per4 evaluation rows", "status": "proved (full rank at both primes: mult = a over Q)"}, "red_star": {"mult": 10, "per_prime": {"2147483647": 10, "2147483629": 10}, "primes_agree": true, "instrument": "hybrid kernel + (star)", "status": "proved (full rank at both primes: mult = a over Q)"}, "red_pts": {"mult": 10, "per_prime": {"2147483647": 10, "2147483629": 10}, "primes_agree": true, "instrument": "hybrid kernel + red_pts evaluation rows", "status": "proved (full rank at both primes: mult = a over Q)"}}, "mult_det": 10, "mult_per4": 10, "mult_red_star": 10, "mult_red_pts": 10, "mult_red": 10, "star_eq_pts": true, "i_det": 0, "i_red": 0, "i_per4": 0, "D": 0, "refute": false, "halt": false, "ok": true, "secs": 4.5, "hwm_gb": 0.18, "certs": [["results/certs/s71/21_5_5_3_2_d9_hybrid_p2147483647.json.gz", 7347], ["results/certs/s71/21_5_5_3_2_d9_hybrid_p2147483629.json.gz", 7348]]}
