      level 1: 36 prefixes
      level 2: 389 prefixes
      level 3: 2054 prefixes
      level 4: 7361 prefixes
      level 5: 19112 prefixes
      level 6: 38933 prefixes
      level 7: 60967 prefixes
      level 8: 75089 prefixes
      level 9: 80595 prefixes
      level 10: 81798 prefixes
      level 11: 81890 prefixes
      level 12: 81890 prefixes
      level 13: 81890 prefixes
      level 14: 81890 prefixes
      level 15: 81890 prefixes
      level 16: 81890 prefixes
      level 17: 81890 prefixes
      level 18: 81890 prefixes
  lam=(49, 17, 4, 1, 1): N_S=81890 |Stab|=2 n_chi=30639 (orbits dropped: 20612) [lean, 0s, HWM 0.09 GB]
    E_01: |H|=2 targets 68211 canonical rows 25453 nnz 146049 (obstructed fixed targets cancelled: 6663) [1s, HWM 0.10 GB]
    E_12: |H|=2 targets 42985 canonical rows 15833 nnz 76280 (obstructed fixed targets cancelled: 3119) [1s, HWM 0.10 GB]
    E_23: |H|=1 targets 29232 canonical rows 28869 nnz 61278 (obstructed fixed targets cancelled: 0) [1s, HWM 0.10 GB]
    E_34: |H|=1 targets 51251 canonical rows 0 nnz 0 (obstructed fixed targets cancelled: 0) [1s, HWM 0.10 GB]
  built (49, 17, 4, 1, 1) d18: N_S=81890 |Stab|=2 n_chi=30639 rows=70155 nnz=283607 (2s: mono 0s orbits 0s rows 1s; HWM 0.10 GB)
  sieve (49, 17, 4, 1, 1) d18: cover(E) 30478/30639 by reversed (a=150, |U|=161, excess 11; {'natural': 28004, 'reversed': 30478, 'fill_asc': 23995, 'fill_desc': 24236, 'random': 20547}); cover(E_red) 25486/25633 (0.2s)
    hybrid[49_17_4_1_1d18] p=2147483647 attempt 0: |S|=30478 |U|=161 (a=150, excess 11) m=225 projected nullity 150, verified=True, rank 150 [split 0.1s trisolve 0.1s schur 0.3s null 0.0s lift 1.3s]
    hybrid[49_17_4_1_1d18] p=2147483629 attempt 0: |S|=30478 |U|=161 (a=150, excess 11) m=225 projected nullity 150, verified=True, rank 150 [split 0.1s trisolve 0.1s schur 0.3s null 0.0s lift 1.3s]
  RESULT (49, 17, 4, 1, 1) d18: a=150 n_chi=30639 |U|=161 mult_det=150 mult_per4=150 mult_red(star)=149 mult_red(pts)=149 i_det=0 i_red=1 i_per4=0 D=-1  (20.2s, HWM 0.49 GB)
RESULT {"lam": [49, 17, 4, 1, 1], "delta": 18, "ell": 5, "a": 150, "K": 158, "N_S": 81890, "stab": 2, "n_chi": 30639, "nrows": 70155, "nnz": 283607, "nfixed": 9782, "build_secs": 2.1, "build_hwm_gb": 0.1, "route": "hybrid", "h_pad": 325, "seeds": {"det": 11, "red": 29, "per4": 47, "hybrid": 20260908}, "bound": 40, "primes": [2147483647, 2147483629], "n_red": 25633, "cover_E": {"size": 30478, "order": "reversed", "stats": {"natural": 28004, "reversed": 30478, "fill_asc": 23995, "fill_desc": 24236, "random": 20547}, "n_chi": 30639, "a": 150, "excess": 11, "certified_rank_lb": 30478}, "cover_Ered": {"size": 25486, "order": "reversed", "stats": {"natural": 23716, "reversed": 25486, "fill_asc": 20755, "fill_desc": 20906, "random": 17637}, "n_red": 25633, "certified": false}, "sieve_secs": 0.2, "pred_mem_x_bytes": 19627832, "primes_concurrent": true, "per_prime": {"2147483647": {"sides": {"det": {"mult": 150, "nullity": 0, "instrument": "hybrid kernel + det evaluation rows"}, "per4": {"mult": 150, "nullity": 0, "instrument": "hybrid kernel + per4 evaluation rows"}, "red_pts": {"mult": 149, "nullity": 1, "instrument": "hybrid kernel + red_pts evaluation rows"}, "red_star": {"mult": 149, "nullity": 1, "instrument": "hybrid kernel + (star)"}}, "hybrid": {"nS": 30478, "nU": 161, "excess": 11, "nnzT": 96558, "rows_other": 39677, "order": "reversed", "cover_stats": {"natural": 28004, "reversed": 30478, "fill_asc": 23995, "fill_desc": 24236, "random": 20547}, "attempts": [{"attempt": 0, "m": 225, "nproj": 8, "projected_nullity": 150, "verified": true, "rank": 150, "secs": {"split": 0.1, "trisolve": 0.1, "schur": 0.3, "nullspace": 0.0, "lift_verify": 1.3}}], "secs": 1.9}, "ev_secs": 12.0, "rank_secs": 3.9, "secs": 17.8, "hwm_gb": 0.49}, "2147483629": {"sides": {"det": {"mult": 150, "nullity": 0, "instrument": "hybrid kernel + det evaluation rows"}, "per4": {"mult": 150, "nullity": 0, "instrument": "hybrid kernel + per4 evaluation rows"}, "red_pts": {"mult": 149, "nullity": 1, "instrument": "hybrid kernel + red_pts evaluation rows"}, "red_star": {"mult": 149, "nullity": 1, "instrument": "hybrid kernel + (star)"}}, "hybrid": {"nS": 30478, "nU": 161, "excess": 11, "nnzT": 96558, "rows_other": 39677, "order": "reversed", "cover_stats": {"natural": 28004, "reversed": 30478, "fill_asc": 23995, "fill_desc": 24236, "random": 20547}, "attempts": [{"attempt": 0, "m": 225, "nproj": 8, "projected_nullity": 150, "verified": true, "rank": 150, "secs": {"split": 0.1, "trisolve": 0.1, "schur": 0.3, "nullspace": 0.0, "lift_verify": 1.3}}], "secs": 2.0}, "ev_secs": 11.8, "rank_secs": 3.8, "secs": 17.5, "hwm_gb": 0.49}}, "sides": {"det": {"mult": 150, "per_prime": {"2147483647": 150, "2147483629": 150}, "primes_agree": true, "instrument": "hybrid kernel + det evaluation rows", "status": "proved (full rank at both primes: mult = a over Q)"}, "per4": {"mult": 150, "per_prime": {"2147483647": 150, "2147483629": 150}, "primes_agree": true, "instrument": "hybrid kernel + per4 evaluation rows", "status": "proved (full rank at both primes: mult = a over Q)"}, "red_star": {"mult": 149, "per_prime": {"2147483647": 149, "2147483629": 149}, "primes_agree": true, "instrument": "hybrid kernel + (star)", "status": "measured (exact mod both primes, kernel exhibited): mult = 149"}, "red_pts": {"mult": 149, "per_prime": {"2147483647": 149, "2147483629": 149}, "primes_agree": true, "instrument": "hybrid kernel + red_pts evaluation rows", "status": "measured (exact mod both primes, kernel exhibited): mult = 149"}}, "mult_det": 150, "mult_per4": 150, "mult_red_star": 149, "mult_red_pts": 149, "mult_red": 149, "star_eq_pts": true, "i_det": 0, "i_red": 1, "i_per4": 0, "D": -1, "refute": false, "halt": false, "ok": true, "secs": 20.2, "hwm_gb": 0.49, "certs": [["results/certs/s71/49_17_4_1_1_d18_hybrid_p2147483647.json.gz", 48584], ["results/certs/s71/49_17_4_1_1_d18_hybrid_p2147483629.json.gz", 48585]]}
