      level 1: 48 prefixes
      level 2: 718 prefixes
      level 3: 4922 prefixes
      level 4: 20745 prefixes
      level 5: 56067 prefixes
      level 6: 94232 prefixes
      level 7: 111742 prefixes
      level 8: 115197 prefixes
      level 9: 115413 prefixes
      level 10: 115413 prefixes
      level 11: 115413 prefixes
      level 12: 115413 prefixes
      level 13: 115413 prefixes
      level 14: 115413 prefixes
  lam=(37, 12, 3, 3, 1): N_S=115413 |Stab|=2 n_chi=55088 (orbits dropped: 5237) [lean, 0s, HWM 0.10 GB]
    E_01: |H|=2 targets 88050 canonical rows 41977 nnz 247271 (obstructed fixed targets cancelled: 2917) [1s, HWM 0.10 GB]
    E_12: |H|=1 targets 55382 canonical rows 55375 nnz 240333 (obstructed fixed targets cancelled: 0) [1s, HWM 0.10 GB]
    E_23: |H|=1 targets 97187 canonical rows 95786 nnz 219489 (obstructed fixed targets cancelled: 0) [2s, HWM 0.11 GB]
    E_34: |H|=1 targets 45604 canonical rows 45575 nnz 110176 (obstructed fixed targets cancelled: 0) [2s, HWM 0.11 GB]
  built (37, 12, 3, 3, 1) d14: N_S=115413 |Stab|=2 n_chi=55088 rows=238713 nnz=817269 (3s: mono 1s orbits 0s rows 2s; HWM 0.11 GB)
  sieve (37, 12, 3, 3, 1) d14: cover(E) 54972/55088 by reversed (a=87, |U|=116, excess 29; {'natural': 52866, 'reversed': 54972, 'fill_asc': 49023, 'fill_desc': 49870, 'random': 43212}); cover(E_red) 43632/43729 (0.4s)
    hybrid[37_12_3_3_1d14] p=2147483647 attempt 0: |S|=54972 |U|=116 (a=87, excess 29) m=180 projected nullity 87, verified=True, rank 87 [split 0.1s trisolve 0.1s schur 0.8s null 0.0s lift 2.4s]
    hybrid[37_12_3_3_1d14] p=2147483629 attempt 0: |S|=54972 |U|=116 (a=87, excess 29) m=180 projected nullity 87, verified=True, rank 87 [split 0.1s trisolve 0.1s schur 0.8s null 0.0s lift 2.5s]
  RESULT (37, 12, 3, 3, 1) d14: a=87 n_chi=55088 |U|=116 mult_det=87 mult_per4=87 mult_red(star)=87 mult_red(pts)=87 i_det=0 i_red=0 i_per4=0 D=0  (20.0s, HWM 0.53 GB)
RESULT {"lam": [37, 12, 3, 3, 1], "delta": 14, "ell": 5, "a": 87, "K": 95, "N_S": 115413, "stab": 2, "n_chi": 55088, "nrows": 238713, "nnz": 817269, "nfixed": 2917, "build_secs": 2.7, "build_hwm_gb": 0.11, "route": "hybrid", "h_pad": 204, "seeds": {"det": 11, "red": 29, "per4": 47, "hybrid": 20260908}, "bound": 40, "primes": [2147483647, 2147483629], "n_red": 43729, "cover_E": {"size": 54972, "order": "reversed", "stats": {"natural": 52866, "reversed": 54972, "fill_asc": 49023, "fill_desc": 49870, "random": 43212}, "n_chi": 55088, "a": 87, "excess": 29, "certified_rank_lb": 54972}, "cover_Ered": {"size": 43632, "order": "reversed", "stats": {"natural": 42311, "reversed": 43632, "fill_asc": 39568, "fill_desc": 40115, "random": 34801}, "n_red": 43729, "certified": false}, "sieve_secs": 0.4, "pred_mem_x_bytes": 25507008, "primes_concurrent": true, "per_prime": {"2147483647": {"sides": {"det": {"mult": 87, "nullity": 0, "instrument": "hybrid kernel + det evaluation rows"}, "per4": {"mult": 87, "nullity": 0, "instrument": "hybrid kernel + per4 evaluation rows"}, "red_pts": {"mult": 87, "nullity": 0, "instrument": "hybrid kernel + red_pts evaluation rows"}, "red_star": {"mult": 87, "nullity": 0, "instrument": "hybrid kernel + (star)"}}, "hybrid": {"nS": 54972, "nU": 116, "excess": 29, "nnzT": 129568, "rows_other": 183741, "order": "reversed", "cover_stats": {"natural": 52866, "reversed": 54972, "fill_asc": 49023, "fill_desc": 49870, "random": 43212}, "attempts": [{"attempt": 0, "m": 180, "nproj": 8, "projected_nullity": 87, "verified": true, "rank": 87, "secs": {"split": 0.1, "trisolve": 0.1, "schur": 0.8, "nullspace": 0.0, "lift_verify": 2.4}}], "secs": 3.6}, "ev_secs": 9.6, "rank_secs": 3.4, "secs": 16.6, "hwm_gb": 0.53}, "2147483629": {"sides": {"det": {"mult": 87, "nullity": 0, "instrument": "hybrid kernel + det evaluation rows"}, "per4": {"mult": 87, "nullity": 0, "instrument": "hybrid kernel + per4 evaluation rows"}, "red_pts": {"mult": 87, "nullity": 0, "instrument": "hybrid kernel + red_pts evaluation rows"}, "red_star": {"mult": 87, "nullity": 0, "instrument": "hybrid kernel + (star)"}}, "hybrid": {"nS": 54972, "nU": 116, "excess": 29, "nnzT": 129568, "rows_other": 183741, "order": "reversed", "cover_stats": {"natural": 52866, "reversed": 54972, "fill_asc": 49023, "fill_desc": 49870, "random": 43212}, "attempts": [{"attempt": 0, "m": 180, "nproj": 8, "projected_nullity": 87, "verified": true, "rank": 87, "secs": {"split": 0.1, "trisolve": 0.1, "schur": 0.8, "nullspace": 0.0, "lift_verify": 2.5}}], "secs": 3.7}, "ev_secs": 9.8, "rank_secs": 3.3, "secs": 16.7, "hwm_gb": 0.53}}, "sides": {"det": {"mult": 87, "per_prime": {"2147483647": 87, "2147483629": 87}, "primes_agree": true, "instrument": "hybrid kernel + det evaluation rows", "status": "proved (full rank at both primes: mult = a over Q)"}, "per4": {"mult": 87, "per_prime": {"2147483647": 87, "2147483629": 87}, "primes_agree": true, "instrument": "hybrid kernel + per4 evaluation rows", "status": "proved (full rank at both primes: mult = a over Q)"}, "red_star": {"mult": 87, "per_prime": {"2147483647": 87, "2147483629": 87}, "primes_agree": true, "instrument": "hybrid kernel + (star)", "status": "proved (full rank at both primes: mult = a over Q)"}, "red_pts": {"mult": 87, "per_prime": {"2147483647": 87, "2147483629": 87}, "primes_agree": true, "instrument": "hybrid kernel + red_pts evaluation rows", "status": "proved (full rank at both primes: mult = a over Q)"}}, "mult_det": 87, "mult_per4": 87, "mult_red_star": 87, "mult_red_pts": 87, "mult_red": 87, "star_eq_pts": true, "i_det": 0, "i_red": 0, "i_per4": 0, "D": 0, "refute": false, "halt": false, "ok": true, "secs": 20.0, "hwm_gb": 0.53, "certs": [["results/certs/s71/37_12_3_3_1_d14_hybrid_p2147483647.json.gz", 30916], ["results/certs/s71/37_12_3_3_1_d14_hybrid_p2147483629.json.gz", 30914]]}
