      level 1: 59 prefixes
      level 2: 1446 prefixes
      level 3: 17079 prefixes
      level 4: 94028 prefixes
      level 5: 212408 prefixes
      level 6: 262233 prefixes
      level 7: 267722 prefixes
      level 8: 267824 prefixes
      level 9: 267824 prefixes
  lam=(20, 5, 5, 3, 3): N_S=267824 |Stab|=4 n_chi=64258 (orbits dropped: 6188) [lean, 1s, HWM 0.13 GB]
    E_01: |H|=2 targets 142547 canonical rows 68579 nnz 393688 (obstructed fixed targets cancelled: 3613) [1s, HWM 0.13 GB]
    E_12: |H|=2 targets 241672 canonical rows 116536 nnz 387909 (obstructed fixed targets cancelled: 2672) [2s, HWM 0.16 GB]
    E_23: |H|=1 targets 175968 canonical rows 175942 nnz 574954 (obstructed fixed targets cancelled: 0) [3s, HWM 0.16 GB]
    E_34: |H|=2 targets 223527 canonical rows 109141 nnz 264120 (obstructed fixed targets cancelled: 1067) [4s, HWM 0.16 GB]
  built (20, 5, 5, 3, 3) d9: N_S=267824 |Stab|=4 n_chi=64258 rows=470198 nnz=1620671 (5s: mono 1s orbits 1s rows 4s; HWM 0.16 GB)
  sieve (20, 5, 5, 3, 3) d9: cover(E) 64211/64258 by reversed (a=8, |U|=47, excess 39; {'natural': 63103, 'reversed': 64211, 'fill_asc': 60769, 'fill_desc': 61566, 'random': 52798}); cover(E_red) 49448/49487 (0.8s)
    hybrid[20_5_5_3_3d9] p=2147483629 attempt 0: |S|=64211 |U|=47 (a=8, excess 39) m=111 projected nullity 8, verified=True, rank 8 [split 0.1s trisolve 0.1s schur 0.8s null 0.0s lift 0.7s]
    hybrid[20_5_5_3_3d9] p=2147483647 attempt 0: |S|=64211 |U|=47 (a=8, excess 39) m=111 projected nullity 8, verified=True, rank 8 [split 0.1s trisolve 0.1s schur 0.8s null 0.0s lift 0.7s]
  RESULT (20, 5, 5, 3, 3) d9: a=8 n_chi=64258 |U|=47 mult_det=8 mult_per4=8 mult_red(star)=8 mult_red(pts)=8 i_det=0 i_red=0 i_per4=0 D=0  (10.1s, HWM 0.24 GB)
RESULT {"lam": [20, 5, 5, 3, 3], "delta": 9, "ell": 5, "a": 8, "K": 16, "N_S": 267824, "stab": 4, "n_chi": 64258, "nrows": 470198, "nnz": 1620671, "nfixed": 7352, "build_secs": 4.7, "build_hwm_gb": 0.16, "route": "hybrid", "h_pad": 19, "seeds": {"det": 11, "red": 29, "per4": 47, "hybrid": 20260908}, "bound": 40, "primes": [2147483647, 2147483629], "n_red": 49487, "cover_E": {"size": 64211, "order": "reversed", "stats": {"natural": 63103, "reversed": 64211, "fill_asc": 60769, "fill_desc": 61566, "random": 52798}, "n_chi": 64258, "a": 8, "excess": 39, "certified_rank_lb": 64211}, "cover_Ered": {"size": 49448, "order": "reversed", "stats": {"natural": 48832, "reversed": 49448, "fill_asc": 47698, "fill_desc": 47852, "random": 41619}, "n_red": 49487, "certified": false}, "sieve_secs": 0.8, "pred_mem_x_bytes": 12071668, "primes_concurrent": true, "per_prime": {"2147483647": {"sides": {"det": {"mult": 8, "nullity": 0, "instrument": "hybrid kernel + det evaluation rows"}, "per4": {"mult": 8, "nullity": 0, "instrument": "hybrid kernel + per4 evaluation rows"}, "red_pts": {"mult": 8, "nullity": 0, "instrument": "hybrid kernel + red_pts evaluation rows"}, "red_star": {"mult": 8, "nullity": 0, "instrument": "hybrid kernel + (star)"}}, "hybrid": {"nS": 64211, "nU": 47, "excess": 39, "nnzT": 146139, "rows_other": 405987, "order": "reversed", "cover_stats": {"natural": 63103, "reversed": 64211, "fill_asc": 60769, "fill_desc": 61566, "random": 52798}, "attempts": [{"attempt": 0, "m": 111, "nproj": 8, "projected_nullity": 8, "verified": true, "rank": 8, "secs": {"split": 0.1, "trisolve": 0.1, "schur": 0.8, "nullspace": 0.0, "lift_verify": 0.7}}], "secs": 1.7}, "ev_secs": 2.5, "rank_secs": 0.1, "secs": 4.4, "hwm_gb": 0.24}, "2147483629": {"sides": {"det": {"mult": 8, "nullity": 0, "instrument": "hybrid kernel + det evaluation rows"}, "per4": {"mult": 8, "nullity": 0, "instrument": "hybrid kernel + per4 evaluation rows"}, "red_pts": {"mult": 8, "nullity": 0, "instrument": "hybrid kernel + red_pts evaluation rows"}, "red_star": {"mult": 8, "nullity": 0, "instrument": "hybrid kernel + (star)"}}, "hybrid": {"nS": 64211, "nU": 47, "excess": 39, "nnzT": 146139, "rows_other": 405987, "order": "reversed", "cover_stats": {"natural": 63103, "reversed": 64211, "fill_asc": 60769, "fill_desc": 61566, "random": 52798}, "attempts": [{"attempt": 0, "m": 111, "nproj": 8, "projected_nullity": 8, "verified": true, "rank": 8, "secs": {"split": 0.1, "trisolve": 0.1, "schur": 0.8, "nullspace": 0.0, "lift_verify": 0.7}}], "secs": 1.7}, "ev_secs": 2.5, "rank_secs": 0.2, "secs": 4.3, "hwm_gb": 0.24}}, "sides": {"det": {"mult": 8, "per_prime": {"2147483647": 8, "2147483629": 8}, "primes_agree": true, "instrument": "hybrid kernel + det evaluation rows", "status": "proved (full rank at both primes: mult = a over Q)"}, "per4": {"mult": 8, "per_prime": {"2147483647": 8, "2147483629": 8}, "primes_agree": true, "instrument": "hybrid kernel + per4 evaluation rows", "status": "proved (full rank at both primes: mult = a over Q)"}, "red_star": {"mult": 8, "per_prime": {"2147483647": 8, "2147483629": 8}, "primes_agree": true, "instrument": "hybrid kernel + (star)", "status": "proved (full rank at both primes: mult = a over Q)"}, "red_pts": {"mult": 8, "per_prime": {"2147483647": 8, "2147483629": 8}, "primes_agree": true, "instrument": "hybrid kernel + red_pts evaluation rows", "status": "proved (full rank at both primes: mult = a over Q)"}}, "mult_det": 8, "mult_per4": 8, "mult_red_star": 8, "mult_red_pts": 8, "mult_red": 8, "star_eq_pts": true, "i_det": 0, "i_red": 0, "i_per4": 0, "D": 0, "refute": false, "halt": false, "ok": true, "secs": 10.1, "hwm_gb": 0.24, "certs": [["results/certs/s71/20_5_5_3_3_d9_hybrid_p2147483647.json.gz", 6666], ["results/certs/s71/20_5_5_3_3_d9_hybrid_p2147483629.json.gz", 6667]]}
