      level 1: 36 prefixes
      level 2: 442 prefixes
      level 3: 2872 prefixes
      level 4: 12717 prefixes
      level 5: 40018 prefixes
      level 6: 94549 prefixes
      level 7: 167256 prefixes
      level 8: 222460 prefixes
      level 9: 246453 prefixes
      level 10: 252388 prefixes
      level 11: 253059 prefixes
      level 12: 253076 prefixes
      level 13: 253076 prefixes
      level 14: 253076 prefixes
      level 15: 253076 prefixes
      level 16: 253076 prefixes
      level 17: 253076 prefixes
      level 18: 253076 prefixes
  lam=(48, 16, 6, 1, 1): N_S=253076 |Stab|=2 n_chi=97103 (orbits dropped: 58870) [lean, 1s, HWM 0.16 GB]
    E_01: |H|=2 targets 205405 canonical rows 78710 nnz 478627 (obstructed fixed targets cancelled: 18373) [2s, HWM 0.16 GB]
    E_12: |H|=2 targets 164946 canonical rows 62758 nnz 314563 (obstructed fixed targets cancelled: 10310) [4s, HWM 0.16 GB]
    E_23: |H|=1 targets 73921 canonical rows 73682 nnz 194206 (obstructed fixed targets cancelled: 0) [4s, HWM 0.16 GB]
    E_34: |H|=1 targets 155973 canonical rows 0 nnz 0 (obstructed fixed targets cancelled: 0) [5s, HWM 0.16 GB]
  built (48, 16, 6, 1, 1) d18: N_S=253076 |Stab|=2 n_chi=97103 rows=215150 nnz=987396 (7s: mono 1s orbits 1s rows 5s; HWM 0.16 GB)
  sieve (48, 16, 6, 1, 1) d18: cover(E) 96533/97103 by reversed (a=469, |U|=570, excess 101; {'natural': 88097, 'reversed': 96533, 'fill_asc': 73669, 'fill_desc': 73893, 'random': 58240}); cover(E_red) 83698/84232 (0.7s)
    hybrid[48_16_6_1_1d18] p=2147483629 attempt 0: |S|=96533 |U|=570 (a=469, excess 101) m=634 blocks 1x570 projected nullity 469, verified=True, rank 469 [split 0.3s trisolve 15.4s schur 7.5s null 0.7s lift 21.2s rank 3.8s]
    hybrid[48_16_6_1_1d18] p=2147483647 attempt 0: |S|=96533 |U|=570 (a=469, excess 101) m=634 blocks 1x570 projected nullity 469, verified=True, rank 469 [split 0.3s trisolve 15.3s schur 7.6s null 0.7s lift 21.3s rank 4.1s]
  RESULT (48, 16, 6, 1, 1) d18: a=469 n_chi=97103 |U|=570 mult_det=469 mult_per4=469 mult_red(star)=465 mult_red(pts)=465 i_det=0 i_red=4 i_per4=0 D=-4  (470.7s, HWM 2.9 GB)
RESULT {"lam": [48, 16, 6, 1, 1], "delta": 18, "ell": 5, "a": 469, "K": 477, "N_S": 253076, "stab": 2, "n_chi": 97103, "nrows": 215150, "nnz": 987396, "nfixed": 28683, "build_secs": 7.3, "build_hwm_gb": 0.16, "route": "hybrid", "h_pad": 780, "seeds": {"det": 11, "red": 29, "per4": 47, "hybrid": 20260908}, "bound": 40, "primes": [2147483647, 2147483629], "n_red": 84232, "cover_E": {"size": 96533, "order": "reversed", "stats": {"natural": 88097, "reversed": 96533, "fill_asc": 73669, "fill_desc": 73893, "random": 58240}, "n_chi": 97103, "a": 469, "excess": 101, "certified_rank_lb": 96533}, "cover_Ered": {"size": 83698, "order": "reversed", "stats": {"natural": 77405, "reversed": 83698, "fill_asc": 65848, "fill_desc": 65857, "random": 51914}, "n_red": 84232, "certified": false}, "sieve_secs": 0.7, "pred_mem_x_bytes": 402260468, "primes_concurrent": true, "per_prime": {"2147483647": {"sides": {"det": {"mult": 469, "nullity": 0, "instrument": "hybrid kernel + det evaluation rows"}, "per4": {"mult": 469, "nullity": 0, "instrument": "hybrid kernel + per4 evaluation rows"}, "red_pts": {"mult": 465, "nullity": 4, "instrument": "hybrid kernel + red_pts evaluation rows"}, "red_star": {"mult": 465, "nullity": 4, "instrument": "hybrid kernel + (star)"}}, "hybrid": {"nS": 96533, "nU": 570, "excess": 101, "nnzT": 360710, "rows_other": 118617, "order": "reversed", "cover_stats": {"natural": 88097, "reversed": 96533, "fill_asc": 73669, "fill_desc": 73893, "random": 58240}, "ublock": 570, "nblocks": 1, "attempts": [{"attempt": 0, "m": 634, "nproj": 8, "projected_nullity": 469, "verified": true, "rank": 469, "secs": {"split": 0.3, "trisolve": 15.3, "schur": 7.6, "nullspace": 0.7, "lift_verify": 21.3, "rank": 4.1}}], "secs": 49.5}, "ev_secs": 281.6, "rank_secs": 131.3, "secs": 462.4, "hwm_gb": 2.9}, "2147483629": {"sides": {"det": {"mult": 469, "nullity": 0, "instrument": "hybrid kernel + det evaluation rows"}, "per4": {"mult": 469, "nullity": 0, "instrument": "hybrid kernel + per4 evaluation rows"}, "red_pts": {"mult": 465, "nullity": 4, "instrument": "hybrid kernel + red_pts evaluation rows"}, "red_star": {"mult": 465, "nullity": 4, "instrument": "hybrid kernel + (star)"}}, "hybrid": {"nS": 96533, "nU": 570, "excess": 101, "nnzT": 360710, "rows_other": 118617, "order": "reversed", "cover_stats": {"natural": 88097, "reversed": 96533, "fill_asc": 73669, "fill_desc": 73893, "random": 58240}, "ublock": 570, "nblocks": 1, "attempts": [{"attempt": 0, "m": 634, "nproj": 8, "projected_nullity": 469, "verified": true, "rank": 469, "secs": {"split": 0.3, "trisolve": 15.4, "schur": 7.5, "nullspace": 0.7, "lift_verify": 21.2, "rank": 3.8}}], "secs": 48.9}, "ev_secs": 282.6, "rank_secs": 130.6, "secs": 462.2, "hwm_gb": 2.9}}, "sides": {"det": {"mult": 469, "per_prime": {"2147483647": 469, "2147483629": 469}, "primes_agree": true, "instrument": "hybrid kernel + det evaluation rows", "status": "proved (full rank at both primes: mult = a over Q)"}, "per4": {"mult": 469, "per_prime": {"2147483647": 469, "2147483629": 469}, "primes_agree": true, "instrument": "hybrid kernel + per4 evaluation rows", "status": "proved (full rank at both primes: mult = a over Q)"}, "red_star": {"mult": 465, "per_prime": {"2147483647": 465, "2147483629": 465}, "primes_agree": true, "instrument": "hybrid kernel + (star)", "status": "measured (exact mod both primes, kernel exhibited): mult = 465"}, "red_pts": {"mult": 465, "per_prime": {"2147483647": 465, "2147483629": 465}, "primes_agree": true, "instrument": "hybrid kernel + red_pts evaluation rows", "status": "measured (exact mod both primes, kernel exhibited): mult = 465"}}, "mult_det": 469, "mult_per4": 469, "mult_red_star": 465, "mult_red_pts": 465, "mult_red": 465, "star_eq_pts": true, "i_det": 0, "i_red": 4, "i_per4": 0, "D": -4, "refute": false, "halt": false, "ok": true, "secs": 470.7, "hwm_gb": 2.9, "certs": [["results/certs/s71/48_16_6_1_1_d18_hybrid_p2147483647.json.gz", 139228], ["results/certs/s71/48_16_6_1_1_d18_hybrid_p2147483629.json.gz", 139231]]}
