      level 1: 54 prefixes
      level 2: 1058 prefixes
      level 3: 10377 prefixes
      level 4: 49120 prefixes
      level 5: 103390 prefixes
      level 6: 126043 prefixes
      level 7: 128768 prefixes
      level 8: 128827 prefixes
      level 9: 128827 prefixes
      level 10: 128827 prefixes
      level 11: 128827 prefixes
  lam=(28, 6, 6, 2, 2): N_S=128827 |Stab|=4 n_chi=35612 (orbits dropped: 0) [lean, 0s, HWM 0.10 GB]
    E_01: |H|=2 targets 73768 canonical rows 40074 nnz 228925 (obstructed fixed targets cancelled: 0) [0s, HWM 0.10 GB]
    E_12: |H|=2 targets 118742 canonical rows 64235 nnz 226767 (obstructed fixed targets cancelled: 0) [1s, HWM 0.11 GB]
    E_23: |H|=1 targets 60022 canonical rows 60022 nnz 213398 (obstructed fixed targets cancelled: 0) [1s, HWM 0.11 GB]
    E_34: |H|=2 targets 97207 canonical rows 49206 nnz 94474 (obstructed fixed targets cancelled: 0) [2s, HWM 0.11 GB]
  built (28, 6, 6, 2, 2) d11: N_S=128827 |Stab|=4 n_chi=35612 rows=213537 nnz=763564 (3s: mono 0s orbits 0s rows 2s; HWM 0.11 GB)
  sieve (28, 6, 6, 2, 2) d11: cover(E) 35551/35612 by reversed (a=43, |U|=61, excess 18; {'natural': 34406, 'reversed': 35551, 'fill_asc': 32931, 'fill_desc': 32653, 'random': 27878}); cover(E_red) 25901/25945 (0.3s)
    hybrid[28_6_6_2_2d11] p=2147483647 attempt 0: |S|=35551 |U|=61 (a=43, excess 18) m=125 projected nullity 43, verified=True, rank 43 [split 0.1s trisolve 0.0s schur 0.4s null 0.0s lift 1.1s]
    hybrid[28_6_6_2_2d11] p=2147483629 attempt 0: |S|=35551 |U|=61 (a=43, excess 18) m=125 projected nullity 43, verified=True, rank 43 [split 0.1s trisolve 0.0s schur 0.5s null 0.0s lift 1.2s]
  RESULT (28, 6, 6, 2, 2) d11: a=43 n_chi=35612 |U|=61 mult_det=43 mult_per4=43 mult_red(star)=43 mult_red(pts)=43 i_det=0 i_red=0 i_per4=0 D=0  (10.2s, HWM 0.25 GB)
RESULT {"lam": [28, 6, 6, 2, 2], "delta": 11, "ell": 5, "a": 43, "K": 51, "N_S": 128827, "stab": 4, "n_chi": 35612, "nrows": 213537, "nnz": 763564, "nfixed": 0, "build_secs": 2.5, "build_hwm_gb": 0.11, "route": "hybrid", "h_pad": 94, "seeds": {"det": 11, "red": 29, "per4": 47, "hybrid": 20260908}, "bound": 40, "primes": [2147483647, 2147483629], "n_red": 25945, "cover_E": {"size": 35551, "order": "reversed", "stats": {"natural": 34406, "reversed": 35551, "fill_asc": 32931, "fill_desc": 32653, "random": 27878}, "n_chi": 35612, "a": 43, "excess": 18, "certified_rank_lb": 35551}, "cover_Ered": {"size": 25901, "order": "reversed", "stats": {"natural": 25328, "reversed": 25901, "fill_asc": 24866, "fill_desc": 24415, "random": 21210}, "n_red": 25945, "certified": false}, "sieve_secs": 0.3, "pred_mem_x_bytes": 8674444, "primes_concurrent": true, "per_prime": {"2147483647": {"sides": {"det": {"mult": 43, "nullity": 0, "instrument": "hybrid kernel + det evaluation rows"}, "per4": {"mult": 43, "nullity": 0, "instrument": "hybrid kernel + per4 evaluation rows"}, "red_pts": {"mult": 43, "nullity": 0, "instrument": "hybrid kernel + red_pts evaluation rows"}, "red_star": {"mult": 43, "nullity": 0, "instrument": "hybrid kernel + (star)"}}, "hybrid": {"nS": 35551, "nU": 61, "excess": 18, "nnzT": 83590, "rows_other": 177986, "order": "reversed", "cover_stats": {"natural": 34406, "reversed": 35551, "fill_asc": 32931, "fill_desc": 32653, "random": 27878}, "attempts": [{"attempt": 0, "m": 125, "nproj": 8, "projected_nullity": 43, "verified": true, "rank": 43, "secs": {"split": 0.1, "trisolve": 0.0, "schur": 0.4, "nullspace": 0.0, "lift_verify": 1.1}}], "secs": 1.7}, "ev_secs": 4.5, "rank_secs": 0.7, "secs": 6.9, "hwm_gb": 0.25}, "2147483629": {"sides": {"det": {"mult": 43, "nullity": 0, "instrument": "hybrid kernel + det evaluation rows"}, "per4": {"mult": 43, "nullity": 0, "instrument": "hybrid kernel + per4 evaluation rows"}, "red_pts": {"mult": 43, "nullity": 0, "instrument": "hybrid kernel + red_pts evaluation rows"}, "red_star": {"mult": 43, "nullity": 0, "instrument": "hybrid kernel + (star)"}}, "hybrid": {"nS": 35551, "nU": 61, "excess": 18, "nnzT": 83590, "rows_other": 177986, "order": "reversed", "cover_stats": {"natural": 34406, "reversed": 35551, "fill_asc": 32931, "fill_desc": 32653, "random": 27878}, "attempts": [{"attempt": 0, "m": 125, "nproj": 8, "projected_nullity": 43, "verified": true, "rank": 43, "secs": {"split": 0.1, "trisolve": 0.0, "schur": 0.5, "nullspace": 0.0, "lift_verify": 1.2}}], "secs": 1.8}, "ev_secs": 4.6, "rank_secs": 0.7, "secs": 7.2, "hwm_gb": 0.25}}, "sides": {"det": {"mult": 43, "per_prime": {"2147483647": 43, "2147483629": 43}, "primes_agree": true, "instrument": "hybrid kernel + det evaluation rows", "status": "proved (full rank at both primes: mult = a over Q)"}, "per4": {"mult": 43, "per_prime": {"2147483647": 43, "2147483629": 43}, "primes_agree": true, "instrument": "hybrid kernel + per4 evaluation rows", "status": "proved (full rank at both primes: mult = a over Q)"}, "red_star": {"mult": 43, "per_prime": {"2147483647": 43, "2147483629": 43}, "primes_agree": true, "instrument": "hybrid kernel + (star)", "status": "proved (full rank at both primes: mult = a over Q)"}, "red_pts": {"mult": 43, "per_prime": {"2147483647": 43, "2147483629": 43}, "primes_agree": true, "instrument": "hybrid kernel + red_pts evaluation rows", "status": "proved (full rank at both primes: mult = a over Q)"}}, "mult_det": 43, "mult_per4": 43, "mult_red_star": 43, "mult_red_pts": 43, "mult_red": 43, "star_eq_pts": true, "i_det": 0, "i_red": 0, "i_per4": 0, "D": 0, "refute": false, "halt": false, "ok": true, "secs": 10.2, "hwm_gb": 0.25, "certs": [["results/certs/s71/28_6_6_2_2_d11_hybrid_p2147483647.json.gz", 17708], ["results/certs/s71/28_6_6_2_2_d11_hybrid_p2147483629.json.gz", 17709]]}
