      level 1: 48 prefixes
      level 2: 718 prefixes
      level 3: 4922 prefixes
      level 4: 20827 prefixes
      level 5: 59848 prefixes
      level 6: 120144 prefixes
      level 7: 167331 prefixes
      level 8: 185637 prefixes
      level 9: 189102 prefixes
      level 10: 189318 prefixes
      level 11: 189318 prefixes
      level 12: 189318 prefixes
      level 13: 189318 prefixes
      level 14: 189318 prefixes
      level 15: 189318 prefixes
      level 16: 189318 prefixes
  lam=(43, 14, 3, 3, 1): N_S=189318 |Stab|=2 n_chi=90495 (orbits dropped: 8328) [lean, 0s, HWM 0.12 GB]
    E_01: |H|=2 targets 149917 canonical rows 71600 nnz 432606 (obstructed fixed targets cancelled: 4809) [2s, HWM 0.13 GB]
    E_12: |H|=1 targets 86438 canonical rows 86424 nnz 395823 (obstructed fixed targets cancelled: 0) [2s, HWM 0.13 GB]
    E_23: |H|=1 targets 159257 canonical rows 157089 nnz 361818 (obstructed fixed targets cancelled: 0) [3s, HWM 0.14 GB]
    E_34: |H|=1 targets 74493 canonical rows 74445 nnz 180990 (obstructed fixed targets cancelled: 0) [4s, HWM 0.14 GB]
  built (43, 14, 3, 3, 1) d16: N_S=189318 |Stab|=2 n_chi=90495 rows=389558 nnz=1371237 (5s: mono 1s orbits 0s rows 4s; HWM 0.14 GB)
  sieve (43, 14, 3, 3, 1) d16: cover(E) 90311/90495 by reversed (a=145, |U|=184, excess 39; {'natural': 86575, 'reversed': 90311, 'fill_asc': 80287, 'fill_desc': 81646, 'random': 70594}); cover(E_red) 74274/74436 (0.8s)
    hybrid[43_14_3_3_1d16] p=2147483629 attempt 0: |S|=90311 |U|=184 (a=145, excess 39) m=248 blocks 1x184 projected nullity 145, verified=True, rank 145 [split 0.2s trisolve 3.2s schur 4.1s null 0.1s lift 10.3s rank 0.7s]
    hybrid[43_14_3_3_1d16] p=2147483647 attempt 0: |S|=90311 |U|=184 (a=145, excess 39) m=248 blocks 1x184 projected nullity 145, verified=True, rank 145 [split 0.2s trisolve 3.2s schur 4.2s null 0.1s lift 10.9s rank 1.0s]
  RESULT (43, 14, 3, 3, 1) d16: a=145 n_chi=90495 |U|=184 mult_det=145 mult_per4=145 mult_red(star)=145 mult_red(pts)=145 i_det=0 i_red=0 i_per4=0 D=0  (113.3s, HWM 1.05 GB)
RESULT {"lam": [43, 14, 3, 3, 1], "delta": 16, "ell": 5, "a": 145, "K": 153, "N_S": 189318, "stab": 2, "n_chi": 90495, "nrows": 389558, "nnz": 1371237, "nfixed": 4809, "build_secs": 5.1, "build_hwm_gb": 0.14, "route": "hybrid", "h_pad": 308, "seeds": {"det": 11, "red": 29, "per4": 47, "hybrid": 20260908}, "bound": 40, "primes": [2147483647, 2147483629], "n_red": 74436, "cover_E": {"size": 90311, "order": "reversed", "stats": {"natural": 86575, "reversed": 90311, "fill_asc": 80287, "fill_desc": 81646, "random": 70594}, "n_chi": 90495, "a": 145, "excess": 39, "certified_rank_lb": 90311}, "cover_Ered": {"size": 74274, "order": "reversed", "stats": {"natural": 71696, "reversed": 74274, "fill_asc": 66969, "fill_desc": 67902, "random": 58667}, "n_red": 74436, "certified": false}, "sieve_secs": 0.8, "pred_mem_x_bytes": 118955996, "primes_concurrent": true, "per_prime": {"2147483647": {"sides": {"det": {"mult": 145, "nullity": 0, "instrument": "hybrid kernel + det evaluation rows"}, "per4": {"mult": 145, "nullity": 0, "instrument": "hybrid kernel + per4 evaluation rows"}, "red_pts": {"mult": 145, "nullity": 0, "instrument": "hybrid kernel + red_pts evaluation rows"}, "red_star": {"mult": 145, "nullity": 0, "instrument": "hybrid kernel + (star)"}}, "hybrid": {"nS": 90311, "nU": 184, "excess": 39, "nnzT": 217433, "rows_other": 299247, "order": "reversed", "cover_stats": {"natural": 86575, "reversed": 90311, "fill_asc": 80287, "fill_desc": 81646, "random": 70594}, "ublock": 184, "nblocks": 1, "attempts": [{"attempt": 0, "m": 248, "nproj": 8, "projected_nullity": 145, "verified": true, "rank": 145, "secs": {"split": 0.2, "trisolve": 3.2, "schur": 4.2, "nullspace": 0.1, "lift_verify": 10.9, "rank": 1.0}}], "secs": 19.7}, "ev_secs": 67.3, "rank_secs": 20.1, "secs": 107.2, "hwm_gb": 1.05}, "2147483629": {"sides": {"det": {"mult": 145, "nullity": 0, "instrument": "hybrid kernel + det evaluation rows"}, "per4": {"mult": 145, "nullity": 0, "instrument": "hybrid kernel + per4 evaluation rows"}, "red_pts": {"mult": 145, "nullity": 0, "instrument": "hybrid kernel + red_pts evaluation rows"}, "red_star": {"mult": 145, "nullity": 0, "instrument": "hybrid kernel + (star)"}}, "hybrid": {"nS": 90311, "nU": 184, "excess": 39, "nnzT": 217433, "rows_other": 299247, "order": "reversed", "cover_stats": {"natural": 86575, "reversed": 90311, "fill_asc": 80287, "fill_desc": 81646, "random": 70594}, "ublock": 184, "nblocks": 1, "attempts": [{"attempt": 0, "m": 248, "nproj": 8, "projected_nullity": 145, "verified": true, "rank": 145, "secs": {"split": 0.2, "trisolve": 3.2, "schur": 4.1, "nullspace": 0.1, "lift_verify": 10.3, "rank": 0.7}}], "secs": 18.8}, "ev_secs": 67.0, "rank_secs": 20.8, "secs": 106.7, "hwm_gb": 1.05}}, "sides": {"det": {"mult": 145, "per_prime": {"2147483647": 145, "2147483629": 145}, "primes_agree": true, "instrument": "hybrid kernel + det evaluation rows", "status": "proved (full rank at both primes: mult = a over Q)"}, "per4": {"mult": 145, "per_prime": {"2147483647": 145, "2147483629": 145}, "primes_agree": true, "instrument": "hybrid kernel + per4 evaluation rows", "status": "proved (full rank at both primes: mult = a over Q)"}, "red_star": {"mult": 145, "per_prime": {"2147483647": 145, "2147483629": 145}, "primes_agree": true, "instrument": "hybrid kernel + (star)", "status": "proved (full rank at both primes: mult = a over Q)"}, "red_pts": {"mult": 145, "per_prime": {"2147483647": 145, "2147483629": 145}, "primes_agree": true, "instrument": "hybrid kernel + red_pts evaluation rows", "status": "proved (full rank at both primes: mult = a over Q)"}}, "mult_det": 145, "mult_per4": 145, "mult_red_star": 145, "mult_red_pts": 145, "mult_red": 145, "star_eq_pts": true, "i_det": 0, "i_red": 0, "i_per4": 0, "D": 0, "refute": false, "halt": false, "ok": true, "secs": 113.3, "hwm_gb": 1.05, "certs": [["results/certs/s71/43_14_3_3_1_d16_hybrid_p2147483647.json.gz", 47083], ["results/certs/s71/43_14_3_3_1_d16_hybrid_p2147483629.json.gz", 47085]]}
