      level 1: 35 prefixes
      level 2: 427 prefixes
      level 3: 3079 prefixes
      level 4: 15374 prefixes
      level 5: 50503 prefixes
      level 6: 99962 prefixes
      level 7: 130017 prefixes
      level 8: 138111 prefixes
      level 9: 139006 prefixes
      level 10: 139028 prefixes
      level 11: 139028 prefixes
      level 12: 139028 prefixes
      level 13: 139028 prefixes
  lam=(32, 10, 8, 1, 1): N_S=139028 |Stab|=2 n_chi=53553 (orbits dropped: 31922) [lean, 0s, HWM 0.10 GB]
    E_01: |H|=2 targets 98706 canonical rows 37849 nnz 223237 (obstructed fixed targets cancelled: 8620) [1s, HWM 0.10 GB]
    E_12: |H|=2 targets 120775 canonical rows 46439 nnz 203331 (obstructed fixed targets cancelled: 5711) [1s, HWM 0.12 GB]
    E_23: |H|=1 targets 35934 canonical rows 35903 nnz 107106 (obstructed fixed targets cancelled: 0) [2s, HWM 0.12 GB]
    E_34: |H|=1 targets 85475 canonical rows 0 nnz 0 (obstructed fixed targets cancelled: 0) [2s, HWM 0.12 GB]
  built (32, 10, 8, 1, 1) d13: N_S=139028 |Stab|=2 n_chi=53553 rows=120191 nnz=533674 (3s: mono 0s orbits 0s rows 2s; HWM 0.12 GB)
  sieve (32, 10, 8, 1, 1) d13: cover(E) 53206/53553 by reversed (a=128, |U|=347, excess 219; {'natural': 49642, 'reversed': 53206, 'fill_asc': 40426, 'fill_desc': 40561, 'random': 31599}); cover(E_red) 44563/44877 (0.3s)
    hybrid[32_10_8_1_1d13] p=2147483647 attempt 0: |S|=53206 |U|=347 (a=128, excess 219) m=411 projected nullity 128, verified=True, rank 128 [split 0.3s trisolve 0.5s schur 1.1s null 0.1s lift 2.2s]
    hybrid[32_10_8_1_1d13] p=2147483629 attempt 0: |S|=53206 |U|=347 (a=128, excess 219) m=411 projected nullity 128, verified=True, rank 128 [split 0.4s trisolve 0.5s schur 1.1s null 0.1s lift 2.2s]
  RESULT (32, 10, 8, 1, 1) d13: a=128 n_chi=53553 |U|=347 mult_det=128 mult_per4=128 mult_red(star)=127 mult_red(pts)=127 i_det=0 i_red=1 i_per4=0 D=-1  (27.3s, HWM 0.71 GB)
RESULT {"lam": [32, 10, 8, 1, 1], "delta": 13, "ell": 5, "a": 128, "K": 136, "N_S": 139028, "stab": 2, "n_chi": 53553, "nrows": 120191, "nnz": 533674, "nfixed": 14331, "build_secs": 2.6, "build_hwm_gb": 0.12, "route": "hybrid", "h_pad": 233, "seeds": {"det": 11, "red": 29, "per4": 47, "hybrid": 20260908}, "bound": 40, "primes": [2147483647, 2147483629], "n_red": 44877, "cover_E": {"size": 53206, "order": "reversed", "stats": {"natural": 49642, "reversed": 53206, "fill_asc": 40426, "fill_desc": 40561, "random": 31599}, "n_chi": 53553, "a": 128, "excess": 219, "certified_rank_lb": 53206}, "cover_Ered": {"size": 44563, "order": "reversed", "stats": {"natural": 42400, "reversed": 44563, "fill_asc": 35115, "fill_desc": 35150, "random": 27473}, "n_red": 44877, "certified": false}, "sieve_secs": 0.3, "pred_mem_x_bytes": 73849928, "primes_concurrent": true, "per_prime": {"2147483647": {"sides": {"det": {"mult": 128, "nullity": 0, "instrument": "hybrid kernel + det evaluation rows"}, "per4": {"mult": 128, "nullity": 0, "instrument": "hybrid kernel + per4 evaluation rows"}, "red_pts": {"mult": 127, "nullity": 1, "instrument": "hybrid kernel + red_pts evaluation rows"}, "red_star": {"mult": 127, "nullity": 1, "instrument": "hybrid kernel + (star)"}}, "hybrid": {"nS": 53206, "nU": 347, "excess": 219, "nnzT": 195591, "rows_other": 66985, "order": "reversed", "cover_stats": {"natural": 49642, "reversed": 53206, "fill_asc": 40426, "fill_desc": 40561, "random": 31599}, "attempts": [{"attempt": 0, "m": 411, "nproj": 8, "projected_nullity": 128, "verified": true, "rank": 128, "secs": {"split": 0.3, "trisolve": 0.5, "schur": 1.1, "nullspace": 0.1, "lift_verify": 2.2}}], "secs": 4.3}, "ev_secs": 13.4, "rank_secs": 6.6, "secs": 24.3, "hwm_gb": 0.71}, "2147483629": {"sides": {"det": {"mult": 128, "nullity": 0, "instrument": "hybrid kernel + det evaluation rows"}, "per4": {"mult": 128, "nullity": 0, "instrument": "hybrid kernel + per4 evaluation rows"}, "red_pts": {"mult": 127, "nullity": 1, "instrument": "hybrid kernel + red_pts evaluation rows"}, "red_star": {"mult": 127, "nullity": 1, "instrument": "hybrid kernel + (star)"}}, "hybrid": {"nS": 53206, "nU": 347, "excess": 219, "nnzT": 195591, "rows_other": 66985, "order": "reversed", "cover_stats": {"natural": 49642, "reversed": 53206, "fill_asc": 40426, "fill_desc": 40561, "random": 31599}, "attempts": [{"attempt": 0, "m": 411, "nproj": 8, "projected_nullity": 128, "verified": true, "rank": 128, "secs": {"split": 0.4, "trisolve": 0.5, "schur": 1.1, "nullspace": 0.1, "lift_verify": 2.2}}], "secs": 4.4}, "ev_secs": 13.0, "rank_secs": 6.2, "secs": 23.6, "hwm_gb": 0.71}}, "sides": {"det": {"mult": 128, "per_prime": {"2147483647": 128, "2147483629": 128}, "primes_agree": true, "instrument": "hybrid kernel + det evaluation rows", "status": "proved (full rank at both primes: mult = a over Q)"}, "per4": {"mult": 128, "per_prime": {"2147483647": 128, "2147483629": 128}, "primes_agree": true, "instrument": "hybrid kernel + per4 evaluation rows", "status": "proved (full rank at both primes: mult = a over Q)"}, "red_star": {"mult": 127, "per_prime": {"2147483647": 127, "2147483629": 127}, "primes_agree": true, "instrument": "hybrid kernel + (star)", "status": "measured (exact mod both primes, kernel exhibited): mult = 127"}, "red_pts": {"mult": 127, "per_prime": {"2147483647": 127, "2147483629": 127}, "primes_agree": true, "instrument": "hybrid kernel + red_pts evaluation rows", "status": "measured (exact mod both primes, kernel exhibited): mult = 127"}}, "mult_det": 128, "mult_per4": 128, "mult_red_star": 127, "mult_red_pts": 127, "mult_red": 127, "star_eq_pts": true, "i_det": 0, "i_red": 1, "i_per4": 0, "D": -1, "refute": false, "halt": false, "ok": true, "secs": 27.3, "hwm_gb": 0.71, "certs": [["results/certs/s71/32_10_8_1_1_d13_hybrid_p2147483647.json.gz", 41845], ["results/certs/s71/32_10_8_1_1_d13_hybrid_p2147483629.json.gz", 41845]]}
