      level 1: 58 prefixes
      level 2: 1350 prefixes
      level 3: 14387 prefixes
      level 4: 62276 prefixes
      level 5: 110859 prefixes
      level 6: 123702 prefixes
      level 7: 124452 prefixes
      level 8: 124452 prefixes
      level 9: 124452 prefixes
      level 10: 124452 prefixes
  lam=(25, 5, 4, 4, 2): N_S=124452 |Stab|=2 n_chi=63749 (orbits dropped: 0) [lean, 0s, HWM 0.10 GB]
    E_01: |H|=2 targets 65591 canonical rows 33758 nnz 191402 (obstructed fixed targets cancelled: 0) [0s, HWM 0.10 GB]
    E_12: |H|=1 targets 98708 canonical rows 98708 nnz 328444 (obstructed fixed targets cancelled: 0) [1s, HWM 0.11 GB]
    E_23: |H|=1 targets 108841 canonical rows 108841 nnz 320252 (obstructed fixed targets cancelled: 0) [1s, HWM 0.11 GB]
    E_34: |H|=1 targets 69092 canonical rows 69092 nnz 206687 (obstructed fixed targets cancelled: 0) [2s, HWM 0.11 GB]
  built (25, 5, 4, 4, 2) d10: N_S=124452 |Stab|=2 n_chi=63749 rows=310399 nnz=1046785 (2s: mono 0s orbits 0s rows 2s; HWM 0.11 GB)
  sieve (25, 5, 4, 4, 2) d10: cover(E) 63674/63749 by reversed (a=20, |U|=75, excess 55; {'natural': 62155, 'reversed': 63674, 'fill_asc': 58522, 'fill_desc': 56384, 'random': 49290}); cover(E_red) 44562/44608 (0.5s)
    hybrid[25_5_4_4_2d10] p=2147483629 attempt 0: |S|=63674 |U|=75 (a=20, excess 55) m=139 projected nullity 20, verified=True, rank 20 [split 0.1s trisolve 0.1s schur 0.7s null 0.0s lift 0.9s]
    hybrid[25_5_4_4_2d10] p=2147483647 attempt 0: |S|=63674 |U|=75 (a=20, excess 55) m=139 projected nullity 20, verified=True, rank 20 [split 0.1s trisolve 0.1s schur 0.7s null 0.0s lift 1.0s]
  RESULT (25, 5, 4, 4, 2) d10: a=20 n_chi=63749 |U|=75 mult_det=20 mult_per4=20 mult_red(star)=20 mult_red(pts)=20 i_det=0 i_red=0 i_per4=0 D=0  (7.6s, HWM 0.28 GB)
RESULT {"lam": [25, 5, 4, 4, 2], "delta": 10, "ell": 5, "a": 20, "K": 28, "N_S": 124452, "stab": 2, "n_chi": 63749, "nrows": 310399, "nnz": 1046785, "nfixed": 0, "build_secs": 2.1, "build_hwm_gb": 0.11, "route": "hybrid", "h_pad": 59, "seeds": {"det": 11, "red": 29, "per4": 47, "hybrid": 20260908}, "bound": 40, "primes": [2147483647, 2147483629], "n_red": 44608, "cover_E": {"size": 63674, "order": "reversed", "stats": {"natural": 62155, "reversed": 63674, "fill_asc": 58522, "fill_desc": 56384, "random": 49290}, "n_chi": 63749, "a": 20, "excess": 55, "certified_rank_lb": 63674}, "cover_Ered": {"size": 44562, "order": "reversed", "stats": {"natural": 44222, "reversed": 44562, "fill_asc": 42122, "fill_desc": 40876, "random": 35774}, "n_red": 44608, "certified": false}, "sieve_secs": 0.5, "pred_mem_x_bytes": 19102200, "primes_concurrent": true, "per_prime": {"2147483647": {"sides": {"det": {"mult": 20, "nullity": 0, "instrument": "hybrid kernel + det evaluation rows"}, "per4": {"mult": 20, "nullity": 0, "instrument": "hybrid kernel + per4 evaluation rows"}, "red_pts": {"mult": 20, "nullity": 0, "instrument": "hybrid kernel + red_pts evaluation rows"}, "red_star": {"mult": 20, "nullity": 0, "instrument": "hybrid kernel + (star)"}}, "hybrid": {"nS": 63674, "nU": 75, "excess": 55, "nnzT": 155997, "rows_other": 246725, "order": "reversed", "cover_stats": {"natural": 62155, "reversed": 63674, "fill_asc": 58522, "fill_desc": 56384, "random": 49290}, "attempts": [{"attempt": 0, "m": 139, "nproj": 8, "projected_nullity": 20, "verified": true, "rank": 20, "secs": {"split": 0.1, "trisolve": 0.1, "schur": 0.7, "nullspace": 0.0, "lift_verify": 1.0}}], "secs": 1.9}, "ev_secs": 2.3, "rank_secs": 0.5, "secs": 4.7, "hwm_gb": 0.28}, "2147483629": {"sides": {"det": {"mult": 20, "nullity": 0, "instrument": "hybrid kernel + det evaluation rows"}, "per4": {"mult": 20, "nullity": 0, "instrument": "hybrid kernel + per4 evaluation rows"}, "red_pts": {"mult": 20, "nullity": 0, "instrument": "hybrid kernel + red_pts evaluation rows"}, "red_star": {"mult": 20, "nullity": 0, "instrument": "hybrid kernel + (star)"}}, "hybrid": {"nS": 63674, "nU": 75, "excess": 55, "nnzT": 155997, "rows_other": 246725, "order": "reversed", "cover_stats": {"natural": 62155, "reversed": 63674, "fill_asc": 58522, "fill_desc": 56384, "random": 49290}, "attempts": [{"attempt": 0, "m": 139, "nproj": 8, "projected_nullity": 20, "verified": true, "rank": 20, "secs": {"split": 0.1, "trisolve": 0.1, "schur": 0.7, "nullspace": 0.0, "lift_verify": 0.9}}], "secs": 1.8}, "ev_secs": 2.3, "rank_secs": 0.7, "secs": 4.8, "hwm_gb": 0.28}}, "sides": {"det": {"mult": 20, "per_prime": {"2147483647": 20, "2147483629": 20}, "primes_agree": true, "instrument": "hybrid kernel + det evaluation rows", "status": "proved (full rank at both primes: mult = a over Q)"}, "per4": {"mult": 20, "per_prime": {"2147483647": 20, "2147483629": 20}, "primes_agree": true, "instrument": "hybrid kernel + per4 evaluation rows", "status": "proved (full rank at both primes: mult = a over Q)"}, "red_star": {"mult": 20, "per_prime": {"2147483647": 20, "2147483629": 20}, "primes_agree": true, "instrument": "hybrid kernel + (star)", "status": "proved (full rank at both primes: mult = a over Q)"}, "red_pts": {"mult": 20, "per_prime": {"2147483647": 20, "2147483629": 20}, "primes_agree": true, "instrument": "hybrid kernel + red_pts evaluation rows", "status": "proved (full rank at both primes: mult = a over Q)"}}, "mult_det": 20, "mult_per4": 20, "mult_red_star": 20, "mult_red_pts": 20, "mult_red": 20, "star_eq_pts": true, "i_det": 0, "i_red": 0, "i_per4": 0, "D": 0, "refute": false, "halt": false, "ok": true, "secs": 7.6, "hwm_gb": 0.28, "certs": [["results/certs/s71/25_5_4_4_2_d10_hybrid_p2147483647.json.gz", 10572], ["results/certs/s71/25_5_4_4_2_d10_hybrid_p2147483629.json.gz", 10571]]}
