      level 1: 49 prefixes
      level 2: 829 prefixes
      level 3: 6712 prefixes
      level 4: 31674 prefixes
      level 5: 84814 prefixes
      level 6: 129724 prefixes
      level 7: 143876 prefixes
      level 8: 145442 prefixes
      level 9: 145475 prefixes
      level 10: 145475 prefixes
      level 11: 145475 prefixes
      level 12: 145475 prefixes
      level 13: 145475 prefixes
  lam=(34, 10, 4, 3, 1): N_S=145475 |Stab|=1 n_chi=145475 (orbits dropped: 0) [lean, 0s, HWM 0.11 GB]
    E_01: |H|=1 targets 103928 canonical rows 103928 nnz 621725 (obstructed fixed targets cancelled: 0) [1s, HWM 0.12 GB]
    E_12: |H|=1 targets 87335 canonical rows 87335 nnz 382205 (obstructed fixed targets cancelled: 0) [1s, HWM 0.12 GB]
    E_23: |H|=1 targets 107083 canonical rows 107083 nnz 319550 (obstructed fixed targets cancelled: 0) [2s, HWM 0.12 GB]
    E_34: |H|=1 targets 56981 canonical rows 56981 nnz 145475 (obstructed fixed targets cancelled: 0) [2s, HWM 0.12 GB]
  built (34, 10, 4, 3, 1) d13: N_S=145475 |Stab|=1 n_chi=145475 rows=355327 nnz=1468955 (3s: mono 1s orbits 0s rows 2s; HWM 0.12 GB)
  sieve (34, 10, 4, 3, 1) d13: cover(E) 145031/145475 by reversed (a=198, |U|=444, excess 246; {'natural': 140245, 'reversed': 145031, 'fill_asc': 121101, 'fill_desc': 117154, 'random': 94801}); cover(E_red) 112993/113357 (0.8s)
    hybrid[34_10_4_3_1d13] p=2147483647 attempt 0: |S|=145031 |U|=444 (a=198, excess 246) m=508 blocks 1x444 projected nullity 198, verified=True, rank 198 [split 0.1s trisolve 5.7s schur 4.2s null 0.2s lift 7.2s rank 1.0s]
    hybrid[34_10_4_3_1d13] p=2147483629 attempt 0: |S|=145031 |U|=444 (a=198, excess 246) m=508 blocks 1x444 projected nullity 198, verified=True, rank 198 [split 0.1s trisolve 3.1s schur 4.4s null 0.2s lift 7.6s rank 1.0s]
  RESULT (34, 10, 4, 3, 1) d13: a=198 n_chi=145475 |U|=444 mult_det=198 mult_per4=198 mult_red(star)=198 mult_red(pts)=198 i_det=0 i_red=0 i_per4=0 D=0  (143.7s, HWM 2.04 GB)
RESULT {"lam": [34, 10, 4, 3, 1], "delta": 13, "ell": 5, "a": 198, "K": 206, "N_S": 145475, "stab": 1, "n_chi": 145475, "nrows": 355327, "nnz": 1468955, "nfixed": 0, "build_secs": 3.2, "build_hwm_gb": 0.12, "route": "hybrid", "h_pad": 469, "seeds": {"det": 11, "red": 29, "per4": 47, "hybrid": 20260908}, "bound": 40, "primes": [2147483647, 2147483629], "n_red": 113357, "cover_E": {"size": 145031, "order": "reversed", "stats": {"natural": 140245, "reversed": 145031, "fill_asc": 121101, "fill_desc": 117154, "random": 94801}, "n_chi": 145475, "a": 198, "excess": 246, "certified_rank_lb": 145031}, "cover_Ered": {"size": 112993, "order": "reversed", "stats": {"natural": 110847, "reversed": 112993, "fill_asc": 98444, "fill_desc": 95799, "random": 77753}, "n_red": 113357, "certified": false}, "sieve_secs": 0.8, "pred_mem_x_bytes": 372791256, "primes_concurrent": false, "per_prime": {"2147483647": {"sides": {"det": {"mult": 198, "nullity": 0, "instrument": "hybrid kernel + det evaluation rows"}, "per4": {"mult": 198, "nullity": 0, "instrument": "hybrid kernel + per4 evaluation rows"}, "red_pts": {"mult": 198, "nullity": 0, "instrument": "hybrid kernel + red_pts evaluation rows"}, "red_star": {"mult": 198, "nullity": 0, "instrument": "hybrid kernel + (star)"}}, "hybrid": {"nS": 145031, "nU": 444, "excess": 246, "nnzT": 436410, "rows_other": 210296, "order": "reversed", "cover_stats": {"natural": 140245, "reversed": 145031, "fill_asc": 121101, "fill_desc": 117154, "random": 94801}, "ublock": 444, "nblocks": 1, "attempts": [{"attempt": 0, "m": 508, "nproj": 8, "projected_nullity": 198, "verified": true, "rank": 198, "secs": {"split": 0.1, "trisolve": 5.7, "schur": 4.2, "nullspace": 0.2, "lift_verify": 7.2, "rank": 1.0}}], "secs": 18.5}, "ev_secs": 31.4, "rank_secs": 20.2, "secs": 70.2, "hwm_gb": 2.04}, "2147483629": {"sides": {"det": {"mult": 198, "nullity": 0, "instrument": "hybrid kernel + det evaluation rows"}, "per4": {"mult": 198, "nullity": 0, "instrument": "hybrid kernel + per4 evaluation rows"}, "red_pts": {"mult": 198, "nullity": 0, "instrument": "hybrid kernel + red_pts evaluation rows"}, "red_star": {"mult": 198, "nullity": 0, "instrument": "hybrid kernel + (star)"}}, "hybrid": {"nS": 145031, "nU": 444, "excess": 246, "nnzT": 436410, "rows_other": 210296, "order": "reversed", "cover_stats": {"natural": 140245, "reversed": 145031, "fill_asc": 121101, "fill_desc": 117154, "random": 94801}, "ublock": 444, "nblocks": 1, "attempts": [{"attempt": 0, "m": 508, "nproj": 8, "projected_nullity": 198, "verified": true, "rank": 198, "secs": {"split": 0.1, "trisolve": 3.1, "schur": 4.4, "nullspace": 0.2, "lift_verify": 7.6, "rank": 1.0}}], "secs": 16.4}, "ev_secs": 31.3, "rank_secs": 21.7, "secs": 69.4, "hwm_gb": 2.04}}, "sides": {"det": {"mult": 198, "per_prime": {"2147483647": 198, "2147483629": 198}, "primes_agree": true, "instrument": "hybrid kernel + det evaluation rows", "status": "proved (full rank at both primes: mult = a over Q)"}, "per4": {"mult": 198, "per_prime": {"2147483647": 198, "2147483629": 198}, "primes_agree": true, "instrument": "hybrid kernel + per4 evaluation rows", "status": "proved (full rank at both primes: mult = a over Q)"}, "red_star": {"mult": 198, "per_prime": {"2147483647": 198, "2147483629": 198}, "primes_agree": true, "instrument": "hybrid kernel + (star)", "status": "proved (full rank at both primes: mult = a over Q)"}, "red_pts": {"mult": 198, "per_prime": {"2147483647": 198, "2147483629": 198}, "primes_agree": true, "instrument": "hybrid kernel + red_pts evaluation rows", "status": "proved (full rank at both primes: mult = a over Q)"}}, "mult_det": 198, "mult_per4": 198, "mult_red_star": 198, "mult_red_pts": 198, "mult_red": 198, "star_eq_pts": true, "i_det": 0, "i_red": 0, "i_per4": 0, "D": 0, "refute": false, "halt": false, "ok": true, "secs": 143.7, "hwm_gb": 2.04, "certs": [["results/certs/s71/34_10_4_3_1_d13_hybrid_p2147483647.json.gz", 62756], ["results/certs/s71/34_10_4_3_1_d13_hybrid_p2147483629.json.gz", 62755]]}
