      level 1: 54 prefixes
      level 2: 1052 prefixes
      level 3: 10976 prefixes
      level 4: 65440 prefixes
      level 5: 197990 prefixes
      level 6: 313495 prefixes
      level 7: 348332 prefixes
      level 8: 351812 prefixes
      level 9: 351879 prefixes
      level 10: 351879 prefixes
      level 11: 351879 prefixes
      level 12: 351879 prefixes
  lam=(30, 7, 7, 2, 2): N_S=351879 |Stab|=4 n_chi=93204 (orbits dropped: 2596) [lean, 1s, HWM 0.15 GB]
    E_01: |H|=2 targets 212761 canonical rows 114693 nnz 681609 (obstructed fixed targets cancelled: 0) [2s, HWM 0.16 GB]
    E_12: |H|=2 targets 329516 canonical rows 177215 nnz 676311 (obstructed fixed targets cancelled: 0) [4s, HWM 0.19 GB]
    E_23: |H|=1 targets 151600 canonical rows 151582 nnz 581398 (obstructed fixed targets cancelled: 0) [5s, HWM 0.19 GB]
    E_34: |H|=2 targets 264612 canonical rows 130600 nnz 255206 (obstructed fixed targets cancelled: 144) [7s, HWM 0.20 GB]
  built (30, 7, 7, 2, 2) d12: N_S=351879 |Stab|=4 n_chi=93204 rows=574090 nnz=2194524 (9s: mono 1s orbits 1s rows 7s; HWM 0.20 GB)
  sieve (30, 7, 7, 2, 2) d12: cover(E) 93096/93204 by reversed (a=52, |U|=108, excess 56; {'natural': 90204, 'reversed': 93096, 'fill_asc': 86159, 'fill_desc': 86959, 'random': 71295}); cover(E_red) 73591/73685 (1.2s)
    hybrid[30_7_7_2_2d12] p=2147483647 attempt 0: |S|=93096 |U|=108 (a=52, excess 56) m=172 blocks 1x108 projected nullity 52, verified=True, rank 52 [split 0.2s trisolve 2.0s schur 4.0s null 0.0s lift 6.7s rank 0.3s]
    hybrid[30_7_7_2_2d12] p=2147483629 attempt 0: |S|=93096 |U|=108 (a=52, excess 56) m=172 blocks 1x108 projected nullity 52, verified=True, rank 52 [split 0.2s trisolve 2.1s schur 4.1s null 0.0s lift 6.8s rank 0.3s]
  RESULT (30, 7, 7, 2, 2) d12: a=52 n_chi=93204 |U|=108 mult_det=52 mult_per4=52 mult_red(star)=52 mult_red(pts)=52 i_det=0 i_red=0 i_per4=0 D=0  (68.0s, HWM 0.6 GB)
RESULT {"lam": [30, 7, 7, 2, 2], "delta": 12, "ell": 5, "a": 52, "K": 60, "N_S": 351879, "stab": 4, "n_chi": 93204, "nrows": 574090, "nnz": 2194524, "nfixed": 144, "build_secs": 9.1, "build_hwm_gb": 0.2, "route": "hybrid", "h_pad": 149, "seeds": {"det": 11, "red": 29, "per4": 47, "hybrid": 20260908}, "bound": 40, "primes": [2147483647, 2147483629], "n_red": 73685, "cover_E": {"size": 93096, "order": "reversed", "stats": {"natural": 90204, "reversed": 93096, "fill_asc": 86159, "fill_desc": 86959, "random": 71295}, "n_chi": 93204, "a": 52, "excess": 56, "certified_rank_lb": 93096}, "cover_Ered": {"size": 73591, "order": "reversed", "stats": {"natural": 71754, "reversed": 73591, "fill_asc": 69916, "fill_desc": 69938, "random": 58265}, "n_red": 73685, "certified": false}, "sieve_secs": 1.2, "pred_mem_x_bytes": 59603904, "primes_concurrent": true, "per_prime": {"2147483647": {"sides": {"det": {"mult": 52, "nullity": 0, "instrument": "hybrid kernel + det evaluation rows"}, "per4": {"mult": 52, "nullity": 0, "instrument": "hybrid kernel + per4 evaluation rows"}, "red_pts": {"mult": 52, "nullity": 0, "instrument": "hybrid kernel + red_pts evaluation rows"}, "red_star": {"mult": 52, "nullity": 0, "instrument": "hybrid kernel + (star)"}}, "hybrid": {"nS": 93096, "nU": 108, "excess": 56, "nnzT": 231889, "rows_other": 480994, "order": "reversed", "cover_stats": {"natural": 90204, "reversed": 93096, "fill_asc": 86159, "fill_desc": 86959, "random": 71295}, "ublock": 108, "nblocks": 1, "attempts": [{"attempt": 0, "m": 172, "nproj": 8, "projected_nullity": 52, "verified": true, "rank": 52, "secs": {"split": 0.2, "trisolve": 2.0, "schur": 4.0, "nullspace": 0.0, "lift_verify": 6.7, "rank": 0.3}}], "secs": 13.5}, "ev_secs": 38.1, "rank_secs": 5.5, "secs": 57.1, "hwm_gb": 0.6}, "2147483629": {"sides": {"det": {"mult": 52, "nullity": 0, "instrument": "hybrid kernel + det evaluation rows"}, "per4": {"mult": 52, "nullity": 0, "instrument": "hybrid kernel + per4 evaluation rows"}, "red_pts": {"mult": 52, "nullity": 0, "instrument": "hybrid kernel + red_pts evaluation rows"}, "red_star": {"mult": 52, "nullity": 0, "instrument": "hybrid kernel + (star)"}}, "hybrid": {"nS": 93096, "nU": 108, "excess": 56, "nnzT": 231889, "rows_other": 480994, "order": "reversed", "cover_stats": {"natural": 90204, "reversed": 93096, "fill_asc": 86159, "fill_desc": 86959, "random": 71295}, "ublock": 108, "nblocks": 1, "attempts": [{"attempt": 0, "m": 172, "nproj": 8, "projected_nullity": 52, "verified": true, "rank": 52, "secs": {"split": 0.2, "trisolve": 2.1, "schur": 4.1, "nullspace": 0.0, "lift_verify": 6.8, "rank": 0.3}}], "secs": 13.7}, "ev_secs": 38.5, "rank_secs": 5.1, "secs": 57.4, "hwm_gb": 0.6}}, "sides": {"det": {"mult": 52, "per_prime": {"2147483647": 52, "2147483629": 52}, "primes_agree": true, "instrument": "hybrid kernel + det evaluation rows", "status": "proved (full rank at both primes: mult = a over Q)"}, "per4": {"mult": 52, "per_prime": {"2147483647": 52, "2147483629": 52}, "primes_agree": true, "instrument": "hybrid kernel + per4 evaluation rows", "status": "proved (full rank at both primes: mult = a over Q)"}, "red_star": {"mult": 52, "per_prime": {"2147483647": 52, "2147483629": 52}, "primes_agree": true, "instrument": "hybrid kernel + (star)", "status": "proved (full rank at both primes: mult = a over Q)"}, "red_pts": {"mult": 52, "per_prime": {"2147483647": 52, "2147483629": 52}, "primes_agree": true, "instrument": "hybrid kernel + red_pts evaluation rows", "status": "proved (full rank at both primes: mult = a over Q)"}}, "mult_det": 52, "mult_per4": 52, "mult_red_star": 52, "mult_red_pts": 52, "mult_red": 52, "star_eq_pts": true, "i_det": 0, "i_red": 0, "i_per4": 0, "D": 0, "refute": false, "halt": false, "ok": true, "secs": 68.0, "hwm_gb": 0.6, "certs": [["results/certs/s71/30_7_7_2_2_d12_hybrid_p2147483647.json.gz", 20447], ["results/certs/s71/30_7_7_2_2_d12_hybrid_p2147483629.json.gz", 20446]]}
