      level 1: 59 prefixes
      level 2: 1392 prefixes
      level 3: 15803 prefixes
      level 4: 81419 prefixes
      level 5: 177023 prefixes
      level 6: 216957 prefixes
      level 7: 221516 prefixes
      level 8: 221603 prefixes
      level 9: 221603 prefixes
      level 10: 221603 prefixes
      level 11: 221603 prefixes
  lam=(28, 6, 4, 4, 2): N_S=221603 |Stab|=2 n_chi=113410 (orbits dropped: 0) [lean, 0s, HWM 0.12 GB]
    E_01: |H|=2 targets 125978 canonical rows 64567 nnz 380061 (obstructed fixed targets cancelled: 0) [1s, HWM 0.12 GB]
    E_12: |H|=1 targets 161702 canonical rows 161702 nnz 589376 (obstructed fixed targets cancelled: 0) [2s, HWM 0.13 GB]
    E_23: |H|=1 targets 193643 canonical rows 193643 nnz 575299 (obstructed fixed targets cancelled: 0) [3s, HWM 0.15 GB]
    E_34: |H|=1 targets 122450 canonical rows 122450 nnz 369495 (obstructed fixed targets cancelled: 0) [3s, HWM 0.15 GB]
  built (28, 6, 4, 4, 2) d11: N_S=221603 |Stab|=2 n_chi=113410 rows=542362 nnz=1914231 (4s: mono 1s orbits 0s rows 3s; HWM 0.15 GB)
  sieve (28, 6, 4, 4, 2) d11: cover(E) 113258/113410 by reversed (a=56, |U|=152, excess 96; {'natural': 110251, 'reversed': 113258, 'fill_asc': 103449, 'fill_desc': 99660, 'random': 85756}); cover(E_red) 82897/82997 (0.9s)
    hybrid[28_6_4_4_2d11] p=2147483629 attempt 0: |S|=113258 |U|=152 (a=56, excess 96) m=216 blocks 1x152 projected nullity 56, verified=True, rank 56 [split 0.2s trisolve 4.5s schur 4.8s null 0.0s lift 7.7s rank 0.5s]
    hybrid[28_6_4_4_2d11] p=2147483647 attempt 0: |S|=113258 |U|=152 (a=56, excess 96) m=216 blocks 1x152 projected nullity 56, verified=True, rank 56 [split 0.2s trisolve 4.5s schur 4.8s null 0.0s lift 7.9s rank 0.5s]
  RESULT (28, 6, 4, 4, 2) d11: a=56 n_chi=113410 |U|=152 mult_det=56 mult_per4=56 mult_red(star)=56 mult_red(pts)=56 i_det=0 i_red=0 i_per4=0 D=0  (57.1s, HWM 0.7 GB)
RESULT {"lam": [28, 6, 4, 4, 2], "delta": 11, "ell": 5, "a": 56, "K": 64, "N_S": 221603, "stab": 2, "n_chi": 113410, "nrows": 542362, "nnz": 1914231, "nfixed": 0, "build_secs": 4.3, "build_hwm_gb": 0.15, "route": "hybrid", "h_pad": 137, "seeds": {"det": 11, "red": 29, "per4": 47, "hybrid": 20260908}, "bound": 40, "primes": [2147483647, 2147483629], "n_red": 82997, "cover_E": {"size": 113258, "order": "reversed", "stats": {"natural": 110251, "reversed": 113258, "fill_asc": 103449, "fill_desc": 99660, "random": 85756}, "n_chi": 113410, "a": 56, "excess": 96, "certified_rank_lb": 113258}, "cover_Ered": {"size": 82897, "order": "reversed", "stats": {"natural": 81955, "reversed": 82897, "fill_asc": 77748, "fill_desc": 75376, "random": 64892}, "n_red": 82997, "certified": false}, "sieve_secs": 0.9, "pred_mem_x_bytes": 94264704, "primes_concurrent": true, "per_prime": {"2147483647": {"sides": {"det": {"mult": 56, "nullity": 0, "instrument": "hybrid kernel + det evaluation rows"}, "per4": {"mult": 56, "nullity": 0, "instrument": "hybrid kernel + per4 evaluation rows"}, "red_pts": {"mult": 56, "nullity": 0, "instrument": "hybrid kernel + red_pts evaluation rows"}, "red_star": {"mult": 56, "nullity": 0, "instrument": "hybrid kernel + (star)"}}, "hybrid": {"nS": 113258, "nU": 152, "excess": 96, "nnzT": 289203, "rows_other": 429104, "order": "reversed", "cover_stats": {"natural": 110251, "reversed": 113258, "fill_asc": 103449, "fill_desc": 99660, "random": 85756}, "ublock": 152, "nblocks": 1, "attempts": [{"attempt": 0, "m": 216, "nproj": 8, "projected_nullity": 56, "verified": true, "rank": 56, "secs": {"split": 0.2, "trisolve": 4.5, "schur": 4.8, "nullspace": 0.0, "lift_verify": 7.9, "rank": 0.5}}], "secs": 18.1}, "ev_secs": 24.2, "rank_secs": 9.3, "secs": 51.6, "hwm_gb": 0.7}, "2147483629": {"sides": {"det": {"mult": 56, "nullity": 0, "instrument": "hybrid kernel + det evaluation rows"}, "per4": {"mult": 56, "nullity": 0, "instrument": "hybrid kernel + per4 evaluation rows"}, "red_pts": {"mult": 56, "nullity": 0, "instrument": "hybrid kernel + red_pts evaluation rows"}, "red_star": {"mult": 56, "nullity": 0, "instrument": "hybrid kernel + (star)"}}, "hybrid": {"nS": 113258, "nU": 152, "excess": 96, "nnzT": 289203, "rows_other": 429104, "order": "reversed", "cover_stats": {"natural": 110251, "reversed": 113258, "fill_asc": 103449, "fill_desc": 99660, "random": 85756}, "ublock": 152, "nblocks": 1, "attempts": [{"attempt": 0, "m": 216, "nproj": 8, "projected_nullity": 56, "verified": true, "rank": 56, "secs": {"split": 0.2, "trisolve": 4.5, "schur": 4.8, "nullspace": 0.0, "lift_verify": 7.7, "rank": 0.5}}], "secs": 18.0}, "ev_secs": 24.6, "rank_secs": 8.7, "secs": 51.4, "hwm_gb": 0.7}}, "sides": {"det": {"mult": 56, "per_prime": {"2147483647": 56, "2147483629": 56}, "primes_agree": true, "instrument": "hybrid kernel + det evaluation rows", "status": "proved (full rank at both primes: mult = a over Q)"}, "per4": {"mult": 56, "per_prime": {"2147483647": 56, "2147483629": 56}, "primes_agree": true, "instrument": "hybrid kernel + per4 evaluation rows", "status": "proved (full rank at both primes: mult = a over Q)"}, "red_star": {"mult": 56, "per_prime": {"2147483647": 56, "2147483629": 56}, "primes_agree": true, "instrument": "hybrid kernel + (star)", "status": "proved (full rank at both primes: mult = a over Q)"}, "red_pts": {"mult": 56, "per_prime": {"2147483647": 56, "2147483629": 56}, "primes_agree": true, "instrument": "hybrid kernel + red_pts evaluation rows", "status": "proved (full rank at both primes: mult = a over Q)"}}, "mult_det": 56, "mult_per4": 56, "mult_red_star": 56, "mult_red_pts": 56, "mult_red": 56, "star_eq_pts": true, "i_det": 0, "i_red": 0, "i_per4": 0, "D": 0, "refute": false, "halt": false, "ok": true, "secs": 57.1, "hwm_gb": 0.7, "certs": [["results/certs/s71/28_6_4_4_2_d11_hybrid_p2147483647.json.gz", 21652], ["results/certs/s71/28_6_4_4_2_d11_hybrid_p2147483629.json.gz", 21653]]}
