      level 1: 61 prefixes
      level 2: 1760 prefixes
      level 3: 25981 prefixes
      level 4: 179681 prefixes
      level 5: 509873 prefixes
      level 6: 719749 prefixes
      level 7: 758841 prefixes
      level 8: 760592 prefixes
      level 9: 760592 prefixes
      level 10: 760592 prefixes
      level 11: 760592 prefixes
  lam=(27, 5, 4, 4, 4): N_S=760592 |Stab|=6 n_chi=133600 (orbits dropped: 0) [lean, 4s, HWM 0.21 GB]
    E_01: |H|=6 targets 383542 canonical rows 67980 nnz 412162 (obstructed fixed targets cancelled: 0) [4s, HWM 0.21 GB]
    E_12: |H|=2 targets 598516 canonical rows 304773 nnz 1048263 (obstructed fixed targets cancelled: 0) [7s, HWM 0.23 GB]
    E_23: |H|=1 targets 662968 canonical rows 662968 nnz 2024607 (obstructed fixed targets cancelled: 0) [11s, HWM 0.30 GB]
    E_34: |H|=1 targets 662968 canonical rows 662968 nnz 2024607 (obstructed fixed targets cancelled: 0) [15s, HWM 0.33 GB]
  built (27, 5, 4, 4, 4) d11: N_S=760592 |Stab|=6 n_chi=133600 rows=1698689 nnz=5509639 (21s: mono 2s orbits 4s rows 15s; HWM 0.33 GB)
  sieve (27, 5, 4, 4, 4) d11: cover(E) 133542/133600 by reversed (a=14, |U|=58, excess 44; {'natural': 131323, 'reversed': 133542, 'fill_asc': 126405, 'fill_desc': 122361, 'random': 109633}); cover(E_red) 102129/102168 (3.1s)
    hybrid[27_5_4_4_4d11] p=2147483629 attempt 0: |S|=133542 |U|=58 (a=14, excess 44) m=122 blocks 1x58 projected nullity 14, verified=True, rank 14 [split 0.3s trisolve 1.5s schur 5.6s null 0.0s lift 6.6s rank 0.1s]
    hybrid[27_5_4_4_4d11] p=2147483647 attempt 0: |S|=133542 |U|=58 (a=14, excess 44) m=122 blocks 1x58 projected nullity 14, verified=True, rank 14 [split 0.3s trisolve 1.5s schur 6.0s null 0.0s lift 6.7s rank 0.1s]
  RESULT (27, 5, 4, 4, 4) d11: a=14 n_chi=133600 |U|=58 mult_det=14 mult_per4=14 mult_red(star)=14 mult_red(pts)=14 i_det=0 i_red=0 i_per4=0 D=0  (68.7s, HWM 0.91 GB)
RESULT {"lam": [27, 5, 4, 4, 4], "delta": 11, "ell": 5, "a": 14, "K": 22, "N_S": 760592, "stab": 6, "n_chi": 133600, "nrows": 1698689, "nnz": 5509639, "nfixed": 0, "build_secs": 20.8, "build_hwm_gb": 0.33, "route": "hybrid", "h_pad": 36, "seeds": {"det": 11, "red": 29, "per4": 47, "hybrid": 20260908}, "bound": 40, "primes": [2147483647, 2147483629], "n_red": 102168, "cover_E": {"size": 133542, "order": "reversed", "stats": {"natural": 131323, "reversed": 133542, "fill_asc": 126405, "fill_desc": 122361, "random": 109633}, "n_chi": 133600, "a": 14, "excess": 44, "certified_rank_lb": 133542}, "cover_Ered": {"size": 102129, "order": "reversed", "stats": {"natural": 101329, "reversed": 102129, "fill_asc": 97870, "fill_desc": 95318, "random": 84951}, "n_red": 102168, "certified": false}, "sieve_secs": 3.1, "pred_mem_x_bytes": 38463344, "primes_concurrent": true, "per_prime": {"2147483647": {"sides": {"det": {"mult": 14, "nullity": 0, "instrument": "hybrid kernel + det evaluation rows"}, "per4": {"mult": 14, "nullity": 0, "instrument": "hybrid kernel + per4 evaluation rows"}, "red_pts": {"mult": 14, "nullity": 0, "instrument": "hybrid kernel + red_pts evaluation rows"}, "red_star": {"mult": 14, "nullity": 0, "instrument": "hybrid kernel + (star)"}}, "hybrid": {"nS": 133542, "nU": 58, "excess": 44, "nnzT": 305544, "rows_other": 1565147, "order": "reversed", "cover_stats": {"natural": 131323, "reversed": 133542, "fill_asc": 126405, "fill_desc": 122361, "random": 109633}, "ublock": 58, "nblocks": 1, "attempts": [{"attempt": 0, "m": 122, "nproj": 8, "projected_nullity": 14, "verified": true, "rank": 14, "secs": {"split": 0.3, "trisolve": 1.5, "schur": 6.0, "nullspace": 0.0, "lift_verify": 6.7, "rank": 0.1}}], "secs": 15.9}, "ev_secs": 26.2, "rank_secs": 2.3, "secs": 44.4, "hwm_gb": 0.91}, "2147483629": {"sides": {"det": {"mult": 14, "nullity": 0, "instrument": "hybrid kernel + det evaluation rows"}, "per4": {"mult": 14, "nullity": 0, "instrument": "hybrid kernel + per4 evaluation rows"}, "red_pts": {"mult": 14, "nullity": 0, "instrument": "hybrid kernel + red_pts evaluation rows"}, "red_star": {"mult": 14, "nullity": 0, "instrument": "hybrid kernel + (star)"}}, "hybrid": {"nS": 133542, "nU": 58, "excess": 44, "nnzT": 305544, "rows_other": 1565147, "order": "reversed", "cover_stats": {"natural": 131323, "reversed": 133542, "fill_asc": 126405, "fill_desc": 122361, "random": 109633}, "ublock": 58, "nblocks": 1, "attempts": [{"attempt": 0, "m": 122, "nproj": 8, "projected_nullity": 14, "verified": true, "rank": 14, "secs": {"split": 0.3, "trisolve": 1.5, "schur": 5.6, "nullspace": 0.0, "lift_verify": 6.6, "rank": 0.1}}], "secs": 15.4}, "ev_secs": 26.2, "rank_secs": 2.7, "secs": 44.3, "hwm_gb": 0.91}}, "sides": {"det": {"mult": 14, "per_prime": {"2147483647": 14, "2147483629": 14}, "primes_agree": true, "instrument": "hybrid kernel + det evaluation rows", "status": "proved (full rank at both primes: mult = a over Q)"}, "per4": {"mult": 14, "per_prime": {"2147483647": 14, "2147483629": 14}, "primes_agree": true, "instrument": "hybrid kernel + per4 evaluation rows", "status": "proved (full rank at both primes: mult = a over Q)"}, "red_star": {"mult": 14, "per_prime": {"2147483647": 14, "2147483629": 14}, "primes_agree": true, "instrument": "hybrid kernel + (star)", "status": "proved (full rank at both primes: mult = a over Q)"}, "red_pts": {"mult": 14, "per_prime": {"2147483647": 14, "2147483629": 14}, "primes_agree": true, "instrument": "hybrid kernel + red_pts evaluation rows", "status": "proved (full rank at both primes: mult = a over Q)"}}, "mult_det": 14, "mult_per4": 14, "mult_red_star": 14, "mult_red_pts": 14, "mult_red": 14, "star_eq_pts": true, "i_det": 0, "i_red": 0, "i_per4": 0, "D": 0, "refute": false, "halt": false, "ok": true, "secs": 68.7, "hwm_gb": 0.91, "certs": [["results/certs/s71/27_5_4_4_4_d11_hybrid_p2147483647.json.gz", 8664], ["results/certs/s71/27_5_4_4_4_d11_hybrid_p2147483629.json.gz", 8664]]}
