      level 1: 48 prefixes
      level 2: 824 prefixes
      level 3: 6625 prefixes
      level 4: 28020 prefixes
      level 5: 56836 prefixes
      level 6: 68941 prefixes
      level 7: 70453 prefixes
      level 8: 70486 prefixes
      level 9: 70486 prefixes
      level 10: 70486 prefixes
      level 11: 70486 prefixes
  lam=(28, 8, 4, 3, 1): N_S=70486 |Stab|=1 n_chi=70486 (orbits dropped: 0) [lean, 0s, HWM 0.08 GB]
    E_01: |H|=1 targets 46889 canonical rows 46889 nnz 268907 (obstructed fixed targets cancelled: 0) [0s, HWM 0.09 GB]
    E_12: |H|=1 targets 46113 canonical rows 46113 nnz 183669 (obstructed fixed targets cancelled: 0) [1s, HWM 0.09 GB]
    E_23: |H|=1 targets 52033 canonical rows 52033 nnz 153863 (obstructed fixed targets cancelled: 0) [1s, HWM 0.09 GB]
    E_34: |H|=1 targets 27873 canonical rows 27873 nnz 70486 (obstructed fixed targets cancelled: 0) [1s, HWM 0.09 GB]
  built (28, 8, 4, 3, 1) d11: N_S=70486 |Stab|=1 n_chi=70486 rows=172908 nnz=676925 (1s: mono 0s orbits 0s rows 1s; HWM 0.09 GB)
  sieve (28, 8, 4, 3, 1) d11: cover(E) 70264/70486 by reversed (a=81, |U|=222, excess 141; {'natural': 68114, 'reversed': 70264, 'fill_asc': 59041, 'fill_desc': 57111, 'random': 46830}); cover(E_red) 51506/51672 (0.3s)
    hybrid[28_8_4_3_1d11] p=2147483629 attempt 0: |S|=70264 |U|=222 (a=81, excess 141) m=286 blocks 1x222 projected nullity 81, verified=True, rank 81 [split 0.2s trisolve 3.6s schur 2.7s null 0.0s lift 2.8s rank 0.4s]
    hybrid[28_8_4_3_1d11] p=2147483647 attempt 0: |S|=70264 |U|=222 (a=81, excess 141) m=286 blocks 1x222 projected nullity 81, verified=True, rank 81 [split 0.2s trisolve 3.6s schur 2.8s null 0.1s lift 3.1s rank 0.4s]
  RESULT (28, 8, 4, 3, 1) d11: a=81 n_chi=70486 |U|=222 mult_det=81 mult_per4=81 mult_red(star)=81 mult_red(pts)=81 i_det=0 i_red=0 i_per4=0 D=0  (34.3s, HWM 0.56 GB)
RESULT {"lam": [28, 8, 4, 3, 1], "delta": 11, "ell": 5, "a": 81, "K": 89, "N_S": 70486, "stab": 1, "n_chi": 70486, "nrows": 172908, "nnz": 676925, "nfixed": 0, "build_secs": 1.3, "build_hwm_gb": 0.09, "route": "hybrid", "h_pad": 230, "seeds": {"det": 11, "red": 29, "per4": 47, "hybrid": 20260908}, "bound": 40, "primes": [2147483647, 2147483629], "n_red": 51672, "cover_E": {"size": 70264, "order": "reversed", "stats": {"natural": 68114, "reversed": 70264, "fill_asc": 59041, "fill_desc": 57111, "random": 46830}, "n_chi": 70486, "a": 81, "excess": 141, "certified_rank_lb": 70264}, "cover_Ered": {"size": 51506, "order": "reversed", "stats": {"natural": 50825, "reversed": 51506, "fill_asc": 45680, "fill_desc": 44371, "random": 36696}, "n_red": 51672, "certified": false}, "sieve_secs": 0.3, "pred_mem_x_bytes": 85231896, "primes_concurrent": true, "per_prime": {"2147483647": {"sides": {"det": {"mult": 81, "nullity": 0, "instrument": "hybrid kernel + det evaluation rows"}, "per4": {"mult": 81, "nullity": 0, "instrument": "hybrid kernel + per4 evaluation rows"}, "red_pts": {"mult": 81, "nullity": 0, "instrument": "hybrid kernel + red_pts evaluation rows"}, "red_star": {"mult": 81, "nullity": 0, "instrument": "hybrid kernel + (star)"}}, "hybrid": {"nS": 70264, "nU": 222, "excess": 141, "nnzT": 203675, "rows_other": 102644, "order": "reversed", "cover_stats": {"natural": 68114, "reversed": 70264, "fill_asc": 59041, "fill_desc": 57111, "random": 46830}, "ublock": 222, "nblocks": 1, "attempts": [{"attempt": 0, "m": 286, "nproj": 8, "projected_nullity": 81, "verified": true, "rank": 81, "secs": {"split": 0.2, "trisolve": 3.6, "schur": 2.8, "nullspace": 0.1, "lift_verify": 3.1, "rank": 0.4}}], "secs": 10.2}, "ev_secs": 12.3, "rank_secs": 10.0, "secs": 32.5, "hwm_gb": 0.56}, "2147483629": {"sides": {"det": {"mult": 81, "nullity": 0, "instrument": "hybrid kernel + det evaluation rows"}, "per4": {"mult": 81, "nullity": 0, "instrument": "hybrid kernel + per4 evaluation rows"}, "red_pts": {"mult": 81, "nullity": 0, "instrument": "hybrid kernel + red_pts evaluation rows"}, "red_star": {"mult": 81, "nullity": 0, "instrument": "hybrid kernel + (star)"}}, "hybrid": {"nS": 70264, "nU": 222, "excess": 141, "nnzT": 203675, "rows_other": 102644, "order": "reversed", "cover_stats": {"natural": 68114, "reversed": 70264, "fill_asc": 59041, "fill_desc": 57111, "random": 46830}, "ublock": 222, "nblocks": 1, "attempts": [{"attempt": 0, "m": 286, "nproj": 8, "projected_nullity": 81, "verified": true, "rank": 81, "secs": {"split": 0.2, "trisolve": 3.6, "schur": 2.7, "nullspace": 0.0, "lift_verify": 2.8, "rank": 0.4}}], "secs": 9.8}, "ev_secs": 12.4, "rank_secs": 10.0, "secs": 32.1, "hwm_gb": 0.56}}, "sides": {"det": {"mult": 81, "per_prime": {"2147483647": 81, "2147483629": 81}, "primes_agree": true, "instrument": "hybrid kernel + det evaluation rows", "status": "proved (full rank at both primes: mult = a over Q)"}, "per4": {"mult": 81, "per_prime": {"2147483647": 81, "2147483629": 81}, "primes_agree": true, "instrument": "hybrid kernel + per4 evaluation rows", "status": "proved (full rank at both primes: mult = a over Q)"}, "red_star": {"mult": 81, "per_prime": {"2147483647": 81, "2147483629": 81}, "primes_agree": true, "instrument": "hybrid kernel + (star)", "status": "proved (full rank at both primes: mult = a over Q)"}, "red_pts": {"mult": 81, "per_prime": {"2147483647": 81, "2147483629": 81}, "primes_agree": true, "instrument": "hybrid kernel + red_pts evaluation rows", "status": "proved (full rank at both primes: mult = a over Q)"}}, "mult_det": 81, "mult_per4": 81, "mult_red_star": 81, "mult_red_pts": 81, "mult_red": 81, "star_eq_pts": true, "i_det": 0, "i_red": 0, "i_per4": 0, "D": 0, "refute": false, "halt": false, "ok": true, "secs": 34.3, "hwm_gb": 0.56, "certs": [["results/certs/s71/28_8_4_3_1_d11_hybrid_p2147483647.json.gz", 29150], ["results/certs/s71/28_8_4_3_1_d11_hybrid_p2147483629.json.gz", 29152]]}
