      level 1: 48 prefixes
      level 2: 718 prefixes
      level 3: 4922 prefixes
      level 4: 20832 prefixes
      level 5: 60585 prefixes
      level 6: 133080 prefixes
      level 7: 216407 prefixes
      level 8: 268562 prefixes
      level 9: 287113 prefixes
      level 10: 290579 prefixes
      level 11: 290795 prefixes
      level 12: 290795 prefixes
      level 13: 290795 prefixes
      level 14: 290795 prefixes
      level 15: 290795 prefixes
      level 16: 290795 prefixes
      level 17: 290795 prefixes
      level 18: 290795 prefixes
  lam=(49, 16, 3, 3, 1): N_S=290795 |Stab|=2 n_chi=139147 (orbits dropped: 12501) [lean, 1s, HWM 0.15 GB]
    E_01: |H|=2 targets 237027 canonical rows 113350 nnz 698685 (obstructed fixed targets cancelled: 7422) [3s, HWM 0.18 GB]
    E_12: |H|=1 targets 127607 canonical rows 127593 nnz 609683 (obstructed fixed targets cancelled: 0) [4s, HWM 0.18 GB]
    E_23: |H|=1 targets 244445 canonical rows 241249 nnz 557655 (obstructed fixed targets cancelled: 0) [6s, HWM 0.19 GB]
    E_34: |H|=1 targets 114090 canonical rows 114017 nnz 278294 (obstructed fixed targets cancelled: 0) [7s, HWM 0.19 GB]
  built (49, 16, 3, 3, 1) d18: N_S=290795 |Stab|=2 n_chi=139147 rows=596209 nnz=2144317 (9s: mono 2s orbits 1s rows 7s; HWM 0.19 GB)
  sieve (49, 16, 3, 3, 1) d18: cover(E) 138882/139147 by reversed (a=218, |U|=265, excess 47; {'natural': 132793, 'reversed': 138882, 'fill_asc': 123140, 'fill_desc': 125191, 'random': 107863}); cover(E_red) 117333/117570 (1.4s)
    hybrid[49_16_3_3_1d18] p=2147483629 attempt 0: |S|=138882 |U|=265 (a=218, excess 47) m=329 blocks 1x265 projected nullity 218, verified=True, rank 218 [split 0.1s trisolve 4.6s schur 4.7s null 0.1s lift 12.4s rank 1.2s]
    hybrid[49_16_3_3_1d18] p=2147483647 attempt 0: |S|=138882 |U|=265 (a=218, excess 47) m=329 blocks 1x265 projected nullity 218, verified=True, rank 218 [split 0.1s trisolve 4.5s schur 4.5s null 0.1s lift 13.2s rank 1.4s]
  RESULT (49, 16, 3, 3, 1) d18: a=218 n_chi=139147 |U|=265 mult_det=218 mult_per4=218 mult_red(star)=217 mult_red(pts)=217 i_det=0 i_red=1 i_per4=0 D=-1  (149.3s, HWM 2.16 GB)
RESULT {"lam": [49, 16, 3, 3, 1], "delta": 18, "ell": 5, "a": 218, "K": 226, "N_S": 290795, "stab": 2, "n_chi": 139147, "nrows": 596209, "nnz": 2144317, "nfixed": 7422, "build_secs": 9.4, "build_hwm_gb": 0.19, "route": "hybrid", "h_pad": 433, "seeds": {"det": 11, "red": 29, "per4": 47, "hybrid": 20260908}, "bound": 40, "primes": [2147483647, 2147483629], "n_red": 117570, "cover_E": {"size": 138882, "order": "reversed", "stats": {"natural": 132793, "reversed": 138882, "fill_asc": 123140, "fill_desc": 125191, "random": 107863}, "n_chi": 139147, "a": 218, "excess": 47, "certified_rank_lb": 138882}, "cover_Ered": {"size": 117333, "order": "reversed", "stats": {"natural": 112845, "reversed": 117333, "fill_asc": 105296, "fill_desc": 106769, "random": 91933}, "n_red": 117570, "certified": false}, "sieve_secs": 1.4, "pred_mem_x_bytes": 268551104, "primes_concurrent": true, "per_prime": {"2147483647": {"sides": {"det": {"mult": 218, "nullity": 0, "instrument": "hybrid kernel + det evaluation rows"}, "per4": {"mult": 218, "nullity": 0, "instrument": "hybrid kernel + per4 evaluation rows"}, "red_pts": {"mult": 217, "nullity": 1, "instrument": "hybrid kernel + red_pts evaluation rows"}, "red_star": {"mult": 217, "nullity": 1, "instrument": "hybrid kernel + (star)"}}, "hybrid": {"nS": 138882, "nU": 265, "excess": 47, "nnzT": 340006, "rows_other": 457327, "order": "reversed", "cover_stats": {"natural": 132793, "reversed": 138882, "fill_asc": 123140, "fill_desc": 125191, "random": 107863}, "ublock": 265, "nblocks": 1, "attempts": [{"attempt": 0, "m": 329, "nproj": 8, "projected_nullity": 218, "verified": true, "rank": 218, "secs": {"split": 0.1, "trisolve": 4.5, "schur": 4.5, "nullspace": 0.1, "lift_verify": 13.2, "rank": 1.4}}], "secs": 24.0}, "ev_secs": 90.8, "rank_secs": 23.6, "secs": 138.3, "hwm_gb": 2.16}, "2147483629": {"sides": {"det": {"mult": 218, "nullity": 0, "instrument": "hybrid kernel + det evaluation rows"}, "per4": {"mult": 218, "nullity": 0, "instrument": "hybrid kernel + per4 evaluation rows"}, "red_pts": {"mult": 217, "nullity": 1, "instrument": "hybrid kernel + red_pts evaluation rows"}, "red_star": {"mult": 217, "nullity": 1, "instrument": "hybrid kernel + (star)"}}, "hybrid": {"nS": 138882, "nU": 265, "excess": 47, "nnzT": 340006, "rows_other": 457327, "order": "reversed", "cover_stats": {"natural": 132793, "reversed": 138882, "fill_asc": 123140, "fill_desc": 125191, "random": 107863}, "ublock": 265, "nblocks": 1, "attempts": [{"attempt": 0, "m": 329, "nproj": 8, "projected_nullity": 218, "verified": true, "rank": 218, "secs": {"split": 0.1, "trisolve": 4.6, "schur": 4.7, "nullspace": 0.1, "lift_verify": 12.4, "rank": 1.2}}], "secs": 23.2}, "ev_secs": 87.6, "rank_secs": 24.1, "secs": 135.0, "hwm_gb": 2.16}}, "sides": {"det": {"mult": 218, "per_prime": {"2147483647": 218, "2147483629": 218}, "primes_agree": true, "instrument": "hybrid kernel + det evaluation rows", "status": "proved (full rank at both primes: mult = a over Q)"}, "per4": {"mult": 218, "per_prime": {"2147483647": 218, "2147483629": 218}, "primes_agree": true, "instrument": "hybrid kernel + per4 evaluation rows", "status": "proved (full rank at both primes: mult = a over Q)"}, "red_star": {"mult": 217, "per_prime": {"2147483647": 217, "2147483629": 217}, "primes_agree": true, "instrument": "hybrid kernel + (star)", "status": "measured (exact mod both primes, kernel exhibited): mult = 217"}, "red_pts": {"mult": 217, "per_prime": {"2147483647": 217, "2147483629": 217}, "primes_agree": true, "instrument": "hybrid kernel + red_pts evaluation rows", "status": "measured (exact mod both primes, kernel exhibited): mult = 217"}}, "mult_det": 218, "mult_per4": 218, "mult_red_star": 217, "mult_red_pts": 217, "mult_red": 217, "star_eq_pts": true, "i_det": 0, "i_red": 1, "i_per4": 0, "D": -1, "refute": false, "halt": false, "ok": true, "secs": 149.3, "hwm_gb": 2.16, "certs": [["results/certs/s71/49_16_3_3_1_d18_hybrid_p2147483647.json.gz", 68387], ["results/certs/s71/49_16_3_3_1_d18_hybrid_p2147483629.json.gz", 68392]]}
