      level 1: 59 prefixes
      level 2: 1405 prefixes
      level 3: 16454 prefixes
      level 4: 95592 prefixes
      level 5: 251315 prefixes
      level 6: 348131 prefixes
      level 7: 366665 prefixes
      level 8: 367567 prefixes
      level 9: 367567 prefixes
      level 10: 367567 prefixes
      level 11: 367567 prefixes
      level 12: 367567 prefixes
  lam=(31, 7, 4, 4, 2): N_S=367567 |Stab|=2 n_chi=187694 (orbits dropped: 0) [lean, 1s, HWM 0.15 GB]
    E_01: |H|=2 targets 223149 canonical rows 114242 nnz 691114 (obstructed fixed targets cancelled: 0) [2s, HWM 0.15 GB]
    E_12: |H|=1 targets 250846 canonical rows 250846 nnz 984900 (obstructed fixed targets cancelled: 0) [3s, HWM 0.18 GB]
    E_23: |H|=1 targets 321032 canonical rows 321032 nnz 961954 (obstructed fixed targets cancelled: 0) [5s, HWM 0.20 GB]
    E_34: |H|=1 targets 202301 canonical rows 202301 nnz 615389 (obstructed fixed targets cancelled: 0) [6s, HWM 0.20 GB]
  built (31, 7, 4, 4, 2) d12: N_S=367567 |Stab|=2 n_chi=187694 rows=888421 nnz=3253357 (8s: mono 1s orbits 1s rows 6s; HWM 0.20 GB)
  sieve (31, 7, 4, 4, 2) d12: cover(E) 187444/187694 by reversed (a=98, |U|=250, excess 152; {'natural': 182043, 'reversed': 187444, 'fill_asc': 170465, 'fill_desc': 165174, 'random': 140239}); cover(E_red) 142580/142763 (1.7s)
    hybrid[31_7_4_4_2d12] p=2147483647 attempt 0: |S|=187444 |U|=250 (a=98, excess 152) m=314 blocks 1x250 projected nullity 98, verified=True, rank 98 [split 0.2s trisolve 4.2s schur 6.4s null 0.0s lift 10.1s rank 0.7s]
    hybrid[31_7_4_4_2d12] p=2147483629 attempt 0: |S|=187444 |U|=250 (a=98, excess 152) m=314 blocks 1x250 projected nullity 98, verified=True, rank 98 [split 0.2s trisolve 4.2s schur 6.5s null 0.0s lift 10.0s rank 0.8s]
  RESULT (31, 7, 4, 4, 2) d12: a=98 n_chi=187694 |U|=250 mult_det=98 mult_per4=98 mult_red(star)=98 mult_red(pts)=98 i_det=0 i_red=0 i_per4=0 D=0  (80.1s, HWM 1.58 GB)
RESULT {"lam": [31, 7, 4, 4, 2], "delta": 12, "ell": 5, "a": 98, "K": 106, "N_S": 367567, "stab": 2, "n_chi": 187694, "nrows": 888421, "nnz": 3253357, "nfixed": 0, "build_secs": 7.8, "build_hwm_gb": 0.2, "route": "hybrid", "h_pad": 248, "seeds": {"det": 11, "red": 29, "per4": 47, "hybrid": 20260908}, "bound": 40, "primes": [2147483647, 2147483629], "n_red": 142763, "cover_E": {"size": 187444, "order": "reversed", "stats": {"natural": 182043, "reversed": 187444, "fill_asc": 170465, "fill_desc": 165174, "random": 140239}, "n_chi": 187694, "a": 98, "excess": 152, "certified_rank_lb": 187444}, "cover_Ered": {"size": 142580, "order": "reversed", "stats": {"natural": 140469, "reversed": 142580, "fill_asc": 132764, "fill_desc": 129512, "random": 109662}, "n_red": 142763, "certified": false}, "sieve_secs": 1.7, "pred_mem_x_bytes": 261020048, "primes_concurrent": true, "per_prime": {"2147483647": {"sides": {"det": {"mult": 98, "nullity": 0, "instrument": "hybrid kernel + det evaluation rows"}, "per4": {"mult": 98, "nullity": 0, "instrument": "hybrid kernel + per4 evaluation rows"}, "red_pts": {"mult": 98, "nullity": 0, "instrument": "hybrid kernel + red_pts evaluation rows"}, "red_star": {"mult": 98, "nullity": 0, "instrument": "hybrid kernel + (star)"}}, "hybrid": {"nS": 187444, "nU": 250, "excess": 152, "nnzT": 490104, "rows_other": 700977, "order": "reversed", "cover_stats": {"natural": 182043, "reversed": 187444, "fill_asc": 170465, "fill_desc": 165174, "random": 140239}, "ublock": 250, "nblocks": 1, "attempts": [{"attempt": 0, "m": 314, "nproj": 8, "projected_nullity": 98, "verified": true, "rank": 98, "secs": {"split": 0.2, "trisolve": 4.2, "schur": 6.4, "nullspace": 0.0, "lift_verify": 10.1, "rank": 0.7}}], "secs": 21.8}, "ev_secs": 35.0, "rank_secs": 12.2, "secs": 69.0, "hwm_gb": 1.58}, "2147483629": {"sides": {"det": {"mult": 98, "nullity": 0, "instrument": "hybrid kernel + det evaluation rows"}, "per4": {"mult": 98, "nullity": 0, "instrument": "hybrid kernel + per4 evaluation rows"}, "red_pts": {"mult": 98, "nullity": 0, "instrument": "hybrid kernel + red_pts evaluation rows"}, "red_star": {"mult": 98, "nullity": 0, "instrument": "hybrid kernel + (star)"}}, "hybrid": {"nS": 187444, "nU": 250, "excess": 152, "nnzT": 490104, "rows_other": 700977, "order": "reversed", "cover_stats": {"natural": 182043, "reversed": 187444, "fill_asc": 170465, "fill_desc": 165174, "random": 140239}, "ublock": 250, "nblocks": 1, "attempts": [{"attempt": 0, "m": 314, "nproj": 8, "projected_nullity": 98, "verified": true, "rank": 98, "secs": {"split": 0.2, "trisolve": 4.2, "schur": 6.5, "nullspace": 0.0, "lift_verify": 10.0, "rank": 0.8}}], "secs": 22.2}, "ev_secs": 38.0, "rank_secs": 10.3, "secs": 70.4, "hwm_gb": 1.58}}, "sides": {"det": {"mult": 98, "per_prime": {"2147483647": 98, "2147483629": 98}, "primes_agree": true, "instrument": "hybrid kernel + det evaluation rows", "status": "proved (full rank at both primes: mult = a over Q)"}, "per4": {"mult": 98, "per_prime": {"2147483647": 98, "2147483629": 98}, "primes_agree": true, "instrument": "hybrid kernel + per4 evaluation rows", "status": "proved (full rank at both primes: mult = a over Q)"}, "red_star": {"mult": 98, "per_prime": {"2147483647": 98, "2147483629": 98}, "primes_agree": true, "instrument": "hybrid kernel + (star)", "status": "proved (full rank at both primes: mult = a over Q)"}, "red_pts": {"mult": 98, "per_prime": {"2147483647": 98, "2147483629": 98}, "primes_agree": true, "instrument": "hybrid kernel + red_pts evaluation rows", "status": "proved (full rank at both primes: mult = a over Q)"}}, "mult_det": 98, "mult_per4": 98, "mult_red_star": 98, "mult_red_pts": 98, "mult_red": 98, "star_eq_pts": true, "i_det": 0, "i_red": 0, "i_per4": 0, "D": 0, "refute": false, "halt": false, "ok": true, "secs": 80.1, "hwm_gb": 1.58, "certs": [["results/certs/s71/31_7_4_4_2_d12_hybrid_p2147483647.json.gz", 33833], ["results/certs/s71/31_7_4_4_2_d12_hybrid_p2147483629.json.gz", 33834]]}
