      level 1: 54 prefixes
      level 2: 880 prefixes
      level 3: 6564 prefixes
      level 4: 27767 prefixes
      level 5: 79409 prefixes
      level 6: 159519 prefixes
      level 7: 222370 prefixes
      level 8: 246678 prefixes
      level 9: 251264 prefixes
      level 10: 251550 prefixes
      level 11: 251550 prefixes
      level 12: 251550 prefixes
      level 13: 251550 prefixes
      level 14: 251550 prefixes
      level 15: 251550 prefixes
      level 16: 251550 prefixes
      level 17: 251550 prefixes
  lam=(47, 14, 3, 2, 2): N_S=251550 |Stab|=2 n_chi=136337 (orbits dropped: 0) [lean, 1s, HWM 0.13 GB]
    E_01: |H|=2 targets 198647 canonical rows 107759 nnz 651047 (obstructed fixed targets cancelled: 0) [2s, HWM 0.16 GB]
    E_12: |H|=2 targets 114716 canonical rows 62801 nnz 295877 (obstructed fixed targets cancelled: 0) [3s, HWM 0.16 GB]
    E_23: |H|=1 targets 159884 canonical rows 159884 nnz 415632 (obstructed fixed targets cancelled: 0) [4s, HWM 0.16 GB]
    E_34: |H|=1 targets 190033 canonical rows 190033 nnz 363914 (obstructed fixed targets cancelled: 0) [6s, HWM 0.18 GB]
  built (47, 14, 3, 2, 2) d17: N_S=251550 |Stab|=2 n_chi=136337 rows=520477 nnz=1726470 (8s: mono 1s orbits 1s rows 6s; HWM 0.18 GB)
  sieve (47, 14, 3, 2, 2) d17: cover(E) 136042/136337 by reversed (a=214, |U|=295, excess 81; {'natural': 133096, 'reversed': 136042, 'fill_asc': 121952, 'fill_desc': 120398, 'random': 105018}); cover(E_red) 110622/110863 (0.9s)
    hybrid[47_14_3_2_2d17] p=2147483647 attempt 0: |S|=136042 |U|=295 (a=214, excess 81) m=359 blocks 1x295 projected nullity 214, verified=True, rank 214 [split 0.2s trisolve 4.5s schur 4.3s null 0.1s lift 11.5s rank 1.2s]
    hybrid[47_14_3_2_2d17] p=2147483629 attempt 0: |S|=136042 |U|=295 (a=214, excess 81) m=359 blocks 1x295 projected nullity 214, verified=True, rank 214 [split 0.2s trisolve 4.5s schur 4.4s null 0.1s lift 11.5s rank 1.3s]
  RESULT (47, 14, 3, 2, 2) d17: a=214 n_chi=136337 |U|=295 mult_det=214 mult_per4=214 mult_red(star)=214 mult_red(pts)=214 i_det=0 i_red=0 i_per4=0 D=0  (126.3s, HWM 2.05 GB)
RESULT {"lam": [47, 14, 3, 2, 2], "delta": 17, "ell": 5, "a": 214, "K": 222, "N_S": 251550, "stab": 2, "n_chi": 136337, "nrows": 520477, "nnz": 1726470, "nfixed": 0, "build_secs": 7.5, "build_hwm_gb": 0.18, "route": "hybrid", "h_pad": 494, "seeds": {"det": 11, "red": 29, "per4": 47, "hybrid": 20260908}, "bound": 40, "primes": [2147483647, 2147483629], "n_red": 110863, "cover_E": {"size": 136042, "order": "reversed", "stats": {"natural": 133096, "reversed": 136042, "fill_asc": 121952, "fill_desc": 120398, "random": 105018}, "n_chi": 136337, "a": 214, "excess": 81, "certified_rank_lb": 136042}, "cover_Ered": {"size": 110622, "order": "reversed", "stats": {"natural": 108816, "reversed": 110622, "fill_asc": 100972, "fill_desc": 100238, "random": 87198}, "n_red": 110863, "certified": false}, "sieve_secs": 0.9, "pred_mem_x_bytes": 277234032, "primes_concurrent": true, "per_prime": {"2147483647": {"sides": {"det": {"mult": 214, "nullity": 0, "instrument": "hybrid kernel + det evaluation rows"}, "per4": {"mult": 214, "nullity": 0, "instrument": "hybrid kernel + per4 evaluation rows"}, "red_pts": {"mult": 214, "nullity": 0, "instrument": "hybrid kernel + red_pts evaluation rows"}, "red_star": {"mult": 214, "nullity": 0, "instrument": "hybrid kernel + (star)"}}, "hybrid": {"nS": 136042, "nU": 295, "excess": 81, "nnzT": 319047, "rows_other": 384435, "order": "reversed", "cover_stats": {"natural": 133096, "reversed": 136042, "fill_asc": 121952, "fill_desc": 120398, "random": 105018}, "ublock": 295, "nblocks": 1, "attempts": [{"attempt": 0, "m": 359, "nproj": 8, "projected_nullity": 214, "verified": true, "rank": 214, "secs": {"split": 0.2, "trisolve": 4.5, "schur": 4.3, "nullspace": 0.1, "lift_verify": 11.5, "rank": 1.2}}], "secs": 21.9}, "ev_secs": 75.1, "rank_secs": 20.1, "secs": 117.1, "hwm_gb": 2.05}, "2147483629": {"sides": {"det": {"mult": 214, "nullity": 0, "instrument": "hybrid kernel + det evaluation rows"}, "per4": {"mult": 214, "nullity": 0, "instrument": "hybrid kernel + per4 evaluation rows"}, "red_pts": {"mult": 214, "nullity": 0, "instrument": "hybrid kernel + red_pts evaluation rows"}, "red_star": {"mult": 214, "nullity": 0, "instrument": "hybrid kernel + (star)"}}, "hybrid": {"nS": 136042, "nU": 295, "excess": 81, "nnzT": 319047, "rows_other": 384435, "order": "reversed", "cover_stats": {"natural": 133096, "reversed": 136042, "fill_asc": 121952, "fill_desc": 120398, "random": 105018}, "ublock": 295, "nblocks": 1, "attempts": [{"attempt": 0, "m": 359, "nproj": 8, "projected_nullity": 214, "verified": true, "rank": 214, "secs": {"split": 0.2, "trisolve": 4.5, "schur": 4.4, "nullspace": 0.1, "lift_verify": 11.5, "rank": 1.3}}], "secs": 22.1}, "ev_secs": 73.8, "rank_secs": 21.8, "secs": 117.7, "hwm_gb": 2.05}}, "sides": {"det": {"mult": 214, "per_prime": {"2147483647": 214, "2147483629": 214}, "primes_agree": true, "instrument": "hybrid kernel + det evaluation rows", "status": "proved (full rank at both primes: mult = a over Q)"}, "per4": {"mult": 214, "per_prime": {"2147483647": 214, "2147483629": 214}, "primes_agree": true, "instrument": "hybrid kernel + per4 evaluation rows", "status": "proved (full rank at both primes: mult = a over Q)"}, "red_star": {"mult": 214, "per_prime": {"2147483647": 214, "2147483629": 214}, "primes_agree": true, "instrument": "hybrid kernel + (star)", "status": "proved (full rank at both primes: mult = a over Q)"}, "red_pts": {"mult": 214, "per_prime": {"2147483647": 214, "2147483629": 214}, "primes_agree": true, "instrument": "hybrid kernel + red_pts evaluation rows", "status": "proved (full rank at both primes: mult = a over Q)"}}, "mult_det": 214, "mult_per4": 214, "mult_red_star": 214, "mult_red_pts": 214, "mult_red": 214, "star_eq_pts": true, "i_det": 0, "i_red": 0, "i_per4": 0, "D": 0, "refute": false, "halt": false, "ok": true, "secs": 126.3, "hwm_gb": 2.05, "certs": [["results/certs/s71/47_14_3_2_2_d17_hybrid_p2147483647.json.gz", 67284], ["results/certs/s71/47_14_3_2_2_d17_hybrid_p2147483629.json.gz", 67286]]}
