      level 1: 56 prefixes
      level 2: 1104 prefixes
      level 3: 9345 prefixes
      level 4: 41140 prefixes
      level 5: 86010 prefixes
      level 6: 105006 prefixes
      level 7: 107344 prefixes
      level 8: 107392 prefixes
      level 9: 107392 prefixes
      level 10: 107392 prefixes
  lam=(24, 8, 3, 3, 2): N_S=107392 |Stab|=2 n_chi=51377 (orbits dropped: 4638) [lean, 0s, HWM 0.09 GB]
    E_01: |H|=2 targets 72267 canonical rows 34515 nnz 197616 (obstructed fixed targets cancelled: 2243) [1s, HWM 0.09 GB]
    E_12: |H|=1 targets 58535 canonical rows 58518 nnz 226274 (obstructed fixed targets cancelled: 0) [1s, HWM 0.09 GB]
    E_23: |H|=1 targets 90248 canonical rows 89113 nnz 207489 (obstructed fixed targets cancelled: 0) [1s, HWM 0.10 GB]
    E_34: |H|=1 targets 68129 canonical rows 68053 nnz 171048 (obstructed fixed targets cancelled: 0) [1s, HWM 0.10 GB]
  built (24, 8, 3, 3, 2) d10: N_S=107392 |Stab|=2 n_chi=51377 rows=250199 nnz=802427 (2s: mono 0s orbits 0s rows 1s; HWM 0.10 GB)
  sieve (24, 8, 3, 3, 2) d10: cover(E) 51301/51377 by reversed (a=21, |U|=76, excess 55; {'natural': 50119, 'reversed': 51301, 'fill_asc': 47480, 'fill_desc': 47008, 'random': 41612}); cover(E_red) 38407/38462 (0.4s)
    hybrid[24_8_3_3_2d10] p=2147483647 attempt 0: |S|=51301 |U|=76 (a=21, excess 55) m=140 projected nullity 21, verified=True, rank 21 [split 0.1s trisolve 0.1s schur 0.5s null 0.0s lift 0.6s]
    hybrid[24_8_3_3_2d10] p=2147483629 attempt 0: |S|=51301 |U|=76 (a=21, excess 55) m=140 projected nullity 21, verified=True, rank 21 [split 0.1s trisolve 0.1s schur 0.6s null 0.0s lift 0.7s]
  RESULT (24, 8, 3, 3, 2) d10: a=21 n_chi=51377 |U|=76 mult_det=21 mult_per4=21 mult_red(star)=21 mult_red(pts)=21 i_det=0 i_red=0 i_per4=0 D=0  (6.4s, HWM 0.23 GB)
RESULT {"lam": [24, 8, 3, 3, 2], "delta": 10, "ell": 5, "a": 21, "K": 29, "N_S": 107392, "stab": 2, "n_chi": 51377, "nrows": 250199, "nnz": 802427, "nfixed": 2243, "build_secs": 1.8, "build_hwm_gb": 0.1, "route": "hybrid", "h_pad": 77, "seeds": {"det": 11, "red": 29, "per4": 47, "hybrid": 20260908}, "bound": 40, "primes": [2147483647, 2147483629], "n_red": 38462, "cover_E": {"size": 51301, "order": "reversed", "stats": {"natural": 50119, "reversed": 51301, "fill_asc": 47480, "fill_desc": 47008, "random": 41612}, "n_chi": 51377, "a": 21, "excess": 55, "certified_rank_lb": 51301}, "cover_Ered": {"size": 38407, "order": "reversed", "stats": {"natural": 37886, "reversed": 38407, "fill_asc": 36204, "fill_desc": 35892, "random": 31879}, "n_red": 38462, "certified": false}, "sieve_secs": 0.4, "pred_mem_x_bytes": 15595504, "primes_concurrent": true, "per_prime": {"2147483647": {"sides": {"det": {"mult": 21, "nullity": 0, "instrument": "hybrid kernel + det evaluation rows"}, "per4": {"mult": 21, "nullity": 0, "instrument": "hybrid kernel + per4 evaluation rows"}, "red_pts": {"mult": 21, "nullity": 0, "instrument": "hybrid kernel + red_pts evaluation rows"}, "red_star": {"mult": 21, "nullity": 0, "instrument": "hybrid kernel + (star)"}}, "hybrid": {"nS": 51301, "nU": 76, "excess": 55, "nnzT": 113250, "rows_other": 198898, "order": "reversed", "cover_stats": {"natural": 50119, "reversed": 51301, "fill_asc": 47480, "fill_desc": 47008, "random": 41612}, "attempts": [{"attempt": 0, "m": 140, "nproj": 8, "projected_nullity": 21, "verified": true, "rank": 21, "secs": {"split": 0.1, "trisolve": 0.1, "schur": 0.5, "nullspace": 0.0, "lift_verify": 0.6}}], "secs": 1.4}, "ev_secs": 2.1, "rank_secs": 0.5, "secs": 4.0, "hwm_gb": 0.23}, "2147483629": {"sides": {"det": {"mult": 21, "nullity": 0, "instrument": "hybrid kernel + det evaluation rows"}, "per4": {"mult": 21, "nullity": 0, "instrument": "hybrid kernel + per4 evaluation rows"}, "red_pts": {"mult": 21, "nullity": 0, "instrument": "hybrid kernel + red_pts evaluation rows"}, "red_star": {"mult": 21, "nullity": 0, "instrument": "hybrid kernel + (star)"}}, "hybrid": {"nS": 51301, "nU": 76, "excess": 55, "nnzT": 113250, "rows_other": 198898, "order": "reversed", "cover_stats": {"natural": 50119, "reversed": 51301, "fill_asc": 47480, "fill_desc": 47008, "random": 41612}, "attempts": [{"attempt": 0, "m": 140, "nproj": 8, "projected_nullity": 21, "verified": true, "rank": 21, "secs": {"split": 0.1, "trisolve": 0.1, "schur": 0.6, "nullspace": 0.0, "lift_verify": 0.7}}], "secs": 1.4}, "ev_secs": 2.1, "rank_secs": 0.5, "secs": 4.1, "hwm_gb": 0.23}}, "sides": {"det": {"mult": 21, "per_prime": {"2147483647": 21, "2147483629": 21}, "primes_agree": true, "instrument": "hybrid kernel + det evaluation rows", "status": "proved (full rank at both primes: mult = a over Q)"}, "per4": {"mult": 21, "per_prime": {"2147483647": 21, "2147483629": 21}, "primes_agree": true, "instrument": "hybrid kernel + per4 evaluation rows", "status": "proved (full rank at both primes: mult = a over Q)"}, "red_star": {"mult": 21, "per_prime": {"2147483647": 21, "2147483629": 21}, "primes_agree": true, "instrument": "hybrid kernel + (star)", "status": "proved (full rank at both primes: mult = a over Q)"}, "red_pts": {"mult": 21, "per_prime": {"2147483647": 21, "2147483629": 21}, "primes_agree": true, "instrument": "hybrid kernel + red_pts evaluation rows", "status": "proved (full rank at both primes: mult = a over Q)"}}, "mult_det": 21, "mult_per4": 21, "mult_red_star": 21, "mult_red_pts": 21, "mult_red": 21, "star_eq_pts": true, "i_det": 0, "i_red": 0, "i_per4": 0, "D": 0, "refute": false, "halt": false, "ok": true, "secs": 6.4, "hwm_gb": 0.23, "certs": [["results/certs/s71/24_8_3_3_2_d10_hybrid_p2147483647.json.gz", 10890], ["results/certs/s71/24_8_3_3_2_d10_hybrid_p2147483629.json.gz", 10891]]}
