      level 1: 48 prefixes
      level 2: 864 prefixes
      level 3: 8633 prefixes
      level 4: 50220 prefixes
      level 5: 149718 prefixes
      level 6: 235852 prefixes
      level 7: 261932 prefixes
      level 8: 264562 prefixes
      level 9: 264612 prefixes
      level 10: 264612 prefixes
      level 11: 264612 prefixes
      level 12: 264612 prefixes
  lam=(30, 7, 7, 3, 1): N_S=264612 |Stab|=2 n_chi=131278 (orbits dropped: 2056) [lean, 0s, HWM 0.12 GB]
    E_01: |H|=1 targets 160326 canonical rows 160318 nnz 967826 (obstructed fixed targets cancelled: 0) [1s, HWM 0.15 GB]
    E_12: |H|=1 targets 247802 canonical rows 247774 nnz 959960 (obstructed fixed targets cancelled: 0) [3s, HWM 0.18 GB]
    E_23: |H|=1 targets 151600 canonical rows 151592 nnz 583886 (obstructed fixed targets cancelled: 0) [3s, HWM 0.18 GB]
    E_34: |H|=2 targets 101737 canonical rows 50117 nnz 130600 (obstructed fixed targets cancelled: 626) [4s, HWM 0.18 GB]
  built (30, 7, 7, 3, 1) d12: N_S=264612 |Stab|=2 n_chi=131278 rows=609801 nnz=2642272 (5s: mono 1s orbits 0s rows 4s; HWM 0.18 GB)
  sieve (30, 7, 7, 3, 1) d12: cover(E) 131040/131278 by reversed (a=103, |U|=238, excess 135; {'natural': 124883, 'reversed': 131040, 'fill_asc': 118555, 'fill_desc': 117262, 'random': 91304}); cover(E_red) 104030/104243 (1.2s)
    hybrid[30_7_7_3_1d12] p=2147483629 attempt 0: |S|=131040 |U|=238 (a=103, excess 135) m=302 blocks 1x238 projected nullity 103, verified=True, rank 103 [split 0.3s trisolve 7.9s schur 10.1s null 0.1s lift 13.6s rank 1.1s]
    hybrid[30_7_7_3_1d12] p=2147483647 attempt 0: |S|=131040 |U|=238 (a=103, excess 135) m=302 blocks 1x238 projected nullity 103, verified=True, rank 103 [split 0.3s trisolve 7.9s schur 10.2s null 0.1s lift 14.1s rank 1.0s]
  RESULT (30, 7, 7, 3, 1) d12: a=103 n_chi=131278 |U|=238 mult_det=103 mult_per4=103 mult_red(star)=103 mult_red(pts)=103 i_det=0 i_red=0 i_per4=0 D=0  (121.1s, HWM 1.18 GB)
RESULT {"lam": [30, 7, 7, 3, 1], "delta": 12, "ell": 5, "a": 103, "K": 111, "N_S": 264612, "stab": 2, "n_chi": 131278, "nrows": 609801, "nnz": 2642272, "nfixed": 626, "build_secs": 5.2, "build_hwm_gb": 0.18, "route": "hybrid", "h_pad": 201, "seeds": {"det": 11, "red": 29, "per4": 47, "hybrid": 20260908}, "bound": 40, "primes": [2147483647, 2147483629], "n_red": 104243, "cover_E": {"size": 131040, "order": "reversed", "stats": {"natural": 124883, "reversed": 131040, "fill_asc": 118555, "fill_desc": 117262, "random": 91304}, "n_chi": 131278, "a": 103, "excess": 135, "certified_rank_lb": 131040}, "cover_Ered": {"size": 104030, "order": "reversed", "stats": {"natural": 100365, "reversed": 104030, "fill_asc": 97495, "fill_desc": 95368, "random": 75972}, "n_red": 104243, "certified": false}, "sieve_secs": 1.2, "pred_mem_x_bytes": 178836616, "primes_concurrent": true, "per_prime": {"2147483647": {"sides": {"det": {"mult": 103, "nullity": 0, "instrument": "hybrid kernel + det evaluation rows"}, "per4": {"mult": 103, "nullity": 0, "instrument": "hybrid kernel + per4 evaluation rows"}, "red_pts": {"mult": 103, "nullity": 0, "instrument": "hybrid kernel + red_pts evaluation rows"}, "red_star": {"mult": 103, "nullity": 0, "instrument": "hybrid kernel + (star)"}}, "hybrid": {"nS": 131040, "nU": 238, "excess": 135, "nnzT": 393857, "rows_other": 478761, "order": "reversed", "cover_stats": {"natural": 124883, "reversed": 131040, "fill_asc": 118555, "fill_desc": 117262, "random": 91304}, "ublock": 238, "nblocks": 1, "attempts": [{"attempt": 0, "m": 302, "nproj": 8, "projected_nullity": 103, "verified": true, "rank": 103, "secs": {"split": 0.3, "trisolve": 7.9, "schur": 10.2, "nullspace": 0.1, "lift_verify": 14.1, "rank": 1.0}}], "secs": 34.1}, "ev_secs": 60.0, "rank_secs": 20.4, "secs": 114.5, "hwm_gb": 1.18}, "2147483629": {"sides": {"det": {"mult": 103, "nullity": 0, "instrument": "hybrid kernel + det evaluation rows"}, "per4": {"mult": 103, "nullity": 0, "instrument": "hybrid kernel + per4 evaluation rows"}, "red_pts": {"mult": 103, "nullity": 0, "instrument": "hybrid kernel + red_pts evaluation rows"}, "red_star": {"mult": 103, "nullity": 0, "instrument": "hybrid kernel + (star)"}}, "hybrid": {"nS": 131040, "nU": 238, "excess": 135, "nnzT": 393857, "rows_other": 478761, "order": "reversed", "cover_stats": {"natural": 124883, "reversed": 131040, "fill_asc": 118555, "fill_desc": 117262, "random": 91304}, "ublock": 238, "nblocks": 1, "attempts": [{"attempt": 0, "m": 302, "nproj": 8, "projected_nullity": 103, "verified": true, "rank": 103, "secs": {"split": 0.3, "trisolve": 7.9, "schur": 10.1, "nullspace": 0.1, "lift_verify": 13.6, "rank": 1.1}}], "secs": 33.5}, "ev_secs": 60.1, "rank_secs": 20.6, "secs": 114.1, "hwm_gb": 1.18}}, "sides": {"det": {"mult": 103, "per_prime": {"2147483647": 103, "2147483629": 103}, "primes_agree": true, "instrument": "hybrid kernel + det evaluation rows", "status": "proved (full rank at both primes: mult = a over Q)"}, "per4": {"mult": 103, "per_prime": {"2147483647": 103, "2147483629": 103}, "primes_agree": true, "instrument": "hybrid kernel + per4 evaluation rows", "status": "proved (full rank at both primes: mult = a over Q)"}, "red_star": {"mult": 103, "per_prime": {"2147483647": 103, "2147483629": 103}, "primes_agree": true, "instrument": "hybrid kernel + (star)", "status": "proved (full rank at both primes: mult = a over Q)"}, "red_pts": {"mult": 103, "per_prime": {"2147483647": 103, "2147483629": 103}, "primes_agree": true, "instrument": "hybrid kernel + red_pts evaluation rows", "status": "proved (full rank at both primes: mult = a over Q)"}}, "mult_det": 103, "mult_per4": 103, "mult_red_star": 103, "mult_red_pts": 103, "mult_red": 103, "star_eq_pts": true, "i_det": 0, "i_red": 0, "i_per4": 0, "D": 0, "refute": false, "halt": false, "ok": true, "secs": 121.1, "hwm_gb": 1.18, "certs": [["results/certs/s71/30_7_7_3_1_d12_hybrid_p2147483647.json.gz", 35160], ["results/certs/s71/30_7_7_3_1_d12_hybrid_p2147483629.json.gz", 35159]]}
