      level 1: 45 prefixes
      level 2: 639 prefixes
      level 3: 4385 prefixes
      level 4: 14873 prefixes
      level 5: 24627 prefixes
      level 6: 27319 prefixes
      level 7: 27509 prefixes
      level 8: 27509 prefixes
      level 9: 27509 prefixes
      level 10: 27509 prefixes
      level 11: 27509 prefixes
  lam=(29, 8, 4, 2, 1): N_S=27509 |Stab|=1 n_chi=27509 (orbits dropped: 0) [lean, 0s, HWM 0.07 GB]
    E_01: |H|=1 targets 18550 canonical rows 18550 nnz 101768 (obstructed fixed targets cancelled: 0) [0s, HWM 0.07 GB]
    E_12: |H|=1 targets 18207 canonical rows 18207 nnz 70158 (obstructed fixed targets cancelled: 0) [0s, HWM 0.07 GB]
    E_23: |H|=1 targets 15581 canonical rows 15581 nnz 44799 (obstructed fixed targets cancelled: 0) [0s, HWM 0.07 GB]
    E_34: |H|=1 targets 13079 canonical rows 13079 nnz 27509 (obstructed fixed targets cancelled: 0) [0s, HWM 0.07 GB]
  built (29, 8, 4, 2, 1) d11: N_S=27509 |Stab|=1 n_chi=27509 rows=65417 nnz=244234 (0s: mono 0s orbits 0s rows 0s; HWM 0.07 GB)
  sieve (29, 8, 4, 2, 1) d11: cover(E) 27417/27509 by reversed (a=63, |U|=92, excess 29; {'natural': 26531, 'reversed': 27417, 'fill_asc': 22951, 'fill_desc': 22372, 'random': 18996}); cover(E_red) 19007/19070 (0.1s)
    hybrid[29_8_4_2_1d11] p=2147483647 attempt 0: |S|=27417 |U|=92 (a=63, excess 29) m=156 projected nullity 63, verified=True, rank 63 [split 0.0s trisolve 0.0s schur 0.2s null 0.0s lift 0.4s]
    hybrid[29_8_4_2_1d11] p=2147483629 attempt 0: |S|=27417 |U|=92 (a=63, excess 29) m=156 projected nullity 63, verified=True, rank 63 [split 0.0s trisolve 0.0s schur 0.2s null 0.0s lift 0.6s]
  RESULT (29, 8, 4, 2, 1) d11: a=63 n_chi=27509 |U|=92 mult_det=63 mult_per4=63 mult_red(star)=63 mult_red(pts)=63 i_det=0 i_red=0 i_per4=0 D=0  (4.6s, HWM 0.22 GB)
RESULT {"lam": [29, 8, 4, 2, 1], "delta": 11, "ell": 5, "a": 63, "K": 71, "N_S": 27509, "stab": 1, "n_chi": 27509, "nrows": 65417, "nnz": 244234, "nfixed": 0, "build_secs": 0.4, "build_hwm_gb": 0.07, "route": "hybrid", "h_pad": 187, "seeds": {"det": 11, "red": 29, "per4": 47, "hybrid": 20260908}, "bound": 40, "primes": [2147483647, 2147483629], "n_red": 19070, "cover_E": {"size": 27417, "order": "reversed", "stats": {"natural": 26531, "reversed": 27417, "fill_asc": 22951, "fill_desc": 22372, "random": 18996}, "n_chi": 27509, "a": 63, "excess": 29, "certified_rank_lb": 27417}, "cover_Ered": {"size": 19007, "order": "reversed", "stats": {"natural": 18729, "reversed": 19007, "fill_asc": 16903, "fill_desc": 16640, "random": 14185}, "n_red": 19070, "certified": false}, "sieve_secs": 0.1, "pred_mem_x_bytes": 10089456, "primes_concurrent": true, "per_prime": {"2147483647": {"sides": {"det": {"mult": 63, "nullity": 0, "instrument": "hybrid kernel + det evaluation rows"}, "per4": {"mult": 63, "nullity": 0, "instrument": "hybrid kernel + per4 evaluation rows"}, "red_pts": {"mult": 63, "nullity": 0, "instrument": "hybrid kernel + red_pts evaluation rows"}, "red_star": {"mult": 63, "nullity": 0, "instrument": "hybrid kernel + (star)"}}, "hybrid": {"nS": 27417, "nU": 92, "excess": 29, "nnzT": 72942, "rows_other": 38000, "order": "reversed", "cover_stats": {"natural": 26531, "reversed": 27417, "fill_asc": 22951, "fill_desc": 22372, "random": 18996}, "attempts": [{"attempt": 0, "m": 156, "nproj": 8, "projected_nullity": 63, "verified": true, "rank": 63, "secs": {"split": 0.0, "trisolve": 0.0, "schur": 0.2, "nullspace": 0.0, "lift_verify": 0.4}}], "secs": 0.7}, "ev_secs": 1.9, "rank_secs": 1.0, "secs": 3.7, "hwm_gb": 0.22}, "2147483629": {"sides": {"det": {"mult": 63, "nullity": 0, "instrument": "hybrid kernel + det evaluation rows"}, "per4": {"mult": 63, "nullity": 0, "instrument": "hybrid kernel + per4 evaluation rows"}, "red_pts": {"mult": 63, "nullity": 0, "instrument": "hybrid kernel + red_pts evaluation rows"}, "red_star": {"mult": 63, "nullity": 0, "instrument": "hybrid kernel + (star)"}}, "hybrid": {"nS": 27417, "nU": 92, "excess": 29, "nnzT": 72942, "rows_other": 38000, "order": "reversed", "cover_stats": {"natural": 26531, "reversed": 27417, "fill_asc": 22951, "fill_desc": 22372, "random": 18996}, "attempts": [{"attempt": 0, "m": 156, "nproj": 8, "projected_nullity": 63, "verified": true, "rank": 63, "secs": {"split": 0.0, "trisolve": 0.0, "schur": 0.2, "nullspace": 0.0, "lift_verify": 0.6}}], "secs": 0.9}, "ev_secs": 1.9, "rank_secs": 1.1, "secs": 3.9, "hwm_gb": 0.22}}, "sides": {"det": {"mult": 63, "per_prime": {"2147483647": 63, "2147483629": 63}, "primes_agree": true, "instrument": "hybrid kernel + det evaluation rows", "status": "proved (full rank at both primes: mult = a over Q)"}, "per4": {"mult": 63, "per_prime": {"2147483647": 63, "2147483629": 63}, "primes_agree": true, "instrument": "hybrid kernel + per4 evaluation rows", "status": "proved (full rank at both primes: mult = a over Q)"}, "red_star": {"mult": 63, "per_prime": {"2147483647": 63, "2147483629": 63}, "primes_agree": true, "instrument": "hybrid kernel + (star)", "status": "proved (full rank at both primes: mult = a over Q)"}, "red_pts": {"mult": 63, "per_prime": {"2147483647": 63, "2147483629": 63}, "primes_agree": true, "instrument": "hybrid kernel + red_pts evaluation rows", "status": "proved (full rank at both primes: mult = a over Q)"}}, "mult_det": 63, "mult_per4": 63, "mult_red_star": 63, "mult_red_pts": 63, "mult_red": 63, "star_eq_pts": true, "i_det": 0, "i_red": 0, "i_per4": 0, "D": 0, "refute": false, "halt": false, "ok": true, "secs": 4.6, "hwm_gb": 0.22, "certs": [["results/certs/s71/29_8_4_2_1_d11_hybrid_p2147483647.json.gz", 23753], ["results/certs/s71/29_8_4_2_1_d11_hybrid_p2147483629.json.gz", 23751]]}
