      level 1: 58 prefixes
      level 2: 1292 prefixes
      level 3: 14864 prefixes
      level 4: 87911 prefixes
      level 5: 233985 prefixes
      level 6: 325136 prefixes
      level 7: 342718 prefixes
      level 8: 343588 prefixes
      level 9: 343588 prefixes
      level 10: 343588 prefixes
      level 11: 343588 prefixes
  lam=(27, 6, 6, 3, 2): N_S=343588 |Stab|=2 n_chi=173489 (orbits dropped: 0) [lean, 1s, HWM 0.16 GB]
    E_01: |H|=1 targets 193643 canonical rows 193643 nnz 1173718 (obstructed fixed targets cancelled: 0) [1s, HWM 0.16 GB]
    E_12: |H|=1 targets 316195 canonical rows 316195 nnz 1164217 (obstructed fixed targets cancelled: 0) [3s, HWM 0.20 GB]
    E_23: |H|=1 targets 209145 canonical rows 209145 nnz 767605 (obstructed fixed targets cancelled: 0) [4s, HWM 0.20 GB]
    E_34: |H|=2 targets 216110 canonical rows 109205 nnz 289865 (obstructed fixed targets cancelled: 0) [5s, HWM 0.20 GB]
  built (27, 6, 6, 3, 2) d11: N_S=343588 |Stab|=2 n_chi=173489 rows=828188 nnz=3395405 (7s: mono 1s orbits 1s rows 5s; HWM 0.20 GB)
  sieve (27, 6, 6, 3, 2) d11: cover(E) 173272/173489 by reversed (a=63, |U|=217, excess 154; {'natural': 167620, 'reversed': 173272, 'fill_asc': 159526, 'fill_desc': 154745, 'random': 125537}); cover(E_red) 133260/133437 (1.7s)
    hybrid[27_6_6_3_2d11] p=2147483647 attempt 0: |S|=173272 |U|=217 (a=63, excess 154) m=281 blocks 1x217 projected nullity 63, verified=True, rank 63 [split 0.2s trisolve 4.5s schur 5.9s null 0.0s lift 5.8s rank 0.6s]
    hybrid[27_6_6_3_2d11] p=2147483629 attempt 0: |S|=173272 |U|=217 (a=63, excess 154) m=281 blocks 1x217 projected nullity 63, verified=True, rank 63 [split 0.2s trisolve 4.5s schur 5.9s null 0.0s lift 6.1s rank 0.5s]
  RESULT (27, 6, 6, 3, 2) d11: a=63 n_chi=173489 |U|=217 mult_det=63 mult_per4=63 mult_red(star)=63 mult_red(pts)=63 i_det=0 i_red=0 i_per4=0 D=0  (56.7s, HWM 1.14 GB)
RESULT {"lam": [27, 6, 6, 3, 2], "delta": 11, "ell": 5, "a": 63, "K": 71, "N_S": 343588, "stab": 2, "n_chi": 173489, "nrows": 828188, "nnz": 3395405, "nfixed": 0, "build_secs": 7.0, "build_hwm_gb": 0.2, "route": "hybrid", "h_pad": 155, "seeds": {"det": 11, "red": 29, "per4": 47, "hybrid": 20260908}, "bound": 40, "primes": [2147483647, 2147483629], "n_red": 133437, "cover_E": {"size": 173272, "order": "reversed", "stats": {"natural": 167620, "reversed": 173272, "fill_asc": 159526, "fill_desc": 154745, "random": 125537}, "n_chi": 173489, "a": 63, "excess": 154, "certified_rank_lb": 173272}, "cover_Ered": {"size": 133260, "order": "reversed", "stats": {"natural": 130308, "reversed": 133260, "fill_asc": 126788, "fill_desc": 122391, "random": 101078}, "n_red": 133437, "certified": false}, "sieve_secs": 1.7, "pred_mem_x_bytes": 194119324, "primes_concurrent": true, "per_prime": {"2147483647": {"sides": {"det": {"mult": 63, "nullity": 0, "instrument": "hybrid kernel + det evaluation rows"}, "per4": {"mult": 63, "nullity": 0, "instrument": "hybrid kernel + per4 evaluation rows"}, "red_pts": {"mult": 63, "nullity": 0, "instrument": "hybrid kernel + red_pts evaluation rows"}, "red_star": {"mult": 63, "nullity": 0, "instrument": "hybrid kernel + (star)"}}, "hybrid": {"nS": 173272, "nU": 217, "excess": 154, "nnzT": 483887, "rows_other": 654916, "order": "reversed", "cover_stats": {"natural": 167620, "reversed": 173272, "fill_asc": 159526, "fill_desc": 154745, "random": 125537}, "ublock": 217, "nblocks": 1, "attempts": [{"attempt": 0, "m": 281, "nproj": 8, "projected_nullity": 63, "verified": true, "rank": 63, "secs": {"split": 0.2, "trisolve": 4.5, "schur": 5.9, "nullspace": 0.0, "lift_verify": 5.8, "rank": 0.6}}], "secs": 17.4}, "ev_secs": 21.8, "rank_secs": 7.8, "secs": 47.0, "hwm_gb": 1.14}, "2147483629": {"sides": {"det": {"mult": 63, "nullity": 0, "instrument": "hybrid kernel + det evaluation rows"}, "per4": {"mult": 63, "nullity": 0, "instrument": "hybrid kernel + per4 evaluation rows"}, "red_pts": {"mult": 63, "nullity": 0, "instrument": "hybrid kernel + red_pts evaluation rows"}, "red_star": {"mult": 63, "nullity": 0, "instrument": "hybrid kernel + (star)"}}, "hybrid": {"nS": 173272, "nU": 217, "excess": 154, "nnzT": 483887, "rows_other": 654916, "order": "reversed", "cover_stats": {"natural": 167620, "reversed": 173272, "fill_asc": 159526, "fill_desc": 154745, "random": 125537}, "ublock": 217, "nblocks": 1, "attempts": [{"attempt": 0, "m": 281, "nproj": 8, "projected_nullity": 63, "verified": true, "rank": 63, "secs": {"split": 0.2, "trisolve": 4.5, "schur": 5.9, "nullspace": 0.0, "lift_verify": 6.1, "rank": 0.5}}], "secs": 17.8}, "ev_secs": 23.1, "rank_secs": 6.9, "secs": 47.7, "hwm_gb": 1.14}}, "sides": {"det": {"mult": 63, "per_prime": {"2147483647": 63, "2147483629": 63}, "primes_agree": true, "instrument": "hybrid kernel + det evaluation rows", "status": "proved (full rank at both primes: mult = a over Q)"}, "per4": {"mult": 63, "per_prime": {"2147483647": 63, "2147483629": 63}, "primes_agree": true, "instrument": "hybrid kernel + per4 evaluation rows", "status": "proved (full rank at both primes: mult = a over Q)"}, "red_star": {"mult": 63, "per_prime": {"2147483647": 63, "2147483629": 63}, "primes_agree": true, "instrument": "hybrid kernel + (star)", "status": "proved (full rank at both primes: mult = a over Q)"}, "red_pts": {"mult": 63, "per_prime": {"2147483647": 63, "2147483629": 63}, "primes_agree": true, "instrument": "hybrid kernel + red_pts evaluation rows", "status": "proved (full rank at both primes: mult = a over Q)"}}, "mult_det": 63, "mult_per4": 63, "mult_red_star": 63, "mult_red_pts": 63, "mult_red": 63, "star_eq_pts": true, "i_det": 0, "i_red": 0, "i_per4": 0, "D": 0, "refute": false, "halt": false, "ok": true, "secs": 56.7, "hwm_gb": 1.14, "certs": [["results/certs/s71/27_6_6_3_2_d11_hybrid_p2147483647.json.gz", 23779], ["results/certs/s71/27_6_6_3_2_d11_hybrid_p2147483629.json.gz", 23778]]}
