      level 1: 36 prefixes
      level 2: 442 prefixes
      level 3: 2872 prefixes
      level 4: 12712 prefixes
      level 5: 39561 prefixes
      level 6: 87127 prefixes
      level 7: 133238 prefixes
      level 8: 156051 prefixes
      level 9: 161942 prefixes
      level 10: 162613 prefixes
      level 11: 162630 prefixes
      level 12: 162630 prefixes
      level 13: 162630 prefixes
      level 14: 162630 prefixes
      level 15: 162630 prefixes
      level 16: 162630 prefixes
  lam=(42, 14, 6, 1, 1): N_S=162630 |Stab|=2 n_chi=62215 (orbits dropped: 38200) [lean, 0s, HWM 0.12 GB]
    E_01: |H|=2 targets 128240 canonical rows 48967 nnz 291771 (obstructed fixed targets cancelled: 11544) [1s, HWM 0.12 GB]
    E_12: |H|=2 targets 110213 canonical rows 41840 nnz 200952 (obstructed fixed targets cancelled: 6578) [2s, HWM 0.12 GB]
    E_23: |H|=1 targets 47687 canonical rows 47523 nnz 124430 (obstructed fixed targets cancelled: 0) [2s, HWM 0.12 GB]
    E_34: |H|=1 targets 100415 canonical rows 0 nnz 0 (obstructed fixed targets cancelled: 0) [3s, HWM 0.12 GB]
  built (42, 14, 6, 1, 1) d16: N_S=162630 |Stab|=2 n_chi=62215 rows=138330 nnz=617153 (4s: mono 1s orbits 0s rows 3s; HWM 0.12 GB)
  sieve (42, 14, 6, 1, 1) d16: cover(E) 61827/62215 by reversed (a=300, |U|=388, excess 88; {'natural': 56752, 'reversed': 61827, 'fill_asc': 47292, 'fill_desc': 47455, 'random': 37729}); cover(E_red) 52433/52789 (0.4s)
    hybrid[42_14_6_1_1d16] p=2147483647 attempt 0: |S|=61827 |U|=388 (a=300, excess 88) m=452 blocks 1x388 projected nullity 300, verified=True, rank 300 [split 0.1s trisolve 5.2s schur 2.9s null 0.3s lift 9.1s rank 1.8s]
    hybrid[42_14_6_1_1d16] p=2147483629 attempt 0: |S|=61827 |U|=388 (a=300, excess 88) m=452 blocks 1x388 projected nullity 300, verified=True, rank 300 [split 0.2s trisolve 5.2s schur 2.9s null 0.3s lift 9.9s rank 2.0s]
  RESULT (42, 14, 6, 1, 1) d16: a=300 n_chi=62215 |U|=388 mult_det=300 mult_per4=300 mult_red(star)=300 mult_red(pts)=300 i_det=0 i_red=0 i_per4=0 D=0  (146.8s, HWM 1.26 GB)
RESULT {"lam": [42, 14, 6, 1, 1], "delta": 16, "ell": 5, "a": 300, "K": 308, "N_S": 162630, "stab": 2, "n_chi": 62215, "nrows": 138330, "nnz": 617153, "nfixed": 18122, "build_secs": 4.0, "build_hwm_gb": 0.12, "route": "hybrid", "h_pad": 534, "seeds": {"det": 11, "red": 29, "per4": 47, "hybrid": 20260908}, "bound": 40, "primes": [2147483647, 2147483629], "n_red": 52789, "cover_E": {"size": 61827, "order": "reversed", "stats": {"natural": 56752, "reversed": 61827, "fill_asc": 47292, "fill_desc": 47455, "random": 37729}, "n_chi": 62215, "a": 300, "excess": 88, "certified_rank_lb": 61827}, "cover_Ered": {"size": 52433, "order": "reversed", "stats": {"natural": 48886, "reversed": 52433, "fill_asc": 41527, "fill_desc": 41564, "random": 33072}, "n_red": 52789, "certified": false}, "sieve_secs": 0.4, "pred_mem_x_bytes": 170613504, "primes_concurrent": true, "per_prime": {"2147483647": {"sides": {"det": {"mult": 300, "nullity": 0, "instrument": "hybrid kernel + det evaluation rows"}, "per4": {"mult": 300, "nullity": 0, "instrument": "hybrid kernel + per4 evaluation rows"}, "red_pts": {"mult": 300, "nullity": 0, "instrument": "hybrid kernel + red_pts evaluation rows"}, "red_star": {"mult": 300, "nullity": 0, "instrument": "hybrid kernel + (star)"}}, "hybrid": {"nS": 61827, "nU": 388, "excess": 88, "nnzT": 224318, "rows_other": 76503, "order": "reversed", "cover_stats": {"natural": 56752, "reversed": 61827, "fill_asc": 47292, "fill_desc": 47455, "random": 37729}, "ublock": 388, "nblocks": 1, "attempts": [{"attempt": 0, "m": 452, "nproj": 8, "projected_nullity": 300, "verified": true, "rank": 300, "secs": {"split": 0.1, "trisolve": 5.2, "schur": 2.9, "nullspace": 0.3, "lift_verify": 9.1, "rank": 1.8}}], "secs": 19.3}, "ev_secs": 90.9, "rank_secs": 28.9, "secs": 139.1, "hwm_gb": 1.26}, "2147483629": {"sides": {"det": {"mult": 300, "nullity": 0, "instrument": "hybrid kernel + det evaluation rows"}, "per4": {"mult": 300, "nullity": 0, "instrument": "hybrid kernel + per4 evaluation rows"}, "red_pts": {"mult": 300, "nullity": 0, "instrument": "hybrid kernel + red_pts evaluation rows"}, "red_star": {"mult": 300, "nullity": 0, "instrument": "hybrid kernel + (star)"}}, "hybrid": {"nS": 61827, "nU": 388, "excess": 88, "nnzT": 224318, "rows_other": 76503, "order": "reversed", "cover_stats": {"natural": 56752, "reversed": 61827, "fill_asc": 47292, "fill_desc": 47455, "random": 37729}, "ublock": 388, "nblocks": 1, "attempts": [{"attempt": 0, "m": 452, "nproj": 8, "projected_nullity": 300, "verified": true, "rank": 300, "secs": {"split": 0.2, "trisolve": 5.2, "schur": 2.9, "nullspace": 0.3, "lift_verify": 9.9, "rank": 2.0}}], "secs": 20.5}, "ev_secs": 91.7, "rank_secs": 30.1, "secs": 142.3, "hwm_gb": 1.26}}, "sides": {"det": {"mult": 300, "per_prime": {"2147483647": 300, "2147483629": 300}, "primes_agree": true, "instrument": "hybrid kernel + det evaluation rows", "status": "proved (full rank at both primes: mult = a over Q)"}, "per4": {"mult": 300, "per_prime": {"2147483647": 300, "2147483629": 300}, "primes_agree": true, "instrument": "hybrid kernel + per4 evaluation rows", "status": "proved (full rank at both primes: mult = a over Q)"}, "red_star": {"mult": 300, "per_prime": {"2147483647": 300, "2147483629": 300}, "primes_agree": true, "instrument": "hybrid kernel + (star)", "status": "proved (full rank at both primes: mult = a over Q)"}, "red_pts": {"mult": 300, "per_prime": {"2147483647": 300, "2147483629": 300}, "primes_agree": true, "instrument": "hybrid kernel + red_pts evaluation rows", "status": "proved (full rank at both primes: mult = a over Q)"}}, "mult_det": 300, "mult_per4": 300, "mult_red_star": 300, "mult_red_pts": 300, "mult_red": 300, "star_eq_pts": true, "i_det": 0, "i_red": 0, "i_per4": 0, "D": 0, "refute": false, "halt": false, "ok": true, "secs": 146.8, "hwm_gb": 1.26, "certs": [["results/certs/s71/42_14_6_1_1_d16_hybrid_p2147483647.json.gz", 91016], ["results/certs/s71/42_14_6_1_1_d16_hybrid_p2147483629.json.gz", 91015]]}
