      level 1: 35 prefixes
      level 2: 434 prefixes
      level 3: 3116 prefixes
      level 4: 15719 prefixes
      level 5: 54582 prefixes
      level 6: 120208 prefixes
      level 7: 171906 prefixes
      level 8: 190817 prefixes
      level 9: 194000 prefixes
      level 10: 194187 prefixes
      level 11: 194187 prefixes
      level 12: 194187 prefixes
      level 13: 194187 prefixes
      level 14: 194187 prefixes
  lam=(35, 11, 8, 1, 1): N_S=194187 |Stab|=2 n_chi=75091 (orbits dropped: 44005) [lean, 0s, HWM 0.13 GB]
    E_01: |H|=2 targets 141682 canonical rows 54493 nnz 327519 (obstructed fixed targets cancelled: 12355) [1s, HWM 0.13 GB]
    E_12: |H|=2 targets 163105 canonical rows 62841 nnz 286063 (obstructed fixed targets cancelled: 8049) [3s, HWM 0.14 GB]
    E_23: |H|=1 targets 49955 canonical rows 49914 nnz 150182 (obstructed fixed targets cancelled: 0) [3s, HWM 0.14 GB]
    E_34: |H|=1 targets 119096 canonical rows 0 nnz 0 (obstructed fixed targets cancelled: 0) [4s, HWM 0.14 GB]
  built (35, 11, 8, 1, 1) d14: N_S=194187 |Stab|=2 n_chi=75091 rows=167248 nnz=763764 (5s: mono 1s orbits 0s rows 4s; HWM 0.14 GB)
  sieve (35, 11, 8, 1, 1) d14: cover(E) 74585/75091 by reversed (a=234, |U|=506, excess 272; {'natural': 69252, 'reversed': 74585, 'fill_asc': 56490, 'fill_desc': 56437, 'random': 43701}); cover(E_red) 63390/63857 (0.5s)
    hybrid[35_11_8_1_1d14] p=2147483647 attempt 0: |S|=74585 |U|=506 (a=234, excess 272) m=570 blocks 1x506 projected nullity 234, verified=True, rank 234 [split 0.2s trisolve 8.4s schur 4.7s null 0.4s lift 9.3s rank 1.3s]
    hybrid[35_11_8_1_1d14] p=2147483629 attempt 0: |S|=74585 |U|=506 (a=234, excess 272) m=570 blocks 1x506 projected nullity 234, verified=True, rank 234 [split 0.2s trisolve 8.5s schur 4.8s null 0.4s lift 9.4s rank 1.3s]
  RESULT (35, 11, 8, 1, 1) d14: a=234 n_chi=75091 |U|=506 mult_det=234 mult_per4=234 mult_red(star)=228 mult_red(pts)=228 i_det=0 i_red=6 i_per4=0 D=-6  (132.6s, HWM 1.25 GB)
RESULT {"lam": [35, 11, 8, 1, 1], "delta": 14, "ell": 5, "a": 234, "K": 242, "N_S": 194187, "stab": 2, "n_chi": 75091, "nrows": 167248, "nnz": 763764, "nfixed": 20404, "build_secs": 4.7, "build_hwm_gb": 0.14, "route": "hybrid", "h_pad": 367, "seeds": {"det": 11, "red": 29, "per4": 47, "hybrid": 20260908}, "bound": 40, "primes": [2147483647, 2147483629], "n_red": 63857, "cover_E": {"size": 74585, "order": "reversed", "stats": {"natural": 69252, "reversed": 74585, "fill_asc": 56490, "fill_desc": 56437, "random": 43701}, "n_chi": 75091, "a": 234, "excess": 272, "certified_rank_lb": 74585}, "cover_Ered": {"size": 63390, "order": "reversed", "stats": {"natural": 59930, "reversed": 63390, "fill_asc": 49628, "fill_desc": 49486, "random": 38444}, "n_red": 63857, "certified": false}, "sieve_secs": 0.5, "pred_mem_x_bytes": 221245216, "primes_concurrent": true, "per_prime": {"2147483647": {"sides": {"det": {"mult": 234, "nullity": 0, "instrument": "hybrid kernel + det evaluation rows"}, "per4": {"mult": 234, "nullity": 0, "instrument": "hybrid kernel + per4 evaluation rows"}, "red_pts": {"mult": 228, "nullity": 6, "instrument": "hybrid kernel + red_pts evaluation rows"}, "red_star": {"mult": 228, "nullity": 6, "instrument": "hybrid kernel + (star)"}}, "hybrid": {"nS": 74585, "nU": 506, "excess": 272, "nnzT": 282077, "rows_other": 92663, "order": "reversed", "cover_stats": {"natural": 69252, "reversed": 74585, "fill_asc": 56490, "fill_desc": 56437, "random": 43701}, "ublock": 506, "nblocks": 1, "attempts": [{"attempt": 0, "m": 570, "nproj": 8, "projected_nullity": 234, "verified": true, "rank": 234, "secs": {"split": 0.2, "trisolve": 8.4, "schur": 4.7, "nullspace": 0.4, "lift_verify": 9.3, "rank": 1.3}}], "secs": 24.3}, "ev_secs": 73.4, "rank_secs": 29.6, "secs": 127.2, "hwm_gb": 1.25}, "2147483629": {"sides": {"det": {"mult": 234, "nullity": 0, "instrument": "hybrid kernel + det evaluation rows"}, "per4": {"mult": 234, "nullity": 0, "instrument": "hybrid kernel + per4 evaluation rows"}, "red_pts": {"mult": 228, "nullity": 6, "instrument": "hybrid kernel + red_pts evaluation rows"}, "red_star": {"mult": 228, "nullity": 6, "instrument": "hybrid kernel + (star)"}}, "hybrid": {"nS": 74585, "nU": 506, "excess": 272, "nnzT": 282077, "rows_other": 92663, "order": "reversed", "cover_stats": {"natural": 69252, "reversed": 74585, "fill_asc": 56490, "fill_desc": 56437, "random": 43701}, "ublock": 506, "nblocks": 1, "attempts": [{"attempt": 0, "m": 570, "nproj": 8, "projected_nullity": 234, "verified": true, "rank": 234, "secs": {"split": 0.2, "trisolve": 8.5, "schur": 4.8, "nullspace": 0.4, "lift_verify": 9.4, "rank": 1.3}}], "secs": 24.6}, "ev_secs": 72.6, "rank_secs": 29.8, "secs": 127.1, "hwm_gb": 1.25}}, "sides": {"det": {"mult": 234, "per_prime": {"2147483647": 234, "2147483629": 234}, "primes_agree": true, "instrument": "hybrid kernel + det evaluation rows", "status": "proved (full rank at both primes: mult = a over Q)"}, "per4": {"mult": 234, "per_prime": {"2147483647": 234, "2147483629": 234}, "primes_agree": true, "instrument": "hybrid kernel + per4 evaluation rows", "status": "proved (full rank at both primes: mult = a over Q)"}, "red_star": {"mult": 228, "per_prime": {"2147483647": 228, "2147483629": 228}, "primes_agree": true, "instrument": "hybrid kernel + (star)", "status": "measured (exact mod both primes, kernel exhibited): mult = 228"}, "red_pts": {"mult": 228, "per_prime": {"2147483647": 228, "2147483629": 228}, "primes_agree": true, "instrument": "hybrid kernel + red_pts evaluation rows", "status": "measured (exact mod both primes, kernel exhibited): mult = 228"}}, "mult_det": 234, "mult_per4": 234, "mult_red_star": 228, "mult_red_pts": 228, "mult_red": 228, "star_eq_pts": true, "i_det": 0, "i_red": 6, "i_per4": 0, "D": -6, "refute": false, "halt": false, "ok": true, "secs": 132.6, "hwm_gb": 1.25, "certs": [["results/certs/s71/35_11_8_1_1_d14_hybrid_p2147483647.json.gz", 72721], ["results/certs/s71/35_11_8_1_1_d14_hybrid_p2147483629.json.gz", 72723]]}
