      level 1: 59 prefixes
      level 2: 1289 prefixes
      level 3: 12990 prefixes
      level 4: 66891 prefixes
      level 5: 172941 prefixes
      level 6: 238932 prefixes
      level 7: 251271 prefixes
      level 8: 251807 prefixes
      level 9: 251807 prefixes
  lam=(19, 8, 3, 3, 3): N_S=251807 |Stab|=6 n_chi=37768 (orbits dropped: 8567) [lean, 1s, HWM 0.13 GB]
    E_01: |H|=6 targets 174733 canonical rows 26044 nnz 149006 (obstructed fixed targets cancelled: 11820) [1s, HWM 0.13 GB]
    E_12: |H|=2 targets 133802 canonical rows 64257 nnz 252422 (obstructed fixed targets cancelled: 2160) [2s, HWM 0.13 GB]
    E_23: |H|=1 targets 210091 canonical rows 207612 nnz 469399 (obstructed fixed targets cancelled: 0) [3s, HWM 0.15 GB]
    E_34: |H|=1 targets 210091 canonical rows 207612 nnz 469399 (obstructed fixed targets cancelled: 0) [3s, HWM 0.15 GB]
  built (19, 8, 3, 3, 3) d9: N_S=251807 |Stab|=6 n_chi=37768 rows=505525 nnz=1340226 (5s: mono 0s orbits 1s rows 3s; HWM 0.15 GB)
  sieve (19, 8, 3, 3, 3) d9: cover(E) 37750/37768 by reversed (a=4, |U|=18, excess 14; {'natural': 37293, 'reversed': 37750, 'fill_asc': 35379, 'fill_desc': 36510, 'random': 33339}); cover(E_red) 31019/31035 (0.8s)
    hybrid[19_8_3_3_3d9] p=2147483647 attempt 0: |S|=37750 |U|=18 (a=4, excess 14) m=82 projected nullity 4, verified=True, rank 4 [split 0.0s trisolve 0.0s schur 0.3s null 0.0s lift 0.3s]
    hybrid[19_8_3_3_3d9] p=2147483629 attempt 0: |S|=37750 |U|=18 (a=4, excess 14) m=82 projected nullity 4, verified=True, rank 4 [split 0.0s trisolve 0.0s schur 0.4s null 0.0s lift 0.3s]
  RESULT (19, 8, 3, 3, 3) d9: a=4 n_chi=37768 |U|=18 mult_det=4 mult_per4=4 mult_red(star)=4 mult_red(pts)=4 i_det=0 i_red=0 i_per4=0 D=0  (7.9s, HWM 0.18 GB)
RESULT {"lam": [19, 8, 3, 3, 3], "delta": 9, "ell": 5, "a": 4, "K": 12, "N_S": 251807, "stab": 6, "n_chi": 37768, "nrows": 505525, "nnz": 1340226, "nfixed": 13980, "build_secs": 4.6, "build_hwm_gb": 0.15, "route": "hybrid", "h_pad": 16, "seeds": {"det": 11, "red": 29, "per4": 47, "hybrid": 20260908}, "bound": 40, "primes": [2147483647, 2147483629], "n_red": 31035, "cover_E": {"size": 37750, "order": "reversed", "stats": {"natural": 37293, "reversed": 37750, "fill_asc": 35379, "fill_desc": 36510, "random": 33339}, "n_chi": 37768, "a": 4, "excess": 14, "certified_rank_lb": 37750}, "cover_Ered": {"size": 31019, "order": "reversed", "stats": {"natural": 30732, "reversed": 31019, "fill_asc": 29353, "fill_desc": 30123, "random": 27467}, "n_red": 31035, "certified": false}, "sieve_secs": 0.8, "pred_mem_x_bytes": 2718000, "primes_concurrent": true, "per_prime": {"2147483647": {"sides": {"det": {"mult": 4, "nullity": 0, "instrument": "hybrid kernel + det evaluation rows"}, "per4": {"mult": 4, "nullity": 0, "instrument": "hybrid kernel + per4 evaluation rows"}, "red_pts": {"mult": 4, "nullity": 0, "instrument": "hybrid kernel + red_pts evaluation rows"}, "red_star": {"mult": 4, "nullity": 0, "instrument": "hybrid kernel + (star)"}}, "hybrid": {"nS": 37750, "nU": 18, "excess": 14, "nnzT": 69860, "rows_other": 467775, "order": "reversed", "cover_stats": {"natural": 37293, "reversed": 37750, "fill_asc": 35379, "fill_desc": 36510, "random": 33339}, "attempts": [{"attempt": 0, "m": 82, "nproj": 8, "projected_nullity": 4, "verified": true, "rank": 4, "secs": {"split": 0.0, "trisolve": 0.0, "schur": 0.3, "nullspace": 0.0, "lift_verify": 0.3}}], "secs": 0.7}, "ev_secs": 1.5, "rank_secs": 0.1, "secs": 2.2, "hwm_gb": 0.18}, "2147483629": {"sides": {"det": {"mult": 4, "nullity": 0, "instrument": "hybrid kernel + det evaluation rows"}, "per4": {"mult": 4, "nullity": 0, "instrument": "hybrid kernel + per4 evaluation rows"}, "red_pts": {"mult": 4, "nullity": 0, "instrument": "hybrid kernel + red_pts evaluation rows"}, "red_star": {"mult": 4, "nullity": 0, "instrument": "hybrid kernel + (star)"}}, "hybrid": {"nS": 37750, "nU": 18, "excess": 14, "nnzT": 69860, "rows_other": 467775, "order": "reversed", "cover_stats": {"natural": 37293, "reversed": 37750, "fill_asc": 35379, "fill_desc": 36510, "random": 33339}, "attempts": [{"attempt": 0, "m": 82, "nproj": 8, "projected_nullity": 4, "verified": true, "rank": 4, "secs": {"split": 0.0, "trisolve": 0.0, "schur": 0.4, "nullspace": 0.0, "lift_verify": 0.3}}], "secs": 0.8}, "ev_secs": 1.5, "rank_secs": 0.1, "secs": 2.3, "hwm_gb": 0.18}}, "sides": {"det": {"mult": 4, "per_prime": {"2147483647": 4, "2147483629": 4}, "primes_agree": true, "instrument": "hybrid kernel + det evaluation rows", "status": "proved (full rank at both primes: mult = a over Q)"}, "per4": {"mult": 4, "per_prime": {"2147483647": 4, "2147483629": 4}, "primes_agree": true, "instrument": "hybrid kernel + per4 evaluation rows", "status": "proved (full rank at both primes: mult = a over Q)"}, "red_star": {"mult": 4, "per_prime": {"2147483647": 4, "2147483629": 4}, "primes_agree": true, "instrument": "hybrid kernel + (star)", "status": "proved (full rank at both primes: mult = a over Q)"}, "red_pts": {"mult": 4, "per_prime": {"2147483647": 4, "2147483629": 4}, "primes_agree": true, "instrument": "hybrid kernel + red_pts evaluation rows", "status": "proved (full rank at both primes: mult = a over Q)"}}, "mult_det": 4, "mult_per4": 4, "mult_red_star": 4, "mult_red_pts": 4, "mult_red": 4, "star_eq_pts": true, "i_det": 0, "i_red": 0, "i_per4": 0, "D": 0, "refute": false, "halt": false, "ok": true, "secs": 7.9, "hwm_gb": 0.18, "certs": [["results/certs/s71/19_8_3_3_3_d9_hybrid_p2147483647.json.gz", 59574], ["results/certs/s71/19_8_3_3_3_d9_hybrid_p2147483629.json.gz", 59726]]}
