      level 1: 48 prefixes
      level 2: 802 prefixes
      level 3: 5977 prefixes
      level 4: 18813 prefixes
      level 5: 27121 prefixes
      level 6: 28450 prefixes
      level 7: 28482 prefixes
      level 8: 28482 prefixes
      level 9: 28482 prefixes
  lam=(22, 6, 4, 3, 1): N_S=28482 |Stab|=1 n_chi=28482 (orbits dropped: 0) [lean, 0s, HWM 0.07 GB]
    E_01: |H|=1 targets 17133 canonical rows 17133 nnz 92550 (obstructed fixed targets cancelled: 0) [0s, HWM 0.07 GB]
    E_12: |H|=1 targets 20951 canonical rows 20951 nnz 73358 (obstructed fixed targets cancelled: 0) [0s, HWM 0.07 GB]
    E_23: |H|=1 targets 21093 canonical rows 21093 nnz 61607 (obstructed fixed targets cancelled: 0) [0s, HWM 0.07 GB]
    E_34: |H|=1 targets 11417 canonical rows 11417 nnz 28482 (obstructed fixed targets cancelled: 0) [0s, HWM 0.07 GB]
  built (22, 6, 4, 3, 1) d9: N_S=28482 |Stab|=1 n_chi=28482 rows=70594 nnz=255997 (0s: mono 0s orbits 0s rows 0s; HWM 0.07 GB)
  sieve (22, 6, 4, 3, 1) d9: cover(E) 28401/28482 by reversed (a=22, |U|=81, excess 59; {'natural': 27603, 'reversed': 28401, 'fill_asc': 24093, 'fill_desc': 23253, 'random': 19432}); cover(E_red) 19180/19233 (0.1s)
    hybrid[22_6_4_3_1d9] p=2147483629 attempt 0: |S|=28401 |U|=81 (a=22, excess 59) m=145 projected nullity 22, verified=True, rank 22 [split 0.0s trisolve 0.0s schur 0.1s null 0.0s lift 0.2s]
    hybrid[22_6_4_3_1d9] p=2147483647 attempt 0: |S|=28401 |U|=81 (a=22, excess 59) m=145 projected nullity 22, verified=True, rank 22 [split 0.0s trisolve 0.0s schur 0.1s null 0.0s lift 0.3s]
  RESULT (22, 6, 4, 3, 1) d9: a=22 n_chi=28482 |U|=81 mult_det=22 mult_per4=22 mult_red(star)=22 mult_red(pts)=22 i_det=0 i_red=0 i_per4=0 D=0  (2.2s, HWM 0.13 GB)
RESULT {"lam": [22, 6, 4, 3, 1], "delta": 9, "ell": 5, "a": 22, "K": 30, "N_S": 28482, "stab": 1, "n_chi": 28482, "nrows": 70594, "nnz": 255997, "nfixed": 0, "build_secs": 0.4, "build_hwm_gb": 0.07, "route": "hybrid", "h_pad": 80, "seeds": {"det": 11, "red": 29, "per4": 47, "hybrid": 20260908}, "bound": 40, "primes": [2147483647, 2147483629], "n_red": 19233, "cover_E": {"size": 28401, "order": "reversed", "stats": {"natural": 27603, "reversed": 28401, "fill_asc": 24093, "fill_desc": 23253, "random": 19432}, "n_chi": 28482, "a": 22, "excess": 59, "certified_rank_lb": 28401}, "cover_Ered": {"size": 19180, "order": "reversed", "stats": {"natural": 19049, "reversed": 19180, "fill_asc": 17416, "fill_desc": 16802, "random": 14354}, "n_red": 19233, "certified": false}, "sieve_secs": 0.1, "pred_mem_x_bytes": 9201924, "primes_concurrent": true, "per_prime": {"2147483647": {"sides": {"det": {"mult": 22, "nullity": 0, "instrument": "hybrid kernel + det evaluation rows"}, "per4": {"mult": 22, "nullity": 0, "instrument": "hybrid kernel + per4 evaluation rows"}, "red_pts": {"mult": 22, "nullity": 0, "instrument": "hybrid kernel + red_pts evaluation rows"}, "red_star": {"mult": 22, "nullity": 0, "instrument": "hybrid kernel + (star)"}}, "hybrid": {"nS": 28401, "nU": 81, "excess": 59, "nnzT": 78183, "rows_other": 42193, "order": "reversed", "cover_stats": {"natural": 27603, "reversed": 28401, "fill_asc": 24093, "fill_desc": 23253, "random": 19432}, "attempts": [{"attempt": 0, "m": 145, "nproj": 8, "projected_nullity": 22, "verified": true, "rank": 22, "secs": {"split": 0.0, "trisolve": 0.0, "schur": 0.1, "nullspace": 0.0, "lift_verify": 0.3}}], "secs": 0.5}, "ev_secs": 0.7, "rank_secs": 0.4, "secs": 1.7, "hwm_gb": 0.13}, "2147483629": {"sides": {"det": {"mult": 22, "nullity": 0, "instrument": "hybrid kernel + det evaluation rows"}, "per4": {"mult": 22, "nullity": 0, "instrument": "hybrid kernel + per4 evaluation rows"}, "red_pts": {"mult": 22, "nullity": 0, "instrument": "hybrid kernel + red_pts evaluation rows"}, "red_star": {"mult": 22, "nullity": 0, "instrument": "hybrid kernel + (star)"}}, "hybrid": {"nS": 28401, "nU": 81, "excess": 59, "nnzT": 78183, "rows_other": 42193, "order": "reversed", "cover_stats": {"natural": 27603, "reversed": 28401, "fill_asc": 24093, "fill_desc": 23253, "random": 19432}, "attempts": [{"attempt": 0, "m": 145, "nproj": 8, "projected_nullity": 22, "verified": true, "rank": 22, "secs": {"split": 0.0, "trisolve": 0.0, "schur": 0.1, "nullspace": 0.0, "lift_verify": 0.2}}], "secs": 0.4}, "ev_secs": 0.8, "rank_secs": 0.3, "secs": 1.5, "hwm_gb": 0.13}}, "sides": {"det": {"mult": 22, "per_prime": {"2147483647": 22, "2147483629": 22}, "primes_agree": true, "instrument": "hybrid kernel + det evaluation rows", "status": "proved (full rank at both primes: mult = a over Q)"}, "per4": {"mult": 22, "per_prime": {"2147483647": 22, "2147483629": 22}, "primes_agree": true, "instrument": "hybrid kernel + per4 evaluation rows", "status": "proved (full rank at both primes: mult = a over Q)"}, "red_star": {"mult": 22, "per_prime": {"2147483647": 22, "2147483629": 22}, "primes_agree": true, "instrument": "hybrid kernel + (star)", "status": "proved (full rank at both primes: mult = a over Q)"}, "red_pts": {"mult": 22, "per_prime": {"2147483647": 22, "2147483629": 22}, "primes_agree": true, "instrument": "hybrid kernel + red_pts evaluation rows", "status": "proved (full rank at both primes: mult = a over Q)"}}, "mult_det": 22, "mult_per4": 22, "mult_red_star": 22, "mult_red_pts": 22, "mult_red": 22, "star_eq_pts": true, "i_det": 0, "i_red": 0, "i_per4": 0, "D": 0, "refute": false, "halt": false, "ok": true, "secs": 2.2, "hwm_gb": 0.13, "certs": [["results/certs/s71/22_6_4_3_1_d9_hybrid_p2147483647.json.gz", 11192], ["results/certs/s71/22_6_4_3_1_d9_hybrid_p2147483629.json.gz", 11192]]}
