      level 1: 57 prefixes
      level 2: 1203 prefixes
      level 3: 10742 prefixes
      level 4: 36393 prefixes
      level 5: 53391 prefixes
      level 6: 56026 prefixes
      level 7: 56084 prefixes
      level 8: 56084 prefixes
      level 9: 56084 prefixes
  lam=(22, 5, 4, 3, 2): N_S=56084 |Stab|=1 n_chi=56084 (orbits dropped: 0) [lean, 0s, HWM 0.08 GB]
    E_01: |H|=1 targets 30386 canonical rows 30386 nnz 167418 (obstructed fixed targets cancelled: 0) [0s, HWM 0.08 GB]
    E_12: |H|=1 targets 44567 canonical rows 44567 nnz 146310 (obstructed fixed targets cancelled: 0) [0s, HWM 0.08 GB]
    E_23: |H|=1 targets 41357 canonical rows 41357 nnz 122553 (obstructed fixed targets cancelled: 0) [1s, HWM 0.08 GB]
    E_34: |H|=1 targets 35768 canonical rows 35768 nnz 92550 (obstructed fixed targets cancelled: 0) [1s, HWM 0.08 GB]
  built (22, 5, 4, 3, 2) d9: N_S=56084 |Stab|=1 n_chi=56084 rows=152078 nnz=528831 (1s: mono 0s orbits 0s rows 1s; HWM 0.08 GB)
  sieve (22, 5, 4, 3, 2) d9: cover(E) 55987/56084 by reversed (a=12, |U|=97, excess 85; {'natural': 55026, 'reversed': 55987, 'fill_asc': 49854, 'fill_desc': 46536, 'random': 39906}); cover(E_red) 37476/37539 (0.2s)
    hybrid[22_5_4_3_2d9] p=2147483629 attempt 0: |S|=55987 |U|=97 (a=12, excess 85) m=161 projected nullity 12, verified=True, rank 12 [split 0.1s trisolve 0.1s schur 0.4s null 0.0s lift 0.2s]
    hybrid[22_5_4_3_2d9] p=2147483647 attempt 0: |S|=55987 |U|=97 (a=12, excess 85) m=161 projected nullity 12, verified=True, rank 12 [split 0.1s trisolve 0.1s schur 0.4s null 0.0s lift 0.3s]
  RESULT (22, 5, 4, 3, 2) d9: a=12 n_chi=56084 |U|=97 mult_det=12 mult_per4=12 mult_red(star)=12 mult_red(pts)=12 i_det=0 i_red=0 i_per4=0 D=0  (3.4s, HWM 0.17 GB)
RESULT {"lam": [22, 5, 4, 3, 2], "delta": 9, "ell": 5, "a": 12, "K": 20, "N_S": 56084, "stab": 1, "n_chi": 56084, "nrows": 152078, "nnz": 528831, "nfixed": 0, "build_secs": 0.9, "build_hwm_gb": 0.08, "route": "hybrid", "h_pad": 46, "seeds": {"det": 11, "red": 29, "per4": 47, "hybrid": 20260908}, "bound": 40, "primes": [2147483647, 2147483629], "n_red": 37539, "cover_E": {"size": 55987, "order": "reversed", "stats": {"natural": 55026, "reversed": 55987, "fill_asc": 49854, "fill_desc": 46536, "random": 39906}, "n_chi": 56084, "a": 12, "excess": 85, "certified_rank_lb": 55987}, "cover_Ered": {"size": 37476, "order": "reversed", "stats": {"natural": 37359, "reversed": 37476, "fill_asc": 34973, "fill_desc": 33125, "random": 28576}, "n_red": 37539, "certified": false}, "sieve_secs": 0.2, "pred_mem_x_bytes": 21722956, "primes_concurrent": true, "per_prime": {"2147483647": {"sides": {"det": {"mult": 12, "nullity": 0, "instrument": "hybrid kernel + det evaluation rows"}, "per4": {"mult": 12, "nullity": 0, "instrument": "hybrid kernel + per4 evaluation rows"}, "red_pts": {"mult": 12, "nullity": 0, "instrument": "hybrid kernel + red_pts evaluation rows"}, "red_star": {"mult": 12, "nullity": 0, "instrument": "hybrid kernel + (star)"}}, "hybrid": {"nS": 55987, "nU": 97, "excess": 85, "nnzT": 147182, "rows_other": 96091, "order": "reversed", "cover_stats": {"natural": 55026, "reversed": 55987, "fill_asc": 49854, "fill_desc": 46536, "random": 39906}, "attempts": [{"attempt": 0, "m": 161, "nproj": 8, "projected_nullity": 12, "verified": true, "rank": 12, "secs": {"split": 0.1, "trisolve": 0.1, "schur": 0.4, "nullspace": 0.0, "lift_verify": 0.3}}], "secs": 0.9}, "ev_secs": 0.8, "rank_secs": 0.4, "secs": 2.1, "hwm_gb": 0.17}, "2147483629": {"sides": {"det": {"mult": 12, "nullity": 0, "instrument": "hybrid kernel + det evaluation rows"}, "per4": {"mult": 12, "nullity": 0, "instrument": "hybrid kernel + per4 evaluation rows"}, "red_pts": {"mult": 12, "nullity": 0, "instrument": "hybrid kernel + red_pts evaluation rows"}, "red_star": {"mult": 12, "nullity": 0, "instrument": "hybrid kernel + (star)"}}, "hybrid": {"nS": 55987, "nU": 97, "excess": 85, "nnzT": 147182, "rows_other": 96091, "order": "reversed", "cover_stats": {"natural": 55026, "reversed": 55987, "fill_asc": 49854, "fill_desc": 46536, "random": 39906}, "attempts": [{"attempt": 0, "m": 161, "nproj": 8, "projected_nullity": 12, "verified": true, "rank": 12, "secs": {"split": 0.1, "trisolve": 0.1, "schur": 0.4, "nullspace": 0.0, "lift_verify": 0.2}}], "secs": 0.8}, "ev_secs": 0.8, "rank_secs": 0.4, "secs": 2.1, "hwm_gb": 0.17}}, "sides": {"det": {"mult": 12, "per_prime": {"2147483647": 12, "2147483629": 12}, "primes_agree": true, "instrument": "hybrid kernel + det evaluation rows", "status": "proved (full rank at both primes: mult = a over Q)"}, "per4": {"mult": 12, "per_prime": {"2147483647": 12, "2147483629": 12}, "primes_agree": true, "instrument": "hybrid kernel + per4 evaluation rows", "status": "proved (full rank at both primes: mult = a over Q)"}, "red_star": {"mult": 12, "per_prime": {"2147483647": 12, "2147483629": 12}, "primes_agree": true, "instrument": "hybrid kernel + (star)", "status": "proved (full rank at both primes: mult = a over Q)"}, "red_pts": {"mult": 12, "per_prime": {"2147483647": 12, "2147483629": 12}, "primes_agree": true, "instrument": "hybrid kernel + red_pts evaluation rows", "status": "proved (full rank at both primes: mult = a over Q)"}}, "mult_det": 12, "mult_per4": 12, "mult_red_star": 12, "mult_red_pts": 12, "mult_red": 12, "star_eq_pts": true, "i_det": 0, "i_red": 0, "i_per4": 0, "D": 0, "refute": false, "halt": false, "ok": true, "secs": 3.4, "hwm_gb": 0.17, "certs": [["results/certs/s71/22_5_4_3_2_d9_hybrid_p2147483647.json.gz", 7995], ["results/certs/s71/22_5_4_3_2_d9_hybrid_p2147483629.json.gz", 7996]]}
