      level 1: 60 prefixes
      level 2: 1492 prefixes
      level 3: 17249 prefixes
      level 4: 79559 prefixes
      level 5: 145011 prefixes
      level 6: 162321 prefixes
      level 7: 163325 prefixes
      level 8: 163325 prefixes
      level 9: 163325 prefixes
  lam=(21, 4, 4, 4, 3): N_S=163325 |Stab|=6 n_chi=29036 (orbits dropped: 0) [lean, 1s, HWM 0.11 GB]
    E_01: |H|=2 targets 76233 canonical rows 39060 nnz 221302 (obstructed fixed targets cancelled: 0) [0s, HWM 0.11 GB]
    E_12: |H|=1 targets 142547 canonical rows 142547 nnz 425361 (obstructed fixed targets cancelled: 0) [1s, HWM 0.12 GB]
    E_23: |H|=1 targets 142547 canonical rows 142547 nnz 425361 (obstructed fixed targets cancelled: 0) [2s, HWM 0.12 GB]
    E_34: |H|=2 targets 119409 canonical rows 61117 nnz 184653 (obstructed fixed targets cancelled: 0) [2s, HWM 0.12 GB]
  built (21, 4, 4, 4, 3) d9: N_S=163325 |Stab|=6 n_chi=29036 rows=385271 nnz=1256677 (3s: mono 0s orbits 1s rows 2s; HWM 0.12 GB)
  sieve (21, 4, 4, 4, 3) d9: cover(E) 29019/29036 by reversed (a=6, |U|=17, excess 11; {'natural': 27921, 'reversed': 29019, 'fill_asc': 27458, 'fill_desc': 26600, 'random': 24074}); cover(E_red) 20644/20654 (0.6s)
    hybrid[21_4_4_4_3d9] p=2147483629 attempt 0: |S|=29019 |U|=17 (a=6, excess 11) m=81 projected nullity 6, verified=True, rank 6 [split 0.0s trisolve 0.0s schur 0.3s null 0.0s lift 0.2s]
    hybrid[21_4_4_4_3d9] p=2147483647 attempt 0: |S|=29019 |U|=17 (a=6, excess 11) m=81 projected nullity 6, verified=True, rank 6 [split 0.0s trisolve 0.0s schur 0.3s null 0.0s lift 0.4s]
  RESULT (21, 4, 4, 4, 3) d9: a=6 n_chi=29036 |U|=17 mult_det=6 mult_per4=6 mult_red(star)=6 mult_red(pts)=6 i_det=0 i_red=0 i_per4=0 D=0  (5.7s, HWM 0.17 GB)
RESULT {"lam": [21, 4, 4, 4, 3], "delta": 9, "ell": 5, "a": 6, "K": 14, "N_S": 163325, "stab": 6, "n_chi": 29036, "nrows": 385271, "nnz": 1256677, "nfixed": 0, "build_secs": 2.8, "build_hwm_gb": 0.12, "route": "hybrid", "h_pad": 16, "seeds": {"det": 11, "red": 29, "per4": 47, "hybrid": 20260908}, "bound": 40, "primes": [2147483647, 2147483629], "n_red": 20654, "cover_E": {"size": 29019, "order": "reversed", "stats": {"natural": 27921, "reversed": 29019, "fill_asc": 27458, "fill_desc": 26600, "random": 24074}, "n_chi": 29036, "a": 6, "excess": 11, "certified_rank_lb": 29019}, "cover_Ered": {"size": 20644, "order": "reversed", "stats": {"natural": 19990, "reversed": 20644, "fill_asc": 20041, "fill_desc": 19368, "random": 17789}, "n_red": 20654, "certified": false}, "sieve_secs": 0.6, "pred_mem_x_bytes": 1973292, "primes_concurrent": true, "per_prime": {"2147483647": {"sides": {"det": {"mult": 6, "nullity": 0, "instrument": "hybrid kernel + det evaluation rows"}, "per4": {"mult": 6, "nullity": 0, "instrument": "hybrid kernel + per4 evaluation rows"}, "red_pts": {"mult": 6, "nullity": 0, "instrument": "hybrid kernel + red_pts evaluation rows"}, "red_star": {"mult": 6, "nullity": 0, "instrument": "hybrid kernel + (star)"}}, "hybrid": {"nS": 29019, "nU": 17, "excess": 11, "nnzT": 65167, "rows_other": 356252, "order": "reversed", "cover_stats": {"natural": 27921, "reversed": 29019, "fill_asc": 27458, "fill_desc": 26600, "random": 24074}, "attempts": [{"attempt": 0, "m": 81, "nproj": 8, "projected_nullity": 6, "verified": true, "rank": 6, "secs": {"split": 0.0, "trisolve": 0.0, "schur": 0.3, "nullspace": 0.0, "lift_verify": 0.4}}], "secs": 0.7}, "ev_secs": 1.3, "rank_secs": 0.1, "secs": 2.1, "hwm_gb": 0.17}, "2147483629": {"sides": {"det": {"mult": 6, "nullity": 0, "instrument": "hybrid kernel + det evaluation rows"}, "per4": {"mult": 6, "nullity": 0, "instrument": "hybrid kernel + per4 evaluation rows"}, "red_pts": {"mult": 6, "nullity": 0, "instrument": "hybrid kernel + red_pts evaluation rows"}, "red_star": {"mult": 6, "nullity": 0, "instrument": "hybrid kernel + (star)"}}, "hybrid": {"nS": 29019, "nU": 17, "excess": 11, "nnzT": 65167, "rows_other": 356252, "order": "reversed", "cover_stats": {"natural": 27921, "reversed": 29019, "fill_asc": 27458, "fill_desc": 26600, "random": 24074}, "attempts": [{"attempt": 0, "m": 81, "nproj": 8, "projected_nullity": 6, "verified": true, "rank": 6, "secs": {"split": 0.0, "trisolve": 0.0, "schur": 0.3, "nullspace": 0.0, "lift_verify": 0.2}}], "secs": 0.5}, "ev_secs": 1.4, "rank_secs": 0.1, "secs": 2.0, "hwm_gb": 0.17}}, "sides": {"det": {"mult": 6, "per_prime": {"2147483647": 6, "2147483629": 6}, "primes_agree": true, "instrument": "hybrid kernel + det evaluation rows", "status": "proved (full rank at both primes: mult = a over Q)"}, "per4": {"mult": 6, "per_prime": {"2147483647": 6, "2147483629": 6}, "primes_agree": true, "instrument": "hybrid kernel + per4 evaluation rows", "status": "proved (full rank at both primes: mult = a over Q)"}, "red_star": {"mult": 6, "per_prime": {"2147483647": 6, "2147483629": 6}, "primes_agree": true, "instrument": "hybrid kernel + (star)", "status": "proved (full rank at both primes: mult = a over Q)"}, "red_pts": {"mult": 6, "per_prime": {"2147483647": 6, "2147483629": 6}, "primes_agree": true, "instrument": "hybrid kernel + red_pts evaluation rows", "status": "proved (full rank at both primes: mult = a over Q)"}}, "mult_det": 6, "mult_per4": 6, "mult_red_star": 6, "mult_red_pts": 6, "mult_red": 6, "star_eq_pts": true, "i_det": 0, "i_red": 0, "i_per4": 0, "D": 0, "refute": false, "halt": false, "ok": true, "secs": 5.7, "hwm_gb": 0.17, "certs": [["results/certs/s71/21_4_4_4_3_d9_hybrid_p2147483647.json.gz", 78269], ["results/certs/s71/21_4_4_4_3_d9_hybrid_p2147483629.json.gz", 78303]]}
