      level 1: 49 prefixes
      level 2: 928 prefixes
      level 3: 8627 prefixes
      level 4: 39562 prefixes
      level 5: 82373 prefixes
      level 6: 100244 prefixes
      level 7: 102386 prefixes
      level 8: 102430 prefixes
      level 9: 102430 prefixes
      level 10: 102430 prefixes
      level 11: 102430 prefixes
  lam=(28, 7, 4, 4, 1): N_S=102430 |Stab|=2 n_chi=52510 (orbits dropped: 0) [lean, 0s, HWM 0.09 GB]
    E_01: |H|=2 targets 63696 canonical rows 32731 nnz 188039 (obstructed fixed targets cancelled: 0) [0s, HWM 0.09 GB]
    E_12: |H|=1 targets 70486 canonical rows 70486 nnz 268907 (obstructed fixed targets cancelled: 0) [1s, HWM 0.09 GB]
    E_23: |H|=1 targets 89664 canonical rows 89664 nnz 261951 (obstructed fixed targets cancelled: 0) [1s, HWM 0.11 GB]
    E_34: |H|=1 targets 35157 canonical rows 35157 nnz 102430 (obstructed fixed targets cancelled: 0) [1s, HWM 0.11 GB]
  built (28, 7, 4, 4, 1) d11: N_S=102430 |Stab|=2 n_chi=52510 rows=228038 nnz=821327 (2s: mono 0s orbits 0s rows 1s; HWM 0.11 GB)
  sieve (28, 7, 4, 4, 1) d11: cover(E) 52394/52510 by reversed (a=58, |U|=116, excess 58; {'natural': 50458, 'reversed': 52394, 'fill_asc': 46244, 'fill_desc': 45897, 'random': 38863}); cover(E_red) 38391/38472 (0.4s)
    hybrid[28_7_4_4_1d11] p=2147483647 attempt 0: |S|=52394 |U|=116 (a=58, excess 58) m=180 projected nullity 58, verified=True, rank 58 [split 0.1s trisolve 0.1s schur 0.8s null 0.0s lift 1.5s]
    hybrid[28_7_4_4_1d11] p=2147483629 attempt 0: |S|=52394 |U|=116 (a=58, excess 58) m=180 projected nullity 58, verified=True, rank 58 [split 0.1s trisolve 0.1s schur 0.8s null 0.0s lift 1.8s]
  RESULT (28, 7, 4, 4, 1) d11: a=58 n_chi=52510 |U|=116 mult_det=58 mult_per4=58 mult_red(star)=58 mult_red(pts)=58 i_det=0 i_red=0 i_per4=0 D=0  (12.4s, HWM 0.37 GB)
RESULT {"lam": [28, 7, 4, 4, 1], "delta": 11, "ell": 5, "a": 58, "K": 66, "N_S": 102430, "stab": 2, "n_chi": 52510, "nrows": 228038, "nnz": 821327, "nfixed": 0, "build_secs": 1.8, "build_hwm_gb": 0.11, "route": "hybrid", "h_pad": 154, "seeds": {"det": 11, "red": 29, "per4": 47, "hybrid": 20260908}, "bound": 40, "primes": [2147483647, 2147483629], "n_red": 38472, "cover_E": {"size": 52394, "order": "reversed", "stats": {"natural": 50458, "reversed": 52394, "fill_asc": 46244, "fill_desc": 45897, "random": 38863}, "n_chi": 52510, "a": 58, "excess": 58, "certified_rank_lb": 52394}, "cover_Ered": {"size": 38391, "order": "reversed", "stats": {"natural": 37725, "reversed": 38391, "fill_asc": 35152, "fill_desc": 34838, "random": 29584}, "n_red": 38472, "certified": false}, "sieve_secs": 0.4, "pred_mem_x_bytes": 24310816, "primes_concurrent": true, "per_prime": {"2147483647": {"sides": {"det": {"mult": 58, "nullity": 0, "instrument": "hybrid kernel + det evaluation rows"}, "per4": {"mult": 58, "nullity": 0, "instrument": "hybrid kernel + per4 evaluation rows"}, "red_pts": {"mult": 58, "nullity": 0, "instrument": "hybrid kernel + red_pts evaluation rows"}, "red_star": {"mult": 58, "nullity": 0, "instrument": "hybrid kernel + (star)"}}, "hybrid": {"nS": 52394, "nU": 116, "excess": 58, "nnzT": 136308, "rows_other": 175644, "order": "reversed", "cover_stats": {"natural": 50458, "reversed": 52394, "fill_asc": 46244, "fill_desc": 45897, "random": 38863}, "attempts": [{"attempt": 0, "m": 180, "nproj": 8, "projected_nullity": 58, "verified": true, "rank": 58, "secs": {"split": 0.1, "trisolve": 0.1, "schur": 0.8, "nullspace": 0.0, "lift_verify": 1.5}}], "secs": 2.6}, "ev_secs": 5.2, "rank_secs": 1.9, "secs": 9.7, "hwm_gb": 0.37}, "2147483629": {"sides": {"det": {"mult": 58, "nullity": 0, "instrument": "hybrid kernel + det evaluation rows"}, "per4": {"mult": 58, "nullity": 0, "instrument": "hybrid kernel + per4 evaluation rows"}, "red_pts": {"mult": 58, "nullity": 0, "instrument": "hybrid kernel + red_pts evaluation rows"}, "red_star": {"mult": 58, "nullity": 0, "instrument": "hybrid kernel + (star)"}}, "hybrid": {"nS": 52394, "nU": 116, "excess": 58, "nnzT": 136308, "rows_other": 175644, "order": "reversed", "cover_stats": {"natural": 50458, "reversed": 52394, "fill_asc": 46244, "fill_desc": 45897, "random": 38863}, "attempts": [{"attempt": 0, "m": 180, "nproj": 8, "projected_nullity": 58, "verified": true, "rank": 58, "secs": {"split": 0.1, "trisolve": 0.1, "schur": 0.8, "nullspace": 0.0, "lift_verify": 1.8}}], "secs": 2.9}, "ev_secs": 5.2, "rank_secs": 1.9, "secs": 10.0, "hwm_gb": 0.37}}, "sides": {"det": {"mult": 58, "per_prime": {"2147483647": 58, "2147483629": 58}, "primes_agree": true, "instrument": "hybrid kernel + det evaluation rows", "status": "proved (full rank at both primes: mult = a over Q)"}, "per4": {"mult": 58, "per_prime": {"2147483647": 58, "2147483629": 58}, "primes_agree": true, "instrument": "hybrid kernel + per4 evaluation rows", "status": "proved (full rank at both primes: mult = a over Q)"}, "red_star": {"mult": 58, "per_prime": {"2147483647": 58, "2147483629": 58}, "primes_agree": true, "instrument": "hybrid kernel + (star)", "status": "proved (full rank at both primes: mult = a over Q)"}, "red_pts": {"mult": 58, "per_prime": {"2147483647": 58, "2147483629": 58}, "primes_agree": true, "instrument": "hybrid kernel + red_pts evaluation rows", "status": "proved (full rank at both primes: mult = a over Q)"}}, "mult_det": 58, "mult_per4": 58, "mult_red_star": 58, "mult_red_pts": 58, "mult_red": 58, "star_eq_pts": true, "i_det": 0, "i_red": 0, "i_per4": 0, "D": 0, "refute": false, "halt": false, "ok": true, "secs": 12.4, "hwm_gb": 0.37, "certs": [["results/certs/s71/28_7_4_4_1_d11_hybrid_p2147483647.json.gz", 22245], ["results/certs/s71/28_7_4_4_1_d11_hybrid_p2147483629.json.gz", 22246]]}
