      level 1: 56 prefixes
      level 2: 1081 prefixes
      level 3: 9010 prefixes
      level 4: 35121 prefixes
      level 5: 61300 prefixes
      level 6: 68333 prefixes
      level 7: 68778 prefixes
      level 8: 68778 prefixes
      level 9: 68778 prefixes
  lam=(21, 7, 3, 3, 2): N_S=68778 |Stab|=2 n_chi=32893 (orbits dropped: 2992) [lean, 0s, HWM 0.08 GB]
    E_01: |H|=2 targets 44567 canonical rows 21204 nnz 117631 (obstructed fixed targets cancelled: 1486) [0s, HWM 0.08 GB]
    E_12: |H|=1 targets 39624 canonical rows 39606 nnz 144433 (obstructed fixed targets cancelled: 0) [0s, HWM 0.08 GB]
    E_23: |H|=1 targets 57830 canonical rows 57069 nnz 132268 (obstructed fixed targets cancelled: 0) [1s, HWM 0.09 GB]
    E_34: |H|=1 targets 43710 canonical rows 43662 nnz 109264 (obstructed fixed targets cancelled: 0) [1s, HWM 0.09 GB]
  built (21, 7, 3, 3, 2) d9: N_S=68778 |Stab|=2 n_chi=32893 rows=161541 nnz=503596 (1s: mono 0s orbits 0s rows 1s; HWM 0.09 GB)
  sieve (21, 7, 3, 3, 2) d9: cover(E) 32842/32893 by reversed (a=12, |U|=51, excess 39; {'natural': 32151, 'reversed': 32842, 'fill_asc': 30504, 'fill_desc': 30164, 'random': 26869}); cover(E_red) 23840/23879 (0.2s)
    hybrid[21_7_3_3_2d9] p=2147483629 attempt 0: |S|=32842 |U|=51 (a=12, excess 39) m=115 projected nullity 12, verified=True, rank 12 [split 0.0s trisolve 0.0s schur 0.2s null 0.0s lift 0.1s]
    hybrid[21_7_3_3_2d9] p=2147483647 attempt 0: |S|=32842 |U|=51 (a=12, excess 39) m=115 projected nullity 12, verified=True, rank 12 [split 0.0s trisolve 0.0s schur 0.2s null 0.0s lift 0.1s]
  RESULT (21, 7, 3, 3, 2) d9: a=12 n_chi=32893 |U|=51 mult_det=12 mult_per4=12 mult_red(star)=12 mult_red(pts)=12 i_det=0 i_red=0 i_per4=0 D=0  (2.9s, HWM 0.14 GB)
RESULT {"lam": [21, 7, 3, 3, 2], "delta": 9, "ell": 5, "a": 12, "K": 20, "N_S": 68778, "stab": 2, "n_chi": 32893, "nrows": 161541, "nnz": 503596, "nfixed": 1486, "build_secs": 1.0, "build_hwm_gb": 0.09, "route": "hybrid", "h_pad": 46, "seeds": {"det": 11, "red": 29, "per4": 47, "hybrid": 20260908}, "bound": 40, "primes": [2147483647, 2147483629], "n_red": 23879, "cover_E": {"size": 32842, "order": "reversed", "stats": {"natural": 32151, "reversed": 32842, "fill_asc": 30504, "fill_desc": 30164, "random": 26869}, "n_chi": 32893, "a": 12, "excess": 39, "certified_rank_lb": 32842}, "cover_Ered": {"size": 23840, "order": "reversed", "stats": {"natural": 23591, "reversed": 23840, "fill_asc": 22609, "fill_desc": 22376, "random": 20018}, "n_red": 23879, "certified": false}, "sieve_secs": 0.2, "pred_mem_x_bytes": 6699768, "primes_concurrent": true, "per_prime": {"2147483647": {"sides": {"det": {"mult": 12, "nullity": 0, "instrument": "hybrid kernel + det evaluation rows"}, "per4": {"mult": 12, "nullity": 0, "instrument": "hybrid kernel + per4 evaluation rows"}, "red_pts": {"mult": 12, "nullity": 0, "instrument": "hybrid kernel + red_pts evaluation rows"}, "red_star": {"mult": 12, "nullity": 0, "instrument": "hybrid kernel + (star)"}}, "hybrid": {"nS": 32842, "nU": 51, "excess": 39, "nnzT": 71127, "rows_other": 128699, "order": "reversed", "cover_stats": {"natural": 32151, "reversed": 32842, "fill_asc": 30504, "fill_desc": 30164, "random": 26869}, "attempts": [{"attempt": 0, "m": 115, "nproj": 8, "projected_nullity": 12, "verified": true, "rank": 12, "secs": {"split": 0.0, "trisolve": 0.0, "schur": 0.2, "nullspace": 0.0, "lift_verify": 0.1}}], "secs": 0.5}, "ev_secs": 0.9, "rank_secs": 0.2, "secs": 1.6, "hwm_gb": 0.14}, "2147483629": {"sides": {"det": {"mult": 12, "nullity": 0, "instrument": "hybrid kernel + det evaluation rows"}, "per4": {"mult": 12, "nullity": 0, "instrument": "hybrid kernel + per4 evaluation rows"}, "red_pts": {"mult": 12, "nullity": 0, "instrument": "hybrid kernel + red_pts evaluation rows"}, "red_star": {"mult": 12, "nullity": 0, "instrument": "hybrid kernel + (star)"}}, "hybrid": {"nS": 32842, "nU": 51, "excess": 39, "nnzT": 71127, "rows_other": 128699, "order": "reversed", "cover_stats": {"natural": 32151, "reversed": 32842, "fill_asc": 30504, "fill_desc": 30164, "random": 26869}, "attempts": [{"attempt": 0, "m": 115, "nproj": 8, "projected_nullity": 12, "verified": true, "rank": 12, "secs": {"split": 0.0, "trisolve": 0.0, "schur": 0.2, "nullspace": 0.0, "lift_verify": 0.1}}], "secs": 0.4}, "ev_secs": 0.9, "rank_secs": 0.2, "secs": 1.6, "hwm_gb": 0.14}}, "sides": {"det": {"mult": 12, "per_prime": {"2147483647": 12, "2147483629": 12}, "primes_agree": true, "instrument": "hybrid kernel + det evaluation rows", "status": "proved (full rank at both primes: mult = a over Q)"}, "per4": {"mult": 12, "per_prime": {"2147483647": 12, "2147483629": 12}, "primes_agree": true, "instrument": "hybrid kernel + per4 evaluation rows", "status": "proved (full rank at both primes: mult = a over Q)"}, "red_star": {"mult": 12, "per_prime": {"2147483647": 12, "2147483629": 12}, "primes_agree": true, "instrument": "hybrid kernel + (star)", "status": "proved (full rank at both primes: mult = a over Q)"}, "red_pts": {"mult": 12, "per_prime": {"2147483647": 12, "2147483629": 12}, "primes_agree": true, "instrument": "hybrid kernel + red_pts evaluation rows", "status": "proved (full rank at both primes: mult = a over Q)"}}, "mult_det": 12, "mult_per4": 12, "mult_red_star": 12, "mult_red_pts": 12, "mult_red": 12, "star_eq_pts": true, "i_det": 0, "i_red": 0, "i_per4": 0, "D": 0, "refute": false, "halt": false, "ok": true, "secs": 2.9, "hwm_gb": 0.14, "certs": [["results/certs/s71/21_7_3_3_2_d9_hybrid_p2147483647.json.gz", 158629], ["results/certs/s71/21_7_3_3_2_d9_hybrid_p2147483629.json.gz", 159103]]}
