      level 1: 44 prefixes
      level 2: 540 prefixes
      level 3: 3207 prefixes
      level 4: 11477 prefixes
      level 5: 26486 prefixes
      level 6: 38792 prefixes
      level 7: 43089 prefixes
      level 8: 43697 prefixes
      level 9: 43714 prefixes
      level 10: 43714 prefixes
      level 11: 43714 prefixes
      level 12: 43714 prefixes
      level 13: 43714 prefixes
      level 14: 43714 prefixes
  lam=(38, 12, 3, 2, 1): N_S=43714 |Stab|=1 n_chi=43714 (orbits dropped: 0) [lean, 0s, HWM 0.08 GB]
    E_01: |H|=1 targets 33652 canonical rows 33652 nnz 191656 (obstructed fixed targets cancelled: 0) [0s, HWM 0.08 GB]
    E_12: |H|=1 targets 21453 canonical rows 21453 nnz 93814 (obstructed fixed targets cancelled: 0) [0s, HWM 0.08 GB]
    E_23: |H|=1 targets 28168 canonical rows 28168 nnz 71157 (obstructed fixed targets cancelled: 0) [1s, HWM 0.08 GB]
    E_34: |H|=1 targets 20795 canonical rows 20795 nnz 43714 (obstructed fixed targets cancelled: 0) [1s, HWM 0.08 GB]
  built (38, 12, 3, 2, 1) d14: N_S=43714 |Stab|=1 n_chi=43714 rows=104068 nnz=400341 (1s: mono 0s orbits 0s rows 1s; HWM 0.08 GB)
  sieve (38, 12, 3, 2, 1) d14: cover(E) 43594/43714 by reversed (a=93, |U|=120, excess 27; {'natural': 42199, 'reversed': 43594, 'fill_asc': 36994, 'fill_desc': 35465, 'random': 30714}); cover(E_red) 33002/33098 (0.2s)
    hybrid[38_12_3_2_1d14] p=2147483629 attempt 0: |S|=43594 |U|=120 (a=93, excess 27) m=184 projected nullity 93, verified=True, rank 93 [split 0.1s trisolve 0.1s schur 0.4s null 0.0s lift 1.2s]
    hybrid[38_12_3_2_1d14] p=2147483647 attempt 0: |S|=43594 |U|=120 (a=93, excess 27) m=184 projected nullity 93, verified=True, rank 93 [split 0.1s trisolve 0.1s schur 0.4s null 0.0s lift 1.3s]
  RESULT (38, 12, 3, 2, 1) d14: a=93 n_chi=43714 |U|=120 mult_det=93 mult_per4=93 mult_red(star)=93 mult_red(pts)=93 i_det=0 i_red=0 i_per4=0 D=0  (10.8s, HWM 0.42 GB)
RESULT {"lam": [38, 12, 3, 2, 1], "delta": 14, "ell": 5, "a": 93, "K": 101, "N_S": 43714, "stab": 1, "n_chi": 43714, "nrows": 104068, "nnz": 400341, "nfixed": 0, "build_secs": 0.9, "build_hwm_gb": 0.08, "route": "hybrid", "h_pad": 246, "seeds": {"det": 11, "red": 29, "per4": 47, "hybrid": 20260908}, "bound": 40, "primes": [2147483647, 2147483629], "n_red": 33098, "cover_E": {"size": 43594, "order": "reversed", "stats": {"natural": 42199, "reversed": 43594, "fill_asc": 36994, "fill_desc": 35465, "random": 30714}, "n_chi": 43714, "a": 93, "excess": 27, "certified_rank_lb": 43594}, "cover_Ered": {"size": 33002, "order": "reversed", "stats": {"natural": 32304, "reversed": 33002, "fill_asc": 29095, "fill_desc": 28447, "random": 24479}, "n_red": 33098, "certified": false}, "sieve_secs": 0.2, "pred_mem_x_bytes": 20925120, "primes_concurrent": true, "per_prime": {"2147483647": {"sides": {"det": {"mult": 93, "nullity": 0, "instrument": "hybrid kernel + det evaluation rows"}, "per4": {"mult": 93, "nullity": 0, "instrument": "hybrid kernel + per4 evaluation rows"}, "red_pts": {"mult": 93, "nullity": 0, "instrument": "hybrid kernel + red_pts evaluation rows"}, "red_star": {"mult": 93, "nullity": 0, "instrument": "hybrid kernel + (star)"}}, "hybrid": {"nS": 43594, "nU": 120, "excess": 27, "nnzT": 112542, "rows_other": 60474, "order": "reversed", "cover_stats": {"natural": 42199, "reversed": 43594, "fill_asc": 36994, "fill_desc": 35465, "random": 30714}, "attempts": [{"attempt": 0, "m": 184, "nproj": 8, "projected_nullity": 93, "verified": true, "rank": 93, "secs": {"split": 0.1, "trisolve": 0.1, "schur": 0.4, "nullspace": 0.0, "lift_verify": 1.3}}], "secs": 2.0}, "ev_secs": 4.9, "rank_secs": 2.6, "secs": 9.5, "hwm_gb": 0.42}, "2147483629": {"sides": {"det": {"mult": 93, "nullity": 0, "instrument": "hybrid kernel + det evaluation rows"}, "per4": {"mult": 93, "nullity": 0, "instrument": "hybrid kernel + per4 evaluation rows"}, "red_pts": {"mult": 93, "nullity": 0, "instrument": "hybrid kernel + red_pts evaluation rows"}, "red_star": {"mult": 93, "nullity": 0, "instrument": "hybrid kernel + (star)"}}, "hybrid": {"nS": 43594, "nU": 120, "excess": 27, "nnzT": 112542, "rows_other": 60474, "order": "reversed", "cover_stats": {"natural": 42199, "reversed": 43594, "fill_asc": 36994, "fill_desc": 35465, "random": 30714}, "attempts": [{"attempt": 0, "m": 184, "nproj": 8, "projected_nullity": 93, "verified": true, "rank": 93, "secs": {"split": 0.1, "trisolve": 0.1, "schur": 0.4, "nullspace": 0.0, "lift_verify": 1.2}}], "secs": 1.9}, "ev_secs": 4.9, "rank_secs": 2.7, "secs": 9.6, "hwm_gb": 0.42}}, "sides": {"det": {"mult": 93, "per_prime": {"2147483647": 93, "2147483629": 93}, "primes_agree": true, "instrument": "hybrid kernel + det evaluation rows", "status": "proved (full rank at both primes: mult = a over Q)"}, "per4": {"mult": 93, "per_prime": {"2147483647": 93, "2147483629": 93}, "primes_agree": true, "instrument": "hybrid kernel + per4 evaluation rows", "status": "proved (full rank at both primes: mult = a over Q)"}, "red_star": {"mult": 93, "per_prime": {"2147483647": 93, "2147483629": 93}, "primes_agree": true, "instrument": "hybrid kernel + (star)", "status": "proved (full rank at both primes: mult = a over Q)"}, "red_pts": {"mult": 93, "per_prime": {"2147483647": 93, "2147483629": 93}, "primes_agree": true, "instrument": "hybrid kernel + red_pts evaluation rows", "status": "proved (full rank at both primes: mult = a over Q)"}}, "mult_det": 93, "mult_per4": 93, "mult_red_star": 93, "mult_red_pts": 93, "mult_red": 93, "star_eq_pts": true, "i_det": 0, "i_red": 0, "i_per4": 0, "D": 0, "refute": false, "halt": false, "ok": true, "secs": 10.8, "hwm_gb": 0.42, "certs": [["results/certs/s71/38_12_3_2_1_d14_hybrid_p2147483647.json.gz", 32512], ["results/certs/s71/38_12_3_2_1_d14_hybrid_p2147483629.json.gz", 32512]]}
