      level 1: 36 prefixes
      level 2: 446 prefixes
      level 3: 3105 prefixes
      level 4: 15059 prefixes
      level 5: 50919 prefixes
      level 6: 122912 prefixes
      level 7: 207680 prefixes
      level 8: 259753 prefixes
      level 9: 276817 prefixes
      level 10: 279617 prefixes
      level 11: 279781 prefixes
      level 12: 279781 prefixes
      level 13: 279781 prefixes
      level 14: 279781 prefixes
      level 15: 279781 prefixes
      level 16: 279781 prefixes
      level 17: 279781 prefixes
  lam=(45, 14, 7, 1, 1): N_S=279781 |Stab|=2 n_chi=108108 (orbits dropped: 63565) [lean, 1s, HWM 0.15 GB]
    E_01: |H|=2 targets 218509 canonical rows 84240 nnz 515721 (obstructed fixed targets cancelled: 19076) [2s, HWM 0.16 GB]
    E_12: |H|=2 targets 204356 canonical rows 78348 nnz 383501 (obstructed fixed targets cancelled: 11628) [4s, HWM 0.16 GB]
    E_23: |H|=1 targets 76157 canonical rows 76046 nnz 216216 (obstructed fixed targets cancelled: 0) [4s, HWM 0.16 GB]
    E_34: |H|=1 targets 171673 canonical rows 0 nnz 0 (obstructed fixed targets cancelled: 0) [5s, HWM 0.17 GB]
  built (45, 14, 7, 1, 1) d17: N_S=279781 |Stab|=2 n_chi=108108 rows=238634 nnz=1115438 (8s: mono 2s orbits 1s rows 5s; HWM 0.17 GB)
  sieve (45, 14, 7, 1, 1) d17: cover(E) 107422/108108 by reversed (a=493, |U|=686, excess 193; {'natural': 98577, 'reversed': 107422, 'fill_asc': 81360, 'fill_desc': 81516, 'random': 63157}); cover(E_red) 92825/93461 (0.6s)
    hybrid[45_14_7_1_1d17] p=2147483647 attempt 0: |S|=107422 |U|=686 (a=493, excess 193) m=750 blocks 1x686 projected nullity 493, verified=True, rank 493 [split 0.1s trisolve 9.3s schur 4.4s null 0.4s lift 11.3s rank 2.1s]
    hybrid[45_14_7_1_1d17] p=2147483629 attempt 0: |S|=107422 |U|=686 (a=493, excess 193) m=750 blocks 1x686 projected nullity 493, verified=True, rank 493 [split 0.1s trisolve 4.6s schur 4.4s null 0.5s lift 13.0s rank 2.1s]
  RESULT (45, 14, 7, 1, 1) d17: a=493 n_chi=108108 |U|=686 mult_det=493 mult_per4=493 mult_red(star)=486 mult_red(pts)=486 i_det=0 i_red=7 i_per4=0 D=-7  (441.3s, HWM 3.41 GB)
RESULT {"lam": [45, 14, 7, 1, 1], "delta": 17, "ell": 5, "a": 493, "K": 501, "N_S": 279781, "stab": 2, "n_chi": 108108, "nrows": 238634, "nnz": 1115438, "nfixed": 30704, "build_secs": 7.8, "build_hwm_gb": 0.17, "route": "hybrid", "h_pad": 746, "seeds": {"det": 11, "red": 29, "per4": 47, "hybrid": 20260908}, "bound": 40, "primes": [2147483647, 2147483629], "n_red": 93461, "cover_E": {"size": 107422, "order": "reversed", "stats": {"natural": 98577, "reversed": 107422, "fill_asc": 81360, "fill_desc": 81516, "random": 63157}, "n_chi": 108108, "a": 493, "excess": 193, "certified_rank_lb": 107422}, "cover_Ered": {"size": 92825, "order": "reversed", "stats": {"natural": 86445, "reversed": 92825, "fill_asc": 72481, "fill_desc": 72403, "random": 56070}, "n_red": 93461, "certified": false}, "sieve_secs": 0.6, "pred_mem_x_bytes": 507954944, "primes_concurrent": false, "per_prime": {"2147483647": {"sides": {"det": {"mult": 493, "nullity": 0, "instrument": "hybrid kernel + det evaluation rows"}, "per4": {"mult": 493, "nullity": 0, "instrument": "hybrid kernel + per4 evaluation rows"}, "red_pts": {"mult": 486, "nullity": 7, "instrument": "hybrid kernel + red_pts evaluation rows"}, "red_star": {"mult": 486, "nullity": 7, "instrument": "hybrid kernel + (star)"}}, "hybrid": {"nS": 107422, "nU": 686, "excess": 193, "nnzT": 413017, "rows_other": 131212, "order": "reversed", "cover_stats": {"natural": 98577, "reversed": 107422, "fill_asc": 81360, "fill_desc": 81516, "random": 63157}, "ublock": 686, "nblocks": 1, "attempts": [{"attempt": 0, "m": 750, "nproj": 8, "projected_nullity": 493, "verified": true, "rank": 493, "secs": {"split": 0.1, "trisolve": 9.3, "schur": 4.4, "nullspace": 0.4, "lift_verify": 11.3, "rank": 2.1}}], "secs": 27.6}, "ev_secs": 139.7, "rank_secs": 56.3, "secs": 223.6, "hwm_gb": 3.41}, "2147483629": {"sides": {"det": {"mult": 493, "nullity": 0, "instrument": "hybrid kernel + det evaluation rows"}, "per4": {"mult": 493, "nullity": 0, "instrument": "hybrid kernel + per4 evaluation rows"}, "red_pts": {"mult": 486, "nullity": 7, "instrument": "hybrid kernel + red_pts evaluation rows"}, "red_star": {"mult": 486, "nullity": 7, "instrument": "hybrid kernel + (star)"}}, "hybrid": {"nS": 107422, "nU": 686, "excess": 193, "nnzT": 413017, "rows_other": 131212, "order": "reversed", "cover_stats": {"natural": 98577, "reversed": 107422, "fill_asc": 81360, "fill_desc": 81516, "random": 63157}, "ublock": 686, "nblocks": 1, "attempts": [{"attempt": 0, "m": 750, "nproj": 8, "projected_nullity": 493, "verified": true, "rank": 493, "secs": {"split": 0.1, "trisolve": 4.6, "schur": 4.4, "nullspace": 0.5, "lift_verify": 13.0, "rank": 2.1}}], "secs": 24.7}, "ev_secs": 132.6, "rank_secs": 51.8, "secs": 209.2, "hwm_gb": 3.41}}, "sides": {"det": {"mult": 493, "per_prime": {"2147483647": 493, "2147483629": 493}, "primes_agree": true, "instrument": "hybrid kernel + det evaluation rows", "status": "proved (full rank at both primes: mult = a over Q)"}, "per4": {"mult": 493, "per_prime": {"2147483647": 493, "2147483629": 493}, "primes_agree": true, "instrument": "hybrid kernel + per4 evaluation rows", "status": "proved (full rank at both primes: mult = a over Q)"}, "red_star": {"mult": 486, "per_prime": {"2147483647": 486, "2147483629": 486}, "primes_agree": true, "instrument": "hybrid kernel + (star)", "status": "measured (exact mod both primes, kernel exhibited): mult = 486"}, "red_pts": {"mult": 486, "per_prime": {"2147483647": 486, "2147483629": 486}, "primes_agree": true, "instrument": "hybrid kernel + red_pts evaluation rows", "status": "measured (exact mod both primes, kernel exhibited): mult = 486"}}, "mult_det": 493, "mult_per4": 493, "mult_red_star": 486, "mult_red_pts": 486, "mult_red": 486, "star_eq_pts": true, "i_det": 0, "i_red": 7, "i_per4": 0, "D": -7, "refute": false, "halt": false, "ok": true, "secs": 441.3, "hwm_gb": 3.41, "certs": [["results/certs/s71/45_14_7_1_1_d17_hybrid_p2147483647.json.gz", 146083], ["results/certs/s71/45_14_7_1_1_d17_hybrid_p2147483629.json.gz", 146083]]}
