      level 1: 54 prefixes
      level 2: 1010 prefixes
      level 3: 8552 prefixes
      level 4: 32363 prefixes
      level 5: 55372 prefixes
      level 6: 61523 prefixes
      level 7: 61913 prefixes
      level 8: 61913 prefixes
      level 9: 61913 prefixes
      level 10: 61913 prefixes
      level 11: 61913 prefixes
  lam=(29, 7, 4, 2, 2): N_S=61913 |Stab|=2 n_chi=33711 (orbits dropped: 0) [lean, 0s, HWM 0.08 GB]
    E_01: |H|=2 targets 38965 canonical rows 21331 nnz 117673 (obstructed fixed targets cancelled: 0) [0s, HWM 0.08 GB]
    E_12: |H|=2 targets 42873 canonical rows 23425 nnz 86175 (obstructed fixed targets cancelled: 0) [1s, HWM 0.08 GB]
    E_23: |H|=1 targets 34721 canonical rows 34721 nnz 101768 (obstructed fixed targets cancelled: 0) [1s, HWM 0.08 GB]
    E_34: |H|=1 targets 46889 canonical rows 46889 nnz 88927 (obstructed fixed targets cancelled: 0) [1s, HWM 0.09 GB]
  built (29, 7, 4, 2, 2) d11: N_S=61913 |Stab|=2 n_chi=33711 rows=126366 nnz=394543 (1s: mono 0s orbits 0s rows 1s; HWM 0.09 GB)
  sieve (29, 7, 4, 2, 2) d11: cover(E) 33625/33711 by reversed (a=48, |U|=86, excess 38; {'natural': 32911, 'reversed': 33625, 'fill_asc': 29904, 'fill_desc': 29895, 'random': 25587}); cover(E_red) 23209/23259 (0.2s)
    hybrid[29_7_4_2_2d11] p=2147483629 attempt 0: |S|=33625 |U|=86 (a=48, excess 38) m=150 projected nullity 48, verified=True, rank 48 [split 0.0s trisolve 0.1s schur 0.3s null 0.0s lift 0.6s]
    hybrid[29_7_4_2_2d11] p=2147483647 attempt 0: |S|=33625 |U|=86 (a=48, excess 38) m=150 projected nullity 48, verified=True, rank 48 [split 0.1s trisolve 0.0s schur 0.3s null 0.0s lift 0.7s]
  RESULT (29, 7, 4, 2, 2) d11: a=48 n_chi=33711 |U|=86 mult_det=48 mult_per4=48 mult_red(star)=48 mult_red(pts)=48 i_det=0 i_red=0 i_per4=0 D=0  (6.2s, HWM 0.22 GB)
RESULT {"lam": [29, 7, 4, 2, 2], "delta": 11, "ell": 5, "a": 48, "K": 56, "N_S": 61913, "stab": 2, "n_chi": 33711, "nrows": 126366, "nnz": 394543, "nfixed": 0, "build_secs": 1.2, "build_hwm_gb": 0.09, "route": "hybrid", "h_pad": 152, "seeds": {"det": 11, "red": 29, "per4": 47, "hybrid": 20260908}, "bound": 40, "primes": [2147483647, 2147483629], "n_red": 23259, "cover_E": {"size": 33625, "order": "reversed", "stats": {"natural": 32911, "reversed": 33625, "fill_asc": 29904, "fill_desc": 29895, "random": 25587}, "n_chi": 33711, "a": 48, "excess": 38, "certified_rank_lb": 33625}, "cover_Ered": {"size": 23209, "order": "reversed", "stats": {"natural": 23021, "reversed": 23209, "fill_asc": 21470, "fill_desc": 21456, "random": 18633}, "n_red": 23259, "certified": false}, "sieve_secs": 0.2, "pred_mem_x_bytes": 11567000, "primes_concurrent": true, "per_prime": {"2147483647": {"sides": {"det": {"mult": 48, "nullity": 0, "instrument": "hybrid kernel + det evaluation rows"}, "per4": {"mult": 48, "nullity": 0, "instrument": "hybrid kernel + per4 evaluation rows"}, "red_pts": {"mult": 48, "nullity": 0, "instrument": "hybrid kernel + red_pts evaluation rows"}, "red_star": {"mult": 48, "nullity": 0, "instrument": "hybrid kernel + (star)"}}, "hybrid": {"nS": 33625, "nU": 86, "excess": 38, "nnzT": 78735, "rows_other": 92741, "order": "reversed", "cover_stats": {"natural": 32911, "reversed": 33625, "fill_asc": 29904, "fill_desc": 29895, "random": 25587}, "attempts": [{"attempt": 0, "m": 150, "nproj": 8, "projected_nullity": 48, "verified": true, "rank": 48, "secs": {"split": 0.1, "trisolve": 0.0, "schur": 0.3, "nullspace": 0.0, "lift_verify": 0.7}}], "secs": 1.1}, "ev_secs": 2.7, "rank_secs": 0.9, "secs": 4.7, "hwm_gb": 0.22}, "2147483629": {"sides": {"det": {"mult": 48, "nullity": 0, "instrument": "hybrid kernel + det evaluation rows"}, "per4": {"mult": 48, "nullity": 0, "instrument": "hybrid kernel + per4 evaluation rows"}, "red_pts": {"mult": 48, "nullity": 0, "instrument": "hybrid kernel + red_pts evaluation rows"}, "red_star": {"mult": 48, "nullity": 0, "instrument": "hybrid kernel + (star)"}}, "hybrid": {"nS": 33625, "nU": 86, "excess": 38, "nnzT": 78735, "rows_other": 92741, "order": "reversed", "cover_stats": {"natural": 32911, "reversed": 33625, "fill_asc": 29904, "fill_desc": 29895, "random": 25587}, "attempts": [{"attempt": 0, "m": 150, "nproj": 8, "projected_nullity": 48, "verified": true, "rank": 48, "secs": {"split": 0.0, "trisolve": 0.1, "schur": 0.3, "nullspace": 0.0, "lift_verify": 0.6}}], "secs": 1.0}, "ev_secs": 2.8, "rank_secs": 0.8, "secs": 4.6, "hwm_gb": 0.22}}, "sides": {"det": {"mult": 48, "per_prime": {"2147483647": 48, "2147483629": 48}, "primes_agree": true, "instrument": "hybrid kernel + det evaluation rows", "status": "proved (full rank at both primes: mult = a over Q)"}, "per4": {"mult": 48, "per_prime": {"2147483647": 48, "2147483629": 48}, "primes_agree": true, "instrument": "hybrid kernel + per4 evaluation rows", "status": "proved (full rank at both primes: mult = a over Q)"}, "red_star": {"mult": 48, "per_prime": {"2147483647": 48, "2147483629": 48}, "primes_agree": true, "instrument": "hybrid kernel + (star)", "status": "proved (full rank at both primes: mult = a over Q)"}, "red_pts": {"mult": 48, "per_prime": {"2147483647": 48, "2147483629": 48}, "primes_agree": true, "instrument": "hybrid kernel + red_pts evaluation rows", "status": "proved (full rank at both primes: mult = a over Q)"}}, "mult_det": 48, "mult_per4": 48, "mult_red_star": 48, "mult_red_pts": 48, "mult_red": 48, "star_eq_pts": true, "i_det": 0, "i_red": 0, "i_per4": 0, "D": 0, "refute": false, "halt": false, "ok": true, "secs": 6.2, "hwm_gb": 0.22, "certs": [["results/certs/s71/29_7_4_2_2_d11_hybrid_p2147483647.json.gz", 19222], ["results/certs/s71/29_7_4_2_2_d11_hybrid_p2147483629.json.gz", 19222]]}
