      level 1: 44 prefixes
      level 2: 676 prefixes
      level 3: 5245 prefixes
      level 4: 19423 prefixes
      level 5: 32947 prefixes
      level 6: 36635 prefixes
      level 7: 36887 prefixes
      level 8: 36887 prefixes
      level 9: 36887 prefixes
      level 10: 36887 prefixes
  lam=(25, 6, 6, 2, 1): N_S=36887 |Stab|=2 n_chi=18738 (orbits dropped: 0) [lean, 0s, HWM 0.07 GB]
    E_01: |H|=1 targets 21765 canonical rows 21765 nnz 119852 (obstructed fixed targets cancelled: 0) [0s, HWM 0.07 GB]
    E_12: |H|=1 targets 34045 canonical rows 34045 nnz 118563 (obstructed fixed targets cancelled: 0) [0s, HWM 0.08 GB]
    E_23: |H|=1 targets 17475 canonical rows 17475 nnz 60420 (obstructed fixed targets cancelled: 0) [0s, HWM 0.08 GB]
    E_34: |H|=2 targets 17376 canonical rows 8890 nnz 18738 (obstructed fixed targets cancelled: 0) [0s, HWM 0.08 GB]
  built (25, 6, 6, 2, 1) d10: N_S=36887 |Stab|=2 n_chi=18738 rows=82175 nnz=317573 (1s: mono 0s orbits 0s rows 0s; HWM 0.08 GB)
  sieve (25, 6, 6, 2, 1) d10: cover(E) 18702/18738 by reversed (a=23, |U|=36, excess 13; {'natural': 17837, 'reversed': 18702, 'fill_asc': 16791, 'fill_desc': 16427, 'random': 13839}); cover(E_red) 13178/13205 (0.1s)
    hybrid[25_6_6_2_1d10] p=2147483647 attempt 0: |S|=18702 |U|=36 (a=23, excess 13) m=100 projected nullity 23, verified=True, rank 23 [split 0.0s trisolve 0.0s schur 0.1s null 0.0s lift 0.1s]
    hybrid[25_6_6_2_1d10] p=2147483629 attempt 0: |S|=18702 |U|=36 (a=23, excess 13) m=100 projected nullity 23, verified=True, rank 23 [split 0.0s trisolve 0.0s schur 0.1s null 0.0s lift 0.1s]
  RESULT (25, 6, 6, 2, 1) d10: a=23 n_chi=18738 |U|=36 mult_det=23 mult_per4=23 mult_red(star)=23 mult_red(pts)=23 i_det=0 i_red=0 i_per4=0 D=0  (2.4s, HWM 0.11 GB)
RESULT {"lam": [25, 6, 6, 2, 1], "delta": 10, "ell": 5, "a": 23, "K": 31, "N_S": 36887, "stab": 2, "n_chi": 18738, "nrows": 82175, "nnz": 317573, "nfixed": 0, "build_secs": 0.6, "build_hwm_gb": 0.08, "route": "hybrid", "h_pad": 66, "seeds": {"det": 11, "red": 29, "per4": 47, "hybrid": 20260908}, "bound": 40, "primes": [2147483647, 2147483629], "n_red": 13205, "cover_E": {"size": 18702, "order": "reversed", "stats": {"natural": 17837, "reversed": 18702, "fill_asc": 16791, "fill_desc": 16427, "random": 13839}, "n_chi": 18738, "a": 23, "excess": 13, "certified_rank_lb": 18702}, "cover_Ered": {"size": 13178, "order": "reversed", "stats": {"natural": 12833, "reversed": 13178, "fill_asc": 12511, "fill_desc": 12105, "random": 10443}, "n_red": 13205, "certified": false}, "sieve_secs": 0.1, "pred_mem_x_bytes": 2693088, "primes_concurrent": true, "per_prime": {"2147483647": {"sides": {"det": {"mult": 23, "nullity": 0, "instrument": "hybrid kernel + det evaluation rows"}, "per4": {"mult": 23, "nullity": 0, "instrument": "hybrid kernel + per4 evaluation rows"}, "red_pts": {"mult": 23, "nullity": 0, "instrument": "hybrid kernel + red_pts evaluation rows"}, "red_star": {"mult": 23, "nullity": 0, "instrument": "hybrid kernel + (star)"}}, "hybrid": {"nS": 18702, "nU": 36, "excess": 13, "nnzT": 47759, "rows_other": 63473, "order": "reversed", "cover_stats": {"natural": 17837, "reversed": 18702, "fill_asc": 16791, "fill_desc": 16427, "random": 13839}, "attempts": [{"attempt": 0, "m": 100, "nproj": 8, "projected_nullity": 23, "verified": true, "rank": 23, "secs": {"split": 0.0, "trisolve": 0.0, "schur": 0.1, "nullspace": 0.0, "lift_verify": 0.1}}], "secs": 0.3}, "ev_secs": 0.9, "rank_secs": 0.3, "secs": 1.5, "hwm_gb": 0.11}, "2147483629": {"sides": {"det": {"mult": 23, "nullity": 0, "instrument": "hybrid kernel + det evaluation rows"}, "per4": {"mult": 23, "nullity": 0, "instrument": "hybrid kernel + per4 evaluation rows"}, "red_pts": {"mult": 23, "nullity": 0, "instrument": "hybrid kernel + red_pts evaluation rows"}, "red_star": {"mult": 23, "nullity": 0, "instrument": "hybrid kernel + (star)"}}, "hybrid": {"nS": 18702, "nU": 36, "excess": 13, "nnzT": 47759, "rows_other": 63473, "order": "reversed", "cover_stats": {"natural": 17837, "reversed": 18702, "fill_asc": 16791, "fill_desc": 16427, "random": 13839}, "attempts": [{"attempt": 0, "m": 100, "nproj": 8, "projected_nullity": 23, "verified": true, "rank": 23, "secs": {"split": 0.0, "trisolve": 0.0, "schur": 0.1, "nullspace": 0.0, "lift_verify": 0.1}}], "secs": 0.3}, "ev_secs": 0.9, "rank_secs": 0.3, "secs": 1.6, "hwm_gb": 0.11}}, "sides": {"det": {"mult": 23, "per_prime": {"2147483647": 23, "2147483629": 23}, "primes_agree": true, "instrument": "hybrid kernel + det evaluation rows", "status": "proved (full rank at both primes: mult = a over Q)"}, "per4": {"mult": 23, "per_prime": {"2147483647": 23, "2147483629": 23}, "primes_agree": true, "instrument": "hybrid kernel + per4 evaluation rows", "status": "proved (full rank at both primes: mult = a over Q)"}, "red_star": {"mult": 23, "per_prime": {"2147483647": 23, "2147483629": 23}, "primes_agree": true, "instrument": "hybrid kernel + (star)", "status": "proved (full rank at both primes: mult = a over Q)"}, "red_pts": {"mult": 23, "per_prime": {"2147483647": 23, "2147483629": 23}, "primes_agree": true, "instrument": "hybrid kernel + red_pts evaluation rows", "status": "proved (full rank at both primes: mult = a over Q)"}}, "mult_det": 23, "mult_per4": 23, "mult_red_star": 23, "mult_red_pts": 23, "mult_red": 23, "star_eq_pts": true, "i_det": 0, "i_red": 0, "i_per4": 0, "D": 0, "refute": false, "halt": false, "ok": true, "secs": 2.4, "hwm_gb": 0.11, "certs": [["results/certs/s71/25_6_6_2_1_d10_hybrid_p2147483647.json.gz", 11505], ["results/certs/s71/25_6_6_2_1_d10_hybrid_p2147483629.json.gz", 11506]]}
