      level 1: 46 prefixes
      level 2: 943 prefixes
      level 3: 10122 prefixes
      level 4: 58489 prefixes
      level 5: 155377 prefixes
      level 6: 216209 prefixes
      level 7: 228100 prefixes
      level 8: 228717 prefixes
      level 9: 228717 prefixes
      level 10: 228717 prefixes
  lam=(23, 6, 5, 5, 1): N_S=228717 |Stab|=2 n_chi=112765 (orbits dropped: 3187) [lean, 0s, HWM 0.13 GB]
    E_01: |H|=2 targets 131632 canonical rows 64797 nnz 383345 (obstructed fixed targets cancelled: 1638) [1s, HWM 0.13 GB]
    E_12: |H|=1 targets 190100 canonical rows 190045 nnz 694411 (obstructed fixed targets cancelled: 0) [2s, HWM 0.14 GB]
    E_23: |H|=1 targets 206722 canonical rows 206656 nnz 680736 (obstructed fixed targets cancelled: 0) [3s, HWM 0.15 GB]
    E_34: |H|=1 targets 69263 canonical rows 69263 nnz 225530 (obstructed fixed targets cancelled: 0) [3s, HWM 0.15 GB]
  built (23, 6, 5, 5, 1) d10: N_S=228717 |Stab|=2 n_chi=112765 rows=530761 nnz=1984022 (4s: mono 1s orbits 0s rows 3s; HWM 0.15 GB)
  sieve (23, 6, 5, 5, 1) d10: cover(E) 112594/112765 by reversed (a=20, |U|=171, excess 151; {'natural': 109724, 'reversed': 112594, 'fill_asc': 101812, 'fill_desc': 102441, 'random': 82844}); cover(E_red) 88847/88988 (1.1s)
    hybrid[23_6_5_5_1d10] p=2147483647 attempt 0: |S|=112594 |U|=171 (a=20, excess 151) m=235 blocks 1x171 projected nullity 20, verified=True, rank 20 [split 0.4s trisolve 3.7s schur 5.9s null 0.0s lift 2.8s rank 0.2s]
    hybrid[23_6_5_5_1d10] p=2147483629 attempt 0: |S|=112594 |U|=171 (a=20, excess 151) m=235 blocks 1x171 projected nullity 20, verified=True, rank 20 [split 0.4s trisolve 3.7s schur 6.1s null 0.0s lift 2.6s rank 0.2s]
  RESULT (23, 6, 5, 5, 1) d10: a=20 n_chi=112765 |U|=171 mult_det=20 mult_per4=20 mult_red(star)=20 mult_red(pts)=20 i_det=0 i_red=0 i_per4=0 D=0  (32.4s, HWM 0.44 GB)
RESULT {"lam": [23, 6, 5, 5, 1], "delta": 10, "ell": 5, "a": 20, "K": 28, "N_S": 228717, "stab": 2, "n_chi": 112765, "nrows": 530761, "nnz": 1984022, "nfixed": 1638, "build_secs": 4.3, "build_hwm_gb": 0.15, "route": "hybrid", "h_pad": 50, "seeds": {"det": 11, "red": 29, "per4": 47, "hybrid": 20260908}, "bound": 40, "primes": [2147483647, 2147483629], "n_red": 88988, "cover_E": {"size": 112594, "order": "reversed", "stats": {"natural": 109724, "reversed": 112594, "fill_asc": 101812, "fill_desc": 102441, "random": 82844}, "n_chi": 112765, "a": 20, "excess": 151, "certified_rank_lb": 112594}, "cover_Ered": {"size": 88847, "order": "reversed", "stats": {"natural": 87672, "reversed": 88847, "fill_asc": 82003, "fill_desc": 81871, "random": 66797}, "n_red": 88988, "certified": false}, "sieve_secs": 1.1, "pred_mem_x_bytes": 86035496, "primes_concurrent": true, "per_prime": {"2147483647": {"sides": {"det": {"mult": 20, "nullity": 0, "instrument": "hybrid kernel + det evaluation rows"}, "per4": {"mult": 20, "nullity": 0, "instrument": "hybrid kernel + per4 evaluation rows"}, "red_pts": {"mult": 20, "nullity": 0, "instrument": "hybrid kernel + red_pts evaluation rows"}, "red_star": {"mult": 20, "nullity": 0, "instrument": "hybrid kernel + (star)"}}, "hybrid": {"nS": 112594, "nU": 171, "excess": 151, "nnzT": 312339, "rows_other": 418167, "order": "reversed", "cover_stats": {"natural": 109724, "reversed": 112594, "fill_asc": 101812, "fill_desc": 102441, "random": 82844}, "ublock": 171, "nblocks": 1, "attempts": [{"attempt": 0, "m": 235, "nproj": 8, "projected_nullity": 20, "verified": true, "rank": 20, "secs": {"split": 0.4, "trisolve": 3.7, "schur": 5.9, "nullspace": 0.0, "lift_verify": 2.8, "rank": 0.2}}], "secs": 13.3}, "ev_secs": 10.5, "rank_secs": 2.9, "secs": 26.7, "hwm_gb": 0.44}, "2147483629": {"sides": {"det": {"mult": 20, "nullity": 0, "instrument": "hybrid kernel + det evaluation rows"}, "per4": {"mult": 20, "nullity": 0, "instrument": "hybrid kernel + per4 evaluation rows"}, "red_pts": {"mult": 20, "nullity": 0, "instrument": "hybrid kernel + red_pts evaluation rows"}, "red_star": {"mult": 20, "nullity": 0, "instrument": "hybrid kernel + (star)"}}, "hybrid": {"nS": 112594, "nU": 171, "excess": 151, "nnzT": 312339, "rows_other": 418167, "order": "reversed", "cover_stats": {"natural": 109724, "reversed": 112594, "fill_asc": 101812, "fill_desc": 102441, "random": 82844}, "ublock": 171, "nblocks": 1, "attempts": [{"attempt": 0, "m": 235, "nproj": 8, "projected_nullity": 20, "verified": true, "rank": 20, "secs": {"split": 0.4, "trisolve": 3.7, "schur": 6.1, "nullspace": 0.0, "lift_verify": 2.6, "rank": 0.2}}], "secs": 13.3}, "ev_secs": 10.3, "rank_secs": 3.2, "secs": 26.8, "hwm_gb": 0.44}}, "sides": {"det": {"mult": 20, "per_prime": {"2147483647": 20, "2147483629": 20}, "primes_agree": true, "instrument": "hybrid kernel + det evaluation rows", "status": "proved (full rank at both primes: mult = a over Q)"}, "per4": {"mult": 20, "per_prime": {"2147483647": 20, "2147483629": 20}, "primes_agree": true, "instrument": "hybrid kernel + per4 evaluation rows", "status": "proved (full rank at both primes: mult = a over Q)"}, "red_star": {"mult": 20, "per_prime": {"2147483647": 20, "2147483629": 20}, "primes_agree": true, "instrument": "hybrid kernel + (star)", "status": "proved (full rank at both primes: mult = a over Q)"}, "red_pts": {"mult": 20, "per_prime": {"2147483647": 20, "2147483629": 20}, "primes_agree": true, "instrument": "hybrid kernel + red_pts evaluation rows", "status": "proved (full rank at both primes: mult = a over Q)"}}, "mult_det": 20, "mult_per4": 20, "mult_red_star": 20, "mult_red_pts": 20, "mult_red": 20, "star_eq_pts": true, "i_det": 0, "i_red": 0, "i_per4": 0, "D": 0, "refute": false, "halt": false, "ok": true, "secs": 32.4, "hwm_gb": 0.44, "certs": [["results/certs/s71/23_6_5_5_1_d10_hybrid_p2147483647.json.gz", 10577], ["results/certs/s71/23_6_5_5_1_d10_hybrid_p2147483629.json.gz", 10578]]}
