      level 1: 35 prefixes
      level 2: 433 prefixes
      level 3: 3063 prefixes
      level 4: 13922 prefixes
      level 5: 36689 prefixes
      level 6: 55764 prefixes
      level 7: 61974 prefixes
      level 8: 62728 prefixes
      level 9: 62747 prefixes
      level 10: 62747 prefixes
      level 11: 62747 prefixes
      level 12: 62747 prefixes
  lam=(30, 9, 7, 1, 1): N_S=62747 |Stab|=2 n_chi=23928 (orbits dropped: 14891) [lean, 0s, HWM 0.08 GB]
    E_01: |H|=2 targets 43456 canonical rows 16454 nnz 93095 (obstructed fixed targets cancelled: 3929) [0s, HWM 0.08 GB]
    E_12: |H|=2 targets 53399 canonical rows 20229 nnz 83411 (obstructed fixed targets cancelled: 2557) [1s, HWM 0.08 GB]
    E_23: |H|=1 targets 17431 canonical rows 17400 nnz 47856 (obstructed fixed targets cancelled: 0) [1s, HWM 0.08 GB]
    E_34: |H|=1 targets 38819 canonical rows 0 nnz 0 (obstructed fixed targets cancelled: 0) [1s, HWM 0.08 GB]
  built (30, 9, 7, 1, 1) d12: N_S=62747 |Stab|=2 n_chi=23928 rows=54083 nnz=224362 (1s: mono 0s orbits 0s rows 1s; HWM 0.08 GB)
  sieve (30, 9, 7, 1, 1) d12: cover(E) 23759/23928 by reversed (a=76, |U|=169, excess 93; {'natural': 22279, 'reversed': 23759, 'fill_asc': 18255, 'fill_desc': 18283, 'random': 14744}); cover(E_red) 18927/19075 (0.1s)
    hybrid[30_9_7_1_1d12] p=2147483629 attempt 0: |S|=23759 |U|=169 (a=76, excess 93) m=233 projected nullity 76, verified=True, rank 76 [split 0.0s trisolve 0.1s schur 0.2s null 0.0s lift 0.4s]
    hybrid[30_9_7_1_1d12] p=2147483647 attempt 0: |S|=23759 |U|=169 (a=76, excess 93) m=233 projected nullity 76, verified=True, rank 76 [split 0.0s trisolve 0.1s schur 0.2s null 0.0s lift 0.4s]
  RESULT (30, 9, 7, 1, 1) d12: a=76 n_chi=23928 |U|=169 mult_det=76 mult_per4=76 mult_red(star)=76 mult_red(pts)=76 i_det=0 i_red=0 i_per4=0 D=0  (7.4s, HWM 0.22 GB)
RESULT {"lam": [30, 9, 7, 1, 1], "delta": 12, "ell": 5, "a": 76, "K": 84, "N_S": 62747, "stab": 2, "n_chi": 23928, "nrows": 54083, "nnz": 224362, "nfixed": 6486, "build_secs": 1.2, "build_hwm_gb": 0.08, "route": "hybrid", "h_pad": 140, "seeds": {"det": 11, "red": 29, "per4": 47, "hybrid": 20260908}, "bound": 40, "primes": [2147483647, 2147483629], "n_red": 19075, "cover_E": {"size": 23759, "order": "reversed", "stats": {"natural": 22279, "reversed": 23759, "fill_asc": 18255, "fill_desc": 18283, "random": 14744}, "n_chi": 23928, "a": 76, "excess": 93, "certified_rank_lb": 23759}, "cover_Ered": {"size": 18927, "order": "reversed", "stats": {"natural": 18166, "reversed": 18927, "fill_asc": 15276, "fill_desc": 15209, "random": 12368}, "n_red": 19075, "certified": false}, "sieve_secs": 0.1, "pred_mem_x_bytes": 16061084, "primes_concurrent": true, "per_prime": {"2147483647": {"sides": {"det": {"mult": 76, "nullity": 0, "instrument": "hybrid kernel + det evaluation rows"}, "per4": {"mult": 76, "nullity": 0, "instrument": "hybrid kernel + per4 evaluation rows"}, "red_pts": {"mult": 76, "nullity": 0, "instrument": "hybrid kernel + red_pts evaluation rows"}, "red_star": {"mult": 76, "nullity": 0, "instrument": "hybrid kernel + (star)"}}, "hybrid": {"nS": 23759, "nU": 169, "excess": 93, "nnzT": 80659, "rows_other": 30324, "order": "reversed", "cover_stats": {"natural": 22279, "reversed": 23759, "fill_asc": 18255, "fill_desc": 18283, "random": 14744}, "attempts": [{"attempt": 0, "m": 233, "nproj": 8, "projected_nullity": 76, "verified": true, "rank": 76, "secs": {"split": 0.0, "trisolve": 0.1, "schur": 0.2, "nullspace": 0.0, "lift_verify": 0.4}}], "secs": 0.9}, "ev_secs": 3.7, "rank_secs": 1.4, "secs": 6.0, "hwm_gb": 0.22}, "2147483629": {"sides": {"det": {"mult": 76, "nullity": 0, "instrument": "hybrid kernel + det evaluation rows"}, "per4": {"mult": 76, "nullity": 0, "instrument": "hybrid kernel + per4 evaluation rows"}, "red_pts": {"mult": 76, "nullity": 0, "instrument": "hybrid kernel + red_pts evaluation rows"}, "red_star": {"mult": 76, "nullity": 0, "instrument": "hybrid kernel + (star)"}}, "hybrid": {"nS": 23759, "nU": 169, "excess": 93, "nnzT": 80659, "rows_other": 30324, "order": "reversed", "cover_stats": {"natural": 22279, "reversed": 23759, "fill_asc": 18255, "fill_desc": 18283, "random": 14744}, "attempts": [{"attempt": 0, "m": 233, "nproj": 8, "projected_nullity": 76, "verified": true, "rank": 76, "secs": {"split": 0.0, "trisolve": 0.1, "schur": 0.2, "nullspace": 0.0, "lift_verify": 0.4}}], "secs": 0.8}, "ev_secs": 3.8, "rank_secs": 1.4, "secs": 6.0, "hwm_gb": 0.22}}, "sides": {"det": {"mult": 76, "per_prime": {"2147483647": 76, "2147483629": 76}, "primes_agree": true, "instrument": "hybrid kernel + det evaluation rows", "status": "proved (full rank at both primes: mult = a over Q)"}, "per4": {"mult": 76, "per_prime": {"2147483647": 76, "2147483629": 76}, "primes_agree": true, "instrument": "hybrid kernel + per4 evaluation rows", "status": "proved (full rank at both primes: mult = a over Q)"}, "red_star": {"mult": 76, "per_prime": {"2147483647": 76, "2147483629": 76}, "primes_agree": true, "instrument": "hybrid kernel + (star)", "status": "proved (full rank at both primes: mult = a over Q)"}, "red_pts": {"mult": 76, "per_prime": {"2147483647": 76, "2147483629": 76}, "primes_agree": true, "instrument": "hybrid kernel + red_pts evaluation rows", "status": "proved (full rank at both primes: mult = a over Q)"}}, "mult_det": 76, "mult_per4": 76, "mult_red_star": 76, "mult_red_pts": 76, "mult_red": 76, "star_eq_pts": true, "i_det": 0, "i_red": 0, "i_per4": 0, "D": 0, "refute": false, "halt": false, "ok": true, "secs": 7.4, "hwm_gb": 0.22, "certs": [["results/certs/s71/30_9_7_1_1_d12_hybrid_p2147483647.json.gz", 27654], ["results/certs/s71/30_9_7_1_1_d12_hybrid_p2147483629.json.gz", 27656]]}
