      level 1: 36 prefixes
      level 2: 426 prefixes
      level 3: 2600 prefixes
      level 4: 10398 prefixes
      level 5: 28252 prefixes
      level 6: 51400 prefixes
      level 7: 65611 prefixes
      level 8: 69822 prefixes
      level 9: 70353 prefixes
      level 10: 70367 prefixes
      level 11: 70367 prefixes
      level 12: 70367 prefixes
      level 13: 70367 prefixes
      level 14: 70367 prefixes
      level 15: 70367 prefixes
  lam=(40, 13, 5, 1, 1): N_S=70367 |Stab|=2 n_chi=26605 (orbits dropped: 17157) [lean, 0s, HWM 0.08 GB]
    E_01: |H|=2 targets 54918 canonical rows 20697 nnz 118261 (obstructed fixed targets cancelled: 5130) [1s, HWM 0.09 GB]
    E_12: |H|=2 targets 44840 canonical rows 16689 nnz 76291 (obstructed fixed targets cancelled: 2816) [1s, HWM 0.09 GB]
    E_23: |H|=1 targets 22726 canonical rows 22689 nnz 53210 (obstructed fixed targets cancelled: 0) [1s, HWM 0.09 GB]
    E_34: |H|=1 targets 43762 canonical rows 0 nnz 0 (obstructed fixed targets cancelled: 0) [1s, HWM 0.09 GB]
  built (40, 13, 5, 1, 1) d15: N_S=70367 |Stab|=2 n_chi=26605 rows=60075 nnz=247762 (2s: mono 0s orbits 0s rows 1s; HWM 0.09 GB)
  sieve (40, 13, 5, 1, 1) d15: cover(E) 26438/26605 by reversed (a=142, |U|=167, excess 25; {'natural': 24418, 'reversed': 26438, 'fill_asc': 20459, 'fill_desc': 20690, 'random': 17096}); cover(E_red) 21480/21629 (0.2s)
    hybrid[40_13_5_1_1d15] p=2147483629 attempt 0: |S|=26438 |U|=167 (a=142, excess 25) m=231 projected nullity 142, verified=True, rank 142 [split 0.0s trisolve 0.1s schur 0.2s null 0.0s lift 1.0s]
    hybrid[40_13_5_1_1d15] p=2147483647 attempt 0: |S|=26438 |U|=167 (a=142, excess 25) m=231 projected nullity 142, verified=True, rank 142 [split 0.1s trisolve 0.1s schur 0.3s null 0.0s lift 1.1s]
  RESULT (40, 13, 5, 1, 1) d15: a=142 n_chi=26605 |U|=167 mult_det=142 mult_per4=142 mult_red(star)=142 mult_red(pts)=142 i_det=0 i_red=0 i_per4=0 D=0  (15.2s, HWM 0.39 GB)
RESULT {"lam": [40, 13, 5, 1, 1], "delta": 15, "ell": 5, "a": 142, "K": 150, "N_S": 70367, "stab": 2, "n_chi": 26605, "nrows": 60075, "nnz": 247762, "nfixed": 7946, "build_secs": 1.7, "build_hwm_gb": 0.09, "route": "hybrid", "h_pad": 280, "seeds": {"det": 11, "red": 29, "per4": 47, "hybrid": 20260908}, "bound": 40, "primes": [2147483647, 2147483629], "n_red": 21629, "cover_E": {"size": 26438, "order": "reversed", "stats": {"natural": 24418, "reversed": 26438, "fill_asc": 20459, "fill_desc": 20690, "random": 17096}, "n_chi": 26605, "a": 142, "excess": 25, "certified_rank_lb": 26438}, "cover_Ered": {"size": 21480, "order": "reversed", "stats": {"natural": 20184, "reversed": 21480, "fill_asc": 17355, "fill_desc": 17442, "random": 14391}, "n_red": 21629, "certified": false}, "sieve_secs": 0.2, "pred_mem_x_bytes": 17660584, "primes_concurrent": true, "per_prime": {"2147483647": {"sides": {"det": {"mult": 142, "nullity": 0, "instrument": "hybrid kernel + det evaluation rows"}, "per4": {"mult": 142, "nullity": 0, "instrument": "hybrid kernel + per4 evaluation rows"}, "red_pts": {"mult": 142, "nullity": 0, "instrument": "hybrid kernel + red_pts evaluation rows"}, "red_star": {"mult": 142, "nullity": 0, "instrument": "hybrid kernel + (star)"}}, "hybrid": {"nS": 26438, "nU": 167, "excess": 25, "nnzT": 87205, "rows_other": 33637, "order": "reversed", "cover_stats": {"natural": 24418, "reversed": 26438, "fill_asc": 20459, "fill_desc": 20690, "random": 17096}, "attempts": [{"attempt": 0, "m": 231, "nproj": 8, "projected_nullity": 142, "verified": true, "rank": 142, "secs": {"split": 0.1, "trisolve": 0.1, "schur": 0.3, "nullspace": 0.0, "lift_verify": 1.1}}], "secs": 1.6}, "ev_secs": 9.1, "rank_secs": 2.4, "secs": 13.2, "hwm_gb": 0.39}, "2147483629": {"sides": {"det": {"mult": 142, "nullity": 0, "instrument": "hybrid kernel + det evaluation rows"}, "per4": {"mult": 142, "nullity": 0, "instrument": "hybrid kernel + per4 evaluation rows"}, "red_pts": {"mult": 142, "nullity": 0, "instrument": "hybrid kernel + red_pts evaluation rows"}, "red_star": {"mult": 142, "nullity": 0, "instrument": "hybrid kernel + (star)"}}, "hybrid": {"nS": 26438, "nU": 167, "excess": 25, "nnzT": 87205, "rows_other": 33637, "order": "reversed", "cover_stats": {"natural": 24418, "reversed": 26438, "fill_asc": 20459, "fill_desc": 20690, "random": 17096}, "attempts": [{"attempt": 0, "m": 231, "nproj": 8, "projected_nullity": 142, "verified": true, "rank": 142, "secs": {"split": 0.0, "trisolve": 0.1, "schur": 0.2, "nullspace": 0.0, "lift_verify": 1.0}}], "secs": 1.6}, "ev_secs": 8.8, "rank_secs": 2.6, "secs": 13.0, "hwm_gb": 0.39}}, "sides": {"det": {"mult": 142, "per_prime": {"2147483647": 142, "2147483629": 142}, "primes_agree": true, "instrument": "hybrid kernel + det evaluation rows", "status": "proved (full rank at both primes: mult = a over Q)"}, "per4": {"mult": 142, "per_prime": {"2147483647": 142, "2147483629": 142}, "primes_agree": true, "instrument": "hybrid kernel + per4 evaluation rows", "status": "proved (full rank at both primes: mult = a over Q)"}, "red_star": {"mult": 142, "per_prime": {"2147483647": 142, "2147483629": 142}, "primes_agree": true, "instrument": "hybrid kernel + (star)", "status": "proved (full rank at both primes: mult = a over Q)"}, "red_pts": {"mult": 142, "per_prime": {"2147483647": 142, "2147483629": 142}, "primes_agree": true, "instrument": "hybrid kernel + red_pts evaluation rows", "status": "proved (full rank at both primes: mult = a over Q)"}}, "mult_det": 142, "mult_per4": 142, "mult_red_star": 142, "mult_red_pts": 142, "mult_red": 142, "star_eq_pts": true, "i_det": 0, "i_red": 0, "i_per4": 0, "D": 0, "refute": false, "halt": false, "ok": true, "secs": 15.2, "hwm_gb": 0.39, "certs": [["results/certs/s71/40_13_5_1_1_d15_hybrid_p2147483647.json.gz", 46138], ["results/certs/s71/40_13_5_1_1_d15_hybrid_p2147483629.json.gz", 46139]]}
