      level 1: 57 prefixes
      level 2: 1115 prefixes
      level 3: 9469 prefixes
      level 4: 44730 prefixes
      level 5: 109850 prefixes
      level 6: 150295 prefixes
      level 7: 158591 prefixes
      level 8: 159046 prefixes
      level 9: 159046 prefixes
      level 10: 159046 prefixes
      level 11: 159046 prefixes
  lam=(27, 9, 3, 3, 2): N_S=159046 |Stab|=2 n_chi=76256 (orbits dropped: 6534) [lean, 0s, HWM 0.11 GB]
    E_01: |H|=2 targets 110901 canonical rows 53005 nnz 311517 (obstructed fixed targets cancelled: 3435) [1s, HWM 0.11 GB]
    E_12: |H|=1 targets 82811 canonical rows 82811 nnz 336791 (obstructed fixed targets cancelled: 0) [1s, HWM 0.11 GB]
    E_23: |H|=1 targets 133486 canonical rows 131889 nnz 308952 (obstructed fixed targets cancelled: 0) [2s, HWM 0.13 GB]
    E_34: |H|=1 targets 100726 canonical rows 100624 nnz 254272 (obstructed fixed targets cancelled: 0) [2s, HWM 0.13 GB]
  built (27, 9, 3, 3, 2) d11: N_S=159046 |Stab|=2 n_chi=76256 rows=368329 nnz=1211532 (3s: mono 0s orbits 0s rows 2s; HWM 0.13 GB)
  sieve (27, 9, 3, 3, 2) d11: cover(E) 76133/76256 by reversed (a=40, |U|=123, excess 83; {'natural': 74234, 'reversed': 76133, 'fill_asc': 70259, 'fill_desc': 69441, 'random': 61347}); cover(E_red) 58640/58738 (0.6s)
    hybrid[27_9_3_3_2d11] p=2147483647 attempt 0: |S|=76133 |U|=123 (a=40, excess 83) m=187 blocks 1x123 projected nullity 40, verified=True, rank 40 [split 0.2s trisolve 1.4s schur 2.4s null 0.0s lift 3.5s rank 0.3s]
    hybrid[27_9_3_3_2d11] p=2147483629 attempt 0: |S|=76133 |U|=123 (a=40, excess 83) m=187 blocks 1x123 projected nullity 40, verified=True, rank 40 [split 0.2s trisolve 1.5s schur 2.6s null 0.0s lift 3.6s rank 0.3s]
  RESULT (27, 9, 3, 3, 2) d11: a=40 n_chi=76256 |U|=123 mult_det=40 mult_per4=40 mult_red(star)=40 mult_red(pts)=40 i_det=0 i_red=0 i_per4=0 D=0  (27.2s, HWM 0.38 GB)
RESULT {"lam": [27, 9, 3, 3, 2], "delta": 11, "ell": 5, "a": 40, "K": 48, "N_S": 159046, "stab": 2, "n_chi": 76256, "nrows": 368329, "nnz": 1211532, "nfixed": 3435, "build_secs": 2.9, "build_hwm_gb": 0.13, "route": "hybrid", "h_pad": 116, "seeds": {"det": 11, "red": 29, "per4": 47, "hybrid": 20260908}, "bound": 40, "primes": [2147483647, 2147483629], "n_red": 58738, "cover_E": {"size": 76133, "order": "reversed", "stats": {"natural": 74234, "reversed": 76133, "fill_asc": 70259, "fill_desc": 69441, "random": 61347}, "n_chi": 76256, "a": 40, "excess": 83, "certified_rank_lb": 76133}, "cover_Ered": {"size": 58640, "order": "reversed", "stats": {"natural": 57682, "reversed": 58640, "fill_asc": 54968, "fill_desc": 54434, "random": 48114}, "n_red": 58738, "certified": false}, "sieve_secs": 0.6, "pred_mem_x_bytes": 49658396, "primes_concurrent": true, "per_prime": {"2147483647": {"sides": {"det": {"mult": 40, "nullity": 0, "instrument": "hybrid kernel + det evaluation rows"}, "per4": {"mult": 40, "nullity": 0, "instrument": "hybrid kernel + per4 evaluation rows"}, "red_pts": {"mult": 40, "nullity": 0, "instrument": "hybrid kernel + red_pts evaluation rows"}, "red_star": {"mult": 40, "nullity": 0, "instrument": "hybrid kernel + (star)"}}, "hybrid": {"nS": 76133, "nU": 123, "excess": 83, "nnzT": 170905, "rows_other": 292196, "order": "reversed", "cover_stats": {"natural": 74234, "reversed": 76133, "fill_asc": 70259, "fill_desc": 69441, "random": 61347}, "ublock": 123, "nblocks": 1, "attempts": [{"attempt": 0, "m": 187, "nproj": 8, "projected_nullity": 40, "verified": true, "rank": 40, "secs": {"split": 0.2, "trisolve": 1.4, "schur": 2.4, "nullspace": 0.0, "lift_verify": 3.5, "rank": 0.3}}], "secs": 7.9}, "ev_secs": 11.9, "rank_secs": 3.6, "secs": 23.4, "hwm_gb": 0.38}, "2147483629": {"sides": {"det": {"mult": 40, "nullity": 0, "instrument": "hybrid kernel + det evaluation rows"}, "per4": {"mult": 40, "nullity": 0, "instrument": "hybrid kernel + per4 evaluation rows"}, "red_pts": {"mult": 40, "nullity": 0, "instrument": "hybrid kernel + red_pts evaluation rows"}, "red_star": {"mult": 40, "nullity": 0, "instrument": "hybrid kernel + (star)"}}, "hybrid": {"nS": 76133, "nU": 123, "excess": 83, "nnzT": 170905, "rows_other": 292196, "order": "reversed", "cover_stats": {"natural": 74234, "reversed": 76133, "fill_asc": 70259, "fill_desc": 69441, "random": 61347}, "ublock": 123, "nblocks": 1, "attempts": [{"attempt": 0, "m": 187, "nproj": 8, "projected_nullity": 40, "verified": true, "rank": 40, "secs": {"split": 0.2, "trisolve": 1.5, "schur": 2.6, "nullspace": 0.0, "lift_verify": 3.6, "rank": 0.3}}], "secs": 8.2}, "ev_secs": 12.2, "rank_secs": 3.2, "secs": 23.5, "hwm_gb": 0.38}}, "sides": {"det": {"mult": 40, "per_prime": {"2147483647": 40, "2147483629": 40}, "primes_agree": true, "instrument": "hybrid kernel + det evaluation rows", "status": "proved (full rank at both primes: mult = a over Q)"}, "per4": {"mult": 40, "per_prime": {"2147483647": 40, "2147483629": 40}, "primes_agree": true, "instrument": "hybrid kernel + per4 evaluation rows", "status": "proved (full rank at both primes: mult = a over Q)"}, "red_star": {"mult": 40, "per_prime": {"2147483647": 40, "2147483629": 40}, "primes_agree": true, "instrument": "hybrid kernel + (star)", "status": "proved (full rank at both primes: mult = a over Q)"}, "red_pts": {"mult": 40, "per_prime": {"2147483647": 40, "2147483629": 40}, "primes_agree": true, "instrument": "hybrid kernel + red_pts evaluation rows", "status": "proved (full rank at both primes: mult = a over Q)"}}, "mult_det": 40, "mult_per4": 40, "mult_red_star": 40, "mult_red_pts": 40, "mult_red": 40, "star_eq_pts": true, "i_det": 0, "i_red": 0, "i_per4": 0, "D": 0, "refute": false, "halt": false, "ok": true, "secs": 27.2, "hwm_gb": 0.38, "certs": [["results/certs/s71/27_9_3_3_2_d11_hybrid_p2147483647.json.gz", 16797], ["results/certs/s71/27_9_3_3_2_d11_hybrid_p2147483629.json.gz", 16797]]}
