      level 1: 54 prefixes
      level 2: 1051 prefixes
      level 3: 9885 prefixes
      level 4: 45640 prefixes
      level 5: 95401 prefixes
      level 6: 116189 prefixes
      level 7: 118690 prefixes
      level 8: 118742 prefixes
      level 9: 118742 prefixes
      level 10: 118742 prefixes
      level 11: 118742 prefixes
  lam=(28, 7, 5, 2, 2): N_S=118742 |Stab|=2 n_chi=64235 (orbits dropped: 0) [lean, 0s, HWM 0.10 GB]
    E_01: |H|=2 targets 73768 canonical rows 40074 nnz 228925 (obstructed fixed targets cancelled: 0) [0s, HWM 0.10 GB]
    E_12: |H|=2 targets 93284 canonical rows 50671 nnz 190858 (obstructed fixed targets cancelled: 0) [1s, HWM 0.10 GB]
    E_23: |H|=1 targets 60022 canonical rows 60022 nnz 196671 (obstructed fixed targets cancelled: 0) [1s, HWM 0.10 GB]
    E_34: |H|=1 targets 89664 canonical rows 89664 nnz 172262 (obstructed fixed targets cancelled: 0) [2s, HWM 0.11 GB]
  built (28, 7, 5, 2, 2) d11: N_S=118742 |Stab|=2 n_chi=64235 rows=240431 nnz=788716 (2s: mono 0s orbits 0s rows 2s; HWM 0.11 GB)
  sieve (28, 7, 5, 2, 2) d11: cover(E) 64064/64235 by reversed (a=63, |U|=171, excess 108; {'natural': 62617, 'reversed': 64064, 'fill_asc': 56898, 'fill_desc': 56846, 'random': 47499}); cover(E_red) 46779/46895 (0.4s)
    hybrid[28_7_5_2_2d11] p=2147483629 attempt 0: |S|=64064 |U|=171 (a=63, excess 108) m=235 projected nullity 63, verified=True, rank 63 [split 0.2s trisolve 0.2s schur 1.1s null 0.0s lift 2.1s]
    hybrid[28_7_5_2_2d11] p=2147483647 attempt 0: |S|=64064 |U|=171 (a=63, excess 108) m=235 projected nullity 63, verified=True, rank 63 [split 0.3s trisolve 0.2s schur 1.1s null 0.0s lift 2.1s]
  RESULT (28, 7, 5, 2, 2) d11: a=63 n_chi=64235 |U|=171 mult_det=63 mult_per4=63 mult_red(star)=63 mult_red(pts)=63 i_det=0 i_red=0 i_per4=0 D=0  (16.0s, HWM 0.44 GB)
RESULT {"lam": [28, 7, 5, 2, 2], "delta": 11, "ell": 5, "a": 63, "K": 71, "N_S": 118742, "stab": 2, "n_chi": 64235, "nrows": 240431, "nnz": 788716, "nfixed": 0, "build_secs": 2.2, "build_hwm_gb": 0.11, "route": "hybrid", "h_pad": 196, "seeds": {"det": 11, "red": 29, "per4": 47, "hybrid": 20260908}, "bound": 40, "primes": [2147483647, 2147483629], "n_red": 46895, "cover_E": {"size": 64064, "order": "reversed", "stats": {"natural": 62617, "reversed": 64064, "fill_asc": 56898, "fill_desc": 56846, "random": 47499}, "n_chi": 64235, "a": 63, "excess": 108, "certified_rank_lb": 64064}, "cover_Ered": {"size": 46779, "order": "reversed", "stats": {"natural": 46329, "reversed": 46779, "fill_asc": 42908, "fill_desc": 42845, "random": 36255}, "n_red": 46895, "certified": false}, "sieve_secs": 0.4, "pred_mem_x_bytes": 43819776, "primes_concurrent": true, "per_prime": {"2147483647": {"sides": {"det": {"mult": 63, "nullity": 0, "instrument": "hybrid kernel + det evaluation rows"}, "per4": {"mult": 63, "nullity": 0, "instrument": "hybrid kernel + per4 evaluation rows"}, "red_pts": {"mult": 63, "nullity": 0, "instrument": "hybrid kernel + red_pts evaluation rows"}, "red_star": {"mult": 63, "nullity": 0, "instrument": "hybrid kernel + (star)"}}, "hybrid": {"nS": 64064, "nU": 171, "excess": 108, "nnzT": 158594, "rows_other": 176367, "order": "reversed", "cover_stats": {"natural": 62617, "reversed": 64064, "fill_asc": 56898, "fill_desc": 56846, "random": 47499}, "attempts": [{"attempt": 0, "m": 235, "nproj": 8, "projected_nullity": 63, "verified": true, "rank": 63, "secs": {"split": 0.3, "trisolve": 0.2, "schur": 1.1, "nullspace": 0.0, "lift_verify": 2.1}}], "secs": 4.0}, "ev_secs": 6.5, "rank_secs": 2.7, "secs": 13.2, "hwm_gb": 0.44}, "2147483629": {"sides": {"det": {"mult": 63, "nullity": 0, "instrument": "hybrid kernel + det evaluation rows"}, "per4": {"mult": 63, "nullity": 0, "instrument": "hybrid kernel + per4 evaluation rows"}, "red_pts": {"mult": 63, "nullity": 0, "instrument": "hybrid kernel + red_pts evaluation rows"}, "red_star": {"mult": 63, "nullity": 0, "instrument": "hybrid kernel + (star)"}}, "hybrid": {"nS": 64064, "nU": 171, "excess": 108, "nnzT": 158594, "rows_other": 176367, "order": "reversed", "cover_stats": {"natural": 62617, "reversed": 64064, "fill_asc": 56898, "fill_desc": 56846, "random": 47499}, "attempts": [{"attempt": 0, "m": 235, "nproj": 8, "projected_nullity": 63, "verified": true, "rank": 63, "secs": {"split": 0.2, "trisolve": 0.2, "schur": 1.1, "nullspace": 0.0, "lift_verify": 2.1}}], "secs": 3.8}, "ev_secs": 6.5, "rank_secs": 2.8, "secs": 13.0, "hwm_gb": 0.44}}, "sides": {"det": {"mult": 63, "per_prime": {"2147483647": 63, "2147483629": 63}, "primes_agree": true, "instrument": "hybrid kernel + det evaluation rows", "status": "proved (full rank at both primes: mult = a over Q)"}, "per4": {"mult": 63, "per_prime": {"2147483647": 63, "2147483629": 63}, "primes_agree": true, "instrument": "hybrid kernel + per4 evaluation rows", "status": "proved (full rank at both primes: mult = a over Q)"}, "red_star": {"mult": 63, "per_prime": {"2147483647": 63, "2147483629": 63}, "primes_agree": true, "instrument": "hybrid kernel + (star)", "status": "proved (full rank at both primes: mult = a over Q)"}, "red_pts": {"mult": 63, "per_prime": {"2147483647": 63, "2147483629": 63}, "primes_agree": true, "instrument": "hybrid kernel + red_pts evaluation rows", "status": "proved (full rank at both primes: mult = a over Q)"}}, "mult_det": 63, "mult_per4": 63, "mult_red_star": 63, "mult_red_pts": 63, "mult_red": 63, "star_eq_pts": true, "i_det": 0, "i_red": 0, "i_per4": 0, "D": 0, "refute": false, "halt": false, "ok": true, "secs": 16.0, "hwm_gb": 0.44, "certs": [["results/certs/s71/28_7_5_2_2_d11_hybrid_p2147483647.json.gz", 23768], ["results/certs/s71/28_7_5_2_2_d11_hybrid_p2147483629.json.gz", 23767]]}
