      level 1: 48 prefixes
      level 2: 872 prefixes
      level 3: 7958 prefixes
      level 4: 39380 prefixes
      level 5: 96344 prefixes
      level 6: 131217 prefixes
      level 7: 138248 prefixes
      level 8: 138632 prefixes
      level 9: 138632 prefixes
      level 10: 138632 prefixes
      level 11: 138632 prefixes
      level 12: 138632 prefixes
  lam=(31, 8, 5, 3, 1): N_S=138632 |Stab|=1 n_chi=138632 (orbits dropped: 0) [lean, 0s, HWM 0.10 GB]
    E_01: |H|=1 targets 90556 canonical rows 90556 nnz 537164 (obstructed fixed targets cancelled: 0) [1s, HWM 0.11 GB]
    E_12: |H|=1 targets 103087 canonical rows 103087 nnz 418313 (obstructed fixed targets cancelled: 0) [1s, HWM 0.11 GB]
    E_23: |H|=1 targets 92555 canonical rows 92555 nnz 305372 (obstructed fixed targets cancelled: 0) [2s, HWM 0.11 GB]
    E_34: |H|=1 targets 54033 canonical rows 54033 nnz 138632 (obstructed fixed targets cancelled: 0) [2s, HWM 0.11 GB]
  built (31, 8, 5, 3, 1) d12: N_S=138632 |Stab|=1 n_chi=138632 rows=340231 nnz=1399481 (3s: mono 0s orbits 0s rows 2s; HWM 0.11 GB)
  sieve (31, 8, 5, 3, 1) d12: cover(E) 138192/138632 by reversed (a=155, |U|=440, excess 285; {'natural': 133747, 'reversed': 138192, 'fill_asc': 115891, 'fill_desc': 112092, 'random': 89316}); cover(E_red) 105166/105520 (0.6s)
    hybrid[31_8_5_3_1d12] p=2147483647 attempt 0: |S|=138192 |U|=440 (a=155, excess 285) m=504 blocks 1x440 projected nullity 155, verified=True, rank 155 [split 0.3s trisolve 12.0s schur 8.1s null 0.4s lift 14.5s rank 2.1s]
    hybrid[31_8_5_3_1d12] p=2147483629 attempt 0: |S|=138192 |U|=440 (a=155, excess 285) m=504 blocks 1x440 projected nullity 155, verified=True, rank 155 [split 0.3s trisolve 12.0s schur 8.1s null 0.4s lift 14.4s rank 2.3s]
  RESULT (31, 8, 5, 3, 1) d12: a=155 n_chi=138632 |U|=440 mult_det=155 mult_per4=155 mult_red(star)=155 mult_red(pts)=155 i_det=0 i_red=0 i_per4=0 D=0  (127.5s, HWM 1.66 GB)
RESULT {"lam": [31, 8, 5, 3, 1], "delta": 12, "ell": 5, "a": 155, "K": 163, "N_S": 138632, "stab": 1, "n_chi": 138632, "nrows": 340231, "nnz": 1399481, "nfixed": 0, "build_secs": 2.7, "build_hwm_gb": 0.11, "route": "hybrid", "h_pad": 374, "seeds": {"det": 11, "red": 29, "per4": 47, "hybrid": 20260908}, "bound": 40, "primes": [2147483647, 2147483629], "n_red": 105520, "cover_E": {"size": 138192, "order": "reversed", "stats": {"natural": 133747, "reversed": 138192, "fill_asc": 115891, "fill_desc": 112092, "random": 89316}, "n_chi": 138632, "a": 155, "excess": 285, "certified_rank_lb": 138192}, "cover_Ered": {"size": 105166, "order": "reversed", "stats": {"natural": 103508, "reversed": 105166, "fill_asc": 92228, "fill_desc": 89342, "random": 71965}, "n_red": 105520, "certified": false}, "sieve_secs": 0.6, "pred_mem_x_bytes": 329169760, "primes_concurrent": true, "per_prime": {"2147483647": {"sides": {"det": {"mult": 155, "nullity": 0, "instrument": "hybrid kernel + det evaluation rows"}, "per4": {"mult": 155, "nullity": 0, "instrument": "hybrid kernel + per4 evaluation rows"}, "red_pts": {"mult": 155, "nullity": 0, "instrument": "hybrid kernel + red_pts evaluation rows"}, "red_star": {"mult": 155, "nullity": 0, "instrument": "hybrid kernel + (star)"}}, "hybrid": {"nS": 138192, "nU": 440, "excess": 285, "nnzT": 426993, "rows_other": 202039, "order": "reversed", "cover_stats": {"natural": 133747, "reversed": 138192, "fill_asc": 115891, "fill_desc": 112092, "random": 89316}, "ublock": 440, "nblocks": 1, "attempts": [{"attempt": 0, "m": 504, "nproj": 8, "projected_nullity": 155, "verified": true, "rank": 155, "secs": {"split": 0.3, "trisolve": 12.0, "schur": 8.1, "nullspace": 0.4, "lift_verify": 14.5, "rank": 2.1}}], "secs": 37.4}, "ev_secs": 49.6, "rank_secs": 36.9, "secs": 124.0, "hwm_gb": 1.66}, "2147483629": {"sides": {"det": {"mult": 155, "nullity": 0, "instrument": "hybrid kernel + det evaluation rows"}, "per4": {"mult": 155, "nullity": 0, "instrument": "hybrid kernel + per4 evaluation rows"}, "red_pts": {"mult": 155, "nullity": 0, "instrument": "hybrid kernel + red_pts evaluation rows"}, "red_star": {"mult": 155, "nullity": 0, "instrument": "hybrid kernel + (star)"}}, "hybrid": {"nS": 138192, "nU": 440, "excess": 285, "nnzT": 426993, "rows_other": 202039, "order": "reversed", "cover_stats": {"natural": 133747, "reversed": 138192, "fill_asc": 115891, "fill_desc": 112092, "random": 89316}, "ublock": 440, "nblocks": 1, "attempts": [{"attempt": 0, "m": 504, "nproj": 8, "projected_nullity": 155, "verified": true, "rank": 155, "secs": {"split": 0.3, "trisolve": 12.0, "schur": 8.1, "nullspace": 0.4, "lift_verify": 14.4, "rank": 2.3}}], "secs": 37.6}, "ev_secs": 49.1, "rank_secs": 36.2, "secs": 123.0, "hwm_gb": 1.66}}, "sides": {"det": {"mult": 155, "per_prime": {"2147483647": 155, "2147483629": 155}, "primes_agree": true, "instrument": "hybrid kernel + det evaluation rows", "status": "proved (full rank at both primes: mult = a over Q)"}, "per4": {"mult": 155, "per_prime": {"2147483647": 155, "2147483629": 155}, "primes_agree": true, "instrument": "hybrid kernel + per4 evaluation rows", "status": "proved (full rank at both primes: mult = a over Q)"}, "red_star": {"mult": 155, "per_prime": {"2147483647": 155, "2147483629": 155}, "primes_agree": true, "instrument": "hybrid kernel + (star)", "status": "proved (full rank at both primes: mult = a over Q)"}, "red_pts": {"mult": 155, "per_prime": {"2147483647": 155, "2147483629": 155}, "primes_agree": true, "instrument": "hybrid kernel + red_pts evaluation rows", "status": "proved (full rank at both primes: mult = a over Q)"}}, "mult_det": 155, "mult_per4": 155, "mult_red_star": 155, "mult_red_pts": 155, "mult_red": 155, "star_eq_pts": true, "i_det": 0, "i_red": 0, "i_per4": 0, "D": 0, "refute": false, "halt": false, "ok": true, "secs": 127.5, "hwm_gb": 1.66, "certs": [["results/certs/s71/31_8_5_3_1_d12_hybrid_p2147483647.json.gz", 50076], ["results/certs/s71/31_8_5_3_1_d12_hybrid_p2147483629.json.gz", 50077]]}
