      level 1: 36 prefixes
      level 2: 446 prefixes
      level 3: 3105 prefixes
      level 4: 15063 prefixes
      level 5: 51241 prefixes
      level 6: 127899 prefixes
      level 7: 232667 prefixes
      level 8: 312021 prefixes
      level 9: 345314 prefixes
      level 10: 352997 prefixes
      level 11: 353800 prefixes
      level 12: 353819 prefixes
      level 13: 353819 prefixes
      level 14: 353819 prefixes
      level 15: 353819 prefixes
      level 16: 353819 prefixes
      level 17: 353819 prefixes
      level 18: 353819 prefixes
  lam=(48, 15, 7, 1, 1): N_S=353819 |Stab|=2 n_chi=136946 (orbits dropped: 79927) [lean, 1s, HWM 0.16 GB]
    E_01: |H|=2 targets 280874 canonical rows 108484 nnz 671272 (obstructed fixed targets cancelled: 24430) [3s, HWM 0.19 GB]
    E_12: |H|=2 targets 253076 canonical rows 97103 nnz 486690 (obstructed fixed targets cancelled: 14820) [5s, HWM 0.19 GB]
    E_23: |H|=1 targets 96059 canonical rows 95924 nnz 273892 (obstructed fixed targets cancelled: 0) [6s, HWM 0.19 GB]
    E_34: |H|=1 targets 216873 canonical rows 0 nnz 0 (obstructed fixed targets cancelled: 0) [8s, HWM 0.19 GB]
  built (48, 15, 7, 1, 1) d18: N_S=353819 |Stab|=2 n_chi=136946 rows=301511 nnz=1431854 (10s: mono 2s orbits 1s rows 8s; HWM 0.19 GB)
  sieve (48, 15, 7, 1, 1) d18: cover(E) 136093/136946 by reversed (a=640, |U|=853, excess 213; {'natural': 124454, 'reversed': 136093, 'fill_asc': 102871, 'fill_desc': 102963, 'random': 79273}); cover(E_red) 118871/119670 (0.8s)
    hybrid[48_15_7_1_1d18] p=2147483647 attempt 0: |S|=136093 |U|=853 (a=640, excess 213) m=917 blocks 1x853 projected nullity 640, verified=True, rank 640 [split 0.1s trisolve 14.0s schur 7.0s null 0.7s lift 21.0s rank 3.5s]
    hybrid[48_15_7_1_1d18] p=2147483629 attempt 0: |S|=136093 |U|=853 (a=640, excess 213) m=917 blocks 1x853 projected nullity 640, verified=True, rank 640 [split 0.1s trisolve 8.3s schur 7.2s null 0.7s lift 21.2s rank 3.3s]
  RESULT (48, 15, 7, 1, 1) d18: a=640 n_chi=136946 |U|=853 mult_det=640 mult_per4=640 mult_red(star)=623 mult_red(pts)=623 i_det=0 i_red=17 i_per4=0 D=-17  (812.3s, HWM 5.48 GB)
RESULT {"lam": [48, 15, 7, 1, 1], "delta": 18, "ell": 5, "a": 640, "K": 648, "N_S": 353819, "stab": 2, "n_chi": 136946, "nrows": 301511, "nnz": 1431854, "nfixed": 39250, "build_secs": 10.1, "build_hwm_gb": 0.19, "route": "hybrid", "h_pad": 924, "seeds": {"det": 11, "red": 29, "per4": 47, "hybrid": 20260908}, "bound": 40, "primes": [2147483647, 2147483629], "n_red": 119670, "cover_E": {"size": 136093, "order": "reversed", "stats": {"natural": 124454, "reversed": 136093, "fill_asc": 102871, "fill_desc": 102963, "random": 79273}, "n_chi": 136946, "a": 640, "excess": 213, "certified_rank_lb": 136093}, "cover_Ered": {"size": 118871, "order": "reversed", "stats": {"natural": 110190, "reversed": 118871, "fill_asc": 92425, "fill_desc": 92241, "random": 71027}, "n_red": 119670, "certified": false}, "sieve_secs": 0.8, "pred_mem_x_bytes": 814931076, "primes_concurrent": false, "per_prime": {"2147483647": {"sides": {"det": {"mult": 640, "nullity": 0, "instrument": "hybrid kernel + det evaluation rows"}, "per4": {"mult": 640, "nullity": 0, "instrument": "hybrid kernel + per4 evaluation rows"}, "red_pts": {"mult": 623, "nullity": 17, "instrument": "hybrid kernel + red_pts evaluation rows"}, "red_star": {"mult": 623, "nullity": 17, "instrument": "hybrid kernel + (star)"}}, "hybrid": {"nS": 136093, "nU": 853, "excess": 213, "nnzT": 531972, "rows_other": 165418, "order": "reversed", "cover_stats": {"natural": 124454, "reversed": 136093, "fill_asc": 102871, "fill_desc": 102963, "random": 79273}, "ublock": 853, "nblocks": 1, "attempts": [{"attempt": 0, "m": 917, "nproj": 8, "projected_nullity": 640, "verified": true, "rank": 640, "secs": {"split": 0.1, "trisolve": 14.0, "schur": 7.0, "nullspace": 0.7, "lift_verify": 21.0, "rank": 3.5}}], "secs": 46.2}, "ev_secs": 263.8, "rank_secs": 107.7, "secs": 417.7, "hwm_gb": 5.48}, "2147483629": {"sides": {"det": {"mult": 640, "nullity": 0, "instrument": "hybrid kernel + det evaluation rows"}, "per4": {"mult": 640, "nullity": 0, "instrument": "hybrid kernel + per4 evaluation rows"}, "red_pts": {"mult": 623, "nullity": 17, "instrument": "hybrid kernel + red_pts evaluation rows"}, "red_star": {"mult": 623, "nullity": 17, "instrument": "hybrid kernel + (star)"}}, "hybrid": {"nS": 136093, "nU": 853, "excess": 213, "nnzT": 531972, "rows_other": 165418, "order": "reversed", "cover_stats": {"natural": 124454, "reversed": 136093, "fill_asc": 102871, "fill_desc": 102963, "random": 79273}, "ublock": 853, "nblocks": 1, "attempts": [{"attempt": 0, "m": 917, "nproj": 8, "projected_nullity": 640, "verified": true, "rank": 640, "secs": {"split": 0.1, "trisolve": 8.3, "schur": 7.2, "nullspace": 0.7, "lift_verify": 21.2, "rank": 3.3}}], "secs": 40.8}, "ev_secs": 236.8, "rank_secs": 105.8, "secs": 383.5, "hwm_gb": 5.48}}, "sides": {"det": {"mult": 640, "per_prime": {"2147483647": 640, "2147483629": 640}, "primes_agree": true, "instrument": "hybrid kernel + det evaluation rows", "status": "proved (full rank at both primes: mult = a over Q)"}, "per4": {"mult": 640, "per_prime": {"2147483647": 640, "2147483629": 640}, "primes_agree": true, "instrument": "hybrid kernel + per4 evaluation rows", "status": "proved (full rank at both primes: mult = a over Q)"}, "red_star": {"mult": 623, "per_prime": {"2147483647": 623, "2147483629": 623}, "primes_agree": true, "instrument": "hybrid kernel + (star)", "status": "measured (exact mod both primes, kernel exhibited): mult = 623"}, "red_pts": {"mult": 623, "per_prime": {"2147483647": 623, "2147483629": 623}, "primes_agree": true, "instrument": "hybrid kernel + red_pts evaluation rows", "status": "measured (exact mod both primes, kernel exhibited): mult = 623"}}, "mult_det": 640, "mult_per4": 640, "mult_red_star": 623, "mult_red_pts": 623, "mult_red": 623, "star_eq_pts": true, "i_det": 0, "i_red": 17, "i_per4": 0, "D": -17, "refute": false, "halt": false, "ok": true, "secs": 812.3, "hwm_gb": 5.48, "certs": [["results/certs/s71/48_15_7_1_1_d18_hybrid_p2147483647.json.gz", 187763], ["results/certs/s71/48_15_7_1_1_d18_hybrid_p2147483629.json.gz", 187765]]}
