      level 1: 54 prefixes
      level 2: 880 prefixes
      level 3: 6559 prefixes
      level 4: 26808 prefixes
      level 5: 60623 prefixes
      level 6: 81272 prefixes
      level 7: 85779 prefixes
      level 8: 86065 prefixes
      level 9: 86065 prefixes
      level 10: 86065 prefixes
      level 11: 86065 prefixes
      level 12: 86065 prefixes
      level 13: 86065 prefixes
  lam=(35, 10, 3, 2, 2): N_S=86065 |Stab|=2 n_chi=46847 (orbits dropped: 0) [lean, 0s, HWM 0.09 GB]
    E_01: |H|=2 targets 62069 canonical rows 33851 nnz 192998 (obstructed fixed targets cancelled: 0) [0s, HWM 0.09 GB]
    E_12: |H|=2 targets 44084 canonical rows 24226 nnz 100830 (obstructed fixed targets cancelled: 0) [1s, HWM 0.09 GB]
    E_23: |H|=1 targets 54977 canonical rows 54977 nnz 141486 (obstructed fixed targets cancelled: 0) [1s, HWM 0.09 GB]
    E_34: |H|=1 targets 65163 canonical rows 65163 nnz 123645 (obstructed fixed targets cancelled: 0) [1s, HWM 0.09 GB]
  built (35, 10, 3, 2, 2) d13: N_S=86065 |Stab|=2 n_chi=46847 rows=178217 nnz=558959 (2s: mono 0s orbits 0s rows 1s; HWM 0.09 GB)
  sieve (35, 10, 3, 2, 2) d13: cover(E) 46737/46847 by reversed (a=75, |U|=110, excess 35; {'natural': 45814, 'reversed': 46737, 'fill_asc': 42089, 'fill_desc': 41519, 'random': 36508}); cover(E_red) 34653/34730 (0.3s)
    hybrid[35_10_3_2_2d13] p=2147483629 attempt 0: |S|=46737 |U|=110 (a=75, excess 35) m=174 projected nullity 75, verified=True, rank 75 [split 0.1s trisolve 0.1s schur 0.5s null 0.0s lift 1.6s]
    hybrid[35_10_3_2_2d13] p=2147483647 attempt 0: |S|=46737 |U|=110 (a=75, excess 35) m=174 projected nullity 75, verified=True, rank 75 [split 0.1s trisolve 0.1s schur 0.5s null 0.0s lift 1.6s]
  RESULT (35, 10, 3, 2, 2) d13: a=75 n_chi=46847 |U|=110 mult_det=75 mult_per4=75 mult_red(star)=75 mult_red(pts)=75 i_det=0 i_red=0 i_per4=0 D=0  (13.4s, HWM 0.39 GB)
RESULT {"lam": [35, 10, 3, 2, 2], "delta": 13, "ell": 5, "a": 75, "K": 83, "N_S": 86065, "stab": 2, "n_chi": 46847, "nrows": 178217, "nnz": 558959, "nfixed": 0, "build_secs": 1.9, "build_hwm_gb": 0.09, "route": "hybrid", "h_pad": 208, "seeds": {"det": 11, "red": 29, "per4": 47, "hybrid": 20260908}, "bound": 40, "primes": [2147483647, 2147483629], "n_red": 34730, "cover_E": {"size": 46737, "order": "reversed", "stats": {"natural": 45814, "reversed": 46737, "fill_asc": 42089, "fill_desc": 41519, "random": 36508}, "n_chi": 46847, "a": 75, "excess": 35, "certified_rank_lb": 46737}, "cover_Ered": {"size": 34653, "order": "reversed", "stats": {"natural": 34244, "reversed": 34653, "fill_asc": 32041, "fill_desc": 31862, "random": 28030}, "n_red": 34730, "certified": false}, "sieve_secs": 0.3, "pred_mem_x_bytes": 20564280, "primes_concurrent": true, "per_prime": {"2147483647": {"sides": {"det": {"mult": 75, "nullity": 0, "instrument": "hybrid kernel + det evaluation rows"}, "per4": {"mult": 75, "nullity": 0, "instrument": "hybrid kernel + per4 evaluation rows"}, "red_pts": {"mult": 75, "nullity": 0, "instrument": "hybrid kernel + red_pts evaluation rows"}, "red_star": {"mult": 75, "nullity": 0, "instrument": "hybrid kernel + (star)"}}, "hybrid": {"nS": 46737, "nU": 110, "excess": 35, "nnzT": 105149, "rows_other": 131480, "order": "reversed", "cover_stats": {"natural": 45814, "reversed": 46737, "fill_asc": 42089, "fill_desc": 41519, "random": 36508}, "attempts": [{"attempt": 0, "m": 174, "nproj": 8, "projected_nullity": 75, "verified": true, "rank": 75, "secs": {"split": 0.1, "trisolve": 0.1, "schur": 0.5, "nullspace": 0.0, "lift_verify": 1.6}}], "secs": 2.4}, "ev_secs": 6.4, "rank_secs": 2.2, "secs": 11.1, "hwm_gb": 0.39}, "2147483629": {"sides": {"det": {"mult": 75, "nullity": 0, "instrument": "hybrid kernel + det evaluation rows"}, "per4": {"mult": 75, "nullity": 0, "instrument": "hybrid kernel + per4 evaluation rows"}, "red_pts": {"mult": 75, "nullity": 0, "instrument": "hybrid kernel + red_pts evaluation rows"}, "red_star": {"mult": 75, "nullity": 0, "instrument": "hybrid kernel + (star)"}}, "hybrid": {"nS": 46737, "nU": 110, "excess": 35, "nnzT": 105149, "rows_other": 131480, "order": "reversed", "cover_stats": {"natural": 45814, "reversed": 46737, "fill_asc": 42089, "fill_desc": 41519, "random": 36508}, "attempts": [{"attempt": 0, "m": 174, "nproj": 8, "projected_nullity": 75, "verified": true, "rank": 75, "secs": {"split": 0.1, "trisolve": 0.1, "schur": 0.5, "nullspace": 0.0, "lift_verify": 1.6}}], "secs": 2.4}, "ev_secs": 6.1, "rank_secs": 2.4, "secs": 10.9, "hwm_gb": 0.39}}, "sides": {"det": {"mult": 75, "per_prime": {"2147483647": 75, "2147483629": 75}, "primes_agree": true, "instrument": "hybrid kernel + det evaluation rows", "status": "proved (full rank at both primes: mult = a over Q)"}, "per4": {"mult": 75, "per_prime": {"2147483647": 75, "2147483629": 75}, "primes_agree": true, "instrument": "hybrid kernel + per4 evaluation rows", "status": "proved (full rank at both primes: mult = a over Q)"}, "red_star": {"mult": 75, "per_prime": {"2147483647": 75, "2147483629": 75}, "primes_agree": true, "instrument": "hybrid kernel + (star)", "status": "proved (full rank at both primes: mult = a over Q)"}, "red_pts": {"mult": 75, "per_prime": {"2147483647": 75, "2147483629": 75}, "primes_agree": true, "instrument": "hybrid kernel + red_pts evaluation rows", "status": "proved (full rank at both primes: mult = a over Q)"}}, "mult_det": 75, "mult_per4": 75, "mult_red_star": 75, "mult_red_pts": 75, "mult_red": 75, "star_eq_pts": true, "i_det": 0, "i_red": 0, "i_per4": 0, "D": 0, "refute": false, "halt": false, "ok": true, "secs": 13.4, "hwm_gb": 0.39, "certs": [["results/certs/s71/35_10_3_2_2_d13_hybrid_p2147483647.json.gz", 27370], ["results/certs/s71/35_10_3_2_2_d13_hybrid_p2147483629.json.gz", 27371]]}
