      level 1: 48 prefixes
      level 2: 862 prefixes
      level 3: 7759 prefixes
      level 4: 34936 prefixes
      level 5: 72201 prefixes
      level 6: 87742 prefixes
      level 7: 89625 prefixes
      level 8: 89664 prefixes
      level 9: 89664 prefixes
      level 10: 89664 prefixes
      level 11: 89664 prefixes
  lam=(28, 7, 5, 3, 1): N_S=89664 |Stab|=1 n_chi=89664 (orbits dropped: 0) [lean, 0s, HWM 0.09 GB]
    E_01: |H|=1 targets 55823 canonical rows 55823 nnz 322764 (obstructed fixed targets cancelled: 0) [0s, HWM 0.09 GB]
    E_12: |H|=1 targets 70486 canonical rows 70486 nnz 268907 (obstructed fixed targets cancelled: 0) [1s, HWM 0.10 GB]
    E_23: |H|=1 targets 60022 canonical rows 60022 nnz 196671 (obstructed fixed targets cancelled: 0) [1s, HWM 0.10 GB]
    E_34: |H|=1 targets 35157 canonical rows 35157 nnz 89664 (obstructed fixed targets cancelled: 0) [1s, HWM 0.10 GB]
  built (28, 7, 5, 3, 1) d11: N_S=89664 |Stab|=1 n_chi=89664 rows=221488 nnz=878006 (2s: mono 0s orbits 0s rows 1s; HWM 0.10 GB)
  sieve (28, 7, 5, 3, 1) d11: cover(E) 89378/89664 by reversed (a=83, |U|=286, excess 203; {'natural': 86670, 'reversed': 89378, 'fill_asc': 75367, 'fill_desc': 72833, 'random': 58780}); cover(E_red) 65710/65927 (0.4s)
    hybrid[28_7_5_3_1d11] p=2147483629 attempt 0: |S|=89378 |U|=286 (a=83, excess 203) m=350 blocks 1x286 projected nullity 83, verified=True, rank 83 [split 0.2s trisolve 3.7s schur 3.1s null 0.1s lift 4.2s rank 0.5s]
    hybrid[28_7_5_3_1d11] p=2147483647 attempt 0: |S|=89378 |U|=286 (a=83, excess 203) m=350 blocks 1x286 projected nullity 83, verified=True, rank 83 [split 0.2s trisolve 3.6s schur 3.3s null 0.1s lift 4.3s rank 0.5s]
  RESULT (28, 7, 5, 3, 1) d11: a=83 n_chi=89664 |U|=286 mult_det=83 mult_per4=83 mult_red(star)=83 mult_red(pts)=83 i_det=0 i_red=0 i_per4=0 D=0  (38.1s, HWM 0.71 GB)
RESULT {"lam": [28, 7, 5, 3, 1], "delta": 11, "ell": 5, "a": 83, "K": 91, "N_S": 89664, "stab": 1, "n_chi": 89664, "nrows": 221488, "nnz": 878006, "nfixed": 0, "build_secs": 1.5, "build_hwm_gb": 0.1, "route": "hybrid", "h_pad": 212, "seeds": {"det": 11, "red": 29, "per4": 47, "hybrid": 20260908}, "bound": 40, "primes": [2147483647, 2147483629], "n_red": 65927, "cover_E": {"size": 89378, "order": "reversed", "stats": {"natural": 86670, "reversed": 89378, "fill_asc": 75367, "fill_desc": 72833, "random": 58780}, "n_chi": 89664, "a": 83, "excess": 203, "certified_rank_lb": 89378}, "cover_Ered": {"size": 65710, "order": "reversed", "stats": {"natural": 64912, "reversed": 65710, "fill_asc": 58250, "fill_desc": 56292, "random": 45927}, "n_red": 65927, "certified": false}, "sieve_secs": 0.4, "pred_mem_x_bytes": 132016880, "primes_concurrent": true, "per_prime": {"2147483647": {"sides": {"det": {"mult": 83, "nullity": 0, "instrument": "hybrid kernel + det evaluation rows"}, "per4": {"mult": 83, "nullity": 0, "instrument": "hybrid kernel + per4 evaluation rows"}, "red_pts": {"mult": 83, "nullity": 0, "instrument": "hybrid kernel + red_pts evaluation rows"}, "red_star": {"mult": 83, "nullity": 0, "instrument": "hybrid kernel + (star)"}}, "hybrid": {"nS": 89378, "nU": 286, "excess": 203, "nnzT": 268241, "rows_other": 132110, "order": "reversed", "cover_stats": {"natural": 86670, "reversed": 89378, "fill_asc": 75367, "fill_desc": 72833, "random": 58780}, "ublock": 286, "nblocks": 1, "attempts": [{"attempt": 0, "m": 350, "nproj": 8, "projected_nullity": 83, "verified": true, "rank": 83, "secs": {"split": 0.2, "trisolve": 3.6, "schur": 3.3, "nullspace": 0.1, "lift_verify": 4.3, "rank": 0.5}}], "secs": 12.0}, "ev_secs": 15.0, "rank_secs": 9.0, "secs": 36.0, "hwm_gb": 0.71}, "2147483629": {"sides": {"det": {"mult": 83, "nullity": 0, "instrument": "hybrid kernel + det evaluation rows"}, "per4": {"mult": 83, "nullity": 0, "instrument": "hybrid kernel + per4 evaluation rows"}, "red_pts": {"mult": 83, "nullity": 0, "instrument": "hybrid kernel + red_pts evaluation rows"}, "red_star": {"mult": 83, "nullity": 0, "instrument": "hybrid kernel + (star)"}}, "hybrid": {"nS": 89378, "nU": 286, "excess": 203, "nnzT": 268241, "rows_other": 132110, "order": "reversed", "cover_stats": {"natural": 86670, "reversed": 89378, "fill_asc": 75367, "fill_desc": 72833, "random": 58780}, "ublock": 286, "nblocks": 1, "attempts": [{"attempt": 0, "m": 350, "nproj": 8, "projected_nullity": 83, "verified": true, "rank": 83, "secs": {"split": 0.2, "trisolve": 3.7, "schur": 3.1, "nullspace": 0.1, "lift_verify": 4.2, "rank": 0.5}}], "secs": 11.9}, "ev_secs": 14.6, "rank_secs": 8.9, "secs": 35.4, "hwm_gb": 0.71}}, "sides": {"det": {"mult": 83, "per_prime": {"2147483647": 83, "2147483629": 83}, "primes_agree": true, "instrument": "hybrid kernel + det evaluation rows", "status": "proved (full rank at both primes: mult = a over Q)"}, "per4": {"mult": 83, "per_prime": {"2147483647": 83, "2147483629": 83}, "primes_agree": true, "instrument": "hybrid kernel + per4 evaluation rows", "status": "proved (full rank at both primes: mult = a over Q)"}, "red_star": {"mult": 83, "per_prime": {"2147483647": 83, "2147483629": 83}, "primes_agree": true, "instrument": "hybrid kernel + (star)", "status": "proved (full rank at both primes: mult = a over Q)"}, "red_pts": {"mult": 83, "per_prime": {"2147483647": 83, "2147483629": 83}, "primes_agree": true, "instrument": "hybrid kernel + red_pts evaluation rows", "status": "proved (full rank at both primes: mult = a over Q)"}}, "mult_det": 83, "mult_per4": 83, "mult_red_star": 83, "mult_red_pts": 83, "mult_red": 83, "star_eq_pts": true, "i_det": 0, "i_red": 0, "i_per4": 0, "D": 0, "refute": false, "halt": false, "ok": true, "secs": 38.1, "hwm_gb": 0.71, "certs": [["results/certs/s71/28_7_5_3_1_d11_hybrid_p2147483647.json.gz", 29759], ["results/certs/s71/28_7_5_3_1_d11_hybrid_p2147483629.json.gz", 29759]]}
