      level 1: 54 prefixes
      level 2: 880 prefixes
      level 3: 6539 prefixes
      level 4: 25401 prefixes
      level 5: 50006 prefixes
      level 6: 60390 prefixes
      level 7: 61756 prefixes
      level 8: 61788 prefixes
      level 9: 61788 prefixes
      level 10: 61788 prefixes
      level 11: 61788 prefixes
      level 12: 61788 prefixes
  lam=(32, 9, 3, 2, 2): N_S=61788 |Stab|=2 n_chi=33684 (orbits dropped: 0) [lean, 0s, HWM 0.08 GB]
    E_01: |H|=2 targets 43154 canonical rows 23592 nnz 131839 (obstructed fixed targets cancelled: 0) [0s, HWM 0.08 GB]
    E_12: |H|=2 targets 32992 canonical rows 18179 nnz 72269 (obstructed fixed targets cancelled: 0) [1s, HWM 0.08 GB]
    E_23: |H|=1 targets 39549 canonical rows 39549 nnz 101380 (obstructed fixed targets cancelled: 0) [1s, HWM 0.08 GB]
    E_34: |H|=1 targets 46828 canonical rows 46828 nnz 88522 (obstructed fixed targets cancelled: 0) [1s, HWM 0.09 GB]
  built (32, 9, 3, 2, 2) d12: N_S=61788 |Stab|=2 n_chi=33684 rows=128148 nnz=394010 (1s: mono 0s orbits 0s rows 1s; HWM 0.09 GB)
  sieve (32, 9, 3, 2, 2) d12: cover(E) 33604/33684 by reversed (a=50, |U|=80, excess 30; {'natural': 32965, 'reversed': 33604, 'fill_asc': 30354, 'fill_desc': 29944, 'random': 26352}); cover(E_red) 24075/24129 (0.2s)
    hybrid[32_9_3_2_2d12] p=2147483647 attempt 0: |S|=33604 |U|=80 (a=50, excess 30) m=144 projected nullity 50, verified=True, rank 50 [split 0.0s trisolve 0.0s schur 0.3s null 0.0s lift 0.7s]
    hybrid[32_9_3_2_2d12] p=2147483629 attempt 0: |S|=33604 |U|=80 (a=50, excess 30) m=144 projected nullity 50, verified=True, rank 50 [split 0.0s trisolve 0.0s schur 0.3s null 0.0s lift 0.7s]
  RESULT (32, 9, 3, 2, 2) d12: a=50 n_chi=33684 |U|=80 mult_det=50 mult_per4=50 mult_red(star)=50 mult_red(pts)=50 i_det=0 i_red=0 i_per4=0 D=0  (6.7s, HWM 0.23 GB)
RESULT {"lam": [32, 9, 3, 2, 2], "delta": 12, "ell": 5, "a": 50, "K": 58, "N_S": 61788, "stab": 2, "n_chi": 33684, "nrows": 128148, "nnz": 394010, "nfixed": 0, "build_secs": 1.2, "build_hwm_gb": 0.09, "route": "hybrid", "h_pad": 155, "seeds": {"det": 11, "red": 29, "per4": 47, "hybrid": 20260908}, "bound": 40, "primes": [2147483647, 2147483629], "n_red": 24129, "cover_E": {"size": 33604, "order": "reversed", "stats": {"natural": 32965, "reversed": 33604, "fill_asc": 30354, "fill_desc": 29944, "random": 26352}, "n_chi": 33684, "a": 50, "excess": 30, "certified_rank_lb": 33604}, "cover_Ered": {"size": 24075, "order": "reversed", "stats": {"natural": 23835, "reversed": 24075, "fill_asc": 22396, "fill_desc": 22298, "random": 19664}, "n_red": 24129, "certified": false}, "sieve_secs": 0.2, "pred_mem_x_bytes": 10753280, "primes_concurrent": true, "per_prime": {"2147483647": {"sides": {"det": {"mult": 50, "nullity": 0, "instrument": "hybrid kernel + det evaluation rows"}, "per4": {"mult": 50, "nullity": 0, "instrument": "hybrid kernel + per4 evaluation rows"}, "red_pts": {"mult": 50, "nullity": 0, "instrument": "hybrid kernel + red_pts evaluation rows"}, "red_star": {"mult": 50, "nullity": 0, "instrument": "hybrid kernel + (star)"}}, "hybrid": {"nS": 33604, "nU": 80, "excess": 30, "nnzT": 74431, "rows_other": 94544, "order": "reversed", "cover_stats": {"natural": 32965, "reversed": 33604, "fill_asc": 30354, "fill_desc": 29944, "random": 26352}, "attempts": [{"attempt": 0, "m": 144, "nproj": 8, "projected_nullity": 50, "verified": true, "rank": 50, "secs": {"split": 0.0, "trisolve": 0.0, "schur": 0.3, "nullspace": 0.0, "lift_verify": 0.7}}], "secs": 1.1}, "ev_secs": 3.0, "rank_secs": 1.0, "secs": 5.0, "hwm_gb": 0.23}, "2147483629": {"sides": {"det": {"mult": 50, "nullity": 0, "instrument": "hybrid kernel + det evaluation rows"}, "per4": {"mult": 50, "nullity": 0, "instrument": "hybrid kernel + per4 evaluation rows"}, "red_pts": {"mult": 50, "nullity": 0, "instrument": "hybrid kernel + red_pts evaluation rows"}, "red_star": {"mult": 50, "nullity": 0, "instrument": "hybrid kernel + (star)"}}, "hybrid": {"nS": 33604, "nU": 80, "excess": 30, "nnzT": 74431, "rows_other": 94544, "order": "reversed", "cover_stats": {"natural": 32965, "reversed": 33604, "fill_asc": 30354, "fill_desc": 29944, "random": 26352}, "attempts": [{"attempt": 0, "m": 144, "nproj": 8, "projected_nullity": 50, "verified": true, "rank": 50, "secs": {"split": 0.0, "trisolve": 0.0, "schur": 0.3, "nullspace": 0.0, "lift_verify": 0.7}}], "secs": 1.2}, "ev_secs": 3.0, "rank_secs": 0.9, "secs": 5.1, "hwm_gb": 0.23}}, "sides": {"det": {"mult": 50, "per_prime": {"2147483647": 50, "2147483629": 50}, "primes_agree": true, "instrument": "hybrid kernel + det evaluation rows", "status": "proved (full rank at both primes: mult = a over Q)"}, "per4": {"mult": 50, "per_prime": {"2147483647": 50, "2147483629": 50}, "primes_agree": true, "instrument": "hybrid kernel + per4 evaluation rows", "status": "proved (full rank at both primes: mult = a over Q)"}, "red_star": {"mult": 50, "per_prime": {"2147483647": 50, "2147483629": 50}, "primes_agree": true, "instrument": "hybrid kernel + (star)", "status": "proved (full rank at both primes: mult = a over Q)"}, "red_pts": {"mult": 50, "per_prime": {"2147483647": 50, "2147483629": 50}, "primes_agree": true, "instrument": "hybrid kernel + red_pts evaluation rows", "status": "proved (full rank at both primes: mult = a over Q)"}}, "mult_det": 50, "mult_per4": 50, "mult_red_star": 50, "mult_red_pts": 50, "mult_red": 50, "star_eq_pts": true, "i_det": 0, "i_red": 0, "i_per4": 0, "D": 0, "refute": false, "halt": false, "ok": true, "secs": 6.7, "hwm_gb": 0.23, "certs": [["results/certs/s71/32_9_3_2_2_d12_hybrid_p2147483647.json.gz", 19824], ["results/certs/s71/32_9_3_2_2_d12_hybrid_p2147483629.json.gz", 19822]]}
