      level 1: 55 prefixes
      level 2: 1300 prefixes
      level 3: 15833 prefixes
      level 4: 99873 prefixes
      level 5: 281590 prefixes
      level 6: 396945 prefixes
      level 7: 418083 prefixes
      level 8: 418962 prefixes
      level 9: 418962 prefixes
  lam=(19, 5, 5, 5, 2): N_S=418962 |Stab|=6 n_chi=67339 (orbits dropped: 5036) [lean, 2s, HWM 0.14 GB]
    E_01: |H|=2 targets 223527 canonical rows 110097 nnz 631079 (obstructed fixed targets cancelled: 2612) [1s, HWM 0.16 GB]
    E_12: |H|=1 targets 377483 canonical rows 377330 nnz 1247045 (obstructed fixed targets cancelled: 0) [3s, HWM 0.20 GB]
    E_23: |H|=1 targets 377483 canonical rows 377330 nnz 1247045 (obstructed fixed targets cancelled: 0) [5s, HWM 0.22 GB]
    E_34: |H|=2 targets 205270 canonical rows 101224 nnz 340960 (obstructed fixed targets cancelled: 1175) [5s, HWM 0.22 GB]
  built (19, 5, 5, 5, 2) d9: N_S=418962 |Stab|=6 n_chi=67339 rows=965981 nnz=3466129 (8s: mono 1s orbits 2s rows 5s; HWM 0.22 GB)
  sieve (19, 5, 5, 5, 2) d9: cover(E) 67313/67339 by reversed (a=3, |U|=26, excess 23; {'natural': 64936, 'reversed': 67313, 'fill_asc': 64134, 'fill_desc': 64835, 'random': 55030}); cover(E_red) 55026/55047 (1.9s)
    hybrid[19_5_5_5_2d9] p=2147483629 attempt 0: |S|=67313 |U|=26 (a=3, excess 23) m=90 projected nullity 3, verified=True, rank 3 [split 0.1s trisolve 0.0s schur 1.3s null 0.0s lift 0.4s]
    hybrid[19_5_5_5_2d9] p=2147483647 attempt 0: |S|=67313 |U|=26 (a=3, excess 23) m=90 projected nullity 3, verified=True, rank 3 [split 0.1s trisolve 0.0s schur 1.3s null 0.0s lift 0.5s]
  RESULT (19, 5, 5, 5, 2) d9: a=3 n_chi=67339 |U|=26 mult_det=3 mult_per4=3 mult_red(star)=3 mult_red(pts)=3 i_det=0 i_red=0 i_per4=0 D=0  (15.2s, HWM 0.29 GB)
RESULT {"lam": [19, 5, 5, 5, 2], "delta": 9, "ell": 5, "a": 3, "K": 11, "N_S": 418962, "stab": 6, "n_chi": 67339, "nrows": 965981, "nnz": 3466129, "nfixed": 3787, "build_secs": 7.9, "build_hwm_gb": 0.22, "route": "hybrid", "h_pad": 14, "seeds": {"det": 11, "red": 29, "per4": 47, "hybrid": 20260908}, "bound": 40, "primes": [2147483647, 2147483629], "n_red": 55047, "cover_E": {"size": 67313, "order": "reversed", "stats": {"natural": 64936, "reversed": 67313, "fill_asc": 64134, "fill_desc": 64835, "random": 55030}, "n_chi": 67339, "a": 3, "excess": 23, "certified_rank_lb": 67313}, "cover_Ered": {"size": 55026, "order": "reversed", "stats": {"natural": 53163, "reversed": 55026, "fill_asc": 53270, "fill_desc": 53281, "random": 45895}, "n_red": 55047, "certified": false}, "sieve_secs": 1.9, "pred_mem_x_bytes": 7000552, "primes_concurrent": true, "per_prime": {"2147483647": {"sides": {"det": {"mult": 3, "nullity": 0, "instrument": "hybrid kernel + det evaluation rows"}, "per4": {"mult": 3, "nullity": 0, "instrument": "hybrid kernel + per4 evaluation rows"}, "red_pts": {"mult": 3, "nullity": 0, "instrument": "hybrid kernel + red_pts evaluation rows"}, "red_star": {"mult": 3, "nullity": 0, "instrument": "hybrid kernel + (star)"}}, "hybrid": {"nS": 67313, "nU": 26, "excess": 23, "nnzT": 160356, "rows_other": 898668, "order": "reversed", "cover_stats": {"natural": 64936, "reversed": 67313, "fill_asc": 64134, "fill_desc": 64835, "random": 55030}, "attempts": [{"attempt": 0, "m": 90, "nproj": 8, "projected_nullity": 3, "verified": true, "rank": 3, "secs": {"split": 0.1, "trisolve": 0.0, "schur": 1.3, "nullspace": 0.0, "lift_verify": 0.5}}], "secs": 2.0}, "ev_secs": 3.0, "rank_secs": 0.1, "secs": 5.1, "hwm_gb": 0.29}, "2147483629": {"sides": {"det": {"mult": 3, "nullity": 0, "instrument": "hybrid kernel + det evaluation rows"}, "per4": {"mult": 3, "nullity": 0, "instrument": "hybrid kernel + per4 evaluation rows"}, "red_pts": {"mult": 3, "nullity": 0, "instrument": "hybrid kernel + red_pts evaluation rows"}, "red_star": {"mult": 3, "nullity": 0, "instrument": "hybrid kernel + (star)"}}, "hybrid": {"nS": 67313, "nU": 26, "excess": 23, "nnzT": 160356, "rows_other": 898668, "order": "reversed", "cover_stats": {"natural": 64936, "reversed": 67313, "fill_asc": 64134, "fill_desc": 64835, "random": 55030}, "attempts": [{"attempt": 0, "m": 90, "nproj": 8, "projected_nullity": 3, "verified": true, "rank": 3, "secs": {"split": 0.1, "trisolve": 0.0, "schur": 1.3, "nullspace": 0.0, "lift_verify": 0.4}}], "secs": 1.9}, "ev_secs": 3.1, "rank_secs": 0.1, "secs": 5.1, "hwm_gb": 0.29}}, "sides": {"det": {"mult": 3, "per_prime": {"2147483647": 3, "2147483629": 3}, "primes_agree": true, "instrument": "hybrid kernel + det evaluation rows", "status": "proved (full rank at both primes: mult = a over Q)"}, "per4": {"mult": 3, "per_prime": {"2147483647": 3, "2147483629": 3}, "primes_agree": true, "instrument": "hybrid kernel + per4 evaluation rows", "status": "proved (full rank at both primes: mult = a over Q)"}, "red_star": {"mult": 3, "per_prime": {"2147483647": 3, "2147483629": 3}, "primes_agree": true, "instrument": "hybrid kernel + (star)", "status": "proved (full rank at both primes: mult = a over Q)"}, "red_pts": {"mult": 3, "per_prime": {"2147483647": 3, "2147483629": 3}, "primes_agree": true, "instrument": "hybrid kernel + red_pts evaluation rows", "status": "proved (full rank at both primes: mult = a over Q)"}}, "mult_det": 3, "mult_per4": 3, "mult_red_star": 3, "mult_red_pts": 3, "mult_red": 3, "star_eq_pts": true, "i_det": 0, "i_red": 0, "i_per4": 0, "D": 0, "refute": false, "halt": false, "ok": true, "secs": 15.2, "hwm_gb": 0.29, "certs": [["results/certs/s71/19_5_5_5_2_d9_hybrid_p2147483647.json.gz", 135148], ["results/certs/s71/19_5_5_5_2_d9_hybrid_p2147483629.json.gz", 135647]]}
