      level 1: 48 prefixes
      level 2: 718 prefixes
      level 3: 4922 prefixes
      level 4: 20831 prefixes
      level 5: 60383 prefixes
      level 6: 128132 prefixes
      level 7: 193613 prefixes
      level 8: 226410 prefixes
      level 9: 235246 prefixes
      level 10: 236288 prefixes
      level 11: 236312 prefixes
      level 12: 236312 prefixes
      level 13: 236312 prefixes
      level 14: 236312 prefixes
      level 15: 236312 prefixes
      level 16: 236312 prefixes
      level 17: 236312 prefixes
  lam=(46, 15, 3, 3, 1): N_S=236312 |Stab|=2 n_chi=113026 (orbits dropped: 10260) [lean, 0s, HWM 0.14 GB]
    E_01: |H|=2 targets 190033 canonical rows 90819 nnz 554571 (obstructed fixed targets cancelled: 6024) [2s, HWM 0.15 GB]
    E_12: |H|=1 targets 105693 canonical rows 105693 nnz 494848 (obstructed fixed targets cancelled: 0) [3s, HWM 0.15 GB]
    E_23: |H|=1 targets 198708 canonical rows 196058 nnz 452483 (obstructed fixed targets cancelled: 0) [5s, HWM 0.18 GB]
    E_34: |H|=1 targets 92833 canonical rows 92774 nnz 226052 (obstructed fixed targets cancelled: 0) [5s, HWM 0.18 GB]
  built (46, 15, 3, 3, 1) d17: N_S=236312 |Stab|=2 n_chi=113026 rows=485344 nnz=1727954 (7s: mono 1s orbits 0s rows 5s; HWM 0.18 GB)
  sieve (46, 15, 3, 3, 1) d17: cover(E) 112805/113026 by reversed (a=181, |U|=221, excess 40; {'natural': 107974, 'reversed': 112805, 'fill_asc': 100152, 'fill_desc': 101809, 'random': 87831}); cover(E_red) 94116/94311 (0.9s)
    hybrid[46_15_3_3_1d17] p=2147483647 attempt 0: |S|=112805 |U|=221 (a=181, excess 40) m=285 blocks 1x221 projected nullity 181, verified=True, rank 181 [split 0.2s trisolve 3.8s schur 5.9s null 0.1s lift 17.0s rank 1.5s]
    hybrid[46_15_3_3_1d17] p=2147483629 attempt 0: |S|=112805 |U|=221 (a=181, excess 40) m=285 blocks 1x221 projected nullity 181, verified=True, rank 181 [split 0.2s trisolve 3.6s schur 6.0s null 0.1s lift 18.2s rank 1.5s]
  RESULT (46, 15, 3, 3, 1) d17: a=181 n_chi=113026 |U|=221 mult_det=181 mult_per4=181 mult_red(star)=180 mult_red(pts)=180 i_det=0 i_red=1 i_per4=0 D=-1  (197.1s, HWM 1.54 GB)
RESULT {"lam": [46, 15, 3, 3, 1], "delta": 17, "ell": 5, "a": 181, "K": 189, "N_S": 236312, "stab": 2, "n_chi": 113026, "nrows": 485344, "nnz": 1727954, "nfixed": 6024, "build_secs": 6.8, "build_hwm_gb": 0.18, "route": "hybrid", "h_pad": 368, "seeds": {"det": 11, "red": 29, "per4": 47, "hybrid": 20260908}, "bound": 40, "primes": [2147483647, 2147483629], "n_red": 94311, "cover_E": {"size": 112805, "order": "reversed", "stats": {"natural": 107974, "reversed": 112805, "fill_asc": 100152, "fill_desc": 101809, "random": 87831}, "n_chi": 113026, "a": 181, "excess": 40, "certified_rank_lb": 112805}, "cover_Ered": {"size": 94116, "order": "reversed", "stats": {"natural": 90654, "reversed": 94116, "fill_asc": 84652, "fill_desc": 85818, "random": 73933}, "n_red": 94311, "certified": false}, "sieve_secs": 0.9, "pred_mem_x_bytes": 181550444, "primes_concurrent": true, "per_prime": {"2147483647": {"sides": {"det": {"mult": 181, "nullity": 0, "instrument": "hybrid kernel + det evaluation rows"}, "per4": {"mult": 181, "nullity": 0, "instrument": "hybrid kernel + per4 evaluation rows"}, "red_pts": {"mult": 180, "nullity": 1, "instrument": "hybrid kernel + red_pts evaluation rows"}, "red_star": {"mult": 180, "nullity": 1, "instrument": "hybrid kernel + (star)"}}, "hybrid": {"nS": 112805, "nU": 221, "excess": 40, "nnzT": 273966, "rows_other": 372539, "order": "reversed", "cover_stats": {"natural": 107974, "reversed": 112805, "fill_asc": 100152, "fill_desc": 101809, "random": 87831}, "ublock": 221, "nblocks": 1, "attempts": [{"attempt": 0, "m": 285, "nproj": 8, "projected_nullity": 181, "verified": true, "rank": 181, "secs": {"split": 0.2, "trisolve": 3.8, "schur": 5.9, "nullspace": 0.1, "lift_verify": 17.0, "rank": 1.5}}], "secs": 28.6}, "ev_secs": 123.4, "rank_secs": 37.0, "secs": 189.0, "hwm_gb": 1.54}, "2147483629": {"sides": {"det": {"mult": 181, "nullity": 0, "instrument": "hybrid kernel + det evaluation rows"}, "per4": {"mult": 181, "nullity": 0, "instrument": "hybrid kernel + per4 evaluation rows"}, "red_pts": {"mult": 180, "nullity": 1, "instrument": "hybrid kernel + red_pts evaluation rows"}, "red_star": {"mult": 180, "nullity": 1, "instrument": "hybrid kernel + (star)"}}, "hybrid": {"nS": 112805, "nU": 221, "excess": 40, "nnzT": 273966, "rows_other": 372539, "order": "reversed", "cover_stats": {"natural": 107974, "reversed": 112805, "fill_asc": 100152, "fill_desc": 101809, "random": 87831}, "ublock": 221, "nblocks": 1, "attempts": [{"attempt": 0, "m": 285, "nproj": 8, "projected_nullity": 181, "verified": true, "rank": 181, "secs": {"split": 0.2, "trisolve": 3.6, "schur": 6.0, "nullspace": 0.1, "lift_verify": 18.2, "rank": 1.5}}], "secs": 29.9}, "ev_secs": 122.8, "rank_secs": 36.5, "secs": 189.2, "hwm_gb": 1.54}}, "sides": {"det": {"mult": 181, "per_prime": {"2147483647": 181, "2147483629": 181}, "primes_agree": true, "instrument": "hybrid kernel + det evaluation rows", "status": "proved (full rank at both primes: mult = a over Q)"}, "per4": {"mult": 181, "per_prime": {"2147483647": 181, "2147483629": 181}, "primes_agree": true, "instrument": "hybrid kernel + per4 evaluation rows", "status": "proved (full rank at both primes: mult = a over Q)"}, "red_star": {"mult": 180, "per_prime": {"2147483647": 180, "2147483629": 180}, "primes_agree": true, "instrument": "hybrid kernel + (star)", "status": "measured (exact mod both primes, kernel exhibited): mult = 180"}, "red_pts": {"mult": 180, "per_prime": {"2147483647": 180, "2147483629": 180}, "primes_agree": true, "instrument": "hybrid kernel + red_pts evaluation rows", "status": "measured (exact mod both primes, kernel exhibited): mult = 180"}}, "mult_det": 181, "mult_per4": 181, "mult_red_star": 180, "mult_red_pts": 180, "mult_red": 180, "star_eq_pts": true, "i_det": 0, "i_red": 1, "i_per4": 0, "D": -1, "refute": false, "halt": false, "ok": true, "secs": 197.1, "hwm_gb": 1.54, "certs": [["results/certs/s71/46_15_3_3_1_d17_hybrid_p2147483647.json.gz", 57772], ["results/certs/s71/46_15_3_3_1_d17_hybrid_p2147483629.json.gz", 57771]]}
