      level 1: 54 prefixes
      level 2: 1062 prefixes
      level 3: 10122 prefixes
      level 4: 51351 prefixes
      level 5: 127294 prefixes
      level 6: 173983 prefixes
      level 7: 183343 prefixes
      level 8: 183850 prefixes
      level 9: 183850 prefixes
      level 10: 183850 prefixes
      level 11: 183850 prefixes
      level 12: 183850 prefixes
  lam=(31, 8, 5, 2, 2): N_S=183850 |Stab|=2 n_chi=99251 (orbits dropped: 0) [lean, 0s, HWM 0.11 GB]
    E_01: |H|=2 targets 119869 canonical rows 64889 nnz 380712 (obstructed fixed targets cancelled: 0) [1s, HWM 0.11 GB]
    E_12: |H|=2 targets 136526 canonical rows 73958 nnz 296821 (obstructed fixed targets cancelled: 0) [2s, HWM 0.12 GB]
    E_23: |H|=1 targets 92555 canonical rows 92555 nnz 305372 (obstructed fixed targets cancelled: 0) [2s, HWM 0.12 GB]
    E_34: |H|=1 targets 138632 canonical rows 138632 nnz 267823 (obstructed fixed targets cancelled: 0) [3s, HWM 0.14 GB]
  built (31, 8, 5, 2, 2) d12: N_S=183850 |Stab|=2 n_chi=99251 rows=370034 nnz=1250728 (4s: mono 1s orbits 0s rows 3s; HWM 0.14 GB)
  sieve (31, 8, 5, 2, 2) d12: cover(E) 98982/99251 by reversed (a=133, |U|=269, excess 136; {'natural': 96599, 'reversed': 98982, 'fill_asc': 87548, 'fill_desc': 87356, 'random': 72304}); cover(E_red) 74881/75077 (0.6s)
    hybrid[31_8_5_2_2d12] p=2147483629 attempt 0: |S|=98982 |U|=269 (a=133, excess 136) m=333 blocks 1x269 projected nullity 133, verified=True, rank 133 [split 0.2s trisolve 5.6s schur 5.2s null 0.1s lift 9.4s rank 1.1s]
    hybrid[31_8_5_2_2d12] p=2147483647 attempt 0: |S|=98982 |U|=269 (a=133, excess 136) m=333 blocks 1x269 projected nullity 133, verified=True, rank 133 [split 0.2s trisolve 5.6s schur 5.3s null 0.1s lift 9.6s rank 1.0s]
  RESULT (31, 8, 5, 2, 2) d12: a=133 n_chi=99251 |U|=269 mult_det=133 mult_per4=133 mult_red(star)=133 mult_red(pts)=133 i_det=0 i_red=0 i_per4=0 D=0  (93.2s, HWM 1.11 GB)
RESULT {"lam": [31, 8, 5, 2, 2], "delta": 12, "ell": 5, "a": 133, "K": 141, "N_S": 183850, "stab": 2, "n_chi": 99251, "nrows": 370034, "nnz": 1250728, "nfixed": 0, "build_secs": 3.9, "build_hwm_gb": 0.14, "route": "hybrid", "h_pad": 344, "seeds": {"det": 11, "red": 29, "per4": 47, "hybrid": 20260908}, "bound": 40, "primes": [2147483647, 2147483629], "n_red": 75077, "cover_E": {"size": 98982, "order": "reversed", "stats": {"natural": 96599, "reversed": 98982, "fill_asc": 87548, "fill_desc": 87356, "random": 72304}, "n_chi": 99251, "a": 133, "excess": 136, "certified_rank_lb": 98982}, "cover_Ered": {"size": 74881, "order": "reversed", "stats": {"natural": 73950, "reversed": 74881, "fill_asc": 68205, "fill_desc": 68018, "random": 57020}, "n_red": 75077, "certified": false}, "sieve_secs": 0.6, "pred_mem_x_bytes": 159306164, "primes_concurrent": true, "per_prime": {"2147483647": {"sides": {"det": {"mult": 133, "nullity": 0, "instrument": "hybrid kernel + det evaluation rows"}, "per4": {"mult": 133, "nullity": 0, "instrument": "hybrid kernel + per4 evaluation rows"}, "red_pts": {"mult": 133, "nullity": 0, "instrument": "hybrid kernel + red_pts evaluation rows"}, "red_star": {"mult": 133, "nullity": 0, "instrument": "hybrid kernel + (star)"}}, "hybrid": {"nS": 98982, "nU": 269, "excess": 136, "nnzT": 251840, "rows_other": 271052, "order": "reversed", "cover_stats": {"natural": 96599, "reversed": 98982, "fill_asc": 87548, "fill_desc": 87356, "random": 72304}, "ublock": 269, "nblocks": 1, "attempts": [{"attempt": 0, "m": 333, "nproj": 8, "projected_nullity": 133, "verified": true, "rank": 133, "secs": {"split": 0.2, "trisolve": 5.6, "schur": 5.3, "nullspace": 0.1, "lift_verify": 9.6, "rank": 1.0}}], "secs": 21.9}, "ev_secs": 44.2, "rank_secs": 22.0, "secs": 88.0, "hwm_gb": 1.11}, "2147483629": {"sides": {"det": {"mult": 133, "nullity": 0, "instrument": "hybrid kernel + det evaluation rows"}, "per4": {"mult": 133, "nullity": 0, "instrument": "hybrid kernel + per4 evaluation rows"}, "red_pts": {"mult": 133, "nullity": 0, "instrument": "hybrid kernel + red_pts evaluation rows"}, "red_star": {"mult": 133, "nullity": 0, "instrument": "hybrid kernel + (star)"}}, "hybrid": {"nS": 98982, "nU": 269, "excess": 136, "nnzT": 251840, "rows_other": 271052, "order": "reversed", "cover_stats": {"natural": 96599, "reversed": 98982, "fill_asc": 87548, "fill_desc": 87356, "random": 72304}, "ublock": 269, "nblocks": 1, "attempts": [{"attempt": 0, "m": 333, "nproj": 8, "projected_nullity": 133, "verified": true, "rank": 133, "secs": {"split": 0.2, "trisolve": 5.6, "schur": 5.2, "nullspace": 0.1, "lift_verify": 9.4, "rank": 1.1}}], "secs": 21.8}, "ev_secs": 44.3, "rank_secs": 22.3, "secs": 88.4, "hwm_gb": 1.11}}, "sides": {"det": {"mult": 133, "per_prime": {"2147483647": 133, "2147483629": 133}, "primes_agree": true, "instrument": "hybrid kernel + det evaluation rows", "status": "proved (full rank at both primes: mult = a over Q)"}, "per4": {"mult": 133, "per_prime": {"2147483647": 133, "2147483629": 133}, "primes_agree": true, "instrument": "hybrid kernel + per4 evaluation rows", "status": "proved (full rank at both primes: mult = a over Q)"}, "red_star": {"mult": 133, "per_prime": {"2147483647": 133, "2147483629": 133}, "primes_agree": true, "instrument": "hybrid kernel + (star)", "status": "proved (full rank at both primes: mult = a over Q)"}, "red_pts": {"mult": 133, "per_prime": {"2147483647": 133, "2147483629": 133}, "primes_agree": true, "instrument": "hybrid kernel + red_pts evaluation rows", "status": "proved (full rank at both primes: mult = a over Q)"}}, "mult_det": 133, "mult_per4": 133, "mult_red_star": 133, "mult_red_pts": 133, "mult_red": 133, "star_eq_pts": true, "i_det": 0, "i_red": 0, "i_per4": 0, "D": 0, "refute": false, "halt": false, "ok": true, "secs": 93.2, "hwm_gb": 1.11, "certs": [["results/certs/s71/31_8_5_2_2_d12_hybrid_p2147483647.json.gz", 43416], ["results/certs/s71/31_8_5_2_2_d12_hybrid_p2147483629.json.gz", 43416]]}
