      level 1: 44 prefixes
      level 2: 686 prefixes
      level 3: 6066 prefixes
      level 4: 34052 prefixes
      level 5: 109466 prefixes
      level 6: 195098 prefixes
      level 7: 232825 prefixes
      level 8: 239337 prefixes
      level 9: 239694 prefixes
      level 10: 239694 prefixes
      level 11: 239694 prefixes
      level 12: 239694 prefixes
      level 13: 239694 prefixes
  lam=(33, 8, 8, 2, 1): N_S=239694 |Stab|=2 n_chi=120689 (orbits dropped: 0) [lean, 0s, HWM 0.14 GB]
    E_01: |H|=1 targets 153635 canonical rows 153635 nnz 937142 (obstructed fixed targets cancelled: 0) [1s, HWM 0.15 GB]
    E_12: |H|=1 targets 226774 canonical rows 226774 nnz 933029 (obstructed fixed targets cancelled: 0) [3s, HWM 0.17 GB]
    E_23: |H|=1 targets 98706 canonical rows 98706 nnz 398453 (obstructed fixed targets cancelled: 0) [4s, HWM 0.17 GB]
    E_34: |H|=2 targets 110258 canonical rows 55712 nnz 120689 (obstructed fixed targets cancelled: 0) [4s, HWM 0.17 GB]
  built (33, 8, 8, 2, 1) d13: N_S=239694 |Stab|=2 n_chi=120689 rows=534827 nnz=2389313 (6s: mono 1s orbits 0s rows 4s; HWM 0.17 GB)
  sieve (33, 8, 8, 2, 1) d13: cover(E) 120450/120689 by reversed (a=123, |U|=239, excess 116; {'natural': 114229, 'reversed': 120450, 'fill_asc': 108335, 'fill_desc': 106501, 'random': 84186}); cover(E_red) 97440/97647 (1.2s)
    hybrid[33_8_8_2_1d13] p=2147483629 attempt 0: |S|=120450 |U|=239 (a=123, excess 116) m=303 blocks 1x239 projected nullity 123, verified=True, rank 123 [split 0.3s trisolve 4.7s schur 9.8s null 0.1s lift 15.3s rank 0.9s]
    hybrid[33_8_8_2_1d13] p=2147483647 attempt 0: |S|=120450 |U|=239 (a=123, excess 116) m=303 blocks 1x239 projected nullity 123, verified=True, rank 123 [split 0.3s trisolve 4.7s schur 9.6s null 0.1s lift 15.1s rank 1.5s]
  RESULT (33, 8, 8, 2, 1) d13: a=123 n_chi=120689 |U|=239 mult_det=123 mult_per4=123 mult_red(star)=122 mult_red(pts)=122 i_det=0 i_red=1 i_per4=0 D=-1  (136.7s, HWM 1.28 GB)
RESULT {"lam": [33, 8, 8, 2, 1], "delta": 13, "ell": 5, "a": 123, "K": 131, "N_S": 239694, "stab": 2, "n_chi": 120689, "nrows": 534827, "nnz": 2389313, "nfixed": 0, "build_secs": 5.8, "build_hwm_gb": 0.17, "route": "hybrid", "h_pad": 236, "seeds": {"det": 11, "red": 29, "per4": 47, "hybrid": 20260908}, "bound": 40, "primes": [2147483647, 2147483629], "n_red": 97647, "cover_E": {"size": 120450, "order": "reversed", "stats": {"natural": 114229, "reversed": 120450, "fill_asc": 108335, "fill_desc": 106501, "random": 84186}, "n_chi": 120689, "a": 123, "excess": 116, "certified_rank_lb": 120450}, "cover_Ered": {"size": 97440, "order": "reversed", "stats": {"natural": 93588, "reversed": 97440, "fill_asc": 90442, "fill_desc": 88335, "random": 70998}, "n_red": 97647, "certified": false}, "sieve_secs": 1.2, "pred_mem_x_bytes": 174529188, "primes_concurrent": true, "per_prime": {"2147483647": {"sides": {"det": {"mult": 123, "nullity": 0, "instrument": "hybrid kernel + det evaluation rows"}, "per4": {"mult": 123, "nullity": 0, "instrument": "hybrid kernel + per4 evaluation rows"}, "red_pts": {"mult": 122, "nullity": 1, "instrument": "hybrid kernel + red_pts evaluation rows"}, "red_star": {"mult": 122, "nullity": 1, "instrument": "hybrid kernel + (star)"}}, "hybrid": {"nS": 120450, "nU": 239, "excess": 116, "nnzT": 351193, "rows_other": 414377, "order": "reversed", "cover_stats": {"natural": 114229, "reversed": 120450, "fill_asc": 108335, "fill_desc": 106501, "random": 84186}, "ublock": 239, "nblocks": 1, "attempts": [{"attempt": 0, "m": 303, "nproj": 8, "projected_nullity": 123, "verified": true, "rank": 123, "secs": {"split": 0.3, "trisolve": 4.7, "schur": 9.6, "nullspace": 0.1, "lift_verify": 15.1, "rank": 1.5}}], "secs": 31.6}, "ev_secs": 71.5, "rank_secs": 26.4, "secs": 129.5, "hwm_gb": 1.28}, "2147483629": {"sides": {"det": {"mult": 123, "nullity": 0, "instrument": "hybrid kernel + det evaluation rows"}, "per4": {"mult": 123, "nullity": 0, "instrument": "hybrid kernel + per4 evaluation rows"}, "red_pts": {"mult": 122, "nullity": 1, "instrument": "hybrid kernel + red_pts evaluation rows"}, "red_star": {"mult": 122, "nullity": 1, "instrument": "hybrid kernel + (star)"}}, "hybrid": {"nS": 120450, "nU": 239, "excess": 116, "nnzT": 351193, "rows_other": 414377, "order": "reversed", "cover_stats": {"natural": 114229, "reversed": 120450, "fill_asc": 108335, "fill_desc": 106501, "random": 84186}, "ublock": 239, "nblocks": 1, "attempts": [{"attempt": 0, "m": 303, "nproj": 8, "projected_nullity": 123, "verified": true, "rank": 123, "secs": {"split": 0.3, "trisolve": 4.7, "schur": 9.8, "nullspace": 0.1, "lift_verify": 15.3, "rank": 0.9}}], "secs": 31.5}, "ev_secs": 71.0, "rank_secs": 26.7, "secs": 129.2, "hwm_gb": 1.28}}, "sides": {"det": {"mult": 123, "per_prime": {"2147483647": 123, "2147483629": 123}, "primes_agree": true, "instrument": "hybrid kernel + det evaluation rows", "status": "proved (full rank at both primes: mult = a over Q)"}, "per4": {"mult": 123, "per_prime": {"2147483647": 123, "2147483629": 123}, "primes_agree": true, "instrument": "hybrid kernel + per4 evaluation rows", "status": "proved (full rank at both primes: mult = a over Q)"}, "red_star": {"mult": 122, "per_prime": {"2147483647": 122, "2147483629": 122}, "primes_agree": true, "instrument": "hybrid kernel + (star)", "status": "measured (exact mod both primes, kernel exhibited): mult = 122"}, "red_pts": {"mult": 122, "per_prime": {"2147483647": 122, "2147483629": 122}, "primes_agree": true, "instrument": "hybrid kernel + red_pts evaluation rows", "status": "measured (exact mod both primes, kernel exhibited): mult = 122"}}, "mult_det": 123, "mult_per4": 123, "mult_red_star": 122, "mult_red_pts": 122, "mult_red": 122, "star_eq_pts": true, "i_det": 0, "i_red": 1, "i_per4": 0, "D": -1, "refute": false, "halt": false, "ok": true, "secs": 136.7, "hwm_gb": 1.28, "certs": [["results/certs/s71/33_8_8_2_1_d13_hybrid_p2147483647.json.gz", 40364], ["results/certs/s71/33_8_8_2_1_d13_hybrid_p2147483629.json.gz", 40364]]}
