      level 1: 48 prefixes
      level 2: 937 prefixes
      level 3: 9209 prefixes
      level 4: 44633 prefixes
      level 5: 95347 prefixes
      level 6: 116613 prefixes
      level 7: 119159 prefixes
      level 8: 119210 prefixes
      level 9: 119210 prefixes
      level 10: 119210 prefixes
  lam=(24, 6, 5, 4, 1): N_S=119210 |Stab|=1 n_chi=119210 (orbits dropped: 0) [lean, 0s, HWM 0.10 GB]
    E_01: |H|=1 targets 69092 canonical rows 69092 nnz 400068 (obstructed fixed targets cancelled: 0) [0s, HWM 0.10 GB]
    E_12: |H|=1 targets 99480 canonical rows 99480 nnz 361219 (obstructed fixed targets cancelled: 0) [1s, HWM 0.11 GB]
    E_23: |H|=1 targets 94438 canonical rows 94438 nnz 315238 (obstructed fixed targets cancelled: 0) [1s, HWM 0.11 GB]
    E_34: |H|=1 targets 40510 canonical rows 40510 nnz 119210 (obstructed fixed targets cancelled: 0) [2s, HWM 0.11 GB]
  built (24, 6, 5, 4, 1) d10: N_S=119210 |Stab|=1 n_chi=119210 rows=303520 nnz=1195735 (2s: mono 0s orbits 0s rows 2s; HWM 0.11 GB)
  sieve (24, 6, 5, 4, 1) d10: cover(E) 118856/119210 by reversed (a=45, |U|=354, excess 309; {'natural': 115699, 'reversed': 118856, 'fill_asc': 100185, 'fill_desc': 96491, 'random': 77393}); cover(E_red) 88870/89139 (0.6s)
    hybrid[24_6_5_4_1d10] p=2147483647 attempt 0: |S|=118856 |U|=354 (a=45, excess 309) m=418 blocks 1x354 projected nullity 45, verified=True, rank 45 [split 0.3s trisolve 7.6s schur 5.6s null 0.2s lift 4.6s rank 0.5s]
    hybrid[24_6_5_4_1d10] p=2147483629 attempt 0: |S|=118856 |U|=354 (a=45, excess 309) m=418 blocks 1x354 projected nullity 45, verified=True, rank 45 [split 0.3s trisolve 7.7s schur 6.0s null 0.2s lift 4.4s rank 0.5s]
  RESULT (24, 6, 5, 4, 1) d10: a=45 n_chi=119210 |U|=354 mult_det=45 mult_per4=45 mult_red(star)=45 mult_red(pts)=45 i_det=0 i_red=0 i_per4=0 D=0  (39.2s, HWM 0.74 GB)
RESULT {"lam": [24, 6, 5, 4, 1], "delta": 10, "ell": 5, "a": 45, "K": 53, "N_S": 119210, "stab": 1, "n_chi": 119210, "nrows": 303520, "nnz": 1195735, "nfixed": 0, "build_secs": 2.0, "build_hwm_gb": 0.11, "route": "hybrid", "h_pad": 120, "seeds": {"det": 11, "red": 29, "per4": 47, "hybrid": 20260908}, "bound": 40, "primes": [2147483647, 2147483629], "n_red": 89139, "cover_E": {"size": 118856, "order": "reversed", "stats": {"natural": 115699, "reversed": 118856, "fill_asc": 100185, "fill_desc": 96491, "random": 77393}, "n_chi": 119210, "a": 45, "excess": 309, "certified_rank_lb": 118856}, "cover_Ered": {"size": 88870, "order": "reversed", "stats": {"natural": 88058, "reversed": 88870, "fill_asc": 78642, "fill_desc": 75455, "random": 61413}, "n_red": 89139, "certified": false}, "sieve_secs": 0.6, "pred_mem_x_bytes": 189757896, "primes_concurrent": true, "per_prime": {"2147483647": {"sides": {"det": {"mult": 45, "nullity": 0, "instrument": "hybrid kernel + det evaluation rows"}, "per4": {"mult": 45, "nullity": 0, "instrument": "hybrid kernel + per4 evaluation rows"}, "red_pts": {"mult": 45, "nullity": 0, "instrument": "hybrid kernel + red_pts evaluation rows"}, "red_star": {"mult": 45, "nullity": 0, "instrument": "hybrid kernel + (star)"}}, "hybrid": {"nS": 118856, "nU": 354, "excess": 309, "nnzT": 365938, "rows_other": 184664, "order": "reversed", "cover_stats": {"natural": 115699, "reversed": 118856, "fill_asc": 100185, "fill_desc": 96491, "random": 77393}, "ublock": 354, "nblocks": 1, "attempts": [{"attempt": 0, "m": 418, "nproj": 8, "projected_nullity": 45, "verified": true, "rank": 45, "secs": {"split": 0.3, "trisolve": 7.6, "schur": 5.6, "nullspace": 0.2, "lift_verify": 4.6, "rank": 0.5}}], "secs": 18.8}, "ev_secs": 10.5, "rank_secs": 7.0, "secs": 36.2, "hwm_gb": 0.74}, "2147483629": {"sides": {"det": {"mult": 45, "nullity": 0, "instrument": "hybrid kernel + det evaluation rows"}, "per4": {"mult": 45, "nullity": 0, "instrument": "hybrid kernel + per4 evaluation rows"}, "red_pts": {"mult": 45, "nullity": 0, "instrument": "hybrid kernel + red_pts evaluation rows"}, "red_star": {"mult": 45, "nullity": 0, "instrument": "hybrid kernel + (star)"}}, "hybrid": {"nS": 118856, "nU": 354, "excess": 309, "nnzT": 365938, "rows_other": 184664, "order": "reversed", "cover_stats": {"natural": 115699, "reversed": 118856, "fill_asc": 100185, "fill_desc": 96491, "random": 77393}, "ublock": 354, "nblocks": 1, "attempts": [{"attempt": 0, "m": 418, "nproj": 8, "projected_nullity": 45, "verified": true, "rank": 45, "secs": {"split": 0.3, "trisolve": 7.7, "schur": 6.0, "nullspace": 0.2, "lift_verify": 4.4, "rank": 0.5}}], "secs": 19.2}, "ev_secs": 11.1, "rank_secs": 6.2, "secs": 36.5, "hwm_gb": 0.74}}, "sides": {"det": {"mult": 45, "per_prime": {"2147483647": 45, "2147483629": 45}, "primes_agree": true, "instrument": "hybrid kernel + det evaluation rows", "status": "proved (full rank at both primes: mult = a over Q)"}, "per4": {"mult": 45, "per_prime": {"2147483647": 45, "2147483629": 45}, "primes_agree": true, "instrument": "hybrid kernel + per4 evaluation rows", "status": "proved (full rank at both primes: mult = a over Q)"}, "red_star": {"mult": 45, "per_prime": {"2147483647": 45, "2147483629": 45}, "primes_agree": true, "instrument": "hybrid kernel + (star)", "status": "proved (full rank at both primes: mult = a over Q)"}, "red_pts": {"mult": 45, "per_prime": {"2147483647": 45, "2147483629": 45}, "primes_agree": true, "instrument": "hybrid kernel + red_pts evaluation rows", "status": "proved (full rank at both primes: mult = a over Q)"}}, "mult_det": 45, "mult_per4": 45, "mult_red_star": 45, "mult_red_pts": 45, "mult_red": 45, "star_eq_pts": true, "i_det": 0, "i_red": 0, "i_per4": 0, "D": 0, "refute": false, "halt": false, "ok": true, "secs": 39.2, "hwm_gb": 0.74, "certs": [["results/certs/s71/24_6_5_4_1_d10_hybrid_p2147483647.json.gz", 18324], ["results/certs/s71/24_6_5_4_1_d10_hybrid_p2147483629.json.gz", 18325]]}
