      level 1: 35 prefixes
      level 2: 441 prefixes
      level 3: 2870 prefixes
      level 4: 12511 prefixes
      level 5: 35060 prefixes
      level 6: 59552 prefixes
      level 7: 70800 prefixes
      level 8: 72998 prefixes
      level 9: 73138 prefixes
      level 10: 73138 prefixes
      level 11: 73138 prefixes
      level 12: 73138 prefixes
      level 13: 73138 prefixes
  lam=(33, 11, 6, 1, 1): N_S=73138 |Stab|=2 n_chi=27825 (orbits dropped: 17488) [lean, 0s, HWM 0.09 GB]
    E_01: |H|=2 targets 54448 canonical rows 20591 nnz 117766 (obstructed fixed targets cancelled: 4997) [0s, HWM 0.09 GB]
    E_12: |H|=2 targets 53579 canonical rows 20238 nnz 89204 (obstructed fixed targets cancelled: 2921) [1s, HWM 0.09 GB]
    E_23: |H|=1 targets 21622 canonical rows 21542 nnz 55650 (obstructed fixed targets cancelled: 0) [1s, HWM 0.09 GB]
    E_34: |H|=1 targets 45313 canonical rows 0 nnz 0 (obstructed fixed targets cancelled: 0) [1s, HWM 0.09 GB]
  built (33, 11, 6, 1, 1) d13: N_S=73138 |Stab|=2 n_chi=27825 rows=62371 nnz=262620 (1s: mono 0s orbits 0s rows 1s; HWM 0.09 GB)
  sieve (33, 11, 6, 1, 1) d13: cover(E) 27636/27825 by reversed (a=131, |U|=189, excess 58; {'natural': 25638, 'reversed': 27636, 'fill_asc': 21266, 'fill_desc': 21276, 'random': 17273}); cover(E_red) 22390/22557 (0.1s)
    hybrid[33_11_6_1_1d13] p=2147483629 attempt 0: |S|=27636 |U|=189 (a=131, excess 58) m=253 projected nullity 131, verified=True, rank 131 [split 0.1s trisolve 0.1s schur 0.3s null 0.0s lift 0.9s]
    hybrid[33_11_6_1_1d13] p=2147483647 attempt 0: |S|=27636 |U|=189 (a=131, excess 58) m=253 projected nullity 131, verified=True, rank 131 [split 0.1s trisolve 0.1s schur 0.3s null 0.0s lift 1.1s]
  RESULT (33, 11, 6, 1, 1) d13: a=131 n_chi=27825 |U|=189 mult_det=131 mult_per4=131 mult_red(star)=131 mult_red(pts)=131 i_det=0 i_red=0 i_per4=0 D=0  (13.0s, HWM 0.38 GB)
RESULT {"lam": [33, 11, 6, 1, 1], "delta": 13, "ell": 5, "a": 131, "K": 139, "N_S": 73138, "stab": 2, "n_chi": 27825, "nrows": 62371, "nnz": 262620, "nfixed": 7918, "build_secs": 1.3, "build_hwm_gb": 0.09, "route": "hybrid", "h_pad": 253, "seeds": {"det": 11, "red": 29, "per4": 47, "hybrid": 20260908}, "bound": 40, "primes": [2147483647, 2147483629], "n_red": 22557, "cover_E": {"size": 27636, "order": "reversed", "stats": {"natural": 25638, "reversed": 27636, "fill_asc": 21266, "fill_desc": 21276, "random": 17273}, "n_chi": 27825, "a": 131, "excess": 58, "certified_rank_lb": 27636}, "cover_Ered": {"size": 22390, "order": "reversed", "stats": {"natural": 21202, "reversed": 22390, "fill_asc": 18017, "fill_desc": 17977, "random": 14576}, "n_red": 22557, "certified": false}, "sieve_secs": 0.1, "pred_mem_x_bytes": 20892816, "primes_concurrent": true, "per_prime": {"2147483647": {"sides": {"det": {"mult": 131, "nullity": 0, "instrument": "hybrid kernel + det evaluation rows"}, "per4": {"mult": 131, "nullity": 0, "instrument": "hybrid kernel + per4 evaluation rows"}, "red_pts": {"mult": 131, "nullity": 0, "instrument": "hybrid kernel + red_pts evaluation rows"}, "red_star": {"mult": 131, "nullity": 0, "instrument": "hybrid kernel + (star)"}}, "hybrid": {"nS": 27636, "nU": 189, "excess": 58, "nnzT": 94461, "rows_other": 34735, "order": "reversed", "cover_stats": {"natural": 25638, "reversed": 27636, "fill_asc": 21266, "fill_desc": 21276, "random": 17273}, "attempts": [{"attempt": 0, "m": 253, "nproj": 8, "projected_nullity": 131, "verified": true, "rank": 131, "secs": {"split": 0.1, "trisolve": 0.1, "schur": 0.3, "nullspace": 0.0, "lift_verify": 1.1}}], "secs": 1.7}, "ev_secs": 7.0, "rank_secs": 2.6, "secs": 11.3, "hwm_gb": 0.38}, "2147483629": {"sides": {"det": {"mult": 131, "nullity": 0, "instrument": "hybrid kernel + det evaluation rows"}, "per4": {"mult": 131, "nullity": 0, "instrument": "hybrid kernel + per4 evaluation rows"}, "red_pts": {"mult": 131, "nullity": 0, "instrument": "hybrid kernel + red_pts evaluation rows"}, "red_star": {"mult": 131, "nullity": 0, "instrument": "hybrid kernel + (star)"}}, "hybrid": {"nS": 27636, "nU": 189, "excess": 58, "nnzT": 94461, "rows_other": 34735, "order": "reversed", "cover_stats": {"natural": 25638, "reversed": 27636, "fill_asc": 21266, "fill_desc": 21276, "random": 17273}, "attempts": [{"attempt": 0, "m": 253, "nproj": 8, "projected_nullity": 131, "verified": true, "rank": 131, "secs": {"split": 0.1, "trisolve": 0.1, "schur": 0.3, "nullspace": 0.0, "lift_verify": 0.9}}], "secs": 1.6}, "ev_secs": 7.2, "rank_secs": 2.6, "secs": 11.4, "hwm_gb": 0.38}}, "sides": {"det": {"mult": 131, "per_prime": {"2147483647": 131, "2147483629": 131}, "primes_agree": true, "instrument": "hybrid kernel + det evaluation rows", "status": "proved (full rank at both primes: mult = a over Q)"}, "per4": {"mult": 131, "per_prime": {"2147483647": 131, "2147483629": 131}, "primes_agree": true, "instrument": "hybrid kernel + per4 evaluation rows", "status": "proved (full rank at both primes: mult = a over Q)"}, "red_star": {"mult": 131, "per_prime": {"2147483647": 131, "2147483629": 131}, "primes_agree": true, "instrument": "hybrid kernel + (star)", "status": "proved (full rank at both primes: mult = a over Q)"}, "red_pts": {"mult": 131, "per_prime": {"2147483647": 131, "2147483629": 131}, "primes_agree": true, "instrument": "hybrid kernel + red_pts evaluation rows", "status": "proved (full rank at both primes: mult = a over Q)"}}, "mult_det": 131, "mult_per4": 131, "mult_red_star": 131, "mult_red_pts": 131, "mult_red": 131, "star_eq_pts": true, "i_det": 0, "i_red": 0, "i_per4": 0, "D": 0, "refute": false, "halt": false, "ok": true, "secs": 13.0, "hwm_gb": 0.38, "certs": [["results/certs/s71/33_11_6_1_1_d13_hybrid_p2147483647.json.gz", 42781], ["results/certs/s71/33_11_6_1_1_d13_hybrid_p2147483629.json.gz", 42781]]}
