      level 1: 36 prefixes
      level 2: 389 prefixes
      level 3: 2054 prefixes
      level 4: 7356 prefixes
      level 5: 18612 prefixes
      level 6: 32792 prefixes
      level 7: 41614 prefixes
      level 8: 44426 prefixes
      level 9: 44828 prefixes
      level 10: 44840 prefixes
      level 11: 44840 prefixes
      level 12: 44840 prefixes
      level 13: 44840 prefixes
      level 14: 44840 prefixes
      level 15: 44840 prefixes
  lam=(40, 14, 4, 1, 1): N_S=44840 |Stab|=2 n_chi=16689 (orbits dropped: 11462) [lean, 0s, HWM 0.08 GB]
    E_01: |H|=2 targets 35978 canonical rows 13369 nnz 74464 (obstructed fixed targets cancelled: 3521) [0s, HWM 0.08 GB]
    E_12: |H|=2 targets 24796 canonical rows 9104 nnz 41438 (obstructed fixed targets cancelled: 1694) [0s, HWM 0.08 GB]
    E_23: |H|=1 targets 16076 canonical rows 15856 nnz 33378 (obstructed fixed targets cancelled: 0) [1s, HWM 0.08 GB]
    E_34: |H|=1 targets 28151 canonical rows 0 nnz 0 (obstructed fixed targets cancelled: 0) [1s, HWM 0.08 GB]
  built (40, 14, 4, 1, 1) d15: N_S=44840 |Stab|=2 n_chi=16689 rows=38329 nnz=149280 (1s: mono 0s orbits 0s rows 1s; HWM 0.08 GB)
  sieve (40, 14, 4, 1, 1) d15: cover(E) 16599/16689 by reversed (a=82, |U|=90, excess 8; {'natural': 15345, 'reversed': 16599, 'fill_asc': 13094, 'fill_desc': 13267, 'random': 11296}); cover(E_red) 13333/13412 (0.1s)
    hybrid[40_14_4_1_1d15] p=2147483647 attempt 0: |S|=16599 |U|=90 (a=82, excess 8) m=154 projected nullity 82, verified=True, rank 82 [split 0.0s trisolve 0.0s schur 0.1s null 0.0s lift 0.3s]
    hybrid[40_14_4_1_1d15] p=2147483629 attempt 0: |S|=16599 |U|=90 (a=82, excess 8) m=154 projected nullity 82, verified=True, rank 82 [split 0.0s trisolve 0.0s schur 0.1s null 0.0s lift 0.3s]
  RESULT (40, 14, 4, 1, 1) d15: a=82 n_chi=16689 |U|=90 mult_det=82 mult_per4=82 mult_red(star)=82 mult_red(pts)=82 i_det=0 i_red=0 i_per4=0 D=0  (5.9s, HWM 0.18 GB)
RESULT {"lam": [40, 14, 4, 1, 1], "delta": 15, "ell": 5, "a": 82, "K": 90, "N_S": 44840, "stab": 2, "n_chi": 16689, "nrows": 38329, "nnz": 149280, "nfixed": 5215, "build_secs": 0.9, "build_hwm_gb": 0.08, "route": "hybrid", "h_pad": 203, "seeds": {"det": 11, "red": 29, "per4": 47, "hybrid": 20260908}, "bound": 40, "primes": [2147483647, 2147483629], "n_red": 13412, "cover_E": {"size": 16599, "order": "reversed", "stats": {"natural": 15345, "reversed": 16599, "fill_asc": 13094, "fill_desc": 13267, "random": 11296}, "n_chi": 16689, "a": 82, "excess": 8, "certified_rank_lb": 16599}, "cover_Ered": {"size": 13333, "order": "reversed", "stats": {"natural": 12526, "reversed": 13333, "fill_asc": 10963, "fill_desc": 11086, "random": 9431}, "n_red": 13412, "certified": false}, "sieve_secs": 0.1, "pred_mem_x_bytes": 5975640, "primes_concurrent": true, "per_prime": {"2147483647": {"sides": {"det": {"mult": 82, "nullity": 0, "instrument": "hybrid kernel + det evaluation rows"}, "per4": {"mult": 82, "nullity": 0, "instrument": "hybrid kernel + per4 evaluation rows"}, "red_pts": {"mult": 82, "nullity": 0, "instrument": "hybrid kernel + red_pts evaluation rows"}, "red_star": {"mult": 82, "nullity": 0, "instrument": "hybrid kernel + (star)"}}, "hybrid": {"nS": 16599, "nU": 90, "excess": 8, "nnzT": 50692, "rows_other": 21730, "order": "reversed", "cover_stats": {"natural": 15345, "reversed": 16599, "fill_asc": 13094, "fill_desc": 13267, "random": 11296}, "attempts": [{"attempt": 0, "m": 154, "nproj": 8, "projected_nullity": 82, "verified": true, "rank": 82, "secs": {"split": 0.0, "trisolve": 0.0, "schur": 0.1, "nullspace": 0.0, "lift_verify": 0.3}}], "secs": 0.4}, "ev_secs": 3.3, "rank_secs": 0.9, "secs": 4.7, "hwm_gb": 0.18}, "2147483629": {"sides": {"det": {"mult": 82, "nullity": 0, "instrument": "hybrid kernel + det evaluation rows"}, "per4": {"mult": 82, "nullity": 0, "instrument": "hybrid kernel + per4 evaluation rows"}, "red_pts": {"mult": 82, "nullity": 0, "instrument": "hybrid kernel + red_pts evaluation rows"}, "red_star": {"mult": 82, "nullity": 0, "instrument": "hybrid kernel + (star)"}}, "hybrid": {"nS": 16599, "nU": 90, "excess": 8, "nnzT": 50692, "rows_other": 21730, "order": "reversed", "cover_stats": {"natural": 15345, "reversed": 16599, "fill_asc": 13094, "fill_desc": 13267, "random": 11296}, "attempts": [{"attempt": 0, "m": 154, "nproj": 8, "projected_nullity": 82, "verified": true, "rank": 82, "secs": {"split": 0.0, "trisolve": 0.0, "schur": 0.1, "nullspace": 0.0, "lift_verify": 0.3}}], "secs": 0.5}, "ev_secs": 3.4, "rank_secs": 1.0, "secs": 4.8, "hwm_gb": 0.18}}, "sides": {"det": {"mult": 82, "per_prime": {"2147483647": 82, "2147483629": 82}, "primes_agree": true, "instrument": "hybrid kernel + det evaluation rows", "status": "proved (full rank at both primes: mult = a over Q)"}, "per4": {"mult": 82, "per_prime": {"2147483647": 82, "2147483629": 82}, "primes_agree": true, "instrument": "hybrid kernel + per4 evaluation rows", "status": "proved (full rank at both primes: mult = a over Q)"}, "red_star": {"mult": 82, "per_prime": {"2147483647": 82, "2147483629": 82}, "primes_agree": true, "instrument": "hybrid kernel + (star)", "status": "proved (full rank at both primes: mult = a over Q)"}, "red_pts": {"mult": 82, "per_prime": {"2147483647": 82, "2147483629": 82}, "primes_agree": true, "instrument": "hybrid kernel + red_pts evaluation rows", "status": "proved (full rank at both primes: mult = a over Q)"}}, "mult_det": 82, "mult_per4": 82, "mult_red_star": 82, "mult_red_pts": 82, "mult_red": 82, "star_eq_pts": true, "i_det": 0, "i_red": 0, "i_per4": 0, "D": 0, "refute": false, "halt": false, "ok": true, "secs": 5.9, "hwm_gb": 0.18, "certs": [["results/certs/s71/40_14_4_1_1_d15_hybrid_p2147483647.json.gz", 29435], ["results/certs/s71/40_14_4_1_1_d15_hybrid_p2147483629.json.gz", 29436]]}
