      level 1: 47 prefixes
      level 2: 717 prefixes
      level 3: 4898 prefixes
      level 4: 18923 prefixes
      level 5: 37264 prefixes
      level 6: 45058 prefixes
      level 7: 46089 prefixes
      level 8: 46113 prefixes
      level 9: 46113 prefixes
      level 10: 46113 prefixes
      level 11: 46113 prefixes
  lam=(28, 9, 3, 3, 1): N_S=46113 |Stab|=2 n_chi=21942 (orbits dropped: 2229) [lean, 0s, HWM 0.08 GB]
    E_01: |H|=2 targets 32527 canonical rows 15436 nnz 86179 (obstructed fixed targets cancelled: 1163) [0s, HWM 0.08 GB]
    E_12: |H|=1 targets 24538 canonical rows 24538 nnz 95119 (obstructed fixed targets cancelled: 0) [0s, HWM 0.08 GB]
    E_23: |H|=1 targets 38922 canonical rows 38293 nnz 86690 (obstructed fixed targets cancelled: 0) [0s, HWM 0.08 GB]
    E_34: |H|=1 targets 18397 canonical rows 18388 nnz 43884 (obstructed fixed targets cancelled: 0) [1s, HWM 0.08 GB]
  built (28, 9, 3, 3, 1) d11: N_S=46113 |Stab|=2 n_chi=21942 rows=96655 nnz=311872 (1s: mono 0s orbits 0s rows 1s; HWM 0.08 GB)
  sieve (28, 9, 3, 3, 1) d11: cover(E) 21898/21942 by reversed (a=31, |U|=44, excess 13; {'natural': 21182, 'reversed': 21898, 'fill_asc': 19686, 'fill_desc': 20005, 'random': 17493}); cover(E_red) 16071/16103 (0.2s)
    hybrid[28_9_3_3_1d11] p=2147483629 attempt 0: |S|=21898 |U|=44 (a=31, excess 13) m=108 projected nullity 31, verified=True, rank 31 [split 0.0s trisolve 0.0s schur 0.1s null 0.0s lift 0.3s]
    hybrid[28_9_3_3_1d11] p=2147483647 attempt 0: |S|=21898 |U|=44 (a=31, excess 13) m=108 projected nullity 31, verified=True, rank 31 [split 0.0s trisolve 0.0s schur 0.1s null 0.0s lift 0.5s]
  RESULT (28, 9, 3, 3, 1) d11: a=31 n_chi=21942 |U|=44 mult_det=31 mult_per4=31 mult_red(star)=31 mult_red(pts)=31 i_det=0 i_red=0 i_per4=0 D=0  (3.6s, HWM 0.13 GB)
RESULT {"lam": [28, 9, 3, 3, 1], "delta": 11, "ell": 5, "a": 31, "K": 39, "N_S": 46113, "stab": 2, "n_chi": 21942, "nrows": 96655, "nnz": 311872, "nfixed": 1163, "build_secs": 0.8, "build_hwm_gb": 0.08, "route": "hybrid", "h_pad": 89, "seeds": {"det": 11, "red": 29, "per4": 47, "hybrid": 20260908}, "bound": 40, "primes": [2147483647, 2147483629], "n_red": 16103, "cover_E": {"size": 21898, "order": "reversed", "stats": {"natural": 21182, "reversed": 21898, "fill_asc": 19686, "fill_desc": 20005, "random": 17493}, "n_chi": 21942, "a": 31, "excess": 13, "certified_rank_lb": 21898}, "cover_Ered": {"size": 16071, "order": "reversed", "stats": {"natural": 15721, "reversed": 16071, "fill_asc": 14790, "fill_desc": 14952, "random": 13138}, "n_red": 16103, "certified": false}, "sieve_secs": 0.2, "pred_mem_x_bytes": 3854048, "primes_concurrent": true, "per_prime": {"2147483647": {"sides": {"det": {"mult": 31, "nullity": 0, "instrument": "hybrid kernel + det evaluation rows"}, "per4": {"mult": 31, "nullity": 0, "instrument": "hybrid kernel + per4 evaluation rows"}, "red_pts": {"mult": 31, "nullity": 0, "instrument": "hybrid kernel + red_pts evaluation rows"}, "red_star": {"mult": 31, "nullity": 0, "instrument": "hybrid kernel + (star)"}}, "hybrid": {"nS": 21898, "nU": 44, "excess": 13, "nnzT": 49286, "rows_other": 74757, "order": "reversed", "cover_stats": {"natural": 21182, "reversed": 21898, "fill_asc": 19686, "fill_desc": 20005, "random": 17493}, "attempts": [{"attempt": 0, "m": 108, "nproj": 8, "projected_nullity": 31, "verified": true, "rank": 31, "secs": {"split": 0.0, "trisolve": 0.0, "schur": 0.1, "nullspace": 0.0, "lift_verify": 0.5}}], "secs": 0.7}, "ev_secs": 1.6, "rank_secs": 0.2, "secs": 2.5, "hwm_gb": 0.13}, "2147483629": {"sides": {"det": {"mult": 31, "nullity": 0, "instrument": "hybrid kernel + det evaluation rows"}, "per4": {"mult": 31, "nullity": 0, "instrument": "hybrid kernel + per4 evaluation rows"}, "red_pts": {"mult": 31, "nullity": 0, "instrument": "hybrid kernel + red_pts evaluation rows"}, "red_star": {"mult": 31, "nullity": 0, "instrument": "hybrid kernel + (star)"}}, "hybrid": {"nS": 21898, "nU": 44, "excess": 13, "nnzT": 49286, "rows_other": 74757, "order": "reversed", "cover_stats": {"natural": 21182, "reversed": 21898, "fill_asc": 19686, "fill_desc": 20005, "random": 17493}, "attempts": [{"attempt": 0, "m": 108, "nproj": 8, "projected_nullity": 31, "verified": true, "rank": 31, "secs": {"split": 0.0, "trisolve": 0.0, "schur": 0.1, "nullspace": 0.0, "lift_verify": 0.3}}], "secs": 0.5}, "ev_secs": 1.5, "rank_secs": 0.3, "secs": 2.3, "hwm_gb": 0.13}}, "sides": {"det": {"mult": 31, "per_prime": {"2147483647": 31, "2147483629": 31}, "primes_agree": true, "instrument": "hybrid kernel + det evaluation rows", "status": "proved (full rank at both primes: mult = a over Q)"}, "per4": {"mult": 31, "per_prime": {"2147483647": 31, "2147483629": 31}, "primes_agree": true, "instrument": "hybrid kernel + per4 evaluation rows", "status": "proved (full rank at both primes: mult = a over Q)"}, "red_star": {"mult": 31, "per_prime": {"2147483647": 31, "2147483629": 31}, "primes_agree": true, "instrument": "hybrid kernel + (star)", "status": "proved (full rank at both primes: mult = a over Q)"}, "red_pts": {"mult": 31, "per_prime": {"2147483647": 31, "2147483629": 31}, "primes_agree": true, "instrument": "hybrid kernel + red_pts evaluation rows", "status": "proved (full rank at both primes: mult = a over Q)"}}, "mult_det": 31, "mult_per4": 31, "mult_red_star": 31, "mult_red_pts": 31, "mult_red": 31, "star_eq_pts": true, "i_det": 0, "i_red": 0, "i_per4": 0, "D": 0, "refute": false, "halt": false, "ok": true, "secs": 3.6, "hwm_gb": 0.13, "certs": [["results/certs/s71/28_9_3_3_1_d11_hybrid_p2147483647.json.gz", 13985], ["results/certs/s71/28_9_3_3_1_d11_hybrid_p2147483629.json.gz", 13984]]}
