      level 1: 36 prefixes
      level 2: 426 prefixes
      level 3: 2600 prefixes
      level 4: 10419 prefixes
      level 5: 29406 prefixes
      level 6: 63338 prefixes
      level 7: 101806 prefixes
      level 8: 126029 prefixes
      level 9: 134835 prefixes
      level 10: 136542 prefixes
      level 11: 136658 prefixes
      level 12: 136658 prefixes
      level 13: 136658 prefixes
      level 14: 136658 prefixes
      level 15: 136658 prefixes
      level 16: 136658 prefixes
      level 17: 136658 prefixes
      level 18: 136658 prefixes
  lam=(49, 16, 5, 1, 1): N_S=136658 |Stab|=2 n_chi=51905 (orbits dropped: 32848) [lean, 0s, HWM 0.12 GB]
    E_01: |H|=2 targets 111552 canonical rows 42299 nnz 249548 (obstructed fixed targets cancelled: 10310) [1s, HWM 0.12 GB]
    E_12: |H|=2 targets 81890 canonical rows 30639 nnz 149593 (obstructed fixed targets cancelled: 5475) [2s, HWM 0.12 GB]
    E_23: |H|=1 targets 43861 canonical rows 43788 nnz 103810 (obstructed fixed targets cancelled: 0) [2s, HWM 0.12 GB]
    E_34: |H|=1 targets 84753 canonical rows 0 nnz 0 (obstructed fixed targets cancelled: 0) [3s, HWM 0.12 GB]
  built (49, 16, 5, 1, 1) d18: N_S=136658 |Stab|=2 n_chi=51905 rows=116726 nnz=502951 (4s: mono 1s orbits 0s rows 3s; HWM 0.12 GB)
  sieve (49, 16, 5, 1, 1) d18: cover(E) 51606/51905 by reversed (a=264, |U|=299, excess 35; {'natural': 47288, 'reversed': 51606, 'fill_asc': 39814, 'fill_desc': 40313, 'random': 32821}); cover(E_red) 43714/43989 (0.3s)
    hybrid[49_16_5_1_1d18] p=2147483629 attempt 0: |S|=51606 |U|=299 (a=264, excess 35) m=363 blocks 1x299 projected nullity 264, verified=True, rank 264 [split 0.1s trisolve 3.7s schur 1.9s null 0.2s lift 5.9s rank 1.2s]
    hybrid[49_16_5_1_1d18] p=2147483647 attempt 0: |S|=51606 |U|=299 (a=264, excess 35) m=363 blocks 1x299 projected nullity 264, verified=True, rank 264 [split 0.1s trisolve 3.7s schur 2.0s null 0.2s lift 6.6s rank 1.1s]
  RESULT (49, 16, 5, 1, 1) d18: a=264 n_chi=51905 |U|=299 mult_det=264 mult_per4=264 mult_red(star)=263 mult_red(pts)=263 i_det=0 i_red=1 i_per4=0 D=-1  (115.3s, HWM 0.97 GB)
RESULT {"lam": [49, 16, 5, 1, 1], "delta": 18, "ell": 5, "a": 264, "K": 272, "N_S": 136658, "stab": 2, "n_chi": 51905, "nrows": 116726, "nnz": 502951, "nfixed": 15785, "build_secs": 3.8, "build_hwm_gb": 0.12, "route": "hybrid", "h_pad": 486, "seeds": {"det": 11, "red": 29, "per4": 47, "hybrid": 20260908}, "bound": 40, "primes": [2147483647, 2147483629], "n_red": 43989, "cover_E": {"size": 51606, "order": "reversed", "stats": {"natural": 47288, "reversed": 51606, "fill_asc": 39814, "fill_desc": 40313, "random": 32821}, "n_chi": 51905, "a": 264, "excess": 35, "certified_rank_lb": 51606}, "cover_Ered": {"size": 43714, "order": "reversed", "stats": {"natural": 40594, "reversed": 43714, "fill_asc": 34931, "fill_desc": 35147, "random": 28695}, "n_red": 43989, "certified": false}, "sieve_secs": 0.3, "pred_mem_x_bytes": 116532456, "primes_concurrent": true, "per_prime": {"2147483647": {"sides": {"det": {"mult": 264, "nullity": 0, "instrument": "hybrid kernel + det evaluation rows"}, "per4": {"mult": 264, "nullity": 0, "instrument": "hybrid kernel + per4 evaluation rows"}, "red_pts": {"mult": 263, "nullity": 1, "instrument": "hybrid kernel + red_pts evaluation rows"}, "red_star": {"mult": 263, "nullity": 1, "instrument": "hybrid kernel + (star)"}}, "hybrid": {"nS": 51606, "nU": 299, "excess": 35, "nnzT": 178054, "rows_other": 65120, "order": "reversed", "cover_stats": {"natural": 47288, "reversed": 51606, "fill_asc": 39814, "fill_desc": 40313, "random": 32821}, "ublock": 299, "nblocks": 1, "attempts": [{"attempt": 0, "m": 363, "nproj": 8, "projected_nullity": 264, "verified": true, "rank": 264, "secs": {"split": 0.1, "trisolve": 3.7, "schur": 2.0, "nullspace": 0.2, "lift_verify": 6.6, "rank": 1.1}}], "secs": 13.8}, "ev_secs": 76.6, "rank_secs": 20.5, "secs": 110.9, "hwm_gb": 0.97}, "2147483629": {"sides": {"det": {"mult": 264, "nullity": 0, "instrument": "hybrid kernel + det evaluation rows"}, "per4": {"mult": 264, "nullity": 0, "instrument": "hybrid kernel + per4 evaluation rows"}, "red_pts": {"mult": 263, "nullity": 1, "instrument": "hybrid kernel + red_pts evaluation rows"}, "red_star": {"mult": 263, "nullity": 1, "instrument": "hybrid kernel + (star)"}}, "hybrid": {"nS": 51606, "nU": 299, "excess": 35, "nnzT": 178054, "rows_other": 65120, "order": "reversed", "cover_stats": {"natural": 47288, "reversed": 51606, "fill_asc": 39814, "fill_desc": 40313, "random": 32821}, "ublock": 299, "nblocks": 1, "attempts": [{"attempt": 0, "m": 363, "nproj": 8, "projected_nullity": 264, "verified": true, "rank": 264, "secs": {"split": 0.1, "trisolve": 3.7, "schur": 1.9, "nullspace": 0.2, "lift_verify": 5.9, "rank": 1.2}}], "secs": 13.0}, "ev_secs": 76.0, "rank_secs": 20.7, "secs": 109.7, "hwm_gb": 0.97}}, "sides": {"det": {"mult": 264, "per_prime": {"2147483647": 264, "2147483629": 264}, "primes_agree": true, "instrument": "hybrid kernel + det evaluation rows", "status": "proved (full rank at both primes: mult = a over Q)"}, "per4": {"mult": 264, "per_prime": {"2147483647": 264, "2147483629": 264}, "primes_agree": true, "instrument": "hybrid kernel + per4 evaluation rows", "status": "proved (full rank at both primes: mult = a over Q)"}, "red_star": {"mult": 263, "per_prime": {"2147483647": 263, "2147483629": 263}, "primes_agree": true, "instrument": "hybrid kernel + (star)", "status": "measured (exact mod both primes, kernel exhibited): mult = 263"}, "red_pts": {"mult": 263, "per_prime": {"2147483647": 263, "2147483629": 263}, "primes_agree": true, "instrument": "hybrid kernel + red_pts evaluation rows", "status": "measured (exact mod both primes, kernel exhibited): mult = 263"}}, "mult_det": 264, "mult_per4": 264, "mult_red_star": 263, "mult_red_pts": 263, "mult_red": 263, "star_eq_pts": true, "i_det": 0, "i_red": 1, "i_per4": 0, "D": -1, "refute": false, "halt": false, "ok": true, "secs": 115.3, "hwm_gb": 0.97, "certs": [["results/certs/s71/49_16_5_1_1_d18_hybrid_p2147483647.json.gz", 80592], ["results/certs/s71/49_16_5_1_1_d18_hybrid_p2147483629.json.gz", 80593]]}
