      level 1: 35 prefixes
      level 2: 434 prefixes
      level 3: 3165 prefixes
      level 4: 16808 prefixes
      level 5: 62814 prefixes
      level 6: 153550 prefixes
      level 7: 243553 prefixes
      level 8: 286360 prefixes
      level 9: 296357 prefixes
      level 10: 297384 prefixes
      level 11: 297408 prefixes
      level 12: 297408 prefixes
      level 13: 297408 prefixes
      level 14: 297408 prefixes
      level 15: 297408 prefixes
  lam=(38, 11, 9, 1, 1): N_S=297408 |Stab|=2 n_chi=115636 (orbits dropped: 66136) [lean, 1s, HWM 0.16 GB]
    E_01: |H|=2 targets 214335 canonical rows 82958 nnz 509097 (obstructed fixed targets cancelled: 18353) [2s, HWM 0.16 GB]
    E_12: |H|=2 targets 263716 canonical rows 102165 nnz 469978 (obstructed fixed targets cancelled: 12556) [4s, HWM 0.17 GB]
    E_23: |H|=1 targets 72614 canonical rows 72608 nnz 231272 (obstructed fixed targets cancelled: 0) [5s, HWM 0.17 GB]
    E_34: |H|=1 targets 181772 canonical rows 0 nnz 0 (obstructed fixed targets cancelled: 0) [6s, HWM 0.17 GB]
  built (38, 11, 9, 1, 1) d15: N_S=297408 |Stab|=2 n_chi=115636 rows=257731 nnz=1210347 (7s: mono 1s orbits 1s rows 6s; HWM 0.17 GB)
  sieve (38, 11, 9, 1, 1) d15: cover(E) 114893/115636 by reversed (a=273, |U|=743, excess 470; {'natural': 106791, 'reversed': 114893, 'fill_asc': 86587, 'fill_desc': 86754, 'random': 66012}); cover(E_red) 99173/99859 (0.6s)
    hybrid[38_11_9_1_1d15] p=2147483629 attempt 0: |S|=114893 |U|=743 (a=273, excess 470) m=807 blocks 1x743 projected nullity 273, verified=True, rank 273 [split 0.4s trisolve 23.7s schur 11.0s null 1.1s lift 15.4s rank 2.7s]
    hybrid[38_11_9_1_1d15] p=2147483647 attempt 0: |S|=114893 |U|=743 (a=273, excess 470) m=807 blocks 1x743 projected nullity 273, verified=True, rank 273 [split 0.3s trisolve 23.8s schur 11.2s null 1.1s lift 15.4s rank 2.7s]
  RESULT (38, 11, 9, 1, 1) d15: a=273 n_chi=115636 |U|=743 mult_det=273 mult_per4=273 mult_red(star)=257 mult_red(pts)=257 i_det=0 i_red=16 i_per4=0 D=-16  (290.2s, HWM 2.13 GB)
RESULT {"lam": [38, 11, 9, 1, 1], "delta": 15, "ell": 5, "a": 273, "K": 281, "N_S": 297408, "stab": 2, "n_chi": 115636, "nrows": 257731, "nnz": 1210347, "nfixed": 30909, "build_secs": 7.5, "build_hwm_gb": 0.17, "route": "hybrid", "h_pad": 372, "seeds": {"det": 11, "red": 29, "per4": 47, "hybrid": 20260908}, "bound": 40, "primes": [2147483647, 2147483629], "n_red": 99859, "cover_E": {"size": 114893, "order": "reversed", "stats": {"natural": 106791, "reversed": 114893, "fill_asc": 86587, "fill_desc": 86754, "random": 66012}, "n_chi": 115636, "a": 273, "excess": 470, "certified_rank_lb": 114893}, "cover_Ered": {"size": 99173, "order": "reversed", "stats": {"natural": 93728, "reversed": 99173, "fill_asc": 76828, "fill_desc": 76894, "random": 58743}, "n_red": 99859, "certified": false}, "sieve_secs": 0.6, "pred_mem_x_bytes": 467736508, "primes_concurrent": true, "per_prime": {"2147483647": {"sides": {"det": {"mult": 273, "nullity": 0, "instrument": "hybrid kernel + det evaluation rows"}, "per4": {"mult": 273, "nullity": 0, "instrument": "hybrid kernel + per4 evaluation rows"}, "red_pts": {"mult": 257, "nullity": 16, "instrument": "hybrid kernel + red_pts evaluation rows"}, "red_star": {"mult": 257, "nullity": 16, "instrument": "hybrid kernel + (star)"}}, "hybrid": {"nS": 114893, "nU": 743, "excess": 470, "nnzT": 449360, "rows_other": 142838, "order": "reversed", "cover_stats": {"natural": 106791, "reversed": 114893, "fill_asc": 86587, "fill_desc": 86754, "random": 66012}, "ublock": 743, "nblocks": 1, "attempts": [{"attempt": 0, "m": 807, "nproj": 8, "projected_nullity": 273, "verified": true, "rank": 273, "secs": {"split": 0.3, "trisolve": 23.8, "schur": 11.2, "nullspace": 1.1, "lift_verify": 15.4, "rank": 2.7}}], "secs": 54.5}, "ev_secs": 157.6, "rank_secs": 69.3, "secs": 281.4, "hwm_gb": 2.13}, "2147483629": {"sides": {"det": {"mult": 273, "nullity": 0, "instrument": "hybrid kernel + det evaluation rows"}, "per4": {"mult": 273, "nullity": 0, "instrument": "hybrid kernel + per4 evaluation rows"}, "red_pts": {"mult": 257, "nullity": 16, "instrument": "hybrid kernel + red_pts evaluation rows"}, "red_star": {"mult": 257, "nullity": 16, "instrument": "hybrid kernel + (star)"}}, "hybrid": {"nS": 114893, "nU": 743, "excess": 470, "nnzT": 449360, "rows_other": 142838, "order": "reversed", "cover_stats": {"natural": 106791, "reversed": 114893, "fill_asc": 86587, "fill_desc": 86754, "random": 66012}, "ublock": 743, "nblocks": 1, "attempts": [{"attempt": 0, "m": 807, "nproj": 8, "projected_nullity": 273, "verified": true, "rank": 273, "secs": {"split": 0.4, "trisolve": 23.7, "schur": 11.0, "nullspace": 1.1, "lift_verify": 15.4, "rank": 2.7}}], "secs": 54.4}, "ev_secs": 158.2, "rank_secs": 69.3, "secs": 281.9, "hwm_gb": 2.13}}, "sides": {"det": {"mult": 273, "per_prime": {"2147483647": 273, "2147483629": 273}, "primes_agree": true, "instrument": "hybrid kernel + det evaluation rows", "status": "proved (full rank at both primes: mult = a over Q)"}, "per4": {"mult": 273, "per_prime": {"2147483647": 273, "2147483629": 273}, "primes_agree": true, "instrument": "hybrid kernel + per4 evaluation rows", "status": "proved (full rank at both primes: mult = a over Q)"}, "red_star": {"mult": 257, "per_prime": {"2147483647": 257, "2147483629": 257}, "primes_agree": true, "instrument": "hybrid kernel + (star)", "status": "measured (exact mod both primes, kernel exhibited): mult = 257"}, "red_pts": {"mult": 257, "per_prime": {"2147483647": 257, "2147483629": 257}, "primes_agree": true, "instrument": "hybrid kernel + red_pts evaluation rows", "status": "measured (exact mod both primes, kernel exhibited): mult = 257"}}, "mult_det": 273, "mult_per4": 273, "mult_red_star": 257, "mult_red_pts": 257, "mult_red": 257, "star_eq_pts": true, "i_det": 0, "i_red": 16, "i_per4": 0, "D": -16, "refute": false, "halt": false, "ok": true, "secs": 290.2, "hwm_gb": 2.13, "certs": [["results/certs/s71/38_11_9_1_1_d15_hybrid_p2147483647.json.gz", 82920], ["results/certs/s71/38_11_9_1_1_d15_hybrid_p2147483629.json.gz", 82921]]}
