      level 1: 35 prefixes
      level 2: 442 prefixes
      level 3: 3133 prefixes
      level 4: 15870 prefixes
      level 5: 57096 prefixes
      level 6: 136944 prefixes
      level 7: 215898 prefixes
      level 8: 253762 prefixes
      level 9: 262760 prefixes
      level 10: 263694 prefixes
      level 11: 263716 prefixes
      level 12: 263716 prefixes
      level 13: 263716 prefixes
      level 14: 263716 prefixes
      level 15: 263716 prefixes
  lam=(38, 12, 8, 1, 1): N_S=263716 |Stab|=2 n_chi=102165 (orbits dropped: 59386) [lean, 1s, HWM 0.13 GB]
    E_01: |H|=2 targets 196845 canonical rows 76032 nnz 463978 (obstructed fixed targets cancelled: 16977) [2s, HWM 0.15 GB]
    E_12: |H|=2 targets 214870 canonical rows 82959 nnz 390618 (obstructed fixed targets cancelled: 10977) [4s, HWM 0.16 GB]
    E_23: |H|=1 targets 67601 canonical rows 67543 nnz 204330 (obstructed fixed targets cancelled: 0) [4s, HWM 0.16 GB]
    E_34: |H|=1 targets 161551 canonical rows 0 nnz 0 (obstructed fixed targets cancelled: 0) [5s, HWM 0.16 GB]
  built (38, 12, 8, 1, 1) d15: N_S=263716 |Stab|=2 n_chi=102165 rows=226534 nnz=1058926 (7s: mono 1s orbits 1s rows 5s; HWM 0.16 GB)
  sieve (38, 12, 8, 1, 1) d15: cover(E) 101512/102165 by reversed (a=338, |U|=653, excess 315; {'natural': 93837, 'reversed': 101512, 'fill_asc': 76642, 'fill_desc': 76742, 'random': 58914}); cover(E_red) 87427/88030 (0.5s)
    hybrid[38_12_8_1_1d15] p=2147483629 attempt 0: |S|=101512 |U|=653 (a=338, excess 315) m=717 blocks 1x653 projected nullity 338, verified=True, rank 338 [split 0.2s trisolve 19.3s schur 8.6s null 0.8s lift 15.4s rank 2.7s]
    hybrid[38_12_8_1_1d15] p=2147483647 attempt 0: |S|=101512 |U|=653 (a=338, excess 315) m=717 blocks 1x653 projected nullity 338, verified=True, rank 338 [split 0.2s trisolve 19.3s schur 8.5s null 0.8s lift 15.6s rank 2.6s]
  RESULT (38, 12, 8, 1, 1) d15: a=338 n_chi=102165 |U|=653 mult_det=338 mult_per4=338 mult_red(star)=328 mult_red(pts)=328 i_det=0 i_red=10 i_per4=0 D=-10  (303.0s, HWM 2.25 GB)
RESULT {"lam": [38, 12, 8, 1, 1], "delta": 15, "ell": 5, "a": 338, "K": 346, "N_S": 263716, "stab": 2, "n_chi": 102165, "nrows": 226534, "nnz": 1058926, "nfixed": 27954, "build_secs": 6.8, "build_hwm_gb": 0.16, "route": "hybrid", "h_pad": 527, "seeds": {"det": 11, "red": 29, "per4": 47, "hybrid": 20260908}, "bound": 40, "primes": [2147483647, 2147483629], "n_red": 88030, "cover_E": {"size": 101512, "order": "reversed", "stats": {"natural": 93837, "reversed": 101512, "fill_asc": 76642, "fill_desc": 76742, "random": 58914}, "n_chi": 102165, "a": 338, "excess": 315, "certified_rank_lb": 101512}, "cover_Ered": {"size": 87427, "order": "reversed", "stats": {"natural": 82155, "reversed": 87427, "fill_asc": 68037, "fill_desc": 68014, "random": 52228}, "n_red": 88030, "certified": false}, "sieve_secs": 0.5, "pred_mem_x_bytes": 403276424, "primes_concurrent": true, "per_prime": {"2147483647": {"sides": {"det": {"mult": 338, "nullity": 0, "instrument": "hybrid kernel + det evaluation rows"}, "per4": {"mult": 338, "nullity": 0, "instrument": "hybrid kernel + per4 evaluation rows"}, "red_pts": {"mult": 328, "nullity": 10, "instrument": "hybrid kernel + red_pts evaluation rows"}, "red_star": {"mult": 328, "nullity": 10, "instrument": "hybrid kernel + (star)"}}, "hybrid": {"nS": 101512, "nU": 653, "excess": 315, "nnzT": 393512, "rows_other": 125022, "order": "reversed", "cover_stats": {"natural": 93837, "reversed": 101512, "fill_asc": 76642, "fill_desc": 76742, "random": 58914}, "ublock": 653, "nblocks": 1, "attempts": [{"attempt": 0, "m": 717, "nproj": 8, "projected_nullity": 338, "verified": true, "rank": 338, "secs": {"split": 0.2, "trisolve": 19.3, "schur": 8.5, "nullspace": 0.8, "lift_verify": 15.6, "rank": 2.6}}], "secs": 47.2}, "ev_secs": 168.0, "rank_secs": 75.8, "secs": 291.0, "hwm_gb": 2.25}, "2147483629": {"sides": {"det": {"mult": 338, "nullity": 0, "instrument": "hybrid kernel + det evaluation rows"}, "per4": {"mult": 338, "nullity": 0, "instrument": "hybrid kernel + per4 evaluation rows"}, "red_pts": {"mult": 328, "nullity": 10, "instrument": "hybrid kernel + red_pts evaluation rows"}, "red_star": {"mult": 328, "nullity": 10, "instrument": "hybrid kernel + (star)"}}, "hybrid": {"nS": 101512, "nU": 653, "excess": 315, "nnzT": 393512, "rows_other": 125022, "order": "reversed", "cover_stats": {"natural": 93837, "reversed": 101512, "fill_asc": 76642, "fill_desc": 76742, "random": 58914}, "ublock": 653, "nblocks": 1, "attempts": [{"attempt": 0, "m": 717, "nproj": 8, "projected_nullity": 338, "verified": true, "rank": 338, "secs": {"split": 0.2, "trisolve": 19.3, "schur": 8.6, "nullspace": 0.8, "lift_verify": 15.4, "rank": 2.7}}], "secs": 47.0}, "ev_secs": 168.2, "rank_secs": 80.3, "secs": 295.4, "hwm_gb": 2.25}}, "sides": {"det": {"mult": 338, "per_prime": {"2147483647": 338, "2147483629": 338}, "primes_agree": true, "instrument": "hybrid kernel + det evaluation rows", "status": "proved (full rank at both primes: mult = a over Q)"}, "per4": {"mult": 338, "per_prime": {"2147483647": 338, "2147483629": 338}, "primes_agree": true, "instrument": "hybrid kernel + per4 evaluation rows", "status": "proved (full rank at both primes: mult = a over Q)"}, "red_star": {"mult": 328, "per_prime": {"2147483647": 328, "2147483629": 328}, "primes_agree": true, "instrument": "hybrid kernel + (star)", "status": "measured (exact mod both primes, kernel exhibited): mult = 328"}, "red_pts": {"mult": 328, "per_prime": {"2147483647": 328, "2147483629": 328}, "primes_agree": true, "instrument": "hybrid kernel + red_pts evaluation rows", "status": "measured (exact mod both primes, kernel exhibited): mult = 328"}}, "mult_det": 338, "mult_per4": 338, "mult_red_star": 328, "mult_red_pts": 328, "mult_red": 328, "star_eq_pts": true, "i_det": 0, "i_red": 10, "i_per4": 0, "D": -10, "refute": false, "halt": false, "ok": true, "secs": 303.0, "hwm_gb": 2.25, "certs": [["results/certs/s71/38_12_8_1_1_d15_hybrid_p2147483647.json.gz", 102286], ["results/certs/s71/38_12_8_1_1_d15_hybrid_p2147483629.json.gz", 102286]]}
