      level 1: 45 prefixes
      level 2: 639 prefixes
      level 3: 4464 prefixes
      level 4: 17563 prefixes
      level 5: 38898 prefixes
      level 6: 51889 prefixes
      level 7: 54786 prefixes
      level 8: 54977 prefixes
      level 9: 54977 prefixes
      level 10: 54977 prefixes
      level 11: 54977 prefixes
      level 12: 54977 prefixes
      level 13: 54977 prefixes
  lam=(35, 10, 4, 2, 1): N_S=54977 |Stab|=1 n_chi=54977 (orbits dropped: 0) [lean, 0s, HWM 0.08 GB]
    E_01: |H|=1 targets 39751 canonical rows 39751 nnz 227476 (obstructed fixed targets cancelled: 0) [0s, HWM 0.09 GB]
    E_12: |H|=1 targets 33467 canonical rows 33467 nnz 141486 (obstructed fixed targets cancelled: 0) [1s, HWM 0.09 GB]
    E_23: |H|=1 targets 30978 canonical rows 30978 nnz 89945 (obstructed fixed targets cancelled: 0) [1s, HWM 0.09 GB]
    E_34: |H|=1 targets 25945 canonical rows 25945 nnz 54977 (obstructed fixed targets cancelled: 0) [1s, HWM 0.09 GB]
  built (35, 10, 4, 2, 1) d13: N_S=54977 |Stab|=1 n_chi=54977 rows=130141 nnz=513884 (1s: mono 0s orbits 0s rows 1s; HWM 0.09 GB)
  sieve (35, 10, 4, 2, 1) d13: cover(E) 54792/54977 by reversed (a=139, |U|=185, excess 46; {'natural': 52897, 'reversed': 54792, 'fill_asc': 45623, 'fill_desc': 44489, 'random': 37322}); cover(E_red) 40857/40998 (0.2s)
    hybrid[35_10_4_2_1d13] p=2147483647 attempt 0: |S|=54792 |U|=185 (a=139, excess 46) m=249 projected nullity 139, verified=True, rank 139 [split 0.1s trisolve 0.2s schur 0.7s null 0.0s lift 2.1s]
    hybrid[35_10_4_2_1d13] p=2147483629 attempt 0: |S|=54792 |U|=185 (a=139, excess 46) m=249 projected nullity 139, verified=True, rank 139 [split 0.2s trisolve 0.2s schur 0.7s null 0.0s lift 2.6s]
  RESULT (35, 10, 4, 2, 1) d13: a=139 n_chi=54977 |U|=185 mult_det=139 mult_per4=139 mult_red(star)=139 mult_red(pts)=139 i_det=0 i_red=0 i_per4=0 D=0  (19.5s, HWM 0.78 GB)
RESULT {"lam": [35, 10, 4, 2, 1], "delta": 13, "ell": 5, "a": 139, "K": 147, "N_S": 54977, "stab": 1, "n_chi": 54977, "nrows": 130141, "nnz": 513884, "nfixed": 0, "build_secs": 1.2, "build_hwm_gb": 0.09, "route": "hybrid", "h_pad": 358, "seeds": {"det": 11, "red": 29, "per4": 47, "hybrid": 20260908}, "bound": 40, "primes": [2147483647, 2147483629], "n_red": 40998, "cover_E": {"size": 54792, "order": "reversed", "stats": {"natural": 52897, "reversed": 54792, "fill_asc": 45623, "fill_desc": 44489, "random": 37322}, "n_chi": 54977, "a": 139, "excess": 46, "certified_rank_lb": 54792}, "cover_Ered": {"size": 40857, "order": "reversed", "stats": {"natural": 40022, "reversed": 40857, "fill_asc": 35679, "fill_desc": 35169, "random": 29420}, "n_red": 40998, "certified": false}, "sieve_secs": 0.2, "pred_mem_x_bytes": 40546080, "primes_concurrent": true, "per_prime": {"2147483647": {"sides": {"det": {"mult": 139, "nullity": 0, "instrument": "hybrid kernel + det evaluation rows"}, "per4": {"mult": 139, "nullity": 0, "instrument": "hybrid kernel + per4 evaluation rows"}, "red_pts": {"mult": 139, "nullity": 0, "instrument": "hybrid kernel + red_pts evaluation rows"}, "red_star": {"mult": 139, "nullity": 0, "instrument": "hybrid kernel + (star)"}}, "hybrid": {"nS": 54792, "nU": 185, "excess": 46, "nnzT": 151313, "rows_other": 75349, "order": "reversed", "cover_stats": {"natural": 52897, "reversed": 54792, "fill_asc": 45623, "fill_desc": 44489, "random": 37322}, "attempts": [{"attempt": 0, "m": 249, "nproj": 8, "projected_nullity": 139, "verified": true, "rank": 139, "secs": {"split": 0.1, "trisolve": 0.2, "schur": 0.7, "nullspace": 0.0, "lift_verify": 2.1}}], "secs": 3.4}, "ev_secs": 8.6, "rank_secs": 5.6, "secs": 17.6, "hwm_gb": 0.78}, "2147483629": {"sides": {"det": {"mult": 139, "nullity": 0, "instrument": "hybrid kernel + det evaluation rows"}, "per4": {"mult": 139, "nullity": 0, "instrument": "hybrid kernel + per4 evaluation rows"}, "red_pts": {"mult": 139, "nullity": 0, "instrument": "hybrid kernel + red_pts evaluation rows"}, "red_star": {"mult": 139, "nullity": 0, "instrument": "hybrid kernel + (star)"}}, "hybrid": {"nS": 54792, "nU": 185, "excess": 46, "nnzT": 151313, "rows_other": 75349, "order": "reversed", "cover_stats": {"natural": 52897, "reversed": 54792, "fill_asc": 45623, "fill_desc": 44489, "random": 37322}, "attempts": [{"attempt": 0, "m": 249, "nproj": 8, "projected_nullity": 139, "verified": true, "rank": 139, "secs": {"split": 0.2, "trisolve": 0.2, "schur": 0.7, "nullspace": 0.0, "lift_verify": 2.6}}], "secs": 3.9}, "ev_secs": 8.7, "rank_secs": 5.3, "secs": 18.0, "hwm_gb": 0.78}}, "sides": {"det": {"mult": 139, "per_prime": {"2147483647": 139, "2147483629": 139}, "primes_agree": true, "instrument": "hybrid kernel + det evaluation rows", "status": "proved (full rank at both primes: mult = a over Q)"}, "per4": {"mult": 139, "per_prime": {"2147483647": 139, "2147483629": 139}, "primes_agree": true, "instrument": "hybrid kernel + per4 evaluation rows", "status": "proved (full rank at both primes: mult = a over Q)"}, "red_star": {"mult": 139, "per_prime": {"2147483647": 139, "2147483629": 139}, "primes_agree": true, "instrument": "hybrid kernel + (star)", "status": "proved (full rank at both primes: mult = a over Q)"}, "red_pts": {"mult": 139, "per_prime": {"2147483647": 139, "2147483629": 139}, "primes_agree": true, "instrument": "hybrid kernel + red_pts evaluation rows", "status": "proved (full rank at both primes: mult = a over Q)"}}, "mult_det": 139, "mult_per4": 139, "mult_red_star": 139, "mult_red_pts": 139, "mult_red": 139, "star_eq_pts": true, "i_det": 0, "i_red": 0, "i_per4": 0, "D": 0, "refute": false, "halt": false, "ok": true, "secs": 19.5, "hwm_gb": 0.78, "certs": [["results/certs/s71/35_10_4_2_1_d13_hybrid_p2147483647.json.gz", 45237], ["results/certs/s71/35_10_4_2_1_d13_hybrid_p2147483629.json.gz", 45236]]}
