      level 1: 35 prefixes
      level 2: 415 prefixes
      level 3: 3022 prefixes
      level 4: 15935 prefixes
      level 5: 61517 prefixes
      level 6: 154401 prefixes
      level 7: 247717 prefixes
      level 8: 292168 prefixes
      level 9: 302545 prefixes
      level 10: 303613 prefixes
      level 11: 303639 prefixes
      level 12: 303639 prefixes
      level 13: 303639 prefixes
      level 14: 303639 prefixes
  lam=(34, 10, 10, 1, 1): N_S=303639 |Stab|=4 n_chi=58940 (orbits dropped: 34613) [lean, 1s, HWM 0.14 GB]
    E_01: |H|=2 targets 211636 canonical rows 81998 nnz 500008 (obstructed fixed targets cancelled: 17915) [2s, HWM 0.15 GB]
    E_12: |H|=2 targets 291450 canonical rows 113466 nnz 504012 (obstructed fixed targets cancelled: 12492) [4s, HWM 0.18 GB]
    E_23: |H|=1 targets 70831 canonical rows 70740 nnz 235352 (obstructed fixed targets cancelled: 0) [5s, HWM 0.18 GB]
    E_34: |H|=2 targets 185433 canonical rows 0 nnz 0 (obstructed fixed targets cancelled: 0) [6s, HWM 0.18 GB]
  built (34, 10, 10, 1, 1) d14: N_S=303639 |Stab|=4 n_chi=58940 rows=266204 nnz=1239372 (8s: mono 1s orbits 1s rows 6s; HWM 0.18 GB)
  sieve (34, 10, 10, 1, 1) d14: cover(E) 58778/58940 by reversed (a=83, |U|=162, excess 79; {'natural': 53146, 'reversed': 58778, 'fill_asc': 50562, 'fill_desc': 51886, 'random': 38959}); cover(E_red) 51147/51305 (0.7s)
    hybrid[34_10_10_1_1d14] p=2147483647 attempt 0: |S|=58778 |U|=162 (a=83, excess 79) m=226 blocks 1x162 projected nullity 83, verified=True, rank 83 [split 0.1s trisolve 1.2s schur 1.7s null 0.0s lift 2.5s rank 0.1s]
    hybrid[34_10_10_1_1d14] p=2147483629 attempt 0: |S|=58778 |U|=162 (a=83, excess 79) m=226 blocks 1x162 projected nullity 83, verified=True, rank 83 [split 0.1s trisolve 1.3s schur 1.7s null 0.0s lift 2.5s rank 0.1s]
  RESULT (34, 10, 10, 1, 1) d14: a=83 n_chi=58940 |U|=162 mult_det=83 mult_per4=83 mult_red(star)=80 mult_red(pts)=80 i_det=0 i_red=3 i_per4=0 D=-3  (42.1s, HWM 0.52 GB)
RESULT {"lam": [34, 10, 10, 1, 1], "delta": 14, "ell": 5, "a": 83, "K": 91, "N_S": 303639, "stab": 4, "n_chi": 58940, "nrows": 266204, "nnz": 1239372, "nfixed": 30407, "build_secs": 8.0, "build_hwm_gb": 0.18, "route": "hybrid", "h_pad": 138, "seeds": {"det": 11, "red": 29, "per4": 47, "hybrid": 20260908}, "bound": 40, "primes": [2147483647, 2147483629], "n_red": 51305, "cover_E": {"size": 58778, "order": "reversed", "stats": {"natural": 53146, "reversed": 58778, "fill_asc": 50562, "fill_desc": 51886, "random": 38959}, "n_chi": 58940, "a": 83, "excess": 79, "certified_rank_lb": 58778}, "cover_Ered": {"size": 51147, "order": "reversed", "stats": {"natural": 46647, "reversed": 51147, "fill_asc": 45223, "fill_desc": 45555, "random": 34699}, "n_red": 51305, "certified": false}, "sieve_secs": 0.7, "pred_mem_x_bytes": 57656224, "primes_concurrent": true, "per_prime": {"2147483647": {"sides": {"det": {"mult": 83, "nullity": 0, "instrument": "hybrid kernel + det evaluation rows"}, "per4": {"mult": 83, "nullity": 0, "instrument": "hybrid kernel + per4 evaluation rows"}, "red_pts": {"mult": 80, "nullity": 3, "instrument": "hybrid kernel + red_pts evaluation rows"}, "red_star": {"mult": 80, "nullity": 3, "instrument": "hybrid kernel + (star)"}}, "hybrid": {"nS": 58778, "nU": 162, "excess": 79, "nnzT": 204123, "rows_other": 207426, "order": "reversed", "cover_stats": {"natural": 53146, "reversed": 58778, "fill_asc": 50562, "fill_desc": 51886, "random": 38959}, "ublock": 162, "nblocks": 1, "attempts": [{"attempt": 0, "m": 226, "nproj": 8, "projected_nullity": 83, "verified": true, "rank": 83, "secs": {"split": 0.1, "trisolve": 1.2, "schur": 1.7, "nullspace": 0.0, "lift_verify": 2.5, "rank": 0.1}}], "secs": 5.7}, "ev_secs": 23.3, "rank_secs": 4.1, "secs": 33.1, "hwm_gb": 0.52}, "2147483629": {"sides": {"det": {"mult": 83, "nullity": 0, "instrument": "hybrid kernel + det evaluation rows"}, "per4": {"mult": 83, "nullity": 0, "instrument": "hybrid kernel + per4 evaluation rows"}, "red_pts": {"mult": 80, "nullity": 3, "instrument": "hybrid kernel + red_pts evaluation rows"}, "red_star": {"mult": 80, "nullity": 3, "instrument": "hybrid kernel + (star)"}}, "hybrid": {"nS": 58778, "nU": 162, "excess": 79, "nnzT": 204123, "rows_other": 207426, "order": "reversed", "cover_stats": {"natural": 53146, "reversed": 58778, "fill_asc": 50562, "fill_desc": 51886, "random": 38959}, "ublock": 162, "nblocks": 1, "attempts": [{"attempt": 0, "m": 226, "nproj": 8, "projected_nullity": 83, "verified": true, "rank": 83, "secs": {"split": 0.1, "trisolve": 1.3, "schur": 1.7, "nullspace": 0.0, "lift_verify": 2.5, "rank": 0.1}}], "secs": 5.8}, "ev_secs": 23.1, "rank_secs": 4.4, "secs": 33.2, "hwm_gb": 0.52}}, "sides": {"det": {"mult": 83, "per_prime": {"2147483647": 83, "2147483629": 83}, "primes_agree": true, "instrument": "hybrid kernel + det evaluation rows", "status": "proved (full rank at both primes: mult = a over Q)"}, "per4": {"mult": 83, "per_prime": {"2147483647": 83, "2147483629": 83}, "primes_agree": true, "instrument": "hybrid kernel + per4 evaluation rows", "status": "proved (full rank at both primes: mult = a over Q)"}, "red_star": {"mult": 80, "per_prime": {"2147483647": 80, "2147483629": 80}, "primes_agree": true, "instrument": "hybrid kernel + (star)", "status": "measured (exact mod both primes, kernel exhibited): mult = 80"}, "red_pts": {"mult": 80, "per_prime": {"2147483647": 80, "2147483629": 80}, "primes_agree": true, "instrument": "hybrid kernel + red_pts evaluation rows", "status": "measured (exact mod both primes, kernel exhibited): mult = 80"}}, "mult_det": 83, "mult_per4": 83, "mult_red_star": 80, "mult_red_pts": 80, "mult_red": 80, "star_eq_pts": true, "i_det": 0, "i_red": 3, "i_per4": 0, "D": -3, "refute": false, "halt": false, "ok": true, "secs": 42.1, "hwm_gb": 0.52, "certs": [["results/certs/s71/34_10_10_1_1_d14_hybrid_p2147483647.json.gz", 29761], ["results/certs/s71/34_10_10_1_1_d14_hybrid_p2147483629.json.gz", 29760]]}
