      level 1: 35 prefixes
      level 2: 427 prefixes
      level 3: 3128 prefixes
      level 4: 16463 prefixes
      level 5: 58724 prefixes
      level 6: 130734 prefixes
      level 7: 187439 prefixes
      level 8: 208007 prefixes
      level 9: 211433 prefixes
      level 10: 211636 prefixes
      level 11: 211636 prefixes
      level 12: 211636 prefixes
      level 13: 211636 prefixes
      level 14: 211636 prefixes
  lam=(35, 10, 9, 1, 1): N_S=211636 |Stab|=2 n_chi=82004 (orbits dropped: 47628) [lean, 0s, HWM 0.13 GB]
    E_01: |H|=2 targets 148210 canonical rows 57142 nnz 344504 (obstructed fixed targets cancelled: 12788) [1s, HWM 0.13 GB]
    E_12: |H|=2 targets 194187 canonical rows 75091 nnz 331825 (obstructed fixed targets cancelled: 8820) [2s, HWM 0.14 GB]
    E_23: |H|=1 targets 51960 canonical rows 51958 nnz 164008 (obstructed fixed targets cancelled: 0) [3s, HWM 0.14 GB]
    E_34: |H|=1 targets 129632 canonical rows 0 nnz 0 (obstructed fixed targets cancelled: 0) [3s, HWM 0.14 GB]
  built (35, 10, 9, 1, 1) d14: N_S=211636 |Stab|=2 n_chi=82004 rows=184191 nnz=840337 (4s: mono 1s orbits 0s rows 3s; HWM 0.14 GB)
  sieve (35, 10, 9, 1, 1) d14: cover(E) 81470/82004 by reversed (a=137, |U|=534, excess 397; {'natural': 76129, 'reversed': 81470, 'fill_asc': 61666, 'fill_desc': 61978, 'random': 47533}); cover(E_red) 69349/69840 (0.4s)
    hybrid[35_10_9_1_1d14] p=2147483629 attempt 0: |S|=81470 |U|=534 (a=137, excess 397) m=598 blocks 1x534 projected nullity 137, verified=True, rank 137 [split 0.2s trisolve 10.5s schur 4.9s null 0.4s lift 5.4s rank 0.5s]
    hybrid[35_10_9_1_1d14] p=2147483647 attempt 0: |S|=81470 |U|=534 (a=137, excess 397) m=598 blocks 1x534 projected nullity 137, verified=True, rank 137 [split 0.2s trisolve 10.6s schur 5.4s null 0.4s lift 4.9s rank 0.9s]
  RESULT (35, 10, 9, 1, 1) d14: a=137 n_chi=82004 |U|=534 mult_det=137 mult_per4=137 mult_red(star)=131 mult_red(pts)=131 i_det=0 i_red=6 i_per4=0 D=-6  (90.5s, HWM 0.95 GB)
RESULT {"lam": [35, 10, 9, 1, 1], "delta": 14, "ell": 5, "a": 137, "K": 145, "N_S": 211636, "stab": 2, "n_chi": 82004, "nrows": 184191, "nnz": 840337, "nfixed": 21608, "build_secs": 4.4, "build_hwm_gb": 0.14, "route": "hybrid", "h_pad": 208, "seeds": {"det": 11, "red": 29, "per4": 47, "hybrid": 20260908}, "bound": 40, "primes": [2147483647, 2147483629], "n_red": 69840, "cover_E": {"size": 81470, "order": "reversed", "stats": {"natural": 76129, "reversed": 81470, "fill_asc": 61666, "fill_desc": 61978, "random": 47533}, "n_chi": 82004, "a": 137, "excess": 397, "certified_rank_lb": 81470}, "cover_Ered": {"size": 69349, "order": "reversed", "stats": {"natural": 65993, "reversed": 69349, "fill_asc": 54105, "fill_desc": 54310, "random": 41784}, "n_red": 69840, "certified": false}, "sieve_secs": 0.4, "pred_mem_x_bytes": 218958112, "primes_concurrent": true, "per_prime": {"2147483647": {"sides": {"det": {"mult": 137, "nullity": 0, "instrument": "hybrid kernel + det evaluation rows"}, "per4": {"mult": 137, "nullity": 0, "instrument": "hybrid kernel + per4 evaluation rows"}, "red_pts": {"mult": 131, "nullity": 6, "instrument": "hybrid kernel + red_pts evaluation rows"}, "red_star": {"mult": 131, "nullity": 6, "instrument": "hybrid kernel + (star)"}}, "hybrid": {"nS": 81470, "nU": 534, "excess": 397, "nnzT": 309092, "rows_other": 102721, "order": "reversed", "cover_stats": {"natural": 76129, "reversed": 81470, "fill_asc": 61666, "fill_desc": 61978, "random": 47533}, "ublock": 534, "nblocks": 1, "attempts": [{"attempt": 0, "m": 598, "nproj": 8, "projected_nullity": 137, "verified": true, "rank": 137, "secs": {"split": 0.2, "trisolve": 10.6, "schur": 5.4, "nullspace": 0.4, "lift_verify": 4.9, "rank": 0.9}}], "secs": 22.5}, "ev_secs": 46.4, "rank_secs": 16.6, "secs": 85.5, "hwm_gb": 0.95}, "2147483629": {"sides": {"det": {"mult": 137, "nullity": 0, "instrument": "hybrid kernel + det evaluation rows"}, "per4": {"mult": 137, "nullity": 0, "instrument": "hybrid kernel + per4 evaluation rows"}, "red_pts": {"mult": 131, "nullity": 6, "instrument": "hybrid kernel + red_pts evaluation rows"}, "red_star": {"mult": 131, "nullity": 6, "instrument": "hybrid kernel + (star)"}}, "hybrid": {"nS": 81470, "nU": 534, "excess": 397, "nnzT": 309092, "rows_other": 102721, "order": "reversed", "cover_stats": {"natural": 76129, "reversed": 81470, "fill_asc": 61666, "fill_desc": 61978, "random": 47533}, "ublock": 534, "nblocks": 1, "attempts": [{"attempt": 0, "m": 598, "nproj": 8, "projected_nullity": 137, "verified": true, "rank": 137, "secs": {"split": 0.2, "trisolve": 10.5, "schur": 4.9, "nullspace": 0.4, "lift_verify": 5.4, "rank": 0.5}}], "secs": 22.0}, "ev_secs": 45.9, "rank_secs": 17.4, "secs": 85.3, "hwm_gb": 0.95}}, "sides": {"det": {"mult": 137, "per_prime": {"2147483647": 137, "2147483629": 137}, "primes_agree": true, "instrument": "hybrid kernel + det evaluation rows", "status": "proved (full rank at both primes: mult = a over Q)"}, "per4": {"mult": 137, "per_prime": {"2147483647": 137, "2147483629": 137}, "primes_agree": true, "instrument": "hybrid kernel + per4 evaluation rows", "status": "proved (full rank at both primes: mult = a over Q)"}, "red_star": {"mult": 131, "per_prime": {"2147483647": 131, "2147483629": 131}, "primes_agree": true, "instrument": "hybrid kernel + (star)", "status": "measured (exact mod both primes, kernel exhibited): mult = 131"}, "red_pts": {"mult": 131, "per_prime": {"2147483647": 131, "2147483629": 131}, "primes_agree": true, "instrument": "hybrid kernel + red_pts evaluation rows", "status": "measured (exact mod both primes, kernel exhibited): mult = 131"}}, "mult_det": 137, "mult_per4": 137, "mult_red_star": 131, "mult_red_pts": 131, "mult_red": 131, "star_eq_pts": true, "i_det": 0, "i_red": 6, "i_per4": 0, "D": -6, "refute": false, "halt": false, "ok": true, "secs": 90.5, "hwm_gb": 0.95, "certs": [["results/certs/s71/35_10_9_1_1_d14_hybrid_p2147483647.json.gz", 44656], ["results/certs/s71/35_10_9_1_1_d14_hybrid_p2147483629.json.gz", 44657]]}
