      level 1: 45 prefixes
      level 2: 685 prefixes
      level 3: 5235 prefixes
      level 4: 23926 prefixes
      level 5: 62796 prefixes
      level 6: 95419 prefixes
      level 7: 105854 prefixes
      level 8: 107056 prefixes
      level 9: 107083 prefixes
      level 10: 107083 prefixes
      level 11: 107083 prefixes
      level 12: 107083 prefixes
      level 13: 107083 prefixes
  lam=(34, 10, 5, 2, 1): N_S=107083 |Stab|=1 n_chi=107083 (orbits dropped: 0) [lean, 0s, HWM 0.10 GB]
    E_01: |H|=1 targets 76655 canonical rows 76655 nnz 453103 (obstructed fixed targets cancelled: 0) [1s, HWM 0.11 GB]
    E_12: |H|=1 targets 73590 canonical rows 73590 nnz 319550 (obstructed fixed targets cancelled: 0) [1s, HWM 0.11 GB]
    E_23: |H|=1 targets 54448 canonical rows 54448 nnz 176545 (obstructed fixed targets cancelled: 0) [2s, HWM 0.11 GB]
    E_34: |H|=1 targets 49915 canonical rows 49915 nnz 107083 (obstructed fixed targets cancelled: 0) [2s, HWM 0.11 GB]
  built (34, 10, 5, 2, 1) d13: N_S=107083 |Stab|=1 n_chi=107083 rows=254608 nnz=1056281 (2s: mono 0s orbits 0s rows 2s; HWM 0.11 GB)
  sieve (34, 10, 5, 2, 1) d13: cover(E) 106706/107083 by reversed (a=245, |U|=377, excess 132; {'natural': 102855, 'reversed': 106706, 'fill_asc': 88861, 'fill_desc': 86939, 'random': 70576}); cover(E_red) 83022/83330 (0.5s)
    hybrid[34_10_5_2_1d13] p=2147483629 attempt 0: |S|=106706 |U|=377 (a=245, excess 132) m=441 blocks 1x377 projected nullity 245, verified=True, rank 245 [split 0.2s trisolve 6.1s schur 5.3s null 0.3s lift 13.2s rank 2.3s]
    hybrid[34_10_5_2_1d13] p=2147483647 attempt 0: |S|=106706 |U|=377 (a=245, excess 132) m=441 blocks 1x377 projected nullity 245, verified=True, rank 245 [split 0.2s trisolve 6.0s schur 5.0s null 0.2s lift 14.1s rank 2.3s]
  RESULT (34, 10, 5, 2, 1) d13: a=245 n_chi=107083 |U|=377 mult_det=245 mult_per4=245 mult_red(star)=245 mult_red(pts)=245 i_det=0 i_red=0 i_per4=0 D=0  (141.3s, HWM 1.78 GB)
RESULT {"lam": [34, 10, 5, 2, 1], "delta": 13, "ell": 5, "a": 245, "K": 253, "N_S": 107083, "stab": 1, "n_chi": 107083, "nrows": 254608, "nnz": 1056281, "nfixed": 0, "build_secs": 2.4, "build_hwm_gb": 0.11, "route": "hybrid", "h_pad": 552, "seeds": {"det": 11, "red": 29, "per4": 47, "hybrid": 20260908}, "bound": 40, "primes": [2147483647, 2147483629], "n_red": 83330, "cover_E": {"size": 106706, "order": "reversed", "stats": {"natural": 102855, "reversed": 106706, "fill_asc": 88861, "fill_desc": 86939, "random": 70576}, "n_chi": 107083, "a": 245, "excess": 132, "certified_rank_lb": 106706}, "cover_Ered": {"size": 83022, "order": "reversed", "stats": {"natural": 81139, "reversed": 83022, "fill_asc": 71876, "fill_desc": 70811, "random": 57864}, "n_red": 83330, "certified": false}, "sieve_secs": 0.5, "pred_mem_x_bytes": 265853988, "primes_concurrent": true, "per_prime": {"2147483647": {"sides": {"det": {"mult": 245, "nullity": 0, "instrument": "hybrid kernel + det evaluation rows"}, "per4": {"mult": 245, "nullity": 0, "instrument": "hybrid kernel + per4 evaluation rows"}, "red_pts": {"mult": 245, "nullity": 0, "instrument": "hybrid kernel + red_pts evaluation rows"}, "red_star": {"mult": 245, "nullity": 0, "instrument": "hybrid kernel + (star)"}}, "hybrid": {"nS": 106706, "nU": 377, "excess": 132, "nnzT": 313457, "rows_other": 147902, "order": "reversed", "cover_stats": {"natural": 102855, "reversed": 106706, "fill_asc": 88861, "fill_desc": 86939, "random": 70576}, "ublock": 377, "nblocks": 1, "attempts": [{"attempt": 0, "m": 441, "nproj": 8, "projected_nullity": 245, "verified": true, "rank": 245, "secs": {"split": 0.2, "trisolve": 6.0, "schur": 5.0, "nullspace": 0.2, "lift_verify": 14.1, "rank": 2.3}}], "secs": 28.1}, "ev_secs": 58.4, "rank_secs": 47.9, "secs": 134.4, "hwm_gb": 1.78}, "2147483629": {"sides": {"det": {"mult": 245, "nullity": 0, "instrument": "hybrid kernel + det evaluation rows"}, "per4": {"mult": 245, "nullity": 0, "instrument": "hybrid kernel + per4 evaluation rows"}, "red_pts": {"mult": 245, "nullity": 0, "instrument": "hybrid kernel + red_pts evaluation rows"}, "red_star": {"mult": 245, "nullity": 0, "instrument": "hybrid kernel + (star)"}}, "hybrid": {"nS": 106706, "nU": 377, "excess": 132, "nnzT": 313457, "rows_other": 147902, "order": "reversed", "cover_stats": {"natural": 102855, "reversed": 106706, "fill_asc": 88861, "fill_desc": 86939, "random": 70576}, "ublock": 377, "nblocks": 1, "attempts": [{"attempt": 0, "m": 441, "nproj": 8, "projected_nullity": 245, "verified": true, "rank": 245, "secs": {"split": 0.2, "trisolve": 6.1, "schur": 5.3, "nullspace": 0.3, "lift_verify": 13.2, "rank": 2.3}}], "secs": 27.5}, "ev_secs": 58.8, "rank_secs": 51.8, "secs": 138.2, "hwm_gb": 1.78}}, "sides": {"det": {"mult": 245, "per_prime": {"2147483647": 245, "2147483629": 245}, "primes_agree": true, "instrument": "hybrid kernel + det evaluation rows", "status": "proved (full rank at both primes: mult = a over Q)"}, "per4": {"mult": 245, "per_prime": {"2147483647": 245, "2147483629": 245}, "primes_agree": true, "instrument": "hybrid kernel + per4 evaluation rows", "status": "proved (full rank at both primes: mult = a over Q)"}, "red_star": {"mult": 245, "per_prime": {"2147483647": 245, "2147483629": 245}, "primes_agree": true, "instrument": "hybrid kernel + (star)", "status": "proved (full rank at both primes: mult = a over Q)"}, "red_pts": {"mult": 245, "per_prime": {"2147483647": 245, "2147483629": 245}, "primes_agree": true, "instrument": "hybrid kernel + red_pts evaluation rows", "status": "proved (full rank at both primes: mult = a over Q)"}}, "mult_det": 245, "mult_per4": 245, "mult_red_star": 245, "mult_red_pts": 245, "mult_red": 245, "star_eq_pts": true, "i_det": 0, "i_red": 0, "i_per4": 0, "D": 0, "refute": false, "halt": false, "ok": true, "secs": 141.3, "hwm_gb": 1.78, "certs": [["results/certs/s71/34_10_5_2_1_d13_hybrid_p2147483647.json.gz", 75653], ["results/certs/s71/34_10_5_2_1_d13_hybrid_p2147483629.json.gz", 75658]]}
