      level 1: 56 prefixes
      level 2: 1359 prefixes
      level 3: 15974 prefixes
      level 4: 85800 prefixes
      level 5: 190217 prefixes
      level 6: 234051 prefixes
      level 7: 239052 prefixes
      level 8: 239143 prefixes
      level 9: 239143 prefixes
      level 10: 239143 prefixes
  lam=(24, 5, 5, 4, 2): N_S=239143 |Stab|=2 n_chi=117736 (orbits dropped: 3671) [lean, 0s, HWM 0.13 GB]
    E_01: |H|=1 targets 124452 canonical rows 124452 nnz 722988 (obstructed fixed targets cancelled: 0) [1s, HWM 0.13 GB]
    E_12: |H|=1 targets 216353 canonical rows 216278 nnz 709020 (obstructed fixed targets cancelled: 0) [2s, HWM 0.16 GB]
    E_23: |H|=1 targets 188872 canonical rows 188834 nnz 630972 (obstructed fixed targets cancelled: 0) [3s, HWM 0.16 GB]
    E_34: |H|=2 targets 131632 canonical rows 64797 nnz 196512 (obstructed fixed targets cancelled: 724) [3s, HWM 0.16 GB]
  built (24, 5, 5, 4, 2) d10: N_S=239143 |Stab|=2 n_chi=117736 rows=594361 nnz=2259492 (4s: mono 1s orbits 0s rows 3s; HWM 0.16 GB)
  sieve (24, 5, 5, 4, 2) d10: cover(E) 117630/117736 by reversed (a=13, |U|=106, excess 93; {'natural': 114802, 'reversed': 117630, 'fill_asc': 108209, 'fill_desc': 107272, 'random': 88720}); cover(E_red) 87757/87844 (1.1s)
    hybrid[24_5_5_4_2d10] p=2147483647 attempt 0: |S|=117630 |U|=106 (a=13, excess 93) m=170 blocks 1x106 projected nullity 13, verified=True, rank 13 [split 0.3s trisolve 3.5s schur 3.9s null 0.0s lift 2.1s rank 0.2s]
    hybrid[24_5_5_4_2d10] p=2147483629 attempt 0: |S|=117630 |U|=106 (a=13, excess 93) m=170 blocks 1x106 projected nullity 13, verified=True, rank 13 [split 0.2s trisolve 3.5s schur 3.8s null 0.0s lift 2.6s rank 0.2s]
  RESULT (24, 5, 5, 4, 2) d10: a=13 n_chi=117736 |U|=106 mult_det=13 mult_per4=13 mult_red(star)=13 mult_red(pts)=13 i_det=0 i_red=0 i_per4=0 D=0  (27.3s, HWM 0.38 GB)
RESULT {"lam": [24, 5, 5, 4, 2], "delta": 10, "ell": 5, "a": 13, "K": 21, "N_S": 239143, "stab": 2, "n_chi": 117736, "nrows": 594361, "nnz": 2259492, "nfixed": 724, "build_secs": 4.4, "build_hwm_gb": 0.16, "route": "hybrid", "h_pad": 52, "seeds": {"det": 11, "red": 29, "per4": 47, "hybrid": 20260908}, "bound": 40, "primes": [2147483647, 2147483629], "n_red": 87844, "cover_E": {"size": 117630, "order": "reversed", "stats": {"natural": 114802, "reversed": 117630, "fill_asc": 108209, "fill_desc": 107272, "random": 88720}, "n_chi": 117736, "a": 13, "excess": 93, "certified_rank_lb": 117630}, "cover_Ered": {"size": 87757, "order": "reversed", "stats": {"natural": 86398, "reversed": 87757, "fill_asc": 83391, "fill_desc": 82195, "random": 69123}, "n_red": 87844, "certified": false}, "sieve_secs": 1.1, "pred_mem_x_bytes": 55997392, "primes_concurrent": true, "per_prime": {"2147483647": {"sides": {"det": {"mult": 13, "nullity": 0, "instrument": "hybrid kernel + det evaluation rows"}, "per4": {"mult": 13, "nullity": 0, "instrument": "hybrid kernel + per4 evaluation rows"}, "red_pts": {"mult": 13, "nullity": 0, "instrument": "hybrid kernel + red_pts evaluation rows"}, "red_star": {"mult": 13, "nullity": 0, "instrument": "hybrid kernel + (star)"}}, "hybrid": {"nS": 117630, "nU": 106, "excess": 93, "nnzT": 310451, "rows_other": 476731, "order": "reversed", "cover_stats": {"natural": 114802, "reversed": 117630, "fill_asc": 108209, "fill_desc": 107272, "random": 88720}, "ublock": 106, "nblocks": 1, "attempts": [{"attempt": 0, "m": 170, "nproj": 8, "projected_nullity": 13, "verified": true, "rank": 13, "secs": {"split": 0.3, "trisolve": 3.5, "schur": 3.9, "nullspace": 0.0, "lift_verify": 2.1, "rank": 0.2}}], "secs": 10.3}, "ev_secs": 9.1, "rank_secs": 2.3, "secs": 21.6, "hwm_gb": 0.38}, "2147483629": {"sides": {"det": {"mult": 13, "nullity": 0, "instrument": "hybrid kernel + det evaluation rows"}, "per4": {"mult": 13, "nullity": 0, "instrument": "hybrid kernel + per4 evaluation rows"}, "red_pts": {"mult": 13, "nullity": 0, "instrument": "hybrid kernel + red_pts evaluation rows"}, "red_star": {"mult": 13, "nullity": 0, "instrument": "hybrid kernel + (star)"}}, "hybrid": {"nS": 117630, "nU": 106, "excess": 93, "nnzT": 310451, "rows_other": 476731, "order": "reversed", "cover_stats": {"natural": 114802, "reversed": 117630, "fill_asc": 108209, "fill_desc": 107272, "random": 88720}, "ublock": 106, "nblocks": 1, "attempts": [{"attempt": 0, "m": 170, "nproj": 8, "projected_nullity": 13, "verified": true, "rank": 13, "secs": {"split": 0.2, "trisolve": 3.5, "schur": 3.8, "nullspace": 0.0, "lift_verify": 2.6, "rank": 0.2}}], "secs": 10.6}, "ev_secs": 8.7, "rank_secs": 2.3, "secs": 21.6, "hwm_gb": 0.38}}, "sides": {"det": {"mult": 13, "per_prime": {"2147483647": 13, "2147483629": 13}, "primes_agree": true, "instrument": "hybrid kernel + det evaluation rows", "status": "proved (full rank at both primes: mult = a over Q)"}, "per4": {"mult": 13, "per_prime": {"2147483647": 13, "2147483629": 13}, "primes_agree": true, "instrument": "hybrid kernel + per4 evaluation rows", "status": "proved (full rank at both primes: mult = a over Q)"}, "red_star": {"mult": 13, "per_prime": {"2147483647": 13, "2147483629": 13}, "primes_agree": true, "instrument": "hybrid kernel + (star)", "status": "proved (full rank at both primes: mult = a over Q)"}, "red_pts": {"mult": 13, "per_prime": {"2147483647": 13, "2147483629": 13}, "primes_agree": true, "instrument": "hybrid kernel + red_pts evaluation rows", "status": "proved (full rank at both primes: mult = a over Q)"}}, "mult_det": 13, "mult_per4": 13, "mult_red_star": 13, "mult_red_pts": 13, "mult_red": 13, "star_eq_pts": true, "i_det": 0, "i_red": 0, "i_per4": 0, "D": 0, "refute": false, "halt": false, "ok": true, "secs": 27.3, "hwm_gb": 0.38, "certs": [["results/certs/s71/24_5_5_4_2_d10_hybrid_p2147483647.json.gz", 8344], ["results/certs/s71/24_5_5_4_2_d10_hybrid_p2147483629.json.gz", 8345]]}
