      level 1: 36 prefixes
      level 2: 426 prefixes
      level 3: 2600 prefixes
      level 4: 10418 prefixes
      level 5: 29271 prefixes
      level 6: 60827 prefixes
      level 7: 91027 prefixes
      level 8: 106360 prefixes
      level 9: 110615 prefixes
      level 10: 111146 prefixes
      level 11: 111160 prefixes
      level 12: 111160 prefixes
      level 13: 111160 prefixes
      level 14: 111160 prefixes
      level 15: 111160 prefixes
      level 16: 111160 prefixes
      level 17: 111160 prefixes
  lam=(46, 15, 5, 1, 1): N_S=111160 |Stab|=2 n_chi=42169 (orbits dropped: 26822) [lean, 0s, HWM 0.10 GB]
    E_01: |H|=2 targets 89552 canonical rows 33897 nnz 198105 (obstructed fixed targets cancelled: 8305) [1s, HWM 0.10 GB]
    E_12: |H|=2 targets 67859 canonical rows 25336 nnz 121348 (obstructed fixed targets cancelled: 4468) [1s, HWM 0.11 GB]
    E_23: |H|=1 targets 35738 canonical rows 35679 nnz 84338 (obstructed fixed targets cancelled: 0) [2s, HWM 0.11 GB]
    E_34: |H|=1 targets 68991 canonical rows 0 nnz 0 (obstructed fixed targets cancelled: 0) [2s, HWM 0.11 GB]
  built (46, 15, 5, 1, 1) d17: N_S=111160 |Stab|=2 n_chi=42169 rows=94912 nnz=403791 (3s: mono 1s orbits 0s rows 2s; HWM 0.11 GB)
  sieve (46, 15, 5, 1, 1) d17: cover(E) 41916/42169 by reversed (a=220, |U|=253, excess 33; {'natural': 38496, 'reversed': 41916, 'fill_asc': 32364, 'fill_desc': 32732, 'random': 26778}); cover(E_red) 35079/35309 (0.2s)
    hybrid[46_15_5_1_1d17] p=2147483647 attempt 0: |S|=41916 |U|=253 (a=220, excess 33) m=317 projected nullity 220, verified=True, rank 220 [split 0.1s trisolve 0.2s schur 0.6s null 0.1s lift 2.8s]
    hybrid[46_15_5_1_1d17] p=2147483629 attempt 0: |S|=41916 |U|=253 (a=220, excess 33) m=317 projected nullity 220, verified=True, rank 220 [split 0.1s trisolve 0.2s schur 0.6s null 0.1s lift 2.8s]
  RESULT (46, 15, 5, 1, 1) d17: a=220 n_chi=42169 |U|=253 mult_det=220 mult_per4=220 mult_red(star)=219 mult_red(pts)=219 i_det=0 i_red=1 i_per4=0 D=-1  (37.6s, HWM 0.88 GB)
RESULT {"lam": [46, 15, 5, 1, 1], "delta": 17, "ell": 5, "a": 220, "K": 228, "N_S": 111160, "stab": 2, "n_chi": 42169, "nrows": 94912, "nnz": 403791, "nfixed": 12773, "build_secs": 2.7, "build_hwm_gb": 0.11, "route": "hybrid", "h_pad": 410, "seeds": {"det": 11, "red": 29, "per4": 47, "hybrid": 20260908}, "bound": 40, "primes": [2147483647, 2147483629], "n_red": 35309, "cover_E": {"size": 41916, "order": "reversed", "stats": {"natural": 38496, "reversed": 41916, "fill_asc": 32364, "fill_desc": 32732, "random": 26778}, "n_chi": 42169, "a": 220, "excess": 33, "certified_rank_lb": 41916}, "cover_Ered": {"size": 35079, "order": "reversed", "stats": {"natural": 32685, "reversed": 35079, "fill_asc": 28112, "fill_desc": 28260, "random": 23025}, "n_red": 35309, "certified": false}, "sieve_secs": 0.2, "pred_mem_x_bytes": 42418992, "primes_concurrent": true, "per_prime": {"2147483647": {"sides": {"det": {"mult": 220, "nullity": 0, "instrument": "hybrid kernel + det evaluation rows"}, "per4": {"mult": 220, "nullity": 0, "instrument": "hybrid kernel + per4 evaluation rows"}, "red_pts": {"mult": 219, "nullity": 1, "instrument": "hybrid kernel + red_pts evaluation rows"}, "red_star": {"mult": 219, "nullity": 1, "instrument": "hybrid kernel + (star)"}}, "hybrid": {"nS": 41916, "nU": 253, "excess": 33, "nnzT": 142710, "rows_other": 52996, "order": "reversed", "cover_stats": {"natural": 38496, "reversed": 41916, "fill_asc": 32364, "fill_desc": 32732, "random": 26778}, "attempts": [{"attempt": 0, "m": 317, "nproj": 8, "projected_nullity": 220, "verified": true, "rank": 220, "secs": {"split": 0.1, "trisolve": 0.2, "schur": 0.6, "nullspace": 0.1, "lift_verify": 2.8}}], "secs": 4.1}, "ev_secs": 21.4, "rank_secs": 8.5, "secs": 34.0, "hwm_gb": 0.88}, "2147483629": {"sides": {"det": {"mult": 220, "nullity": 0, "instrument": "hybrid kernel + det evaluation rows"}, "per4": {"mult": 220, "nullity": 0, "instrument": "hybrid kernel + per4 evaluation rows"}, "red_pts": {"mult": 219, "nullity": 1, "instrument": "hybrid kernel + red_pts evaluation rows"}, "red_star": {"mult": 219, "nullity": 1, "instrument": "hybrid kernel + (star)"}}, "hybrid": {"nS": 41916, "nU": 253, "excess": 33, "nnzT": 142710, "rows_other": 52996, "order": "reversed", "cover_stats": {"natural": 38496, "reversed": 41916, "fill_asc": 32364, "fill_desc": 32732, "random": 26778}, "attempts": [{"attempt": 0, "m": 317, "nproj": 8, "projected_nullity": 220, "verified": true, "rank": 220, "secs": {"split": 0.1, "trisolve": 0.2, "schur": 0.6, "nullspace": 0.1, "lift_verify": 2.8}}], "secs": 4.2}, "ev_secs": 22.2, "rank_secs": 8.1, "secs": 34.5, "hwm_gb": 0.88}}, "sides": {"det": {"mult": 220, "per_prime": {"2147483647": 220, "2147483629": 220}, "primes_agree": true, "instrument": "hybrid kernel + det evaluation rows", "status": "proved (full rank at both primes: mult = a over Q)"}, "per4": {"mult": 220, "per_prime": {"2147483647": 220, "2147483629": 220}, "primes_agree": true, "instrument": "hybrid kernel + per4 evaluation rows", "status": "proved (full rank at both primes: mult = a over Q)"}, "red_star": {"mult": 219, "per_prime": {"2147483647": 219, "2147483629": 219}, "primes_agree": true, "instrument": "hybrid kernel + (star)", "status": "measured (exact mod both primes, kernel exhibited): mult = 219"}, "red_pts": {"mult": 219, "per_prime": {"2147483647": 219, "2147483629": 219}, "primes_agree": true, "instrument": "hybrid kernel + red_pts evaluation rows", "status": "measured (exact mod both primes, kernel exhibited): mult = 219"}}, "mult_det": 220, "mult_per4": 220, "mult_red_star": 219, "mult_red_pts": 219, "mult_red": 219, "star_eq_pts": true, "i_det": 0, "i_red": 1, "i_per4": 0, "D": -1, "refute": false, "halt": false, "ok": true, "secs": 37.6, "hwm_gb": 0.88, "certs": [["results/certs/s71/46_15_5_1_1_d17_hybrid_p2147483647.json.gz", 68938], ["results/certs/s71/46_15_5_1_1_d17_hybrid_p2147483629.json.gz", 68937]]}
