      level 1: 45 prefixes
      level 2: 639 prefixes
      level 3: 4468 prefixes
      level 4: 18015 prefixes
      level 5: 44298 prefixes
      level 6: 66077 prefixes
      level 7: 73294 prefixes
      level 8: 74195 prefixes
      level 9: 74217 prefixes
      level 10: 74217 prefixes
      level 11: 74217 prefixes
      level 12: 74217 prefixes
      level 13: 74217 prefixes
      level 14: 74217 prefixes
  lam=(38, 11, 4, 2, 1): N_S=74217 |Stab|=1 n_chi=74217 (orbits dropped: 0) [lean, 0s, HWM 0.09 GB]
    E_01: |H|=1 targets 55179 canonical rows 55179 nnz 321193 (obstructed fixed targets cancelled: 0) [1s, HWM 0.10 GB]
    E_12: |H|=1 targets 43714 canonical rows 43714 nnz 191656 (obstructed fixed targets cancelled: 0) [1s, HWM 0.10 GB]
    E_23: |H|=1 targets 41736 canonical rows 41736 nnz 121637 (obstructed fixed targets cancelled: 0) [1s, HWM 0.10 GB]
    E_34: |H|=1 targets 34923 canonical rows 34923 nnz 74217 (obstructed fixed targets cancelled: 0) [1s, HWM 0.10 GB]
  built (38, 11, 4, 2, 1) d14: N_S=74217 |Stab|=1 n_chi=74217 rows=175552 nnz=708703 (2s: mono 0s orbits 0s rows 1s; HWM 0.10 GB)
  sieve (38, 11, 4, 2, 1) d14: cover(E) 73968/74217 by reversed (a=191, |U|=249, excess 58; {'natural': 71335, 'reversed': 73968, 'fill_asc': 61560, 'fill_desc': 60047, 'random': 50046}); cover(E_red) 56728/56928 (0.3s)
    hybrid[38_11_4_2_1d14] p=2147483629 attempt 0: |S|=73968 |U|=249 (a=191, excess 58) m=313 blocks 1x249 projected nullity 191, verified=True, rank 191 [split 0.1s trisolve 2.6s schur 2.4s null 0.1s lift 6.5s rank 1.1s]
    hybrid[38_11_4_2_1d14] p=2147483647 attempt 0: |S|=73968 |U|=249 (a=191, excess 58) m=313 blocks 1x249 projected nullity 191, verified=True, rank 191 [split 0.1s trisolve 2.6s schur 2.3s null 0.1s lift 6.6s rank 1.1s]
  RESULT (38, 11, 4, 2, 1) d14: a=191 n_chi=74217 |U|=249 mult_det=191 mult_per4=191 mult_red(star)=191 mult_red(pts)=191 i_det=0 i_red=0 i_per4=0 D=0  (73.4s, HWM 1.05 GB)
RESULT {"lam": [38, 11, 4, 2, 1], "delta": 14, "ell": 5, "a": 191, "K": 199, "N_S": 74217, "stab": 1, "n_chi": 74217, "nrows": 175552, "nnz": 708703, "nfixed": 0, "build_secs": 1.6, "build_hwm_gb": 0.1, "route": "hybrid", "h_pad": 464, "seeds": {"det": 11, "red": 29, "per4": 47, "hybrid": 20260908}, "bound": 40, "primes": [2147483647, 2147483629], "n_red": 56928, "cover_E": {"size": 73968, "order": "reversed", "stats": {"natural": 71335, "reversed": 73968, "fill_asc": 61560, "fill_desc": 60047, "random": 50046}, "n_chi": 74217, "a": 191, "excess": 58, "certified_rank_lb": 73968}, "cover_Ered": {"size": 56728, "order": "reversed", "stats": {"natural": 55434, "reversed": 56728, "fill_asc": 49251, "fill_desc": 48565, "random": 40439}, "n_red": 56928, "certified": false}, "sieve_secs": 0.3, "pred_mem_x_bytes": 130373916, "primes_concurrent": true, "per_prime": {"2147483647": {"sides": {"det": {"mult": 191, "nullity": 0, "instrument": "hybrid kernel + det evaluation rows"}, "per4": {"mult": 191, "nullity": 0, "instrument": "hybrid kernel + per4 evaluation rows"}, "red_pts": {"mult": 191, "nullity": 0, "instrument": "hybrid kernel + red_pts evaluation rows"}, "red_star": {"mult": 191, "nullity": 0, "instrument": "hybrid kernel + (star)"}}, "hybrid": {"nS": 73968, "nU": 249, "excess": 58, "nnzT": 207254, "rows_other": 101584, "order": "reversed", "cover_stats": {"natural": 71335, "reversed": 73968, "fill_asc": 61560, "fill_desc": 60047, "random": 50046}, "ublock": 249, "nblocks": 1, "attempts": [{"attempt": 0, "m": 313, "nproj": 8, "projected_nullity": 191, "verified": true, "rank": 191, "secs": {"split": 0.1, "trisolve": 2.6, "schur": 2.3, "nullspace": 0.1, "lift_verify": 6.6, "rank": 1.1}}], "secs": 13.0}, "ev_secs": 34.9, "rank_secs": 23.4, "secs": 71.3, "hwm_gb": 1.05}, "2147483629": {"sides": {"det": {"mult": 191, "nullity": 0, "instrument": "hybrid kernel + det evaluation rows"}, "per4": {"mult": 191, "nullity": 0, "instrument": "hybrid kernel + per4 evaluation rows"}, "red_pts": {"mult": 191, "nullity": 0, "instrument": "hybrid kernel + red_pts evaluation rows"}, "red_star": {"mult": 191, "nullity": 0, "instrument": "hybrid kernel + (star)"}}, "hybrid": {"nS": 73968, "nU": 249, "excess": 58, "nnzT": 207254, "rows_other": 101584, "order": "reversed", "cover_stats": {"natural": 71335, "reversed": 73968, "fill_asc": 61560, "fill_desc": 60047, "random": 50046}, "ublock": 249, "nblocks": 1, "attempts": [{"attempt": 0, "m": 313, "nproj": 8, "projected_nullity": 191, "verified": true, "rank": 191, "secs": {"split": 0.1, "trisolve": 2.6, "schur": 2.4, "nullspace": 0.1, "lift_verify": 6.5, "rank": 1.1}}], "secs": 12.8}, "ev_secs": 34.7, "rank_secs": 23.8, "secs": 71.3, "hwm_gb": 1.05}}, "sides": {"det": {"mult": 191, "per_prime": {"2147483647": 191, "2147483629": 191}, "primes_agree": true, "instrument": "hybrid kernel + det evaluation rows", "status": "proved (full rank at both primes: mult = a over Q)"}, "per4": {"mult": 191, "per_prime": {"2147483647": 191, "2147483629": 191}, "primes_agree": true, "instrument": "hybrid kernel + per4 evaluation rows", "status": "proved (full rank at both primes: mult = a over Q)"}, "red_star": {"mult": 191, "per_prime": {"2147483647": 191, "2147483629": 191}, "primes_agree": true, "instrument": "hybrid kernel + (star)", "status": "proved (full rank at both primes: mult = a over Q)"}, "red_pts": {"mult": 191, "per_prime": {"2147483647": 191, "2147483629": 191}, "primes_agree": true, "instrument": "hybrid kernel + red_pts evaluation rows", "status": "proved (full rank at both primes: mult = a over Q)"}}, "mult_det": 191, "mult_per4": 191, "mult_red_star": 191, "mult_red_pts": 191, "mult_red": 191, "star_eq_pts": true, "i_det": 0, "i_red": 0, "i_per4": 0, "D": 0, "refute": false, "halt": false, "ok": true, "secs": 73.4, "hwm_gb": 1.05, "certs": [["results/certs/s71/38_11_4_2_1_d14_hybrid_p2147483647.json.gz", 60726], ["results/certs/s71/38_11_4_2_1_d14_hybrid_p2147483629.json.gz", 60727]]}
