      level 1: 54 prefixes
      level 2: 1038 prefixes
      level 3: 9333 prefixes
      level 4: 37281 prefixes
      level 5: 64817 prefixes
      level 6: 72184 prefixes
      level 7: 72645 prefixes
      level 8: 72645 prefixes
      level 9: 72645 prefixes
      level 10: 72645 prefixes
  lam=(25, 6, 5, 2, 2): N_S=72645 |Stab|=2 n_chi=39423 (orbits dropped: 0) [lean, 0s, HWM 0.08 GB]
    E_01: |H|=2 targets 42460 canonical rows 23145 nnz 128205 (obstructed fixed targets cancelled: 0) [0s, HWM 0.08 GB]
    E_12: |H|=2 targets 60846 canonical rows 33094 nnz 116154 (obstructed fixed targets cancelled: 0) [1s, HWM 0.09 GB]
    E_23: |H|=1 targets 36887 canonical rows 36887 nnz 119852 (obstructed fixed targets cancelled: 0) [1s, HWM 0.09 GB]
    E_34: |H|=1 targets 54935 canonical rows 54935 nnz 104831 (obstructed fixed targets cancelled: 0) [1s, HWM 0.09 GB]
  built (25, 6, 5, 2, 2) d10: N_S=72645 |Stab|=2 n_chi=39423 rows=148061 nnz=469042 (1s: mono 0s orbits 0s rows 1s; HWM 0.09 GB)
  sieve (25, 6, 5, 2, 2) d10: cover(E) 39320/39423 by reversed (a=33, |U|=103, excess 70; {'natural': 38476, 'reversed': 39320, 'fill_asc': 35065, 'fill_desc': 34907, 'random': 29531}); cover(E_red) 27539/27603 (0.2s)
    hybrid[25_6_5_2_2d10] p=2147483629 attempt 0: |S|=39320 |U|=103 (a=33, excess 70) m=167 projected nullity 33, verified=True, rank 33 [split 0.1s trisolve 0.1s schur 0.4s null 0.0s lift 0.8s]
    hybrid[25_6_5_2_2d10] p=2147483647 attempt 0: |S|=39320 |U|=103 (a=33, excess 70) m=167 projected nullity 33, verified=True, rank 33 [split 0.1s trisolve 0.1s schur 0.4s null 0.0s lift 0.9s]
  RESULT (25, 6, 5, 2, 2) d10: a=33 n_chi=39423 |U|=103 mult_det=33 mult_per4=33 mult_red(star)=33 mult_red(pts)=33 i_det=0 i_red=0 i_per4=0 D=0  (5.9s, HWM 0.2 GB)
RESULT {"lam": [25, 6, 5, 2, 2], "delta": 10, "ell": 5, "a": 33, "K": 41, "N_S": 72645, "stab": 2, "n_chi": 39423, "nrows": 148061, "nnz": 469042, "nfixed": 0, "build_secs": 1.2, "build_hwm_gb": 0.09, "route": "hybrid", "h_pad": 102, "seeds": {"det": 11, "red": 29, "per4": 47, "hybrid": 20260908}, "bound": 40, "primes": [2147483647, 2147483629], "n_red": 27603, "cover_E": {"size": 39320, "order": "reversed", "stats": {"natural": 38476, "reversed": 39320, "fill_asc": 35065, "fill_desc": 34907, "random": 29531}, "n_chi": 39423, "a": 33, "excess": 70, "certified_rank_lb": 39320}, "cover_Ered": {"size": 27539, "order": "reversed", "stats": {"natural": 27340, "reversed": 27539, "fill_asc": 25475, "fill_desc": 25283, "random": 21744}, "n_red": 27603, "certified": false}, "sieve_secs": 0.2, "pred_mem_x_bytes": 16199840, "primes_concurrent": true, "per_prime": {"2147483647": {"sides": {"det": {"mult": 33, "nullity": 0, "instrument": "hybrid kernel + det evaluation rows"}, "per4": {"mult": 33, "nullity": 0, "instrument": "hybrid kernel + per4 evaluation rows"}, "red_pts": {"mult": 33, "nullity": 0, "instrument": "hybrid kernel + red_pts evaluation rows"}, "red_star": {"mult": 33, "nullity": 0, "instrument": "hybrid kernel + (star)"}}, "hybrid": {"nS": 39320, "nU": 103, "excess": 70, "nnzT": 94477, "rows_other": 108741, "order": "reversed", "cover_stats": {"natural": 38476, "reversed": 39320, "fill_asc": 35065, "fill_desc": 34907, "random": 29531}, "attempts": [{"attempt": 0, "m": 167, "nproj": 8, "projected_nullity": 33, "verified": true, "rank": 33, "secs": {"split": 0.1, "trisolve": 0.1, "schur": 0.4, "nullspace": 0.0, "lift_verify": 0.9}}], "secs": 1.5}, "ev_secs": 2.1, "rank_secs": 0.7, "secs": 4.3, "hwm_gb": 0.2}, "2147483629": {"sides": {"det": {"mult": 33, "nullity": 0, "instrument": "hybrid kernel + det evaluation rows"}, "per4": {"mult": 33, "nullity": 0, "instrument": "hybrid kernel + per4 evaluation rows"}, "red_pts": {"mult": 33, "nullity": 0, "instrument": "hybrid kernel + red_pts evaluation rows"}, "red_star": {"mult": 33, "nullity": 0, "instrument": "hybrid kernel + (star)"}}, "hybrid": {"nS": 39320, "nU": 103, "excess": 70, "nnzT": 94477, "rows_other": 108741, "order": "reversed", "cover_stats": {"natural": 38476, "reversed": 39320, "fill_asc": 35065, "fill_desc": 34907, "random": 29531}, "attempts": [{"attempt": 0, "m": 167, "nproj": 8, "projected_nullity": 33, "verified": true, "rank": 33, "secs": {"split": 0.1, "trisolve": 0.1, "schur": 0.4, "nullspace": 0.0, "lift_verify": 0.8}}], "secs": 1.4}, "ev_secs": 2.1, "rank_secs": 0.7, "secs": 4.3, "hwm_gb": 0.2}}, "sides": {"det": {"mult": 33, "per_prime": {"2147483647": 33, "2147483629": 33}, "primes_agree": true, "instrument": "hybrid kernel + det evaluation rows", "status": "proved (full rank at both primes: mult = a over Q)"}, "per4": {"mult": 33, "per_prime": {"2147483647": 33, "2147483629": 33}, "primes_agree": true, "instrument": "hybrid kernel + per4 evaluation rows", "status": "proved (full rank at both primes: mult = a over Q)"}, "red_star": {"mult": 33, "per_prime": {"2147483647": 33, "2147483629": 33}, "primes_agree": true, "instrument": "hybrid kernel + (star)", "status": "proved (full rank at both primes: mult = a over Q)"}, "red_pts": {"mult": 33, "per_prime": {"2147483647": 33, "2147483629": 33}, "primes_agree": true, "instrument": "hybrid kernel + red_pts evaluation rows", "status": "proved (full rank at both primes: mult = a over Q)"}}, "mult_det": 33, "mult_per4": 33, "mult_red_star": 33, "mult_red_pts": 33, "mult_red": 33, "star_eq_pts": true, "i_det": 0, "i_red": 0, "i_per4": 0, "D": 0, "refute": false, "halt": false, "ok": true, "secs": 5.9, "hwm_gb": 0.2, "certs": [["results/certs/s71/25_6_5_2_2_d10_hybrid_p2147483647.json.gz", 14599], ["results/certs/s71/25_6_5_2_2_d10_hybrid_p2147483629.json.gz", 14599]]}
