      level 1: 48 prefixes
      level 2: 718 prefixes
      level 3: 4917 prefixes
      level 4: 20036 prefixes
      level 5: 45344 prefixes
      level 6: 60834 prefixes
      level 7: 64232 prefixes
      level 8: 64448 prefixes
      level 9: 64448 prefixes
      level 10: 64448 prefixes
      level 11: 64448 prefixes
      level 12: 64448 prefixes
  lam=(31, 10, 3, 3, 1): N_S=64448 |Stab|=2 n_chi=30701 (orbits dropped: 3046) [lean, 0s, HWM 0.08 GB]
    E_01: |H|=2 targets 46828 canonical rows 22266 nnz 126893 (obstructed fixed targets cancelled: 1622) [0s, HWM 0.08 GB]
    E_12: |H|=1 targets 32953 canonical rows 32932 nnz 133424 (obstructed fixed targets cancelled: 0) [0s, HWM 0.08 GB]
    E_23: |H|=1 targets 54350 canonical rows 53510 nnz 121704 (obstructed fixed targets cancelled: 0) [1s, HWM 0.09 GB]
    E_34: |H|=1 targets 25618 canonical rows 25603 nnz 61402 (obstructed fixed targets cancelled: 0) [1s, HWM 0.09 GB]
  built (31, 10, 3, 3, 1) d12: N_S=64448 |Stab|=2 n_chi=30701 rows=134311 nnz=443423 (1s: mono 0s orbits 0s rows 1s; HWM 0.09 GB)
  sieve (31, 10, 3, 3, 1) d12: cover(E) 30634/30701 by reversed (a=45, |U|=67, excess 22; {'natural': 29576, 'reversed': 30634, 'fill_asc': 27445, 'fill_desc': 27935, 'random': 24262}); cover(E_red) 23171/23224 (0.2s)
    hybrid[31_10_3_3_1d12] p=2147483647 attempt 0: |S|=30634 |U|=67 (a=45, excess 22) m=131 projected nullity 45, verified=True, rank 45 [split 0.0s trisolve 0.0s schur 0.3s null 0.0s lift 0.6s]
    hybrid[31_10_3_3_1d12] p=2147483629 attempt 0: |S|=30634 |U|=67 (a=45, excess 22) m=131 projected nullity 45, verified=True, rank 45 [split 0.0s trisolve 0.0s schur 0.3s null 0.0s lift 0.6s]
  RESULT (31, 10, 3, 3, 1) d12: a=45 n_chi=30701 |U|=67 mult_det=45 mult_per4=45 mult_red(star)=45 mult_red(pts)=45 i_det=0 i_red=0 i_per4=0 D=0  (6.2s, HWM 0.2 GB)
RESULT {"lam": [31, 10, 3, 3, 1], "delta": 12, "ell": 5, "a": 45, "K": 53, "N_S": 64448, "stab": 2, "n_chi": 30701, "nrows": 134311, "nnz": 443423, "nfixed": 1622, "build_secs": 1.2, "build_hwm_gb": 0.09, "route": "hybrid", "h_pad": 122, "seeds": {"det": 11, "red": 29, "per4": 47, "hybrid": 20260908}, "bound": 40, "primes": [2147483647, 2147483629], "n_red": 23224, "cover_E": {"size": 30634, "order": "reversed", "stats": {"natural": 29576, "reversed": 30634, "fill_asc": 27445, "fill_desc": 27935, "random": 24262}, "n_chi": 30701, "a": 45, "excess": 22, "certified_rank_lb": 30634}, "cover_Ered": {"size": 23171, "order": "reversed", "stats": {"natural": 22602, "reversed": 23171, "fill_asc": 21205, "fill_desc": 21477, "random": 18784}, "n_red": 23224, "certified": false}, "sieve_secs": 0.2, "pred_mem_x_bytes": 8209912, "primes_concurrent": true, "per_prime": {"2147483647": {"sides": {"det": {"mult": 45, "nullity": 0, "instrument": "hybrid kernel + det evaluation rows"}, "per4": {"mult": 45, "nullity": 0, "instrument": "hybrid kernel + per4 evaluation rows"}, "red_pts": {"mult": 45, "nullity": 0, "instrument": "hybrid kernel + red_pts evaluation rows"}, "red_star": {"mult": 45, "nullity": 0, "instrument": "hybrid kernel + (star)"}}, "hybrid": {"nS": 30634, "nU": 67, "excess": 22, "nnzT": 70195, "rows_other": 103677, "order": "reversed", "cover_stats": {"natural": 29576, "reversed": 30634, "fill_asc": 27445, "fill_desc": 27935, "random": 24262}, "attempts": [{"attempt": 0, "m": 131, "nproj": 8, "projected_nullity": 45, "verified": true, "rank": 45, "secs": {"split": 0.0, "trisolve": 0.0, "schur": 0.3, "nullspace": 0.0, "lift_verify": 0.6}}], "secs": 1.0}, "ev_secs": 2.7, "rank_secs": 0.7, "secs": 4.4, "hwm_gb": 0.2}, "2147483629": {"sides": {"det": {"mult": 45, "nullity": 0, "instrument": "hybrid kernel + det evaluation rows"}, "per4": {"mult": 45, "nullity": 0, "instrument": "hybrid kernel + per4 evaluation rows"}, "red_pts": {"mult": 45, "nullity": 0, "instrument": "hybrid kernel + red_pts evaluation rows"}, "red_star": {"mult": 45, "nullity": 0, "instrument": "hybrid kernel + (star)"}}, "hybrid": {"nS": 30634, "nU": 67, "excess": 22, "nnzT": 70195, "rows_other": 103677, "order": "reversed", "cover_stats": {"natural": 29576, "reversed": 30634, "fill_asc": 27445, "fill_desc": 27935, "random": 24262}, "attempts": [{"attempt": 0, "m": 131, "nproj": 8, "projected_nullity": 45, "verified": true, "rank": 45, "secs": {"split": 0.0, "trisolve": 0.0, "schur": 0.3, "nullspace": 0.0, "lift_verify": 0.6}}], "secs": 1.0}, "ev_secs": 3.0, "rank_secs": 0.6, "secs": 4.7, "hwm_gb": 0.2}}, "sides": {"det": {"mult": 45, "per_prime": {"2147483647": 45, "2147483629": 45}, "primes_agree": true, "instrument": "hybrid kernel + det evaluation rows", "status": "proved (full rank at both primes: mult = a over Q)"}, "per4": {"mult": 45, "per_prime": {"2147483647": 45, "2147483629": 45}, "primes_agree": true, "instrument": "hybrid kernel + per4 evaluation rows", "status": "proved (full rank at both primes: mult = a over Q)"}, "red_star": {"mult": 45, "per_prime": {"2147483647": 45, "2147483629": 45}, "primes_agree": true, "instrument": "hybrid kernel + (star)", "status": "proved (full rank at both primes: mult = a over Q)"}, "red_pts": {"mult": 45, "per_prime": {"2147483647": 45, "2147483629": 45}, "primes_agree": true, "instrument": "hybrid kernel + red_pts evaluation rows", "status": "proved (full rank at both primes: mult = a over Q)"}}, "mult_det": 45, "mult_per4": 45, "mult_red_star": 45, "mult_red_pts": 45, "mult_red": 45, "star_eq_pts": true, "i_det": 0, "i_red": 0, "i_per4": 0, "D": 0, "refute": false, "halt": false, "ok": true, "secs": 6.2, "hwm_gb": 0.2, "certs": [["results/certs/s71/31_10_3_3_1_d12_hybrid_p2147483647.json.gz", 18310], ["results/certs/s71/31_10_3_3_1_d12_hybrid_p2147483629.json.gz", 18310]]}
