      level 1: 36 prefixes
      level 2: 446 prefixes
      level 3: 3105 prefixes
      level 4: 15043 prefixes
      level 5: 50214 prefixes
      level 6: 115010 prefixes
      level 7: 178350 prefixes
      level 8: 209068 prefixes
      level 9: 216595 prefixes
      level 10: 217397 prefixes
      level 11: 217416 prefixes
      level 12: 217416 prefixes
      level 13: 217416 prefixes
      level 14: 217416 prefixes
      level 15: 217416 prefixes
      level 16: 217416 prefixes
  lam=(42, 13, 7, 1, 1): N_S=217416 |Stab|=2 n_chi=83864 (orbits dropped: 49688) [lean, 0s, HWM 0.13 GB]
    E_01: |H|=2 targets 166744 canonical rows 64122 nnz 387924 (obstructed fixed targets cancelled: 14644) [1s, HWM 0.14 GB]
    E_12: |H|=2 targets 162630 canonical rows 62215 nnz 296737 (obstructed fixed targets cancelled: 9041) [3s, HWM 0.15 GB]
    E_23: |H|=1 targets 59355 canonical rows 59265 nnz 167728 (obstructed fixed targets cancelled: 0) [3s, HWM 0.15 GB]
    E_34: |H|=1 targets 133552 canonical rows 0 nnz 0 (obstructed fixed targets cancelled: 0) [4s, HWM 0.15 GB]
  built (42, 13, 7, 1, 1) d16: N_S=217416 |Stab|=2 n_chi=83864 rows=185602 nnz=852389 (5s: mono 1s orbits 0s rows 4s; HWM 0.15 GB)
  sieve (42, 13, 7, 1, 1) d16: cover(E) 83310/83864 by reversed (a=379, |U|=554, excess 175; {'natural': 76718, 'reversed': 83310, 'fill_asc': 63164, 'fill_desc': 63255, 'random': 49236}); cover(E_red) 71110/71618 (0.4s)
    hybrid[42_13_7_1_1d16] p=2147483647 attempt 0: |S|=83310 |U|=554 (a=379, excess 175) m=618 blocks 1x554 projected nullity 379, verified=True, rank 379 [split 0.2s trisolve 11.1s schur 5.4s null 0.5s lift 14.4s rank 2.3s]
    hybrid[42_13_7_1_1d16] p=2147483629 attempt 0: |S|=83310 |U|=554 (a=379, excess 175) m=618 blocks 1x554 projected nullity 379, verified=True, rank 379 [split 0.2s trisolve 10.9s schur 5.9s null 0.7s lift 15.0s rank 2.6s]
  RESULT (42, 13, 7, 1, 1) d16: a=379 n_chi=83864 |U|=554 mult_det=379 mult_per4=379 mult_red(star)=377 mult_red(pts)=377 i_det=0 i_red=2 i_per4=0 D=-2  (265.8s, HWM 2.1 GB)
RESULT {"lam": [42, 13, 7, 1, 1], "delta": 16, "ell": 5, "a": 379, "K": 387, "N_S": 217416, "stab": 2, "n_chi": 83864, "nrows": 185602, "nnz": 852389, "nfixed": 23685, "build_secs": 5.3, "build_hwm_gb": 0.15, "route": "hybrid", "h_pad": 587, "seeds": {"det": 11, "red": 29, "per4": 47, "hybrid": 20260908}, "bound": 40, "primes": [2147483647, 2147483629], "n_red": 71618, "cover_E": {"size": 83310, "order": "reversed", "stats": {"natural": 76718, "reversed": 83310, "fill_asc": 63164, "fill_desc": 63255, "random": 49236}, "n_chi": 83864, "a": 379, "excess": 175, "certified_rank_lb": 83310}, "cover_Ered": {"size": 71110, "order": "reversed", "stats": {"natural": 66543, "reversed": 71110, "fill_asc": 55714, "fill_desc": 55628, "random": 43343}, "n_red": 71618, "certified": false}, "sieve_secs": 0.4, "pred_mem_x_bytes": 311752784, "primes_concurrent": true, "per_prime": {"2147483647": {"sides": {"det": {"mult": 379, "nullity": 0, "instrument": "hybrid kernel + det evaluation rows"}, "per4": {"mult": 379, "nullity": 0, "instrument": "hybrid kernel + per4 evaluation rows"}, "red_pts": {"mult": 377, "nullity": 2, "instrument": "hybrid kernel + red_pts evaluation rows"}, "red_star": {"mult": 377, "nullity": 2, "instrument": "hybrid kernel + (star)"}}, "hybrid": {"nS": 83310, "nU": 554, "excess": 175, "nnzT": 314338, "rows_other": 102292, "order": "reversed", "cover_stats": {"natural": 76718, "reversed": 83310, "fill_asc": 63164, "fill_desc": 63255, "random": 49236}, "ublock": 554, "nblocks": 1, "attempts": [{"attempt": 0, "m": 618, "nproj": 8, "projected_nullity": 379, "verified": true, "rank": 379, "secs": {"split": 0.2, "trisolve": 11.1, "schur": 5.4, "nullspace": 0.5, "lift_verify": 14.4, "rank": 2.3}}], "secs": 33.9}, "ev_secs": 153.6, "rank_secs": 70.6, "secs": 258.1, "hwm_gb": 2.1}, "2147483629": {"sides": {"det": {"mult": 379, "nullity": 0, "instrument": "hybrid kernel + det evaluation rows"}, "per4": {"mult": 379, "nullity": 0, "instrument": "hybrid kernel + per4 evaluation rows"}, "red_pts": {"mult": 377, "nullity": 2, "instrument": "hybrid kernel + red_pts evaluation rows"}, "red_star": {"mult": 377, "nullity": 2, "instrument": "hybrid kernel + (star)"}}, "hybrid": {"nS": 83310, "nU": 554, "excess": 175, "nnzT": 314338, "rows_other": 102292, "order": "reversed", "cover_stats": {"natural": 76718, "reversed": 83310, "fill_asc": 63164, "fill_desc": 63255, "random": 49236}, "ublock": 554, "nblocks": 1, "attempts": [{"attempt": 0, "m": 618, "nproj": 8, "projected_nullity": 379, "verified": true, "rank": 379, "secs": {"split": 0.2, "trisolve": 10.9, "schur": 5.9, "nullspace": 0.7, "lift_verify": 15.0, "rank": 2.5}}], "secs": 35.1}, "ev_secs": 154.8, "rank_secs": 70.0, "secs": 259.9, "hwm_gb": 2.1}}, "sides": {"det": {"mult": 379, "per_prime": {"2147483647": 379, "2147483629": 379}, "primes_agree": true, "instrument": "hybrid kernel + det evaluation rows", "status": "proved (full rank at both primes: mult = a over Q)"}, "per4": {"mult": 379, "per_prime": {"2147483647": 379, "2147483629": 379}, "primes_agree": true, "instrument": "hybrid kernel + per4 evaluation rows", "status": "proved (full rank at both primes: mult = a over Q)"}, "red_star": {"mult": 377, "per_prime": {"2147483647": 377, "2147483629": 377}, "primes_agree": true, "instrument": "hybrid kernel + (star)", "status": "measured (exact mod both primes, kernel exhibited): mult = 377"}, "red_pts": {"mult": 377, "per_prime": {"2147483647": 377, "2147483629": 377}, "primes_agree": true, "instrument": "hybrid kernel + red_pts evaluation rows", "status": "measured (exact mod both primes, kernel exhibited): mult = 377"}}, "mult_det": 379, "mult_per4": 379, "mult_red_star": 377, "mult_red_pts": 377, "mult_red": 377, "star_eq_pts": true, "i_det": 0, "i_red": 2, "i_per4": 0, "D": -2, "refute": false, "halt": false, "ok": true, "secs": 265.8, "hwm_gb": 2.1, "certs": [["results/certs/s71/42_13_7_1_1_d16_hybrid_p2147483647.json.gz", 113760], ["results/certs/s71/42_13_7_1_1_d16_hybrid_p2147483629.json.gz", 113760]]}
