      level 1: 60 prefixes
      level 2: 1345 prefixes
      level 3: 13871 prefixes
      level 4: 76137 prefixes
      level 5: 255919 prefixes
      level 6: 474078 prefixes
      level 7: 570890 prefixes
      level 8: 586643 prefixes
      level 9: 587398 prefixes
      level 10: 587398 prefixes
      level 11: 587398 prefixes
  lam=(25, 10, 3, 3, 3): N_S=587398 |Stab|=6 n_chi=88436 (orbits dropped: 19274) [lean, 3s, HWM 0.18 GB]
    E_01: |H|=6 targets 426351 canonical rows 63904 nnz 390412 (obstructed fixed targets cancelled: 28695) [4s, HWM 0.19 GB]
    E_12: |H|=2 targets 285736 canonical rows 137352 nnz 592668 (obstructed fixed targets cancelled: 4856) [6s, HWM 0.19 GB]
    E_23: |H|=1 targets 489721 canonical rows 484113 nnz 1102694 (obstructed fixed targets cancelled: 0) [9s, HWM 0.22 GB]
    E_34: |H|=1 targets 489721 canonical rows 484113 nnz 1102694 (obstructed fixed targets cancelled: 0) [11s, HWM 0.24 GB]
  built (25, 10, 3, 3, 3) d11: N_S=587398 |Stab|=6 n_chi=88436 rows=1169482 nnz=3188468 (16s: mono 2s orbits 3s rows 11s; HWM 0.24 GB)
  sieve (25, 10, 3, 3, 3) d11: cover(E) 88395/88436 by reversed (a=19, |U|=41, excess 22; {'natural': 87106, 'reversed': 88395, 'fill_asc': 82527, 'fill_desc': 85173, 'random': 77516}); cover(E_red) 74247/74285 (2.1s)
    hybrid[25_10_3_3_3d11] p=2147483647 attempt 0: |S|=88395 |U|=41 (a=19, excess 22) m=105 blocks 1x41 projected nullity 19, verified=True, rank 19 [split 0.2s trisolve 0.7s schur 2.5s null 0.0s lift 7.5s rank 0.2s]
    hybrid[25_10_3_3_3d11] p=2147483629 attempt 0: |S|=88395 |U|=41 (a=19, excess 22) m=105 blocks 1x41 projected nullity 19, verified=True, rank 19 [split 0.2s trisolve 0.9s schur 2.8s null 0.0s lift 7.4s rank 0.1s]
  RESULT (25, 10, 3, 3, 3) d11: a=19 n_chi=88436 |U|=41 mult_det=19 mult_per4=19 mult_red(star)=19 mult_red(pts)=19 i_det=0 i_red=0 i_per4=0 D=0  (55.0s, HWM 0.69 GB)
RESULT {"lam": [25, 10, 3, 3, 3], "delta": 11, "ell": 5, "a": 19, "K": 27, "N_S": 587398, "stab": 6, "n_chi": 88436, "nrows": 1169482, "nnz": 3188468, "nfixed": 33551, "build_secs": 15.7, "build_hwm_gb": 0.24, "route": "hybrid", "h_pad": 44, "seeds": {"det": 11, "red": 29, "per4": 47, "hybrid": 20260908}, "bound": 40, "primes": [2147483647, 2147483629], "n_red": 74285, "cover_E": {"size": 88395, "order": "reversed", "stats": {"natural": 87106, "reversed": 88395, "fill_asc": 82527, "fill_desc": 85173, "random": 77516}, "n_chi": 88436, "a": 19, "excess": 22, "certified_rank_lb": 88395}, "cover_Ered": {"size": 74247, "order": "reversed", "stats": {"natural": 73327, "reversed": 74247, "fill_asc": 69828, "fill_desc": 71767, "random": 65105}, "n_red": 74285, "certified": false}, "sieve_secs": 2.1, "pred_mem_x_bytes": 21217916, "primes_concurrent": true, "per_prime": {"2147483647": {"sides": {"det": {"mult": 19, "nullity": 0, "instrument": "hybrid kernel + det evaluation rows"}, "per4": {"mult": 19, "nullity": 0, "instrument": "hybrid kernel + per4 evaluation rows"}, "red_pts": {"mult": 19, "nullity": 0, "instrument": "hybrid kernel + red_pts evaluation rows"}, "red_star": {"mult": 19, "nullity": 0, "instrument": "hybrid kernel + (star)"}}, "hybrid": {"nS": 88395, "nU": 41, "excess": 22, "nnzT": 168313, "rows_other": 1081087, "order": "reversed", "cover_stats": {"natural": 87106, "reversed": 88395, "fill_asc": 82527, "fill_desc": 85173, "random": 77516}, "ublock": 41, "nblocks": 1, "attempts": [{"attempt": 0, "m": 105, "nproj": 8, "projected_nullity": 19, "verified": true, "rank": 19, "secs": {"split": 0.2, "trisolve": 0.7, "schur": 2.5, "nullspace": 0.0, "lift_verify": 7.5, "rank": 0.2}}], "secs": 11.7}, "ev_secs": 23.4, "rank_secs": 1.8, "secs": 36.9, "hwm_gb": 0.69}, "2147483629": {"sides": {"det": {"mult": 19, "nullity": 0, "instrument": "hybrid kernel + det evaluation rows"}, "per4": {"mult": 19, "nullity": 0, "instrument": "hybrid kernel + per4 evaluation rows"}, "red_pts": {"mult": 19, "nullity": 0, "instrument": "hybrid kernel + red_pts evaluation rows"}, "red_star": {"mult": 19, "nullity": 0, "instrument": "hybrid kernel + (star)"}}, "hybrid": {"nS": 88395, "nU": 41, "excess": 22, "nnzT": 168313, "rows_other": 1081087, "order": "reversed", "cover_stats": {"natural": 87106, "reversed": 88395, "fill_asc": 82527, "fill_desc": 85173, "random": 77516}, "ublock": 41, "nblocks": 1, "attempts": [{"attempt": 0, "m": 105, "nproj": 8, "projected_nullity": 19, "verified": true, "rank": 19, "secs": {"split": 0.2, "trisolve": 0.9, "schur": 2.8, "nullspace": 0.0, "lift_verify": 7.4, "rank": 0.1}}], "secs": 11.9}, "ev_secs": 22.7, "rank_secs": 2.2, "secs": 36.8, "hwm_gb": 0.69}}, "sides": {"det": {"mult": 19, "per_prime": {"2147483647": 19, "2147483629": 19}, "primes_agree": true, "instrument": "hybrid kernel + det evaluation rows", "status": "proved (full rank at both primes: mult = a over Q)"}, "per4": {"mult": 19, "per_prime": {"2147483647": 19, "2147483629": 19}, "primes_agree": true, "instrument": "hybrid kernel + per4 evaluation rows", "status": "proved (full rank at both primes: mult = a over Q)"}, "red_star": {"mult": 19, "per_prime": {"2147483647": 19, "2147483629": 19}, "primes_agree": true, "instrument": "hybrid kernel + (star)", "status": "proved (full rank at both primes: mult = a over Q)"}, "red_pts": {"mult": 19, "per_prime": {"2147483647": 19, "2147483629": 19}, "primes_agree": true, "instrument": "hybrid kernel + red_pts evaluation rows", "status": "proved (full rank at both primes: mult = a over Q)"}}, "mult_det": 19, "mult_per4": 19, "mult_red_star": 19, "mult_red_pts": 19, "mult_red": 19, "star_eq_pts": true, "i_det": 0, "i_red": 0, "i_per4": 0, "D": 0, "refute": false, "halt": false, "ok": true, "secs": 55.0, "hwm_gb": 0.69, "certs": [["results/certs/s71/25_10_3_3_3_d11_hybrid_p2147483647.json.gz", 10270], ["results/certs/s71/25_10_3_3_3_d11_hybrid_p2147483629.json.gz", 10271]]}
