      level 1: 58 prefixes
      level 2: 1258 prefixes
      level 3: 12679 prefixes
      level 4: 60982 prefixes
      level 5: 129643 prefixes
      level 6: 158305 prefixes
      level 7: 161638 prefixes
      level 8: 161702 prefixes
      level 9: 161702 prefixes
      level 10: 161702 prefixes
      level 11: 161702 prefixes
  lam=(28, 7, 4, 3, 2): N_S=161702 |Stab|=1 n_chi=161702 (orbits dropped: 0) [lean, 0s, HWM 0.11 GB]
    E_01: |H|=1 targets 100083 canonical rows 100083 nnz 589376 (obstructed fixed targets cancelled: 0) [1s, HWM 0.12 GB]
    E_12: |H|=1 targets 110901 canonical rows 110901 nnz 427907 (obstructed fixed targets cancelled: 0) [1s, HWM 0.12 GB]
    E_23: |H|=1 targets 118742 canonical rows 118742 nnz 357335 (obstructed fixed targets cancelled: 0) [2s, HWM 0.13 GB]
    E_34: |H|=1 targets 102430 canonical rows 102430 nnz 268907 (obstructed fixed targets cancelled: 0) [2s, HWM 0.13 GB]
  built (28, 7, 4, 3, 2) d11: N_S=161702 |Stab|=1 n_chi=161702 rows=432156 nnz=1643525 (3s: mono 1s orbits 0s rows 2s; HWM 0.13 GB)
  sieve (28, 7, 4, 3, 2) d11: cover(E) 161385/161702 by reversed (a=67, |U|=317, excess 250; {'natural': 158250, 'reversed': 161385, 'fill_asc': 141833, 'fill_desc': 133105, 'random': 111140}); cover(E_red) 118352/118585 (0.8s)
    hybrid[28_7_4_3_2d11] p=2147483647 attempt 0: |S|=161385 |U|=317 (a=67, excess 250) m=381 blocks 1x317 projected nullity 67, verified=True, rank 67 [split 0.2s trisolve 5.7s schur 3.7s null 0.1s lift 3.3s rank 0.4s]
    hybrid[28_7_4_3_2d11] p=2147483629 attempt 0: |S|=161385 |U|=317 (a=67, excess 250) m=381 blocks 1x317 projected nullity 67, verified=True, rank 67 [split 0.2s trisolve 6.0s schur 3.7s null 0.1s lift 3.5s rank 0.6s]
  RESULT (28, 7, 4, 3, 2) d11: a=67 n_chi=161702 |U|=317 mult_det=67 mult_per4=67 mult_red(star)=67 mult_red(pts)=67 i_det=0 i_red=0 i_per4=0 D=0  (37.2s, HWM 1.08 GB)
RESULT {"lam": [28, 7, 4, 3, 2], "delta": 11, "ell": 5, "a": 67, "K": 75, "N_S": 161702, "stab": 1, "n_chi": 161702, "nrows": 432156, "nnz": 1643525, "nfixed": 0, "build_secs": 2.8, "build_hwm_gb": 0.13, "route": "hybrid", "h_pad": 198, "seeds": {"det": 11, "red": 29, "per4": 47, "hybrid": 20260908}, "bound": 40, "primes": [2147483647, 2147483629], "n_red": 118585, "cover_E": {"size": 161385, "order": "reversed", "stats": {"natural": 158250, "reversed": 161385, "fill_asc": 141833, "fill_desc": 133105, "random": 111140}, "n_chi": 161702, "a": 67, "excess": 250, "certified_rank_lb": 161385}, "cover_Ered": {"size": 118352, "order": "reversed", "stats": {"natural": 117458, "reversed": 118352, "fill_asc": 108188, "fill_desc": 102915, "random": 86043}, "n_red": 118585, "certified": false}, "sieve_secs": 0.8, "pred_mem_x_bytes": 247972316, "primes_concurrent": true, "per_prime": {"2147483647": {"sides": {"det": {"mult": 67, "nullity": 0, "instrument": "hybrid kernel + det evaluation rows"}, "per4": {"mult": 67, "nullity": 0, "instrument": "hybrid kernel + per4 evaluation rows"}, "red_pts": {"mult": 67, "nullity": 0, "instrument": "hybrid kernel + red_pts evaluation rows"}, "red_star": {"mult": 67, "nullity": 0, "instrument": "hybrid kernel + (star)"}}, "hybrid": {"nS": 161385, "nU": 317, "excess": 250, "nnzT": 450802, "rows_other": 270771, "order": "reversed", "cover_stats": {"natural": 158250, "reversed": 161385, "fill_asc": 141833, "fill_desc": 133105, "random": 111140}, "ublock": 317, "nblocks": 1, "attempts": [{"attempt": 0, "m": 381, "nproj": 8, "projected_nullity": 67, "verified": true, "rank": 67, "secs": {"split": 0.2, "trisolve": 5.7, "schur": 3.7, "nullspace": 0.1, "lift_verify": 3.3, "rank": 0.4}}], "secs": 13.5}, "ev_secs": 10.7, "rank_secs": 9.1, "secs": 33.4, "hwm_gb": 1.08}, "2147483629": {"sides": {"det": {"mult": 67, "nullity": 0, "instrument": "hybrid kernel + det evaluation rows"}, "per4": {"mult": 67, "nullity": 0, "instrument": "hybrid kernel + per4 evaluation rows"}, "red_pts": {"mult": 67, "nullity": 0, "instrument": "hybrid kernel + red_pts evaluation rows"}, "red_star": {"mult": 67, "nullity": 0, "instrument": "hybrid kernel + (star)"}}, "hybrid": {"nS": 161385, "nU": 317, "excess": 250, "nnzT": 450802, "rows_other": 270771, "order": "reversed", "cover_stats": {"natural": 158250, "reversed": 161385, "fill_asc": 141833, "fill_desc": 133105, "random": 111140}, "ublock": 317, "nblocks": 1, "attempts": [{"attempt": 0, "m": 381, "nproj": 8, "projected_nullity": 67, "verified": true, "rank": 67, "secs": {"split": 0.2, "trisolve": 6.0, "schur": 3.7, "nullspace": 0.1, "lift_verify": 3.5, "rank": 0.6}}], "secs": 14.1}, "ev_secs": 10.2, "rank_secs": 8.4, "secs": 32.7, "hwm_gb": 1.08}}, "sides": {"det": {"mult": 67, "per_prime": {"2147483647": 67, "2147483629": 67}, "primes_agree": true, "instrument": "hybrid kernel + det evaluation rows", "status": "proved (full rank at both primes: mult = a over Q)"}, "per4": {"mult": 67, "per_prime": {"2147483647": 67, "2147483629": 67}, "primes_agree": true, "instrument": "hybrid kernel + per4 evaluation rows", "status": "proved (full rank at both primes: mult = a over Q)"}, "red_star": {"mult": 67, "per_prime": {"2147483647": 67, "2147483629": 67}, "primes_agree": true, "instrument": "hybrid kernel + (star)", "status": "proved (full rank at both primes: mult = a over Q)"}, "red_pts": {"mult": 67, "per_prime": {"2147483647": 67, "2147483629": 67}, "primes_agree": true, "instrument": "hybrid kernel + red_pts evaluation rows", "status": "proved (full rank at both primes: mult = a over Q)"}}, "mult_det": 67, "mult_per4": 67, "mult_red_star": 67, "mult_red_pts": 67, "mult_red": 67, "star_eq_pts": true, "i_det": 0, "i_red": 0, "i_per4": 0, "D": 0, "refute": false, "halt": false, "ok": true, "secs": 37.2, "hwm_gb": 1.08, "certs": [["results/certs/s71/28_7_4_3_2_d11_hybrid_p2147483647.json.gz", 24967], ["results/certs/s71/28_7_4_3_2_d11_hybrid_p2147483629.json.gz", 24970]]}
