      level 1: 36 prefixes
      level 2: 426 prefixes
      level 3: 2600 prefixes
      level 4: 10414 prefixes
      level 5: 28949 prefixes
      level 6: 56898 prefixes
      level 7: 78691 prefixes
      level 8: 87338 prefixes
      level 9: 89044 prefixes
      level 10: 89160 prefixes
      level 11: 89160 prefixes
      level 12: 89160 prefixes
      level 13: 89160 prefixes
      level 14: 89160 prefixes
      level 15: 89160 prefixes
      level 16: 89160 prefixes
  lam=(43, 14, 5, 1, 1): N_S=89160 |Stab|=2 n_chi=33767 (orbits dropped: 21626) [lean, 0s, HWM 0.09 GB]
    E_01: |H|=2 targets 70759 canonical rows 26735 nnz 154590 (obstructed fixed targets cancelled: 6578) [1s, HWM 0.09 GB]
    E_12: |H|=2 targets 55525 canonical rows 20723 nnz 97045 (obstructed fixed targets cancelled: 3551) [1s, HWM 0.09 GB]
    E_23: |H|=1 targets 28726 canonical rows 28678 nnz 67534 (obstructed fixed targets cancelled: 0) [1s, HWM 0.09 GB]
    E_34: |H|=1 targets 55393 canonical rows 0 nnz 0 (obstructed fixed targets cancelled: 0) [2s, HWM 0.09 GB]
  built (43, 14, 5, 1, 1) d16: N_S=89160 |Stab|=2 n_chi=33767 rows=76136 nnz=319169 (2s: mono 0s orbits 0s rows 2s; HWM 0.09 GB)
  sieve (43, 14, 5, 1, 1) d16: cover(E) 33560/33767 by reversed (a=176, |U|=207, excess 31; {'natural': 30915, 'reversed': 33560, 'fill_asc': 25946, 'fill_desc': 26284, 'random': 21541}); cover(E_red) 27701/27889 (0.2s)
    hybrid[43_14_5_1_1d16] p=2147483647 attempt 0: |S|=33560 |U|=207 (a=176, excess 31) m=271 projected nullity 176, verified=True, rank 176 [split 0.1s trisolve 0.2s schur 0.4s null 0.0s lift 1.6s]
    hybrid[43_14_5_1_1d16] p=2147483629 attempt 0: |S|=33560 |U|=207 (a=176, excess 31) m=271 projected nullity 176, verified=True, rank 176 [split 0.1s trisolve 0.2s schur 0.4s null 0.0s lift 1.7s]
  RESULT (43, 14, 5, 1, 1) d16: a=176 n_chi=33767 |U|=207 mult_det=176 mult_per4=176 mult_red(star)=176 mult_red(pts)=176 i_det=0 i_red=0 i_per4=0 D=0  (24.1s, HWM 0.62 GB)
RESULT {"lam": [43, 14, 5, 1, 1], "delta": 16, "ell": 5, "a": 176, "K": 184, "N_S": 89160, "stab": 2, "n_chi": 33767, "nrows": 76136, "nnz": 319169, "nfixed": 10129, "build_secs": 2.2, "build_hwm_gb": 0.09, "route": "hybrid", "h_pad": 342, "seeds": {"det": 11, "red": 29, "per4": 47, "hybrid": 20260908}, "bound": 40, "primes": [2147483647, 2147483629], "n_red": 27889, "cover_E": {"size": 33560, "order": "reversed", "stats": {"natural": 30915, "reversed": 33560, "fill_asc": 25946, "fill_desc": 26284, "random": 21541}, "n_chi": 33767, "a": 176, "excess": 31, "certified_rank_lb": 33560}, "cover_Ered": {"size": 27701, "order": "reversed", "stats": {"natural": 25924, "reversed": 27701, "fill_asc": 22292, "fill_desc": 22443, "random": 18401}, "n_red": 27889, "certified": false}, "sieve_secs": 0.2, "pred_mem_x_bytes": 27787680, "primes_concurrent": true, "per_prime": {"2147483647": {"sides": {"det": {"mult": 176, "nullity": 0, "instrument": "hybrid kernel + det evaluation rows"}, "per4": {"mult": 176, "nullity": 0, "instrument": "hybrid kernel + per4 evaluation rows"}, "red_pts": {"mult": 176, "nullity": 0, "instrument": "hybrid kernel + red_pts evaluation rows"}, "red_star": {"mult": 176, "nullity": 0, "instrument": "hybrid kernel + (star)"}}, "hybrid": {"nS": 33560, "nU": 207, "excess": 31, "nnzT": 112554, "rows_other": 42576, "order": "reversed", "cover_stats": {"natural": 30915, "reversed": 33560, "fill_asc": 25946, "fill_desc": 26284, "random": 21541}, "attempts": [{"attempt": 0, "m": 271, "nproj": 8, "projected_nullity": 176, "verified": true, "rank": 176, "secs": {"split": 0.1, "trisolve": 0.2, "schur": 0.4, "nullspace": 0.0, "lift_verify": 1.6}}], "secs": 2.5}, "ev_secs": 14.0, "rank_secs": 4.8, "secs": 21.3, "hwm_gb": 0.62}, "2147483629": {"sides": {"det": {"mult": 176, "nullity": 0, "instrument": "hybrid kernel + det evaluation rows"}, "per4": {"mult": 176, "nullity": 0, "instrument": "hybrid kernel + per4 evaluation rows"}, "red_pts": {"mult": 176, "nullity": 0, "instrument": "hybrid kernel + red_pts evaluation rows"}, "red_star": {"mult": 176, "nullity": 0, "instrument": "hybrid kernel + (star)"}}, "hybrid": {"nS": 33560, "nU": 207, "excess": 31, "nnzT": 112554, "rows_other": 42576, "order": "reversed", "cover_stats": {"natural": 30915, "reversed": 33560, "fill_asc": 25946, "fill_desc": 26284, "random": 21541}, "attempts": [{"attempt": 0, "m": 271, "nproj": 8, "projected_nullity": 176, "verified": true, "rank": 176, "secs": {"split": 0.1, "trisolve": 0.2, "schur": 0.4, "nullspace": 0.0, "lift_verify": 1.7}}], "secs": 2.6}, "ev_secs": 15.0, "rank_secs": 4.0, "secs": 21.6, "hwm_gb": 0.62}}, "sides": {"det": {"mult": 176, "per_prime": {"2147483647": 176, "2147483629": 176}, "primes_agree": true, "instrument": "hybrid kernel + det evaluation rows", "status": "proved (full rank at both primes: mult = a over Q)"}, "per4": {"mult": 176, "per_prime": {"2147483647": 176, "2147483629": 176}, "primes_agree": true, "instrument": "hybrid kernel + per4 evaluation rows", "status": "proved (full rank at both primes: mult = a over Q)"}, "red_star": {"mult": 176, "per_prime": {"2147483647": 176, "2147483629": 176}, "primes_agree": true, "instrument": "hybrid kernel + (star)", "status": "proved (full rank at both primes: mult = a over Q)"}, "red_pts": {"mult": 176, "per_prime": {"2147483647": 176, "2147483629": 176}, "primes_agree": true, "instrument": "hybrid kernel + red_pts evaluation rows", "status": "proved (full rank at both primes: mult = a over Q)"}}, "mult_det": 176, "mult_per4": 176, "mult_red_star": 176, "mult_red_pts": 176, "mult_red": 176, "star_eq_pts": true, "i_det": 0, "i_red": 0, "i_per4": 0, "D": 0, "refute": false, "halt": false, "ok": true, "secs": 24.1, "hwm_gb": 0.62, "certs": [["results/certs/s71/43_14_5_1_1_d16_hybrid_p2147483647.json.gz", 56256], ["results/certs/s71/43_14_5_1_1_d16_hybrid_p2147483629.json.gz", 56256]]}
