      level 1: 59 prefixes
      level 2: 1445 prefixes
      level 3: 16323 prefixes
      level 4: 86222 prefixes
      level 5: 192095 prefixes
      level 6: 236630 prefixes
      level 7: 241577 prefixes
      level 8: 241672 prefixes
      level 9: 241672 prefixes
  lam=(20, 6, 4, 3, 3): N_S=241672 |Stab|=2 n_chi=116560 (orbits dropped: 8552) [lean, 0s, HWM 0.12 GB]
    E_01: |H|=2 targets 142547 canonical rows 68579 nnz 397647 (obstructed fixed targets cancelled: 3613) [1s, HWM 0.12 GB]
    E_12: |H|=2 targets 174733 canonical rows 84221 nnz 312581 (obstructed fixed targets cancelled: 2207) [2s, HWM 0.12 GB]
    E_23: |H|=1 targets 175968 canonical rows 175686 nnz 522283 (obstructed fixed targets cancelled: 0) [2s, HWM 0.13 GB]
    E_34: |H|=1 targets 201889 canonical rows 199887 nnz 481606 (obstructed fixed targets cancelled: 0) [3s, HWM 0.16 GB]
  built (20, 6, 4, 3, 3) d9: N_S=241672 |Stab|=2 n_chi=116560 rows=528373 nnz=1714117 (4s: mono 1s orbits 0s rows 3s; HWM 0.16 GB)
  sieve (20, 6, 4, 3, 3) d9: cover(E) 116439/116560 by reversed (a=10, |U|=121, excess 111; {'natural': 115309, 'reversed': 116439, 'fill_asc': 105507, 'fill_desc': 106281, 'random': 90761}); cover(E_red) 89656/89749 (0.9s)
    hybrid[20_6_4_3_3d9] p=2147483647 attempt 0: |S|=116439 |U|=121 (a=10, excess 111) m=185 blocks 1x121 projected nullity 10, verified=True, rank 10 [split 0.3s trisolve 3.1s schur 3.4s null 0.0s lift 1.2s rank 0.1s]
    hybrid[20_6_4_3_3d9] p=2147483629 attempt 0: |S|=116439 |U|=121 (a=10, excess 111) m=185 blocks 1x121 projected nullity 10, verified=True, rank 10 [split 0.3s trisolve 3.1s schur 3.5s null 0.0s lift 1.2s rank 0.1s]
  RESULT (20, 6, 4, 3, 3) d9: a=10 n_chi=116560 |U|=121 mult_det=10 mult_per4=10 mult_red(star)=10 mult_red(pts)=10 i_det=0 i_red=0 i_per4=0 D=0  (20.6s, HWM 0.35 GB)
RESULT {"lam": [20, 6, 4, 3, 3], "delta": 9, "ell": 5, "a": 10, "K": 18, "N_S": 241672, "stab": 2, "n_chi": 116560, "nrows": 528373, "nnz": 1714117, "nfixed": 5820, "build_secs": 3.9, "build_hwm_gb": 0.16, "route": "hybrid", "h_pad": 42, "seeds": {"det": 11, "red": 29, "per4": 47, "hybrid": 20260908}, "bound": 40, "primes": [2147483647, 2147483629], "n_red": 89749, "cover_E": {"size": 116439, "order": "reversed", "stats": {"natural": 115309, "reversed": 116439, "fill_asc": 105507, "fill_desc": 106281, "random": 90761}, "n_chi": 116560, "a": 10, "excess": 111, "certified_rank_lb": 116439}, "cover_Ered": {"size": 89656, "order": "reversed", "stats": {"natural": 89342, "reversed": 89656, "fill_asc": 83170, "fill_desc": 83419, "random": 71568}, "n_red": 89749, "certified": false}, "sieve_secs": 0.9, "pred_mem_x_bytes": 61018876, "primes_concurrent": true, "per_prime": {"2147483647": {"sides": {"det": {"mult": 10, "nullity": 0, "instrument": "hybrid kernel + det evaluation rows"}, "per4": {"mult": 10, "nullity": 0, "instrument": "hybrid kernel + per4 evaluation rows"}, "red_pts": {"mult": 10, "nullity": 0, "instrument": "hybrid kernel + red_pts evaluation rows"}, "red_star": {"mult": 10, "nullity": 0, "instrument": "hybrid kernel + (star)"}}, "hybrid": {"nS": 116439, "nU": 121, "excess": 111, "nnzT": 281660, "rows_other": 411934, "order": "reversed", "cover_stats": {"natural": 115309, "reversed": 116439, "fill_asc": 105507, "fill_desc": 106281, "random": 90761}, "ublock": 121, "nblocks": 1, "attempts": [{"attempt": 0, "m": 185, "nproj": 8, "projected_nullity": 10, "verified": true, "rank": 10, "secs": {"split": 0.3, "trisolve": 3.1, "schur": 3.4, "nullspace": 0.0, "lift_verify": 1.2, "rank": 0.1}}], "secs": 8.3}, "ev_secs": 5.5, "rank_secs": 1.7, "secs": 15.4, "hwm_gb": 0.35}, "2147483629": {"sides": {"det": {"mult": 10, "nullity": 0, "instrument": "hybrid kernel + det evaluation rows"}, "per4": {"mult": 10, "nullity": 0, "instrument": "hybrid kernel + per4 evaluation rows"}, "red_pts": {"mult": 10, "nullity": 0, "instrument": "hybrid kernel + red_pts evaluation rows"}, "red_star": {"mult": 10, "nullity": 0, "instrument": "hybrid kernel + (star)"}}, "hybrid": {"nS": 116439, "nU": 121, "excess": 111, "nnzT": 281660, "rows_other": 411934, "order": "reversed", "cover_stats": {"natural": 115309, "reversed": 116439, "fill_asc": 105507, "fill_desc": 106281, "random": 90761}, "ublock": 121, "nblocks": 1, "attempts": [{"attempt": 0, "m": 185, "nproj": 8, "projected_nullity": 10, "verified": true, "rank": 10, "secs": {"split": 0.3, "trisolve": 3.1, "schur": 3.5, "nullspace": 0.0, "lift_verify": 1.2, "rank": 0.1}}], "secs": 8.6}, "ev_secs": 5.6, "rank_secs": 1.4, "secs": 15.6, "hwm_gb": 0.35}}, "sides": {"det": {"mult": 10, "per_prime": {"2147483647": 10, "2147483629": 10}, "primes_agree": true, "instrument": "hybrid kernel + det evaluation rows", "status": "proved (full rank at both primes: mult = a over Q)"}, "per4": {"mult": 10, "per_prime": {"2147483647": 10, "2147483629": 10}, "primes_agree": true, "instrument": "hybrid kernel + per4 evaluation rows", "status": "proved (full rank at both primes: mult = a over Q)"}, "red_star": {"mult": 10, "per_prime": {"2147483647": 10, "2147483629": 10}, "primes_agree": true, "instrument": "hybrid kernel + (star)", "status": "proved (full rank at both primes: mult = a over Q)"}, "red_pts": {"mult": 10, "per_prime": {"2147483647": 10, "2147483629": 10}, "primes_agree": true, "instrument": "hybrid kernel + red_pts evaluation rows", "status": "proved (full rank at both primes: mult = a over Q)"}}, "mult_det": 10, "mult_per4": 10, "mult_red_star": 10, "mult_red_pts": 10, "mult_red": 10, "star_eq_pts": true, "i_det": 0, "i_red": 0, "i_per4": 0, "D": 0, "refute": false, "halt": false, "ok": true, "secs": 20.6, "hwm_gb": 0.35, "certs": [["results/certs/s71/20_6_4_3_3_d9_hybrid_p2147483647.json.gz", 7362], ["results/certs/s71/20_6_4_3_3_d9_hybrid_p2147483629.json.gz", 7362]]}
