      level 1: 45 prefixes
      level 2: 639 prefixes
      level 3: 4446 prefixes
      level 4: 16592 prefixes
      level 5: 32075 prefixes
      level 6: 38636 prefixes
      level 7: 39527 prefixes
      level 8: 39549 prefixes
      level 9: 39549 prefixes
      level 10: 39549 prefixes
      level 11: 39549 prefixes
      level 12: 39549 prefixes
  lam=(32, 9, 4, 2, 1): N_S=39549 |Stab|=1 n_chi=39549 (orbits dropped: 0) [lean, 0s, HWM 0.07 GB]
    E_01: |H|=1 targets 27711 canonical rows 27711 nnz 155506 (obstructed fixed targets cancelled: 0) [0s, HWM 0.08 GB]
    E_12: |H|=1 targets 25052 canonical rows 25052 nnz 101380 (obstructed fixed targets cancelled: 0) [0s, HWM 0.08 GB]
    E_23: |H|=1 targets 22338 canonical rows 22338 nnz 64578 (obstructed fixed targets cancelled: 0) [0s, HWM 0.08 GB]
    E_34: |H|=1 targets 18724 canonical rows 18724 nnz 39549 (obstructed fixed targets cancelled: 0) [1s, HWM 0.08 GB]
  built (32, 9, 4, 2, 1) d12: N_S=39549 |Stab|=1 n_chi=39549 rows=93825 nnz=361013 (1s: mono 0s orbits 0s rows 1s; HWM 0.08 GB)
  sieve (32, 9, 4, 2, 1) d12: cover(E) 39415/39549 by reversed (a=96, |U|=134, excess 38; {'natural': 38096, 'reversed': 39415, 'fill_asc': 32945, 'fill_desc': 32116, 'random': 27028}); cover(E_red) 28437/28534 (0.2s)
    hybrid[32_9_4_2_1d12] p=2147483629 attempt 0: |S|=39415 |U|=134 (a=96, excess 38) m=198 projected nullity 96, verified=True, rank 96 [split 0.1s trisolve 0.2s schur 0.3s null 0.0s lift 1.1s]
    hybrid[32_9_4_2_1d12] p=2147483647 attempt 0: |S|=39415 |U|=134 (a=96, excess 38) m=198 projected nullity 96, verified=True, rank 96 [split 0.2s trisolve 0.1s schur 0.3s null 0.0s lift 1.1s]
  RESULT (32, 9, 4, 2, 1) d12: a=96 n_chi=39549 |U|=134 mult_det=96 mult_per4=96 mult_red(star)=96 mult_red(pts)=96 i_det=0 i_red=0 i_per4=0 D=0  (9.7s, HWM 0.4 GB)
RESULT {"lam": [32, 9, 4, 2, 1], "delta": 12, "ell": 5, "a": 96, "K": 104, "N_S": 39549, "stab": 1, "n_chi": 39549, "nrows": 93825, "nnz": 361013, "nfixed": 0, "build_secs": 0.7, "build_hwm_gb": 0.08, "route": "hybrid", "h_pad": 263, "seeds": {"det": 11, "red": 29, "per4": 47, "hybrid": 20260908}, "bound": 40, "primes": [2147483647, 2147483629], "n_red": 28534, "cover_E": {"size": 39415, "order": "reversed", "stats": {"natural": 38096, "reversed": 39415, "fill_asc": 32945, "fill_desc": 32116, "random": 27028}, "n_chi": 39549, "a": 96, "excess": 38, "certified_rank_lb": 39415}, "cover_Ered": {"size": 28437, "order": "reversed", "stats": {"natural": 27936, "reversed": 28437, "fill_asc": 25047, "fill_desc": 24706, "random": 20875}, "n_red": 28534, "certified": false}, "sieve_secs": 0.2, "pred_mem_x_bytes": 21126440, "primes_concurrent": true, "per_prime": {"2147483647": {"sides": {"det": {"mult": 96, "nullity": 0, "instrument": "hybrid kernel + det evaluation rows"}, "per4": {"mult": 96, "nullity": 0, "instrument": "hybrid kernel + per4 evaluation rows"}, "red_pts": {"mult": 96, "nullity": 0, "instrument": "hybrid kernel + red_pts evaluation rows"}, "red_star": {"mult": 96, "nullity": 0, "instrument": "hybrid kernel + (star)"}}, "hybrid": {"nS": 39415, "nU": 134, "excess": 38, "nnzT": 106960, "rows_other": 54410, "order": "reversed", "cover_stats": {"natural": 38096, "reversed": 39415, "fill_asc": 32945, "fill_desc": 32116, "random": 27028}, "attempts": [{"attempt": 0, "m": 198, "nproj": 8, "projected_nullity": 96, "verified": true, "rank": 96, "secs": {"split": 0.2, "trisolve": 0.1, "schur": 0.3, "nullspace": 0.0, "lift_verify": 1.1}}], "secs": 2.0}, "ev_secs": 4.0, "rank_secs": 2.6, "secs": 8.6, "hwm_gb": 0.4}, "2147483629": {"sides": {"det": {"mult": 96, "nullity": 0, "instrument": "hybrid kernel + det evaluation rows"}, "per4": {"mult": 96, "nullity": 0, "instrument": "hybrid kernel + per4 evaluation rows"}, "red_pts": {"mult": 96, "nullity": 0, "instrument": "hybrid kernel + red_pts evaluation rows"}, "red_star": {"mult": 96, "nullity": 0, "instrument": "hybrid kernel + (star)"}}, "hybrid": {"nS": 39415, "nU": 134, "excess": 38, "nnzT": 106960, "rows_other": 54410, "order": "reversed", "cover_stats": {"natural": 38096, "reversed": 39415, "fill_asc": 32945, "fill_desc": 32116, "random": 27028}, "attempts": [{"attempt": 0, "m": 198, "nproj": 8, "projected_nullity": 96, "verified": true, "rank": 96, "secs": {"split": 0.1, "trisolve": 0.2, "schur": 0.3, "nullspace": 0.0, "lift_verify": 1.1}}], "secs": 2.0}, "ev_secs": 4.2, "rank_secs": 2.5, "secs": 8.7, "hwm_gb": 0.4}}, "sides": {"det": {"mult": 96, "per_prime": {"2147483647": 96, "2147483629": 96}, "primes_agree": true, "instrument": "hybrid kernel + det evaluation rows", "status": "proved (full rank at both primes: mult = a over Q)"}, "per4": {"mult": 96, "per_prime": {"2147483647": 96, "2147483629": 96}, "primes_agree": true, "instrument": "hybrid kernel + per4 evaluation rows", "status": "proved (full rank at both primes: mult = a over Q)"}, "red_star": {"mult": 96, "per_prime": {"2147483647": 96, "2147483629": 96}, "primes_agree": true, "instrument": "hybrid kernel + (star)", "status": "proved (full rank at both primes: mult = a over Q)"}, "red_pts": {"mult": 96, "per_prime": {"2147483647": 96, "2147483629": 96}, "primes_agree": true, "instrument": "hybrid kernel + red_pts evaluation rows", "status": "proved (full rank at both primes: mult = a over Q)"}}, "mult_det": 96, "mult_per4": 96, "mult_red_star": 96, "mult_red_pts": 96, "mult_red": 96, "star_eq_pts": true, "i_det": 0, "i_red": 0, "i_per4": 0, "D": 0, "refute": false, "halt": false, "ok": true, "secs": 9.7, "hwm_gb": 0.4, "certs": [["results/certs/s71/32_9_4_2_1_d12_hybrid_p2147483647.json.gz", 33297], ["results/certs/s71/32_9_4_2_1_d12_hybrid_p2147483629.json.gz", 33296]]}
