      level 1: 45 prefixes
      level 2: 639 prefixes
      level 3: 4469 prefixes
      level 4: 18280 prefixes
      level 5: 51287 prefixes
      level 6: 101790 prefixes
      level 7: 141296 prefixes
      level 8: 156731 prefixes
      level 9: 159693 prefixes
      level 10: 159884 prefixes
      level 11: 159884 prefixes
      level 12: 159884 prefixes
      level 13: 159884 prefixes
      level 14: 159884 prefixes
      level 15: 159884 prefixes
      level 16: 159884 prefixes
      level 17: 159884 prefixes
  lam=(47, 14, 4, 2, 1): N_S=159884 |Stab|=1 n_chi=159884 (orbits dropped: 0) [lean, 0s, HWM 0.12 GB]
    E_01: |H|=1 targets 126396 canonical rows 126396 nnz 765627 (obstructed fixed targets cancelled: 0) [1s, HWM 0.15 GB]
    E_12: |H|=1 targets 86952 canonical rows 86952 nnz 415632 (obstructed fixed targets cancelled: 0) [2s, HWM 0.15 GB]
    E_23: |H|=1 targets 89552 canonical rows 89552 nnz 262926 (obstructed fixed targets cancelled: 0) [3s, HWM 0.15 GB]
    E_34: |H|=1 targets 74820 canonical rows 74820 nnz 159884 (obstructed fixed targets cancelled: 0) [3s, HWM 0.15 GB]
  built (47, 14, 4, 2, 1) d17: N_S=159884 |Stab|=1 n_chi=159884 rows=377720 nnz=1604069 (4s: mono 1s orbits 0s rows 3s; HWM 0.15 GB)
  sieve (47, 14, 4, 2, 1) d17: cover(E) 159389/159884 by reversed (a=406, |U|=495, excess 89; {'natural': 153287, 'reversed': 159389, 'fill_asc': 132238, 'fill_desc': 128791, 'random': 106063}); cover(E_red) 129984/130408 (0.8s)
    hybrid[47_14_4_2_1d17] p=2147483647 attempt 0: |S|=159389 |U|=495 (a=406, excess 89) m=559 blocks 1x495 projected nullity 406, verified=True, rank 406 [split 0.4s trisolve 9.1s schur 5.4s null 0.3s lift 15.5s rank 2.5s]
    hybrid[47_14_4_2_1d17] p=2147483629 attempt 0: |S|=159389 |U|=495 (a=406, excess 89) m=559 blocks 1x495 projected nullity 406, verified=True, rank 406 [split 0.1s trisolve 4.0s schur 5.3s null 0.2s lift 14.7s rank 2.3s]
