PASS        results/certs/s73/s73_10_7_2_2_2_2_2_d9_n3_det_p2147483629_sparse_nullity.json  (4.8s)  s73: nullity_p([E; ev_det]) = 0 at p = 2147483629 for lambda = (10, 7, 2, 2, 2, 2, 2), delta = 9 (n = 3, r = 7): mult_det = 2 = a, proved over Q
    [ok  ] cell: n in {3, 4} — n = 3
    [ok  ] cell: length(lambda) = r — lambda (10, 7, 2, 2, 2, 2, 2), r 7
    [ok  ] cell: lambda weakly decreasing
    [ok  ] cell: |lambda| = n*delta — 27 vs 3*9
    [ok  ] cell: a recomputed (Weyl alternation) — recomputed 2, claimed 2
    [ok  ] claim: mult = a - nullity — a 2, nullity 0, mult 2
    [ok  ] claim: 0 <= nullity <= a
    [ok  ] 10 recorded det_pencil points rebuilt from substitution data (each a nonzero form of degree 3) — 0 zero forms; need at least a = 2 points
    [ok  ] reduction sizes recorded (N_S, n_chi, |Stab|, rows and nnz of E)
    [ok  ] closing Berlekamp-Massey record: degree = n_chi and f(0) != 0 (Lemma 4: [E_c; ev; R] nonsingular) — degree 11425 vs n_chi 11425, f(0) = 133709641
    [ok  ] closing run pinned k_extra = nullity random dense rows (so nullity_p <= k) — k_extra 0, nullity 0
    [ok  ] conclusion: nullity_p([E; ev]) = 0 at p = 2147483629, so mult_det_pencil(lambda, delta) = a = 2 over Q (rank_p <= rank_Q <= a); the row sampling/grouping of E can only lose rank, so the compressed certificate implies the full one
    [ok  ] NOT re-done here: the chi-isotypic build and the Wiedemann sequence (re-runnable from the recorded seeds: analysis/wk11_s73_cell.py)
PASS        results/certs/s73/s73_10_7_2_2_2_2_2_d9_n3_det_p2147483647_sparse_nullity.json  (4.3s)  s73: nullity_p([E; ev_det]) = 0 at p = 2147483647 for lambda = (10, 7, 2, 2, 2, 2, 2), delta = 9 (n = 3, r = 7): mult_det = 2 = a, proved over Q
    [ok  ] cell: n in {3, 4} — n = 3
    [ok  ] cell: length(lambda) = r — lambda (10, 7, 2, 2, 2, 2, 2), r 7
    [ok  ] cell: lambda weakly decreasing
    [ok  ] cell: |lambda| = n*delta — 27 vs 3*9
    [ok  ] cell: a recomputed (Weyl alternation) — recomputed 2, claimed 2
    [ok  ] claim: mult = a - nullity — a 2, nullity 0, mult 2
    [ok  ] claim: 0 <= nullity <= a
    [ok  ] 10 recorded det_pencil points rebuilt from substitution data (each a nonzero form of degree 3) — 0 zero forms; need at least a = 2 points
    [ok  ] reduction sizes recorded (N_S, n_chi, |Stab|, rows and nnz of E)
    [ok  ] closing Berlekamp-Massey record: degree = n_chi and f(0) != 0 (Lemma 4: [E_c; ev; R] nonsingular) — degree 11425 vs n_chi 11425, f(0) = 657914641
    [ok  ] closing run pinned k_extra = nullity random dense rows (so nullity_p <= k) — k_extra 0, nullity 0
    [ok  ] conclusion: nullity_p([E; ev]) = 0 at p = 2147483647, so mult_det_pencil(lambda, delta) = a = 2 over Q (rank_p <= rank_Q <= a); the row sampling/grouping of E can only lose rank, so the compressed certificate implies the full one
    [ok  ] NOT re-done here: the chi-isotypic build and the Wiedemann sequence (re-runnable from the recorded seeds: analysis/wk11_s73_cell.py)
PASS        results/certs/s73/s73_10_7_2_2_2_2_2_d9_n3_fullE_p2147483647_sparse_nullity.json  (4.4s)  s73: nullity_p(E) = 2 = a at p = 2147483647 for lambda = (10, 7, 2, 2, 2, 2, 2), delta = 9 (n = 3, r = 7): the raising operators on V_chi have kernel of the plethysm dimension
    [ok  ] cell: n in {3, 4} — n = 3
    [ok  ] cell: length(lambda) = r — lambda (10, 7, 2, 2, 2, 2, 2), r 7
    [ok  ] cell: lambda weakly decreasing
    [ok  ] cell: |lambda| = n*delta — 27 vs 3*9
    [ok  ] cell: a recomputed (Weyl alternation) — recomputed 2, claimed 2
    [ok  ] claim: mult = a - nullity — a 2, nullity 2, mult 0
    [ok  ] claim: 0 <= nullity <= a
    [ok  ] variety none: no evaluation rows (the kernel of E alone, nullity = a expected) — 0 points, nullity 2, a 2
    [ok  ] reduction sizes recorded (N_S, n_chi, |Stab|, rows and nnz of E)
    [ok  ] closing Berlekamp-Massey record: degree = n_chi and f(0) != 0 (Lemma 4: [E_c; ev; R] nonsingular) — degree 11425 vs n_chi 11425, f(0) = 114495520
    [ok  ] closing run pinned k_extra = nullity random dense rows (so nullity_p <= k) — k_extra 2, nullity 2
    [ok  ] conclusion: nullity_p(E) = 2 = a at p = 2147483647: the 2 kernel vectors (an explicit basis of the highest-weight space mod p) are banked as an artefact by the producer and are NOT certified here (a mod-p basis of this size does not fit a certificate); the count is closed by the Berlekamp-Massey record above
    [ok  ] NOT re-done here: the chi-isotypic build and the Wiedemann sequence (re-runnable from the recorded seeds: analysis/wk11_s73_cell.py)
PASS        results/certs/s73/s73_10_7_2_2_2_2_2_d9_n3_permanent_p2147483629_sparse_nullity.json  (4.3s)  s73: nullity_p([E; ev_per]) = 0 at p = 2147483629 for lambda = (10, 7, 2, 2, 2, 2, 2), delta = 9 (n = 3, r = 7): mult_per = 2 = a, proved over Q
    [ok  ] cell: n in {3, 4} — n = 3
    [ok  ] cell: length(lambda) = r — lambda (10, 7, 2, 2, 2, 2, 2), r 7
    [ok  ] cell: lambda weakly decreasing
    [ok  ] cell: |lambda| = n*delta — 27 vs 3*9
    [ok  ] cell: a recomputed (Weyl alternation) — recomputed 2, claimed 2
    [ok  ] claim: mult = a - nullity — a 2, nullity 0, mult 2
    [ok  ] claim: 0 <= nullity <= a
    [ok  ] 10 recorded permanent_pencil points rebuilt from substitution data (each a nonzero form of degree 3) — 0 zero forms; need at least a = 2 points
    [ok  ] reduction sizes recorded (N_S, n_chi, |Stab|, rows and nnz of E)
    [ok  ] closing Berlekamp-Massey record: degree = n_chi and f(0) != 0 (Lemma 4: [E_c; ev; R] nonsingular) — degree 11425 vs n_chi 11425, f(0) = 314844569
    [ok  ] closing run pinned k_extra = nullity random dense rows (so nullity_p <= k) — k_extra 0, nullity 0
    [ok  ] conclusion: nullity_p([E; ev]) = 0 at p = 2147483629, so mult_permanent_pencil(lambda, delta) = a = 2 over Q (rank_p <= rank_Q <= a); the row sampling/grouping of E can only lose rank, so the compressed certificate implies the full one
    [ok  ] NOT re-done here: the chi-isotypic build and the Wiedemann sequence (re-runnable from the recorded seeds: analysis/wk11_s73_cell.py)
PASS        results/certs/s73/s73_10_7_2_2_2_2_2_d9_n3_permanent_p2147483647_sparse_nullity.json  (4.3s)  s73: nullity_p([E; ev_per]) = 0 at p = 2147483647 for lambda = (10, 7, 2, 2, 2, 2, 2), delta = 9 (n = 3, r = 7): mult_per = 2 = a, proved over Q
    [ok  ] cell: n in {3, 4} — n = 3
    [ok  ] cell: length(lambda) = r — lambda (10, 7, 2, 2, 2, 2, 2), r 7
    [ok  ] cell: lambda weakly decreasing
    [ok  ] cell: |lambda| = n*delta — 27 vs 3*9
    [ok  ] cell: a recomputed (Weyl alternation) — recomputed 2, claimed 2
    [ok  ] claim: mult = a - nullity — a 2, nullity 0, mult 2
    [ok  ] claim: 0 <= nullity <= a
    [ok  ] 10 recorded permanent_pencil points rebuilt from substitution data (each a nonzero form of degree 3) — 0 zero forms; need at least a = 2 points
    [ok  ] reduction sizes recorded (N_S, n_chi, |Stab|, rows and nnz of E)
    [ok  ] closing Berlekamp-Massey record: degree = n_chi and f(0) != 0 (Lemma 4: [E_c; ev; R] nonsingular) — degree 11425 vs n_chi 11425, f(0) = 1520593790
    [ok  ] closing run pinned k_extra = nullity random dense rows (so nullity_p <= k) — k_extra 0, nullity 0
    [ok  ] conclusion: nullity_p([E; ev]) = 0 at p = 2147483647, so mult_permanent_pencil(lambda, delta) = a = 2 over Q (rank_p <= rank_Q <= a); the row sampling/grouping of E can only lose rank, so the compressed certificate implies the full one
    [ok  ] NOT re-done here: the chi-isotypic build and the Wiedemann sequence (re-runnable from the recorded seeds: analysis/wk11_s73_cell.py)
PASS        results/certs/s73/s73_13_7_2_2_2_2_2_d10_n3_det_p2147483629_sparse_nullity.json  (5.9s)  s73: nullity_p([E; ev_det]) = 0 at p = 2147483629 for lambda = (13, 7, 2, 2, 2, 2, 2), delta = 10 (n = 3, r = 7): mult_det = 4 = a, proved over Q
    [ok  ] cell: n in {3, 4} — n = 3
    [ok  ] cell: length(lambda) = r — lambda (13, 7, 2, 2, 2, 2, 2), r 7
    [ok  ] cell: lambda weakly decreasing
    [ok  ] cell: |lambda| = n*delta — 30 vs 3*10
    [ok  ] cell: a recomputed (Weyl alternation) — recomputed 4, claimed 4
    [ok  ] claim: mult = a - nullity — a 4, nullity 0, mult 4
    [ok  ] claim: 0 <= nullity <= a
    [ok  ] 12 recorded det_pencil points rebuilt from substitution data (each a nonzero form of degree 3) — 0 zero forms; need at least a = 4 points
    [ok  ] reduction sizes recorded (N_S, n_chi, |Stab|, rows and nnz of E)
    [ok  ] closing Berlekamp-Massey record: degree = n_chi and f(0) != 0 (Lemma 4: [E_c; ev; R] nonsingular) — degree 14598 vs n_chi 14598, f(0) = 2037995495
    [ok  ] closing run pinned k_extra = nullity random dense rows (so nullity_p <= k) — k_extra 0, nullity 0
    [ok  ] conclusion: nullity_p([E; ev]) = 0 at p = 2147483629, so mult_det_pencil(lambda, delta) = a = 4 over Q (rank_p <= rank_Q <= a); the row sampling/grouping of E can only lose rank, so the compressed certificate implies the full one
    [ok  ] NOT re-done here: the chi-isotypic build and the Wiedemann sequence (re-runnable from the recorded seeds: analysis/wk11_s73_cell.py)
PASS        results/certs/s73/s73_13_7_2_2_2_2_2_d10_n3_det_p2147483647_sparse_nullity.json  (5.8s)  s73: nullity_p([E; ev_det]) = 0 at p = 2147483647 for lambda = (13, 7, 2, 2, 2, 2, 2), delta = 10 (n = 3, r = 7): mult_det = 4 = a, proved over Q
    [ok  ] cell: n in {3, 4} — n = 3
    [ok  ] cell: length(lambda) = r — lambda (13, 7, 2, 2, 2, 2, 2), r 7
    [ok  ] cell: lambda weakly decreasing
    [ok  ] cell: |lambda| = n*delta — 30 vs 3*10
    [ok  ] cell: a recomputed (Weyl alternation) — recomputed 4, claimed 4
    [ok  ] claim: mult = a - nullity — a 4, nullity 0, mult 4
    [ok  ] claim: 0 <= nullity <= a
    [ok  ] 12 recorded det_pencil points rebuilt from substitution data (each a nonzero form of degree 3) — 0 zero forms; need at least a = 4 points
    [ok  ] reduction sizes recorded (N_S, n_chi, |Stab|, rows and nnz of E)
    [ok  ] closing Berlekamp-Massey record: degree = n_chi and f(0) != 0 (Lemma 4: [E_c; ev; R] nonsingular) — degree 14598 vs n_chi 14598, f(0) = 426190755
    [ok  ] closing run pinned k_extra = nullity random dense rows (so nullity_p <= k) — k_extra 0, nullity 0
    [ok  ] conclusion: nullity_p([E; ev]) = 0 at p = 2147483647, so mult_det_pencil(lambda, delta) = a = 4 over Q (rank_p <= rank_Q <= a); the row sampling/grouping of E can only lose rank, so the compressed certificate implies the full one
    [ok  ] NOT re-done here: the chi-isotypic build and the Wiedemann sequence (re-runnable from the recorded seeds: analysis/wk11_s73_cell.py)
PASS        results/certs/s73/s73_13_7_2_2_2_2_2_d10_n3_fullE_p2147483647_sparse_nullity.json  (5.8s)  s73: nullity_p(E) = 4 = a at p = 2147483647 for lambda = (13, 7, 2, 2, 2, 2, 2), delta = 10 (n = 3, r = 7): the raising operators on V_chi have kernel of the plethysm dimension
    [ok  ] cell: n in {3, 4} — n = 3
    [ok  ] cell: length(lambda) = r — lambda (13, 7, 2, 2, 2, 2, 2), r 7
    [ok  ] cell: lambda weakly decreasing
    [ok  ] cell: |lambda| = n*delta — 30 vs 3*10
    [ok  ] cell: a recomputed (Weyl alternation) — recomputed 4, claimed 4
    [ok  ] claim: mult = a - nullity — a 4, nullity 4, mult 0
    [ok  ] claim: 0 <= nullity <= a
    [ok  ] variety none: no evaluation rows (the kernel of E alone, nullity = a expected) — 0 points, nullity 4, a 4
    [ok  ] reduction sizes recorded (N_S, n_chi, |Stab|, rows and nnz of E)
    [ok  ] closing Berlekamp-Massey record: degree = n_chi and f(0) != 0 (Lemma 4: [E_c; ev; R] nonsingular) — degree 14598 vs n_chi 14598, f(0) = 1436579530
    [ok  ] closing run pinned k_extra = nullity random dense rows (so nullity_p <= k) — k_extra 4, nullity 4
    [ok  ] conclusion: nullity_p(E) = 4 = a at p = 2147483647: the 4 kernel vectors (an explicit basis of the highest-weight space mod p) are banked as an artefact by the producer and are NOT certified here (a mod-p basis of this size does not fit a certificate); the count is closed by the Berlekamp-Massey record above
    [ok  ] NOT re-done here: the chi-isotypic build and the Wiedemann sequence (re-runnable from the recorded seeds: analysis/wk11_s73_cell.py)
PASS        results/certs/s73/s73_13_7_2_2_2_2_2_d10_n3_permanent_p2147483629_sparse_nullity.json  (5.7s)  s73: nullity_p([E; ev_per]) = 0 at p = 2147483629 for lambda = (13, 7, 2, 2, 2, 2, 2), delta = 10 (n = 3, r = 7): mult_per = 4 = a, proved over Q
    [ok  ] cell: n in {3, 4} — n = 3
    [ok  ] cell: length(lambda) = r — lambda (13, 7, 2, 2, 2, 2, 2), r 7
    [ok  ] cell: lambda weakly decreasing
    [ok  ] cell: |lambda| = n*delta — 30 vs 3*10
    [ok  ] cell: a recomputed (Weyl alternation) — recomputed 4, claimed 4
    [ok  ] claim: mult = a - nullity — a 4, nullity 0, mult 4
    [ok  ] claim: 0 <= nullity <= a
    [ok  ] 12 recorded permanent_pencil points rebuilt from substitution data (each a nonzero form of degree 3) — 0 zero forms; need at least a = 4 points
    [ok  ] reduction sizes recorded (N_S, n_chi, |Stab|, rows and nnz of E)
    [ok  ] closing Berlekamp-Massey record: degree = n_chi and f(0) != 0 (Lemma 4: [E_c; ev; R] nonsingular) — degree 14598 vs n_chi 14598, f(0) = 931638220
    [ok  ] closing run pinned k_extra = nullity random dense rows (so nullity_p <= k) — k_extra 0, nullity 0
    [ok  ] conclusion: nullity_p([E; ev]) = 0 at p = 2147483629, so mult_permanent_pencil(lambda, delta) = a = 4 over Q (rank_p <= rank_Q <= a); the row sampling/grouping of E can only lose rank, so the compressed certificate implies the full one
    [ok  ] NOT re-done here: the chi-isotypic build and the Wiedemann sequence (re-runnable from the recorded seeds: analysis/wk11_s73_cell.py)
PASS        results/certs/s73/s73_13_7_2_2_2_2_2_d10_n3_permanent_p2147483647_sparse_nullity.json  (5.6s)  s73: nullity_p([E; ev_per]) = 0 at p = 2147483647 for lambda = (13, 7, 2, 2, 2, 2, 2), delta = 10 (n = 3, r = 7): mult_per = 4 = a, proved over Q
    [ok  ] cell: n in {3, 4} — n = 3
    [ok  ] cell: length(lambda) = r — lambda (13, 7, 2, 2, 2, 2, 2), r 7
    [ok  ] cell: lambda weakly decreasing
    [ok  ] cell: |lambda| = n*delta — 30 vs 3*10
    [ok  ] cell: a recomputed (Weyl alternation) — recomputed 4, claimed 4
    [ok  ] claim: mult = a - nullity — a 4, nullity 0, mult 4
    [ok  ] claim: 0 <= nullity <= a
    [ok  ] 12 recorded permanent_pencil points rebuilt from substitution data (each a nonzero form of degree 3) — 0 zero forms; need at least a = 4 points
    [ok  ] reduction sizes recorded (N_S, n_chi, |Stab|, rows and nnz of E)
    [ok  ] closing Berlekamp-Massey record: degree = n_chi and f(0) != 0 (Lemma 4: [E_c; ev; R] nonsingular) — degree 14598 vs n_chi 14598, f(0) = 149152229
    [ok  ] closing run pinned k_extra = nullity random dense rows (so nullity_p <= k) — k_extra 0, nullity 0
    [ok  ] conclusion: nullity_p([E; ev]) = 0 at p = 2147483647, so mult_permanent_pencil(lambda, delta) = a = 4 over Q (rank_p <= rank_Q <= a); the row sampling/grouping of E can only lose rank, so the compressed certificate implies the full one
    [ok  ] NOT re-done here: the chi-isotypic build and the Wiedemann sequence (re-runnable from the recorded seeds: analysis/wk11_s73_cell.py)
PASS        results/certs/s73/s73_16_7_2_2_2_2_2_d11_n3_det_p2147483629_sparse_nullity.json  (7.2s)  s73: nullity_p([E; ev_det]) = 0 at p = 2147483629 for lambda = (16, 7, 2, 2, 2, 2, 2), delta = 11 (n = 3, r = 7): mult_det = 5 = a, proved over Q
    [ok  ] cell: n in {3, 4} — n = 3
    [ok  ] cell: length(lambda) = r — lambda (16, 7, 2, 2, 2, 2, 2), r 7
    [ok  ] cell: lambda weakly decreasing
    [ok  ] cell: |lambda| = n*delta — 33 vs 3*11
    [ok  ] cell: a recomputed (Weyl alternation) — recomputed 5, claimed 5
    [ok  ] claim: mult = a - nullity — a 5, nullity 0, mult 5
    [ok  ] claim: 0 <= nullity <= a
    [ok  ] 13 recorded det_pencil points rebuilt from substitution data (each a nonzero form of degree 3) — 0 zero forms; need at least a = 5 points
    [ok  ] reduction sizes recorded (N_S, n_chi, |Stab|, rows and nnz of E)
    [ok  ] closing Berlekamp-Massey record: degree = n_chi and f(0) != 0 (Lemma 4: [E_c; ev; R] nonsingular) — degree 16318 vs n_chi 16318, f(0) = 2051157413
    [ok  ] closing run pinned k_extra = nullity random dense rows (so nullity_p <= k) — k_extra 0, nullity 0
    [ok  ] conclusion: nullity_p([E; ev]) = 0 at p = 2147483629, so mult_det_pencil(lambda, delta) = a = 5 over Q (rank_p <= rank_Q <= a); the row sampling/grouping of E can only lose rank, so the compressed certificate implies the full one
    [ok  ] NOT re-done here: the chi-isotypic build and the Wiedemann sequence (re-runnable from the recorded seeds: analysis/wk11_s73_cell.py)
PASS        results/certs/s73/s73_16_7_2_2_2_2_2_d11_n3_det_p2147483647_sparse_nullity.json  (7.2s)  s73: nullity_p([E; ev_det]) = 0 at p = 2147483647 for lambda = (16, 7, 2, 2, 2, 2, 2), delta = 11 (n = 3, r = 7): mult_det = 5 = a, proved over Q
    [ok  ] cell: n in {3, 4} — n = 3
    [ok  ] cell: length(lambda) = r — lambda (16, 7, 2, 2, 2, 2, 2), r 7
    [ok  ] cell: lambda weakly decreasing
    [ok  ] cell: |lambda| = n*delta — 33 vs 3*11
    [ok  ] cell: a recomputed (Weyl alternation) — recomputed 5, claimed 5
    [ok  ] claim: mult = a - nullity — a 5, nullity 0, mult 5
    [ok  ] claim: 0 <= nullity <= a
    [ok  ] 13 recorded det_pencil points rebuilt from substitution data (each a nonzero form of degree 3) — 0 zero forms; need at least a = 5 points
    [ok  ] reduction sizes recorded (N_S, n_chi, |Stab|, rows and nnz of E)
    [ok  ] closing Berlekamp-Massey record: degree = n_chi and f(0) != 0 (Lemma 4: [E_c; ev; R] nonsingular) — degree 16318 vs n_chi 16318, f(0) = 910563636
    [ok  ] closing run pinned k_extra = nullity random dense rows (so nullity_p <= k) — k_extra 0, nullity 0
    [ok  ] conclusion: nullity_p([E; ev]) = 0 at p = 2147483647, so mult_det_pencil(lambda, delta) = a = 5 over Q (rank_p <= rank_Q <= a); the row sampling/grouping of E can only lose rank, so the compressed certificate implies the full one
    [ok  ] NOT re-done here: the chi-isotypic build and the Wiedemann sequence (re-runnable from the recorded seeds: analysis/wk11_s73_cell.py)
PASS        results/certs/s73/s73_16_7_2_2_2_2_2_d11_n3_fullE_p2147483647_sparse_nullity.json  (7.1s)  s73: nullity_p(E) = 5 = a at p = 2147483647 for lambda = (16, 7, 2, 2, 2, 2, 2), delta = 11 (n = 3, r = 7): the raising operators on V_chi have kernel of the plethysm dimension
    [ok  ] cell: n in {3, 4} — n = 3
    [ok  ] cell: length(lambda) = r — lambda (16, 7, 2, 2, 2, 2, 2), r 7
    [ok  ] cell: lambda weakly decreasing
    [ok  ] cell: |lambda| = n*delta — 33 vs 3*11
    [ok  ] cell: a recomputed (Weyl alternation) — recomputed 5, claimed 5
    [ok  ] claim: mult = a - nullity — a 5, nullity 5, mult 0
    [ok  ] claim: 0 <= nullity <= a
    [ok  ] variety none: no evaluation rows (the kernel of E alone, nullity = a expected) — 0 points, nullity 5, a 5
    [ok  ] reduction sizes recorded (N_S, n_chi, |Stab|, rows and nnz of E)
    [ok  ] closing Berlekamp-Massey record: degree = n_chi and f(0) != 0 (Lemma 4: [E_c; ev; R] nonsingular) — degree 16318 vs n_chi 16318, f(0) = 138488864
    [ok  ] closing run pinned k_extra = nullity random dense rows (so nullity_p <= k) — k_extra 5, nullity 5
    [ok  ] conclusion: nullity_p(E) = 5 = a at p = 2147483647: the 5 kernel vectors (an explicit basis of the highest-weight space mod p) are banked as an artefact by the producer and are NOT certified here (a mod-p basis of this size does not fit a certificate); the count is closed by the Berlekamp-Massey record above
    [ok  ] NOT re-done here: the chi-isotypic build and the Wiedemann sequence (re-runnable from the recorded seeds: analysis/wk11_s73_cell.py)
PASS        results/certs/s73/s73_16_7_2_2_2_2_2_d11_n3_permanent_p2147483629_sparse_nullity.json  (7.2s)  s73: nullity_p([E; ev_per]) = 0 at p = 2147483629 for lambda = (16, 7, 2, 2, 2, 2, 2), delta = 11 (n = 3, r = 7): mult_per = 5 = a, proved over Q
    [ok  ] cell: n in {3, 4} — n = 3
    [ok  ] cell: length(lambda) = r — lambda (16, 7, 2, 2, 2, 2, 2), r 7
    [ok  ] cell: lambda weakly decreasing
    [ok  ] cell: |lambda| = n*delta — 33 vs 3*11
    [ok  ] cell: a recomputed (Weyl alternation) — recomputed 5, claimed 5
    [ok  ] claim: mult = a - nullity — a 5, nullity 0, mult 5
    [ok  ] claim: 0 <= nullity <= a
    [ok  ] 13 recorded permanent_pencil points rebuilt from substitution data (each a nonzero form of degree 3) — 0 zero forms; need at least a = 5 points
    [ok  ] reduction sizes recorded (N_S, n_chi, |Stab|, rows and nnz of E)
    [ok  ] closing Berlekamp-Massey record: degree = n_chi and f(0) != 0 (Lemma 4: [E_c; ev; R] nonsingular) — degree 16318 vs n_chi 16318, f(0) = 707519748
    [ok  ] closing run pinned k_extra = nullity random dense rows (so nullity_p <= k) — k_extra 0, nullity 0
    [ok  ] conclusion: nullity_p([E; ev]) = 0 at p = 2147483629, so mult_permanent_pencil(lambda, delta) = a = 5 over Q (rank_p <= rank_Q <= a); the row sampling/grouping of E can only lose rank, so the compressed certificate implies the full one
    [ok  ] NOT re-done here: the chi-isotypic build and the Wiedemann sequence (re-runnable from the recorded seeds: analysis/wk11_s73_cell.py)
PASS        results/certs/s73/s73_16_7_2_2_2_2_2_d11_n3_permanent_p2147483647_sparse_nullity.json  (7.1s)  s73: nullity_p([E; ev_per]) = 0 at p = 2147483647 for lambda = (16, 7, 2, 2, 2, 2, 2), delta = 11 (n = 3, r = 7): mult_per = 5 = a, proved over Q
    [ok  ] cell: n in {3, 4} — n = 3
    [ok  ] cell: length(lambda) = r — lambda (16, 7, 2, 2, 2, 2, 2), r 7
    [ok  ] cell: lambda weakly decreasing
    [ok  ] cell: |lambda| = n*delta — 33 vs 3*11
    [ok  ] cell: a recomputed (Weyl alternation) — recomputed 5, claimed 5
    [ok  ] claim: mult = a - nullity — a 5, nullity 0, mult 5
    [ok  ] claim: 0 <= nullity <= a
    [ok  ] 13 recorded permanent_pencil points rebuilt from substitution data (each a nonzero form of degree 3) — 0 zero forms; need at least a = 5 points
    [ok  ] reduction sizes recorded (N_S, n_chi, |Stab|, rows and nnz of E)
    [ok  ] closing Berlekamp-Massey record: degree = n_chi and f(0) != 0 (Lemma 4: [E_c; ev; R] nonsingular) — degree 16318 vs n_chi 16318, f(0) = 1088868352
    [ok  ] closing run pinned k_extra = nullity random dense rows (so nullity_p <= k) — k_extra 0, nullity 0
    [ok  ] conclusion: nullity_p([E; ev]) = 0 at p = 2147483647, so mult_permanent_pencil(lambda, delta) = a = 5 over Q (rank_p <= rank_Q <= a); the row sampling/grouping of E can only lose rank, so the compressed certificate implies the full one
    [ok  ] NOT re-done here: the chi-isotypic build and the Wiedemann sequence (re-runnable from the recorded seeds: analysis/wk11_s73_cell.py)
PASS        results/certs/s73/s73_19_7_2_2_2_2_2_d12_n3_det_kernel_vec0_int.json.gz  (61.0s)  s73: integer highest-weight vector of weight (19, 7, 2, 2, 2, 2, 2) (delta=12, n=3, r=7) in the kernel of the det_pencil evaluation pairing: an element of I(D_7)^HWV not vanishing on P_7
    [ok  ] cell: n in {3, 4} — n = 3
    [ok  ] cell: length(lambda) = r — lambda (19, 7, 2, 2, 2, 2, 2), r 7
    [ok  ] cell: lambda weakly decreasing
    [ok  ] cell: |lambda| = n*delta — 36 vs 3*12
    [ok  ] cell: a recomputed (Weyl alternation) — recomputed 6, claimed 6
    [ok  ] vectors parsed — 1 vector(s), supports [240510], integer coefficients
    [ok  ] vector 0: shape, degree, canonical terms, weight = lambda
    [ok  ] vector 0: annihilated by every E_(i,i+1) over Z
    [ok  ] vectors linearly independent — rank 1 over Q (lower bound from primes [1, 1]; equals the count so exact)
    [ok  ] vanishes at 14 recorded point(s) [det_pencil]
    [ok  ] evaluation at 14 recorded point(s) [permanent_pencil] has full row rank — rank 1 of 1
    [ok  ] vanishes at 6 fresh det_pencil points (seed 20260908)
    [ok  ] evaluation at 6 fresh permanent_pencil points (seed 20260908) has full row rank — rank 1 of 1
    [ok  ] evaluation at 6 fresh generic points (seed 20260908) has full row rank — rank 1 of 1
PASS        results/certs/s73/s73_19_7_2_2_2_2_2_d12_n3_det_p2147483629_sparse_nullity.json  (9.3s)  s73: nullity_p([E; ev_det]) = 1 at p = 2147483629 for lambda = (19, 7, 2, 2, 2, 2, 2), delta = 12 (n = 3, r = 7): mult_det = 5 (>= 5 proved, = 5 measured)
    [ok  ] cell: n in {3, 4} — n = 3
    [ok  ] cell: length(lambda) = r — lambda (19, 7, 2, 2, 2, 2, 2), r 7
    [ok  ] cell: lambda weakly decreasing
    [ok  ] cell: |lambda| = n*delta — 36 vs 3*12
    [ok  ] cell: a recomputed (Weyl alternation) — recomputed 6, claimed 6
    [ok  ] claim: mult = a - nullity — a 6, nullity 1, mult 5
    [ok  ] claim: 0 <= nullity <= a
    [ok  ] 14 recorded det_pencil points rebuilt from substitution data (each a nonzero form of degree 3) — 0 zero forms; need at least a = 6 points
    [ok  ] reduction sizes recorded (N_S, n_chi, |Stab|, rows and nnz of E)
    [ok  ] closing Berlekamp-Massey record: degree = n_chi and f(0) != 0 (Lemma 4: [E_c; ev; R] nonsingular) — degree 17047 vs n_chi 17047, f(0) = 1598420533
    [ok  ] closing run pinned k_extra = nullity random dense rows (so nullity_p <= k) — k_extra 1, nullity 1
    [ok  ] nullity 1: 1 companion hwv certificate(s) named and present — named ['s73_19_7_2_2_2_2_2_d12_n3_det_kernel_vec0_int.json.gz'], present [True]
    [ok  ] conclusion: nullity_p = 1 at p = 2147483629: mult >= 5 proved; = 5 measured, carried to Q by the companion hwv certificate(s) (integer vectors annihilated by the raising operators over Z, vanishing at fresh det_pencil points)
    [ok  ] NOT re-done here: the chi-isotypic build and the Wiedemann sequence (re-runnable from the recorded seeds: analysis/wk11_s73_cell.py)
PASS        results/certs/s73/s73_19_7_2_2_2_2_2_d12_n3_det_p2147483647_sparse_nullity.json  (9.1s)  s73: nullity_p([E; ev_det]) = 1 at p = 2147483647 for lambda = (19, 7, 2, 2, 2, 2, 2), delta = 12 (n = 3, r = 7): mult_det = 5 (>= 5 proved, = 5 measured)
    [ok  ] cell: n in {3, 4} — n = 3
    [ok  ] cell: length(lambda) = r — lambda (19, 7, 2, 2, 2, 2, 2), r 7
    [ok  ] cell: lambda weakly decreasing
    [ok  ] cell: |lambda| = n*delta — 36 vs 3*12
    [ok  ] cell: a recomputed (Weyl alternation) — recomputed 6, claimed 6
    [ok  ] claim: mult = a - nullity — a 6, nullity 1, mult 5
    [ok  ] claim: 0 <= nullity <= a
    [ok  ] 14 recorded det_pencil points rebuilt from substitution data (each a nonzero form of degree 3) — 0 zero forms; need at least a = 6 points
    [ok  ] reduction sizes recorded (N_S, n_chi, |Stab|, rows and nnz of E)
    [ok  ] closing Berlekamp-Massey record: degree = n_chi and f(0) != 0 (Lemma 4: [E_c; ev; R] nonsingular) — degree 17047 vs n_chi 17047, f(0) = 1438652706
    [ok  ] closing run pinned k_extra = nullity random dense rows (so nullity_p <= k) — k_extra 1, nullity 1
    [ok  ] nullity 1: 1 companion hwv certificate(s) named and present — named ['s73_19_7_2_2_2_2_2_d12_n3_det_kernel_vec0_int.json.gz'], present [True]
    [ok  ] conclusion: nullity_p = 1 at p = 2147483647: mult >= 5 proved; = 5 measured, carried to Q by the companion hwv certificate(s) (integer vectors annihilated by the raising operators over Z, vanishing at fresh det_pencil points)
    [ok  ] NOT re-done here: the chi-isotypic build and the Wiedemann sequence (re-runnable from the recorded seeds: analysis/wk11_s73_cell.py)
PASS        results/certs/s73/s73_19_7_2_2_2_2_2_d12_n3_fullE_p2147483647_sparse_nullity.json  (9.2s)  s73: nullity_p(E) = 6 = a at p = 2147483647 for lambda = (19, 7, 2, 2, 2, 2, 2), delta = 12 (n = 3, r = 7): the raising operators on V_chi have kernel of the plethysm dimension
    [ok  ] cell: n in {3, 4} — n = 3
    [ok  ] cell: length(lambda) = r — lambda (19, 7, 2, 2, 2, 2, 2), r 7
    [ok  ] cell: lambda weakly decreasing
    [ok  ] cell: |lambda| = n*delta — 36 vs 3*12
    [ok  ] cell: a recomputed (Weyl alternation) — recomputed 6, claimed 6
    [ok  ] claim: mult = a - nullity — a 6, nullity 6, mult 0
    [ok  ] claim: 0 <= nullity <= a
    [ok  ] variety none: no evaluation rows (the kernel of E alone, nullity = a expected) — 0 points, nullity 6, a 6
    [ok  ] reduction sizes recorded (N_S, n_chi, |Stab|, rows and nnz of E)
    [ok  ] closing Berlekamp-Massey record: degree = n_chi and f(0) != 0 (Lemma 4: [E_c; ev; R] nonsingular) — degree 17047 vs n_chi 17047, f(0) = 771177339
    [ok  ] closing run pinned k_extra = nullity random dense rows (so nullity_p <= k) — k_extra 6, nullity 6
    [ok  ] conclusion: nullity_p(E) = 6 = a at p = 2147483647: the 6 kernel vectors (an explicit basis of the highest-weight space mod p) are banked as an artefact by the producer and are NOT certified here (a mod-p basis of this size does not fit a certificate); the count is closed by the Berlekamp-Massey record above
    [ok  ] NOT re-done here: the chi-isotypic build and the Wiedemann sequence (re-runnable from the recorded seeds: analysis/wk11_s73_cell.py)
PASS        results/certs/s73/s73_19_7_2_2_2_2_2_d12_n3_permanent_p2147483629_sparse_nullity.json  (8.8s)  s73: nullity_p([E; ev_per]) = 0 at p = 2147483629 for lambda = (19, 7, 2, 2, 2, 2, 2), delta = 12 (n = 3, r = 7): mult_per = 6 = a, proved over Q
    [ok  ] cell: n in {3, 4} — n = 3
    [ok  ] cell: length(lambda) = r — lambda (19, 7, 2, 2, 2, 2, 2), r 7
    [ok  ] cell: lambda weakly decreasing
    [ok  ] cell: |lambda| = n*delta — 36 vs 3*12
    [ok  ] cell: a recomputed (Weyl alternation) — recomputed 6, claimed 6
    [ok  ] claim: mult = a - nullity — a 6, nullity 0, mult 6
    [ok  ] claim: 0 <= nullity <= a
    [ok  ] 14 recorded permanent_pencil points rebuilt from substitution data (each a nonzero form of degree 3) — 0 zero forms; need at least a = 6 points
    [ok  ] reduction sizes recorded (N_S, n_chi, |Stab|, rows and nnz of E)
    [ok  ] closing Berlekamp-Massey record: degree = n_chi and f(0) != 0 (Lemma 4: [E_c; ev; R] nonsingular) — degree 17047 vs n_chi 17047, f(0) = 1485065476
    [ok  ] closing run pinned k_extra = nullity random dense rows (so nullity_p <= k) — k_extra 0, nullity 0
    [ok  ] conclusion: nullity_p([E; ev]) = 0 at p = 2147483629, so mult_permanent_pencil(lambda, delta) = a = 6 over Q (rank_p <= rank_Q <= a); the row sampling/grouping of E can only lose rank, so the compressed certificate implies the full one
    [ok  ] NOT re-done here: the chi-isotypic build and the Wiedemann sequence (re-runnable from the recorded seeds: analysis/wk11_s73_cell.py)
PASS        results/certs/s73/s73_19_7_2_2_2_2_2_d12_n3_permanent_p2147483647_sparse_nullity.json  (8.7s)  s73: nullity_p([E; ev_per]) = 0 at p = 2147483647 for lambda = (19, 7, 2, 2, 2, 2, 2), delta = 12 (n = 3, r = 7): mult_per = 6 = a, proved over Q
    [ok  ] cell: n in {3, 4} — n = 3
    [ok  ] cell: length(lambda) = r — lambda (19, 7, 2, 2, 2, 2, 2), r 7
    [ok  ] cell: lambda weakly decreasing
    [ok  ] cell: |lambda| = n*delta — 36 vs 3*12
    [ok  ] cell: a recomputed (Weyl alternation) — recomputed 6, claimed 6
    [ok  ] claim: mult = a - nullity — a 6, nullity 0, mult 6
    [ok  ] claim: 0 <= nullity <= a
    [ok  ] 14 recorded permanent_pencil points rebuilt from substitution data (each a nonzero form of degree 3) — 0 zero forms; need at least a = 6 points
    [ok  ] reduction sizes recorded (N_S, n_chi, |Stab|, rows and nnz of E)
    [ok  ] closing Berlekamp-Massey record: degree = n_chi and f(0) != 0 (Lemma 4: [E_c; ev; R] nonsingular) — degree 17047 vs n_chi 17047, f(0) = 1812513685
    [ok  ] closing run pinned k_extra = nullity random dense rows (so nullity_p <= k) — k_extra 0, nullity 0
    [ok  ] conclusion: nullity_p([E; ev]) = 0 at p = 2147483647, so mult_permanent_pencil(lambda, delta) = a = 6 over Q (rank_p <= rank_Q <= a); the row sampling/grouping of E can only lose rank, so the compressed certificate implies the full one
    [ok  ] NOT re-done here: the chi-isotypic build and the Wiedemann sequence (re-runnable from the recorded seeds: analysis/wk11_s73_cell.py)
PASS        results/certs/s73/s73_19_7_2_2_2_2_2_second_d12_n3_det_kernel_vec0_int.json.gz  (68.2s)  s73: integer highest-weight vector of weight (19, 7, 2, 2, 2, 2, 2) (delta=12, n=3, r=7) in the kernel of the det_pencil evaluation pairing: an element of I(D_7)^HWV not vanishing on P_7
    [ok  ] cell: n in {3, 4} — n = 3
    [ok  ] cell: length(lambda) = r — lambda (19, 7, 2, 2, 2, 2, 2), r 7
    [ok  ] cell: lambda weakly decreasing
    [ok  ] cell: |lambda| = n*delta — 36 vs 3*12
    [ok  ] cell: a recomputed (Weyl alternation) — recomputed 6, claimed 6
    [ok  ] vectors parsed — 1 vector(s), supports [240510], integer coefficients
    [ok  ] vector 0: shape, degree, canonical terms, weight = lambda
    [ok  ] vector 0: annihilated by every E_(i,i+1) over Z
    [ok  ] vectors linearly independent — rank 1 over Q (lower bound from primes [1, 1]; equals the count so exact)
    [ok  ] vanishes at 26 recorded point(s) [det_pencil]
    [ok  ] evaluation at 26 recorded point(s) [permanent_pencil] has full row rank — rank 1 of 1
    [ok  ] vanishes at 6 fresh det_pencil points (seed 20260908)
    [ok  ] evaluation at 6 fresh permanent_pencil points (seed 20260908) has full row rank — rank 1 of 1
    [ok  ] evaluation at 6 fresh generic points (seed 20260908) has full row rank — rank 1 of 1
PASS        results/certs/s73/s73_19_7_2_2_2_2_2_second_d12_n3_det_p2147483629_sparse_nullity.json  (9.1s)  s73: nullity_p([E; ev_det]) = 1 at p = 2147483629 for lambda = (19, 7, 2, 2, 2, 2, 2), delta = 12 (n = 3, r = 7): mult_det = 5 (>= 5 proved, = 5 measured)
    [ok  ] cell: n in {3, 4} — n = 3
    [ok  ] cell: length(lambda) = r — lambda (19, 7, 2, 2, 2, 2, 2), r 7
    [ok  ] cell: lambda weakly decreasing
    [ok  ] cell: |lambda| = n*delta — 36 vs 3*12
    [ok  ] cell: a recomputed (Weyl alternation) — recomputed 6, claimed 6
    [ok  ] claim: mult = a - nullity — a 6, nullity 1, mult 5
    [ok  ] claim: 0 <= nullity <= a
    [ok  ] 26 recorded det_pencil points rebuilt from substitution data (each a nonzero form of degree 3) — 0 zero forms; need at least a = 6 points
    [ok  ] reduction sizes recorded (N_S, n_chi, |Stab|, rows and nnz of E)
    [ok  ] closing Berlekamp-Massey record: degree = n_chi and f(0) != 0 (Lemma 4: [E_c; ev; R] nonsingular) — degree 17047 vs n_chi 17047, f(0) = 1095758389
    [ok  ] closing run pinned k_extra = nullity random dense rows (so nullity_p <= k) — k_extra 1, nullity 1
    [ok  ] nullity 1: 1 companion hwv certificate(s) named and present — named ['s73_19_7_2_2_2_2_2_second_d12_n3_det_kernel_vec0_int.json.gz'], present [True]
    [ok  ] conclusion: nullity_p = 1 at p = 2147483629: mult >= 5 proved; = 5 measured, carried to Q by the companion hwv certificate(s) (integer vectors annihilated by the raising operators over Z, vanishing at fresh det_pencil points)
    [ok  ] NOT re-done here: the chi-isotypic build and the Wiedemann sequence (re-runnable from the recorded seeds: analysis/wk11_s73_cell.py)
PASS        results/certs/s73/s73_19_7_2_2_2_2_2_second_d12_n3_det_p2147483647_sparse_nullity.json  (8.8s)  s73: nullity_p([E; ev_det]) = 1 at p = 2147483647 for lambda = (19, 7, 2, 2, 2, 2, 2), delta = 12 (n = 3, r = 7): mult_det = 5 (>= 5 proved, = 5 measured)
    [ok  ] cell: n in {3, 4} — n = 3
    [ok  ] cell: length(lambda) = r — lambda (19, 7, 2, 2, 2, 2, 2), r 7
    [ok  ] cell: lambda weakly decreasing
    [ok  ] cell: |lambda| = n*delta — 36 vs 3*12
    [ok  ] cell: a recomputed (Weyl alternation) — recomputed 6, claimed 6
    [ok  ] claim: mult = a - nullity — a 6, nullity 1, mult 5
    [ok  ] claim: 0 <= nullity <= a
    [ok  ] 26 recorded det_pencil points rebuilt from substitution data (each a nonzero form of degree 3) — 0 zero forms; need at least a = 6 points
    [ok  ] reduction sizes recorded (N_S, n_chi, |Stab|, rows and nnz of E)
    [ok  ] closing Berlekamp-Massey record: degree = n_chi and f(0) != 0 (Lemma 4: [E_c; ev; R] nonsingular) — degree 17047 vs n_chi 17047, f(0) = 1198547695
    [ok  ] closing run pinned k_extra = nullity random dense rows (so nullity_p <= k) — k_extra 1, nullity 1
    [ok  ] nullity 1: 1 companion hwv certificate(s) named and present — named ['s73_19_7_2_2_2_2_2_second_d12_n3_det_kernel_vec0_int.json.gz'], present [True]
    [ok  ] conclusion: nullity_p = 1 at p = 2147483647: mult >= 5 proved; = 5 measured, carried to Q by the companion hwv certificate(s) (integer vectors annihilated by the raising operators over Z, vanishing at fresh det_pencil points)
    [ok  ] NOT re-done here: the chi-isotypic build and the Wiedemann sequence (re-runnable from the recorded seeds: analysis/wk11_s73_cell.py)
PASS        results/certs/s73/s73_19_7_2_2_2_2_2_second_d12_n3_permanent_p2147483629_sparse_nullity.json  (8.8s)  s73: nullity_p([E; ev_per]) = 0 at p = 2147483629 for lambda = (19, 7, 2, 2, 2, 2, 2), delta = 12 (n = 3, r = 7): mult_per = 6 = a, proved over Q
    [ok  ] cell: n in {3, 4} — n = 3
    [ok  ] cell: length(lambda) = r — lambda (19, 7, 2, 2, 2, 2, 2), r 7
    [ok  ] cell: lambda weakly decreasing
    [ok  ] cell: |lambda| = n*delta — 36 vs 3*12
    [ok  ] cell: a recomputed (Weyl alternation) — recomputed 6, claimed 6
    [ok  ] claim: mult = a - nullity — a 6, nullity 0, mult 6
    [ok  ] claim: 0 <= nullity <= a
    [ok  ] 26 recorded permanent_pencil points rebuilt from substitution data (each a nonzero form of degree 3) — 0 zero forms; need at least a = 6 points
    [ok  ] reduction sizes recorded (N_S, n_chi, |Stab|, rows and nnz of E)
    [ok  ] closing Berlekamp-Massey record: degree = n_chi and f(0) != 0 (Lemma 4: [E_c; ev; R] nonsingular) — degree 17047 vs n_chi 17047, f(0) = 219364277
    [ok  ] closing run pinned k_extra = nullity random dense rows (so nullity_p <= k) — k_extra 0, nullity 0
    [ok  ] conclusion: nullity_p([E; ev]) = 0 at p = 2147483629, so mult_permanent_pencil(lambda, delta) = a = 6 over Q (rank_p <= rank_Q <= a); the row sampling/grouping of E can only lose rank, so the compressed certificate implies the full one
    [ok  ] NOT re-done here: the chi-isotypic build and the Wiedemann sequence (re-runnable from the recorded seeds: analysis/wk11_s73_cell.py)
PASS        results/certs/s73/s73_19_7_2_2_2_2_2_second_d12_n3_permanent_p2147483647_sparse_nullity.json  (8.8s)  s73: nullity_p([E; ev_per]) = 0 at p = 2147483647 for lambda = (19, 7, 2, 2, 2, 2, 2), delta = 12 (n = 3, r = 7): mult_per = 6 = a, proved over Q
    [ok  ] cell: n in {3, 4} — n = 3
    [ok  ] cell: length(lambda) = r — lambda (19, 7, 2, 2, 2, 2, 2), r 7
    [ok  ] cell: lambda weakly decreasing
    [ok  ] cell: |lambda| = n*delta — 36 vs 3*12
    [ok  ] cell: a recomputed (Weyl alternation) — recomputed 6, claimed 6
    [ok  ] claim: mult = a - nullity — a 6, nullity 0, mult 6
    [ok  ] claim: 0 <= nullity <= a
    [ok  ] 26 recorded permanent_pencil points rebuilt from substitution data (each a nonzero form of degree 3) — 0 zero forms; need at least a = 6 points
    [ok  ] reduction sizes recorded (N_S, n_chi, |Stab|, rows and nnz of E)
    [ok  ] closing Berlekamp-Massey record: degree = n_chi and f(0) != 0 (Lemma 4: [E_c; ev; R] nonsingular) — degree 17047 vs n_chi 17047, f(0) = 1425553630
    [ok  ] closing run pinned k_extra = nullity random dense rows (so nullity_p <= k) — k_extra 0, nullity 0
    [ok  ] conclusion: nullity_p([E; ev]) = 0 at p = 2147483647, so mult_permanent_pencil(lambda, delta) = a = 6 over Q (rank_p <= rank_Q <= a); the row sampling/grouping of E can only lose rank, so the compressed certificate implies the full one
    [ok  ] NOT re-done here: the chi-isotypic build and the Wiedemann sequence (re-runnable from the recorded seeds: analysis/wk11_s73_cell.py)
PASS        results/certs/s73/s73_22_7_2_2_2_2_2_d13_n3_det_kernel_vec0_int.json.gz  (64.6s)  s73: integer highest-weight vector of weight (22, 7, 2, 2, 2, 2, 2) (delta=13, n=3, r=7) in the kernel of the det_pencil evaluation pairing: an element of I(D_7)^HWV not vanishing on P_7
    [ok  ] cell: n in {3, 4} — n = 3
    [ok  ] cell: length(lambda) = r — lambda (22, 7, 2, 2, 2, 2, 2), r 7
    [ok  ] cell: lambda weakly decreasing
    [ok  ] cell: |lambda| = n*delta — 39 vs 3*13
    [ok  ] cell: a recomputed (Weyl alternation) — recomputed 6, claimed 6
    [ok  ] vectors parsed — 1 vector(s), supports [240510], integer coefficients
    [ok  ] vector 0: shape, degree, canonical terms, weight = lambda
    [ok  ] vector 0: annihilated by every E_(i,i+1) over Z
    [ok  ] vectors linearly independent — rank 1 over Q (lower bound from primes [1, 1]; equals the count so exact)
    [ok  ] vanishes at 14 recorded point(s) [det_pencil]
    [ok  ] evaluation at 14 recorded point(s) [permanent_pencil] has full row rank — rank 1 of 1
    [ok  ] vanishes at 6 fresh det_pencil points (seed 20260908)
    [ok  ] evaluation at 6 fresh permanent_pencil points (seed 20260908) has full row rank — rank 1 of 1
    [ok  ] evaluation at 6 fresh generic points (seed 20260908) has full row rank — rank 1 of 1
PASS        results/certs/s73/s73_22_7_2_2_2_2_2_d13_n3_det_p2147483629_sparse_nullity.json  (11.3s)  s73: nullity_p([E; ev_det]) = 1 at p = 2147483629 for lambda = (22, 7, 2, 2, 2, 2, 2), delta = 13 (n = 3, r = 7): mult_det = 5 (>= 5 proved, = 5 measured)
    [ok  ] cell: n in {3, 4} — n = 3
    [ok  ] cell: length(lambda) = r — lambda (22, 7, 2, 2, 2, 2, 2), r 7
    [ok  ] cell: lambda weakly decreasing
    [ok  ] cell: |lambda| = n*delta — 39 vs 3*13
    [ok  ] cell: a recomputed (Weyl alternation) — recomputed 6, claimed 6
    [ok  ] claim: mult = a - nullity — a 6, nullity 1, mult 5
    [ok  ] claim: 0 <= nullity <= a
    [ok  ] 14 recorded det_pencil points rebuilt from substitution data (each a nonzero form of degree 3) — 0 zero forms; need at least a = 6 points
    [ok  ] reduction sizes recorded (N_S, n_chi, |Stab|, rows and nnz of E)
    [ok  ] closing Berlekamp-Massey record: degree = n_chi and f(0) != 0 (Lemma 4: [E_c; ev; R] nonsingular) — degree 17306 vs n_chi 17306, f(0) = 1160250683
    [ok  ] closing run pinned k_extra = nullity random dense rows (so nullity_p <= k) — k_extra 1, nullity 1
    [ok  ] nullity 1: 1 companion hwv certificate(s) named and present — named ['s73_22_7_2_2_2_2_2_d13_n3_det_kernel_vec0_int.json.gz'], present [True]
    [ok  ] conclusion: nullity_p = 1 at p = 2147483629: mult >= 5 proved; = 5 measured, carried to Q by the companion hwv certificate(s) (integer vectors annihilated by the raising operators over Z, vanishing at fresh det_pencil points)
    [ok  ] NOT re-done here: the chi-isotypic build and the Wiedemann sequence (re-runnable from the recorded seeds: analysis/wk11_s73_cell.py)
PASS        results/certs/s73/s73_22_7_2_2_2_2_2_d13_n3_det_p2147483647_sparse_nullity.json  (11.3s)  s73: nullity_p([E; ev_det]) = 1 at p = 2147483647 for lambda = (22, 7, 2, 2, 2, 2, 2), delta = 13 (n = 3, r = 7): mult_det = 5 (>= 5 proved, = 5 measured)
    [ok  ] cell: n in {3, 4} — n = 3
    [ok  ] cell: length(lambda) = r — lambda (22, 7, 2, 2, 2, 2, 2), r 7
    [ok  ] cell: lambda weakly decreasing
    [ok  ] cell: |lambda| = n*delta — 39 vs 3*13
    [ok  ] cell: a recomputed (Weyl alternation) — recomputed 6, claimed 6
    [ok  ] claim: mult = a - nullity — a 6, nullity 1, mult 5
    [ok  ] claim: 0 <= nullity <= a
    [ok  ] 14 recorded det_pencil points rebuilt from substitution data (each a nonzero form of degree 3) — 0 zero forms; need at least a = 6 points
    [ok  ] reduction sizes recorded (N_S, n_chi, |Stab|, rows and nnz of E)
    [ok  ] closing Berlekamp-Massey record: degree = n_chi and f(0) != 0 (Lemma 4: [E_c; ev; R] nonsingular) — degree 17306 vs n_chi 17306, f(0) = 1190862143
    [ok  ] closing run pinned k_extra = nullity random dense rows (so nullity_p <= k) — k_extra 1, nullity 1
    [ok  ] nullity 1: 1 companion hwv certificate(s) named and present — named ['s73_22_7_2_2_2_2_2_d13_n3_det_kernel_vec0_int.json.gz'], present [True]
    [ok  ] conclusion: nullity_p = 1 at p = 2147483647: mult >= 5 proved; = 5 measured, carried to Q by the companion hwv certificate(s) (integer vectors annihilated by the raising operators over Z, vanishing at fresh det_pencil points)
    [ok  ] NOT re-done here: the chi-isotypic build and the Wiedemann sequence (re-runnable from the recorded seeds: analysis/wk11_s73_cell.py)
PASS        results/certs/s73/s73_22_7_2_2_2_2_2_d13_n3_permanent_p2147483629_sparse_nullity.json  (11.5s)  s73: nullity_p([E; ev_per]) = 0 at p = 2147483629 for lambda = (22, 7, 2, 2, 2, 2, 2), delta = 13 (n = 3, r = 7): mult_per = 6 = a, proved over Q
    [ok  ] cell: n in {3, 4} — n = 3
    [ok  ] cell: length(lambda) = r — lambda (22, 7, 2, 2, 2, 2, 2), r 7
    [ok  ] cell: lambda weakly decreasing
    [ok  ] cell: |lambda| = n*delta — 39 vs 3*13
    [ok  ] cell: a recomputed (Weyl alternation) — recomputed 6, claimed 6
    [ok  ] claim: mult = a - nullity — a 6, nullity 0, mult 6
    [ok  ] claim: 0 <= nullity <= a
    [ok  ] 14 recorded permanent_pencil points rebuilt from substitution data (each a nonzero form of degree 3) — 0 zero forms; need at least a = 6 points
    [ok  ] reduction sizes recorded (N_S, n_chi, |Stab|, rows and nnz of E)
    [ok  ] closing Berlekamp-Massey record: degree = n_chi and f(0) != 0 (Lemma 4: [E_c; ev; R] nonsingular) — degree 17306 vs n_chi 17306, f(0) = 2051383523
    [ok  ] closing run pinned k_extra = nullity random dense rows (so nullity_p <= k) — k_extra 0, nullity 0
    [ok  ] conclusion: nullity_p([E; ev]) = 0 at p = 2147483629, so mult_permanent_pencil(lambda, delta) = a = 6 over Q (rank_p <= rank_Q <= a); the row sampling/grouping of E can only lose rank, so the compressed certificate implies the full one
    [ok  ] NOT re-done here: the chi-isotypic build and the Wiedemann sequence (re-runnable from the recorded seeds: analysis/wk11_s73_cell.py)
PASS        results/certs/s73/s73_22_7_2_2_2_2_2_d13_n3_permanent_p2147483647_sparse_nullity.json  (11.6s)  s73: nullity_p([E; ev_per]) = 0 at p = 2147483647 for lambda = (22, 7, 2, 2, 2, 2, 2), delta = 13 (n = 3, r = 7): mult_per = 6 = a, proved over Q
    [ok  ] cell: n in {3, 4} — n = 3
    [ok  ] cell: length(lambda) = r — lambda (22, 7, 2, 2, 2, 2, 2), r 7
    [ok  ] cell: lambda weakly decreasing
    [ok  ] cell: |lambda| = n*delta — 39 vs 3*13
    [ok  ] cell: a recomputed (Weyl alternation) — recomputed 6, claimed 6
    [ok  ] claim: mult = a - nullity — a 6, nullity 0, mult 6
    [ok  ] claim: 0 <= nullity <= a
    [ok  ] 14 recorded permanent_pencil points rebuilt from substitution data (each a nonzero form of degree 3) — 0 zero forms; need at least a = 6 points
    [ok  ] reduction sizes recorded (N_S, n_chi, |Stab|, rows and nnz of E)
    [ok  ] closing Berlekamp-Massey record: degree = n_chi and f(0) != 0 (Lemma 4: [E_c; ev; R] nonsingular) — degree 17306 vs n_chi 17306, f(0) = 1861182039
    [ok  ] closing run pinned k_extra = nullity random dense rows (so nullity_p <= k) — k_extra 0, nullity 0
    [ok  ] conclusion: nullity_p([E; ev]) = 0 at p = 2147483647, so mult_permanent_pencil(lambda, delta) = a = 6 over Q (rank_p <= rank_Q <= a); the row sampling/grouping of E can only lose rank, so the compressed certificate implies the full one
    [ok  ] NOT re-done here: the chi-isotypic build and the Wiedemann sequence (re-runnable from the recorded seeds: analysis/wk11_s73_cell.py)
PASS        results/certs/s73/s73_25_7_2_2_2_2_2_d14_n3_det_kernel_vec0_int.json.gz  (71.6s)  s73: integer highest-weight vector of weight (25, 7, 2, 2, 2, 2, 2) (delta=14, n=3, r=7) in the kernel of the det_pencil evaluation pairing: an element of I(D_7)^HWV not vanishing on P_7
    [ok  ] cell: n in {3, 4} — n = 3
    [ok  ] cell: length(lambda) = r — lambda (25, 7, 2, 2, 2, 2, 2), r 7
    [ok  ] cell: lambda weakly decreasing
    [ok  ] cell: |lambda| = n*delta — 42 vs 3*14
    [ok  ] cell: a recomputed (Weyl alternation) — recomputed 6, claimed 6
    [ok  ] vectors parsed — 1 vector(s), supports [240510], integer coefficients
    [ok  ] vector 0: shape, degree, canonical terms, weight = lambda
    [ok  ] vector 0: annihilated by every E_(i,i+1) over Z
    [ok  ] vectors linearly independent — rank 1 over Q (lower bound from primes [1, 1]; equals the count so exact)
    [ok  ] vanishes at 14 recorded point(s) [det_pencil]
    [ok  ] evaluation at 14 recorded point(s) [permanent_pencil] has full row rank — rank 1 of 1
    [ok  ] vanishes at 6 fresh det_pencil points (seed 20260908)
    [ok  ] evaluation at 6 fresh permanent_pencil points (seed 20260908) has full row rank — rank 1 of 1
    [ok  ] evaluation at 6 fresh generic points (seed 20260908) has full row rank — rank 1 of 1
PASS        results/certs/s73/s73_25_7_2_2_2_2_2_d14_n3_det_p2147483629_sparse_nullity.json  (13.3s)  s73: nullity_p([E; ev_det]) = 1 at p = 2147483629 for lambda = (25, 7, 2, 2, 2, 2, 2), delta = 14 (n = 3, r = 7): mult_det = 5 (>= 5 proved, = 5 measured)
    [ok  ] cell: n in {3, 4} — n = 3
    [ok  ] cell: length(lambda) = r — lambda (25, 7, 2, 2, 2, 2, 2), r 7
    [ok  ] cell: lambda weakly decreasing
    [ok  ] cell: |lambda| = n*delta — 42 vs 3*14
    [ok  ] cell: a recomputed (Weyl alternation) — recomputed 6, claimed 6
    [ok  ] claim: mult = a - nullity — a 6, nullity 1, mult 5
    [ok  ] claim: 0 <= nullity <= a
    [ok  ] 14 recorded det_pencil points rebuilt from substitution data (each a nonzero form of degree 3) — 0 zero forms; need at least a = 6 points
    [ok  ] reduction sizes recorded (N_S, n_chi, |Stab|, rows and nnz of E)
    [ok  ] closing Berlekamp-Massey record: degree = n_chi and f(0) != 0 (Lemma 4: [E_c; ev; R] nonsingular) — degree 17379 vs n_chi 17379, f(0) = 873341137
    [ok  ] closing run pinned k_extra = nullity random dense rows (so nullity_p <= k) — k_extra 1, nullity 1
    [ok  ] nullity 1: 1 companion hwv certificate(s) named and present — named ['s73_25_7_2_2_2_2_2_d14_n3_det_kernel_vec0_int.json.gz'], present [True]
    [ok  ] conclusion: nullity_p = 1 at p = 2147483629: mult >= 5 proved; = 5 measured, carried to Q by the companion hwv certificate(s) (integer vectors annihilated by the raising operators over Z, vanishing at fresh det_pencil points)
    [ok  ] NOT re-done here: the chi-isotypic build and the Wiedemann sequence (re-runnable from the recorded seeds: analysis/wk11_s73_cell.py)
PASS        results/certs/s73/s73_25_7_2_2_2_2_2_d14_n3_det_p2147483647_sparse_nullity.json  (13.6s)  s73: nullity_p([E; ev_det]) = 1 at p = 2147483647 for lambda = (25, 7, 2, 2, 2, 2, 2), delta = 14 (n = 3, r = 7): mult_det = 5 (>= 5 proved, = 5 measured)
    [ok  ] cell: n in {3, 4} — n = 3
    [ok  ] cell: length(lambda) = r — lambda (25, 7, 2, 2, 2, 2, 2), r 7
    [ok  ] cell: lambda weakly decreasing
    [ok  ] cell: |lambda| = n*delta — 42 vs 3*14
    [ok  ] cell: a recomputed (Weyl alternation) — recomputed 6, claimed 6
    [ok  ] claim: mult = a - nullity — a 6, nullity 1, mult 5
    [ok  ] claim: 0 <= nullity <= a
    [ok  ] 14 recorded det_pencil points rebuilt from substitution data (each a nonzero form of degree 3) — 0 zero forms; need at least a = 6 points
    [ok  ] reduction sizes recorded (N_S, n_chi, |Stab|, rows and nnz of E)
    [ok  ] closing Berlekamp-Massey record: degree = n_chi and f(0) != 0 (Lemma 4: [E_c; ev; R] nonsingular) — degree 17379 vs n_chi 17379, f(0) = 386655928
    [ok  ] closing run pinned k_extra = nullity random dense rows (so nullity_p <= k) — k_extra 1, nullity 1
    [ok  ] nullity 1: 1 companion hwv certificate(s) named and present — named ['s73_25_7_2_2_2_2_2_d14_n3_det_kernel_vec0_int.json.gz'], present [True]
    [ok  ] conclusion: nullity_p = 1 at p = 2147483647: mult >= 5 proved; = 5 measured, carried to Q by the companion hwv certificate(s) (integer vectors annihilated by the raising operators over Z, vanishing at fresh det_pencil points)
    [ok  ] NOT re-done here: the chi-isotypic build and the Wiedemann sequence (re-runnable from the recorded seeds: analysis/wk11_s73_cell.py)
PASS        results/certs/s73/s73_25_7_2_2_2_2_2_d14_n3_permanent_p2147483629_sparse_nullity.json  (13.6s)  s73: nullity_p([E; ev_per]) = 0 at p = 2147483629 for lambda = (25, 7, 2, 2, 2, 2, 2), delta = 14 (n = 3, r = 7): mult_per = 6 = a, proved over Q
    [ok  ] cell: n in {3, 4} — n = 3
    [ok  ] cell: length(lambda) = r — lambda (25, 7, 2, 2, 2, 2, 2), r 7
    [ok  ] cell: lambda weakly decreasing
    [ok  ] cell: |lambda| = n*delta — 42 vs 3*14
    [ok  ] cell: a recomputed (Weyl alternation) — recomputed 6, claimed 6
    [ok  ] claim: mult = a - nullity — a 6, nullity 0, mult 6
    [ok  ] claim: 0 <= nullity <= a
    [ok  ] 14 recorded permanent_pencil points rebuilt from substitution data (each a nonzero form of degree 3) — 0 zero forms; need at least a = 6 points
    [ok  ] reduction sizes recorded (N_S, n_chi, |Stab|, rows and nnz of E)
    [ok  ] closing Berlekamp-Massey record: degree = n_chi and f(0) != 0 (Lemma 4: [E_c; ev; R] nonsingular) — degree 17379 vs n_chi 17379, f(0) = 1703448158
    [ok  ] closing run pinned k_extra = nullity random dense rows (so nullity_p <= k) — k_extra 0, nullity 0
    [ok  ] conclusion: nullity_p([E; ev]) = 0 at p = 2147483629, so mult_permanent_pencil(lambda, delta) = a = 6 over Q (rank_p <= rank_Q <= a); the row sampling/grouping of E can only lose rank, so the compressed certificate implies the full one
    [ok  ] NOT re-done here: the chi-isotypic build and the Wiedemann sequence (re-runnable from the recorded seeds: analysis/wk11_s73_cell.py)
PASS        results/certs/s73/s73_25_7_2_2_2_2_2_d14_n3_permanent_p2147483647_sparse_nullity.json  (13.2s)  s73: nullity_p([E; ev_per]) = 0 at p = 2147483647 for lambda = (25, 7, 2, 2, 2, 2, 2), delta = 14 (n = 3, r = 7): mult_per = 6 = a, proved over Q
    [ok  ] cell: n in {3, 4} — n = 3
    [ok  ] cell: length(lambda) = r — lambda (25, 7, 2, 2, 2, 2, 2), r 7
    [ok  ] cell: lambda weakly decreasing
    [ok  ] cell: |lambda| = n*delta — 42 vs 3*14
    [ok  ] cell: a recomputed (Weyl alternation) — recomputed 6, claimed 6
    [ok  ] claim: mult = a - nullity — a 6, nullity 0, mult 6
    [ok  ] claim: 0 <= nullity <= a
    [ok  ] 14 recorded permanent_pencil points rebuilt from substitution data (each a nonzero form of degree 3) — 0 zero forms; need at least a = 6 points
    [ok  ] reduction sizes recorded (N_S, n_chi, |Stab|, rows and nnz of E)
    [ok  ] closing Berlekamp-Massey record: degree = n_chi and f(0) != 0 (Lemma 4: [E_c; ev; R] nonsingular) — degree 17379 vs n_chi 17379, f(0) = 258167334
    [ok  ] closing run pinned k_extra = nullity random dense rows (so nullity_p <= k) — k_extra 0, nullity 0
    [ok  ] conclusion: nullity_p([E; ev]) = 0 at p = 2147483647, so mult_permanent_pencil(lambda, delta) = a = 6 over Q (rank_p <= rank_Q <= a); the row sampling/grouping of E can only lose rank, so the compressed certificate implies the full one
    [ok  ] NOT re-done here: the chi-isotypic build and the Wiedemann sequence (re-runnable from the recorded seeds: analysis/wk11_s73_cell.py)
PASS        results/certs/s73/s73_28_7_2_2_2_2_2_d15_n3_det_kernel_vec0_int.json.gz  (76.3s)  s73: integer highest-weight vector of weight (28, 7, 2, 2, 2, 2, 2) (delta=15, n=3, r=7) in the kernel of the det_pencil evaluation pairing: an element of I(D_7)^HWV not vanishing on P_7
    [ok  ] cell: n in {3, 4} — n = 3
    [ok  ] cell: length(lambda) = r — lambda (28, 7, 2, 2, 2, 2, 2), r 7
    [ok  ] cell: lambda weakly decreasing
    [ok  ] cell: |lambda| = n*delta — 45 vs 3*15
    [ok  ] cell: a recomputed (Weyl alternation) — recomputed 6, claimed 6
    [ok  ] vectors parsed — 1 vector(s), supports [240510], integer coefficients
    [ok  ] vector 0: shape, degree, canonical terms, weight = lambda
    [ok  ] vector 0: annihilated by every E_(i,i+1) over Z
    [ok  ] vectors linearly independent — rank 1 over Q (lower bound from primes [1, 1]; equals the count so exact)
    [ok  ] vanishes at 14 recorded point(s) [det_pencil]
    [ok  ] evaluation at 14 recorded point(s) [permanent_pencil] has full row rank — rank 1 of 1
    [ok  ] vanishes at 6 fresh det_pencil points (seed 20260908)
    [ok  ] evaluation at 6 fresh permanent_pencil points (seed 20260908) has full row rank — rank 1 of 1
    [ok  ] evaluation at 6 fresh generic points (seed 20260908) has full row rank — rank 1 of 1
PASS        results/certs/s73/s73_28_7_2_2_2_2_2_d15_n3_det_p2147483629_sparse_nullity.json  (15.5s)  s73: nullity_p([E; ev_det]) = 1 at p = 2147483629 for lambda = (28, 7, 2, 2, 2, 2, 2), delta = 15 (n = 3, r = 7): mult_det = 5 (>= 5 proved, = 5 measured)
    [ok  ] cell: n in {3, 4} — n = 3
    [ok  ] cell: length(lambda) = r — lambda (28, 7, 2, 2, 2, 2, 2), r 7
    [ok  ] cell: lambda weakly decreasing
    [ok  ] cell: |lambda| = n*delta — 45 vs 3*15
    [ok  ] cell: a recomputed (Weyl alternation) — recomputed 6, claimed 6
    [ok  ] claim: mult = a - nullity — a 6, nullity 1, mult 5
    [ok  ] claim: 0 <= nullity <= a
    [ok  ] 14 recorded det_pencil points rebuilt from substitution data (each a nonzero form of degree 3) — 0 zero forms; need at least a = 6 points
    [ok  ] reduction sizes recorded (N_S, n_chi, |Stab|, rows and nnz of E)
    [ok  ] closing Berlekamp-Massey record: degree = n_chi and f(0) != 0 (Lemma 4: [E_c; ev; R] nonsingular) — degree 17399 vs n_chi 17399, f(0) = 582387965
    [ok  ] closing run pinned k_extra = nullity random dense rows (so nullity_p <= k) — k_extra 1, nullity 1
    [ok  ] nullity 1: 1 companion hwv certificate(s) named and present — named ['s73_28_7_2_2_2_2_2_d15_n3_det_kernel_vec0_int.json.gz'], present [True]
    [ok  ] conclusion: nullity_p = 1 at p = 2147483629: mult >= 5 proved; = 5 measured, carried to Q by the companion hwv certificate(s) (integer vectors annihilated by the raising operators over Z, vanishing at fresh det_pencil points)
    [ok  ] NOT re-done here: the chi-isotypic build and the Wiedemann sequence (re-runnable from the recorded seeds: analysis/wk11_s73_cell.py)
PASS        results/certs/s73/s73_28_7_2_2_2_2_2_d15_n3_det_p2147483647_sparse_nullity.json  (15.1s)  s73: nullity_p([E; ev_det]) = 1 at p = 2147483647 for lambda = (28, 7, 2, 2, 2, 2, 2), delta = 15 (n = 3, r = 7): mult_det = 5 (>= 5 proved, = 5 measured)
    [ok  ] cell: n in {3, 4} — n = 3
    [ok  ] cell: length(lambda) = r — lambda (28, 7, 2, 2, 2, 2, 2), r 7
    [ok  ] cell: lambda weakly decreasing
    [ok  ] cell: |lambda| = n*delta — 45 vs 3*15
    [ok  ] cell: a recomputed (Weyl alternation) — recomputed 6, claimed 6
    [ok  ] claim: mult = a - nullity — a 6, nullity 1, mult 5
    [ok  ] claim: 0 <= nullity <= a
    [ok  ] 14 recorded det_pencil points rebuilt from substitution data (each a nonzero form of degree 3) — 0 zero forms; need at least a = 6 points
    [ok  ] reduction sizes recorded (N_S, n_chi, |Stab|, rows and nnz of E)
    [ok  ] closing Berlekamp-Massey record: degree = n_chi and f(0) != 0 (Lemma 4: [E_c; ev; R] nonsingular) — degree 17399 vs n_chi 17399, f(0) = 1912379280
    [ok  ] closing run pinned k_extra = nullity random dense rows (so nullity_p <= k) — k_extra 1, nullity 1
    [ok  ] nullity 1: 1 companion hwv certificate(s) named and present — named ['s73_28_7_2_2_2_2_2_d15_n3_det_kernel_vec0_int.json.gz'], present [True]
    [ok  ] conclusion: nullity_p = 1 at p = 2147483647: mult >= 5 proved; = 5 measured, carried to Q by the companion hwv certificate(s) (integer vectors annihilated by the raising operators over Z, vanishing at fresh det_pencil points)
    [ok  ] NOT re-done here: the chi-isotypic build and the Wiedemann sequence (re-runnable from the recorded seeds: analysis/wk11_s73_cell.py)
PASS        results/certs/s73/s73_28_7_2_2_2_2_2_d15_n3_permanent_p2147483629_sparse_nullity.json  (15.7s)  s73: nullity_p([E; ev_per]) = 0 at p = 2147483629 for lambda = (28, 7, 2, 2, 2, 2, 2), delta = 15 (n = 3, r = 7): mult_per = 6 = a, proved over Q
    [ok  ] cell: n in {3, 4} — n = 3
    [ok  ] cell: length(lambda) = r — lambda (28, 7, 2, 2, 2, 2, 2), r 7
    [ok  ] cell: lambda weakly decreasing
    [ok  ] cell: |lambda| = n*delta — 45 vs 3*15
    [ok  ] cell: a recomputed (Weyl alternation) — recomputed 6, claimed 6
    [ok  ] claim: mult = a - nullity — a 6, nullity 0, mult 6
    [ok  ] claim: 0 <= nullity <= a
    [ok  ] 14 recorded permanent_pencil points rebuilt from substitution data (each a nonzero form of degree 3) — 0 zero forms; need at least a = 6 points
    [ok  ] reduction sizes recorded (N_S, n_chi, |Stab|, rows and nnz of E)
    [ok  ] closing Berlekamp-Massey record: degree = n_chi and f(0) != 0 (Lemma 4: [E_c; ev; R] nonsingular) — degree 17399 vs n_chi 17399, f(0) = 1749652934
    [ok  ] closing run pinned k_extra = nullity random dense rows (so nullity_p <= k) — k_extra 0, nullity 0
    [ok  ] conclusion: nullity_p([E; ev]) = 0 at p = 2147483629, so mult_permanent_pencil(lambda, delta) = a = 6 over Q (rank_p <= rank_Q <= a); the row sampling/grouping of E can only lose rank, so the compressed certificate implies the full one
    [ok  ] NOT re-done here: the chi-isotypic build and the Wiedemann sequence (re-runnable from the recorded seeds: analysis/wk11_s73_cell.py)
PASS        results/certs/s73/s73_28_7_2_2_2_2_2_d15_n3_permanent_p2147483647_sparse_nullity.json  (15.8s)  s73: nullity_p([E; ev_per]) = 0 at p = 2147483647 for lambda = (28, 7, 2, 2, 2, 2, 2), delta = 15 (n = 3, r = 7): mult_per = 6 = a, proved over Q
    [ok  ] cell: n in {3, 4} — n = 3
    [ok  ] cell: length(lambda) = r — lambda (28, 7, 2, 2, 2, 2, 2), r 7
    [ok  ] cell: lambda weakly decreasing
    [ok  ] cell: |lambda| = n*delta — 45 vs 3*15
    [ok  ] cell: a recomputed (Weyl alternation) — recomputed 6, claimed 6
    [ok  ] claim: mult = a - nullity — a 6, nullity 0, mult 6
    [ok  ] claim: 0 <= nullity <= a
    [ok  ] 14 recorded permanent_pencil points rebuilt from substitution data (each a nonzero form of degree 3) — 0 zero forms; need at least a = 6 points
    [ok  ] reduction sizes recorded (N_S, n_chi, |Stab|, rows and nnz of E)
    [ok  ] closing Berlekamp-Massey record: degree = n_chi and f(0) != 0 (Lemma 4: [E_c; ev; R] nonsingular) — degree 17399 vs n_chi 17399, f(0) = 1426778315
    [ok  ] closing run pinned k_extra = nullity random dense rows (so nullity_p <= k) — k_extra 0, nullity 0
    [ok  ] conclusion: nullity_p([E; ev]) = 0 at p = 2147483647, so mult_permanent_pencil(lambda, delta) = a = 6 over Q (rank_p <= rank_Q <= a); the row sampling/grouping of E can only lose rank, so the compressed certificate implies the full one
    [ok  ] NOT re-done here: the chi-isotypic build and the Wiedemann sequence (re-runnable from the recorded seeds: analysis/wk11_s73_cell.py)
PASS        results/certs/s73/s73_31_7_2_2_2_2_2_d16_n3_det_kernel_vec0_int.json.gz  (83.9s)  s73: integer highest-weight vector of weight (31, 7, 2, 2, 2, 2, 2) (delta=16, n=3, r=7) in the kernel of the det_pencil evaluation pairing: an element of I(D_7)^HWV not vanishing on P_7
    [ok  ] cell: n in {3, 4} — n = 3
    [ok  ] cell: length(lambda) = r — lambda (31, 7, 2, 2, 2, 2, 2), r 7
    [ok  ] cell: lambda weakly decreasing
    [ok  ] cell: |lambda| = n*delta — 48 vs 3*16
    [ok  ] cell: a recomputed (Weyl alternation) — recomputed 6, claimed 6
    [ok  ] vectors parsed — 1 vector(s), supports [240510], integer coefficients
    [ok  ] vector 0: shape, degree, canonical terms, weight = lambda
    [ok  ] vector 0: annihilated by every E_(i,i+1) over Z
    [ok  ] vectors linearly independent — rank 1 over Q (lower bound from primes [1, 1]; equals the count so exact)
    [ok  ] vanishes at 14 recorded point(s) [det_pencil]
    [ok  ] evaluation at 14 recorded point(s) [permanent_pencil] has full row rank — rank 1 of 1
    [ok  ] vanishes at 6 fresh det_pencil points (seed 20260908)
    [ok  ] evaluation at 6 fresh permanent_pencil points (seed 20260908) has full row rank — rank 1 of 1
    [ok  ] evaluation at 6 fresh generic points (seed 20260908) has full row rank — rank 1 of 1
PASS        results/certs/s73/s73_31_7_2_2_2_2_2_d16_n3_det_p2147483629_sparse_nullity.json  (17.6s)  s73: nullity_p([E; ev_det]) = 1 at p = 2147483629 for lambda = (31, 7, 2, 2, 2, 2, 2), delta = 16 (n = 3, r = 7): mult_det = 5 (>= 5 proved, = 5 measured)
    [ok  ] cell: n in {3, 4} — n = 3
    [ok  ] cell: length(lambda) = r — lambda (31, 7, 2, 2, 2, 2, 2), r 7
    [ok  ] cell: lambda weakly decreasing
    [ok  ] cell: |lambda| = n*delta — 48 vs 3*16
    [ok  ] cell: a recomputed (Weyl alternation) — recomputed 6, claimed 6
    [ok  ] claim: mult = a - nullity — a 6, nullity 1, mult 5
    [ok  ] claim: 0 <= nullity <= a
    [ok  ] 14 recorded det_pencil points rebuilt from substitution data (each a nonzero form of degree 3) — 0 zero forms; need at least a = 6 points
    [ok  ] reduction sizes recorded (N_S, n_chi, |Stab|, rows and nnz of E)
    [ok  ] closing Berlekamp-Massey record: degree = n_chi and f(0) != 0 (Lemma 4: [E_c; ev; R] nonsingular) — degree 17403 vs n_chi 17403, f(0) = 1988851195
    [ok  ] closing run pinned k_extra = nullity random dense rows (so nullity_p <= k) — k_extra 1, nullity 1
    [ok  ] nullity 1: 1 companion hwv certificate(s) named and present — named ['s73_31_7_2_2_2_2_2_d16_n3_det_kernel_vec0_int.json.gz'], present [True]
    [ok  ] conclusion: nullity_p = 1 at p = 2147483629: mult >= 5 proved; = 5 measured, carried to Q by the companion hwv certificate(s) (integer vectors annihilated by the raising operators over Z, vanishing at fresh det_pencil points)
    [ok  ] NOT re-done here: the chi-isotypic build and the Wiedemann sequence (re-runnable from the recorded seeds: analysis/wk11_s73_cell.py)
PASS        results/certs/s73/s73_31_7_2_2_2_2_2_d16_n3_det_p2147483647_sparse_nullity.json  (17.0s)  s73: nullity_p([E; ev_det]) = 1 at p = 2147483647 for lambda = (31, 7, 2, 2, 2, 2, 2), delta = 16 (n = 3, r = 7): mult_det = 5 (>= 5 proved, = 5 measured)
    [ok  ] cell: n in {3, 4} — n = 3
    [ok  ] cell: length(lambda) = r — lambda (31, 7, 2, 2, 2, 2, 2), r 7
    [ok  ] cell: lambda weakly decreasing
    [ok  ] cell: |lambda| = n*delta — 48 vs 3*16
    [ok  ] cell: a recomputed (Weyl alternation) — recomputed 6, claimed 6
    [ok  ] claim: mult = a - nullity — a 6, nullity 1, mult 5
    [ok  ] claim: 0 <= nullity <= a
    [ok  ] 14 recorded det_pencil points rebuilt from substitution data (each a nonzero form of degree 3) — 0 zero forms; need at least a = 6 points
    [ok  ] reduction sizes recorded (N_S, n_chi, |Stab|, rows and nnz of E)
    [ok  ] closing Berlekamp-Massey record: degree = n_chi and f(0) != 0 (Lemma 4: [E_c; ev; R] nonsingular) — degree 17403 vs n_chi 17403, f(0) = 2084865851
    [ok  ] closing run pinned k_extra = nullity random dense rows (so nullity_p <= k) — k_extra 1, nullity 1
    [ok  ] nullity 1: 1 companion hwv certificate(s) named and present — named ['s73_31_7_2_2_2_2_2_d16_n3_det_kernel_vec0_int.json.gz'], present [True]
    [ok  ] conclusion: nullity_p = 1 at p = 2147483647: mult >= 5 proved; = 5 measured, carried to Q by the companion hwv certificate(s) (integer vectors annihilated by the raising operators over Z, vanishing at fresh det_pencil points)
    [ok  ] NOT re-done here: the chi-isotypic build and the Wiedemann sequence (re-runnable from the recorded seeds: analysis/wk11_s73_cell.py)
PASS        results/certs/s73/s73_31_7_2_2_2_2_2_d16_n3_permanent_p2147483629_sparse_nullity.json  (16.9s)  s73: nullity_p([E; ev_per]) = 0 at p = 2147483629 for lambda = (31, 7, 2, 2, 2, 2, 2), delta = 16 (n = 3, r = 7): mult_per = 6 = a, proved over Q
    [ok  ] cell: n in {3, 4} — n = 3
    [ok  ] cell: length(lambda) = r — lambda (31, 7, 2, 2, 2, 2, 2), r 7
    [ok  ] cell: lambda weakly decreasing
    [ok  ] cell: |lambda| = n*delta — 48 vs 3*16
    [ok  ] cell: a recomputed (Weyl alternation) — recomputed 6, claimed 6
    [ok  ] claim: mult = a - nullity — a 6, nullity 0, mult 6
    [ok  ] claim: 0 <= nullity <= a
    [ok  ] 14 recorded permanent_pencil points rebuilt from substitution data (each a nonzero form of degree 3) — 0 zero forms; need at least a = 6 points
    [ok  ] reduction sizes recorded (N_S, n_chi, |Stab|, rows and nnz of E)
    [ok  ] closing Berlekamp-Massey record: degree = n_chi and f(0) != 0 (Lemma 4: [E_c; ev; R] nonsingular) — degree 17403 vs n_chi 17403, f(0) = 201494028
    [ok  ] closing run pinned k_extra = nullity random dense rows (so nullity_p <= k) — k_extra 0, nullity 0
    [ok  ] conclusion: nullity_p([E; ev]) = 0 at p = 2147483629, so mult_permanent_pencil(lambda, delta) = a = 6 over Q (rank_p <= rank_Q <= a); the row sampling/grouping of E can only lose rank, so the compressed certificate implies the full one
    [ok  ] NOT re-done here: the chi-isotypic build and the Wiedemann sequence (re-runnable from the recorded seeds: analysis/wk11_s73_cell.py)
PASS        results/certs/s73/s73_31_7_2_2_2_2_2_d16_n3_permanent_p2147483647_sparse_nullity.json  (17.6s)  s73: nullity_p([E; ev_per]) = 0 at p = 2147483647 for lambda = (31, 7, 2, 2, 2, 2, 2), delta = 16 (n = 3, r = 7): mult_per = 6 = a, proved over Q
    [ok  ] cell: n in {3, 4} — n = 3
    [ok  ] cell: length(lambda) = r — lambda (31, 7, 2, 2, 2, 2, 2), r 7
    [ok  ] cell: lambda weakly decreasing
    [ok  ] cell: |lambda| = n*delta — 48 vs 3*16
    [ok  ] cell: a recomputed (Weyl alternation) — recomputed 6, claimed 6
    [ok  ] claim: mult = a - nullity — a 6, nullity 0, mult 6
    [ok  ] claim: 0 <= nullity <= a
    [ok  ] 14 recorded permanent_pencil points rebuilt from substitution data (each a nonzero form of degree 3) — 0 zero forms; need at least a = 6 points
    [ok  ] reduction sizes recorded (N_S, n_chi, |Stab|, rows and nnz of E)
    [ok  ] closing Berlekamp-Massey record: degree = n_chi and f(0) != 0 (Lemma 4: [E_c; ev; R] nonsingular) — degree 17403 vs n_chi 17403, f(0) = 644468686
    [ok  ] closing run pinned k_extra = nullity random dense rows (so nullity_p <= k) — k_extra 0, nullity 0
    [ok  ] conclusion: nullity_p([E; ev]) = 0 at p = 2147483647, so mult_permanent_pencil(lambda, delta) = a = 6 over Q (rank_p <= rank_Q <= a); the row sampling/grouping of E can only lose rank, so the compressed certificate implies the full one
    [ok  ] NOT re-done here: the chi-isotypic build and the Wiedemann sequence (re-runnable from the recorded seeds: analysis/wk11_s73_cell.py)
PASS 46, FAIL 0, UNPARSEABLE 0, ERROR 0
