[     2.1s] pad p=2147483647: fresh K=294 (skipped []); 274 literal rows to evaluate
[    65.6s] pad p=2147483647: 4/274 rows, 63s
[   119.4s] pad p=2147483647: 8/274 rows, 117s
[   185.6s] pad p=2147483647: 12/274 rows, 183s
[   241.5s] pad p=2147483647: 16/274 rows, 239s
[   272.8s] pad p=2147483647: 20/274 rows, 271s
[   306.9s] pad p=2147483647: 24/274 rows, 305s
[   346.5s] pad p=2147483647: 28/274 rows, 344s
[   387.0s] pad p=2147483647: 32/274 rows, 385s
[   429.2s] pad p=2147483647: 36/274 rows, 427s
[   466.0s] pad p=2147483647: 40/274 rows, 464s
[   502.9s] pad p=2147483647: 44/274 rows, 501s
[   538.8s] pad p=2147483647: 48/274 rows, 537s
[   581.0s] pad p=2147483647: 52/274 rows, 579s
[   623.7s] pad p=2147483647: 56/274 rows, 622s
[   662.5s] pad p=2147483647: 60/274 rows, 660s
[   710.6s] pad p=2147483647: 64/274 rows, 709s
[   734.3s] pad p=2147483647: 68/274 rows, 732s
[   776.4s] pad p=2147483647: 72/274 rows, 774s
[   810.6s] pad p=2147483647: 76/274 rows, 809s
[   849.9s] pad p=2147483647: 80/274 rows, 848s
[   882.1s] pad p=2147483647: 84/274 rows, 880s
[   933.4s] pad p=2147483647: 88/274 rows, 931s
[   976.3s] pad p=2147483647: 92/274 rows, 974s
[  1010.2s] pad p=2147483647: 96/274 rows, 1008s
[  1039.6s] pad p=2147483647: 100/274 rows, 1037s
[  1077.4s] pad p=2147483647: 104/274 rows, 1075s
[  1119.3s] pad p=2147483647: 108/274 rows, 1117s
[  1145.8s] pad p=2147483647: 112/274 rows, 1144s
[  1170.2s] pad p=2147483647: 116/274 rows, 1168s
[  1191.6s] pad p=2147483647: 120/274 rows, 1189s
[  1228.1s] pad p=2147483647: 124/274 rows, 1226s
[  1265.2s] pad p=2147483647: 128/274 rows, 1263s
[  1299.2s] pad p=2147483647: 132/274 rows, 1297s
[  1335.6s] pad p=2147483647: 136/274 rows, 1334s
[  1373.7s] pad p=2147483647: 140/274 rows, 1372s
[  1414.5s] pad p=2147483647: 144/274 rows, 1412s
[  1447.9s] pad p=2147483647: 148/274 rows, 1446s
[  1479.3s] pad p=2147483647: 152/274 rows, 1477s
[  1509.6s] pad p=2147483647: 156/274 rows, 1508s
[  1540.8s] pad p=2147483647: 160/274 rows, 1539s
[  1566.6s] pad p=2147483647: 164/274 rows, 1565s
[  1587.9s] pad p=2147483647: 168/274 rows, 1586s
[  1612.5s] pad p=2147483647: 172/274 rows, 1610s
[  1641.4s] pad p=2147483647: 176/274 rows, 1639s
[  1668.1s] pad p=2147483647: 180/274 rows, 1666s
[  1706.0s] pad p=2147483647: 184/274 rows, 1704s
[  1737.8s] pad p=2147483647: 188/274 rows, 1736s
[  1775.0s] pad p=2147483647: 192/274 rows, 1773s
[  1806.1s] pad p=2147483647: 196/274 rows, 1804s
[  1838.6s] pad p=2147483647: 200/274 rows, 1837s
[  1868.4s] pad p=2147483647: 204/274 rows, 1866s
[  1895.7s] pad p=2147483647: 208/274 rows, 1894s
[  1925.1s] pad p=2147483647: 212/274 rows, 1923s
[  1945.5s] pad p=2147483647: 216/274 rows, 1943s
[  1964.4s] pad p=2147483647: 220/274 rows, 1962s
[  1991.4s] pad p=2147483647: 224/274 rows, 1989s
[  2020.9s] pad p=2147483647: 228/274 rows, 2019s
[  2043.0s] pad p=2147483647: 232/274 rows, 2041s
[  2076.7s] pad p=2147483647: 236/274 rows, 2075s
[  2105.8s] pad p=2147483647: 240/274 rows, 2104s
[  2131.6s] pad p=2147483647: 244/274 rows, 2130s
[  2156.0s] pad p=2147483647: 248/274 rows, 2154s
[  2173.7s] pad p=2147483647: 252/274 rows, 2172s
[  2187.8s] pad p=2147483647: 256/274 rows, 2186s
[  2208.8s] pad p=2147483647: 260/274 rows, 2207s
[  2227.2s] pad p=2147483647: 264/274 rows, 2225s
[  2241.5s] pad p=2147483647: 268/274 rows, 2239s
[  2261.3s] pad p=2147483647: 272/274 rows, 2259s
[  2270.5s] pad p=2147483647: 274/274 rows, 2268s
[  2270.6s] pad p=2147483647: FRESH-POINT rank 269/274 (nullity 5); rows with rung<=23: rank 268/273
[  2270.6s] pad p=2147483647: decision rank 269 vs fresh 269: AGREE
