[     2.0s] pad p=2147483629: fresh K=294 (skipped []); 274 literal rows to evaluate
[    56.3s] pad p=2147483629: 4/274 rows, 54s
[   110.0s] pad p=2147483629: 8/274 rows, 108s
[   176.3s] pad p=2147483629: 12/274 rows, 174s
[   234.1s] pad p=2147483629: 16/274 rows, 232s
[   267.1s] pad p=2147483629: 20/274 rows, 265s
[   302.4s] pad p=2147483629: 24/274 rows, 300s
[   360.5s] pad p=2147483629: 28/274 rows, 358s
[   402.3s] pad p=2147483629: 32/274 rows, 400s
[   445.4s] pad p=2147483629: 36/274 rows, 443s
[   483.1s] pad p=2147483629: 40/274 rows, 481s
[   520.7s] pad p=2147483629: 44/274 rows, 519s
[   557.8s] pad p=2147483629: 48/274 rows, 556s
[   600.8s] pad p=2147483629: 52/274 rows, 599s
[   644.2s] pad p=2147483629: 56/274 rows, 642s
[   683.0s] pad p=2147483629: 60/274 rows, 681s
[   731.8s] pad p=2147483629: 64/274 rows, 730s
[   754.0s] pad p=2147483629: 68/274 rows, 752s
[   796.0s] pad p=2147483629: 72/274 rows, 794s
[   831.1s] pad p=2147483629: 76/274 rows, 829s
[   870.7s] pad p=2147483629: 80/274 rows, 869s
[   903.0s] pad p=2147483629: 84/274 rows, 901s
[   954.4s] pad p=2147483629: 88/274 rows, 952s
[   999.0s] pad p=2147483629: 92/274 rows, 997s
[  1034.2s] pad p=2147483629: 96/274 rows, 1032s
[  1064.5s] pad p=2147483629: 100/274 rows, 1063s
[  1102.6s] pad p=2147483629: 104/274 rows, 1101s
[  1146.0s] pad p=2147483629: 108/274 rows, 1144s
[  1174.8s] pad p=2147483629: 112/274 rows, 1173s
[  1199.6s] pad p=2147483629: 116/274 rows, 1198s
[  1220.9s] pad p=2147483629: 120/274 rows, 1219s
[  1259.8s] pad p=2147483629: 124/274 rows, 1258s
[  1298.0s] pad p=2147483629: 128/274 rows, 1296s
[  1333.2s] pad p=2147483629: 132/274 rows, 1331s
[  1370.5s] pad p=2147483629: 136/274 rows, 1369s
[  1408.8s] pad p=2147483629: 140/274 rows, 1407s
[  1450.2s] pad p=2147483629: 144/274 rows, 1448s
[  1481.9s] pad p=2147483629: 148/274 rows, 1480s
[  1500.6s] pad p=2147483629: 152/274 rows, 1499s
[  1530.6s] pad p=2147483629: 156/274 rows, 1529s
[  1561.6s] pad p=2147483629: 160/274 rows, 1560s
[  1588.0s] pad p=2147483629: 164/274 rows, 1586s
[  1610.3s] pad p=2147483629: 168/274 rows, 1608s
[  1635.9s] pad p=2147483629: 172/274 rows, 1634s
[  1665.1s] pad p=2147483629: 176/274 rows, 1663s
[  1692.8s] pad p=2147483629: 180/274 rows, 1691s
[  1731.3s] pad p=2147483629: 184/274 rows, 1729s
[  1764.1s] pad p=2147483629: 188/274 rows, 1762s
[  1801.7s] pad p=2147483629: 192/274 rows, 1800s
[  1833.5s] pad p=2147483629: 196/274 rows, 1831s
[  1866.6s] pad p=2147483629: 200/274 rows, 1865s
[  1897.3s] pad p=2147483629: 204/274 rows, 1895s
[  1925.1s] pad p=2147483629: 208/274 rows, 1923s
[  1955.1s] pad p=2147483629: 212/274 rows, 1953s
[  1975.4s] pad p=2147483629: 216/274 rows, 1973s
[  1994.4s] pad p=2147483629: 220/274 rows, 1992s
[  2021.8s] pad p=2147483629: 224/274 rows, 2020s
[  2051.9s] pad p=2147483629: 228/274 rows, 2050s
[  2074.3s] pad p=2147483629: 232/274 rows, 2072s
[  2109.1s] pad p=2147483629: 236/274 rows, 2107s
[  2138.7s] pad p=2147483629: 240/274 rows, 2137s
[  2164.5s] pad p=2147483629: 244/274 rows, 2162s
[  2189.0s] pad p=2147483629: 248/274 rows, 2187s
[  2207.1s] pad p=2147483629: 252/274 rows, 2205s
[  2221.7s] pad p=2147483629: 256/274 rows, 2220s
[  2242.8s] pad p=2147483629: 260/274 rows, 2241s
[  2261.0s] pad p=2147483629: 264/274 rows, 2259s
[  2275.5s] pad p=2147483629: 268/274 rows, 2273s
[  2295.7s] pad p=2147483629: 272/274 rows, 2294s
[  2305.1s] pad p=2147483629: 274/274 rows, 2303s
[  2305.2s] pad p=2147483629: FRESH-POINT rank 269/274 (nullity 5); rows with rung<=23: rank 268/273
[  2305.2s] pad p=2147483629: decision rank 269 vs fresh 269: AGREE
