[2026-09-08T23:30:34Z] streams paused (pgid 3027)
[2026-09-08T23:30:34Z] start build: python3 analysis/wk12_s74_columns.py --build
[2026-09-08T23:30:35Z] end build (exit 0)
[2026-09-08T23:30:35Z] start det_P1: python3 analysis/wk12_s74_columns.py --family det --prime 2147483647 --workers 2
[2026-09-08T23:45:25Z] streams paused (pgid 3762)
[2026-09-08T23:45:25Z] start build: python3 analysis/wk12_s74_columns.py --build
[2026-09-08T23:45:25Z] end build (exit 0)
[2026-09-08T23:45:25Z] start det_P1: python3 analysis/wk12_s74_columns.py --family det --prime 2147483647 --workers 2
[2026-09-08T23:48:56Z] end det_P1 (exit 0)
[2026-09-08T23:48:56Z] start decide_det: python3 analysis/wk12_s74_decide.py --prime 2147483647 --families det
[2026-09-08T23:48:57Z] end decide_det (exit 0)
[2026-09-08T23:48:57Z] det column at P1: rows 56, rank_24 56; rows<=23 55, rank_23 55  ->  rank T_det(24) >= 55 (running lower bound)
[2026-09-08T23:48:57Z] commit (ok): s74: determinant column at P1 on 56 source rows (rungs []), running lower bound rank T_det >= 55.
[2026-09-08T23:48:57Z] streams resumed
[2026-09-09T00:09:57Z] streams paused (pgid 4503)
[2026-09-09T00:09:57Z] start build: python3 analysis/wk12_s74_columns.py --build
[2026-09-09T00:09:57Z] end build (exit 0)
[2026-09-09T00:09:57Z] start det_P1: python3 analysis/wk12_s74_columns.py --family det --prime 2147483647 --workers 2
[2026-09-09T00:13:15Z] end det_P1 (exit 0)
[2026-09-09T00:13:15Z] start decide_det: python3 analysis/wk12_s74_decide.py --prime 2147483647 --families det
[2026-09-09T00:13:15Z] end decide_det (exit 0)
[2026-09-09T00:13:15Z] det column at P1: rows 75, rank_24 75; rows<=23 74, rank_23 74  ->  rank T_det(24) >= 74 (running lower bound)
[2026-09-09T00:13:15Z] commit (ok): s74: determinant column at P1 on 75 source rows (rungs [13]), running lower bound rank T_det >= 74.
[2026-09-09T00:13:15Z] streams resumed
[2026-09-09T00:20:15Z] streams paused (pgid 4503)
[2026-09-09T00:20:15Z] start build: python3 analysis/wk12_s74_columns.py --build
[2026-09-09T00:20:15Z] end build (exit 0)
[2026-09-09T00:20:15Z] start det_P1: python3 analysis/wk12_s74_columns.py --family det --prime 2147483647 --workers 2
[2026-09-09T00:29:12Z] end det_P1 (exit 0)
[2026-09-09T00:29:12Z] start decide_det: python3 analysis/wk12_s74_decide.py --prime 2147483647 --families det
[2026-09-09T00:29:13Z] end decide_det (exit 0)
[2026-09-09T00:29:13Z] det column at P1: rows 140, rank_24 140; rows<=23 139, rank_23 139  ->  rank T_det(24) >= 139 (running lower bound)
[2026-09-09T00:29:13Z] commit (ok): s74: determinant column at P1 on 140 source rows (rungs [13, 14]), running lower bound rank T_det >= 139.
[2026-09-09T00:29:13Z] streams resumed
[2026-09-09T00:33:13Z] streams paused (pgid 4503)
[2026-09-09T00:33:13Z] start build: python3 analysis/wk12_s74_columns.py --build
[2026-09-09T00:33:13Z] end build (exit 0)
[2026-09-09T00:33:13Z] start det_P1: python3 analysis/wk12_s74_columns.py --family det --prime 2147483647 --workers 2
[2026-09-09T00:39:03Z] end det_P1 (exit 0)
[2026-09-09T00:39:03Z] start decide_det: python3 analysis/wk12_s74_decide.py --prime 2147483647 --families det
[2026-09-09T00:39:03Z] end decide_det (exit 0)
[2026-09-09T00:39:03Z] det column at P1: rows 185, rank_24 185; rows<=23 184, rank_23 184  ->  rank T_det(24) >= 184 (running lower bound)
