[     0.4s] gen p=2147483647: 0 rows banked, 274 to do, K=282
[    52.1s] gen p=2147483647: 4/274 rows (rung 13), 51s
[    95.8s] gen p=2147483647: 8/274 rows (rung 13), 94s
[   159.2s] gen p=2147483647: 12/274 rows (rung 13), 158s
[     0.4s] gen p=2147483647: 12 rows banked, 262 to do, K=282
[    53.1s] gen p=2147483647: 16/274 rows (rung 13), 210s
[    83.1s] gen p=2147483647: 20/274 rows (rung 13), 240s
[   115.4s] gen p=2147483647: 24/274 rows (rung 13), 272s
[   148.8s] gen p=2147483647: 28/274 rows (rung 13), 306s
[   186.2s] gen p=2147483647: 32/274 rows (rung 13), 343s
[   226.3s] gen p=2147483647: 36/274 rows (rung 13), 383s
[   259.7s] gen p=2147483647: 40/274 rows (rung 14), 416s
[   294.8s] gen p=2147483647: 44/274 rows (rung 14), 451s
[   328.7s] gen p=2147483647: 48/274 rows (rung 14), 485s
[   369.1s] gen p=2147483647: 52/274 rows (rung 14), 526s
[   410.9s] gen p=2147483647: 56/274 rows (rung 14), 568s
[   439.9s] gen p=2147483647: 60/274 rows (rung 14), 596s
[   481.2s] gen p=2147483647: 64/274 rows (rung 14), 638s
[   502.8s] gen p=2147483647: 68/274 rows (rung 14), 659s
[   539.5s] gen p=2147483647: 72/274 rows (rung 14), 696s
[   575.3s] gen p=2147483647: 76/274 rows (rung 14), 732s
[   612.2s] gen p=2147483647: 80/274 rows (rung 14), 769s
[   644.2s] gen p=2147483647: 84/274 rows (rung 14), 801s
[   693.9s] gen p=2147483647: 88/274 rows (rung 14), 850s
[   735.3s] gen p=2147483647: 92/274 rows (rung 14), 892s
[   767.7s] gen p=2147483647: 96/274 rows (rung 15), 924s
[   795.1s] gen p=2147483647: 100/274 rows (rung 15), 952s
[   830.9s] gen p=2147483647: 104/274 rows (rung 15), 987s
[   872.5s] gen p=2147483647: 108/274 rows (rung 15), 1029s
[   899.1s] gen p=2147483647: 112/274 rows (rung 15), 1056s
[   922.6s] gen p=2147483647: 116/274 rows (rung 15), 1079s
[   941.5s] gen p=2147483647: 120/274 rows (rung 15), 1098s
[   978.6s] gen p=2147483647: 124/274 rows (rung 15), 1135s
[  1014.9s] gen p=2147483647: 128/274 rows (rung 15), 1171s
[  1046.3s] gen p=2147483647: 132/274 rows (rung 15), 1203s
[  1079.1s] gen p=2147483647: 136/274 rows (rung 15), 1236s
[  1115.7s] gen p=2147483647: 140/274 rows (rung 15), 1272s
[  1152.4s] gen p=2147483647: 144/274 rows (rung 15), 1309s
[  1182.2s] gen p=2147483647: 148/274 rows (rung 16), 1339s
[  1203.1s] gen p=2147483647: 152/274 rows (rung 16), 1360s
[  1233.3s] gen p=2147483647: 156/274 rows (rung 16), 1390s
[  1262.4s] gen p=2147483647: 160/274 rows (rung 16), 1419s
[  1287.3s] gen p=2147483647: 164/274 rows (rung 16), 1444s
[  1308.9s] gen p=2147483647: 168/274 rows (rung 16), 1466s
[  1331.6s] gen p=2147483647: 172/274 rows (rung 16), 1488s
[  1357.2s] gen p=2147483647: 176/274 rows (rung 16), 1514s
[  1381.3s] gen p=2147483647: 180/274 rows (rung 16), 1538s
[  1417.9s] gen p=2147483647: 184/274 rows (rung 16), 1574s
[  1448.8s] gen p=2147483647: 188/274 rows (rung 16), 1605s
[  1484.6s] gen p=2147483647: 192/274 rows (rung 17), 1641s
[  1514.1s] gen p=2147483647: 196/274 rows (rung 17), 1671s
[  1544.1s] gen p=2147483647: 200/274 rows (rung 17), 1701s
[  1569.1s] gen p=2147483647: 204/274 rows (rung 17), 1726s
[  1596.2s] gen p=2147483647: 208/274 rows (rung 17), 1753s
[  1624.2s] gen p=2147483647: 212/274 rows (rung 17), 1781s
[  1643.7s] gen p=2147483647: 216/274 rows (rung 17), 1800s
[  1664.2s] gen p=2147483647: 220/274 rows (rung 18), 1821s
[  1690.9s] gen p=2147483647: 224/274 rows (rung 18), 1847s
[  1719.7s] gen p=2147483647: 228/274 rows (rung 18), 1876s
[  1741.8s] gen p=2147483647: 232/274 rows (rung 18), 1898s
[  1771.8s] gen p=2147483647: 236/274 rows (rung 18), 1928s
[  1800.3s] gen p=2147483647: 240/274 rows (rung 18), 1957s
[  1825.1s] gen p=2147483647: 244/274 rows (rung 19), 1982s
[  1849.1s] gen p=2147483647: 248/274 rows (rung 19), 2005s
[  1866.8s] gen p=2147483647: 252/274 rows (rung 19), 2023s
[  1879.8s] gen p=2147483647: 256/274 rows (rung 20), 2036s
[  1898.0s] gen p=2147483647: 260/274 rows (rung 20), 2054s
[  1917.2s] gen p=2147483647: 264/274 rows (rung 20), 2074s
[  1933.3s] gen p=2147483647: 268/274 rows (rung 21), 2090s
[  1952.9s] gen p=2147483647: 272/274 rows (rung 22), 2109s
[  1962.4s] gen p=2147483647: 274/274 rows (rung 24), 2119s
[  1962.9s] red p=2147483647: 0 rows banked, 274 to do, K=282
[  2012.4s] red p=2147483647: 4/274 rows (rung 13), 49s
[  2053.6s] red p=2147483647: 8/274 rows (rung 13), 90s
[  2116.8s] red p=2147483647: 12/274 rows (rung 13), 154s
[  2168.9s] red p=2147483647: 16/274 rows (rung 13), 206s
[  2199.0s] red p=2147483647: 20/274 rows (rung 13), 236s
[  2230.7s] red p=2147483647: 24/274 rows (rung 13), 268s
[  2263.8s] red p=2147483647: 28/274 rows (rung 13), 301s
[  2301.1s] red p=2147483647: 32/274 rows (rung 13), 338s
[  2341.3s] red p=2147483647: 36/274 rows (rung 13), 378s
[  2373.9s] red p=2147483647: 40/274 rows (rung 14), 411s
[  2408.6s] red p=2147483647: 44/274 rows (rung 14), 445s
[  2441.5s] red p=2147483647: 48/274 rows (rung 14), 478s
[  2481.8s] red p=2147483647: 52/274 rows (rung 14), 518s
[  2523.2s] red p=2147483647: 56/274 rows (rung 14), 560s
[  2551.9s] red p=2147483647: 60/274 rows (rung 14), 589s
[  2593.3s] red p=2147483647: 64/274 rows (rung 14), 630s
[  2614.6s] red p=2147483647: 68/274 rows (rung 14), 651s
[  2651.5s] red p=2147483647: 72/274 rows (rung 14), 688s
[  2687.7s] red p=2147483647: 76/274 rows (rung 14), 724s
[  2724.3s] red p=2147483647: 80/274 rows (rung 14), 761s
[  2755.9s] red p=2147483647: 84/274 rows (rung 14), 793s
[  2806.3s] red p=2147483647: 88/274 rows (rung 14), 843s
[  2847.8s] red p=2147483647: 92/274 rows (rung 14), 884s
[  2879.9s] red p=2147483647: 96/274 rows (rung 15), 917s
[  2907.7s] red p=2147483647: 100/274 rows (rung 15), 944s
[  2943.3s] red p=2147483647: 104/274 rows (rung 15), 980s
[  2984.5s] red p=2147483647: 108/274 rows (rung 15), 1021s
[  3011.1s] red p=2147483647: 112/274 rows (rung 15), 1048s
[  3034.5s] red p=2147483647: 116/274 rows (rung 15), 1071s
[  3053.2s] red p=2147483647: 120/274 rows (rung 15), 1090s
[  3089.4s] red p=2147483647: 124/274 rows (rung 15), 1126s
[  3125.3s] red p=2147483647: 128/274 rows (rung 15), 1162s
[  3155.6s] red p=2147483647: 132/274 rows (rung 15), 1192s
[  3188.4s] red p=2147483647: 136/274 rows (rung 15), 1225s
[  3224.9s] red p=2147483647: 140/274 rows (rung 15), 1262s
[  3261.6s] red p=2147483647: 144/274 rows (rung 15), 1298s
[  3290.9s] red p=2147483647: 148/274 rows (rung 16), 1328s
[  3311.4s] red p=2147483647: 152/274 rows (rung 16), 1348s
[  3340.4s] red p=2147483647: 156/274 rows (rung 16), 1377s
[  3368.7s] red p=2147483647: 160/274 rows (rung 16), 1405s
[  3392.7s] red p=2147483647: 164/274 rows (rung 16), 1429s
[  3413.8s] red p=2147483647: 168/274 rows (rung 16), 1450s
[  3435.7s] red p=2147483647: 172/274 rows (rung 16), 1472s
[  3460.6s] red p=2147483647: 176/274 rows (rung 16), 1497s
[  3484.0s] red p=2147483647: 180/274 rows (rung 16), 1521s
[  3519.8s] red p=2147483647: 184/274 rows (rung 16), 1557s
[  3549.9s] red p=2147483647: 188/274 rows (rung 16), 1587s
[  3585.1s] red p=2147483647: 192/274 rows (rung 17), 1622s
[  3613.9s] red p=2147483647: 196/274 rows (rung 17), 1651s
[  3643.8s] red p=2147483647: 200/274 rows (rung 17), 1680s
[  3668.6s] red p=2147483647: 204/274 rows (rung 17), 1705s
[  3694.8s] red p=2147483647: 208/274 rows (rung 17), 1732s
[  3722.3s] red p=2147483647: 212/274 rows (rung 17), 1759s
[  3741.0s] red p=2147483647: 216/274 rows (rung 17), 1778s
[  3761.0s] red p=2147483647: 220/274 rows (rung 18), 1798s
[  3787.0s] red p=2147483647: 224/274 rows (rung 18), 1824s
[  3815.1s] red p=2147483647: 228/274 rows (rung 18), 1852s
[  3836.7s] red p=2147483647: 232/274 rows (rung 18), 1874s
[  3866.4s] red p=2147483647: 236/274 rows (rung 18), 1903s
[  3894.6s] red p=2147483647: 240/274 rows (rung 18), 1932s
[  3918.9s] red p=2147483647: 244/274 rows (rung 19), 1956s
[  3942.1s] red p=2147483647: 248/274 rows (rung 19), 1979s
[  3959.6s] red p=2147483647: 252/274 rows (rung 19), 1996s
[  3972.3s] red p=2147483647: 256/274 rows (rung 20), 2009s
[  3990.0s] red p=2147483647: 260/274 rows (rung 20), 2027s
[  4008.6s] red p=2147483647: 264/274 rows (rung 20), 2046s
[  4024.4s] red p=2147483647: 268/274 rows (rung 21), 2061s
[  4043.8s] red p=2147483647: 272/274 rows (rung 22), 2081s
[  4052.7s] red p=2147483647: 274/274 rows (rung 24), 2090s
[  4059.1s] per4 p=2147483647: 0 rows banked, 274 to do, K=282
[  4108.4s] per4 p=2147483647: 4/274 rows (rung 13), 49s
[  4149.3s] per4 p=2147483647: 8/274 rows (rung 13), 90s
[  4211.2s] per4 p=2147483647: 12/274 rows (rung 13), 152s
[  4262.8s] per4 p=2147483647: 16/274 rows (rung 13), 204s
[  4292.4s] per4 p=2147483647: 20/274 rows (rung 13), 233s
[  4324.3s] per4 p=2147483647: 24/274 rows (rung 13), 265s
[  4357.4s] per4 p=2147483647: 28/274 rows (rung 13), 298s
[  4394.4s] per4 p=2147483647: 32/274 rows (rung 13), 335s
[  4434.2s] per4 p=2147483647: 36/274 rows (rung 13), 375s
[  4466.5s] per4 p=2147483647: 40/274 rows (rung 14), 407s
[  4501.2s] per4 p=2147483647: 44/274 rows (rung 14), 442s
[  4534.0s] per4 p=2147483647: 48/274 rows (rung 14), 475s
[  4574.0s] per4 p=2147483647: 52/274 rows (rung 14), 515s
[  4615.0s] per4 p=2147483647: 56/274 rows (rung 14), 556s
[  4643.4s] per4 p=2147483647: 60/274 rows (rung 14), 584s
[  4684.6s] per4 p=2147483647: 64/274 rows (rung 14), 625s
[  4705.6s] per4 p=2147483647: 68/274 rows (rung 14), 646s
[  4742.4s] per4 p=2147483647: 72/274 rows (rung 14), 683s
[  4778.3s] per4 p=2147483647: 76/274 rows (rung 14), 719s
[  4814.7s] per4 p=2147483647: 80/274 rows (rung 14), 755s
[  4846.0s] per4 p=2147483647: 84/274 rows (rung 14), 787s
[  4896.6s] per4 p=2147483647: 88/274 rows (rung 14), 837s
[  4938.6s] per4 p=2147483647: 92/274 rows (rung 14), 879s
[  4970.4s] per4 p=2147483647: 96/274 rows (rung 15), 911s
[  4997.3s] per4 p=2147483647: 100/274 rows (rung 15), 938s
[  5032.6s] per4 p=2147483647: 104/274 rows (rung 15), 973s
[  5073.0s] per4 p=2147483647: 108/274 rows (rung 15), 1014s
[  5098.3s] per4 p=2147483647: 112/274 rows (rung 15), 1039s
[  5121.2s] per4 p=2147483647: 116/274 rows (rung 15), 1062s
[  5139.5s] per4 p=2147483647: 120/274 rows (rung 15), 1080s
[  5175.6s] per4 p=2147483647: 124/274 rows (rung 15), 1116s
[  5211.3s] per4 p=2147483647: 128/274 rows (rung 15), 1152s
[  5241.7s] per4 p=2147483647: 132/274 rows (rung 15), 1182s
[  5273.8s] per4 p=2147483647: 136/274 rows (rung 15), 1215s
[  5309.5s] per4 p=2147483647: 140/274 rows (rung 15), 1250s
[  5346.1s] per4 p=2147483647: 144/274 rows (rung 15), 1287s
[  5375.3s] per4 p=2147483647: 148/274 rows (rung 16), 1316s
[  5395.5s] per4 p=2147483647: 152/274 rows (rung 16), 1336s
[  5424.8s] per4 p=2147483647: 156/274 rows (rung 16), 1366s
[  5452.9s] per4 p=2147483647: 160/274 rows (rung 16), 1394s
[  5477.1s] per4 p=2147483647: 164/274 rows (rung 16), 1418s
[  5497.9s] per4 p=2147483647: 168/274 rows (rung 16), 1439s
[  5519.8s] per4 p=2147483647: 172/274 rows (rung 16), 1461s
[  5544.7s] per4 p=2147483647: 176/274 rows (rung 16), 1486s
[  5567.9s] per4 p=2147483647: 180/274 rows (rung 16), 1509s
[  5603.7s] per4 p=2147483647: 184/274 rows (rung 16), 1544s
[  5634.4s] per4 p=2147483647: 188/274 rows (rung 16), 1575s
[  5669.3s] per4 p=2147483647: 192/274 rows (rung 17), 1610s
[  5697.8s] per4 p=2147483647: 196/274 rows (rung 17), 1639s
[  5727.6s] per4 p=2147483647: 200/274 rows (rung 17), 1668s
[  5752.2s] per4 p=2147483647: 204/274 rows (rung 17), 1693s
[  5778.6s] per4 p=2147483647: 208/274 rows (rung 17), 1720s
[  5805.5s] per4 p=2147483647: 212/274 rows (rung 17), 1746s
[  5824.1s] per4 p=2147483647: 216/274 rows (rung 17), 1765s
[  5844.0s] per4 p=2147483647: 220/274 rows (rung 18), 1785s
[  5870.3s] per4 p=2147483647: 224/274 rows (rung 18), 1811s
[  5898.9s] per4 p=2147483647: 228/274 rows (rung 18), 1840s
[  5920.2s] per4 p=2147483647: 232/274 rows (rung 18), 1861s
[  5949.5s] per4 p=2147483647: 236/274 rows (rung 18), 1890s
[  5977.1s] per4 p=2147483647: 240/274 rows (rung 18), 1918s
[  6001.4s] per4 p=2147483647: 244/274 rows (rung 19), 1942s
[  6024.5s] per4 p=2147483647: 248/274 rows (rung 19), 1965s
[  6041.6s] per4 p=2147483647: 252/274 rows (rung 19), 1982s
[  6053.7s] per4 p=2147483647: 256/274 rows (rung 20), 1994s
[  6071.2s] per4 p=2147483647: 260/274 rows (rung 20), 2012s
[  6089.7s] per4 p=2147483647: 264/274 rows (rung 20), 2030s
[  6105.1s] per4 p=2147483647: 268/274 rows (rung 21), 2046s
[  6124.5s] per4 p=2147483647: 272/274 rows (rung 22), 2065s
[  6133.5s] per4 p=2147483647: 274/274 rows (rung 24), 2074s
