[     0.4s] gen p=2147483629: 0 rows banked, 274 to do, K=282
[    52.6s] gen p=2147483629: 4/274 rows (rung 13), 51s
[    96.6s] gen p=2147483629: 8/274 rows (rung 13), 95s
[   159.1s] gen p=2147483629: 12/274 rows (rung 13), 158s
[   211.0s] gen p=2147483629: 16/274 rows (rung 13), 210s
[   241.4s] gen p=2147483629: 20/274 rows (rung 13), 240s
[   274.1s] gen p=2147483629: 24/274 rows (rung 13), 273s
[   307.7s] gen p=2147483629: 28/274 rows (rung 13), 306s
[   344.8s] gen p=2147483629: 32/274 rows (rung 13), 344s
[   384.8s] gen p=2147483629: 36/274 rows (rung 13), 384s
[   418.0s] gen p=2147483629: 40/274 rows (rung 14), 417s
[   453.4s] gen p=2147483629: 44/274 rows (rung 14), 452s
[   487.3s] gen p=2147483629: 48/274 rows (rung 14), 486s
[   528.4s] gen p=2147483629: 52/274 rows (rung 14), 527s
[   570.2s] gen p=2147483629: 56/274 rows (rung 14), 569s
[   599.6s] gen p=2147483629: 60/274 rows (rung 14), 598s
[   640.7s] gen p=2147483629: 64/274 rows (rung 14), 639s
[   662.5s] gen p=2147483629: 68/274 rows (rung 14), 661s
[   699.6s] gen p=2147483629: 72/274 rows (rung 14), 698s
[   735.8s] gen p=2147483629: 76/274 rows (rung 14), 734s
[   772.4s] gen p=2147483629: 80/274 rows (rung 14), 771s
[   804.7s] gen p=2147483629: 84/274 rows (rung 14), 803s
[   854.7s] gen p=2147483629: 88/274 rows (rung 14), 853s
[   896.0s] gen p=2147483629: 92/274 rows (rung 14), 895s
[   928.8s] gen p=2147483629: 96/274 rows (rung 15), 927s
[   955.9s] gen p=2147483629: 100/274 rows (rung 15), 954s
[   992.1s] gen p=2147483629: 104/274 rows (rung 15), 991s
[  1033.6s] gen p=2147483629: 108/274 rows (rung 15), 1032s
[  1060.3s] gen p=2147483629: 112/274 rows (rung 15), 1059s
[  1083.8s] gen p=2147483629: 116/274 rows (rung 15), 1082s
[  1103.0s] gen p=2147483629: 120/274 rows (rung 15), 1102s
[  1139.4s] gen p=2147483629: 124/274 rows (rung 15), 1138s
[  1175.3s] gen p=2147483629: 128/274 rows (rung 15), 1174s
[  1206.2s] gen p=2147483629: 132/274 rows (rung 15), 1205s
[  1239.0s] gen p=2147483629: 136/274 rows (rung 15), 1238s
[  1275.8s] gen p=2147483629: 140/274 rows (rung 15), 1274s
[  1313.3s] gen p=2147483629: 144/274 rows (rung 15), 1312s
[  1342.8s] gen p=2147483629: 148/274 rows (rung 16), 1341s
[  1363.9s] gen p=2147483629: 152/274 rows (rung 16), 1363s
[  1393.5s] gen p=2147483629: 156/274 rows (rung 16), 1392s
[  1422.8s] gen p=2147483629: 160/274 rows (rung 16), 1421s
[  1448.0s] gen p=2147483629: 164/274 rows (rung 16), 1447s
[  1469.8s] gen p=2147483629: 168/274 rows (rung 16), 1468s
[  1492.5s] gen p=2147483629: 172/274 rows (rung 16), 1491s
[  1518.5s] gen p=2147483629: 176/274 rows (rung 16), 1517s
[  1542.2s] gen p=2147483629: 180/274 rows (rung 16), 1541s
[  1578.5s] gen p=2147483629: 184/274 rows (rung 16), 1577s
[  1609.5s] gen p=2147483629: 188/274 rows (rung 16), 1608s
[  1645.8s] gen p=2147483629: 192/274 rows (rung 17), 1644s
[  1675.3s] gen p=2147483629: 196/274 rows (rung 17), 1674s
[  1705.4s] gen p=2147483629: 200/274 rows (rung 17), 1704s
[  1730.6s] gen p=2147483629: 204/274 rows (rung 17), 1729s
[  1757.5s] gen p=2147483629: 208/274 rows (rung 17), 1756s
[  1785.3s] gen p=2147483629: 212/274 rows (rung 17), 1784s
[  1804.7s] gen p=2147483629: 216/274 rows (rung 17), 1803s
[  1825.2s] gen p=2147483629: 220/274 rows (rung 18), 1824s
[  1852.4s] gen p=2147483629: 224/274 rows (rung 18), 1851s
[  1881.5s] gen p=2147483629: 228/274 rows (rung 18), 1880s
[  1904.0s] gen p=2147483629: 232/274 rows (rung 18), 1902s
[  1934.7s] gen p=2147483629: 236/274 rows (rung 18), 1933s
[  1963.4s] gen p=2147483629: 240/274 rows (rung 18), 1962s
[  1988.2s] gen p=2147483629: 244/274 rows (rung 19), 1987s
[  2012.0s] gen p=2147483629: 248/274 rows (rung 19), 2010s
[  2029.8s] gen p=2147483629: 252/274 rows (rung 19), 2028s
[  2043.2s] gen p=2147483629: 256/274 rows (rung 20), 2042s
[  2061.9s] gen p=2147483629: 260/274 rows (rung 20), 2060s
[  2081.5s] gen p=2147483629: 264/274 rows (rung 20), 2080s
[  2097.7s] gen p=2147483629: 268/274 rows (rung 21), 2096s
[  2117.7s] gen p=2147483629: 272/274 rows (rung 22), 2116s
[  2127.3s] gen p=2147483629: 274/274 rows (rung 24), 2126s
[  2127.8s] red p=2147483629: 0 rows banked, 274 to do, K=282
[  2179.4s] red p=2147483629: 4/274 rows (rung 13), 51s
[  2223.2s] red p=2147483629: 8/274 rows (rung 13), 95s
[  2286.1s] red p=2147483629: 12/274 rows (rung 13), 158s
[  2337.8s] red p=2147483629: 16/274 rows (rung 13), 210s
[  2368.0s] red p=2147483629: 20/274 rows (rung 13), 240s
[  2400.2s] red p=2147483629: 24/274 rows (rung 13), 272s
[  2433.5s] red p=2147483629: 28/274 rows (rung 13), 305s
[  2471.1s] red p=2147483629: 32/274 rows (rung 13), 343s
[  2511.6s] red p=2147483629: 36/274 rows (rung 13), 384s
[  2545.1s] red p=2147483629: 40/274 rows (rung 14), 417s
[  2580.3s] red p=2147483629: 44/274 rows (rung 14), 452s
[  2613.8s] red p=2147483629: 48/274 rows (rung 14), 486s
[  2654.6s] red p=2147483629: 52/274 rows (rung 14), 526s
[  2695.7s] red p=2147483629: 56/274 rows (rung 14), 568s
[  2724.2s] red p=2147483629: 60/274 rows (rung 14), 596s
[  2765.3s] red p=2147483629: 64/274 rows (rung 14), 637s
[  2786.6s] red p=2147483629: 68/274 rows (rung 14), 658s
[  2823.7s] red p=2147483629: 72/274 rows (rung 14), 696s
[  2859.2s] red p=2147483629: 76/274 rows (rung 14), 731s
[  2895.6s] red p=2147483629: 80/274 rows (rung 14), 768s
[  2926.8s] red p=2147483629: 84/274 rows (rung 14), 799s
[  2976.6s] red p=2147483629: 88/274 rows (rung 14), 848s
[  3017.5s] red p=2147483629: 92/274 rows (rung 14), 889s
[  3049.3s] red p=2147483629: 96/274 rows (rung 15), 921s
[  3076.9s] red p=2147483629: 100/274 rows (rung 15), 949s
[  3112.5s] red p=2147483629: 104/274 rows (rung 15), 984s
[  3153.4s] red p=2147483629: 108/274 rows (rung 15), 1025s
[  3179.6s] red p=2147483629: 112/274 rows (rung 15), 1052s
[  3202.5s] red p=2147483629: 116/274 rows (rung 15), 1074s
[  3221.1s] red p=2147483629: 120/274 rows (rung 15), 1093s
[  3257.1s] red p=2147483629: 124/274 rows (rung 15), 1129s
[  3292.8s] red p=2147483629: 128/274 rows (rung 15), 1165s
[  3323.5s] red p=2147483629: 132/274 rows (rung 15), 1195s
[  3355.6s] red p=2147483629: 136/274 rows (rung 15), 1228s
[  3391.9s] red p=2147483629: 140/274 rows (rung 15), 1264s
[  3428.8s] red p=2147483629: 144/274 rows (rung 15), 1301s
[  3458.4s] red p=2147483629: 148/274 rows (rung 16), 1330s
[  3478.7s] red p=2147483629: 152/274 rows (rung 16), 1351s
[  3507.5s] red p=2147483629: 156/274 rows (rung 16), 1379s
[  3536.2s] red p=2147483629: 160/274 rows (rung 16), 1408s
[  3560.7s] red p=2147483629: 164/274 rows (rung 16), 1433s
[  3581.9s] red p=2147483629: 168/274 rows (rung 16), 1454s
[  3604.2s] red p=2147483629: 172/274 rows (rung 16), 1476s
[  3629.8s] red p=2147483629: 176/274 rows (rung 16), 1502s
[  3653.2s] red p=2147483629: 180/274 rows (rung 16), 1525s
[  3689.1s] red p=2147483629: 184/274 rows (rung 16), 1561s
[  3719.8s] red p=2147483629: 188/274 rows (rung 16), 1592s
[  3754.8s] red p=2147483629: 192/274 rows (rung 17), 1627s
[  3783.6s] red p=2147483629: 196/274 rows (rung 17), 1656s
[  3813.3s] red p=2147483629: 200/274 rows (rung 17), 1685s
[  3837.8s] red p=2147483629: 204/274 rows (rung 17), 1710s
[  3864.5s] red p=2147483629: 208/274 rows (rung 17), 1737s
[  3891.6s] red p=2147483629: 212/274 rows (rung 17), 1764s
[  3910.6s] red p=2147483629: 216/274 rows (rung 17), 1783s
[  3930.8s] red p=2147483629: 220/274 rows (rung 18), 1803s
[  3957.5s] red p=2147483629: 224/274 rows (rung 18), 1830s
[  3985.6s] red p=2147483629: 228/274 rows (rung 18), 1858s
[  4007.5s] red p=2147483629: 232/274 rows (rung 18), 1880s
[  4037.7s] red p=2147483629: 236/274 rows (rung 18), 1910s
[  4065.8s] red p=2147483629: 240/274 rows (rung 18), 1938s
[  4089.7s] red p=2147483629: 244/274 rows (rung 19), 1962s
[  4113.3s] red p=2147483629: 248/274 rows (rung 19), 1985s
[  4130.6s] red p=2147483629: 252/274 rows (rung 19), 2003s
[  4143.2s] red p=2147483629: 256/274 rows (rung 20), 2015s
[  4161.0s] red p=2147483629: 260/274 rows (rung 20), 2033s
[  4180.0s] red p=2147483629: 264/274 rows (rung 20), 2052s
[  4195.7s] red p=2147483629: 268/274 rows (rung 21), 2068s
[  4215.1s] red p=2147483629: 272/274 rows (rung 22), 2087s
[  4224.3s] red p=2147483629: 274/274 rows (rung 24), 2096s
[  4230.6s] per4 p=2147483629: 0 rows banked, 274 to do, K=282
[  4282.2s] per4 p=2147483629: 4/274 rows (rung 13), 51s
[  4325.7s] per4 p=2147483629: 8/274 rows (rung 13), 95s
[  4388.5s] per4 p=2147483629: 12/274 rows (rung 13), 158s
[  4441.3s] per4 p=2147483629: 16/274 rows (rung 13), 211s
[  4472.3s] per4 p=2147483629: 20/274 rows (rung 13), 242s
[  4504.7s] per4 p=2147483629: 24/274 rows (rung 13), 274s
[  4537.9s] per4 p=2147483629: 28/274 rows (rung 13), 307s
[  4574.7s] per4 p=2147483629: 32/274 rows (rung 13), 344s
[  4614.8s] per4 p=2147483629: 36/274 rows (rung 13), 384s
[  4647.2s] per4 p=2147483629: 40/274 rows (rung 14), 416s
[  4682.2s] per4 p=2147483629: 44/274 rows (rung 14), 452s
[  4715.3s] per4 p=2147483629: 48/274 rows (rung 14), 485s
[  4755.4s] per4 p=2147483629: 52/274 rows (rung 14), 525s
[  4796.4s] per4 p=2147483629: 56/274 rows (rung 14), 566s
[  4824.9s] per4 p=2147483629: 60/274 rows (rung 14), 594s
[  4865.5s] per4 p=2147483629: 64/274 rows (rung 14), 635s
[  4886.6s] per4 p=2147483629: 68/274 rows (rung 14), 656s
[  4923.0s] per4 p=2147483629: 72/274 rows (rung 14), 692s
[  4959.0s] per4 p=2147483629: 76/274 rows (rung 14), 728s
[  4995.4s] per4 p=2147483629: 80/274 rows (rung 14), 765s
[  5026.8s] per4 p=2147483629: 84/274 rows (rung 14), 796s
[  5075.8s] per4 p=2147483629: 88/274 rows (rung 14), 845s
[  5117.0s] per4 p=2147483629: 92/274 rows (rung 14), 886s
[  5148.8s] per4 p=2147483629: 96/274 rows (rung 15), 918s
[  5175.7s] per4 p=2147483629: 100/274 rows (rung 15), 945s
[  5211.3s] per4 p=2147483629: 104/274 rows (rung 15), 981s
[  5251.9s] per4 p=2147483629: 108/274 rows (rung 15), 1021s
[  5278.2s] per4 p=2147483629: 112/274 rows (rung 15), 1048s
[  5300.9s] per4 p=2147483629: 116/274 rows (rung 15), 1070s
[  5319.7s] per4 p=2147483629: 120/274 rows (rung 15), 1089s
[  5355.5s] per4 p=2147483629: 124/274 rows (rung 15), 1125s
[  5391.0s] per4 p=2147483629: 128/274 rows (rung 15), 1160s
[  5421.6s] per4 p=2147483629: 132/274 rows (rung 15), 1191s
[  5453.7s] per4 p=2147483629: 136/274 rows (rung 15), 1223s
[  5490.1s] per4 p=2147483629: 140/274 rows (rung 15), 1259s
[  5526.4s] per4 p=2147483629: 144/274 rows (rung 15), 1296s
[  5555.8s] per4 p=2147483629: 148/274 rows (rung 16), 1325s
[  5575.9s] per4 p=2147483629: 152/274 rows (rung 16), 1345s
[  5604.6s] per4 p=2147483629: 156/274 rows (rung 16), 1374s
[  5633.2s] per4 p=2147483629: 160/274 rows (rung 16), 1402s
[  5657.3s] per4 p=2147483629: 164/274 rows (rung 16), 1427s
[  5678.8s] per4 p=2147483629: 168/274 rows (rung 16), 1448s
[  5700.9s] per4 p=2147483629: 172/274 rows (rung 16), 1470s
[  5726.0s] per4 p=2147483629: 176/274 rows (rung 16), 1495s
[  5749.3s] per4 p=2147483629: 180/274 rows (rung 16), 1519s
[  5785.6s] per4 p=2147483629: 184/274 rows (rung 16), 1555s
[  5815.6s] per4 p=2147483629: 188/274 rows (rung 16), 1585s
[  5850.5s] per4 p=2147483629: 192/274 rows (rung 17), 1620s
[  5879.0s] per4 p=2147483629: 196/274 rows (rung 17), 1648s
[  5908.3s] per4 p=2147483629: 200/274 rows (rung 17), 1678s
[  5932.7s] per4 p=2147483629: 204/274 rows (rung 17), 1702s
[  5959.1s] per4 p=2147483629: 208/274 rows (rung 17), 1728s
[  5986.2s] per4 p=2147483629: 212/274 rows (rung 17), 1755s
[  6005.0s] per4 p=2147483629: 216/274 rows (rung 17), 1774s
[  6024.8s] per4 p=2147483629: 220/274 rows (rung 18), 1794s
[  6050.9s] per4 p=2147483629: 224/274 rows (rung 18), 1820s
[  6079.2s] per4 p=2147483629: 228/274 rows (rung 18), 1848s
[  6100.7s] per4 p=2147483629: 232/274 rows (rung 18), 1870s
[  6130.0s] per4 p=2147483629: 236/274 rows (rung 18), 1899s
[  6157.8s] per4 p=2147483629: 240/274 rows (rung 18), 1927s
[  6182.1s] per4 p=2147483629: 244/274 rows (rung 19), 1951s
[  6205.4s] per4 p=2147483629: 248/274 rows (rung 19), 1975s
[  6222.7s] per4 p=2147483629: 252/274 rows (rung 19), 1992s
[  6235.0s] per4 p=2147483629: 256/274 rows (rung 20), 2004s
[  6252.7s] per4 p=2147483629: 260/274 rows (rung 20), 2022s
[  6271.3s] per4 p=2147483629: 264/274 rows (rung 20), 2041s
[  6287.0s] per4 p=2147483629: 268/274 rows (rung 21), 2056s
[  6306.3s] per4 p=2147483629: 272/274 rows (rung 22), 2076s
[  6315.2s] per4 p=2147483629: 274/274 rows (rung 24), 2084s
