[     9.8s] seeds d=12: generic rank 2,2; u=0 rank 2,2
[    10.6s] F57 d=24: u=0 rank 1,1; nonzero 9/9, 9/9
[   101.3s] S1: seeds equal s69 True; eight d=13 classes u=0 rank 8,8 (need 8); pure-u letters [[], [], [], [], [], [], [], []]
[   103.0s] delta=23 b=1: rank 0/1, draws 14 (6 past filter), 2s
[   104.6s] delta=23 b=1: rank 1/1, draws 37 (12 past filter), 3s
[   105.6s] delta=23: COMPLETE 1/1 at P1 (minor det 1080273749); P2 rank 1/1 (minor det 2087568425); draws 37, past filter 12, 4s
[   108.3s] delta=22 b=3: rank 2/3, draws 29 (6 past filter), 3s
[   109.8s] delta=22 b=3: rank 2/3, draws 48 (12 past filter), 4s
[   112.0s] delta=22 b=3: rank 2/3, draws 63 (18 past filter), 6s
[   113.6s] delta=22 b=3: rank 2/3, draws 93 (24 past filter), 8s
[   116.0s] delta=22 b=3: rank 2/3, draws 114 (30 past filter), 10s
[   119.2s] delta=22 b=3: rank 2/3, draws 134 (36 past filter), 14s
[   122.4s] delta=22 b=3: rank 3/3, draws 142 (42 past filter), 17s
[   123.7s] delta=22: COMPLETE 3/3 at P1 (minor det 1990675105); P2 rank 3/3 (minor det 1763720722); draws 142, past filter 42, 18s
[   126.5s] delta=21 b=5: rank 1/5, draws 26 (6 past filter), 3s
[   129.2s] delta=21 b=5: rank 2/5, draws 41 (12 past filter), 5s
[   132.0s] delta=21 b=5: rank 3/5, draws 53 (18 past filter), 8s
[   135.0s] delta=21 b=5: rank 3/5, draws 67 (24 past filter), 11s
[   138.8s] delta=21 b=5: rank 4/5, draws 86 (30 past filter), 15s
[   142.4s] delta=21 b=5: rank 4/5, draws 100 (36 past filter), 19s
[   144.7s] delta=21 b=5: rank 4/5, draws 112 (42 past filter), 21s
[   149.0s] delta=21 b=5: rank 5/5, draws 133 (48 past filter), 25s
[   153.4s] delta=21: COMPLETE 5/5 at P1 (minor det 953552015); P2 rank 5/5 (minor det 497136936); draws 133, past filter 48, 30s
[   157.4s] delta=20 b=9: rank 1/9, draws 7 (6 past filter), 4s
[   161.7s] delta=20 b=9: rank 4/9, draws 21 (12 past filter), 8s
[   165.7s] delta=20 b=9: rank 5/9, draws 30 (18 past filter), 12s
[   171.0s] delta=20 b=9: rank 8/9, draws 37 (24 past filter), 18s
[   177.1s] delta=20 b=9: rank 9/9, draws 51 (30 past filter), 24s
[   184.5s] delta=20: COMPLETE 9/9 at P1 (minor det 2068777070); P2 rank 9/9 (minor det 1451434910); draws 51, past filter 30, 31s
