[     7.4s] det p=2147483647: fresh K=294 (skipped []); 274 literal rows to evaluate
[    61.6s] det p=2147483647: 4/274 rows, 54s
[   115.1s] det p=2147483647: 8/274 rows, 108s
[   182.0s] det p=2147483647: 12/274 rows, 175s
[   238.7s] det p=2147483647: 16/274 rows, 231s
[   287.2s] det p=2147483647: 20/274 rows, 280s
[   321.6s] det p=2147483647: 24/274 rows, 314s
[   361.7s] det p=2147483647: 28/274 rows, 354s
[   403.2s] det p=2147483647: 32/274 rows, 396s
[   446.1s] det p=2147483647: 36/274 rows, 439s
[   482.9s] det p=2147483647: 40/274 rows, 476s
[   519.7s] det p=2147483647: 44/274 rows, 512s
[   556.1s] det p=2147483647: 48/274 rows, 549s
[   598.5s] det p=2147483647: 52/274 rows, 591s
[   641.8s] det p=2147483647: 56/274 rows, 634s
[   680.7s] det p=2147483647: 60/274 rows, 673s
[   729.4s] det p=2147483647: 64/274 rows, 722s
[   751.5s] det p=2147483647: 68/274 rows, 744s
[   793.1s] det p=2147483647: 72/274 rows, 786s
[   828.5s] det p=2147483647: 76/274 rows, 821s
[   868.3s] det p=2147483647: 80/274 rows, 861s
[   900.6s] det p=2147483647: 84/274 rows, 893s
[   952.5s] det p=2147483647: 88/274 rows, 945s
[   997.2s] det p=2147483647: 92/274 rows, 990s
[  1031.7s] det p=2147483647: 96/274 rows, 1024s
[  1062.4s] det p=2147483647: 100/274 rows, 1055s
[  1100.5s] det p=2147483647: 104/274 rows, 1093s
[  1142.7s] det p=2147483647: 108/274 rows, 1135s
[  1169.8s] det p=2147483647: 112/274 rows, 1162s
[  1194.4s] det p=2147483647: 116/274 rows, 1187s
[  1216.0s] det p=2147483647: 120/274 rows, 1209s
[  1253.2s] det p=2147483647: 124/274 rows, 1246s
[  1290.6s] det p=2147483647: 128/274 rows, 1283s
[  1324.7s] det p=2147483647: 132/274 rows, 1317s
[  1361.1s] det p=2147483647: 136/274 rows, 1354s
[  1398.8s] det p=2147483647: 140/274 rows, 1391s
[  1439.6s] det p=2147483647: 144/274 rows, 1432s
[  1470.7s] det p=2147483647: 148/274 rows, 1463s
[  1489.5s] det p=2147483647: 152/274 rows, 1482s
[  1519.7s] det p=2147483647: 156/274 rows, 1512s
[  1550.2s] det p=2147483647: 160/274 rows, 1543s
[  1576.1s] det p=2147483647: 164/274 rows, 1569s
[  1598.1s] det p=2147483647: 168/274 rows, 1591s
[  1622.6s] det p=2147483647: 172/274 rows, 1615s
[  1651.5s] det p=2147483647: 176/274 rows, 1644s
[  1678.6s] det p=2147483647: 180/274 rows, 1671s
[  1715.9s] det p=2147483647: 184/274 rows, 1709s
[  1748.4s] det p=2147483647: 188/274 rows, 1741s
[  1785.3s] det p=2147483647: 192/274 rows, 1778s
[  1816.1s] det p=2147483647: 196/274 rows, 1809s
[  1849.0s] det p=2147483647: 200/274 rows, 1842s
[  1879.3s] det p=2147483647: 204/274 rows, 1872s
[  1907.0s] det p=2147483647: 208/274 rows, 1900s
[  1936.6s] det p=2147483647: 212/274 rows, 1929s
[  1956.8s] det p=2147483647: 216/274 rows, 1949s
[  1975.8s] det p=2147483647: 220/274 rows, 1968s
[  2003.1s] det p=2147483647: 224/274 rows, 1996s
[  2033.1s] det p=2147483647: 228/274 rows, 2026s
[  2055.3s] det p=2147483647: 232/274 rows, 2048s
[  2089.6s] det p=2147483647: 236/274 rows, 2082s
[  2119.2s] det p=2147483647: 240/274 rows, 2112s
[  2145.2s] det p=2147483647: 244/274 rows, 2138s
[  2169.8s] det p=2147483647: 248/274 rows, 2162s
[  2188.1s] det p=2147483647: 252/274 rows, 2181s
[  2202.2s] det p=2147483647: 256/274 rows, 2195s
[  2223.0s] det p=2147483647: 260/274 rows, 2216s
[  2241.2s] det p=2147483647: 264/274 rows, 2234s
[  2255.9s] det p=2147483647: 268/274 rows, 2248s
[  2276.0s] det p=2147483647: 272/274 rows, 2269s
[  2285.3s] det p=2147483647: 274/274 rows, 2278s
[  2285.4s] det p=2147483647: FRESH-POINT rank 273/274 (nullity 1); rows with rung<=23: rank 273/273
[  2285.4s] det p=2147483647: decision rank 273 vs fresh 273: AGREE
