delta=9 (18, 9, 2, 2, 1, 1, 1, 1, 1): a = 0  [2s]
delta=9 (26, 5, 1, 1, 1, 1, 1): a = 0  [0s]
delta=9 (20, 6, 2, 2, 2, 2, 2): a = 7  [1s]
delta=11 (19, 13, 2, 2, 2, 2, 2, 2): a = 25  [10s]
delta=11 (30, 6, 2, 1, 1, 1, 1, 1, 1): a = 0  [1s]
delta=11 (36, 8): a = 4  [0s]
delta=13 (36, 9, 1, 1, 1, 1, 1, 1, 1): a = 0  [1s]
delta=13 (37, 11, 2, 1, 1): a = 4  [0s]
delta=13 (23, 17, 2, 2, 2, 2, 2, 1, 1): a = 18  [21s]
delta=14 (35, 14, 1, 1, 1, 1, 1, 1, 1): a = 0  [1s]
delta=14 (44, 5, 2, 2, 2, 1): a = 2  [0s]
delta=14 (39, 17): a = 6  [0s]
delta=16 (55, 9): a = 3  [0s]
delta=16 (50, 12, 2): a = 21  [0s]
delta=16 (44, 17, 1, 1, 1): a = 0  [0s]
delta=18 (52, 12, 2, 2, 2, 1, 1): a = 8  [1s]
delta=18 (52, 14, 2, 2, 2): a = 82  [0s]
delta=18 (52, 10, 2, 2, 2, 2, 1, 1): a = 4  [4s]
delta=19 (52, 15, 2, 2, 2, 2, 1): a = 100  [1s]
delta=19 (65, 2, 2, 2, 2, 1, 1, 1): a = 0  [1s]
delta=19 (63, 3, 2, 2, 2, 1, 1, 1, 1): a = 0  [5s]
delta=20 (59, 7, 2, 2, 2, 2, 2, 2, 2): a = 12  [85s]
delta=20 (56, 14, 2, 2, 2, 1, 1, 1, 1): a = 0  [7s]
delta=20 (62, 8, 2, 2, 2, 2, 2): a = 22  [2s]
delta=21 (65, 9, 2, 2, 2, 2, 1, 1): a = 3  [4s]
delta=21 (61, 13, 2, 2, 2, 2, 1, 1): a = 15  [4s]
delta=21 (64, 9, 2, 2, 2, 2, 2, 1): a = 19  [7s]
delta=10 (18, 15, 2, 1, 1, 1, 1, 1): a = 0  [1s]
delta=10 (20, 9, 2, 2, 2, 2, 1, 1, 1): a = 0  [7s]
delta=10 (33, 3, 2, 2): a = 1  [0s]
delta=10 (20, 12, 2, 2, 2, 1, 1): a = 6  [0s]
delta=10 (22, 15, 2, 1): a = 14  [0s]
delta=10 (21, 17, 1, 1): a = 2  [0s]
delta=10 (24, 12, 1, 1, 1, 1): a = 0  [0s]
delta=10 (23, 8, 2, 2, 2, 2, 1): a = 11  [1s]
delta=12 (37, 3, 2, 2, 2, 2): a = 1  [0s]
delta=12 (32, 8, 2, 1, 1, 1, 1, 1, 1): a = 0  [1s]
delta=12 (34, 8, 2, 2, 1, 1): a = 1  [0s]
delta=12 (32, 9, 2, 1, 1, 1, 1, 1): a = 0  [0s]
delta=12 (34, 8, 2, 1, 1, 1, 1): a = 0  [0s]
delta=12 (35, 7, 1, 1, 1, 1, 1, 1): a = 0  [0s]
delta=12 (27, 15, 1, 1, 1, 1, 1, 1): a = 0  [0s]
delta=12 (31, 12, 1, 1, 1, 1, 1): a = 0  [0s]
delta=14 (43, 7, 2, 2, 2): a = 11  [0s]
delta=14 (44, 3, 2, 2, 2, 2, 1): a = 0  [1s]
delta=14 (34, 16, 2, 2, 2): a = 95  [0s]
delta=14 (38, 13, 2, 2, 1): a = 38  [0s]
delta=14 (40, 16): a = 9  [0s]
delta=14 (34, 17, 2, 1, 1, 1): a = 0  [0s]
delta=14 (44, 11, 1): a = 5  [0s]
delta=14 (50, 1, 1, 1, 1, 1, 1): a = 0  [0s]
delta=15 (35, 14, 2, 2, 2, 2, 1, 1, 1): a = 0  [11s]
delta=15 (43, 17): a = 7  [0s]
delta=15 (52, 4, 2, 1, 1): a = 0  [0s]
delta=15 (37, 11, 2, 2, 2, 2, 2, 1, 1): a = 8  [19s]
delta=15 (54, 6): a = 3  [0s]
delta=15 (44, 14, 1, 1): a = 2  [0s]
delta=15 (42, 10, 2, 2, 2, 1, 1): a = 4  [0s]
delta=15 (39, 14, 2, 2, 2, 1): a = 64  [0s]
delta=16 (48, 7, 2, 2, 2, 2, 1): a = 7  [1s]
delta=16 (44, 11, 2, 2, 2, 1, 1, 1): a = 0  [2s]
delta=16 (44, 14, 2, 2, 2): a = 81  [0s]
delta=16 (45, 11, 2, 1, 1, 1, 1, 1, 1): a = 0  [2s]
delta=16 (43, 15, 2, 2, 2): a = 88  [0s]
delta=16 (44, 7, 2, 2, 2, 2, 2, 2, 1): a = 7  [31s]
delta=16 (55, 4, 2, 1, 1, 1): a = 0  [0s]
delta=16 (45, 9, 2, 2, 2, 1, 1, 1, 1): a = 0  [5s]
delta=17 (50, 9, 2, 2, 2, 2, 1): a = 18  [1s]
delta=17 (56, 9, 2, 1): a = 9  [0s]
delta=17 (60, 5, 1, 1, 1): a = 0  [0s]
delta=17 (53, 7, 2, 2, 2, 1, 1): a = 1  [1s]
delta=17 (59, 5, 2, 2): a = 4  [0s]
delta=17 (47, 10, 2, 2, 2, 2, 2, 1): a = 28  [6s]
delta=17 (55, 6, 2, 1, 1, 1, 1, 1): a = 0  [1s]
delta=17 (52, 6, 2, 2, 2, 1, 1, 1, 1): a = 0  [5s]
delta=18 (58, 9, 2, 1, 1, 1): a = 0  [0s]
delta=18 (52, 11, 2, 2, 2, 2, 1): a = 37  [1s]
delta=18 (49, 12, 2, 2, 2, 2, 2, 1): a = 55  [7s]
delta=18 (54, 13, 2, 2, 1): a = 38  [0s]
delta=18 (57, 5, 2, 2, 2, 2, 1, 1): a = 0  [3s]
delta=18 (47, 13, 2, 2, 2, 2, 2, 2): a = 102  [16s]
delta=18 (61, 8, 2, 1): a = 7  [0s]
delta=18 (57, 6, 2, 2, 1, 1, 1, 1, 1): a = 0  [3s]
delta=19 (53, 14, 2, 2, 1, 1, 1, 1, 1): a = 0  [4s]
delta=19 (55, 13, 2, 2, 2, 1, 1): a = 13  [1s]
delta=19 (61, 11, 2, 2): a = 28  [0s]
delta=19 (62, 10, 2, 2): a = 26  [0s]
delta=19 (63, 5, 2, 2, 1, 1, 1, 1): a = 0  [1s]
delta=19 (59, 10, 2, 2, 2, 1): a = 24  [0s]
delta=19 (57, 11, 2, 2, 1, 1, 1, 1): a = 0  [1s]
delta=19 (49, 17, 2, 2, 2, 2, 1, 1): a = 37  [4s]
delta=20 (64, 5, 2, 2, 2, 2, 1, 1, 1): a = 0  [10s]
delta=20 (56, 17, 2, 2, 2, 1): a = 110  [0s]
delta=20 (56, 12, 2, 2, 2, 2, 2, 1, 1): a = 10  [26s]
delta=20 (62, 5, 2, 2, 2, 2, 2, 2, 1): a = 2  [33s]
delta=20 (61, 8, 2, 2, 2, 2, 1, 1, 1): a = 0  [11s]
delta=20 (55, 14, 2, 2, 2, 2, 1, 1, 1): a = 0  [14s]
delta=20 (61, 10, 2, 2, 2, 1, 1, 1): a = 0  [2s]
delta=21 (61, 9, 2, 2, 2, 2, 2, 2, 2): a = 29  [100s]
delta=21 (63, 13, 2, 2, 2, 2): a = 80  [0s]
delta=21 (55, 17, 2, 2, 2, 2, 2, 1, 1): a = 43  [32s]
delta=21 (61, 13, 2, 2, 2, 2, 2): a = 94  [3s]
delta=21 (63, 12, 2, 2, 2, 2, 1): a = 50  [1s]
delta=21 (62, 11, 2, 2, 2, 2, 1, 1, 1): a = 0  [13s]
delta=21 (62, 12, 2, 2, 2, 2, 1, 1): a = 9  [4s]
delta=21 (61, 11, 2, 2, 2, 2, 2, 2): a = 58  [16s]
