delta=9 (18, 9, 2, 2, 1, 1, 1, 1, 1): a = 0  [2s]
delta=9 (26, 5, 1, 1, 1, 1, 1): a = 0  [0s]
delta=9 (20, 6, 2, 2, 2, 2, 2): a = 7  [1s]
delta=11 (19, 13, 2, 2, 2, 2, 2, 2): a = 25  [10s]
delta=11 (30, 6, 2, 1, 1, 1, 1, 1, 1): a = 0  [1s]
delta=11 (36, 8): a = 4  [0s]
delta=13 (36, 9, 1, 1, 1, 1, 1, 1, 1): a = 0  [1s]
delta=13 (37, 11, 2, 1, 1): a = 4  [0s]
delta=13 (23, 17, 2, 2, 2, 2, 2, 1, 1): a = 18  [21s]
delta=14 (35, 14, 1, 1, 1, 1, 1, 1, 1): a = 0  [1s]
delta=14 (44, 5, 2, 2, 2, 1): a = 2  [0s]
delta=14 (39, 17): a = 6  [0s]
delta=16 (55, 9): a = 3  [0s]
delta=16 (50, 12, 2): a = 21  [0s]
delta=16 (44, 17, 1, 1, 1): a = 0  [0s]
delta=18 (52, 12, 2, 2, 2, 1, 1): a = 8  [1s]
delta=18 (52, 14, 2, 2, 2): a = 82  [0s]
delta=18 (52, 10, 2, 2, 2, 2, 1, 1): a = 4  [4s]
delta=19 (52, 15, 2, 2, 2, 2, 1): a = 100  [1s]
delta=19 (65, 2, 2, 2, 2, 1, 1, 1): a = 0  [1s]
delta=19 (63, 3, 2, 2, 2, 1, 1, 1, 1): a = 0  [5s]
delta=20 (59, 7, 2, 2, 2, 2, 2, 2, 2): a = 12  [85s]
delta=20 (56, 14, 2, 2, 2, 1, 1, 1, 1): a = 0  [7s]
delta=20 (62, 8, 2, 2, 2, 2, 2): a = 22  [2s]
delta=21 (65, 9, 2, 2, 2, 2, 1, 1): a = 3  [4s]
delta=21 (61, 13, 2, 2, 2, 2, 1, 1): a = 15  [4s]
delta=21 (64, 9, 2, 2, 2, 2, 2, 1): a = 19  [7s]
