delta= 1:    5 shapes,    5 nonzero, sum a=      5, sum aB=         5, max B=    1, max rows=     0, max C=     0, checked 5, mismatches 4  [0.0s]
   MISMATCH ((3, 1), 1, 1, 0)
   MISMATCH ((2, 2), 1, 1, 0)
   MISMATCH ((2, 1, 1), 1, 1, 0)
   MISMATCH ((1, 1, 1, 1), 1, 1, 0)
delta= 1:    5 shapes,    1 nonzero, sum a=      1, sum aB=         1, max B=    1, max rows=     0, max C=     0, checked 5, mismatches 0  [0.0s]
delta= 2:   22 shapes,    3 nonzero, sum a=      3, sum aB=         3, max B=    1, max rows=     1, max C=     1, checked 22, mismatches 0  [0.0s]
delta= 3:   63 shapes,    8 nonzero, sum a=      8, sum aB=        14, max B=    3, max rows=     2, max C=     5, checked 63, mismatches 0  [0.3s]
delta= 4:  127 shapes,   20 nonzero, sum a=     24, sum aB=        78, max B=    6, max rows=     8, max C=    15, checked 127, mismatches 0  [2.5s]
delta= 5:  189 shapes,   40 nonzero, sum a=     61, sum aB=       425, max B=   14, max rows=    22, max C=    46, checked 189, mismatches 0  [14.7s]
delta= 6:  183 shapes,   47 nonzero, sum a=    115, sum aB=      1790, max B=   26, max rows=    59, max C=   119, checked 183, mismatches 0  [42.3s]
delta= 7:  152 shapes,   49 nonzero, sum a=    170, sum aB=      5023, max B=   51, max rows=   127, max C=   258, checked 152, mismatches 0  [70.2s]
delta= 8:  101 shapes,   46 nonzero, sum a=    203, sum aB=      9447, max B=   89, max rows=   218, max C=   479, checked 0, mismatches 0  [79.4s]
delta= 9:   53 shapes,   39 nonzero, sum a=    195, sum aB=     11811, max B=  118, max rows=   339, max C=   713, checked 0, mismatches 0  [72.1s]
delta=10:   23 shapes,   21 nonzero, sum a=    137, sum aB=      9220, max B=  128, max rows=   391, max C=   820, checked 23, mismatches 0  [43.2s]
delta=11:    3 shapes,    3 nonzero, sum a=     31, sum aB=      2553, max B=   95, max rows=   311, max C=   647, checked 0, mismatches 0  [6.4s]
delta=12:    1 shapes,    1 nonzero, sum a=      2, sum aB=        62, max B=   31, max rows=   123, max C=   239, checked 1, mismatches 0  [0.2s]
delta= 1:    5 shapes,    1 nonzero, sum a=      1, sum aB=         1, max B=    1, max rows=     0, max C=     0, checked 0, mismatches 0  [0.0s]
delta= 2:   22 shapes,    3 nonzero, sum a=      3, sum aB=         3, max B=    1, max rows=     1, max C=     1, checked 0, mismatches 0  [0.0s]
delta= 3:   63 shapes,    8 nonzero, sum a=      8, sum aB=        14, max B=    3, max rows=     2, max C=     5, checked 0, mismatches 0  [0.8s]
delta= 4:  127 shapes,   20 nonzero, sum a=     24, sum aB=        78, max B=    6, max rows=     8, max C=    15, checked 0, mismatches 0  [9.6s]
delta= 5:  189 shapes,   40 nonzero, sum a=     61, sum aB=       425, max B=   14, max rows=    22, max C=    46, checked 0, mismatches 0  [52.3s]
delta= 6:  183 shapes,   47 nonzero, sum a=    115, sum aB=      1790, max B=   26, max rows=    59, max C=   119, checked 0, mismatches 0  [150.2s]
delta= 7:  152 shapes,   49 nonzero, sum a=    170, sum aB=      5023, max B=   51, max rows=   127, max C=   258, checked 0, mismatches 0  [247.7s]
delta= 1:    5 shapes,    1 nonzero, sum a=      1, sum aB=         1, max B=    1, max rows=     0, max C=     0, checked 0, mismatches 0  [0.0s]
delta= 2:   22 shapes,    3 nonzero, sum a=      3, sum aB=         3, max B=    1, max rows=     1, max C=     1, checked 0, mismatches 0  [0.0s]
delta= 3:   63 shapes,    8 nonzero, sum a=      8, sum aB=        14, max B=    3, max rows=     2, max C=     5, checked 0, mismatches 0  [0.2s]
delta= 4:  127 shapes,   20 nonzero, sum a=     24, sum aB=        78, max B=    6, max rows=     8, max C=    15, checked 0, mismatches 0  [2.4s]
delta= 5:  189 shapes,   40 nonzero, sum a=     61, sum aB=       425, max B=   14, max rows=    22, max C=    46, checked 0, mismatches 0  [13.3s]
delta= 6:  183 shapes,   47 nonzero, sum a=    115, sum aB=      1790, max B=   26, max rows=    59, max C=   119, checked 0, mismatches 0  [39.4s]
delta= 7:  152 shapes,   49 nonzero, sum a=    170, sum aB=      5023, max B=   51, max rows=   127, max C=   258, checked 0, mismatches 0  [68.7s]
delta= 8:  101 shapes,   46 nonzero, sum a=    203, sum aB=      9447, max B=   89, max rows=   218, max C=   479, checked 0, mismatches 0  [75.1s]
delta= 9:   53 shapes,   39 nonzero, sum a=    195, sum aB=     11811, max B=  118, max rows=   339, max C=   713, checked 0, mismatches 0  [72.6s]
delta=10:   23 shapes,   21 nonzero, sum a=    137, sum aB=      9220, max B=  128, max rows=   391, max C=   820, checked 23, mismatches 0  [41.8s]
delta=11:    3 shapes,    3 nonzero, sum a=     31, sum aB=      2553, max B=   95, max rows=   311, max C=   647, checked 0, mismatches 0  [6.0s]
delta=12:    1 shapes,    1 nonzero, sum a=      2, sum aB=        62, max B=   31, max rows=   123, max C=   239, checked 1, mismatches 0  [0.2s]
