[w0] shape 0 (57, 17, 2, 2, 2, 2, 2, 2, 2): 4374 Weyl terms [enumerated in 0.0s]
[w0] DONE shape 0 (57, 17, 2, 2, 2, 2, 2, 2, 2): a_22 = 272  (mult 1, 4374 terms, 180s)
[w0] shape 2 (58, 17, 2, 2, 2, 2, 2, 2, 1): 2916 Weyl terms [enumerated in 0.0s]
[w0] DONE shape 2 (58, 17, 2, 2, 2, 2, 2, 2, 1): a_22 = 199  (mult 2, 2916 terms, 76s)
[w0] shape 4 (59, 16, 2, 2, 2, 2, 2, 2, 1): 2916 Weyl terms [enumerated in 0.0s]
[w0] DONE shape 4 (59, 16, 2, 2, 2, 2, 2, 2, 1): a_22 = 163  (mult 4, 2916 terms, 80s)
[w0] shape 6 (59, 17, 2, 2, 2, 2, 2, 2): 1458 Weyl terms [enumerated in 0.0s]
[w0] DONE shape 6 (59, 17, 2, 2, 2, 2, 2, 2): a_22 = 245  (mult 3, 1458 terms, 22s)
[w0] shape 8 (60, 15, 2, 2, 2, 2, 2, 2, 1): 2916 Weyl terms [enumerated in 0.0s]
[w0] DONE shape 8 (60, 15, 2, 2, 2, 2, 2, 2, 1): a_22 = 130  (mult 6, 2916 terms, 83s)
[w0] shape 10 (60, 16, 2, 2, 2, 2, 2, 2): 1458 Weyl terms [enumerated in 0.0s]
[w0] DONE shape 10 (60, 16, 2, 2, 2, 2, 2, 2): a_22 = 215  (mult 6, 1458 terms, 20s)
[w0] shape 12 (61, 13, 2, 2, 2, 2, 2, 2, 2): 4374 Weyl terms [enumerated in 0.0s]
[w0] DONE shape 12 (61, 13, 2, 2, 2, 2, 2, 2, 2): a_22 = 109  (mult 5, 4374 terms, 227s)
[w0] shape 14 (61, 15, 2, 2, 2, 2, 2, 1, 1): 1944 Weyl terms [enumerated in 0.0s]
[w0] DONE shape 14 (61, 15, 2, 2, 2, 2, 2, 1, 1): a_22 = 28  (mult 3, 1944 terms, 64s)
[w0] shape 16 (61, 16, 2, 2, 2, 2, 2, 1): 972 Weyl terms [enumerated in 0.0s]
[w0] DONE shape 16 (61, 16, 2, 2, 2, 2, 2, 1): a_22 = 145  (mult 4, 972 terms, 18s)
[w0] shape 18 (62, 12, 2, 2, 2, 2, 2, 2, 2): 4374 Weyl terms [enumerated in 0.0s]
[w0] DONE shape 18 (62, 12, 2, 2, 2, 2, 2, 2, 2): a_22 = 88  (mult 4, 4374 terms, 222s)
[w0] shape 20 (62, 14, 2, 2, 2, 2, 2, 1, 1): 1944 Weyl terms [enumerated in 0.0s]
[w0] DONE shape 20 (62, 14, 2, 2, 2, 2, 2, 1, 1): a_22 = 19  (mult 4, 1944 terms, 59s)
[w0] shape 22 (62, 15, 2, 2, 2, 2, 2, 1): 972 Weyl terms [enumerated in 0.0s]
[w0] DONE shape 22 (62, 15, 2, 2, 2, 2, 2, 1): a_22 = 118  (mult 6, 972 terms, 18s)
[w0] shape 24 (63, 11, 2, 2, 2, 2, 2, 2, 2): 4374 Weyl terms [enumerated in 0.0s]
[w0] DONE shape 24 (63, 11, 2, 2, 2, 2, 2, 2, 2): a_22 = 60  (mult 3, 4374 terms, 243s)
[w0] shape 26 (63, 13, 2, 2, 2, 2, 2, 1, 1): 1944 Weyl terms [enumerated in 0.0s]
[w0] DONE shape 26 (63, 13, 2, 2, 2, 2, 2, 1, 1): a_22 = 16  (mult 3, 1944 terms, 59s)
[w0] shape 28 (63, 14, 2, 2, 2, 2, 2, 1): 972 Weyl terms [enumerated in 0.0s]
[w0] DONE shape 28 (63, 14, 2, 2, 2, 2, 2, 1): a_22 = 94  (mult 6, 972 terms, 17s)
[w0] shape 30 (64, 10, 2, 2, 2, 2, 2, 2, 2): 4374 Weyl terms [enumerated in 0.0s]
[w0] DONE shape 30 (64, 10, 2, 2, 2, 2, 2, 2, 2): a_22 = 47  (mult 2, 4374 terms, 116s)
[w0] shape 32 (64, 12, 2, 2, 2, 2, 2, 1, 1): 1944 Weyl terms [enumerated in 0.0s]
[w0] DONE shape 32 (64, 12, 2, 2, 2, 2, 2, 1, 1): a_22 = 10  (mult 2, 1944 terms, 28s)
[w0] shape 34 (64, 13, 2, 2, 2, 2, 2, 1): 972 Weyl terms [enumerated in 0.0s]
[w0] DONE shape 34 (64, 13, 2, 2, 2, 2, 2, 1): a_22 = 73  (mult 4, 972 terms, 8s)
[w0] shape 36 (65, 9, 2, 2, 2, 2, 2, 2, 2): 4374 Weyl terms [enumerated in 0.0s]
[w0] DONE shape 36 (65, 9, 2, 2, 2, 2, 2, 2, 2): a_22 = 29  (mult 1, 4374 terms, 105s)
[w0] shape 38 (65, 11, 2, 2, 2, 2, 2, 1, 1): 1944 Weyl terms [enumerated in 0.0s]
[w0] DONE shape 38 (65, 11, 2, 2, 2, 2, 2, 1, 1): a_22 = 8  (mult 1, 1944 terms, 27s)
[w0] shape 40 (65, 12, 2, 2, 2, 2, 2, 1): 972 Weyl terms [enumerated in 0.0s]
[w0] DONE shape 40 (65, 12, 2, 2, 2, 2, 2, 1): a_22 = 55  (mult 2, 972 terms, 8s)
