delta= 1:    5 shapes,    1 nonzero, sum a=      1, sum aB=         1, max B=    1, max rows=     0, max C=     0, checked 5, mismatches 0  [0.0s]
delta= 2:   22 shapes,    3 nonzero, sum a=      3, sum aB=         3, max B=    1, max rows=     1, max C=     1, checked 22, mismatches 0  [0.0s]
delta= 3:   63 shapes,    8 nonzero, sum a=      8, sum aB=        14, max B=    3, max rows=     2, max C=     5, checked 63, mismatches 0  [0.6s]
delta= 4:  127 shapes,   20 nonzero, sum a=     24, sum aB=        78, max B=    6, max rows=     8, max C=    15, checked 127, mismatches 0  [2.7s]
delta= 5:  199 shapes,   42 nonzero, sum a=     63, sum aB=       428, max B=   14, max rows=    22, max C=    46, checked 199, mismatches 0  [14.4s]
delta= 6:  271 shapes,   72 nonzero, sum a=    154, sum aB=      2055, max B=   26, max rows=    59, max C=   119, checked 271, mismatches 0  [47.6s]
delta= 7:  343 shapes,  113 nonzero, sum a=    337, sum aB=      8524, max B=   51, max rows=   127, max C=   258, checked 343, mismatches 0  [119.5s]
delta= 1:    5 shapes,    1 nonzero, sum a=      1, sum aB=         1, max B=    1, max rows=     0, max C=     0, checked 5, mismatches 0  [0.0s]
delta= 2:   22 shapes,    3 nonzero, sum a=      3, sum aB=         3, max B=    1, max rows=     1, max C=     1, checked 22, mismatches 0  [0.0s]
delta= 3:   63 shapes,    8 nonzero, sum a=      8, sum aB=        14, max B=    3, max rows=     2, max C=     5, checked 63, mismatches 0  [0.2s]
delta= 4:  127 shapes,   20 nonzero, sum a=     24, sum aB=        78, max B=    6, max rows=     8, max C=    15, checked 127, mismatches 0  [2.4s]
delta= 5:  199 shapes,   42 nonzero, sum a=     63, sum aB=       428, max B=   14, max rows=    22, max C=    46, checked 199, mismatches 0  [14.5s]
delta= 6:  271 shapes,   72 nonzero, sum a=    154, sum aB=      2055, max B=   26, max rows=    59, max C=   119, checked 271, mismatches 0  [46.6s]
delta= 7:  343 shapes,  113 nonzero, sum a=    337, sum aB=      8524, max B=   51, max rows=   127, max C=   258, checked 343, mismatches 0  [114.8s]
delta= 8:  415 shapes,  162 nonzero, sum a=    690, sum aB=     30638, max B=   89, max rows=   275, max C=   563, checked 415, mismatches 0  [210.8s]
delta= 1:    5 shapes,    1 nonzero, sum a=      1, sum aB=         1, max B=    1, max rows=     0, max C=     0, checked 5, mismatches 0  [0.0s]
delta= 2:   22 shapes,    3 nonzero, sum a=      3, sum aB=         3, max B=    1, max rows=     1, max C=     1, checked 22, mismatches 0  [0.0s]
delta= 3:   63 shapes,    8 nonzero, sum a=      8, sum aB=        14, max B=    3, max rows=     2, max C=     5, checked 63, mismatches 0  [0.2s]
delta= 4:  127 shapes,   20 nonzero, sum a=     24, sum aB=        78, max B=    6, max rows=     8, max C=    15, checked 127, mismatches 0  [2.4s]
delta= 5:  199 shapes,   42 nonzero, sum a=     63, sum aB=       428, max B=   14, max rows=    22, max C=    46, checked 199, mismatches 0  [13.9s]
delta= 6:  271 shapes,   72 nonzero, sum a=    154, sum aB=      2055, max B=   26, max rows=    59, max C=   119, checked 271, mismatches 0  [56.1s]
delta= 7:  343 shapes,  113 nonzero, sum a=    337, sum aB=      8524, max B=   51, max rows=   127, max C=   258, checked 343, mismatches 0  [184.7s]
delta= 8:  415 shapes,  162 nonzero, sum a=    690, sum aB=     30638, max B=   89, max rows=   275, max C=   563, checked 415, mismatches 0  [219.8s]
delta= 9:  486 shapes,  220 nonzero, sum a=   1308, sum aB=     97241, max B=  152, max rows=   489, max C=  1004, checked 0, mismatches 0  [547.5s]
delta= 1:    5 shapes,    1 nonzero, sum a=      1, sum aB=         1, max B=    1, max rows=     0, max C=     0, checked 5, mismatches 0  [0.0s]
delta= 2:   22 shapes,    3 nonzero, sum a=      3, sum aB=         3, max B=    1, max rows=     1, max C=     1, checked 22, mismatches 0  [0.0s]
delta= 3:   63 shapes,    8 nonzero, sum a=      8, sum aB=        14, max B=    3, max rows=     2, max C=     5, checked 63, mismatches 0  [0.0s]
delta= 4:  127 shapes,   20 nonzero, sum a=     24, sum aB=        78, max B=    6, max rows=     8, max C=    15, checked 127, mismatches 0  [0.3s]
delta= 5:  199 shapes,   42 nonzero, sum a=     63, sum aB=       428, max B=   14, max rows=    22, max C=    46, checked 199, mismatches 0  [1.2s]
delta= 6:  271 shapes,   72 nonzero, sum a=    154, sum aB=      2055, max B=   26, max rows=    59, max C=   119, checked 271, mismatches 0  [3.5s]
delta= 7:  343 shapes,  113 nonzero, sum a=    337, sum aB=      8524, max B=   51, max rows=   127, max C=   258, checked 343, mismatches 0  [8.6s]
delta= 8:  415 shapes,  162 nonzero, sum a=    690, sum aB=     30638, max B=   89, max rows=   275, max C=   563, checked 415, mismatches 0  [15.9s]
delta= 9:  486 shapes,  220 nonzero, sum a=   1308, sum aB=     97241, max B=  152, max rows=   489, max C=  1004, checked 0, mismatches 0  [27.3s]
delta=10:  545 shapes,  264 nonzero, sum a=   2309, sum aB=    276333, max B=  237, max rows=   884, max C=  1817, checked 23, mismatches 0  [39.4s]
delta=11:  577 shapes,  283 nonzero, sum a=   3687, sum aB=    697267, max B=  370, max rows=  1415, max C=  2918, checked 0, mismatches 0  [52.6s]
delta=12:  585 shapes,  292 nonzero, sum a=   5257, sum aB=   1509655, max B=  531, max rows=  2201, max C=  4545, checked 1, mismatches 0  [66.2s]
delta=13:  585 shapes,  292 nonzero, sum a=   6705, sum aB=   2742280, max B=  761, max rows=  3285, max C=  6792, checked 1, mismatches 0  [86.0s]
delta=14:  585 shapes,  292 nonzero, sum a=   7837, sum aB=   4193766, max B= 1032, max rows=  4590, max C=  9508, checked 1, mismatches 0  [113.0s]
delta=15:  585 shapes,  292 nonzero, sum a=   8632, sum aB=   5563030, max B= 1304, max rows=  5839, max C= 12123, checked 1, mismatches 0  [141.7s]
delta=16:  585 shapes,  292 nonzero, sum a=   9147, sum aB=   6651913, max B= 1548, max rows=  6993, max C= 14535, checked 1, mismatches 0  [175.1s]
delta=17:  575 shapes,  290 nonzero, sum a=   9459, sum aB=   7416426, max B= 1768, max rows=  7872, max C= 16382, checked 1, mismatches 0  [185.9s]
delta=18:  441 shapes,  247 nonzero, sum a=   9457, sum aB=   7895323, max B= 1935, max rows=  8419, max C= 17537, checked 1, mismatches 0  [199.2s]
delta=19:  314 shapes,  199 nonzero, sum a=   9012, sum aB=   8091452, max B= 2041, max rows=  8739, max C= 18213, checked 1, mismatches 0  [200.0s]
delta=20:  194 shapes,  147 nonzero, sum a=   8065, sum aB=   7905874, max B= 2104, max rows=  8911, max C= 18579, checked 1, mismatches 0  [190.3s]
delta=21:  100 shapes,   90 nonzero, sum a=   6586, sum aB=   7183944, max B= 2139, max rows=  8996, max C= 18760, checked 1, mismatches 0  [168.7s]
delta=22:   42 shapes,   42 nonzero, sum a=   4563, sum aB=   5761475, max B= 2157, max rows=  9033, max C= 18840, checked 42, mismatches 0  [129.4s]
delta=23:   12 shapes,   12 nonzero, sum a=   2168, sum aB=   3449051, max B= 2165, max rows=  9047, max C= 18870, checked 12, mismatches 0  [77.0s]
delta=24:    1 shapes,    1 nonzero, sum a=    274, sum aB=    594032, max B= 2168, max rows=  8100, max C= 17778, checked 1, mismatches 0  [13.8s]
