[w1] shape 1 (58, 16, 2, 2, 2, 2, 2, 2, 2): 4374 Weyl terms [enumerated in 0.0s]
[w1] DONE shape 1 (58, 16, 2, 2, 2, 2, 2, 2, 2): a_22 = 234  (mult 2, 4374 terms, 168s)
[w1] shape 3 (59, 15, 2, 2, 2, 2, 2, 2, 2): 4374 Weyl terms [enumerated in 0.0s]
[w1] DONE shape 3 (59, 15, 2, 2, 2, 2, 2, 2, 2): a_22 = 180  (mult 3, 4374 terms, 180s)
[w1] shape 5 (59, 17, 2, 2, 2, 2, 2, 1, 1): 1944 Weyl terms [enumerated in 0.0s]
[w1] DONE shape 5 (59, 17, 2, 2, 2, 2, 2, 1, 1): a_22 = 43  (mult 1, 1944 terms, 35s)
[w1] shape 7 (60, 14, 2, 2, 2, 2, 2, 2, 2): 4374 Weyl terms [enumerated in 0.0s]
[w1] DONE shape 7 (60, 14, 2, 2, 2, 2, 2, 2, 2): a_22 = 150  (mult 4, 4374 terms, 205s)
[w1] shape 9 (60, 16, 2, 2, 2, 2, 2, 1, 1): 1944 Weyl terms [enumerated in 0.0s]
[w1] DONE shape 9 (60, 16, 2, 2, 2, 2, 2, 1, 1): a_22 = 32  (mult 2, 1944 terms, 66s)
[w1] shape 11 (60, 17, 2, 2, 2, 2, 2, 1): 972 Weyl terms [enumerated in 0.0s]
[w1] DONE shape 11 (60, 17, 2, 2, 2, 2, 2, 1): a_22 = 175  (mult 2, 972 terms, 19s)
[w1] shape 13 (61, 14, 2, 2, 2, 2, 2, 2, 1): 2916 Weyl terms [enumerated in 0.0s]
[w1] DONE shape 13 (61, 14, 2, 2, 2, 2, 2, 2, 1): a_22 = 102  (mult 8, 2916 terms, 123s)
[w1] shape 15 (61, 15, 2, 2, 2, 2, 2, 2): 1458 Weyl terms [enumerated in 0.0s]
[w1] DONE shape 15 (61, 15, 2, 2, 2, 2, 2, 2): a_22 = 166  (mult 9, 1458 terms, 40s)
[w1] shape 17 (61, 17, 2, 2, 2, 2, 2): 486 Weyl terms [enumerated in 0.0s]
[w1] DONE shape 17 (61, 17, 2, 2, 2, 2, 2): a_22 = 211  (mult 1, 486 terms, 6s)
[w1] shape 19 (62, 13, 2, 2, 2, 2, 2, 2, 1): 2916 Weyl terms [enumerated in 0.0s]
[w1] DONE shape 19 (62, 13, 2, 2, 2, 2, 2, 2, 1): a_22 = 78  (mult 8, 2916 terms, 102s)
[w1] shape 21 (62, 14, 2, 2, 2, 2, 2, 2): 1458 Weyl terms [enumerated in 0.0s]
[w1] DONE shape 21 (62, 14, 2, 2, 2, 2, 2, 2): a_22 = 141  (mult 10, 1458 terms, 19s)
[w1] shape 23 (62, 16, 2, 2, 2, 2, 2): 486 Weyl terms [enumerated in 0.0s]
[w1] DONE shape 23 (62, 16, 2, 2, 2, 2, 2): a_22 = 187  (mult 2, 486 terms, 3s)
[w1] shape 25 (63, 12, 2, 2, 2, 2, 2, 2, 1): 2916 Weyl terms [enumerated in 0.0s]
[w1] DONE shape 25 (63, 12, 2, 2, 2, 2, 2, 2, 1): a_22 = 58  (mult 6, 2916 terms, 105s)
[w1] shape 27 (63, 13, 2, 2, 2, 2, 2, 2): 1458 Weyl terms [enumerated in 0.0s]
[w1] DONE shape 27 (63, 13, 2, 2, 2, 2, 2, 2): a_22 = 103  (mult 9, 1458 terms, 37s)
[w1] shape 29 (63, 15, 2, 2, 2, 2, 2): 486 Weyl terms [enumerated in 0.0s]
[w1] DONE shape 29 (63, 15, 2, 2, 2, 2, 2): a_22 = 146  (mult 3, 486 terms, 6s)
[w1] shape 31 (64, 11, 2, 2, 2, 2, 2, 2, 1): 2916 Weyl terms [enumerated in 0.0s]
[w1] DONE shape 31 (64, 11, 2, 2, 2, 2, 2, 2, 1): a_22 = 41  (mult 4, 2916 terms, 104s)
[w1] shape 33 (64, 12, 2, 2, 2, 2, 2, 2): 1458 Weyl terms [enumerated in 0.0s]
[w1] DONE shape 33 (64, 12, 2, 2, 2, 2, 2, 2): a_22 = 85  (mult 6, 1458 terms, 35s)
[w1] shape 35 (64, 14, 2, 2, 2, 2, 2): 486 Weyl terms [enumerated in 0.0s]
[w1] DONE shape 35 (64, 14, 2, 2, 2, 2, 2): a_22 = 127  (mult 2, 486 terms, 6s)
[w1] shape 37 (65, 10, 2, 2, 2, 2, 2, 2, 1): 2916 Weyl terms [enumerated in 0.0s]
[w1] DONE shape 37 (65, 10, 2, 2, 2, 2, 2, 2, 1): a_22 = 29  (mult 2, 2916 terms, 99s)
[w1] shape 39 (65, 11, 2, 2, 2, 2, 2, 2): 1458 Weyl terms [enumerated in 0.0s]
[w1] DONE shape 39 (65, 11, 2, 2, 2, 2, 2, 2): a_22 = 58  (mult 3, 1458 terms, 33s)
[w1] shape 41 (65, 13, 2, 2, 2, 2, 2): 486 Weyl terms [enumerated in 0.0s]
[w1] DONE shape 41 (65, 13, 2, 2, 2, 2, 2): a_22 = 94  (mult 1, 486 terms, 5s)
