rho = (7, 2, 2, 1, 1): a_inf = 1, raw weight space 2182, targets [980, 1661, 1048, 1380], nnz 11412  [0.8s build]
    kernel p=2147483647 attempt 0: nullity(R.E) = 1 (a_inf 1), verified on E: True  [4.3s nullspace]
  p=2147483647: nullity 1 = a_inf, rank K 1, G rank 1 -> i_det^inf = 0; covariance PASS; random-vector control fails 4/4 raisings  [5.9s]
    kernel p=2147483629 attempt 0: nullity(R.E) = 1 (a_inf 1), verified on E: True  [4.2s nullspace]
  p=2147483629: nullity 1 = a_inf, rank K 1, G rank 1 -> i_det^inf = 0; covariance PASS; random-vector control fails 4/4 raisings  [5.4s]
  RESULT rho=(7, 2, 2, 1, 1): a_inf=1 nc=2182 mult_det^inf=1 i_det^inf=0 PROVED: i_det^inf = 0 (full rank at both primes; one suffices)  covariance PASS  (12.0s)
rho = (5, 5, 1, 1, 1): a_inf = 1, raw weight space 2480, targets [2258, 808, 1553, 1553], nnz 14655  [0.9s build]
    kernel p=2147483647 attempt 0: nullity(R.E) = 1 (a_inf 1), verified on E: True  [5.8s nullspace]
  p=2147483647: nullity 1 = a_inf, rank K 1, G rank 1 -> i_det^inf = 0; covariance PASS; random-vector control fails 4/4 raisings  [7.3s]
    kernel p=2147483629 attempt 0: nullity(R.E) = 1 (a_inf 1), verified on E: True  [5.9s nullspace]
  p=2147483629: nullity 1 = a_inf, rank K 1, G rank 1 -> i_det^inf = 0; covariance PASS; random-vector control fails 4/4 raisings  [7.2s]
  RESULT rho=(5, 5, 1, 1, 1): a_inf=1 nc=2480 mult_det^inf=1 i_det^inf=0 PROVED: i_det^inf = 0 (full rank at both primes; one suffices)  covariance PASS  (15.4s)
rho = (5, 3, 3, 2, 0): a_inf = 1, raw weight space 3246, targets [2198, 2755, 2088, 0], nnz 19084  [1.1s build]
    kernel p=2147483647 attempt 0: nullity(R.E) = 1 (a_inf 1), verified on E: True  [11.5s nullspace]
  p=2147483647: nullity 1 = a_inf, rank K 1, G rank 1 -> i_det^inf = 0; covariance PASS; random-vector control fails 3/4 raisings  [13.8s]
    kernel p=2147483629 attempt 0: nullity(R.E) = 1 (a_inf 1), verified on E: True  [11.5s nullspace]
  p=2147483629: nullity 1 = a_inf, rank K 1, G rank 1 -> i_det^inf = 0; covariance PASS; random-vector control fails 3/4 raisings  [13.9s]
  RESULT rho=(5, 3, 3, 2, 0): a_inf=1 nc=3246 mult_det^inf=1 i_det^inf=0 PROVED: i_det^inf = 0 (full rank at both primes; one suffices)  covariance PASS  (28.7s)
rho = (6, 3, 2, 1, 1): a_inf = 2, raw weight space 3513, targets [2182, 2258, 1668, 2198], nnz 20292  [1.3s build]
    kernel p=2147483647 attempt 0: nullity(R.E) = 2 (a_inf 2), verified on E: True  [14.3s nullspace]
  p=2147483647: nullity 2 = a_inf, rank K 2, G rank 2 -> i_det^inf = 0; covariance PASS; random-vector control fails 4/4 raisings  [16.7s]
    kernel p=2147483629 attempt 0: nullity(R.E) = 2 (a_inf 2), verified on E: True  [14.5s nullspace]
  p=2147483629: nullity 2 = a_inf, rank K 2, G rank 2 -> i_det^inf = 0; covariance PASS; random-vector control fails 4/4 raisings  [17.2s]
  RESULT rho=(6, 3, 2, 1, 1): a_inf=2 nc=3513 mult_det^inf=2 i_det^inf=0 PROVED: i_det^inf = 0 (full rank at both primes; one suffices)  covariance PASS  (35.2s)
rho = (5, 4, 2, 1, 1): a_inf = 2, raw weight space 4419, targets [3513, 2480, 2088, 2755], nnz 27406  [1.6s build]
    kernel p=2147483647 attempt 0: nullity(R.E) = 2 (a_inf 2), verified on E: True  [25.1s nullspace]
  p=2147483647: nullity 2 = a_inf, rank K 2, G rank 2 -> i_det^inf = 0; covariance PASS; random-vector control fails 4/4 raisings  [29.7s]
    kernel p=2147483629 attempt 0: nullity(R.E) = 2 (a_inf 2), verified on E: True  [25.1s nullspace]
  p=2147483629: nullity 2 = a_inf, rank K 2, G rank 2 -> i_det^inf = 0; covariance PASS; random-vector control fails 4/4 raisings  [28.8s]
  RESULT rho=(5, 4, 2, 1, 1): a_inf=2 nc=4419 mult_det^inf=2 i_det^inf=0 PROVED: i_det^inf = 0 (full rank at both primes; one suffices)  covariance PASS  (60.2s)
rho = (5, 3, 3, 1, 1): a_inf = 1, raw weight space 5240, targets [3513, 4419, 2088, 3246], nnz 33186  [2.0s build]
    kernel p=2147483647 attempt 0: nullity(R.E) = 1 (a_inf 1), verified on E: True  [40.5s nullspace]
  p=2147483647: nullity 1 = a_inf, rank K 1, G rank 1 -> i_det^inf = 0; covariance PASS; random-vector control fails 4/4 raisings  [46.2s]
    kernel p=2147483629 attempt 0: nullity(R.E) = 1 (a_inf 1), verified on E: True  [39.9s nullspace]
  p=2147483629: nullity 1 = a_inf, rank K 1, G rank 1 -> i_det^inf = 0; covariance PASS; random-vector control fails 4/4 raisings  [43.9s]
  RESULT rho=(5, 3, 3, 1, 1): a_inf=1 nc=5240 mult_det^inf=1 i_det^inf=0 PROVED: i_det^inf = 0 (full rank at both primes; one suffices)  covariance PASS  (92.0s)
rho = (4, 4, 2, 2, 1): a_inf = 3, raw weight space 7927, targets [6922, 4419, 5996, 3716], nnz 54491  [3.1s build]
    kernel p=2147483647 attempt 0: nullity(R.E) = 3 (a_inf 3), verified on E: True  [116.0s nullspace]
  p=2147483647: nullity 3 = a_inf, rank K 3, G rank 3 -> i_det^inf = 0; covariance PASS; random-vector control fails 4/4 raisings  [129.9s]
    kernel p=2147483629 attempt 0: nullity(R.E) = 3 (a_inf 3), verified on E: True  [119.1s nullspace]
  p=2147483629: nullity 3 = a_inf, rank K 3, G rank 3 -> i_det^inf = 0; covariance PASS; random-vector control fails 4/4 raisings  [128.9s]
  RESULT rho=(4, 4, 2, 2, 1): a_inf=3 nc=7927 mult_det^inf=3 i_det^inf=0 PROVED: i_det^inf = 0 (full rank at both primes; one suffices)  covariance PASS  (261.8s)
rho = (4, 3, 2, 2, 2): a_inf = 2, raw weight space 12479, targets [9166, 7927, 9418, 9418], nnz 88962  [5.2s build]
    kernel p=2147483647 attempt 0: nullity(R.E) = 2 (a_inf 2), verified on E: True  [392.1s nullspace]
  p=2147483647: nullity 2 = a_inf, rank K 2, G rank 2 -> i_det^inf = 0; covariance PASS; random-vector control fails 4/4 raisings  [434.2s]
    kernel p=2147483629 attempt 0: nullity(R.E) = 2 (a_inf 2), verified on E: True  [395.8s nullspace]
  p=2147483629: nullity 2 = a_inf, rank K 2, G rank 2 -> i_det^inf = 0; covariance PASS; random-vector control fails 4/4 raisings  [429.9s]
  RESULT rho=(4, 3, 2, 2, 2): a_inf=2 nc=12479 mult_det^inf=2 i_det^inf=0 PROVED: i_det^inf = 0 (full rank at both primes; one suffices)  covariance PASS  (869.4s)
rho = (6, 3, 3, 1, 0): a_inf = 4, raw weight space 1668, targets [1048, 1420, 698, 0], nnz 8694  [0.5s build]
    kernel p=2147483647 attempt 0: nullity(R.E) = 4 (a_inf 4), verified on E: True  [2.4s nullspace]
    kernel p=2147483647 attempt 0: nullity(R.E) = 31 (a_inf None), verified on E: True  [2.3s nullspace]
    partial control p=2147483647: dropped E_34, three-raising nullity 31, behaves: True
  p=2147483647: nullity 4 = a_inf, rank K 4, G rank 4 -> i_det^inf = 0; covariance PASS; random-vector control fails 3/4 raisings  [6.5s]
    kernel p=2147483629 attempt 0: nullity(R.E) = 4 (a_inf 4), verified on E: True  [2.3s nullspace]
    kernel p=2147483629 attempt 0: nullity(R.E) = 31 (a_inf None), verified on E: True  [2.2s nullspace]
    partial control p=2147483629: dropped E_34, three-raising nullity 31, behaves: True
  p=2147483629: nullity 4 = a_inf, rank K 4, G rank 4 -> i_det^inf = 0; covariance PASS; random-vector control fails 3/4 raisings  [6.3s]
  RESULT rho=(6, 3, 3, 1, 0): a_inf=4 nc=1668 mult_det^inf=4 i_det^inf=0 PROVED: i_det^inf = 0 (full rank at both primes; one suffices)  covariance PASS  (13.4s)
rho = (4, 4, 3, 2, 0): a_inf = 4, raw weight space 3716, targets [3246, 2755, 2388, 0], nnz 23341  [1.3s build]
    kernel p=2147483647 attempt 0: nullity(R.E) = 4 (a_inf 4), verified on E: True  [16.1s nullspace]
    kernel p=2147483647 attempt 0: nullity(R.E) = 46 (a_inf None), verified on E: True  [17.0s nullspace]
    partial control p=2147483647: dropped E_34, three-raising nullity 46, behaves: True
  p=2147483647: nullity 4 = a_inf, rank K 4, G rank 4 -> i_det^inf = 0; covariance PASS; random-vector control fails 3/4 raisings  [39.7s]
    kernel p=2147483629 attempt 0: nullity(R.E) = 4 (a_inf 4), verified on E: True  [16.1s nullspace]
    kernel p=2147483629 attempt 0: nullity(R.E) = 46 (a_inf None), verified on E: True  [16.5s nullspace]
    partial control p=2147483629: dropped E_34, three-raising nullity 46, behaves: True
  p=2147483629: nullity 4 = a_inf, rank K 4, G rank 4 -> i_det^inf = 0; covariance PASS; random-vector control fails 3/4 raisings  [38.9s]
  RESULT rho=(4, 4, 3, 2, 0): a_inf=4 nc=3716 mult_det^inf=4 i_det^inf=0 PROVED: i_det^inf = 0 (full rank at both primes; one suffices)  covariance PASS  (79.9s)
rho = (6, 2, 2, 2, 1): a_inf = 4, raw weight space 4636, targets [2182, 3513, 3513, 2198], nnz 27277  [1.7s build]
    kernel p=2147483647 attempt 0: nullity(R.E) = 4 (a_inf 4), verified on E: True  [28.0s nullspace]
    kernel p=2147483647 attempt 0: nullity(R.E) = 27 (a_inf None), verified on E: True  [27.9s nullspace]
    partial control p=2147483647: dropped E_45, three-raising nullity 27, behaves: True
  p=2147483647: nullity 4 = a_inf, rank K 4, G rank 4 -> i_det^inf = 0; covariance PASS; random-vector control fails 4/4 raisings  [66.7s]
    kernel p=2147483629 attempt 0: nullity(R.E) = 4 (a_inf 4), verified on E: True  [27.8s nullspace]
    kernel p=2147483629 attempt 0: nullity(R.E) = 27 (a_inf None), verified on E: True  [28.3s nullspace]
    partial control p=2147483629: dropped E_45, three-raising nullity 27, behaves: True
  p=2147483629: nullity 4 = a_inf, rank K 4, G rank 4 -> i_det^inf = 0; covariance PASS; random-vector control fails 4/4 raisings  [66.6s]
  RESULT rho=(6, 2, 2, 2, 1): a_inf=4 nc=4636 mult_det^inf=4 i_det^inf=0 PROVED: i_det^inf = 0 (full rank at both primes; one suffices)  covariance PASS  (135.0s)
rho = (5, 3, 2, 2, 1): a_inf = 4, raw weight space 6922, targets [4636, 4419, 5240, 3246], nnz 44659  [2.7s build]
    kernel p=2147483647 attempt 0: nullity(R.E) = 4 (a_inf 4), verified on E: True  [78.0s nullspace]
    kernel p=2147483647 attempt 0: nullity(R.E) = 28 (a_inf None), verified on E: True  [77.8s nullspace]
    partial control p=2147483647: dropped E_45, three-raising nullity 28, behaves: True
  p=2147483647: nullity 4 = a_inf, rank K 4, G rank 4 -> i_det^inf = 0; covariance PASS; random-vector control fails 4/4 raisings  [177.5s]
    kernel p=2147483629 attempt 0: nullity(R.E) = 4 (a_inf 4), verified on E: True  [77.6s nullspace]
    kernel p=2147483629 attempt 0: nullity(R.E) = 28 (a_inf None), verified on E: True  [77.5s nullspace]
    partial control p=2147483629: dropped E_45, three-raising nullity 28, behaves: True
  p=2147483629: nullity 4 = a_inf, rank K 4, G rank 4 -> i_det^inf = 0; covariance PASS; random-vector control fails 4/4 raisings  [177.9s]
  RESULT rho=(5, 3, 2, 2, 1): a_inf=4 nc=6922 mult_det^inf=4 i_det^inf=0 PROVED: i_det^inf = 0 (full rank at both primes; one suffices)  covariance PASS  (358.1s)
rho = (5, 2, 2, 2, 2): a_inf = 4, raw weight space 9166, targets [4636, 6922, 6922, 6922], nnz 60124  [3.7s build]
    kernel p=2147483647 attempt 0: nullity(R.E) = 4 (a_inf 4), verified on E: True  [163.2s nullspace]
    kernel p=2147483647 attempt 0: nullity(R.E) = 46 (a_inf None), verified on E: True  [164.5s nullspace]
    partial control p=2147483647: dropped E_45, three-raising nullity 46, behaves: True
  p=2147483647: nullity 4 = a_inf, rank K 4, G rank 4 -> i_det^inf = 0; covariance PASS; random-vector control fails 4/4 raisings  [369.2s]
    kernel p=2147483629 attempt 0: nullity(R.E) = 4 (a_inf 4), verified on E: True  [163.0s nullspace]
    kernel p=2147483629 attempt 0: nullity(R.E) = 46 (a_inf None), verified on E: True  [165.5s nullspace]
    partial control p=2147483629: dropped E_45, three-raising nullity 46, behaves: True
  p=2147483629: nullity 4 = a_inf, rank K 4, G rank 4 -> i_det^inf = 0; covariance PASS; random-vector control fails 4/4 raisings  [374.4s]
  RESULT rho=(5, 2, 2, 2, 2): a_inf=4 nc=9166 mult_det^inf=4 i_det^inf=0 PROVED: i_det^inf = 0 (full rank at both primes; one suffices)  covariance PASS  (747.3s)
DONE
