  sieve (19, 6, 2, 2, 2, 1) d8: cover(E) 7703/7707 by reversed (a=4, |U|=4, excess 0); cover(E_red) 4889/4890 (0.1s)
    hybrid[19_6_2_2_2_1d8] p=2147483647 attempt 0: |S|=7703 |U|=4 (a=4, excess 0) m=68 blocks 1x4 projected nullity 4, verified=True, rank 4 [split 0.0s trisolve 0.0s schur 0.0s null 0.0s lift 0.0s rank 0.0s]
    hybrid[19_6_2_2_2_1d8] p=2147483629 attempt 0: |S|=7703 |U|=4 (a=4, excess 0) m=68 blocks 1x4 projected nullity 4, verified=True, rank 4 [split 0.0s trisolve 0.0s schur 0.0s null 0.0s lift 0.0s rank 0.0s]
  RESULT (19, 6, 2, 2, 2, 1) d8: a=4 n_chi=7707 |U|=4 det=4 pad=4 per4=4 red(star)=4 red(pts)=4 i_det=0 i_pad=0 i_red=0 i_per4=0 D=0 D_R=0 pad<red=False  (1.6s, HWM 0.08 GB)
RESULT {"lam": [19, 6, 2, 2, 2, 1], "delta": 8, "ell": 6, "a": 4, "K": 12, "N_S": 36762, "stab": 6, "n_chi": 7707, "nrows": 79316, "nnz": 182901, "nfixed": 0, "build_secs": 0.8, "build_hwm_gb": 0.08, "route": "hybrid (length-general driver wk12_s79_cell6)", "cost_model": "s71 hybrid: build 2.1e-6 s per N_S*delta; evaluation rows 2.7e-8 s per point per N_S*delta", "NS_delta": 294096, "seeds": {"det
  sieve (14, 8, 7, 1, 1, 1) d8: cover(E) 10496/10542 by reversed (a=9, |U|=46, excess 37); cover(E_red) 9665/9708 (0.1s)
    hybrid[14_8_7_1_1_1d8] p=2147483647 attempt 0: |S|=10496 |U|=46 (a=9, excess 37) m=110 blocks 1x46 projected nullity 9, verified=True, rank 9 [split 0.0s trisolve 0.0s schur 0.0s null 0.0s lift 0.0s rank 0.0s]
    hybrid[14_8_7_1_1_1d8] p=2147483629 attempt 0: |S|=10496 |U|=46 (a=9, excess 37) m=110 blocks 1x46 projected nullity 9, verified=True, rank 9 [split 0.0s trisolve 0.0s schur 0.0s null 0.0s lift 0.0s rank 0.0s]
  RESULT (14, 8, 7, 1, 1, 1) d8: a=9 n_chi=10542 |U|=46 det=9 pad=8 per4=9 red(star)=8 red(pts)=8 i_det=0 i_pad=1 i_red=1 i_per4=0 D=-1 D_R=-1 pad<red=False  (3.7s, HWM 0.13 GB)
RESULT {"lam": [14, 8, 7, 1, 1, 1], "delta": 8, "ell": 6, "a": 9, "K": 17, "N_S": 138895, "stab": 6, "n_chi": 10542, "nrows": 30446, "nnz": 108765, "nfixed": 24234, "build_secs": 2.3, "build_hwm_gb": 0.12, "route": "hybrid (length-general driver wk12_s79_cell6)", "cost_model": "s71 hybrid: build 2.1e-6 s per N_S*delta; evaluation rows 2.7e-8 s per point per N_S*delta", "NS_delta": 1111160, "seeds"
  sieve (17, 12, 4, 1, 1, 1) d9: cover(E) 7011/7025 by reversed (a=8, |U|=14, excess 6); cover(E_red) 6291/6305 (0.1s)
    hybrid[17_12_4_1_1_1d9] p=2147483647 attempt 0: |S|=7011 |U|=14 (a=8, excess 6) m=78 blocks 1x14 projected nullity 8, verified=True, rank 8 [split 0.0s trisolve 0.0s schur 0.0s null 0.0s lift 0.0s rank 0.0s]
    hybrid[17_12_4_1_1_1d9] p=2147483629 attempt 0: |S|=7011 |U|=14 (a=8, excess 6) m=78 blocks 1x14 projected nullity 8, verified=True, rank 8 [split 0.0s trisolve 0.0s schur 0.0s null 0.0s lift 0.0s rank 0.0s]
  RESULT (17, 12, 4, 1, 1, 1) d9: a=8 n_chi=7025 |U|=14 det=8 pad=7 per4=8 red(star)=7 red(pts)=7 i_det=0 i_pad=1 i_red=1 i_per4=0 D=-1 D_R=-1 pad<red=False  (2.9s, HWM 0.11 GB)
RESULT {"lam": [17, 12, 4, 1, 1, 1], "delta": 9, "ell": 6, "a": 8, "K": 16, "N_S": 99929, "stab": 6, "n_chi": 7025, "nrows": 21930, "nnz": 69076, "nfixed": 19131, "build_secs": 1.8, "build_hwm_gb": 0.1, "route": "hybrid (length-general driver wk12_s79_cell6)", "cost_model": "s71 hybrid: build 2.1e-6 s per N_S*delta; evaluation rows 2.7e-8 s per point per N_S*delta", "NS_delta": 899361, "seeds": {"
  sieve (16, 13, 4, 1, 1, 1) d9: cover(E) 7765/7783 by reversed (a=7, |U|=18, excess 11); cover(E_red) 7093/7111 (0.1s)
    hybrid[16_13_4_1_1_1d9] p=2147483647 attempt 0: |S|=7765 |U|=18 (a=7, excess 11) m=82 blocks 1x18 projected nullity 7, verified=True, rank 7 [split 0.0s trisolve 0.0s schur 0.0s null 0.0s lift 0.0s rank 0.0s]
    hybrid[16_13_4_1_1_1d9] p=2147483629 attempt 0: |S|=7765 |U|=18 (a=7, excess 11) m=82 blocks 1x18 projected nullity 7, verified=True, rank 7 [split 0.0s trisolve 0.0s schur 0.0s null 0.0s lift 0.0s rank 0.0s]
  RESULT (16, 13, 4, 1, 1, 1) d9: a=7 n_chi=7783 |U|=18 det=7 pad=6 per4=7 red(star)=6 red(pts)=6 i_det=0 i_pad=1 i_red=1 i_per4=0 D=-1 D_R=-1 pad<red=False  (3.1s, HWM 0.11 GB)
RESULT {"lam": [16, 13, 4, 1, 1, 1], "delta": 9, "ell": 6, "a": 7, "K": 15, "N_S": 109853, "stab": 6, "n_chi": 7783, "nrows": 24421, "nnz": 77955, "nfixed": 21387, "build_secs": 2.0, "build_hwm_gb": 0.11, "route": "hybrid (length-general driver wk12_s79_cell6)", "cost_model": "s71 hybrid: build 2.1e-6 s per N_S*delta; evaluation rows 2.7e-8 s per point per N_S*delta", "NS_delta": 988677, "seeds": 
  sieve (19, 9, 5, 1, 1, 1) d9: cover(E) 7248/7265 by reversed (a=12, |U|=17, excess 5); cover(E_red) 6121/6136 (0.1s)
    hybrid[19_9_5_1_1_1d9] p=2147483647 attempt 0: |S|=7248 |U|=17 (a=12, excess 5) m=81 blocks 1x17 projected nullity 12, verified=True, rank 12 [split 0.0s trisolve 0.0s schur 0.0s null 0.0s lift 0.0s rank 0.0s]
    hybrid[19_9_5_1_1_1d9] p=2147483629 attempt 0: |S|=7248 |U|=17 (a=12, excess 5) m=81 blocks 1x17 projected nullity 12, verified=True, rank 12 [split 0.0s trisolve 0.0s schur 0.0s null 0.0s lift 0.0s rank 0.0s]
  RESULT (19, 9, 5, 1, 1, 1) d9: a=12 n_chi=7265 |U|=17 det=12 pad=12 per4=12 red(star)=12 red(pts)=12 i_det=0 i_pad=0 i_red=0 i_per4=0 D=0 D_R=0 pad<red=False  (3.4s, HWM 0.11 GB)
RESULT {"lam": [19, 9, 5, 1, 1, 1], "delta": 9, "ell": 6, "a": 12, "K": 20, "N_S": 102129, "stab": 6, "n_chi": 7265, "nrows": 21676, "nnz": 70022, "nfixed": 18432, "build_secs": 2.0, "build_hwm_gb": 0.1, "route": "hybrid (length-general driver wk12_s79_cell6)", "cost_model": "s71 hybrid: build 2.1e-6 s per N_S*delta; evaluation rows 2.7e-8 s per point per N_S*delta", "NS_delta": 919161, "seeds": {
  sieve (22, 6, 2, 2, 2, 2) d9: cover(E) 8221/8230 by reversed (a=8, |U|=9, excess 1); cover(E_red) 5385/5386 (0.2s)
    hybrid[22_6_2_2_2_2d9] p=2147483647 attempt 0: |S|=8221 |U|=9 (a=8, excess 1) m=73 blocks 1x9 projected nullity 8, verified=True, rank 8 [split 0.0s trisolve 0.0s schur 0.0s null 0.0s lift 0.0s rank 0.0s]
    hybrid[22_6_2_2_2_2d9] p=2147483629 attempt 0: |S|=8221 |U|=9 (a=8, excess 1) m=73 blocks 1x9 projected nullity 8, verified=True, rank 8 [split 0.0s trisolve 0.0s schur 0.0s null 0.0s lift 0.0s rank 0.0s]
  RESULT (22, 6, 2, 2, 2, 2) d9: a=8 n_chi=8230 |U|=9 det=8 pad=8 per4=8 red(star)=8 red(pts)=8 i_det=0 i_pad=0 i_red=0 i_per4=0 D=0 D_R=0 pad<red=False  (6.8s, HWM 0.13 GB)
RESULT {"lam": [22, 6, 2, 2, 2, 2], "delta": 9, "ell": 6, "a": 8, "K": 16, "N_S": 128602, "stab": 24, "n_chi": 8230, "nrows": 173866, "nnz": 369305, "nfixed": 0, "build_secs": 4.4, "build_hwm_gb": 0.12, "route": "hybrid (length-general driver wk12_s79_cell6)", "cost_model": "s71 hybrid: build 2.1e-6 s per N_S*delta; evaluation rows 2.7e-8 s per point per N_S*delta", "NS_delta": 1157418, "seeds": {
  sieve (12, 9, 8, 1, 1, 1) d8: cover(E) 16465/16571 by reversed (a=6, |U|=106, excess 100); cover(E_red) 15928/16032 (0.1s)
    hybrid[12_9_8_1_1_1d8] p=2147483647 attempt 0: |S|=16465 |U|=106 (a=6, excess 100) m=170 blocks 1x106 projected nullity 6, verified=True, rank 6 [split 0.0s trisolve 0.0s schur 0.1s null 0.0s lift 0.0s rank 0.0s]
    hybrid[12_9_8_1_1_1d8] p=2147483629 attempt 0: |S|=16465 |U|=106 (a=6, excess 100) m=170 blocks 1x106 projected nullity 6, verified=True, rank 6 [split 0.0s trisolve 0.0s schur 0.1s null 0.0s lift 0.0s rank 0.0s]
  RESULT (12, 9, 8, 1, 1, 1) d8: a=6 n_chi=16571 |U|=106 det=6 pad=4 per4=6 red(star)=4 red(pts)=4 i_det=0 i_pad=2 i_red=2 i_per4=0 D=-2 D_R=-2 pad<red=False  (5.1s, HWM 0.15 GB)
RESULT {"lam": [12, 9, 8, 1, 1, 1], "delta": 8, "ell": 6, "a": 6, "K": 14, "N_S": 210553, "stab": 6, "n_chi": 16571, "nrows": 47904, "nnz": 182151, "nfixed": 37923, "build_secs": 3.4, "build_hwm_gb": 0.15, "route": "hybrid (length-general driver wk12_s79_cell6)", "cost_model": "s71 hybrid: build 2.1e-6 s per N_S*delta; evaluation rows 2.7e-8 s per point per N_S*delta", "NS_delta": 1684424, "seeds"
  sieve (19, 5, 3, 2, 2, 1) d8: cover(E) 29698/29705 by reversed (a=4, |U|=7, excess 3); cover(E_red) 18774/18776 (0.2s)
    hybrid[19_5_3_2_2_1d8] p=2147483647 attempt 0: |S|=29698 |U|=7 (a=4, excess 3) m=71 blocks 1x7 projected nullity 4, verified=True, rank 4 [split 0.0s trisolve 0.0s schur 0.0s null 0.0s lift 0.0s rank 0.0s]
    hybrid[19_5_3_2_2_1d8] p=2147483629 attempt 0: |S|=29698 |U|=7 (a=4, excess 3) m=71 blocks 1x7 projected nullity 4, verified=True, rank 4 [split 0.0s trisolve 0.0s schur 0.0s null 0.0s lift 0.0s rank 0.0s]
  RESULT (19, 5, 3, 2, 2, 1) d8: a=4 n_chi=29705 |U|=7 det=4 pad=4 per4=4 red(star)=4 red(pts)=4 i_det=0 i_pad=0 i_red=0 i_per4=0 D=0 D_R=0 pad<red=False  (2.2s, HWM 0.1 GB)
RESULT {"lam": [19, 5, 3, 2, 2, 1], "delta": 8, "ell": 6, "a": 4, "K": 12, "N_S": 55153, "stab": 2, "n_chi": 29705, "nrows": 138808, "nnz": 379986, "nfixed": 0, "build_secs": 0.9, "build_hwm_gb": 0.09, "route": "hybrid (length-general driver wk12_s79_cell6)", "cost_model": "s71 hybrid: build 2.1e-6 s per N_S*delta; evaluation rows 2.7e-8 s per point per N_S*delta", "NS_delta": 441224, "seeds": {"d
  sieve (23, 5, 3, 2, 2, 1) d9: cover(E) 31020/31027 by reversed (a=4, |U|=7, excess 3); cover(E_red) 19006/19008 (0.2s)
    hybrid[23_5_3_2_2_1d9] p=2147483647 attempt 0: |S|=31020 |U|=7 (a=4, excess 3) m=71 blocks 1x7 projected nullity 4, verified=True, rank 4 [split 0.0s trisolve 0.0s schur 0.0s null 0.0s lift 0.1s rank 0.1s]
    hybrid[23_5_3_2_2_1d9] p=2147483629 attempt 0: |S|=31020 |U|=7 (a=4, excess 3) m=71 blocks 1x7 projected nullity 4, verified=True, rank 4 [split 0.0s trisolve 0.0s schur 0.0s null 0.0s lift 0.0s rank 0.0s]
  RESULT (23, 5, 3, 2, 2, 1) d9: a=4 n_chi=31027 |U|=7 det=4 pad=4 per4=4 red(star)=4 red(pts)=4 i_det=0 i_pad=0 i_red=0 i_per4=0 D=0 D_R=0 pad<red=False  (2.7s, HWM 0.1 GB)
RESULT {"lam": [23, 5, 3, 2, 2, 1], "delta": 9, "ell": 6, "a": 4, "K": 12, "N_S": 57498, "stab": 2, "n_chi": 31027, "nrows": 144814, "nnz": 395038, "nfixed": 0, "build_secs": 1.2, "build_hwm_gb": 0.09, "route": "hybrid (length-general driver wk12_s79_cell6)", "cost_model": "s71 hybrid: build 2.1e-6 s per N_S*delta; evaluation rows 2.7e-8 s per point per N_S*delta", "NS_delta": 517482, "seeds": {"d
  sieve (27, 5, 3, 2, 2, 1) d10: cover(E) 31376/31383 by reversed (a=4, |U|=7, excess 3); cover(E_red) 19035/19037 (0.2s)
    hybrid[27_5_3_2_2_1d10] p=2147483647 attempt 0: |S|=31376 |U|=7 (a=4, excess 3) m=71 blocks 1x7 projected nullity 4, verified=True, rank 4 [split 0.0s trisolve 0.0s schur 0.0s null 0.0s lift 0.0s rank 0.0s]
    hybrid[27_5_3_2_2_1d10] p=2147483629 attempt 0: |S|=31376 |U|=7 (a=4, excess 3) m=71 blocks 1x7 projected nullity 4, verified=True, rank 4 [split 0.0s trisolve 0.0s schur 0.0s null 0.0s lift 0.0s rank 0.0s]
  RESULT (27, 5, 3, 2, 2, 1) d10: a=4 n_chi=31383 |U|=7 det=4 pad=4 per4=4 red(star)=4 red(pts)=4 i_det=0 i_pad=0 i_red=0 i_per4=0 D=0 D_R=0 pad<red=False  (2.6s, HWM 0.11 GB)
RESULT {"lam": [27, 5, 3, 2, 2, 1], "delta": 10, "ell": 6, "a": 4, "K": 12, "N_S": 58103, "stab": 2, "n_chi": 31383, "nrows": 146456, "nnz": 398722, "nfixed": 0, "build_secs": 1.2, "build_hwm_gb": 0.09, "route": "hybrid (length-general driver wk12_s79_cell6)", "cost_model": "s71 hybrid: build 2.1e-6 s per N_S*delta; evaluation rows 2.7e-8 s per point per N_S*delta", "NS_delta": 581030, "seeds": {"
DONE
