== results/s79_stable/stable_6_3_3_1.json: rho = (6, 3, 3, 1, 0), recorded a_inf = 4, status: PROVED: i_det^inf = 0 (full rank at both primes; one suffices)
  [1] weight space: 1668 monomials, matches record as a set: True
  [2] a_inf by own Weyl alternation: 4 (record 4): True
  [3] p=2147483647: 4 kernel vectors killed by all four raisings mod p: True; rank mod p = 4 (a_inf 4): True
  [4] p=2147483647: G (12 x 4) recomputed from det(tI - A(s)) by Leibniz: matches record entry by entry: True; rank 4 (record mult 4): True
  [5] p=2147483647: covariance (A_{i+1} -> A_{i+1} + eps A_i, 4 raisings, eps [1, 7, 999]) on recomputed values: PASS (record PASS)
  [3] p=2147483629: 4 kernel vectors killed by all four raisings mod p: True; rank mod p = 4 (a_inf 4): True
  [4] p=2147483629: G (12 x 4) recomputed from det(tI - A(s)) by Leibniz: matches record entry by entry: True; rank 4 (record mult 4): True
  [5] p=2147483629: covariance (A_{i+1} -> A_{i+1} + eps A_i, 4 raisings, eps [1, 7, 999]) on recomputed values: PASS (record PASS)
  [3b] p=2147483647: own E (3166 x 1668, nnz 8694), rank(R E) = 1664, so nullity_p(E) <= 4 (a_inf 4): True
  [3b] p=2147483629: own E (3166 x 1668, nnz 8694), rank(R E) = 1664, so nullity_p(E) <= 4 (a_inf 4): True
  [6] verdict recomputed: i_det^inf = 0 (PROVED: full rank); record i_det_inf = 0
  ==> ALL CHECKS PASS
== results/s79_stable/stable_4_4_3_2.json: rho = (4, 4, 3, 2, 0), recorded a_inf = 4, status: PROVED: i_det^inf = 0 (full rank at both primes; one suffices)
  [1] weight space: 3716 monomials, matches record as a set: True
  [2] a_inf by own Weyl alternation: 4 (record 4): True
  [3] p=2147483647: 4 kernel vectors killed by all four raisings mod p: True; rank mod p = 4 (a_inf 4): True
  [4] p=2147483647: G (12 x 4) recomputed from det(tI - A(s)) by Leibniz: matches record entry by entry: True; rank 4 (record mult 4): True
  [5] p=2147483647: covariance (A_{i+1} -> A_{i+1} + eps A_i, 4 raisings, eps [1, 7, 999]) on recomputed values: PASS (record PASS)
  [3] p=2147483629: 4 kernel vectors killed by all four raisings mod p: True; rank mod p = 4 (a_inf 4): True
  [4] p=2147483629: G (12 x 4) recomputed from det(tI - A(s)) by Leibniz: matches record entry by entry: True; rank 4 (record mult 4): True
  [5] p=2147483629: covariance (A_{i+1} -> A_{i+1} + eps A_i, 4 raisings, eps [1, 7, 999]) on recomputed values: PASS (record PASS)
  [3b] p=2147483647: own E (8389 x 3716, nnz 23341), rank(R E) = 3712, so nullity_p(E) <= 4 (a_inf 4): True
  [3b] p=2147483629: own E (8389 x 3716, nnz 23341), rank(R E) = 3712, so nullity_p(E) <= 4 (a_inf 4): True
  [6] verdict recomputed: i_det^inf = 0 (PROVED: full rank); record i_det_inf = 0
  ==> ALL CHECKS PASS
== results/s79_stable/stable_6_2_2_2_1.json: rho = (6, 2, 2, 2, 1), recorded a_inf = 4, status: PROVED: i_det^inf = 0 (full rank at both primes; one suffices)
  [1] weight space: 4636 monomials, matches record as a set: True
  [2] a_inf by own Weyl alternation: 4 (record 4): True
  [3] p=2147483647: 4 kernel vectors killed by all four raisings mod p: True; rank mod p = 4 (a_inf 4): True
  [4] p=2147483647: G (12 x 4) recomputed from det(tI - A(s)) by Leibniz: matches record entry by entry: True; rank 4 (record mult 4): True
  [5] p=2147483647: covariance (A_{i+1} -> A_{i+1} + eps A_i, 4 raisings, eps [1, 7, 999]) on recomputed values: PASS (record PASS)
  [3] p=2147483629: 4 kernel vectors killed by all four raisings mod p: True; rank mod p = 4 (a_inf 4): True
  [4] p=2147483629: G (12 x 4) recomputed from det(tI - A(s)) by Leibniz: matches record entry by entry: True; rank 4 (record mult 4): True
  [5] p=2147483629: covariance (A_{i+1} -> A_{i+1} + eps A_i, 4 raisings, eps [1, 7, 999]) on recomputed values: PASS (record PASS)
  [3b] p=2147483647: own E (11406 x 4636, nnz 27277), rank(R E) = 4632, so nullity_p(E) <= 4 (a_inf 4): True
  [3b] p=2147483629: own E (11406 x 4636, nnz 27277), rank(R E) = 4632, so nullity_p(E) <= 4 (a_inf 4): True
  [6] verdict recomputed: i_det^inf = 0 (PROVED: full rank); record i_det_inf = 0
  ==> ALL CHECKS PASS
== results/s79_stable/stable_5_3_2_2_1.json: rho = (5, 3, 2, 2, 1), recorded a_inf = 4, status: PROVED: i_det^inf = 0 (full rank at both primes; one suffices)
  [1] weight space: 6922 monomials, matches record as a set: True
  [2] a_inf by own Weyl alternation: 4 (record 4): True
  [3] p=2147483647: 4 kernel vectors killed by all four raisings mod p: True; rank mod p = 4 (a_inf 4): True
  [4] p=2147483647: G (12 x 4) recomputed from det(tI - A(s)) by Leibniz: matches record entry by entry: True; rank 4 (record mult 4): True
  [5] p=2147483647: covariance (A_{i+1} -> A_{i+1} + eps A_i, 4 raisings, eps [1, 7, 999]) on recomputed values: PASS (record PASS)
  [3] p=2147483629: 4 kernel vectors killed by all four raisings mod p: True; rank mod p = 4 (a_inf 4): True
  [4] p=2147483629: G (12 x 4) recomputed from det(tI - A(s)) by Leibniz: matches record entry by entry: True; rank 4 (record mult 4): True
  [5] p=2147483629: covariance (A_{i+1} -> A_{i+1} + eps A_i, 4 raisings, eps [1, 7, 999]) on recomputed values: PASS (record PASS)
  [3b] p=2147483647: own E (17541 x 6922, nnz 44659), rank(R E) = 6918, so nullity_p(E) <= 4 (a_inf 4): True
  [3b] p=2147483629: own E (17541 x 6922, nnz 44659), rank(R E) = 6918, so nullity_p(E) <= 4 (a_inf 4): True
  [6] verdict recomputed: i_det^inf = 0 (PROVED: full rank); record i_det_inf = 0
  ==> ALL CHECKS PASS
== results/s79_stable/stable_5_2_2_2_2.json: rho = (5, 2, 2, 2, 2), recorded a_inf = 4, status: PROVED: i_det^inf = 0 (full rank at both primes; one suffices)
  [1] weight space: 9166 monomials, matches record as a set: True
  [2] a_inf by own Weyl alternation: 4 (record 4): True
  [3] p=2147483647: 4 kernel vectors killed by all four raisings mod p: True; rank mod p = 4 (a_inf 4): True
  [4] p=2147483647: G (12 x 4) recomputed from det(tI - A(s)) by Leibniz: matches record entry by entry: True; rank 4 (record mult 4): True
  [5] p=2147483647: covariance (A_{i+1} -> A_{i+1} + eps A_i, 4 raisings, eps [1, 7, 999]) on recomputed values: PASS (record PASS)
  [3] p=2147483629: 4 kernel vectors killed by all four raisings mod p: True; rank mod p = 4 (a_inf 4): True
  [4] p=2147483629: G (12 x 4) recomputed from det(tI - A(s)) by Leibniz: matches record entry by entry: True; rank 4 (record mult 4): True
  [5] p=2147483629: covariance (A_{i+1} -> A_{i+1} + eps A_i, 4 raisings, eps [1, 7, 999]) on recomputed values: PASS (record PASS)
  [3b] p=2147483647: own E (25402 x 9166, nnz 60124), rank(R E) = 9162, so nullity_p(E) <= 4 (a_inf 4): True
  [3b] p=2147483629: own E (25402 x 9166, nnz 60124), rank(R E) = 9162, so nullity_p(E) <= 4 (a_inf 4): True
  [6] verdict recomputed: i_det^inf = 0 (PROVED: full rank); record i_det_inf = 0
  ==> ALL CHECKS PASS
