[PASS] u is the last exponent index in the wk8_s30_core ordering, resolved not assumed  {'index': 494}
[PASS] gen p=2147483647: my msym_u agrees with the stored u_symbol at all 282 points  {'first_mismatch': None}
[PASS] gen p=2147483647: no delivered point is a u-zero  {'zeros': []}
[PASS] det p=2147483647: my msym_u agrees with the stored u_symbol at all 282 points  {'first_mismatch': None}
[PASS] det p=2147483647: no delivered point is a u-zero  {'zeros': []}
[PASS] pad p=2147483647: my msym_u agrees with the stored u_symbol at all 282 points  {'first_mismatch': None}
[PASS] pad p=2147483647: no delivered point is a u-zero  {'zeros': []}
[PASS] red p=2147483647: my msym_u agrees with the stored u_symbol at all 282 points  {'first_mismatch': None}
[PASS] red p=2147483647: no delivered point is a u-zero  {'zeros': []}
[PASS] per4 p=2147483647: my msym_u agrees with the stored u_symbol at all 282 points  {'first_mismatch': None}
[PASS] per4 p=2147483647: no delivered point is a u-zero  {'zeros': []}
[PASS] gen p=2147483647: rank 274, nullity 0 (s74 says 274)  {'rank': 274, 'nullity': 0}
[PASS] det p=2147483647: rank 273, nullity 1 (s74 says 273)  {'rank': 273, 'nullity': 1}
[PASS] pad p=2147483647: rank 269, nullity 5 (s74 says 269)  {'rank': 269, 'nullity': 5}
[PASS] red p=2147483647: rank 269, nullity 5 (s74 says 269)  {'rank': 269, 'nullity': 5}
[PASS] per4 p=2147483647: rank 274, nullity 0 (s74 says 274)  {'rank': 274, 'nullity': 0}
[PASS] p=2147483647: the 274 transported births are a basis of M_24 (generic nullity 0)
[PASS] p=2147483647: i_per4 = 0 -- no equation of the unpadded per_4 pencils in this weight
[PASS] p=2147483647: U_R = U_P -- the padded and reducible kernels are the same 5-space, so mult_pad = mult_red  {'dim_pad': 5, 'dim_red': 5, 'dim_join': 5}
[PASS] p=2147483647: dim(U_D cap U_P) = 0 and U_D is not inside U_P  {'intersection': 0}
[PASS] p=2147483647: every padded kernel vector is supported on rungs <= 14, so the candidates are transported from the 39- and 93-dimensional cells  {'top_rungs': [13, 13, 13, 14, 14]}
[PASS] p=2147483647: no padded kernel vector touches the delta=24 birth row, so eps_pad = 0 and i_pad(24) = i_pad(23)
[PASS] p=2147483647: the LMR line y is nonzero at 282/282 pad points  {'nonzero': 282}
[PASS] p=2147483647: the LMR line y is nonzero at 282/282 red points  {'nonzero': 282}
[PASS] p=2147483647: the LMR line y is nonzero at 282/282 per4 points  {'nonzero': 282}
[PASS] p=2147483647: the LMR line y is nonzero at 282/282 gen points  {'nonzero': 282}
[PASS] p=2147483647: the whole five-column ladder agrees with s74
    delta    12   13   14   15   16   17   18   19   20   21   22   23   24
    i_det     0    0    0    0    0    0    0    0    0    0    0    0    1
    i_pad     0    3    5    5    5    5    5    5    5    5    5    5    5
    i_red     0    3    5    5    5    5    5    5    5    5    5    5    5
    i_per4    0    0    0    0    0    0    0    0    0    0    0    0    0
    D         0   -3   -5   -5   -5   -5   -5   -5   -5   -5   -5   -5   -4
[PASS] gen p=2147483629: my msym_u agrees with the stored u_symbol at all 282 points  {'first_mismatch': None}
[PASS] gen p=2147483629: no delivered point is a u-zero  {'zeros': []}
[PASS] det p=2147483629: my msym_u agrees with the stored u_symbol at all 282 points  {'first_mismatch': None}
[PASS] det p=2147483629: no delivered point is a u-zero  {'zeros': []}
[PASS] pad p=2147483629: my msym_u agrees with the stored u_symbol at all 282 points  {'first_mismatch': None}
[PASS] pad p=2147483629: no delivered point is a u-zero  {'zeros': []}
[PASS] red p=2147483629: my msym_u agrees with the stored u_symbol at all 282 points  {'first_mismatch': None}
[PASS] red p=2147483629: no delivered point is a u-zero  {'zeros': []}
[PASS] per4 p=2147483629: my msym_u agrees with the stored u_symbol at all 282 points  {'first_mismatch': None}
[PASS] per4 p=2147483629: no delivered point is a u-zero  {'zeros': []}
[PASS] gen p=2147483629: rank 274, nullity 0 (s74 says 274)  {'rank': 274, 'nullity': 0}
[PASS] det p=2147483629: rank 273, nullity 1 (s74 says 273)  {'rank': 273, 'nullity': 1}
[PASS] pad p=2147483629: rank 269, nullity 5 (s74 says 269)  {'rank': 269, 'nullity': 5}
[PASS] red p=2147483629: rank 269, nullity 5 (s74 says 269)  {'rank': 269, 'nullity': 5}
[PASS] per4 p=2147483629: rank 274, nullity 0 (s74 says 274)  {'rank': 274, 'nullity': 0}
[PASS] p=2147483629: the 274 transported births are a basis of M_24 (generic nullity 0)
[PASS] p=2147483629: i_per4 = 0 -- no equation of the unpadded per_4 pencils in this weight
[PASS] p=2147483629: U_R = U_P -- the padded and reducible kernels are the same 5-space, so mult_pad = mult_red  {'dim_pad': 5, 'dim_red': 5, 'dim_join': 5}
[PASS] p=2147483629: dim(U_D cap U_P) = 0 and U_D is not inside U_P  {'intersection': 0}
[PASS] p=2147483629: every padded kernel vector is supported on rungs <= 14, so the candidates are transported from the 39- and 93-dimensional cells  {'top_rungs': [13, 13, 13, 14, 14]}
[PASS] p=2147483629: no padded kernel vector touches the delta=24 birth row, so eps_pad = 0 and i_pad(24) = i_pad(23)
[PASS] p=2147483629: the LMR line y is nonzero at 282/282 pad points  {'nonzero': 282}
[PASS] p=2147483629: the LMR line y is nonzero at 282/282 red points  {'nonzero': 282}
[PASS] p=2147483629: the LMR line y is nonzero at 282/282 per4 points  {'nonzero': 282}
[PASS] p=2147483629: the LMR line y is nonzero at 282/282 gen points  {'nonzero': 282}
[PASS] p=2147483629: the whole five-column ladder agrees with s74
    delta    12   13   14   15   16   17   18   19   20   21   22   23   24
    i_det     0    0    0    0    0    0    0    0    0    0    0    0    1
    i_pad     0    3    5    5    5    5    5    5    5    5    5    5    5
    i_red     0    3    5    5    5    5    5    5    5    5    5    5    5
    i_per4    0    0    0    0    0    0    0    0    0    0    0    0    0
    D         0   -3   -5   -5   -5   -5   -5   -5   -5   -5   -5   -5   -4
[PASS] both primes give the same nullities on every column

RESULT OK (54/54)
