weight 13, at most 5 parts: 57 shapes
  a_inf = 0 : 10
  a_inf > 0 : 47
  a_inf <= 3: 11  (closed)
  a_inf =  4: 5
  closed by the quartic record (Prop. S, a = a_inf and mult_det = a): 8
  a_inf =  1: 1 open on BOTH instruments
  a_inf =  2: 3 open on BOTH instruments
  a_inf =  3: 1 open on BOTH instruments
  a_inf =  4: 3 open on BOTH instruments  [(4, 4, 3, 2, 0), (5, 3, 2, 2, 1), (6, 3, 3, 1, 0)]
  a_inf =  5: 4 open on BOTH instruments  [(4, 4, 4, 1, 0), (6, 5, 1, 1, 0), (8, 3, 1, 1, 0), (13, 0, 0, 0, 0)]
  a_inf =  7: 2 open on BOTH instruments  [(5, 5, 2, 1, 0), (12, 1, 0, 0, 0)]
  a_inf =  8: 2 open on BOTH instruments  [(5, 4, 4, 0, 0), (7, 3, 3, 0, 0)]
  a_inf =  9: 1 open on BOTH instruments  [(7, 4, 1, 1, 0)]
  a_inf = 10: 3 open on BOTH instruments  [(5, 4, 3, 1, 0), (6, 6, 1, 0, 0), (8, 2, 2, 1, 0)]
  a_inf = 11: 2 open on BOTH instruments  [(5, 4, 2, 2, 0), (7, 2, 2, 2, 0)]
  a_inf = 12: 3 open on BOTH instruments  [(6, 3, 2, 2, 0), (7, 6, 0, 0, 0), (10, 2, 1, 0, 0)]
  a_inf = 15: 2 open on BOTH instruments  [(7, 3, 2, 1, 0), (11, 2, 0, 0, 0)]
  a_inf = 17: 1 open on BOTH instruments  [(9, 2, 2, 0, 0)]
  a_inf = 18: 1 open on BOTH instruments  [(8, 5, 0, 0, 0)]
  a_inf = 19: 4 open on BOTH instruments  [(6, 4, 3, 0, 0), (7, 5, 1, 0, 0), (9, 3, 1, 0, 0), (10, 3, 0, 0, 0)]
  a_inf = 20: 2 open on BOTH instruments  [(6, 4, 2, 1, 0), (6, 5, 2, 0, 0)]
  a_inf = 22: 1 open on BOTH instruments  [(9, 4, 0, 0, 0)]
  a_inf = 25: 1 open on BOTH instruments  [(8, 3, 2, 0, 0)]
  a_inf = 27: 1 open on BOTH instruments  [(8, 4, 1, 0, 0)]
  a_inf = 33: 1 open on BOTH instruments  [(7, 4, 2, 0, 0)]
  a_inf =  1: [(5, 3, 3, 1, 1), (5, 3, 3, 2, 0), (5, 5, 1, 1, 1), (7, 2, 2, 1, 1)]
