
===== rho = (6, 3, 3, 1, 0), a_inf claimed 4, raw 1668
[PASS] (6, 3, 3, 1, 0): the generator ordering is identified from the delivered monomials (asc)  {'ordering': 'asc'}
[PASS] (6, 3, 3, 1, 0): my weight space equals the delivered one as a set  {'mine': 1668, 'theirs': 1668}
[PASS] (6, 3, 3, 1, 0): my Weyl alternation gives a_inf = 4  {'mine': 4, 'theirs': 4}
[PASS] (6, 3, 3, 1, 0) p=2147483647: kernel dimension is a_inf
[PASS] (6, 3, 3, 1, 0) p=2147483647: E.v = 0 for every kernel vector on my raising rows  {'failures': 0}
[PASS] (6, 3, 3, 1, 0) p=2147483647: my G equals the delivered G entry by entry up to the global char-poly sign  {'sign': -1}
[PASS] (6, 3, 3, 1, 0) p=2147483647: rank of MY OWN G is 4 = a_inf, so i_det^inf = 0 over Q  {'rank': 4}
[PASS] (6, 3, 3, 1, 0) p=2147483629: kernel dimension is a_inf
[PASS] (6, 3, 3, 1, 0) p=2147483629: E.v = 0 for every kernel vector on my raising rows  {'failures': 0}
[PASS] (6, 3, 3, 1, 0) p=2147483629: my G equals the delivered G entry by entry up to the global char-poly sign  {'sign': -1}
[PASS] (6, 3, 3, 1, 0) p=2147483629: rank of MY OWN G is 4 = a_inf, so i_det^inf = 0 over Q  {'rank': 4}
[PASS] (6, 3, 3, 1, 0): every pencil matrix is traceless

===== rho = (4, 4, 3, 2, 0), a_inf claimed 4, raw 3716
[PASS] (4, 4, 3, 2, 0): the generator ordering is identified from the delivered monomials (asc)  {'ordering': 'asc'}
[PASS] (4, 4, 3, 2, 0): my weight space equals the delivered one as a set  {'mine': 3716, 'theirs': 3716}
[PASS] (4, 4, 3, 2, 0): my Weyl alternation gives a_inf = 4  {'mine': 4, 'theirs': 4}
[PASS] (4, 4, 3, 2, 0) p=2147483647: kernel dimension is a_inf
[PASS] (4, 4, 3, 2, 0) p=2147483647: E.v = 0 for every kernel vector on my raising rows  {'failures': 0}
[PASS] (4, 4, 3, 2, 0) p=2147483647: my G equals the delivered G entry by entry up to the global char-poly sign  {'sign': -1}
[PASS] (4, 4, 3, 2, 0) p=2147483647: rank of MY OWN G is 4 = a_inf, so i_det^inf = 0 over Q  {'rank': 4}
[PASS] (4, 4, 3, 2, 0) p=2147483629: kernel dimension is a_inf
[PASS] (4, 4, 3, 2, 0) p=2147483629: E.v = 0 for every kernel vector on my raising rows  {'failures': 0}
[PASS] (4, 4, 3, 2, 0) p=2147483629: my G equals the delivered G entry by entry up to the global char-poly sign  {'sign': -1}
[PASS] (4, 4, 3, 2, 0) p=2147483629: rank of MY OWN G is 4 = a_inf, so i_det^inf = 0 over Q  {'rank': 4}
[PASS] (4, 4, 3, 2, 0): every pencil matrix is traceless

===== rho = (6, 2, 2, 2, 1), a_inf claimed 4, raw 4636
[PASS] (6, 2, 2, 2, 1): the generator ordering is identified from the delivered monomials (asc)  {'ordering': 'asc'}
[PASS] (6, 2, 2, 2, 1): my weight space equals the delivered one as a set  {'mine': 4636, 'theirs': 4636}
[PASS] (6, 2, 2, 2, 1): my Weyl alternation gives a_inf = 4  {'mine': 4, 'theirs': 4}
[PASS] (6, 2, 2, 2, 1) p=2147483647: kernel dimension is a_inf
[PASS] (6, 2, 2, 2, 1) p=2147483647: E.v = 0 for every kernel vector on my raising rows  {'failures': 0}
[PASS] (6, 2, 2, 2, 1) p=2147483647: my G equals the delivered G entry by entry up to the global char-poly sign  {'sign': -1}
[PASS] (6, 2, 2, 2, 1) p=2147483647: rank of MY OWN G is 4 = a_inf, so i_det^inf = 0 over Q  {'rank': 4}
[PASS] (6, 2, 2, 2, 1) p=2147483629: kernel dimension is a_inf
[PASS] (6, 2, 2, 2, 1) p=2147483629: E.v = 0 for every kernel vector on my raising rows  {'failures': 0}
[PASS] (6, 2, 2, 2, 1) p=2147483629: my G equals the delivered G entry by entry up to the global char-poly sign  {'sign': -1}
[PASS] (6, 2, 2, 2, 1) p=2147483629: rank of MY OWN G is 4 = a_inf, so i_det^inf = 0 over Q  {'rank': 4}
[PASS] (6, 2, 2, 2, 1): every pencil matrix is traceless

===== rho = (5, 3, 2, 2, 1), a_inf claimed 4, raw 6922
[PASS] (5, 3, 2, 2, 1): the generator ordering is identified from the delivered monomials (asc)  {'ordering': 'asc'}
[PASS] (5, 3, 2, 2, 1): my weight space equals the delivered one as a set  {'mine': 6922, 'theirs': 6922}
[PASS] (5, 3, 2, 2, 1): my Weyl alternation gives a_inf = 4  {'mine': 4, 'theirs': 4}
[PASS] (5, 3, 2, 2, 1) p=2147483647: kernel dimension is a_inf
[PASS] (5, 3, 2, 2, 1) p=2147483647: E.v = 0 for every kernel vector on my raising rows  {'failures': 0}
[PASS] (5, 3, 2, 2, 1) p=2147483647: my G equals the delivered G entry by entry up to the global char-poly sign  {'sign': -1}
[PASS] (5, 3, 2, 2, 1) p=2147483647: rank of MY OWN G is 4 = a_inf, so i_det^inf = 0 over Q  {'rank': 4}
[PASS] (5, 3, 2, 2, 1) p=2147483629: kernel dimension is a_inf
[PASS] (5, 3, 2, 2, 1) p=2147483629: E.v = 0 for every kernel vector on my raising rows  {'failures': 0}
[PASS] (5, 3, 2, 2, 1) p=2147483629: my G equals the delivered G entry by entry up to the global char-poly sign  {'sign': -1}
[PASS] (5, 3, 2, 2, 1) p=2147483629: rank of MY OWN G is 4 = a_inf, so i_det^inf = 0 over Q  {'rank': 4}
[PASS] (5, 3, 2, 2, 1): every pencil matrix is traceless

===== rho = (5, 2, 2, 2, 2), a_inf claimed 4, raw 9166
[PASS] (5, 2, 2, 2, 2): the generator ordering is identified from the delivered monomials (asc)  {'ordering': 'asc'}
[PASS] (5, 2, 2, 2, 2): my weight space equals the delivered one as a set  {'mine': 9166, 'theirs': 9166}
[PASS] (5, 2, 2, 2, 2): my Weyl alternation gives a_inf = 4  {'mine': 4, 'theirs': 4}
[PASS] (5, 2, 2, 2, 2) p=2147483647: kernel dimension is a_inf
[PASS] (5, 2, 2, 2, 2) p=2147483647: E.v = 0 for every kernel vector on my raising rows  {'failures': 0}
[PASS] (5, 2, 2, 2, 2) p=2147483647: my G equals the delivered G entry by entry up to the global char-poly sign  {'sign': -1}
[PASS] (5, 2, 2, 2, 2) p=2147483647: rank of MY OWN G is 4 = a_inf, so i_det^inf = 0 over Q  {'rank': 4}
[PASS] (5, 2, 2, 2, 2) p=2147483629: kernel dimension is a_inf
[PASS] (5, 2, 2, 2, 2) p=2147483629: E.v = 0 for every kernel vector on my raising rows  {'failures': 0}
[PASS] (5, 2, 2, 2, 2) p=2147483629: my G equals the delivered G entry by entry up to the global char-poly sign  {'sign': -1}
[PASS] (5, 2, 2, 2, 2) p=2147483629: rank of MY OWN G is 4 = a_inf, so i_det^inf = 0 over Q  {'rank': 4}
[PASS] (5, 2, 2, 2, 2): every pencil matrix is traceless

RESULT OK (60/60)
