[PASS] the source has 274 entries and says it is complete
[PASS] the delivered rung histogram is the banked birth profile  {'profile': [2, 37, 54, 52, 43, 31, 22, 14, 9, 5, 3, 1, 1]}
[PASS] the entries themselves realise that histogram  {'counted': {12: 2, 13: 37, 14: 54, 15: 52, 16: 43, 17: 31, 18: 22, 19: 14, 20: 9, 21: 5, 22: 3, 23: 1, 24: 1}}
[PASS] every literal row is a filling of lambda_24 with n copies of 24 letters  {'offenders': []}
[PASS] every native filling has the rung it is filed under  {'offenders': []}
[PASS] every literal row is its native filling times u^(24-d), structurally  {'offenders': []}
[PASS] the 274 row keys are distinct
[PASS] det p=2147483647: every one of the 274 source rows has a value vector  {'missing': 0}
[PASS] det p=2147483647: the stored native matrix is 274 x 282
[PASS] det p=2147483647: my msym_u = 4! [s_1^4] f agrees with s74's u_symbol at all 282 points  {'first_mismatch': None}
[PASS] det p=2147483647: msym_u is nonzero at all 282 delivered points (a u-zero would void every transported row there)  {'u_zero_columns': []}
[PASS] det p=2147483647: rank over the full 274 rows is 273  {'rank': 273, 'nullity': 1}
[PASS] det p=2147483647: an independently chosen 273 x 273 minor is nonzero  {'minor': 1281560673, 'size': 273, 'first_row': 0, 'last_row': 272, 'first_col': 0, 'last_col': 272}
[PASS] det p=2147483647: exactly 273 rows are transported (native rung <= 23)  {'count': 273}
[PASS] det p=2147483647: rank on the transported delta=23 rows is 273  {'rank_23': 273, 'i_at_23': 0}
[PASS] det p=2147483647: s74's 1 claimed kernel vectors annihilate every column  {'failures': 0}
[PASS] det p=2147483647: my rank agrees with s74's decision file  {'mine': (273, 273), 'theirs': (273, 273)}
[PASS] det p=2147483629: every one of the 274 source rows has a value vector  {'missing': 0}
[PASS] det p=2147483629: the stored native matrix is 274 x 282
[PASS] det p=2147483629: my msym_u = 4! [s_1^4] f agrees with s74's u_symbol at all 282 points  {'first_mismatch': None}
[PASS] det p=2147483629: msym_u is nonzero at all 282 delivered points (a u-zero would void every transported row there)  {'u_zero_columns': []}
[PASS] det p=2147483629: rank over the full 274 rows is 273  {'rank': 273, 'nullity': 1}
[PASS] det p=2147483629: an independently chosen 273 x 273 minor is nonzero  {'minor': 1839473250, 'size': 273, 'first_row': 0, 'last_row': 272, 'first_col': 0, 'last_col': 272}
[PASS] det p=2147483629: exactly 273 rows are transported (native rung <= 23)  {'count': 273}
[PASS] det p=2147483629: rank on the transported delta=23 rows is 273  {'rank_23': 273, 'i_at_23': 0}
[PASS] det p=2147483629: s74's 1 claimed kernel vectors annihilate every column  {'failures': 0}
[PASS] det p=2147483629: my rank agrees with s74's decision file  {'mine': (273, 273), 'theirs': (273, 273)}
[PASS] pad p=2147483647: every one of the 274 source rows has a value vector  {'missing': 0}
[PASS] pad p=2147483647: the stored native matrix is 274 x 282
[PASS] pad p=2147483647: my msym_u = 4! [s_1^4] f agrees with s74's u_symbol at all 282 points  {'first_mismatch': None}
[PASS] pad p=2147483647: msym_u is nonzero at all 282 delivered points (a u-zero would void every transported row there)  {'u_zero_columns': []}
[PASS] pad p=2147483647: rank over the full 274 rows is 269  {'rank': 269, 'nullity': 5}
[PASS] pad p=2147483647: an independently chosen 269 x 269 minor is nonzero  {'minor': 1236200953, 'size': 269, 'first_row': 0, 'last_row': 273, 'first_col': 0, 'last_col': 268}
[PASS] pad p=2147483647: exactly 273 rows are transported (native rung <= 23)  {'count': 273}
[PASS] pad p=2147483647: rank on the transported delta=23 rows is 268  {'rank_23': 268, 'i_at_23': 5}
[PASS] pad p=2147483647: s74's 5 claimed kernel vectors annihilate every column  {'failures': 0}
[PASS] pad p=2147483647: my rank agrees with s74's decision file  {'mine': (269, 268), 'theirs': (269, 268)}
[PASS] pad p=2147483629: every one of the 274 source rows has a value vector  {'missing': 0}
[PASS] pad p=2147483629: the stored native matrix is 274 x 282
[PASS] pad p=2147483629: my msym_u = 4! [s_1^4] f agrees with s74's u_symbol at all 282 points  {'first_mismatch': None}
[PASS] pad p=2147483629: msym_u is nonzero at all 282 delivered points (a u-zero would void every transported row there)  {'u_zero_columns': []}
[PASS] pad p=2147483629: rank over the full 274 rows is 269  {'rank': 269, 'nullity': 5}
[PASS] pad p=2147483629: an independently chosen 269 x 269 minor is nonzero  {'minor': 1999071517, 'size': 269, 'first_row': 0, 'last_row': 273, 'first_col': 0, 'last_col': 268}
[PASS] pad p=2147483629: exactly 273 rows are transported (native rung <= 23)  {'count': 273}
[PASS] pad p=2147483629: rank on the transported delta=23 rows is 268  {'rank_23': 268, 'i_at_23': 5}
[PASS] pad p=2147483629: s74's 5 claimed kernel vectors annihilate every column  {'failures': 0}
[PASS] pad p=2147483629: my rank agrees with s74's decision file  {'mine': (269, 268), 'theirs': (269, 268)}

RESULT OK (47/47)
