      level 1: 60 prefixes
      level 2: 1270 prefixes
      level 3: 13044 prefixes
      level 4: 106926 prefixes
      level 5: 552574 prefixes
      level 6: 1680073 prefixes
      level 7: 3016741 prefixes
      level 8: 3503556 prefixes
      level 9: 3503556 prefixes
  lam=(13, 9, 9, 3, 1, 1): N_S=3503556 |Stab|=4 n_chi=732815 (orbits dropped: 288595) [lean, 4s, HWM 0.56 GB]
    E_01: |H|=2 targets 2848387 canonical rows 1188238 nnz 6759635 (obstructed fixed targets cancelled: 109145) [6s, HWM 0.73 GB]
    E_12: |H|=2 targets 3321172 canonical rows 1388602 nnz 6760082 (obstructed fixed targets cancelled: 93050) [14s, HWM 0.89 GB]
    E_23: |H|=2 targets 1692178 canonical rows 701015 nnz 3392264 (obstructed fixed targets cancelled: 51600) [17s, HWM 0.89 GB]
    E_34: |H|=2 targets 1247082 canonical rows 621633 nnz 1462654 (obstructed fixed targets cancelled: 1585) [20s, HWM 0.89 GB]
    E_45: |H|=2 targets 2037297 canonical rows 0 nnz 0 (obstructed fixed targets cancelled: 1254) [23s, HWM 0.91 GB]
  built (13, 9, 9, 3, 1, 1) d9: N_S=3503556 |Stab|=4 n_chi=732815 rows=3899488 nnz=18374635 (31s: mono 3s orbits 4s rows 24s; HWM 0.91 GB)
  [phase] {'phase': 'build', 'secs': 31.679, 'peak_rss_bytes': 974680064}
  [phase] {'phase': 'cover', 'secs': 2.247, 'peak_rss_bytes': 924860416, 'cover_size': 731538, 'nU': 1277}
  [phase] {'phase': 'schur', 'secs': 78.376, 'peak_rss_bytes': 2031529984, 'trisolve_secs': 15.686, 'schur_project_secs': 61.777, 'nullspace_secs': 0.517, 'nS': 731538, 'nU': 1277, 'ublock': 85, 'nblocks': 16}
  [phase] {'phase': 'lift_check', 'secs': 9.357, 'peak_rss_bytes': 3989716992, 'nullity': 70}
  [phase] {'phase': 'evaluation', 'secs': 33.147, 'peak_rss_bytes': 3038121984, 'npts': 78}
  RESULT 13_9_9_3_1_1_d9 p=2147483647: FULL RANK mod p: rank E = n_chi - a (cover + projected residual), a verified kernel vectors, nonzero a-minor of VK
