d=5: control sum a*dim = 16108764, binom(69+d,d) = 16108764, match=True
d=5: five-row cells with a>0: 23; total a over them = 23
    (4, 4, 4, 4, 4) a = 1
    (6, 4, 4, 4, 2) a = 1
    (6, 6, 4, 2, 2) a = 1
    (7, 4, 4, 4, 1) a = 1
    (7, 5, 4, 3, 1) a = 1
    (7, 6, 4, 2, 1) a = 1
    (7, 7, 4, 1, 1) a = 1
    (8, 4, 4, 2, 2) a = 1
    (8, 5, 4, 2, 1) a = 1
    (8, 5, 5, 1, 1) a = 1
    (8, 6, 2, 2, 2) a = 1
    (8, 6, 3, 2, 1) a = 1
    (8, 7, 3, 1, 1) a = 1
    (9, 4, 4, 2, 1) a = 1
    (9, 5, 3, 2, 1) a = 1
    (9, 5, 4, 1, 1) a = 1
    (9, 6, 2, 2, 1) a = 1
    (9, 7, 2, 1, 1) a = 1
    (10, 4, 2, 2, 2) a = 1
    (10, 5, 2, 2, 1) a = 1
    (10, 5, 3, 1, 1) a = 1
    (11, 4, 2, 2, 1) a = 1
    (12, 2, 2, 2, 2) a = 1
d=6: control sum a*dim = 201359550, binom(69+d,d) = 201359550, match=True
d=6: five-row cells with a>0: 105; total a over them = 240
    (10, 7, 4, 2, 1) a = 7
    (11, 6, 4, 2, 1) a = 7
    (10, 6, 4, 2, 2) a = 6
    (9, 7, 4, 3, 1) a = 5
    (9, 7, 5, 2, 1) a = 5
    (9, 8, 4, 2, 1) a = 5
    (10, 6, 5, 2, 1) a = 5
    (11, 7, 3, 2, 1) a = 5
    (12, 5, 4, 2, 1) a = 5
    (8, 6, 4, 4, 2) a = 4
    (8, 7, 5, 3, 1) a = 4
    (9, 6, 4, 4, 1) a = 4
    (10, 6, 4, 3, 1) a = 4
    (10, 7, 5, 1, 1) a = 4
    (10, 8, 3, 2, 1) a = 4
    (11, 5, 4, 3, 1) a = 4
    (11, 7, 4, 1, 1) a = 4
    (12, 6, 2, 2, 2) a = 4
    (12, 6, 3, 2, 1) a = 4
    (8, 6, 6, 2, 2) a = 3
    (8, 8, 4, 2, 2) a = 3
    (9, 6, 4, 3, 2) a = 3
    (9, 6, 5, 2, 2) a = 3
    (9, 6, 5, 3, 1) a = 3
    (10, 4, 4, 4, 2) a = 3
    (10, 5, 4, 4, 1) a = 3
    (10, 8, 2, 2, 2) a = 3
    (11, 5, 4, 2, 2) a = 3
    (11, 6, 3, 2, 2) a = 3
    (11, 8, 2, 2, 1) a = 3
    (12, 4, 4, 2, 2) a = 3
    (12, 7, 2, 2, 1) a = 3
    (12, 7, 3, 1, 1) a = 3
    (13, 5, 3, 2, 1) a = 3
    (13, 6, 2, 2, 1) a = 3
    (8, 4, 4, 4, 4) a = 2
    (8, 6, 5, 4, 1) a = 2
    (8, 7, 4, 3, 2) a = 2
    (8, 7, 4, 4, 1) a = 2
    (8, 7, 6, 2, 1) a = 2
    (8, 7, 7, 1, 1) a = 2
    (8, 8, 5, 2, 1) a = 2
    (9, 5, 4, 4, 2) a = 2
    (9, 6, 6, 2, 1) a = 2
    (9, 7, 4, 2, 2) a = 2
    (9, 7, 6, 1, 1) a = 2
    (9, 8, 3, 2, 2) a = 2
    (9, 8, 5, 1, 1) a = 2
    (9, 9, 4, 1, 1) a = 2
    (10, 5, 4, 3, 2) a = 2
    (10, 5, 5, 3, 1) a = 2
    (10, 7, 3, 2, 2) a = 2
    (10, 7, 3, 3, 1) a = 2
    (10, 8, 4, 1, 1) a = 2
    (10, 9, 2, 2, 1) a = 2
    (11, 4, 4, 4, 1) a = 2
    (11, 5, 5, 2, 1) a = 2
    (11, 6, 5, 1, 1) a = 2
    (11, 7, 2, 2, 2) a = 2
    (11, 8, 3, 1, 1) a = 2
    (12, 5, 5, 1, 1) a = 2
    (12, 6, 4, 1, 1) a = 2
    (13, 4, 4, 2, 1) a = 2
    (13, 5, 2, 2, 2) a = 2
    (13, 5, 4, 1, 1) a = 2
    (14, 4, 2, 2, 2) a = 2
    (14, 5, 2, 2, 1) a = 2
    (6, 6, 4, 4, 4) a = 1
    (6, 6, 6, 4, 2) a = 1
    (7, 6, 4, 4, 3) a = 1
    (7, 6, 5, 4, 2) a = 1
    (7, 6, 6, 3, 2) a = 1
    (7, 6, 6, 4, 1) a = 1
    (7, 7, 4, 3, 3) a = 1
    (7, 7, 5, 3, 2) a = 1
    (7, 7, 5, 4, 1) a = 1
    (7, 7, 6, 3, 1) a = 1
    (8, 5, 4, 4, 3) a = 1
    (8, 5, 5, 3, 3) a = 1
    (8, 6, 5, 3, 2) a = 1
    (8, 6, 6, 3, 1) a = 1
    (8, 7, 5, 2, 2) a = 1
    (8, 8, 4, 3, 1) a = 1
    (9, 4, 4, 4, 3) a = 1
    (9, 5, 5, 3, 2) a = 1
    (9, 5, 5, 4, 1) a = 1
    (9, 7, 3, 3, 2) a = 1
    (9, 8, 3, 3, 1) a = 1
    (9, 9, 3, 2, 1) a = 1
    (10, 9, 3, 1, 1) a = 1
    (11, 4, 4, 3, 2) a = 1
    (11, 6, 3, 3, 1) a = 1
    (11, 9, 2, 1, 1) a = 1
    (12, 4, 4, 3, 1) a = 1
    (12, 5, 3, 2, 2) a = 1
    (12, 5, 3, 3, 1) a = 1
    (12, 8, 2, 1, 1) a = 1
    (13, 4, 3, 2, 2) a = 1
    (13, 6, 3, 1, 1) a = 1
    (13, 7, 2, 1, 1) a = 1
    (14, 4, 3, 2, 1) a = 1
    (14, 5, 3, 1, 1) a = 1
    (15, 3, 2, 2, 2) a = 1
    (15, 4, 2, 2, 1) a = 1
    (16, 2, 2, 2, 2) a = 1
elapsed s: 2.94
