delta = 6, n = 4:  a>=2 and ell == 4 : 65  (closed by the containment theorem)
                   a>=2 and ell >= 5 : 71  (GENUINELY OPEN)

the ten cheapest open cells (weight-space dimension, lam, a, ell):
      1337  (14, 5, 2, 2, 1)       a=2 ell=5
      1824  (13, 5, 4, 1, 1)       a=2 ell=5
      1884  (12, 7, 3, 1, 1)       a=3 ell=5
      1910  (13, 6, 2, 2, 1)       a=3 ell=5
      2224  (11, 8, 3, 1, 1)       a=2 ell=5
      2337  (14, 4, 2, 2, 2)       a=2 ell=5
      2467  (12, 7, 2, 2, 1)       a=3 ell=5
      2553  (12, 6, 4, 1, 1)       a=2 ell=5
      2795  (12, 5, 5, 1, 1)       a=2 ell=5
      2800  (13, 5, 3, 2, 1)       a=3 ell=5

measuring every open cell with weight space <= 4000:
lam                      ell  a  |basis|  mult_det  mult_pad   D
(14, 5, 2, 2, 1)          5   2    1337     2         2      +0     [53s]
(13, 5, 4, 1, 1)          5   2    1824     2         2      +0     [122s]
(12, 7, 3, 1, 1)          5   3    1884     3         3      +0     [145s]
(13, 6, 2, 2, 1)          5   3    1910     3         3      +0     [152s]
(11, 8, 3, 1, 1)          5   2    2224     2         2      +0     [192s]
(14, 4, 2, 2, 2)          5   2    2337     2         2      +0     [126s]
(12, 7, 2, 2, 1)          5   3    2467     3         3      +0     [296s]
(12, 6, 4, 1, 1)          5   2    2553     2         2      +0     [364s]
(12, 5, 5, 1, 1)          5   2    2795     2         2      +0     [308s]
