lam                a  |basis| mult_det        mult_pad         D   verdict
(8, 6, 4, 2)      3    939   3 (=a? True)  3 (=a? True)  +0  no obstruction   [8.0s]
(9, 6, 4, 1)      3    414   3 (=a? True)  3 (=a? True)  +0  no obstruction   [1.5s]
(10, 4, 4, 2)     3    572   3 (=a? True)  3 (=a? True)  +0  no obstruction   [2.5s]
(10, 6, 2, 2)     3    352   3 (=a? True)  3 (=a? True)  +0  no obstruction   [1.2s]
(8, 4, 4, 4)      2   1550   2 (=a? True)  2 (=a? True)  +0  no obstruction   [24.1s]
(8, 7, 4, 1)      2    459   2 (=a? True)  2 (=a? True)  +0  no obstruction   [1.5s]
(8, 8, 2, 2)      2    427   2 (=a? True)  2 (=a? True)  +0  no obstruction   [1.1s]
(9, 5, 4, 2)      2    774   2 (=a? True)  2 (=a? True)  +0  no obstruction   [5.6s]
(9, 6, 3, 2)      2    625   2 (=a? True)  2 (=a? True)  +0  no obstruction   [4.0s]
(9, 7, 3, 1)      2    309   2 (=a? True)  2 (=a? True)  +0  no obstruction   [0.7s]
(10, 5, 4, 1)     2    331   2 (=a? True)  2 (=a? True)  +0  no obstruction   [1.0s]
(10, 6, 3, 1)     2    269   2 (=a? True)  2 (=a? True)  +0  no obstruction   [0.8s]
(10, 7, 2, 1)     2    175   2 (=a? True)  2 (=a? True)  +0  no obstruction   [3.8s]
(11, 4, 4, 1)     2    237   2 (=a? True)  2 (=a? True)  +0  no obstruction   [0.4s]
(11, 5, 2, 2)     2    269   2 (=a? True)  2 (=a? True)  +0  no obstruction   [0.6s]
(11, 5, 3, 1)     2    207   2 (=a? True)  2 (=a? True)  +0  no obstruction   [0.4s]
(11, 6, 2, 1)     2    147   2 (=a? True)  2 (=a? True)  +0  no obstruction   [2.3s]
(12, 4, 2, 2)     2    191   2 (=a? True)  2 (=a? True)  +0  no obstruction   [3.7s]
(12, 5, 2, 1)     2    112   2 (=a? True)  2 (=a? True)  +0  no obstruction   [1.1s]

weights with mult_det   < a : 0 of 19
weights with mult_pad   < a : 0 of 19
weights with D > 0          : 0
weights with D = 0          : 19
weights with D < 0          : 0
