length-3 weights with a >= 1, delta <= 7 : 135   (sweeping those with weight space <= 20000)
delta lam                dim    a  mult_det  mult_pad3  mult_pad2   D=pad3-det
  3   (7, 4, 1)              8   1     1 (=a)     1 (=a)     1 (=a)    +0   [0s]
  3   (8, 2, 2)              8   1     1 (=a)     1 (=a)     1 (=a)    +0   [0s]
  4   (12, 2, 2)             9   1     1 (=a)     1 (=a)     1 (=a)    +0   [0s]
  5   (16, 2, 2)             9   1     1 (=a)     1 (=a)     1 (=a)    +0   [0s]
  6   (20, 2, 2)             9   1     1 (=a)     1 (=a)     1 (=a)    +0   [0s]
  7   (24, 2, 2)             9   1     1 (=a)     1 (=a)     1 (=a)    +0   [0s]
  4   (11, 4, 1)            10   1     1 (=a)     1 (=a)     1 (=a)    +0   [0s]
  5   (15, 4, 1)            11   1     1 (=a)     1 (=a)     1 (=a)    +0   [0s]
  6   (19, 4, 1)            11   1     1 (=a)     1 (=a)     1 (=a)    +0   [0s]
  7   (23, 4, 1)            11   1     1 (=a)     1 (=a)     1 (=a)    +0   [0s]
  4   (10, 5, 1)            13   1     1 (=a)     1 (=a)     1 (=a)    +0   [0s]
  4   (11, 3, 2)            14   1     1 (=a)     1 (=a)     1 (=a)    +0   [0s]
  3   (6, 4, 2)             15   1     1 (=a)     1 (=a)     1 (=a)    +0   [0s]
  5   (14, 5, 1)            15   1     1 (=a)     1 (=a)     1 (=a)    +0   [0s]
  5   (15, 3, 2)            15   1     1 (=a)     1 (=a)     1 (=a)    +0   [0s]
  6   (19, 3, 2)            15   1     1 (=a)     1 (=a)     1 (=a)    +0   [0s]
  7   (23, 3, 2)            15   1     1 (=a)     1 (=a)     1 (=a)    +0   [0s]
  4   (9, 6, 1)             16   1     1 (=a)     1 (=a)     1 (=a)    +0   [0s]
  6   (18, 5, 1)            16   1     1 (=a)     1 (=a)     1 (=a)    +0   [0s]
  7   (22, 5, 1)            16   1     1 (=a)     1 (=a)     1 (=a)    +0   [0s]
  5   (13, 6, 1)            20   2     2 (=a)     2 (=a)     2 (=a)    +0   [0s]
  4   (10, 4, 2)            22   2     2 (=a)     2 (=a)     2 (=a)    +0   [0s]
  6   (17, 6, 1)            22   2     2 (=a)     2 (=a)     2 (=a)    +0   [0s]
  3   (4, 4, 4)             23   1     1 (=a)     1 (=a)     1 (=a)    +0   [0s]
  7   (21, 6, 1)            23   2     2 (=a)     2 (=a)     2 (=a)    +0   [0s]
  5   (12, 7, 1)            24   1     1 (=a)     1 (=a)     1 (=a)    +0   [0s]
  5   (14, 4, 2)            25   3     3 (=a)     3 (=a)     3 (=a)    +0   [0s]
  6   (18, 4, 2)            26   3     3 (=a)     3 (=a)     3 (=a)    +0   [0s]
  7   (22, 4, 2)            26   3     3 (=a)     3 (=a)     3 (=a)    +0   [0s]
  4   (9, 5, 2)             27   1     1 (=a)     1 (=a)     1 (=a)    +0   [0s]
  5   (11, 8, 1)            27   1     1 (=a)     1 (=a)     1 (=a)    +0   [0s]
  6   (16, 7, 1)            28   2     2 (=a)     2 (=a)     2 (=a)    +0   [0s]
  5   (10, 9, 1)            29   1     1 (=a)     1 (=a)     1 (=a)    +0   [0s]
  7   (20, 7, 1)            30   2     2 (=a)     2 (=a)     2 (=a)    +0   [0s]
  4   (8, 6, 2)             33   2     2 (=a)     2 (=a)     2 (=a)    +0   [0s]
  5   (13, 5, 2)            34   2     2 (=a)     2 (=a)     2 (=a)    +0   [0s]
  6   (15, 8, 1)            34   2     2 (=a)     2 (=a)     2 (=a)    +0   [0s]
  4   (9, 4, 3)             35   1     1 (=a)     1 (=a)     1 (=a)    +0   [0s]
  6   (17, 5, 2)            37   3     3 (=a)     3 (=a)     3 (=a)    +0   [0s]
  7   (19, 8, 1)            38   3     3 (=a)     3 (=a)     3 (=a)    +0   [0s]
  7   (21, 5, 2)            38   3     3 (=a)     3 (=a)     3 (=a)    +0   [0s]
  6   (14, 9, 1)            39   2     2 (=a)     2 (=a)     2 (=a)    +0   [0s]
  6   (13, 10, 1)           43   2     2 (=a)     2 (=a)     2 (=a)    +0   [0s]
  5   (13, 4, 3)            44   2     2 (=a)     2 (=a)     2 (=a)    +0   [0s]
  5   (12, 6, 2)            46   4     4 (=a)     4 (=a)     4 (=a)    +0   [0s]
  7   (18, 9, 1)            46   3     3 (=a)     3 (=a)     3 (=a)    +0   [0s]
  6   (17, 4, 3)            47   2     2 (=a)     2 (=a)     2 (=a)    +0   [0s]
  7   (21, 4, 3)            48   2     2 (=a)     2 (=a)     2 (=a)    +0   [0s]
  4   (7, 6, 3)             49   1     1 (=a)     1 (=a)     1 (=a)    +0   [0s]
  4   (8, 4, 4)             51   2     2 (=a)     2 (=a)     2 (=a)    +0   [0s]
  5   (11, 7, 2)            53   2     2 (=a)     2 (=a)     2 (=a)    +0   [0s]
  6   (16, 6, 2)            53   5     5 (=a)     5 (=a)     5 (=a)    +0   [0s]
  7   (17, 10, 1)           53   3     3 (=a)     3 (=a)     3 (=a)    +0   [0s]
  7   (20, 6, 2)            56   6     6 (=a)     6 (=a)     6 (=a)    +0   [0s]
  7   (16, 11, 1)           59   2     2 (=a)     2 (=a)     2 (=a)    +0   [0s]
  5   (10, 8, 2)            61   3     3 (=a)     3 (=a)     3 (=a)    +0   [0s]
  5   (12, 5, 3)            61   1     1 (=a)     1 (=a)     1 (=a)    +0   [0s]
  7   (15, 12, 1)           64   2     2 (=a)     2 (=a)     2 (=a)    +0   [0s]
  4   (6, 6, 4)             66   1     1 (=a)     1 (=a)     1 (=a)    +0   [0s]
  6   (15, 7, 2)            66   4     4 (=a)     4 (=a)     4 (=a)    +0   [0s]
  7   (14, 13, 1)           66   1     1 (=a)     1 (=a)     1 (=a)    +0   [0s]
  6   (16, 5, 3)            70   2     2 (=a)     2 (=a)     2 (=a)    +0   [0s]
  5   (12, 4, 4)            72   3     3 (=a)     3 (=a)     3 (=a)    +0   [0s]
  7   (19, 7, 2)            73   5     5 (=a)     5 (=a)     5 (=a)    +0   [0s]
  7   (20, 5, 3)            73   2     2 (=a)     2 (=a)     2 (=a)    +0   [0s]
  5   (11, 6, 3)            79   3     3 (=a)     3 (=a)     3 (=a)    +0   [0s]
  6   (14, 8, 2)            82   6     6 (=a)     6 (=a)     6 (=a)    +0   [0s]
  6   (16, 4, 4)            82   4     4 (=a)     4 (=a)     4 (=a)    +0   [0s]
  7   (20, 4, 4)            85   4     4 (=a)     4 (=a)     4 (=a)    +0   [0s]
  6   (13, 9, 2)            92   3     3 (=a)     3 (=a)     3 (=a)    +0   [0s]
  5   (10, 7, 3)            93   2     2 (=a)     2 (=a)     2 (=a)    +0   [0s]
  7   (18, 8, 2)            95   8     8 (=a)     8 (=a)     8 (=a)    +0   [0s]
  5   (11, 5, 4)            96   1     1 (=a)     1 (=a)     1 (=a)    +0   [0s]
  6   (15, 6, 3)            98   5     5 (=a)     5 (=a)     5 (=a)    +0   [0s]
  5   (9, 8, 3)            101   1     1 (=a)     1 (=a)     1 (=a)    +0   [0s]
  6   (12, 10, 2)          102   4     4 (=a)     4 (=a)     4 (=a)    +0   [0s]
  7   (19, 6, 3)           107   6     6 (=a)     6 (=a)     6 (=a)    +0   [0s]
  7   (17, 9, 2)           113   6     6 (=a)     6 (=a)     6 (=a)    +0   [0s]
  6   (15, 5, 4)           119   2     2 (=a)     2 (=a)     2 (=a)    +0   [0s]
  5   (10, 6, 4)           125   4     4 (=a)     4 (=a)     4 (=a)    +0   [0s]
  6   (14, 7, 3)           125   4     4 (=a)     4 (=a)     4 (=a)    +0   [0s]
  7   (19, 5, 4)           129   3     3 (=a)     3 (=a)     3 (=a)    +0   [0s]
  7   (16, 10, 2)          133   8     8 (=a)     8 (=a)     8 (=a)    +0   [0s]
  5   (9, 7, 4)            140   1     1 (=a)     1 (=a)     1 (=a)    +0   [0s]
  7   (18, 7, 3)           144   6     6 (=a)     6 (=a)     6 (=a)    +0   [0s]
  7   (15, 11, 2)          145   4     4 (=a)     4 (=a)     4 (=a)    +0   [0s]
  5   (8, 8, 4)            149   2     2 (=a)     2 (=a)     2 (=a)    +0   [0s]
  6   (13, 8, 3)           151   5     5 (=a)     5 (=a)     5 (=a)    +0   [0s]
  7   (14, 12, 2)          157   5     5 (=a)     5 (=a)     5 (=a)    +0   [0s]
  5   (9, 6, 5)            162   1     1 (=a)     1 (=a)     1 (=a)    +0   [0s]
  6   (14, 6, 4)           168   7     7 (=a)     7 (=a)     7 (=a)    +0   [0s]
  6   (12, 9, 3)           171   4     4 (=a)     4 (=a)     4 (=a)    +0   [0s]
  6   (11, 10, 3)          181   2     2 (=a)     2 (=a)     2 (=a)    +0   [0s]
  7   (17, 8, 3)           184   8     8 (=a)     8 (=a)     8 (=a)    +0   [0s]
  7   (18, 6, 4)           192   9     9 (=a)     9 (=a)     9 (=a)    +0   [0s]
  5   (8, 6, 6)            196   2     2 (=a)     2 (=a)     2 (=a)    +0   [0s]
  6   (13, 7, 4)           210   5     5 (=a)     5 (=a)     5 (=a)    +0   [0s]
  7   (16, 9, 3)           223   8     8 (=a)     8 (=a)     8 (=a)    +0   [1s]
  6   (13, 6, 5)           244   3     3 (=a)     3 (=a)     3 (=a)    +0   [1s]
  6   (12, 8, 4)           253   7     7 (=a)     7 (=a)     7 (=a)    +0   [1s]
  7   (17, 7, 4)           255   8     8 (=a)     8 (=a)     8 (=a)    +0   [1s]
  7   (15, 10, 3)          257   8     8 (=a)     8 (=a)     8 (=a)    +0   [1s]
  6   (11, 9, 4)           275   2     2 (=a)     2 (=a)     2 (=a)    +0   [1s]
  7   (14, 11, 3)          281   5     5 (=a)     5 (=a)     5 (=a)    +0   [1s]
  6   (10, 10, 4)          289   4     4 (=a)     4 (=a)     4 (=a)    +0   [1s]
  7   (13, 12, 3)          296   4     4 (=a)     4 (=a)     4 (=a)    +0   [1s]
  7   (17, 6, 5)           296   5     5 (=a)     5 (=a)     5 (=a)    +0   [1s]
  6   (12, 7, 5)           305   2     2 (=a)     2 (=a)     2 (=a)    +0   [1s]
  7   (16, 8, 4)           329  13    13 (=a)    13 (=a)    13 (=a)    +0   [2s]
  6   (12, 6, 6)           335   5     5 (=a)     5 (=a)     5 (=a)    +0   [1s]
  6   (11, 8, 5)           354   4     4 (=a)     4 (=a)     4 (=a)    +0   [2s]
  6   (10, 9, 5)           382   2     2 (=a)     2 (=a)     2 (=a)    +0   [2s]
  7   (15, 9, 4)           391   9     9 (=a)     9 (=a)     9 (=a)    +0   [2s]
  7   (16, 7, 5)           398   5     5 (=a)     5 (=a)     5 (=a)    +0   [3s]
  6   (11, 7, 6)           404   2     2 (=a)     2 (=a)     2 (=a)    +0   [2s]
  7   (16, 6, 6)           436   7     7 (=a)     7 (=a)     7 (=a)    +0   [2s]
  7   (14, 10, 4)          449  12    12 (=a)    12 (=a)    12 (=a)    +0   [3s]
  6   (10, 8, 6)           463   4     4 (=a)     4 (=a)     4 (=a)    +0   [3s]
  7   (13, 11, 4)          480   4     4 (=a)     4 (=a)     4 (=a)    +0   [3s]
  7   (12, 12, 4)          499   5     5 (=a)     5 (=a)     5 (=a)    +0   [3s]
  7   (15, 8, 5)           504   9     9 (=a)     9 (=a)     9 (=a)    +0   [4s]
  6   (8, 8, 8)            561   2     2 (=a)     2 (=a)     2 (=a)    +0   [4s]
  7   (15, 7, 6)           576   6     6 (=a)     6 (=a)     6 (=a)    +0   [6s]
  7   (14, 9, 5)           598   8     8 (=a)     8 (=a)     8 (=a)    +0   [8s]
  7   (13, 10, 5)          671   8     8 (=a)     8 (=a)     8 (=a)    +0   [9s]
  7   (12, 11, 5)          709   3     3 (=a)     3 (=a)     3 (=a)    +0   [8s]
  7   (14, 8, 6)           725  11    11 (=a)    11 (=a)    11 (=a)    +0   [12s]
  7   (13, 9, 6)           841   7     7 (=a)     7 (=a)     7 (=a)    +0   [16s]
  7   (12, 10, 6)          930   9     9 (=a)     9 (=a)     9 (=a)    +0   [17s]
  7   (13, 8, 7)           934   4     4 (=a)     4 (=a)     4 (=a)    +0   [28s]
  7   (12, 9, 7)          1069   3     3 (=a)     3 (=a)     3 (=a)    +0   [28s]
  7   (12, 8, 8)          1133   5     5 (=a)     5 (=a)     5 (=a)    +0   [33s]
  7   (11, 10, 7)         1142   3     3 (=a)     3 (=a)     3 (=a)    +0   [39s]
  7   (11, 9, 8)          1253   1     1 (=a)     1 (=a)     1 (=a)    +0   [92s]
  7   (10, 10, 8)         1310   3     3 (=a)     3 (=a)     3 (=a)    +0   [79s]

first cell with mult_pad3 < a : None
