worker asc (pid 2169): 25 cells within cap N_S <= 6000, headroom 0.70
lam                     ell  a   N_S   mult_det  mult_pad   D
      rank(R) mod 2147483647 = 1480  [2s]
      rank(R) mod 2147483629 = 1480  [2s]
      det mult mod 2147483647 = 2  [2s]
      det mult mod 2147483629 = 2  [2s]
      pad mult mod 2147483647 = 2  [2s]
      pad mult mod 2147483629 = 2  [2s]
(18, 5, 2, 2, 1)          5   2   1482     2 (=a)    2 (=a)   +0  [12s, maxrss 0.11 GB]
      rank(R) mod 2147483647 = 1759  [4s]
      rank(R) mod 2147483629 = 1759  [3s]
      det mult mod 2147483647 = 2  [3s]
      det mult mod 2147483629 = 2  [3s]
      pad mult mod 2147483647 = 2  [3s]
      pad mult mod 2147483629 = 2  [3s]
(15, 9, 2, 1, 1)          5   2   1761     2 (=a)    2 (=a)   +0  [20s, maxrss 0.14 GB]
      rank(R) mod 2147483647 = 2153  [6s]
      rank(R) mod 2147483629 = 2153  [6s]
      det mult mod 2147483647 = 2  [6s]
      det mult mod 2147483629 = 2  [6s]
      pad mult mod 2147483647 = 2  [6s]
      pad mult mod 2147483629 = 2  [6s]
(17, 5, 4, 1, 1)          5   2   2155     2 (=a)    2 (=a)   +0  [36s, maxrss 0.20 GB]
      rank(R) mod 2147483647 = 2205  [7s]
      rank(R) mod 2147483629 = 2205  [7s]
      det mult mod 2147483647 = 2  [6s]
      det mult mod 2147483629 = 2  [6s]
      pad mult mod 2147483647 = 2  [6s]
      pad mult mod 2147483629 = 2  [7s]
(13, 11, 2, 1, 1)         5   2   2207     2 (=a)    2 (=a)   +0  [39s, maxrss 0.21 GB]
      rank(R) mod 2147483647 = 2253  [7s]
      rank(R) mod 2147483629 = 2253  [7s]
      det mult mod 2147483647 = 4  [7s]
      det mult mod 2147483629 = 4  [7s]
      pad mult mod 2147483647 = 4  [7s]
      pad mult mod 2147483629 = 4  [7s]
(17, 6, 2, 2, 1)          5   4   2257     4 (=a)    4 (=a)   +0  [40s, maxrss 0.22 GB]
      rank(R) mod 2147483647 = 2410  [8s]
      rank(R) mod 2147483629 = 2410  [8s]
      det mult mod 2147483647 = 4  [8s]
      det mult mod 2147483629 = 4  [8s]
      pad mult mod 2147483647 = 4  [8s]
      pad mult mod 2147483629 = 4  [8s]
(16, 7, 3, 1, 1)          5   4   2414     4 (=a)    4 (=a)   +0  [48s, maxrss 0.24 GB]
      rank(R) mod 2147483647 = 2562  [11s]
      rank(R) mod 2147483629 = 2562  [11s]
      det mult mod 2147483647 = 3  [11s]
      det mult mod 2147483629 = 3  [11s]
      pad mult mod 2147483647 = 3  [11s]
      pad mult mod 2147483629 = 3  [11s]
(18, 4, 2, 2, 2)          5   3   2565     3 (=a)    3 (=a)   +0  [67s, maxrss 0.29 GB]
      rank(R) mod 2147483647 = 3123  [18s]
      rank(R) mod 2147483629 = 3123  [18s]
      det mult mod 2147483647 = 4  [18s]
      det mult mod 2147483629 = 4  [18s]
      pad mult mod 2147483647 = 4  [18s]
      pad mult mod 2147483629 = 4  [18s]
(15, 8, 3, 1, 1)          5   4   3127     4 (=a)    4 (=a)   +0  [107s, maxrss 0.37 GB]
      rank(R) mod 2147483647 = 3149  [18s]
      rank(R) mod 2147483629 = 3149  [18s]
      det mult mod 2147483647 = 5  [18s]
      det mult mod 2147483629 = 5  [18s]
      pad mult mod 2147483647 = 5  [20s]
      pad mult mod 2147483629 = 5  [19s]
(16, 7, 2, 2, 1)          5   5   3154     5 (=a)    5 (=a)   +0  [111s, maxrss 0.39 GB]
      rank(R) mod 2147483647 = 3261  [20s]
      rank(R) mod 2147483629 = 3261  [20s]
      det mult mod 2147483647 = 3  [20s]
      det mult mod 2147483629 = 3  [20s]
      pad mult mod 2147483647 = 3  [19s]
      pad mult mod 2147483629 = 3  [20s]
(16, 6, 4, 1, 1)          5   3   3264     3 (=a)    3 (=a)   +0  [118s, maxrss 0.39 GB]
      rank(R) mod 2147483647 = 3287  [21s]
      rank(R) mod 2147483629 = 3287  [21s]
      det mult mod 2147483647 = 4  [21s]
      det mult mod 2147483629 = 4  [21s]
      pad mult mod 2147483647 = 4  [22s]
      pad mult mod 2147483629 = 4  [22s]
(17, 5, 3, 2, 1)          5   4   3291     4 (=a)    4 (=a)   +0  [129s, maxrss 0.39 GB]
      rank(R) mod 2147483647 = 3572  [27s]
      rank(R) mod 2147483629 = 3572  [27s]
      det mult mod 2147483647 = 3  [26s]
      det mult mod 2147483629 = 3  [27s]
      pad mult mod 2147483647 = 3  [27s]
      pad mult mod 2147483629 = 3  [26s]
(16, 5, 5, 1, 1)          5   3   3575     3 (=a)    3 (=a)   +0  [159s, maxrss 0.46 GB]
      rank(R) mod 2147483647 = 3750  [29s]
      rank(R) mod 2147483629 = 3750  [29s]
      det mult mod 2147483647 = 3  [29s]
      det mult mod 2147483629 = 3  [30s]
      pad mult mod 2147483647 = 3  [30s]
      pad mult mod 2147483629 = 3  [30s]
(17, 4, 4, 2, 1)          5   3   3753     3 (=a)    3 (=a)   +0  [178s, maxrss 0.50 GB]
      rank(R) mod 2147483647 = 3777  [30s]
      rank(R) mod 2147483629 = 3777  [30s]
      det mult mod 2147483647 = 5  [30s]
      det mult mod 2147483629 = 5  [30s]
      pad mult mod 2147483647 = 5  [29s]
      pad mult mod 2147483629 = 5  [29s]
(14, 9, 3, 1, 1)          5   5   3782     5 (=a)    5 (=a)   +0  [179s, maxrss 0.50 GB]
      rank(R) mod 2147483647 = 4091  [39s]
      rank(R) mod 2147483629 = 4091  [39s]
      det mult mod 2147483647 = 7  [38s]
      det mult mod 2147483629 = 7  [38s]
      pad mult mod 2147483647 = 7  [39s]
      pad mult mod 2147483629 = 7  [38s]
(15, 8, 2, 2, 1)          5   7   4098     7 (=a)    7 (=a)   +0  [232s, maxrss 0.58 GB]
      rank(R) mod 2147483647 = 4285  [43s]
      rank(R) mod 2147483629 = 4285  [42s]
      det mult mod 2147483647 = 4  [42s]
      det mult mod 2147483629 = 4  [42s]
      pad mult mod 2147483647 = 4  [42s]
      pad mult mod 2147483629 = 4  [42s]
(13, 10, 3, 1, 1)         5   4   4289     4 (=a)    4 (=a)   +0  [254s, maxrss 0.63 GB]
      rank(R) mod 2147483647 = 4303  [49s]
      rank(R) mod 2147483629 = 4303  [49s]
      det mult mod 2147483647 = 3  [49s]
      det mult mod 2147483629 = 3  [48s]
      pad mult mod 2147483647 = 3  [49s]
      pad mult mod 2147483629 = 3  [48s]
(17, 5, 2, 2, 2)          5   3   4306     3 (=a)    3 (=a)   +0  [293s, maxrss 0.68 GB]
      rank(R) mod 2147483647 = 4559  [53s]
      rank(R) mod 2147483629 = 4559  [53s]
      det mult mod 2147483647 = 3  [53s]
      det mult mod 2147483629 = 3  [53s]
      pad mult mod 2147483647 = 3  [54s]
      pad mult mod 2147483629 = 3  [53s]
(12, 11, 3, 1, 1)         5   3   4562     3 (=a)    3 (=a)   +0  [320s, maxrss 0.73 GB]
      rank(R) mod 2147483647 = 5766  [116s]
      rank(R) mod 2147483629 = 5766  [114s]
      det mult mod 2147483647 = 2  [112s]
      det mult mod 2147483629 = 2  [110s]
      pad mult mod 2147483647 = 2  [110s]
      pad mult mod 2147483629 = 2  [109s]
(17, 4, 3, 2, 2)          5   2   5768     2 (=a)    2 (=a)   +0  [672s, maxrss 1.20 GB]

worker asc done: 19 cells ; deferred for memory: -
