=== 02:16 finish2 13_9_3_2_1 ===
cell (13, 9, 3, 2, 1): a=13 N_S=10712  observed-constant prediction 4.02 GB, free 7.21 GB
      rank(R) mod 2147483647 = 10699  [551s]
      rank(R) mod 2147483629 = 10699  [540s]
      det mult mod 2147483647 = 13  [533s]
      det mult mod 2147483629 = 13  [541s]
      pad mult mod 2147483647 = 13  [542s]
      pad mult mod 2147483629 = 13  [544s]
(13, 9, 3, 2, 1)          5  13  10712    13 (=a)   13 (=a)   +0  [3253s, maxrss 3.57 GB]
=== 03:10 finish2 12_9_5_1_1 ===
cell (12, 9, 5, 1, 1): a=10 N_S=10724  observed-constant prediction 4.03 GB, free 7.20 GB
      rank(R) mod 2147483647 = 10714  [555s]
      rank(R) mod 2147483629 = 10714  [559s]
      det mult mod 2147483647 = 10  [561s]
      det mult mod 2147483629 = 10  [555s]
      pad mult mod 2147483647 = 10  [552s]
      pad mult mod 2147483629 = 10  [548s]
(12, 9, 5, 1, 1)          5  10  10724    10 (=a)   10 (=a)   +0  [3332s, maxrss 3.63 GB]
=== 04:06 finish2 13_7_6_1_1 ===
cell (13, 7, 6, 1, 1): a=8 N_S=10686  observed-constant prediction 4.00 GB, free 7.20 GB
      rank(R) mod 2147483647 = 10678  [565s]
      rank(R) mod 2147483629 = 10678  [566s]
      det mult mod 2147483647 = 8  [565s]
      det mult mod 2147483629 = 8  [576s]
      pad mult mod 2147483647 = 8  [571s]
      pad mult mod 2147483629 = 8  [574s]
(13, 7, 6, 1, 1)          5   8  10686     8 (=a)    8 (=a)   +0  [3419s, maxrss 3.62 GB]
=== 05:03 finish2 15_5_5_2_1 ===
cell (15, 5, 5, 2, 1): a=5 N_S=10472  observed-constant prediction 3.84 GB, free 7.19 GB
      rank(R) mod 2147483647 = 10467  [526s]
      rank(R) mod 2147483629 = 10467  [540s]
      det mult mod 2147483647 = 5  [535s]
      det mult mod 2147483629 = 5  [526s]
      pad mult mod 2147483647 = 5  [545s]
      pad mult mod 2147483629 = 5  [534s]
(15, 5, 5, 2, 1)          5   5  10472     5 (=a)    5 (=a)   +0  [3208s, maxrss 3.43 GB]
=== pass 2 complete ===
