worker asc (pid 2422): 34 cells within cap N_S <= 8000, headroom 0.70
lam                     ell  a   N_S   mult_det  mult_pad   D
      rank(R) mod 2147483647 = 6000  [127s]
      rank(R) mod 2147483629 = 6000  [122s]
      det mult mod 2147483647 = 3  [121s]
      det mult mod 2147483629 = 3  [124s]
      pad mult mod 2147483647 = 3  [120s]
      pad mult mod 2147483629 = 3  [122s]
(12, 11, 2, 2, 1)         5   3   6003     3 (=a)    3 (=a)   +0  [737s, maxrss 1.23 GB]
      rank(R) mod 2147483647 = 6282  [130s]
      rank(R) mod 2147483629 = 6282  [133s]
      det mult mod 2147483647 = 8  [135s]
      det mult mod 2147483629 = 8  [134s]
      pad mult mod 2147483647 = 8  [131s]
      pad mult mod 2147483629 = 8  [135s]
(16, 5, 4, 2, 1)          5   8   6290     8 (=a)    8 (=a)   +0  [798s, maxrss 1.27 GB]
      rank(R) mod 2147483647 = 6595  [160s]
      rank(R) mod 2147483629 = 6595  [163s]
      det mult mod 2147483647 = 7  [161s]
      det mult mod 2147483629 = 7  [158s]
      pad mult mod 2147483647 = 7  [159s]
      pad mult mod 2147483629 = 7  [164s]
(16, 6, 2, 2, 2)          5   7   6602     7 (=a)    7 (=a)   +0  [967s, maxrss 1.50 GB]
      rank(R) mod 2147483647 = 6853  [167s]
      rank(R) mod 2147483629 = 6853  [167s]
      det mult mod 2147483647 = 10  [166s]
      det mult mod 2147483629 = 10  [168s]
      pad mult mod 2147483647 = 10  [174s]
      pad mult mod 2147483629 = 10  [177s]
(13, 9, 4, 1, 1)          5  10   6863    10 (=a)   10 (=a)   +0  [1022s, maxrss 1.51 GB]
      rank(R) mod 2147483647 = 6972  [185s]
      rank(R) mod 2147483629 = 6972  [183s]
      det mult mod 2147483647 = 11  [185s]
      det mult mod 2147483629 = 11  [184s]
      pad mult mod 2147483647 = 11  [177s]
      pad mult mod 2147483629 = 11  [183s]
(15, 7, 3, 2, 1)          5  11   6983    11 (=a)   11 (=a)   +0  [1098s, maxrss 1.54 GB]
      rank(R) mod 2147483647 = 7326  [206s]
      rank(R) mod 2147483629 = 7326  [209s]
      det mult mod 2147483647 = 10  [203s]
      det mult mod 2147483629 = 10  [199s]
      pad mult mod 2147483647 = 10  [205s]
      pad mult mod 2147483629 = 10  [207s]
(14, 7, 5, 1, 1)          5  10   7336    10 (=a)   10 (=a)   +0  [1229s, maxrss 1.72 GB]
      rank(R) mod 2147483647 = 7417  [219s]
      rank(R) mod 2147483629 = 7417  [217s]
      det mult mod 2147483647 = 2  [213s]
      det mult mod 2147483629 = 2  [207s]
      pad mult mod 2147483647 = 2  [208s]
      pad mult mod 2147483629 = 2  [206s]
(16, 5, 3, 3, 1)          5   2   7419     2 (=a)    2 (=a)   +0  [1270s, maxrss 1.79 GB]
      rank(R) mod 2147483647 = 7608  [214s]
      rank(R) mod 2147483629 = 7608  [218s]
      det mult mod 2147483647 = 5  [215s]
      det mult mod 2147483629 = 5  [213s]
      pad mult mod 2147483647 = 5  [213s]
      pad mult mod 2147483629 = 5  [213s]
(12, 10, 4, 1, 1)         5   5   7613     5 (=a)    5 (=a)   +0  [1286s, maxrss 1.86 GB]
      rank(R) mod 2147483647 = 7861  [241s]
      rank(R) mod 2147483629 = 7861  [241s]
      det mult mod 2147483647 = 4  [240s]
      det mult mod 2147483629 = 4  [239s]
      pad mult mod 2147483647 = 4  [239s]
      pad mult mod 2147483629 = 4  [238s]
(11, 11, 4, 1, 1)         5   4   7865     4 (=a)    4 (=a)   +0  [1439s, maxrss 2.02 GB]

worker asc done: 9 cells ; deferred for memory: -
