plethysm route 1: wk8_s30_pleth.amb(7, 4, 16) ...
   863 weights with a > 0  [64s]
   asserted: no weight with ell >= 8 has a > 0
plethysm route 2: ambient_screen.stratify(4, 7, d=4) ...
   routes agree on all 863 weights  [57s]
gate (ell >= 5, a >= 2): 433 cells
   (18, 5, 2, 2, 1)           ell=5 a=2  bal=17 N_S=1482     0.12 GB (enum-checked) [0s]
   (18, 4, 2, 2, 2)           ell=5 a=3  bal=16 N_S=2565     0.37 GB (enum-checked) [0s]
   (17, 6, 2, 2, 1)           ell=5 a=4  bal=16 N_S=2257     0.29 GB (enum-checked) [0s]
   (17, 5, 4, 1, 1)           ell=5 a=2  bal=16 N_S=2155     0.26 GB (enum-checked) [0s]
   (17, 5, 3, 2, 1)           ell=5 a=4  bal=16 N_S=3291     0.61 GB (enum-checked) [0s]
   (17, 5, 2, 2, 2)           ell=5 a=3  bal=15 N_S=4306     1.04 GB (enum-checked) [0s]
   (17, 4, 4, 2, 1)           ell=5 a=3  bal=16 N_S=3753     0.79 GB (enum-checked) [0s]
   (17, 4, 3, 2, 2)           ell=5 a=2  bal=15 N_S=5768     1.86 GB (enum-checked) [0s]
   (16, 7, 3, 1, 1)           ell=5 a=4  bal=15 N_S=2414     0.33 GB (enum-checked) [0s]
   (16, 7, 2, 2, 1)           ell=5 a=5  bal=15 N_S=3154     0.56 GB (enum-checked) [0s]
   (16, 6, 4, 1, 1)           ell=5 a=3  bal=15 N_S=3264     0.60 GB (enum-checked) [0s]
   (16, 6, 3, 2, 1)           ell=5 a=7  bal=15 N_S=5022     1.41 GB (enum-checked) [0s]
   (16, 6, 2, 2, 2)           ell=5 a=7  bal=14 N_S=6602     2.44 GB (enum-checked) [0s]
   (16, 5, 5, 1, 1)           ell=5 a=3  bal=15 N_S=3575     0.72 GB (enum-checked) [0s]
   (16, 5, 4, 2, 1)           ell=5 a=8  bal=15 N_S=6290     2.22 GB (enum-checked) [0s]
   (16, 5, 3, 3, 1)           ell=5 a=2  bal=15 N_S=7419     3.08 GB (enum-checked) [0s]
   (16, 5, 3, 2, 2)           ell=5 a=3  bal=14 N_S=9750     5.32 GB (enum-checked) [0s]
   (16, 5, 2, 2, 2, 1)        ell=6 a=2  bal=15 N_S=20850    24.34 GB (enum-checked) [1s]
   (16, 4, 4, 3, 1)           ell=5 a=2  bal=15 N_S=8475     4.02 GB (enum-checked) [0s]
   (16, 4, 4, 2, 2)           ell=5 a=5  bal=14 N_S=11158    6.97 GB (enum-checked) [0s]
   (16, 4, 2, 2, 2, 2)        ell=6 a=2  bal=14 N_S=37448    78.53 GB [0s]
   (15, 9, 2, 1, 1)           ell=5 a=2  bal=14 N_S=1761     0.17 GB (enum-checked) [0s]
   (15, 8, 3, 1, 1)           ell=5 a=4  bal=14 N_S=3127     0.55 GB (enum-checked) [0s]
   (15, 8, 2, 2, 1)           ell=5 a=7  bal=14 N_S=4098     0.94 GB (enum-checked) [0s]
   (15, 7, 4, 1, 1)           ell=5 a=8  bal=14 N_S=4510     1.14 GB (enum-checked) [0s]
   (15, 7, 3, 2, 1)           ell=5 a=11 bal=14 N_S=6983     2.73 GB (enum-checked) [0s]
   (15, 7, 2, 2, 2)           ell=5 a=6  bal=13 N_S=9196     4.74 GB (enum-checked) [0s]
   (15, 6, 5, 1, 1)           ell=5 a=4  bal=14 N_S=5368     1.61 GB (enum-checked) [0s]
   (15, 6, 4, 2, 1)           ell=5 a=15 bal=14 N_S=9524     5.08 GB (enum-checked) [0s]
   (15, 6, 3, 3, 1)           ell=5 a=3  bal=14 N_S=11269    7.11 GB (enum-checked) [0s]
   (15, 6, 3, 2, 2)           ell=5 a=8  bal=13 N_S=14862    12.37 GB (enum-checked) [0s]
   (15, 6, 3, 2, 1, 1)        ell=6 a=2  bal=14 N_S=24298    33.06 GB (enum-checked) [1s]
   (15, 6, 2, 2, 2, 1)        ell=6 a=3  bal=14 N_S=32111    57.74 GB [0s]
   (15, 5, 5, 2, 1)           ell=5 a=5  bal=14 N_S=10472    6.14 GB (enum-checked) [0s]
   (15, 5, 4, 3, 1)           ell=5 a=8  bal=14 N_S=14189    11.27 GB (enum-checked) [0s]
   (15, 5, 4, 2, 2)           ell=5 a=7  bal=13 N_S=18734    19.65 GB (enum-checked) [1s]
   (15, 5, 4, 2, 1, 1)        ell=6 a=2  bal=14 N_S=30715    52.83 GB [0s]
   (15, 5, 3, 2, 2, 1)        ell=6 a=3  bal=14 N_S=48455    131.48 GB [0s]
   (15, 5, 2, 2, 2, 2)        ell=6 a=2  bal=13 N_S=64230    231.03 GB [0s]
   (15, 4, 4, 4, 1)           ell=5 a=4  bal=14 N_S=16239    14.77 GB (enum-checked) [0s]
   (15, 4, 4, 3, 2)           ell=5 a=3  bal=13 N_S=25465    36.31 GB (enum-checked) [1s]
   (15, 4, 4, 2, 2, 1)        ell=6 a=2  bal=14 N_S=55537    172.72 GB [0s]
   (14, 9, 3, 1, 1)           ell=5 a=5  bal=13 N_S=3782     0.80 GB (enum-checked) [0s]
   (14, 9, 2, 2, 1)           ell=5 a=7  bal=13 N_S=4966     1.38 GB (enum-checked) [0s]
   (14, 8, 4, 1, 1)           ell=5 a=7  bal=13 N_S=5777     1.87 GB (enum-checked) [0s]
   (14, 8, 3, 2, 1)           ell=5 a=14 bal=13 N_S=8987     4.52 GB (enum-checked) [0s]
   (14, 8, 2, 2, 2)           ell=5 a=9  bal=12 N_S=11875    7.90 GB (enum-checked) [0s]
   (14, 7, 5, 1, 1)           ell=5 a=10 bal=13 N_S=7336     3.01 GB (enum-checked) [0s]
   (14, 7, 4, 2, 1)           ell=5 a=21 bal=13 N_S=13100    9.61 GB (enum-checked) [0s]
   (14, 7, 3, 3, 1)           ell=5 a=7  bal=13 N_S=15542    13.53 GB (enum-checked) [0s]
   (14, 7, 3, 2, 2)           ell=5 a=9  bal=12 N_S=20552    23.65 GB (enum-checked) [1s]
   (14, 7, 3, 2, 1, 1)        ell=6 a=4  bal=13 N_S=33802    63.98 GB [0s]
   (14, 7, 2, 2, 2, 1)        ell=6 a=4  bal=13 N_S=44792    112.35 GB [0s]
   (14, 6, 5, 2, 1)           ell=5 a=14 bal=13 N_S=15677    13.76 GB (enum-checked) [0s]
   (14, 6, 4, 3, 1)           ell=5 a=13 bal=13 N_S=21323    25.46 GB (enum-checked) [1s]
   (14, 6, 4, 2, 2)           ell=5 a=17 bal=12 N_S=28258    44.72 GB (enum-checked) [1s]
   (14, 6, 4, 2, 1, 1)        ell=6 a=4  bal=13 N_S=46593    121.57 GB [0s]
   (14, 6, 3, 3, 2)           ell=5 a=2  bal=12 N_S=33610    63.26 GB [0s]
   (14, 6, 3, 3, 1, 1)        ell=6 a=2  bal=13 N_S=55679    173.61 GB [0s]
   (14, 6, 3, 2, 2, 1)        ell=6 a=5  bal=13 N_S=73917    305.97 GB [0s]
   (14, 6, 2, 2, 2, 2)        ell=6 a=4  bal=12 N_S=98298    541.10 GB [0s]
   (14, 5, 5, 3, 1)           ell=5 a=6  bal=13 N_S=23524    30.99 GB (enum-checked) [1s]
   (14, 5, 5, 2, 2)           ell=5 a=2  bal=12 N_S=31165    54.39 GB [0s]
   (14, 5, 5, 2, 1, 1)        ell=6 a=4  bal=13 N_S=51546    148.79 GB [0s]
   (14, 5, 4, 4, 1)           ell=5 a=7  bal=13 N_S=26952    40.68 GB (enum-checked) [1s]
   (14, 5, 4, 3, 2)           ell=5 a=7  bal=12 N_S=42566    101.46 GB [0s]
   (14, 5, 4, 3, 1, 1)        ell=6 a=3  bal=13 N_S=70701    279.92 GB [0s]
   (14, 5, 4, 2, 2, 1)        ell=6 a=5  bal=13 N_S=93944    494.23 GB [0s]
   (14, 4, 4, 4, 2)           ell=5 a=6  bal=12 N_S=48844    133.60 GB [0s]
   (14, 4, 4, 2, 2, 2)        ell=6 a=3  bal=12 N_S=172137   1659.34 GB [0s]
   (13, 11, 2, 1, 1)          ell=5 a=2  bal=12 N_S=2207     0.27 GB (enum-checked) [0s]
   (13, 10, 3, 1, 1)          ell=5 a=4  bal=12 N_S=4289     1.03 GB (enum-checked) [0s]
   (13, 10, 2, 2, 1)          ell=5 a=6  bal=12 N_S=5640     1.78 GB (enum-checked) [0s]
   (13, 9, 4, 1, 1)           ell=5 a=10 bal=12 N_S=6863     2.64 GB (enum-checked) [0s]
   (13, 9, 3, 2, 1)           ell=5 a=13 bal=12 N_S=10712    6.43 GB (enum-checked) [0s]
   (13, 9, 2, 2, 2)           ell=5 a=6  bal=11 N_S=14164    11.23 GB (enum-checked) [0s]
   (13, 9, 2, 2, 1, 1)        ell=6 a=2  bal=12 N_S=23148    30.01 GB (enum-checked) [1s]
   (13, 8, 5, 1, 1)           ell=5 a=10 bal=12 N_S=9228     4.77 GB (enum-checked) [0s]
   (13, 8, 4, 2, 1)           ell=5 a=25 bal=12 N_S=16558    15.35 GB (enum-checked) [0s]
   (13, 8, 4, 1, 1, 1)        ell=6 a=2  bal=12 N_S=27213    41.47 GB (enum-checked) [1s]
   (13, 8, 3, 3, 1)           ell=5 a=7  bal=12 N_S=19678    21.68 GB (enum-checked) [1s]
   (13, 8, 3, 2, 2)           ell=5 a=12 bal=11 N_S=26078    38.08 GB (enum-checked) [1s]
   (13, 8, 3, 2, 1, 1)        ell=6 a=5  bal=12 N_S=43058    103.82 GB [0s]
   (13, 8, 2, 2, 2, 1)        ell=6 a=4  bal=12 N_S=57178    183.08 GB [0s]
   (13, 7, 6, 1, 1)           ell=5 a=8  bal=12 N_S=10686    6.39 GB (enum-checked) [0s]
   (13, 7, 5, 2, 1)           ell=5 a=22 bal=12 N_S=21184    25.13 GB (enum-checked) [1s]
   (13, 7, 5, 1, 1, 1)        ell=6 a=3  bal=12 N_S=34984    68.54 GB [0s]
   (13, 7, 4, 3, 1)           ell=5 a=21 bal=12 N_S=28906    46.79 GB (enum-checked) [1s]
   (13, 7, 4, 2, 2)           ell=5 a=16 bal=11 N_S=38373    82.46 GB [0s]
   (13, 7, 4, 2, 1, 1)        ell=6 a=8  bal=12 N_S=63663    226.97 GB [0s]
   (13, 7, 3, 3, 2)           ell=5 a=5  bal=11 N_S=45772    117.32 GB [0s]
   (13, 7, 3, 3, 1, 1)        ell=6 a=3  bal=12 N_S=76237    325.48 GB [0s]
   (13, 7, 3, 2, 2, 1)        ell=6 a=7  bal=12 N_S=101438   576.22 GB [0s]
   (13, 7, 2, 2, 2, 2)        ell=6 a=3  bal=11 N_S=135160   1023.02 GB [0s]
   (13, 6, 6, 2, 1)           ell=5 a=10 bal=12 N_S=23037    29.72 GB (enum-checked) [1s]
   (13, 6, 5, 3, 1)           ell=5 a=14 bal=12 N_S=34734    67.56 GB [0s]
   (13, 6, 5, 2, 2)           ell=5 a=13 bal=11 N_S=46147    119.25 GB [0s]
   (13, 6, 5, 2, 1, 1)        ell=6 a=6  bal=12 N_S=76773    330.07 GB [0s]
   (13, 6, 4, 4, 1)           ell=5 a=14 bal=12 N_S=39836    88.87 GB [0s]
   (13, 6, 4, 3, 2)           ell=5 a=13 bal=11 N_S=63241    223.97 GB [0s]
   (13, 6, 4, 3, 1, 1)        ell=6 a=5  bal=12 N_S=105642   624.97 GB [0s]
   (13, 6, 4, 2, 2, 1)        ell=6 a=10 bal=12 N_S=140754   1109.45 GB [0s]
   (13, 6, 3, 3, 2, 1)        ell=6 a=2  bal=12 N_S=168988   1599.19 GB [0s]
   (13, 6, 3, 2, 2, 2)        ell=6 a=3  bal=11 N_S=225529   2848.35 GB [0s]
   (13, 5, 5, 4, 1)           ell=5 a=4  bal=12 N_S=44032    108.57 GB [0s]
   (13, 5, 5, 3, 2)           ell=5 a=4  bal=11 N_S=69983    274.27 GB [0s]
   (13, 5, 5, 3, 1, 1)        ell=6 a=5  bal=12 N_S=117154   768.60 GB [0s]
   (13, 5, 5, 2, 2, 1)        ell=6 a=3  bal=12 N_S=156145   1365.35 GB [0s]
   (13, 5, 4, 4, 2)           ell=5 a=8  bal=11 N_S=80355    361.59 GB [0s]
   (13, 5, 4, 4, 1, 1)        ell=6 a=3  bal=12 N_S=134565   1014.03 GB [0s]
   (13, 5, 4, 3, 3)           ell=5 a=2  bal=10 N_S=96194    518.18 GB [0s]
   (13, 5, 4, 3, 2, 1)        ell=6 a=5  bal=12 N_S=215614   2603.41 GB [0s]
   (13, 5, 4, 2, 2, 2)        ell=6 a=3  bal=11 N_S=287986   4644.41 GB [0s]
   (13, 4, 4, 4, 3)           ell=5 a=3  bal=10 N_S=110498   683.75 GB [0s]
   (13, 4, 4, 4, 2, 1)        ell=6 a=2  bal=12 N_S=247903   3441.53 GB [0s]
   (12, 11, 3, 1, 1)          ell=5 a=3  bal=11 N_S=4562     1.17 GB (enum-checked) [0s]
   (12, 11, 2, 2, 1)          ell=5 a=3  bal=11 N_S=6003     2.02 GB (enum-checked) [0s]
   (12, 10, 4, 1, 1)          ell=5 a=5  bal=11 N_S=7613     3.25 GB (enum-checked) [0s]
   (12, 10, 3, 2, 1)          ell=5 a=10 bal=11 N_S=11906    7.94 GB (enum-checked) [0s]
   (12, 10, 2, 2, 2)          ell=5 a=7  bal=10 N_S=15771    13.93 GB (enum-checked) [1s]
   (12, 9, 5, 1, 1)           ell=5 a=10 bal=11 N_S=10724    6.44 GB (enum-checked) [0s]
   (12, 9, 4, 2, 1)           ell=5 a=22 bal=11 N_S=19302    20.86 GB (enum-checked) [1s]
   (12, 9, 4, 1, 1, 1)        ell=6 a=2  bal=11 N_S=31812    56.67 GB [0s]
   (12, 9, 3, 3, 1)           ell=5 a=7  bal=11 N_S=22969    29.54 GB (enum-checked) [1s]
   (12, 9, 3, 2, 2)           ell=5 a=9  bal=10 N_S=30477    52.02 GB [0s]
   (12, 9, 3, 2, 1, 1)        ell=6 a=5  bal=11 N_S=50462    142.60 GB [0s]
   (12, 9, 2, 2, 2, 1)        ell=6 a=4  bal=11 N_S=67099    252.13 GB [0s]
   (12, 8, 6, 1, 1)           ell=5 a=7  bal=11 N_S=13143    9.67 GB (enum-checked) [0s]
   (12, 8, 5, 2, 1)           ell=5 a=26 bal=11 N_S=26181    38.38 GB (enum-checked) [1s]
   (12, 8, 5, 1, 1, 1)        ell=6 a=4  bal=11 N_S=43371    105.34 GB [0s]
   (12, 8, 4, 3, 1)           ell=5 a=20 bal=11 N_S=35794    71.75 GB [0s]
   (12, 8, 4, 2, 2)           ell=5 a=23 bal=10 N_S=47624    127.01 GB [0s]
   (12, 8, 4, 2, 1, 1)        ell=6 a=8  bal=11 N_S=79231    351.54 GB [0s]
   (12, 8, 3, 3, 2)           ell=5 a=4  bal=10 N_S=56858    181.04 GB [0s]
   (12, 8, 3, 3, 1, 1)        ell=6 a=5  bal=11 N_S=94992    505.31 GB [0s]
   (12, 8, 3, 2, 2, 1)        ell=6 a=7  bal=11 N_S=126622   897.86 GB [0s]
   (12, 8, 2, 2, 2, 2)        ell=6 a=4  bal=10 N_S=169030   1599.98 GB [0s]
   (12, 7, 7, 1, 1)           ell=5 a=7  bal=11 N_S=14024    11.01 GB (enum-checked) [0s]
   (12, 7, 6, 2, 1)           ell=5 a=18 bal=11 N_S=30432    51.86 GB [0s]
   (12, 7, 6, 1, 1, 1)        ell=6 a=2  bal=11 N_S=50517    142.91 GB [0s]
   (12, 7, 5, 3, 1)           ell=5 a=24 bal=11 N_S=46058    118.80 GB [0s]
   (12, 7, 5, 2, 2)           ell=5 a=14 bal=10 N_S=61313    210.52 GB [0s]
   (12, 7, 5, 2, 1, 1)        ell=6 a=11 bal=11 N_S=102489   588.22 GB [0s]
   (12, 7, 4, 4, 1)           ell=5 a=16 bal=11 N_S=52858    156.46 GB [0s]
   (12, 7, 4, 3, 2)           ell=5 a=17 bal=10 N_S=84241    397.41 GB [0s]
   (12, 7, 4, 3, 1, 1)        ell=6 a=9  bal=11 N_S=141365   1119.11 GB [0s]
   (12, 7, 4, 2, 2, 1)        ell=6 a=12 bal=11 N_S=188724   1994.54 GB [0s]
   (12, 7, 3, 3, 2, 1)        ell=6 a=3  bal=11 N_S=226943   2884.18 GB [0s]
   (12, 7, 3, 2, 2, 2)        ell=6 a=3  bal=10 N_S=303442   5156.31 GB [0s]
   (12, 7, 3, 2, 2, 1, 1)     ell=7 a=2  bal=11 N_S=515934   14906.52 GB [0s]
   (12, 6, 6, 3, 1)           ell=5 a=9  bal=11 N_S=50135    140.76 GB [0s]
   (12, 6, 6, 2, 2)           ell=5 a=13 bal=10 N_S=66799    249.88 GB [0s]
   (12, 6, 6, 2, 1, 1)        ell=6 a=2  bal=11 N_S=111665   698.27 GB [0s]
   (12, 6, 5, 4, 1)           ell=5 a=13 bal=11 N_S=63684    227.12 GB [0s]
   (12, 6, 5, 3, 2)           ell=5 a=12 bal=10 N_S=101673   578.89 GB [0s]
   (12, 6, 5, 3, 1, 1)        ell=6 a=8  bal=11 N_S=171037   1638.20 GB [0s]
   (12, 6, 5, 2, 2, 1)        ell=6 a=9  bal=11 N_S=228515   2924.27 GB [0s]
   (12, 6, 4, 4, 2)           ell=5 a=17 bal=10 N_S=116870   764.88 GB [0s]
   (12, 6, 4, 4, 1, 1)        ell=6 a=4  bal=11 N_S=196639   2165.35 GB [0s]
   (12, 6, 4, 3, 3)           ell=5 a=2  bal=9  N_S=140142   1099.83 GB [0s]
   (12, 6, 4, 3, 2, 1)        ell=6 a=9  bal=11 N_S=316376   5605.25 GB [0s]
   (12, 6, 4, 2, 2, 2)        ell=6 a=7  bal=10 N_S=423562   10046.67 GB [0s]
   (12, 5, 5, 4, 2)           ell=5 a=3  bal=10 N_S=129514   939.34 GB [0s]
   (12, 5, 5, 4, 1, 1)        ell=6 a=5  bal=11 N_S=218389   2670.85 GB [0s]
   (12, 5, 5, 3, 3)           ell=5 a=3  bal=9  N_S=155459   1353.38 GB [0s]
   (12, 5, 5, 3, 2, 1)        ell=6 a=4  bal=11 N_S=351692   6926.49 GB [0s]
   (12, 5, 5, 2, 2, 1, 1)     ell=7 a=2  bal=11 N_S=803878   36188.31 GB [0s]
   (12, 5, 4, 4, 3)           ell=5 a=4  bal=9  N_S=178743   1789.15 GB [0s]
   (12, 5, 4, 4, 2, 1)        ell=6 a=6  bal=11 N_S=404763   9174.65 GB [0s]
   (12, 5, 4, 3, 2, 2)        ell=6 a=2  bal=10 N_S=654057   23956.27 GB [0s]
   (12, 4, 4, 4, 4)           ell=5 a=4  bal=8  N_S=205616   2367.56 GB [0s]
   (12, 4, 4, 4, 2, 2)        ell=6 a=3  bal=10 N_S=753475   31792.58 GB [0s]
   (11, 11, 4, 1, 1)          ell=5 a=4  bal=10 N_S=7865     3.46 GB (enum-checked) [0s]
   (11, 11, 3, 2, 1)          ell=5 a=4  bal=10 N_S=12310    8.49 GB (enum-checked) [0s]
   (11, 10, 5, 1, 1)          ell=5 a=6  bal=10 N_S=11555    7.48 GB (enum-checked) [0s]
   (11, 10, 4, 2, 1)          ell=5 a=13 bal=10 N_S=20831    24.30 GB (enum-checked) [1s]
   (11, 10, 3, 3, 1)          ell=5 a=4  bal=10 N_S=24802    34.45 GB (enum-checked) [1s]
   (11, 10, 3, 2, 2)          ell=5 a=6  bal=9  N_S=32934    60.74 GB [0s]
   (11, 10, 3, 2, 1, 1)       ell=6 a=3  bal=10 N_S=54600    166.94 GB [0s]
   (11, 10, 2, 2, 2, 1)       ell=6 a=2  bal=10 N_S=72652    295.59 GB [0s]
   (11, 9, 6, 1, 1)           ell=5 a=9  bal=10 N_S=14837    12.33 GB (enum-checked) [0s]
   (11, 9, 5, 2, 1)           ell=5 a=19 bal=10 N_S=29643    49.21 GB (enum-checked) [1s]
   (11, 9, 5, 1, 1, 1)        ell=6 a=3  bal=10 N_S=49231    135.73 GB [0s]
   (11, 9, 4, 3, 1)           ell=5 a=18 bal=10 N_S=40583    92.23 GB [0s]
   (11, 9, 4, 2, 2)           ell=5 a=12 bal=9  N_S=54023    163.44 GB [0s]
   (11, 9, 4, 2, 1, 1)        ell=6 a=8  bal=10 N_S=90134    454.95 GB [0s]
   (11, 9, 3, 3, 2)           ell=5 a=5  bal=9  N_S=64588    233.61 GB [0s]
   (11, 9, 3, 3, 1, 1)        ell=6 a=2  bal=10 N_S=108160   655.12 GB [0s]
   (11, 9, 3, 2, 2, 1)        ell=6 a=6  bal=10 N_S=144306   1166.16 GB [0s]
   (11, 8, 7, 1, 1)           ell=5 a=6  bal=10 N_S=16757    15.72 GB (enum-checked) [1s]
   (11, 8, 6, 2, 1)           ell=5 a=21 bal=10 N_S=36521    74.69 GB [0s]
   (11, 8, 6, 1, 1, 1)        ell=6 a=2  bal=10 N_S=60802    207.03 GB [0s]
   (11, 8, 5, 3, 1)           ell=5 a=23 bal=10 N_S=55401    171.88 GB [0s]
   (11, 8, 5, 2, 2)           ell=5 a=17 bal=9  N_S=73857    305.47 GB [0s]
   (11, 8, 5, 2, 1, 1)        ell=6 a=11 bal=10 N_S=123805   858.35 GB [0s]
   (11, 8, 4, 4, 1)           ell=5 a=16 bal=10 N_S=63612    226.60 GB [0s]
   (11, 8, 4, 3, 2)           ell=5 a=17 bal=9  N_S=101636   578.47 GB [0s]
   (11, 8, 4, 3, 1, 1)        ell=6 a=9  bal=10 N_S=171024   1637.96 GB [0s]
   (11, 8, 4, 2, 2, 1)        ell=6 a=12 bal=10 N_S=228629   2927.19 GB [0s]
   (11, 8, 3, 3, 2, 1)        ell=6 a=4  bal=10 N_S=275195   4241.01 GB [0s]
   (11, 8, 3, 2, 2, 2)        ell=6 a=3  bal=9  N_S=368430   7601.48 GB [0s]
   (11, 7, 7, 2, 1)           ell=5 a=8  bal=10 N_S=39048    85.39 GB [0s]
   (11, 7, 7, 1, 1, 1)        ell=6 a=2  bal=10 N_S=65117    237.45 GB [0s]
   (11, 7, 6, 3, 1)           ell=5 a=19 bal=10 N_S=64571    233.49 GB [0s]
   (11, 7, 6, 2, 2)           ell=5 a=12 bal=9  N_S=86142    415.54 GB [0s]
   (11, 7, 6, 2, 1, 1)        ell=6 a=8  bal=10 N_S=144675   1172.13 GB [0s]
   (11, 7, 5, 4, 1)           ell=5 a=18 bal=10 N_S=82145    377.88 GB [0s]
   (11, 7, 5, 3, 2)           ell=5 a=18 bal=9  N_S=131571   969.41 GB [0s]
   (11, 7, 5, 3, 1, 1)        ell=6 a=12 bal=10 N_S=222229   2765.60 GB [0s]
   (11, 7, 5, 2, 2, 1)        ell=6 a=11 bal=10 N_S=297376   4952.22 GB [0s]
   (11, 7, 5, 2, 1, 1, 1)     ell=7 a=2  bal=10 N_S=506776   14382.03 GB [0s]
   (11, 7, 4, 4, 2)           ell=5 a=14 bal=9  N_S=151281   1281.61 GB [0s]
   (11, 7, 4, 4, 1, 1)        ell=6 a=8  bal=10 N_S=255637   3659.62 GB [0s]
   (11, 7, 4, 3, 3)           ell=5 a=6  bal=8  N_S=181735   1849.55 GB [0s]
   (11, 7, 4, 3, 2, 1)        ell=6 a=11 bal=10 N_S=412505   9528.98 GB [0s]
   (11, 7, 4, 2, 2, 2)        ell=6 a=5  bal=9  N_S=553021   17126.60 GB [0s]
   (11, 7, 4, 2, 2, 1, 1)     ell=7 a=3  bal=10 N_S=945924   50107.24 GB [0s]
   (11, 6, 6, 4, 1)           ell=5 a=11 bal=10 N_S=89493    448.50 GB [0s]
   (11, 6, 6, 3, 2)           ell=5 a=10 bal=9  N_S=143430   1152.04 GB [0s]
   (11, 6, 6, 3, 1, 1)        ell=6 a=3  bal=10 N_S=242373   3289.70 GB [0s]
   (11, 6, 6, 2, 2, 1)        ell=6 a=6  bal=10 N_S=324469   5895.69 GB [0s]
   (11, 6, 5, 5, 1)           ell=5 a=3  bal=10 N_S=99184    550.90 GB [0s]
   (11, 6, 5, 4, 2)           ell=5 a=13 bal=9  N_S=183018   1875.75 GB [0s]
   (11, 6, 5, 4, 1, 1)        ell=6 a=7  bal=10 N_S=309984   5381.04 GB [0s]
   (11, 6, 5, 3, 3)           ell=5 a=3  bal=8  N_S=220048   2711.58 GB [0s]
   (11, 6, 5, 3, 2, 1)        ell=6 a=10 bal=10 N_S=500930   14052.13 GB [0s]
   (11, 6, 5, 3, 1, 1, 1)     ell=7 a=2  bal=10 N_S=857655   41192.04 GB [0s]
   (11, 6, 5, 2, 2, 2)        ell=6 a=4  bal=9  N_S=672027   25290.74 GB [0s]
   (11, 6, 5, 2, 2, 1, 1)     ell=7 a=2  bal=10 N_S=1151621  74268.93 GB [0s]
   (11, 6, 4, 4, 3)           ell=5 a=8  bal=8  N_S=253195   3590.03 GB [0s]
   (11, 6, 4, 4, 2, 1)        ell=6 a=10 bal=10 N_S=576947   18640.60 GB [0s]
   (11, 6, 4, 3, 3, 1)        ell=6 a=2  bal=10 N_S=696653   27178.22 GB [0s]
   (11, 6, 4, 3, 2, 2)        ell=6 a=4  bal=9  N_S=935345   48992.74 GB [0s]
   (11, 6, 4, 3, 2, 1, 1)     ell=7 a=2  bal=10 N_S=1607040  144624.34 GB [0s]
   (11, 6, 4, 2, 2, 2, 1)     ell=7 a=2  bal=10 N_S=2161167  261556.00 GB [0s]
   (11, 5, 5, 5, 1, 1)        ell=6 a=2  bal=10 N_S=344694   6653.58 GB [0s]
   (11, 5, 5, 4, 3)           ell=5 a=3  bal=8  N_S=281275   4430.48 GB [0s]
   (11, 5, 5, 4, 2, 1)        ell=6 a=4  bal=10 N_S=642178   23093.98 GB [0s]
   (11, 5, 5, 4, 1, 1, 1)     ell=7 a=2  bal=10 N_S=1101537  67949.49 GB [0s]
   (11, 5, 5, 3, 3, 1)        ell=6 a=2  bal=10 N_S=775794   33703.95 GB [0s]
   (11, 5, 4, 4, 4)           ell=5 a=2  bal=7  N_S=323771   5870.35 GB [0s]
   (11, 5, 4, 4, 3, 1)        ell=6 a=4  bal=10 N_S=894053   44762.52 GB [0s]
   (11, 5, 4, 4, 2, 2)        ell=6 a=3  bal=9  N_S=1201222  80804.32 GB [0s]
   (11, 4, 4, 4, 4, 1)        ell=6 a=2  bal=10 N_S=1030577  59476.98 GB [0s]
   (10, 10, 5, 2, 1)          ell=5 a=8  bal=9  N_S=30931    53.58 GB [0s]
   (10, 10, 4, 3, 1)          ell=5 a=5  bal=9  N_S=42357    100.47 GB [0s]
   (10, 10, 4, 2, 2)          ell=5 a=9  bal=8  N_S=56427    178.30 GB [0s]
   (10, 10, 4, 2, 1, 1)       ell=6 a=2  bal=9  N_S=94142    496.31 GB [0s]
   (10, 10, 3, 3, 1, 1)       ell=6 a=2  bal=9  N_S=112985   714.87 GB [0s]
   (10, 10, 3, 2, 2, 1)       ell=6 a=2  bal=9  N_S=150802   1273.51 GB [0s]
   (10, 10, 2, 2, 2, 2)       ell=6 a=2  bal=8  N_S=201554   2274.94 GB [0s]
   (10, 9, 7, 1, 1)           ell=5 a=4  bal=9  N_S=18305    18.76 GB (enum-checked) [1s]
   (10, 9, 6, 2, 1)           ell=5 a=13 bal=9  N_S=39975    89.49 GB [0s]
   (10, 9, 6, 1, 1, 1)        ell=6 a=2  bal=9  N_S=66652    248.78 GB [0s]
   (10, 9, 5, 3, 1)           ell=5 a=14 bal=9  N_S=60710    206.40 GB [0s]
   (10, 9, 5, 2, 2)           ell=5 a=10 bal=8  N_S=80984    367.27 GB [0s]
   (10, 9, 5, 2, 1, 1)        ell=6 a=8  bal=9  N_S=135950   1035.01 GB [0s]
   (10, 9, 4, 4, 1)           ell=5 a=10 bal=9  N_S=69723    272.23 GB [0s]
   (10, 9, 4, 3, 2)           ell=5 a=10 bal=8  N_S=111532   696.61 GB [0s]
   (10, 9, 4, 3, 1, 1)        ell=6 a=6  bal=9  N_S=187940   1978.00 GB [0s]
   (10, 9, 4, 2, 2, 1)        ell=6 a=7  bal=9  N_S=251398   3539.25 GB [0s]
   (10, 9, 3, 3, 2, 1)        ell=6 a=2  bal=9  N_S=302748   5132.76 GB [0s]
   (10, 9, 3, 2, 2, 2)        ell=6 a=2  bal=8  N_S=405556   9210.64 GB [0s]
   (10, 8, 7, 2, 1)           ell=5 a=11 bal=9  N_S=45301    114.92 GB [0s]
   (10, 8, 7, 1, 1, 1)        ell=6 a=3  bal=9  N_S=75689    320.81 GB [0s]
   (10, 8, 6, 3, 1)           ell=5 a=17 bal=9  N_S=75048    315.40 GB [0s]
   (10, 8, 6, 2, 2)           ell=5 a=17 bal=8  N_S=100258   562.89 GB [0s]
   (10, 8, 6, 2, 1, 1)        ell=6 a=6  bal=9  N_S=168661   1593.01 GB [0s]
   (10, 8, 5, 4, 1)           ell=5 a=17 bal=9  N_S=95553    511.30 GB [0s]
   (10, 8, 5, 3, 2)           ell=5 a=15 bal=8  N_S=153322   1316.43 GB [0s]
   (10, 8, 5, 3, 1, 1)        ell=6 a=12 bal=9  N_S=259449   3769.57 GB [0s]
   (10, 8, 5, 2, 2, 1)        ell=6 a=10 bal=9  N_S=347540   6763.91 GB [0s]
   (10, 8, 5, 2, 1, 1, 1)     ell=7 a=2  bal=9  N_S=593330   19714.27 GB [0s]
   (10, 8, 4, 4, 2)           ell=5 a=17 bal=8  N_S=176392   1742.39 GB [0s]
   (10, 8, 4, 4, 1, 1)        ell=6 a=4  bal=9  N_S=298573   4992.17 GB [0s]
   (10, 8, 4, 3, 3)           ell=5 a=2  bal=7  N_S=212005   2516.98 GB [0s]
   (10, 8, 4, 3, 2, 1)        ell=6 a=10 bal=9  N_S=482585   13041.74 GB [0s]
   (10, 8, 4, 3, 1, 1, 1)     ell=7 a=2  bal=9  N_S=826178   38223.92 GB [0s]
   (10, 8, 4, 2, 2, 2)        ell=6 a=6  bal=8  N_S=647638   23488.36 GB [0s]
   (10, 7, 7, 3, 1)           ell=5 a=10 bal=9  N_S=80371    361.73 GB [0s]
   (10, 7, 7, 2, 1, 1)        ell=6 a=5  bal=9  N_S=180916   1832.91 GB [0s]
   (10, 7, 6, 4, 1)           ell=5 a=15 bal=9  N_S=111562   696.98 GB [0s]
   (10, 7, 6, 3, 2)           ell=5 a=14 bal=8  N_S=179251   1799.33 GB [0s]
   (10, 7, 6, 3, 1, 1)        ell=6 a=8  bal=9  N_S=303864   5170.67 GB [0s]
   (10, 7, 6, 2, 2, 1)        ell=6 a=8  bal=9  N_S=407298   9289.93 GB [0s]
   (10, 7, 5, 5, 1)           ell=5 a=6  bal=9  N_S=123731   857.32 GB [0s]
   (10, 7, 5, 4, 2)           ell=5 a=14 bal=8  N_S=228986   2936.34 GB [0s]
   (10, 7, 5, 4, 1, 1)        ell=6 a=11 bal=9  N_S=389049   8476.11 GB [0s]
   (10, 7, 5, 3, 3)           ell=5 a=7  bal=7  N_S=275638   4254.67 GB [0s]
   (10, 7, 5, 3, 2, 1)        ell=6 a=12 bal=9  N_S=630114   22234.44 GB [0s]
   (10, 7, 5, 3, 1, 1, 1)     ell=7 a=2  bal=9  N_S=1081706  65524.92 GB [0s]
   (10, 7, 5, 2, 2, 2)        ell=6 a=3  bal=8  N_S=846321   40110.52 GB [0s]
   (10, 7, 5, 2, 2, 1, 1)     ell=7 a=3  bal=9  N_S=1454170  118418.18 GB [0s]
   (10, 7, 4, 4, 3)           ell=5 a=8  bal=7  N_S=317304   5638.18 GB [0s]
   (10, 7, 4, 4, 2, 1)        ell=6 a=10 bal=9  N_S=726075   29522.35 GB [0s]
   (10, 7, 4, 4, 1, 1, 1)     ell=7 a=2  bal=9  N_S=1247227  87112.21 GB [0s]
   (10, 7, 4, 3, 3, 1)        ell=6 a=3  bal=9  N_S=877576   43127.82 GB [0s]
   (10, 7, 4, 3, 2, 2)        ell=6 a=4  bal=8  N_S=1179611  77923.00 GB [0s]
   (10, 7, 4, 3, 2, 1, 1)     ell=7 a=2  bal=9  N_S=2031939  231211.46 GB [0s]
   (10, 7, 4, 2, 2, 2, 1)     ell=7 a=2  bal=9  N_S=2735572  419067.83 GB [0s]
   (10, 6, 6, 5, 1)           ell=5 a=4  bal=9  N_S=134875   1018.71 GB [0s]
   (10, 6, 6, 4, 2)           ell=5 a=13 bal=8  N_S=249854   3495.91 GB [0s]
   (10, 6, 6, 4, 1, 1)        ell=6 a=2  bal=9  N_S=424650   10098.35 GB [0s]
   (10, 6, 6, 3, 2, 1)        ell=6 a=6  bal=9  N_S=688163   26519.83 GB [0s]
   (10, 6, 6, 2, 2, 2)        ell=6 a=5  bal=8  N_S=924685   47882.37 GB [0s]
   (10, 6, 5, 5, 2)           ell=5 a=2  bal=8  N_S=277512   4312.72 GB [0s]
   (10, 6, 5, 5, 1, 1)        ell=6 a=3  bal=9  N_S=472524   12503.62 GB [0s]
   (10, 6, 5, 4, 3)           ell=5 a=6  bal=7  N_S=384970   8299.31 GB [0s]
   (10, 6, 5, 4, 2, 1)        ell=6 a=10 bal=9  N_S=883362   43698.39 GB [0s]
   (10, 6, 5, 3, 3, 1)        ell=6 a=3  bal=9  N_S=1068373  63919.57 GB [0s]
   (10, 6, 5, 3, 2, 2)        ell=6 a=3  bal=8  N_S=1437014  115640.52 GB [0s]
   (10, 6, 5, 3, 2, 1, 1)     ell=7 a=3  bal=9  N_S=2479485  344279.37 GB [0s]
   (10, 6, 4, 4, 4)           ell=5 a=7  bal=6  N_S=443470   11013.28 GB [0s]
   (10, 6, 4, 4, 3, 1)        ell=6 a=5  bal=9  N_S=1232014  85000.08 GB [0s]
   (10, 6, 4, 4, 2, 2)        ell=6 a=7  bal=8  N_S=1657809  153906.52 GB [0s]
   (10, 5, 5, 4, 3, 1)        ell=6 a=3  bal=9  N_S=1373429  105633.20 GB [0s]
   (10, 5, 5, 4, 2, 1, 1)     ell=7 a=2  bal=9  N_S=3194958  571634.37 GB [0s]
   (10, 5, 4, 4, 4, 1)        ell=6 a=3  bal=9  N_S=1584363  140571.54 GB [0s]
   (10, 5, 4, 4, 3, 2)        ell=6 a=2  bal=8  N_S=2585141  374245.42 GB [0s]
   (10, 4, 4, 4, 4, 2)        ell=6 a=3  bal=8  N_S=2984605  498840.55 GB [0s]
   (9, 9, 8, 1, 1)            ell=5 a=2  bal=8  N_S=20299    23.07 GB (enum-checked) [1s]
   (9, 9, 7, 2, 1)            ell=5 a=4  bal=8  N_S=47527    126.49 GB [0s]
   (9, 9, 6, 3, 1)            ell=5 a=8  bal=8  N_S=78804    347.76 GB [0s]
   (9, 9, 6, 2, 2)            ell=5 a=2  bal=7  N_S=105271   620.59 GB [0s]
   (9, 9, 6, 2, 1, 1)         ell=6 a=4  bal=8  N_S=177331   1760.99 GB [0s]
   (9, 9, 5, 4, 1)            ell=5 a=6  bal=8  N_S=100364   564.08 GB [0s]
   (9, 9, 5, 3, 2)            ell=5 a=7  bal=7  N_S=161145   1454.19 GB [0s]
   (9, 9, 5, 3, 1, 1)         ell=6 a=4  bal=8  N_S=272954   4172.22 GB [0s]
   (9, 9, 5, 2, 2, 1)         ell=6 a=4  bal=8  N_S=365727   7490.35 GB [0s]
   (9, 9, 4, 4, 2)            ell=5 a=2  bal=7  N_S=185374   1924.36 GB [0s]
   (9, 9, 4, 4, 1, 1)         ell=6 a=4  bal=8  N_S=314143   5526.41 GB [0s]
   (9, 9, 4, 3, 3)            ell=5 a=3  bal=6  N_S=222929   2783.05 GB [0s]
   (9, 9, 4, 3, 2, 1)         ell=6 a=4  bal=8  N_S=508045   14454.14 GB [0s]
   (9, 9, 4, 2, 2, 1, 1)      ell=7 a=2  bal=8  N_S=1169364  76575.08 GB [0s]
   (9, 8, 8, 2, 1)            ell=5 a=3  bal=8  N_S=50372    142.09 GB [0s]
   (9, 8, 7, 3, 1)            ell=5 a=8  bal=8  N_S=89512    448.69 GB [0s]
   (9, 8, 7, 2, 2)            ell=5 a=5  bal=7  N_S=119656   801.78 GB [0s]
   (9, 8, 7, 2, 1, 1)         ell=6 a=4  bal=8  N_S=201948   2283.85 GB [0s]
   (9, 8, 6, 4, 1)            ell=5 a=12 bal=8  N_S=124349   865.91 GB [0s]
   (9, 8, 6, 3, 2)            ell=5 a=11 bal=7  N_S=200048   2241.08 GB [0s]
   (9, 8, 6, 3, 1, 1)         ell=6 a=6  bal=8  N_S=339613   6458.87 GB [0s]
   (9, 8, 6, 2, 2, 1)         ell=6 a=6  bal=8  N_S=455519   11619.86 GB [0s]
   (9, 8, 5, 5, 1)            ell=5 a=4  bal=8  N_S=137957   1065.80 GB [0s]
   (9, 8, 5, 4, 2)            ell=5 a=11 bal=7  N_S=255698   3661.36 GB [0s]
   (9, 8, 5, 4, 1, 1)         ell=6 a=7  bal=8  N_S=435056   10599.33 GB [0s]
   (9, 8, 5, 3, 3)            ell=5 a=4  bal=6  N_S=307952   5310.73 GB [0s]
   (9, 8, 5, 3, 2, 1)         ell=6 a=9  bal=8  N_S=705421   27866.65 GB [0s]
   (9, 8, 5, 3, 1, 1, 1)      ell=7 a=2  bal=8  N_S=1212531  82332.96 GB [0s]
   (9, 8, 5, 2, 2, 2)         ell=6 a=3  bal=7  N_S=948050   50332.73 GB [0s]
   (9, 8, 4, 4, 3)            ell=5 a=5  bal=6  N_S=354593   7041.23 GB [0s]
   (9, 8, 4, 4, 2, 1)         ell=6 a=7  bal=8  N_S=813052   37019.00 GB [0s]
   (9, 8, 4, 3, 3, 1)         ell=6 a=2  bal=8  N_S=983149   54128.59 GB [0s]
   (9, 8, 4, 3, 2, 2)         ell=6 a=3  bal=7  N_S=1322314  97916.80 GB [0s]
   (9, 8, 4, 3, 2, 1, 1)      ell=7 a=2  bal=8  N_S=2280550  291250.86 GB [0s]
   (9, 7, 7, 4, 1)            ell=5 a=5  bal=8  N_S=133282   994.79 GB [0s]
   (9, 7, 7, 3, 2)            ell=5 a=5  bal=7  N_S=214572   2578.30 GB [0s]
   (9, 7, 7, 3, 1, 1)         ell=6 a=4  bal=8  N_S=364721   7449.20 GB [0s]
   (9, 7, 7, 2, 2, 1)         ell=6 a=2  bal=8  N_S=489312   13407.87 GB [0s]
   (9, 7, 6, 5, 1)            ell=5 a=6  bal=8  N_S=161275   1456.54 GB [0s]
   (9, 7, 6, 4, 2)            ell=5 a=10 bal=7  N_S=299391   5019.56 GB [0s]
   (9, 7, 6, 4, 1, 1)         ell=6 a=7  bal=8  N_S=510265   14580.74 GB [0s]
   (9, 7, 6, 3, 3)            ell=5 a=5  bal=6  N_S=360796   7289.73 GB [0s]
   (9, 7, 6, 3, 2, 1)         ell=6 a=8  bal=8  N_S=828333   38423.59 GB [0s]
   (9, 7, 6, 2, 2, 2)         ell=6 a=2  bal=7  N_S=1113896  69482.80 GB [0s]
   (9, 7, 6, 2, 2, 1, 1)      ell=7 a=2  bal=8  N_S=1919115  206248.13 GB [0s]
   (9, 7, 5, 5, 2)            ell=5 a=5  bal=7  N_S=332773   6201.32 GB [0s]
   (9, 7, 5, 5, 1, 1)         ell=6 a=3  bal=8  N_S=568070   18071.40 GB [0s]
   (9, 7, 5, 4, 3)            ell=5 a=7  bal=6  N_S=462229   11964.72 GB [0s]
   (9, 7, 5, 4, 2, 1)         ell=6 a=10 bal=8  N_S=1064153  63415.61 GB [0s]
   (9, 7, 5, 4, 1, 1, 1)      ell=7 a=2  bal=8  N_S=1835057  188576.31 GB [0s]
   (9, 7, 5, 3, 3, 1)         ell=6 a=4  bal=8  N_S=1288025  92904.47 GB [0s]
   (9, 7, 5, 3, 2, 2)         ell=6 a=3  bal=7  N_S=1733887  168356.39 GB [0s]
   (9, 7, 5, 3, 2, 1, 1)      ell=7 a=2  bal=8  N_S=2997778  503253.68 GB [0s]
   (9, 7, 4, 4, 4)            ell=5 a=2  bal=5  N_S=532586   15884.28 GB [0s]
   (9, 7, 4, 4, 3, 1)         ell=6 a=6  bal=8  N_S=1485820  123629.02 GB [0s]
   (9, 7, 4, 4, 2, 2)         ell=6 a=3  bal=7  N_S=2000881  224197.39 GB [0s]
   (9, 7, 4, 4, 2, 1, 1)      ell=7 a=3  bal=8  N_S=3461452  670972.40 GB [0s]
   (9, 6, 6, 6, 1)            ell=5 a=2  bal=8  N_S=175874   1732.17 GB [0s]
   (9, 6, 6, 5, 2)            ell=5 a=4  bal=7  N_S=363220   7388.01 GB [0s]
   (9, 6, 6, 4, 3)            ell=5 a=5  bal=6  N_S=504694   14264.10 GB [0s]
   (9, 6, 6, 4, 2, 1)         ell=6 a=6  bal=8  N_S=1162957  75738.26 GB [0s]
   (9, 6, 6, 3, 2, 2)         ell=6 a=3  bal=7  N_S=1895864  201280.82 GB [0s]
   (9, 6, 5, 5, 2, 1)         ell=6 a=2  bal=8  N_S=1296420  94119.47 GB [0s]
   (9, 6, 5, 4, 4)            ell=5 a=3  bal=5  N_S=647324   23465.59 GB [0s]
   (9, 6, 5, 4, 3, 1)         ell=6 a=5  bal=8  N_S=1811783  183823.23 GB [0s]
   (9, 6, 5, 4, 2, 2)         ell=6 a=4  bal=7  N_S=2441357  333772.54 GB [0s]
   (9, 6, 5, 4, 2, 1, 1)      ell=7 a=2  bal=8  N_S=4230155  1002075.83 GB [0s]
   (9, 6, 4, 4, 4, 1)         ell=6 a=4  bal=8  N_S=2091090  244868.81 GB [0s]
   (9, 6, 4, 4, 3, 2)         ell=6 a=3  bal=7  N_S=3418858  654561.04 GB [0s]
   (9, 6, 4, 4, 2, 2, 1)      ell=7 a=2  bal=8  N_S=8016285  3598606.21 GB [0s]
   (9, 5, 4, 4, 4, 2)         ell=6 a=2  bal=7  N_S=4409962  1089074.83 GB [0s]
   (8, 8, 8, 2, 2)            ell=5 a=3  bal=6  N_S=127004   903.28 GB [0s]
   (8, 8, 7, 4, 1)            ell=5 a=4  bal=7  N_S=141434   1120.20 GB [0s]
   (8, 8, 7, 3, 2)            ell=5 a=3  bal=6  N_S=227835   2906.89 GB [0s]
   (8, 8, 7, 3, 1, 1)         ell=6 a=3  bal=7  N_S=387460   8407.01 GB [0s]
   (8, 8, 6, 5, 1)            ell=5 a=3  bal=7  N_S=171178   1640.91 GB [0s]
   (8, 8, 6, 4, 2)            ell=5 a=9  bal=6  N_S=318063   5665.19 GB [0s]
   (8, 8, 6, 3, 2, 1)         ell=6 a=4  bal=7  N_S=880799   43445.19 GB [0s]
   (8, 8, 6, 2, 2, 2)         ell=6 a=3  bal=6  N_S=1184921  78626.12 GB [0s]
   (8, 8, 5, 5, 1, 1)         ell=6 a=3  bal=7  N_S=603787   20415.29 GB [0s]
   (8, 8, 5, 4, 3)            ell=5 a=4  bal=5  N_S=491201   13511.59 GB [0s]
   (8, 8, 5, 4, 2, 1)         ell=6 a=4  bal=7  N_S=1131842  71739.71 GB [0s]
   (8, 8, 5, 3, 3, 1)         ell=6 a=2  bal=7  N_S=1370202  105137.40 GB [0s]
   (8, 8, 4, 4, 4)            ell=5 a=4  bal=4  N_S=566114   17947.16 GB [0s]
   (8, 8, 4, 4, 2, 2)         ell=6 a=4  bal=6  N_S=2129605  253972.18 GB [0s]
   (8, 7, 7, 5, 1)            ell=5 a=3  bal=7  N_S=183591   1887.52 GB [0s]
   (8, 7, 7, 4, 1, 1)         ell=6 a=3  bal=7  N_S=582738   19016.68 GB [0s]
   (8, 7, 7, 3, 3)            ell=5 a=3  bal=5  N_S=411602   9487.31 GB [0s]
   (8, 7, 7, 3, 2, 1)         ell=6 a=2  bal=7  N_S=947062   50227.88 GB [0s]
   (8, 7, 6, 5, 2)            ell=5 a=4  bal=6  N_S=414341   9613.99 GB [0s]
   (8, 7, 6, 5, 1, 1)         ell=6 a=2  bal=7  N_S=708835   28137.04 GB [0s]
   (8, 7, 6, 4, 3)            ell=5 a=4  bal=5  N_S=576214   18593.26 GB [0s]
   (8, 7, 6, 4, 2, 1)         ell=6 a=6  bal=7  N_S=1330625  99151.52 GB [0s]
   (8, 7, 6, 3, 3, 1)         ell=6 a=2  bal=7  N_S=1611657  145456.54 GB [0s]
   (8, 7, 6, 3, 2, 2)         ell=6 a=2  bal=6  N_S=2171481  264058.47 GB [0s]
   (8, 7, 5, 5, 3)            ell=5 a=2  bal=5  N_S=641452   23041.80 GB [0s]
   (8, 7, 5, 5, 2, 1)         ell=6 a=2  bal=7  N_S=1483766  123287.45 GB [0s]
   (8, 7, 5, 4, 3, 1)         ell=6 a=5  bal=7  N_S=2075122  241143.35 GB [0s]
   (8, 7, 5, 4, 2, 2)         ell=6 a=2  bal=6  N_S=2797724  438326.54 GB [0s]
   (8, 7, 5, 4, 2, 1, 1)      ell=7 a=2  bal=7  N_S=4853887  1319372.26 GB [0s]
   (8, 7, 4, 4, 4, 1)         ell=6 a=3  bal=7  N_S=2395605  321379.71 GB [0s]
   (8, 7, 4, 4, 3, 2)         ell=6 a=2  bal=6  N_S=3920646  860802.04 GB [0s]
   (8, 6, 6, 6, 2)            ell=5 a=3  bal=6  N_S=452447   11463.66 GB [0s]
   (8, 6, 6, 5, 2, 1)         ell=6 a=2  bal=7  N_S=1622210  147367.66 GB [0s]
   (8, 6, 6, 4, 4)            ell=5 a=4  bal=4  N_S=807980   36558.57 GB [0s]
   (8, 6, 6, 4, 3, 1)         ell=6 a=2  bal=7  N_S=2269527  288442.16 GB [0s]
   (8, 6, 6, 4, 2, 2)         ell=6 a=4  bal=6  N_S=3060895  524668.38 GB [0s]
   (8, 6, 5, 4, 4, 1)         ell=6 a=2  bal=7  N_S=2925135  479159.23 GB [0s]
   (8, 6, 5, 4, 3, 2)         ell=6 a=2  bal=6  N_S=4792799  1286371.65 GB [0s]
   (8, 6, 4, 4, 4, 2)         ell=6 a=4  bal=6  N_S=5538885  1718037.83 GB [0s]
   (8, 4, 4, 4, 4, 4)         ell=6 a=2  bal=4  N_S=10060304 5667744.13 GB [0s]
   (7, 7, 6, 4, 3, 1)         ell=6 a=2  bal=6  N_S=2443158  334265.18 GB [0s]
   (7, 7, 4, 4, 4, 1, 1)      ell=7 a=2  bal=6  N_S=10403760 6061340.44 GB [0s]

433 cells; 46 feasible at 7.2 GB (this container), 44 at 6.5 GB (s30 ref)
total 157s
