worker bal (pid 2171): 25 cells within cap N_S <= 6000, headroom 0.70
lam                     ell  a   N_S   mult_det  mult_pad   D
      rank(R) mod 2147483647 = 4502  [51s]
      rank(R) mod 2147483629 = 4502  [49s]
      det mult mod 2147483647 = 8  [48s]
      det mult mod 2147483629 = 8  [49s]
      pad mult mod 2147483647 = 8  [48s]
      pad mult mod 2147483629 = 8  [49s]
(15, 7, 4, 1, 1)          5   8   4510     8 (=a)    8 (=a)   +0  [295s, maxrss 0.68 GB]
      rank(R) mod 2147483647 = 4959  [63s]
      rank(R) mod 2147483629 = 4959  [64s]
      det mult mod 2147483647 = 7  [64s]
      det mult mod 2147483629 = 7  [63s]
      pad mult mod 2147483647 = 7  [63s]
      pad mult mod 2147483629 = 7  [63s]
(14, 9, 2, 2, 1)          5   7   4966     7 (=a)    7 (=a)   +0  [382s, maxrss 0.84 GB]
      rank(R) mod 2147483647 = 5770  [101s]
      rank(R) mod 2147483629 = 5770  [101s]
      det mult mod 2147483647 = 7  [101s]
      det mult mod 2147483629 = 7  [101s]
      pad mult mod 2147483647 = 7  [104s]
      pad mult mod 2147483629 = 7  [101s]
(14, 8, 4, 1, 1)          5   7   5777     7 (=a)    7 (=a)   +0  [609s, maxrss 1.08 GB]
      rank(R) mod 2147483647 = 5015  [67s]
      rank(R) mod 2147483629 = 5015  [67s]
      det mult mod 2147483647 = 7  [68s]
      det mult mod 2147483629 = 7  [67s]
      pad mult mod 2147483647 = 7  [66s]
      pad mult mod 2147483629 = 7  [67s]
(16, 6, 3, 2, 1)          5   7   5022     7 (=a)    7 (=a)   +0  [403s, maxrss 1.08 GB]
      rank(R) mod 2147483647 = 5634  [95s]
      rank(R) mod 2147483629 = 5634  [96s]
      det mult mod 2147483647 = 6  [95s]
      det mult mod 2147483629 = 6  [95s]
      pad mult mod 2147483647 = 6  [95s]
      pad mult mod 2147483629 = 6  [96s]
(13, 10, 2, 2, 1)         5   6   5640     6 (=a)    6 (=a)   +0  [573s, maxrss 1.08 GB]
      rank(R) mod 2147483647 = 5364  [80s]
      rank(R) mod 2147483629 = 5364  [83s]
      det mult mod 2147483647 = 4  [82s]
      det mult mod 2147483629 = 4  [82s]
      pad mult mod 2147483647 = 4  [80s]
      pad mult mod 2147483629 = 4  [79s]
(15, 6, 5, 1, 1)          5   4   5368     4 (=a)    4 (=a)   +0  [487s, maxrss 1.08 GB]

worker bal done: 6 cells ; deferred for memory: -
