#Reduced Groebner basis data
#---
#field characteristic: 1000003
#variable order:       w1, w2, w3, w4, w5, w6, w7, w8, w9, w10, w11, w12, w13, w14, w15, w16, w17, w18, w19, w20, w21, w22, w23, w24, w25, w26, w27, w28, w29, w30
#monomial order:       graded reverse lexicographical
#length of basis:      29 elements sorted by increasing leading monomials
#---
[1*w29^1+638650*w30^1+954826,
1*w28^1+694543*w30^1+698845,
1*w27^1+974654*w30^1+835475,
1*w26^1+727183*w30^1+855044,
1*w25^1+112870*w30^1+963230,
1*w24^1+419687*w30^1+500461,
1*w23^1+872826*w30^1+709902,
1*w22^1+516243*w30^1+421238,
1*w21^1+152564*w30^1+652916,
1*w20^1+489607*w30^1+816892,
1*w19^1+830630*w30^1+675219,
1*w18^1+482619*w30^1+455819,
1*w17^1+845567*w30^1+542718,
1*w16^1+24966*w30^1+237844,
1*w15^1+411060*w30^1+105053,
1*w14^1+968217*w30^1+297407,
1*w13^1+867269*w30^1+429916,
1*w12^1+348451*w30^1+50544,
1*w11^1+112036*w30^1+324013,
1*w10^1+170060*w30^1+401036,
1*w9^1+78474*w30^1+170037,
1*w8^1+755196*w30^1+248362,
1*w7^1+100647*w30^1+310644,
1*w6^1+750844*w30^1+122730,
1*w5^1+543686*w30^1+197100,
1*w4^1+170785*w30^1+952027,
1*w3^1+490350*w30^1+169038,
1*w2^1+571267*w30^1+769891,
1*w1^1+765581*w30^1+607042]:
