#Reduced Groebner basis data
#---
#field characteristic: 32003
#variable order:       w1, w2, w3, w4, w5, w6, w7, w8, w9, w10, w11, w12, w13, w14, w15, w16, w17, w18, w19, w20, w21, w22, w23, w24, w25, w26, w27, w28, w29, w30
#monomial order:       graded reverse lexicographical
#length of basis:      28 elements sorted by increasing leading monomials
#---
[1*w28^1+28323*w29^1+16926*w30^1+4622,
1*w27^1+22409*w29^1+21382*w30^1+1996,
1*w26^1+16290*w29^1+27219*w30^1+16131,
1*w25^1+3735*w29^1+30717*w30^1+2256,
1*w24^1+578*w29^1+27860*w30^1+15146,
1*w23^1+27833*w29^1+17468*w30^1+22168,
1*w22^1+8247*w29^1+137*w30^1+24517,
1*w21^1+11209*w29^1+891*w30^1+27088,
1*w20^1+18609*w29^1+6247*w30^1+1869,
1*w19^1+29886*w29^1+17158*w30^1+28065,
1*w18^1+13690*w29^1+19656*w30^1+10726,
1*w17^1+9043*w29^1+2794*w30^1+11803,
1*w16^1+11392*w29^1+5029*w30^1+4997,
1*w15^1+27873*w29^1+625*w30^1+16410,
1*w14^1+25406*w29^1+17815*w30^1+7968,
1*w13^1+31179*w29^1+20466*w30^1+11944,
1*w12^1+7283*w29^1+24469*w30^1+7586,
1*w11^1+14189*w29^1+14239*w30^1+17886,
1*w10^1+24679*w29^1+28720*w30^1+3526,
1*w9^1+18823*w29^1+30545*w30^1+18922,
1*w8^1+13470*w29^1+23223*w30^1+17735,
1*w7^1+558*w29^1+15068*w30^1+18711,
1*w6^1+11949*w29^1+22622*w30^1+7517,
1*w5^1+7968*w29^1+15603*w30^1+5299,
1*w4^1+18776*w29^1+26181*w30^1+7498,
1*w3^1+11754*w29^1+30120*w30^1+18813,
1*w2^1+15502*w29^1+57*w30^1+3857,
1*w1^1+24424*w29^1+10716*w30^1+11482]:
