#Reduced Groebner basis data
#---
#field characteristic: 32003
#variable order:       w1, w2, w3, w4, w5, w6, w7, w8, w9, w10, w11, w12, w13, w14, w15, w16, w17, w18, w19, w20, w21, w22, w23, w24, w25, w26, w27, w28, w29, w30
#monomial order:       graded reverse lexicographical
#length of basis:      29 elements sorted by increasing leading monomials
#---
[1*w29^1+1399*w30^1+4155,
1*w28^1+6333*w30^1+20703,
1*w27^1+8042*w30^1+2461,
1*w26^1+16870*w30^1+16086,
1*w25^1+28844*w30^1+3700,
1*w24^1+4357*w30^1+9675,
1*w23^1+29003*w30^1+19323,
1*w22^1+11212*w30^1+9497,
1*w21^1+14034*w30^1+30389,
1*w20^1+4277*w30^1+4024,
1*w19^1+1380*w30^1+17837,
1*w18^1+29044*w30^1+18508,
1*w17^1+12103*w30^1+30515,
1*w16^1+29714*w30^1+15236,
1*w15^1+30929*w30^1+8941,
1*w14^1+31483*w30^1+12179,
1*w13^1+16760*w30^1+17526,
1*w12^1+2450*w30^1+24379,
1*w11^1+26701*w30^1+1307,
1*w10^1+20558*w30^1+2770,
1*w9^1+627*w30^1+19976,
1*w8^1+15507*w30^1+8601,
1*w7^1+30462*w30^1+27490,
1*w6^1+18016*w30^1+30216,
1*w5^1+25082*w30^1+12068,
1*w4^1+1661*w30^1+14098,
1*w3^1+30136*w30^1+28773,
1*w2^1+12143*w30^1+29448,
1*w1^1+2486*w30^1+28761]:
