#Reduced Groebner basis data
#---
#field characteristic: 1000003
#variable order:       w1, w2, w3, w4, w5, w6, w7, w8, w9, w10, w11, w12, w13, w14, w15, w16, w17, w18, w19, w20, w21, w22, w23, w24, w25, w26, w27, w28, w29, w30
#monomial order:       graded reverse lexicographical
#length of basis:      29 elements sorted by increasing leading monomials
#---
[1*w29^1+241772*w30^1+130705,
1*w28^1+548922*w30^1+341019,
1*w27^1+188675*w30^1+850025,
1*w26^1+91744*w30^1+646027,
1*w25^1+963577*w30^1+594770,
1*w24^1+329428*w30^1+131205,
1*w23^1+292236*w30^1+255672,
1*w22^1+602184*w30^1+935777,
1*w21^1+646640*w30^1+748269,
1*w20^1+838813*w30^1+84220,
1*w19^1+835123*w30^1+793676,
1*w18^1+292072*w30^1+726796,
1*w17^1+661490*w30^1+282308,
1*w16^1+548412*w30^1+38787,
1*w15^1+459479*w30^1+645214,
1*w14^1+786744*w30^1+246270,
1*w13^1+206167*w30^1+187285,
1*w12^1+70747*w30^1+31304,
1*w11^1+831808*w30^1+546777,
1*w10^1+369055*w30^1+322167,
1*w9^1+184476*w30^1+906593,
1*w8^1+874557*w30^1+194786,
1*w7^1+605070*w30^1+357588,
1*w6^1+715448*w30^1+268308,
1*w5^1+290493*w30^1+941330,
1*w4^1+393270*w30^1+779384,
1*w3^1+223535*w30^1+421304,
1*w2^1+408909*w30^1+588485,
1*w1^1+439948*w30^1+353028]:
