#Reduced Groebner basis data
#---
#field characteristic: 32003
#variable order:       w1, w2, w3, w4, w5, w6, w7, w8, w9, w10, w11, w12, w13, w14, w15, w16, w17, w18, w19, w20, w21, w22, w23, w24, w25, w26, w27, w28, w29, w30
#monomial order:       graded reverse lexicographical
#length of basis:      29 elements sorted by increasing leading monomials
#---
[1*w29^1+25085*w30^1+1352,
1*w28^1+29947*w30^1+8929,
1*w27^1+4570*w30^1+12282,
1*w26^1+23511*w30^1+3053,
1*w25^1+6577*w30^1+13778,
1*w24^1+4144*w30^1+20823,
1*w23^1+8252*w30^1+7628,
1*w22^1+6509*w30^1+20008,
1*w21^1+28325*w30^1+16507,
1*w20^1+23368*w30^1+4215,
1*w19^1+7613*w30^1+731,
1*w18^1+27832*w30^1+2114,
1*w17^1+23137*w30^1+6749,
1*w16^1+3527*w30^1+1600,
1*w15^1+16249*w30^1+30644,
1*w14^1+20149*w30^1+5057,
1*w13^1+28535*w30^1+1662,
1*w12^1+22444*w30^1+13692,
1*w11^1+16820*w30^1+10127,
1*w10^1+25522*w30^1+16676,
1*w9^1+16072*w30^1+8234,
1*w8^1+24332*w30^1+14693,
1*w7^1+16180*w30^1+6570,
1*w6^1+10124*w30^1+7162,
1*w5^1+28272*w30^1+25861,
1*w4^1+722*w30^1+16557,
1*w3^1+3898*w30^1+26088,
1*w2^1+30325*w30^1+4577,
1*w1^1+30112*w30^1+15541]:
