#Reduced Groebner basis data
#---
#field characteristic: 2147483647
#variable order:       w1, w2, w3, w4, w5, w6, w7, w8, w9, w10, w11, w12, w13, w14, w15, w16, w17, w18, w19, w20, w21, w22, w23, w24, w25, w26, w27, w28, w29, w30
#monomial order:       graded reverse lexicographical
#length of basis:      29 elements sorted by increasing leading monomials
#---
[1*w29^1+971701237*w30^1+1747394954,
1*w28^1+1298196970*w30^1+339581296,
1*w27^1+1433277273*w30^1+122446186,
1*w26^1+1125820079*w30^1+1670042780,
1*w25^1+1197254688*w30^1+407559364,
1*w24^1+2049021856*w30^1+1346601676,
1*w23^1+790878086*w30^1+725329203,
1*w22^1+971431370*w30^1+1547087348,
1*w21^1+1921379445*w30^1+738015540,
1*w20^1+1880623339*w30^1+117577919,
1*w19^1+1621912839*w30^1+1035381603,
1*w18^1+193632665*w30^1+1985119490,
1*w17^1+72323703*w30^1+867911438,
1*w16^1+173806040*w30^1+322449567,
1*w15^1+442496234*w30^1+1505898228,
1*w14^1+490186055*w30^1+785645561,
1*w13^1+761888570*w30^1+1582114659,
1*w12^1+496178516*w30^1+661499048,
1*w11^1+1266487739*w30^1+304548492,
1*w10^1+1542438232*w30^1+1448751677,
1*w9^1+326893486*w30^1+245673754,
1*w8^1+1668335184*w30^1+2003022246,
1*w7^1+682706281*w30^1+1904914714,
1*w6^1+814552813*w30^1+1396407946,
1*w5^1+1816998410*w30^1+290278678,
1*w4^1+1360521264*w30^1+135890851,
1*w3^1+171840771*w30^1+432085387,
1*w2^1+1562877992*w30^1+2029216646,
1*w1^1+623929260*w30^1+861543381]:
