#Reduced Groebner basis data
#---
#field characteristic: 2147483647
#variable order:       w1, w2, w3, w4, w5, w6, w7, w8, w9, w10, w11, w12, w13, w14, w15, w16, w17, w18, w19, w20, w21, w22, w23, w24, w25, w26, w27, w28, w29, w30
#monomial order:       graded reverse lexicographical
#length of basis:      29 elements sorted by increasing leading monomials
#---
[1*w29^1+1293512312*w30^1+752515505,
1*w28^1+1433270259*w30^1+894565249,
1*w27^1+53871044*w30^1+562140382,
1*w26^1+1936582866*w30^1+1975139128,
1*w25^1+1258635673*w30^1+518933274,
1*w24^1+1248403140*w30^1+242047239,
1*w23^1+1611839877*w30^1+982334854,
1*w22^1+948632565*w30^1+1527742672,
1*w21^1+1187781883*w30^1+1055918570,
1*w20^1+591316551*w30^1+173320008,
1*w19^1+177195234*w30^1+757679139,
1*w18^1+104480930*w30^1+863113712,
1*w17^1+1626568970*w30^1+687950304,
1*w16^1+1226801183*w30^1+330333414,
1*w15^1+185216474*w30^1+1838287309,
1*w14^1+405353964*w30^1+418691134,
1*w13^1+1350517692*w30^1+1210982102,
1*w12^1+2029383378*w30^1+724409262,
1*w11^1+1029926277*w30^1+1026349086,
1*w10^1+2093429164*w30^1+692893653,
1*w9^1+1319198444*w30^1+1620279243,
1*w8^1+1177707898*w30^1+1031416246,
1*w7^1+1170714825*w30^1+29591008,
1*w6^1+1512839976*w30^1+225820822,
1*w5^1+1569156386*w30^1+1735591711,
1*w4^1+863362240*w30^1+1017497103,
1*w3^1+1825841977*w30^1+1427084898,
1*w2^1+976774627*w30^1+480038087,
1*w1^1+16681276*w30^1+2085910694]:
