    ...120 weights scanned, 87 kept
    ...240 weights scanned, 204 kept
    ...480 weights scanned, 440 kept
    ...600 weights scanned, 560 kept
    ...720 weights scanned, 680 kept
    ...840 weights scanned, 800 kept
    ...960 weights scanned, 920 kept
    ...1080 weights scanned, 1040 kept
  [mdet-xcheck] batched == ambient_screen.m_det on 6 cells OK
delta=10  ell=5  |lam|=40 : 1075 cells with a>=1 ; max a = 1421
  cells with a > m_det (occurrence bite): 0
  tightest margins (m_det - a; smaller = closer to firing):
      lam=(32, 2, 2, 2, 2)             a=1    m_det=8     margin=7
      lam=(31, 3, 2, 2, 2)             a=1    m_det=15    margin=14
      lam=(31, 4, 2, 2, 1)             a=1    m_det=28    margin=27
      lam=(29, 7, 2, 1, 1)             a=1    m_det=38    margin=37
      lam=(30, 4, 2, 2, 2)             a=3    m_det=47    margin=44
      lam=(30, 5, 3, 1, 1)             a=1    m_det=45    margin=44
      lam=(28, 8, 2, 1, 1)             a=1    m_det=47    margin=46
      lam=(19, 17, 2, 1, 1)            a=3    m_det=52    margin=49
  [1097s, |W-support|=31177]
wrote results/screen_d10_12.csv
    ...120 weights scanned, 87 kept
    ...240 weights scanned, 204 kept
    ...480 weights scanned, 440 kept
    ...600 weights scanned, 559 kept
    ...720 weights scanned, 678 kept
    ...840 weights scanned, 798 kept
    ...960 weights scanned, 918 kept
    ...1080 weights scanned, 1038 kept
    ...1200 weights scanned, 1158 kept
