=== n=4 m=3 delta=1 : lam |- 4 ; EXHAUSTIVE over all lam
    ambient constituents of Sym^1(Sym^4 C^16) : 1
    of those with ell(lam) <= 10 and m_perpad > 0 (LIVE): 1
    lam                          amb  m_det  m_perpad    P
    (4,)                           1      1         1     0
    of the live weights, P <= 0 (screen passes): 1
      *** (4,) : amb=1 m_det=1 m_perpad=1 -> mult_B <= 1;
          an obstruction needs mult_A = 0 < mult_B, i.e. an
          OCCURRENCE obstruction (m_det = 1 so def_det would be full).
    [0s]
=== n=4 m=3 delta=2 : lam |- 8 ; EXHAUSTIVE over all lam
    ambient constituents of Sym^2(Sym^4 C^16) : 3
    of those with ell(lam) <= 10 and m_perpad > 0 (LIVE): 3
    lam                          amb  m_det  m_perpad    P
    (4, 4)                         1      1         5     4
    (6, 2)                         1      1         9     8
    (8,)                           1      1         3     2
    of the live weights, P <= 0 (screen passes): 0
    [3s]
=== n=4 m=3 delta=3 : lam |- 12 ; EXHAUSTIVE over all lam
    ambient constituents of Sym^3(Sym^4 C^16) : 9
    of those with ell(lam) <= 10 and m_perpad > 0 (LIVE): 9
    lam                          amb  m_det  m_perpad    P
    (4, 4, 4)                      1      2        18    16
    (6, 4, 2)                      1      2       142   140
    (6, 6)                         1      1        18    17
    (7, 4, 1)                      1      1       111   110
    (8, 2, 2)                      1      2        64    62
    (8, 4)                         1      1        50    49
    (9, 3)                         1      1        43    42
    (10, 2)                        1      1        25    24
    (12,)                          1      1         5     4
    of the live weights, P <= 0 (screen passes): 0
    [373s]
