STEP 2.  Same ambient Sym^3 C^9, no padding: det_3 against per_3.
mult <= min(m, ambient); the ambient plethysm is 0/1 in this range, so
def is pinned exactly wherever the ambient vanishes.

delta = 1   (1 partitions, 0.0s)
   lam                m_det  m_per  ambient   P=m_per-m_det   def_det  def_per
   (3,)                   1      1        1              0       0|1      0|1
   sum m_det = 1 , sum m_per = 1 , sum ambient = 1
   => total deficit det = 0 (if every ambient piece survives)
   => total deficit per = 0 (same proviso)
   weights with m_per < m_det (screen passes here): NONE
   two-route check: Jacobi-Trudi == Schur-Weyl on 2 sampled weights

delta = 2   (7 partitions, 0.9s)
   lam                m_det  m_per  ambient   P=m_per-m_det   def_det  def_per
   (6,)                   1      3        1              2       0|1      2|3
   (5, 1)                 0      1        0              1         0        1
   (4, 2)                 1      5        1              4       0|1      4|5
   (3, 2, 1)              0      2        0              2         0        2
   (3, 1, 1, 1)           0      1        0              1         0        1
   (2, 2, 2)              1      4        0              3         1        4
   (2, 1, 1, 1, 1)        0      1        0              1         0        1
   sum m_det = 3 , sum m_per = 17 , sum ambient = 2
   => total deficit det = 1 (if every ambient piece survives)
   => total deficit per = 15 (same proviso)
   weights with m_per < m_det (screen passes here): NONE
   two-route check: Jacobi-Trudi == Schur-Weyl on 6 sampled weights

delta = 3   (27 partitions, 41.8s)
   lam                m_det  m_per  ambient   P=m_per-m_det   def_det  def_per
   (9,)                   1      5        1              4       0|1      4|5
   (8, 1)                 0      5        0              5         0        5
   (7, 2)                 1     15        1             14       0|1    14|15
   (7, 1, 1)              0      4        0              4         0        4
   (6, 3)                 1     18        1             17       0|1    17|18
   (6, 2, 1)              0     21        0             21         0       21
   (6, 1, 1, 1)           0      5        0              5         0        5
   (5, 4)                 0     12        0             12         0       12
   (5, 3, 1)              0     23        0             23         0       23
   (5, 2, 2)              2     28        1             26       1|2    27|28
   (5, 2, 1, 1)           0     19        0             19         0       19
   (5, 1, 1, 1, 1)        0      7        0              7         0        7
   (4, 4, 1)              1     18        1             17       0|1    17|18
   (4, 3, 2)              0     22        0             22         0       22
   (4, 3, 1, 1)           0     20        0             20         0       20
   (4, 2, 2, 1)           1     24        0             23         1       24
   (4, 2, 1, 1, 1)        0     12        0             12         0       12
   (4, 1, 1, 1, 1, 1)     1      5        0              4         1        5
   (3, 3, 3)              0      3        0              3         0        3
   (3, 3, 2, 1)           0     14        0             14         0       14
   (3, 3, 1, 1, 1)        1     11        0             10         1       11
   (3, 2, 2, 2)           1     10        0              9         1       10
   (3, 2, 2, 1, 1)        0      7        0              7         0        7
   (3, 2, 1, 1, 1, 1)     0      5        0              5         0        5
   (2, 2, 2, 2, 1)        0      3        0              3         0        3
   (2, 2, 2, 1, 1, 1)     0      1        0              1         0        1
   (2, 2, 1, 1, 1, 1, 1)     1      1        0              0         1        1
   sum m_det = 11 , sum m_per = 318 , sum ambient = 5
   => total deficit det = 6 (if every ambient piece survives)
   => total deficit per = 313 (same proviso)
   weights with m_per < m_det (screen passes here): NONE
   two-route check: Jacobi-Trudi == Schur-Weyl on 6 sampled weights

delta = 4   (68 partitions, 1451.4s)
   lam                m_det  m_per  ambient   P=m_per-m_det   def_det  def_per
   (12,)                  1      9        1              8       0|1      8|9
   (11, 1)                0     12        0             12         0       12
   (10, 2)                1     42        1             41       0|1    41|42
   (10, 1, 1)             0     13        0             13         0       13
   (9, 3)                 1     60        1             59       0|1    59|60
   (9, 2, 1)              0     76        0             76         0       76
   (9, 1, 1, 1)           0     20        0             20         0       20
   (8, 4)                 1     87        1             86       0|1    86|87
   (8, 3, 1)              0    140        0            140         0      140
   (8, 2, 2)              2    118        1            116       1|2  117|118
   (8, 2, 1, 1)           0     90        0             90         0       90
   (8, 1, 1, 1, 1)        0     27        0             27         0       27
   (7, 5)                 0     60        0             60         0       60
   (7, 4, 1)              1    193        1            192       0|1  192|193
   (7, 3, 2)              1    206        1            205       0|1  205|206
   (7, 3, 1, 1)           0    188        0            188         0      188
   (7, 2, 2, 1)           1    157        0            156         1      157
   (7, 2, 1, 1, 1)        0     82        0             82         0       82
   (7, 1, 1, 1, 1, 1)     1     18        0             17         1       18
   (6, 6)                 1     40        1             39       0|1    39|40
   (6, 5, 1)              0    129        0            129         0      129
   (6, 4, 2)              2    268        1            266       1|2  267|268
   (6, 4, 1, 1)           0    196        0            196         0      196
   (6, 3, 3)              0    108        0            108         0      108
   (6, 3, 2, 1)           1    319        0            318         1      319
   (6, 3, 1, 1, 1)        1    151        0            150         1      151
   (6, 2, 2, 2)           3    114        1            111       2|3  113|114
   (6, 2, 2, 1, 1)        0    106        0            106         0      106
   (6, 2, 1, 1, 1, 1)     1     48        0             47         1       48
   (6, 1, 1, 1, 1, 1, 1)     0      3        0              3         0        3
   (5, 5, 2)              0     95        0             95         0       95
   (5, 5, 1, 1)           0     98        0             98         0       98
   (5, 4, 3)              0    140        0            140         0      140
   (5, 4, 2, 1)           2    292        1            290       1|2  291|292
   (5, 4, 1, 1, 1)        0    118        0            118         0      118
   (5, 3, 3, 1)           0    175        0            175         0      175
   (5, 3, 2, 2)           1    164        0            163         1      164
   (5, 3, 2, 1, 1)        2    224        0            222         2      224
   (5, 3, 1, 1, 1, 1)     1     65        0             64         1       65
   (5, 2, 2, 2, 1)        1     82        0             81         1       82
   (5, 2, 2, 1, 1, 1)     0     51        0             51         0       51
   (5, 2, 1, 1, 1, 1, 1)     1     14        0             13         1       14
   (4, 4, 4)              2     48        1             46       1|2    47|48
   (4, 4, 3, 1)           0    115        0            115         0      115
   (4, 4, 2, 2)           2    113        0            111         2      113
   (4, 4, 2, 1, 1)        0    104        0            104         0      104
   (4, 4, 1, 1, 1, 1)     1     36        0             35         1       36
   (4, 3, 3, 2)           0     78        0             78         0       78
   (4, 3, 3, 1, 1)        1    108        0            107         1      108
   (4, 3, 2, 2, 1)        1    116        0            115         1      116
   (4, 3, 2, 1, 1, 1)     1     74        0             73         1       74
   (4, 3, 1, 1, 1, 1, 1)     1     14        0             13         1       14
   (4, 2, 2, 2, 2)        2     35        0             33         2       35
   (4, 2, 2, 2, 1, 1)     0     26        0             26         0       26
   (4, 2, 2, 1, 1, 1, 1)     1     17        0             16         1       17
   (4, 2, 1, 1, 1, 1, 1, 1)     0      1        0              1         0        1
   (3, 3, 3, 3)           0     13        0             13         0       13
   (3, 3, 3, 2, 1)        0     35        0             35         0       35
   (3, 3, 3, 1, 1, 1)     1     23        0             22         1       23
   (3, 3, 2, 2, 2)        0     13        0             13         0       13
   (3, 3, 2, 2, 1, 1)     1     31        0             30         1       31
   (3, 3, 2, 1, 1, 1, 1)     0      9        0              9         0        9
   (3, 3, 1, 1, 1, 1, 1, 1)     0      1        0              1         0        1
   (3, 2, 2, 2, 2, 1)     0      9        0              9         0        9
   (3, 2, 2, 2, 1, 1, 1)     0      6        0              6         0        6
   (3, 2, 2, 1, 1, 1, 1, 1)     1      3        0              2         1        3
   (2, 2, 2, 2, 2, 2)     1      4        0              3         1        4
   (2, 2, 2, 2, 1, 1, 1, 1)     0      1        0              1         0        1
   sum m_det = 43 , sum m_per = 5631 , sum ambient = 12
   => total deficit det = 31 (if every ambient piece survives)
   => total deficit per = 5619 (same proviso)
   weights with m_per < m_det (screen passes here): NONE
   two-route check: Jacobi-Trudi == Schur-Weyl on 6 sampled weights

